2026-04-12 13:13:22,440 - INFO - **********Starting experiment for 07_Melanoma.arff with algorithm**********
2026-04-12 13:13:22,446 - INFO - *******GROWING CR RULE*******
2026-04-12 13:13:23,103 - INFO - Iteracja 0: condition_best: thick <= 3.38, quality_best: 1.0, coverage_best: (p=145, n=0, P=205, N=0)
2026-04-12 13:13:23,108 - INFO - Regula po iteracji 0: IF thick <= 3.38 THEN survival_status = {nan}, (p=145, n=0, P=205, N=0)
2026-04-12 13:13:23,108 - INFO - *****GROWING RR RULE*****
2026-04-12 13:13:24,747 - INFO - Iteracja 0: condition_best: None, quality_best: -inf, coverage_best: (p=0, n=0, P=0, N=0), p_value: 0
2026-04-12 13:13:24,750 - INFO - Regula po iteracji 0: IF  THEN survival_status = {nan}, (p=205, n=0, P=205, N=0)
2026-04-12 13:13:24,750 - INFO - *****STOP GROWING RR RULE*****
2026-04-12 13:13:24,750 - INFO - ***RR NOT FOUND***
2026-04-12 13:13:25,262 - INFO - Iteracja 1: condition_best: age <= 70.50, quality_best: 1.0, coverage_best: (p=132, n=0, P=205, N=0)
2026-04-12 13:13:25,266 - INFO - Regula po iteracji 1: IF thick <= 3.38 AND age <= 70.50 THEN survival_status = {inf}, (p=132, n=0, P=205, N=0)
2026-04-12 13:13:25,266 - INFO - *****GROWING RR RULE*****
2026-04-12 13:13:26,860 - INFO - Iteracja 0: condition_best: None, quality_best: -inf, coverage_best: (p=0, n=0, P=0, N=0), p_value: 0
2026-04-12 13:13:26,863 - INFO - Regula po iteracji 0: IF  THEN survival_status = {nan}, (p=205, n=0, P=205, N=0)
2026-04-12 13:13:26,863 - INFO - *****STOP GROWING RR RULE*****
2026-04-12 13:13:26,863 - INFO - ***RR NOT FOUND***
2026-04-12 13:13:27,335 - INFO - Iteracja 2: condition_best: age >= 14.50, quality_best: 1.0, coverage_best: (p=130, n=0, P=205, N=0)
2026-04-12 13:13:27,339 - INFO - Regula po iteracji 2: IF thick <= 3.38 AND age <= 70.50 AND age >= 14.50 THEN survival_status = {inf}, (p=130, n=0, P=205, N=0)
2026-04-12 13:13:27,339 - INFO - *****GROWING RR RULE*****
2026-04-12 13:13:28,925 - INFO - Iteracja 0: condition_best: None, quality_best: -inf, coverage_best: (p=0, n=0, P=0, N=0), p_value: 0
2026-04-12 13:13:28,929 - INFO - Regula po iteracji 0: IF  THEN survival_status = {nan}, (p=205, n=0, P=205, N=0)
2026-04-12 13:13:28,929 - INFO - *****STOP GROWING RR RULE*****
2026-04-12 13:13:28,929 - INFO - ***RR NOT FOUND***
2026-04-12 13:13:29,390 - INFO - Iteracja 3: condition_best: age >= 17.00, quality_best: 1.0, coverage_best: (p=129, n=0, P=205, N=0)
2026-04-12 13:13:29,394 - INFO - Regula po iteracji 3: IF thick <= 3.38 AND age <= 70.50 AND age >= 14.50 AND age >= 17.00 THEN survival_status = {inf}, (p=129, n=0, P=205, N=0)
2026-04-12 13:13:29,394 - INFO - *****GROWING RR RULE*****
2026-04-12 13:13:30,982 - INFO - Iteracja 0: condition_best: None, quality_best: -inf, coverage_best: (p=0, n=0, P=0, N=0), p_value: 0
2026-04-12 13:13:30,985 - INFO - Regula po iteracji 0: IF  THEN survival_status = {nan}, (p=205, n=0, P=205, N=0)
2026-04-12 13:13:30,985 - INFO - *****STOP GROWING RR RULE*****
2026-04-12 13:13:30,985 - INFO - ***RR NOT FOUND***
2026-04-12 13:13:31,451 - INFO - Iteracja 4: condition_best: thick >= 0.13, quality_best: 1.0, coverage_best: (p=128, n=0, P=205, N=0)
2026-04-12 13:13:31,455 - INFO - Regula po iteracji 4: IF thick <= 3.38 AND age <= 70.50 AND age >= 14.50 AND age >= 17.00 AND thick >= 0.13 THEN survival_status = {inf}, (p=128, n=0, P=205, N=0)
2026-04-12 13:13:31,456 - INFO - *****GROWING RR RULE*****
2026-04-12 13:13:33,042 - INFO - Iteracja 0: condition_best: None, quality_best: -inf, coverage_best: (p=0, n=0, P=0, N=0), p_value: 0
2026-04-12 13:13:33,045 - INFO - Regula po iteracji 0: IF  THEN survival_status = {nan}, (p=205, n=0, P=205, N=0)
2026-04-12 13:13:33,045 - INFO - *****STOP GROWING RR RULE*****
2026-04-12 13:13:33,045 - INFO - ***RR NOT FOUND***
2026-04-12 13:13:33,045 - INFO - *******STOP GROWING CR RULE*******
2026-04-12 13:13:33,057 - INFO - *******GROWING CR RULE*******
2026-04-12 13:13:33,583 - INFO - Iteracja 0: condition_best: thick <= 3.38, quality_best: 1.0, coverage_best: (p=145, n=0, P=205, N=0)
2026-04-12 13:13:33,587 - INFO - Regula po iteracji 0: IF thick <= 3.38 THEN survival_status = {nan}, (p=145, n=0, P=205, N=0)
2026-04-12 13:13:33,587 - INFO - *****GROWING RR RULE*****
2026-04-12 13:13:35,229 - INFO - Iteracja 0: condition_best: None, quality_best: -inf, coverage_best: (p=0, n=0, P=0, N=0), p_value: 0
2026-04-12 13:13:35,233 - INFO - Regula po iteracji 0: IF  THEN survival_status = {nan}, (p=205, n=0, P=205, N=0)
2026-04-12 13:13:35,233 - INFO - *****STOP GROWING RR RULE*****
2026-04-12 13:13:35,233 - INFO - ***RR NOT FOUND***
2026-04-12 13:13:35,653 - INFO - Iteracja 1: condition_best: age <= 74.50, quality_best: 1.0, coverage_best: (p=137, n=0, P=205, N=0)
2026-04-12 13:13:35,657 - INFO - Regula po iteracji 1: IF thick <= 3.38 AND age <= 74.50 THEN survival_status = {inf}, (p=137, n=0, P=205, N=0)
2026-04-12 13:13:35,657 - INFO - *****GROWING RR RULE*****
2026-04-12 13:13:37,273 - INFO - Iteracja 0: condition_best: None, quality_best: -inf, coverage_best: (p=0, n=0, P=0, N=0), p_value: 0
2026-04-12 13:13:37,277 - INFO - Regula po iteracji 0: IF  THEN survival_status = {nan}, (p=205, n=0, P=205, N=0)
2026-04-12 13:13:37,277 - INFO - *****STOP GROWING RR RULE*****
2026-04-12 13:13:37,277 - INFO - ***RR NOT FOUND***
2026-04-12 13:13:37,684 - INFO - Iteracja 2: condition_best: age >= 14.50, quality_best: 1.0, coverage_best: (p=135, n=0, P=205, N=0)
2026-04-12 13:13:37,688 - INFO - Regula po iteracji 2: IF thick <= 3.38 AND age <= 74.50 AND age >= 14.50 THEN survival_status = {inf}, (p=135, n=0, P=205, N=0)
2026-04-12 13:13:37,688 - INFO - *****GROWING RR RULE*****
2026-04-12 13:13:39,293 - INFO - Iteracja 0: condition_best: None, quality_best: -inf, coverage_best: (p=0, n=0, P=0, N=0), p_value: 0
2026-04-12 13:13:39,296 - INFO - Regula po iteracji 0: IF  THEN survival_status = {nan}, (p=205, n=0, P=205, N=0)
2026-04-12 13:13:39,296 - INFO - *****STOP GROWING RR RULE*****
2026-04-12 13:13:39,296 - INFO - ***RR NOT FOUND***
2026-04-12 13:13:39,699 - INFO - Iteracja 3: condition_best: age >= 17.00, quality_best: 1.0, coverage_best: (p=134, n=0, P=205, N=0)
2026-04-12 13:13:39,703 - INFO - Regula po iteracji 3: IF thick <= 3.38 AND age <= 74.50 AND age >= 14.50 AND age >= 17.00 THEN survival_status = {inf}, (p=134, n=0, P=205, N=0)
2026-04-12 13:13:39,703 - INFO - *****GROWING RR RULE*****
2026-04-12 13:13:41,306 - INFO - Iteracja 0: condition_best: None, quality_best: -inf, coverage_best: (p=0, n=0, P=0, N=0), p_value: 0
2026-04-12 13:13:41,309 - INFO - Regula po iteracji 0: IF  THEN survival_status = {nan}, (p=205, n=0, P=205, N=0)
2026-04-12 13:13:41,309 - INFO - *****STOP GROWING RR RULE*****
2026-04-12 13:13:41,309 - INFO - ***RR NOT FOUND***
2026-04-12 13:13:41,714 - INFO - Iteracja 4: condition_best: thick >= 0.13, quality_best: 1.0, coverage_best: (p=133, n=0, P=205, N=0)
2026-04-12 13:13:41,718 - INFO - Regula po iteracji 4: IF thick <= 3.38 AND age <= 74.50 AND age >= 14.50 AND age >= 17.00 AND thick >= 0.13 THEN survival_status = {inf}, (p=133, n=0, P=205, N=0)
2026-04-12 13:13:41,718 - INFO - *****GROWING RR RULE*****
2026-04-12 13:13:43,318 - INFO - Iteracja 0: condition_best: None, quality_best: -inf, coverage_best: (p=0, n=0, P=0, N=0), p_value: 0
2026-04-12 13:13:43,321 - INFO - Regula po iteracji 0: IF  THEN survival_status = {nan}, (p=205, n=0, P=205, N=0)
2026-04-12 13:13:43,321 - INFO - *****STOP GROWING RR RULE*****
2026-04-12 13:13:43,321 - INFO - ***RR NOT FOUND***
2026-04-12 13:13:43,321 - INFO - *******STOP GROWING CR RULE*******
2026-04-12 13:13:43,332 - INFO - *******GROWING CR RULE*******
2026-04-12 13:13:43,853 - INFO - Iteracja 0: condition_best: thick <= 3.38, quality_best: 1.0, coverage_best: (p=145, n=0, P=205, N=0)
2026-04-12 13:13:43,857 - INFO - Regula po iteracji 0: IF thick <= 3.38 THEN survival_status = {nan}, (p=145, n=0, P=205, N=0)
2026-04-12 13:13:43,857 - INFO - *****GROWING RR RULE*****
2026-04-12 13:13:45,501 - INFO - Iteracja 0: condition_best: None, quality_best: -inf, coverage_best: (p=0, n=0, P=0, N=0), p_value: 0
2026-04-12 13:13:45,505 - INFO - Regula po iteracji 0: IF  THEN survival_status = {nan}, (p=205, n=0, P=205, N=0)
2026-04-12 13:13:45,505 - INFO - *****STOP GROWING RR RULE*****
2026-04-12 13:13:45,505 - INFO - ***RR NOT FOUND***
2026-04-12 13:13:45,923 - INFO - Iteracja 1: condition_best: age <= 76.50, quality_best: 1.0, coverage_best: (p=140, n=0, P=205, N=0)
2026-04-12 13:13:45,927 - INFO - Regula po iteracji 1: IF thick <= 3.38 AND age <= 76.50 THEN survival_status = {inf}, (p=140, n=0, P=205, N=0)
2026-04-12 13:13:45,927 - INFO - *****GROWING RR RULE*****
2026-04-12 13:13:47,559 - INFO - Iteracja 0: condition_best: None, quality_best: -inf, coverage_best: (p=0, n=0, P=0, N=0), p_value: 0
2026-04-12 13:13:47,562 - INFO - Regula po iteracji 0: IF  THEN survival_status = {nan}, (p=205, n=0, P=205, N=0)
2026-04-12 13:13:47,562 - INFO - *****STOP GROWING RR RULE*****
2026-04-12 13:13:47,562 - INFO - ***RR NOT FOUND***
2026-04-12 13:13:47,976 - INFO - Iteracja 2: condition_best: thick >= 0.13, quality_best: 1.0, coverage_best: (p=139, n=0, P=205, N=0)
2026-04-12 13:13:47,980 - INFO - Regula po iteracji 2: IF thick <= 3.38 AND age <= 76.50 AND thick >= 0.13 THEN survival_status = {inf}, (p=139, n=0, P=205, N=0)
2026-04-12 13:13:47,980 - INFO - *****GROWING RR RULE*****
2026-04-12 13:13:49,604 - INFO - Iteracja 0: condition_best: None, quality_best: -inf, coverage_best: (p=0, n=0, P=0, N=0), p_value: 0
2026-04-12 13:13:49,607 - INFO - Regula po iteracji 0: IF  THEN survival_status = {nan}, (p=205, n=0, P=205, N=0)
2026-04-12 13:13:49,607 - INFO - *****STOP GROWING RR RULE*****
2026-04-12 13:13:49,607 - INFO - ***RR NOT FOUND***
2026-04-12 13:13:50,024 - INFO - Iteracja 3: condition_best: thick >= 0.20, quality_best: 1.0, coverage_best: (p=133, n=0, P=205, N=0)
2026-04-12 13:13:50,028 - INFO - Regula po iteracji 3: IF thick <= 3.38 AND age <= 76.50 AND thick >= 0.13 AND thick >= 0.20 THEN survival_status = {inf}, (p=133, n=0, P=205, N=0)
2026-04-12 13:13:50,028 - INFO - *****GROWING RR RULE*****
2026-04-12 13:13:51,636 - INFO - Iteracja 0: condition_best: None, quality_best: -inf, coverage_best: (p=0, n=0, P=0, N=0), p_value: 0
2026-04-12 13:13:51,639 - INFO - Regula po iteracji 0: IF  THEN survival_status = {nan}, (p=205, n=0, P=205, N=0)
2026-04-12 13:13:51,639 - INFO - *****STOP GROWING RR RULE*****
2026-04-12 13:13:51,639 - INFO - ***RR NOT FOUND***
2026-04-12 13:13:52,060 - INFO - Iteracja 4: condition_best: thick >= 0.28, quality_best: 1.0, coverage_best: (p=132, n=0, P=205, N=0)
2026-04-12 13:13:52,064 - INFO - Regula po iteracji 4: IF thick <= 3.38 AND age <= 76.50 AND thick >= 0.13 AND thick >= 0.20 AND thick >= 0.28 THEN survival_status = {inf}, (p=132, n=0, P=205, N=0)
2026-04-12 13:13:52,065 - INFO - *****GROWING RR RULE*****
2026-04-12 13:13:53,670 - INFO - Iteracja 0: condition_best: None, quality_best: -inf, coverage_best: (p=0, n=0, P=0, N=0), p_value: 0
2026-04-12 13:13:53,673 - INFO - Regula po iteracji 0: IF  THEN survival_status = {nan}, (p=205, n=0, P=205, N=0)
2026-04-12 13:13:53,673 - INFO - *****STOP GROWING RR RULE*****
2026-04-12 13:13:53,673 - INFO - ***RR NOT FOUND***
2026-04-12 13:13:53,673 - INFO - *******STOP GROWING CR RULE*******
2026-04-12 13:13:53,683 - INFO - *******GROWING CR RULE*******
2026-04-12 13:13:54,198 - INFO - Iteracja 0: condition_best: thick <= 3.38, quality_best: 1.0, coverage_best: (p=145, n=0, P=205, N=0)
2026-04-12 13:13:54,202 - INFO - Regula po iteracji 0: IF thick <= 3.38 THEN survival_status = {nan}, (p=145, n=0, P=205, N=0)
2026-04-12 13:13:54,202 - INFO - *****GROWING RR RULE*****
2026-04-12 13:13:55,845 - INFO - Iteracja 0: condition_best: None, quality_best: -inf, coverage_best: (p=0, n=0, P=0, N=0), p_value: 0
2026-04-12 13:13:55,849 - INFO - Regula po iteracji 0: IF  THEN survival_status = {nan}, (p=205, n=0, P=205, N=0)
2026-04-12 13:13:55,849 - INFO - *****STOP GROWING RR RULE*****
2026-04-12 13:13:55,849 - INFO - ***RR NOT FOUND***
2026-04-12 13:13:56,262 - INFO - Iteracja 1: condition_best: age >= 14.50, quality_best: 1.0, coverage_best: (p=143, n=0, P=205, N=0)
2026-04-12 13:13:56,266 - INFO - Regula po iteracji 1: IF thick <= 3.38 AND age >= 14.50 THEN survival_status = {inf}, (p=143, n=0, P=205, N=0)
2026-04-12 13:13:56,266 - INFO - *****GROWING RR RULE*****
2026-04-12 13:13:57,901 - INFO - Iteracja 0: condition_best: age <= 55.50, quality_best: 0.999, coverage_best: (p=110, n=0, P=205, N=0), p_value: 0.817
2026-04-12 13:13:57,905 - INFO - Regula po iteracji 0: IF age <= 55.50 THEN survival_status = {nan}, (p=110, n=0, P=205, N=0)
2026-04-12 13:13:58,926 - INFO - Iteracja 1: condition_best: thick <= 12.16, quality_best: 0.999, coverage_best: (p=108, n=0, P=205, N=0), p_value: 0.881
2026-04-12 13:13:58,930 - INFO - Regula po iteracji 1: IF age <= 55.50 AND thick <= 12.16 THEN survival_status = {inf}, (p=108, n=0, P=205, N=0)
2026-04-12 13:13:59,947 - INFO - Iteracja 2: condition_best: None, quality_best: -inf, coverage_best: (p=0, n=0, P=0, N=0), p_value: 0.881
2026-04-12 13:13:59,951 - INFO - Regula po iteracji 2: IF age <= 55.50 AND thick <= 12.16 THEN survival_status = {inf}, (p=108, n=0, P=205, N=0)
2026-04-12 13:13:59,951 - INFO - *****STOP GROWING RR RULE*****
2026-04-12 13:13:59,951 - INFO - ***RR FOUND***
2026-04-12 13:13:59,951 - INFO - Reference rule: IF age <= 55.50 AND thick <= 12.16 THEN survival_status = {inf}
2026-04-12 13:13:59,952 - INFO - ***CHECKING EXCEPTION***
2026-04-12 13:13:59,954 - INFO - ER vs CR p_value: 0.04917277375357143
2026-04-12 13:13:59,954 - INFO - ER vs RR p_value: 0.04938502616646412
2026-04-12 13:13:59,968 - INFO - ***ER FOUND***
2026-04-12 13:13:59,968 - INFO - Exception rule: IF thick <= 3.38 AND age >= 14.50 AND age <= 55.50 AND thick <= 12.16 THEN survival_status = {inf} (p=79, n=0, P=205, N=0)
2026-04-12 13:13:59,968 - INFO - *******STOP GROWING CR RULE*******
2026-04-12 13:13:59,973 - INFO - *******GROWING CR RULE*******
2026-04-12 13:14:00,484 - INFO - Iteracja 0: condition_best: thick >= 3.38, quality_best: 1.0, coverage_best: (p=60, n=0, P=205, N=0)
2026-04-12 13:14:00,489 - INFO - Regula po iteracji 0: IF thick >= 3.38 THEN survival_status = {nan}, (p=60, n=0, P=205, N=0)
2026-04-12 13:14:00,489 - INFO - *****GROWING RR RULE*****
2026-04-12 13:14:01,913 - INFO - Iteracja 0: condition_best: None, quality_best: -inf, coverage_best: (p=0, n=0, P=0, N=0), p_value: 0
2026-04-12 13:14:01,916 - INFO - Regula po iteracji 0: IF  THEN survival_status = {nan}, (p=205, n=0, P=205, N=0)
2026-04-12 13:14:01,916 - INFO - *****STOP GROWING RR RULE*****
2026-04-12 13:14:01,916 - INFO - ***RR NOT FOUND***
2026-04-12 13:14:02,236 - INFO - Iteracja 1: condition_best: ulcer = {present}, quality_best: 1.0, coverage_best: (p=47, n=0, P=205, N=0)
2026-04-12 13:14:02,240 - INFO - Regula po iteracji 1: IF thick >= 3.38 AND ulcer = {present} THEN survival_status = {1506.0}, (p=47, n=0, P=205, N=0)
2026-04-12 13:14:02,240 - INFO - *****GROWING RR RULE*****
2026-04-12 13:14:03,630 - INFO - Iteracja 0: condition_best: None, quality_best: -inf, coverage_best: (p=0, n=0, P=0, N=0), p_value: 0
2026-04-12 13:14:03,633 - INFO - Regula po iteracji 0: IF  THEN survival_status = {nan}, (p=205, n=0, P=205, N=0)
2026-04-12 13:14:03,633 - INFO - *****STOP GROWING RR RULE*****
2026-04-12 13:14:03,633 - INFO - ***RR NOT FOUND***
2026-04-12 13:14:03,921 - INFO - Iteracja 2: condition_best: age >= 42.50, quality_best: 1.0, coverage_best: (p=39, n=0, P=205, N=0)
2026-04-12 13:14:03,925 - INFO - Regula po iteracji 2: IF thick >= 3.38 AND ulcer = {present} AND age >= 42.50 THEN survival_status = {1252.0}, (p=39, n=0, P=205, N=0)
2026-04-12 13:14:03,925 - INFO - *****GROWING RR RULE*****
2026-04-12 13:14:05,281 - INFO - Iteracja 0: condition_best: None, quality_best: -inf, coverage_best: (p=0, n=0, P=0, N=0), p_value: 0
2026-04-12 13:14:05,284 - INFO - Regula po iteracji 0: IF  THEN survival_status = {nan}, (p=205, n=0, P=205, N=0)
2026-04-12 13:14:05,284 - INFO - *****STOP GROWING RR RULE*****
2026-04-12 13:14:05,284 - INFO - ***RR NOT FOUND***
2026-04-12 13:14:05,527 - INFO - Iteracja 3: condition_best: ici >= 1.50, quality_best: 1.0, coverage_best: (p=32, n=0, P=205, N=0)
2026-04-12 13:14:05,531 - INFO - Regula po iteracji 3: IF thick >= 3.38 AND ulcer = {present} AND age >= 42.50 AND ici >= 1.50 THEN survival_status = {1075.0}, (p=32, n=0, P=205, N=0)
2026-04-12 13:14:05,531 - INFO - *****GROWING RR RULE*****
2026-04-12 13:14:06,864 - INFO - Iteracja 0: condition_best: None, quality_best: -inf, coverage_best: (p=0, n=0, P=0, N=0), p_value: 0
2026-04-12 13:14:06,867 - INFO - Regula po iteracji 0: IF  THEN survival_status = {nan}, (p=205, n=0, P=205, N=0)
2026-04-12 13:14:06,867 - INFO - *****STOP GROWING RR RULE*****
2026-04-12 13:14:06,867 - INFO - ***RR NOT FOUND***
2026-04-12 13:14:07,080 - INFO - Iteracja 4: condition_best: thick >= 4.83, quality_best: 1.0, coverage_best: (p=22, n=0, P=205, N=0)
2026-04-12 13:14:07,084 - INFO - Regula po iteracji 4: IF thick >= 3.38 AND ulcer = {present} AND age >= 42.50 AND ici >= 1.50 AND thick >= 4.83 THEN survival_status = {826.0}, (p=22, n=0, P=205, N=0)
2026-04-12 13:14:07,084 - INFO - *****GROWING RR RULE*****
2026-04-12 13:14:08,385 - INFO - Iteracja 0: condition_best: None, quality_best: -inf, coverage_best: (p=0, n=0, P=0, N=0), p_value: 0
2026-04-12 13:14:08,388 - INFO - Regula po iteracji 0: IF  THEN survival_status = {nan}, (p=205, n=0, P=205, N=0)
2026-04-12 13:14:08,389 - INFO - *****STOP GROWING RR RULE*****
2026-04-12 13:14:08,389 - INFO - ***RR NOT FOUND***
2026-04-12 13:14:08,389 - INFO - *******STOP GROWING CR RULE*******
2026-04-12 13:14:08,414 - INFO - *******GROWING CR RULE*******
2026-04-12 13:14:08,911 - INFO - Iteracja 0: condition_best: thick >= 3.38, quality_best: 1.0, coverage_best: (p=60, n=0, P=205, N=0)
2026-04-12 13:14:08,916 - INFO - Regula po iteracji 0: IF thick >= 3.38 THEN survival_status = {nan}, (p=60, n=0, P=205, N=0)
2026-04-12 13:14:08,916 - INFO - *****GROWING RR RULE*****
2026-04-12 13:14:10,344 - INFO - Iteracja 0: condition_best: None, quality_best: -inf, coverage_best: (p=0, n=0, P=0, N=0), p_value: 0
2026-04-12 13:14:10,346 - INFO - Regula po iteracji 0: IF  THEN survival_status = {nan}, (p=205, n=0, P=205, N=0)
2026-04-12 13:14:10,347 - INFO - *****STOP GROWING RR RULE*****
2026-04-12 13:14:10,347 - INFO - ***RR NOT FOUND***
2026-04-12 13:14:10,654 - INFO - Iteracja 1: condition_best: ulcer = {present}, quality_best: 1.0, coverage_best: (p=47, n=0, P=205, N=0)
2026-04-12 13:14:10,658 - INFO - Regula po iteracji 1: IF thick >= 3.38 AND ulcer = {present} THEN survival_status = {1506.0}, (p=47, n=0, P=205, N=0)
2026-04-12 13:14:10,658 - INFO - *****GROWING RR RULE*****
2026-04-12 13:14:12,054 - INFO - Iteracja 0: condition_best: None, quality_best: -inf, coverage_best: (p=0, n=0, P=0, N=0), p_value: 0
2026-04-12 13:14:12,059 - INFO - Regula po iteracji 0: IF  THEN survival_status = {nan}, (p=205, n=0, P=205, N=0)
2026-04-12 13:14:12,059 - INFO - *****STOP GROWING RR RULE*****
2026-04-12 13:14:12,059 - INFO - ***RR NOT FOUND***
2026-04-12 13:14:12,336 - INFO - Iteracja 2: condition_best: age >= 42.50, quality_best: 1.0, coverage_best: (p=39, n=0, P=205, N=0)
2026-04-12 13:14:12,340 - INFO - Regula po iteracji 2: IF thick >= 3.38 AND ulcer = {present} AND age >= 42.50 THEN survival_status = {1252.0}, (p=39, n=0, P=205, N=0)
2026-04-12 13:14:12,340 - INFO - *****GROWING RR RULE*****
2026-04-12 13:14:13,694 - INFO - Iteracja 0: condition_best: None, quality_best: -inf, coverage_best: (p=0, n=0, P=0, N=0), p_value: 0
2026-04-12 13:14:13,697 - INFO - Regula po iteracji 0: IF  THEN survival_status = {nan}, (p=205, n=0, P=205, N=0)
2026-04-12 13:14:13,697 - INFO - *****STOP GROWING RR RULE*****
2026-04-12 13:14:13,698 - INFO - ***RR NOT FOUND***
2026-04-12 13:14:13,931 - INFO - Iteracja 3: condition_best: ici >= 1.50, quality_best: 1.0, coverage_best: (p=32, n=0, P=205, N=0)
2026-04-12 13:14:13,935 - INFO - Regula po iteracji 3: IF thick >= 3.38 AND ulcer = {present} AND age >= 42.50 AND ici >= 1.50 THEN survival_status = {1075.0}, (p=32, n=0, P=205, N=0)
2026-04-12 13:14:13,935 - INFO - *****GROWING RR RULE*****
2026-04-12 13:14:15,267 - INFO - Iteracja 0: condition_best: None, quality_best: -inf, coverage_best: (p=0, n=0, P=0, N=0), p_value: 0
2026-04-12 13:14:15,270 - INFO - Regula po iteracji 0: IF  THEN survival_status = {nan}, (p=205, n=0, P=205, N=0)
2026-04-12 13:14:15,271 - INFO - *****STOP GROWING RR RULE*****
2026-04-12 13:14:15,271 - INFO - ***RR NOT FOUND***
2026-04-12 13:14:15,476 - INFO - Iteracja 4: condition_best: thick >= 3.71, quality_best: 1.0, coverage_best: (p=29, n=0, P=205, N=0)
2026-04-12 13:14:15,480 - INFO - Regula po iteracji 4: IF thick >= 3.38 AND ulcer = {present} AND age >= 42.50 AND ici >= 1.50 AND thick >= 3.71 THEN survival_status = {826.0}, (p=29, n=0, P=205, N=0)
2026-04-12 13:14:15,481 - INFO - *****GROWING RR RULE*****
2026-04-12 13:14:16,807 - INFO - Iteracja 0: condition_best: None, quality_best: -inf, coverage_best: (p=0, n=0, P=0, N=0), p_value: 0
2026-04-12 13:14:16,811 - INFO - Regula po iteracji 0: IF  THEN survival_status = {nan}, (p=205, n=0, P=205, N=0)
2026-04-12 13:14:16,811 - INFO - *****STOP GROWING RR RULE*****
2026-04-12 13:14:16,811 - INFO - ***RR NOT FOUND***
2026-04-12 13:14:16,811 - INFO - *******STOP GROWING CR RULE*******
2026-04-12 13:14:16,837 - INFO - *******GROWING CR RULE*******
2026-04-12 13:14:17,318 - INFO - Iteracja 0: condition_best: thick >= 3.38, quality_best: 1.0, coverage_best: (p=60, n=0, P=205, N=0)
2026-04-12 13:14:17,323 - INFO - Regula po iteracji 0: IF thick >= 3.38 THEN survival_status = {nan}, (p=60, n=0, P=205, N=0)
2026-04-12 13:14:17,323 - INFO - *****GROWING RR RULE*****
2026-04-12 13:14:18,755 - INFO - Iteracja 0: condition_best: None, quality_best: -inf, coverage_best: (p=0, n=0, P=0, N=0), p_value: 0
2026-04-12 13:14:18,759 - INFO - Regula po iteracji 0: IF  THEN survival_status = {nan}, (p=205, n=0, P=205, N=0)
2026-04-12 13:14:18,759 - INFO - *****STOP GROWING RR RULE*****
2026-04-12 13:14:18,759 - INFO - ***RR NOT FOUND***
2026-04-12 13:14:19,062 - INFO - Iteracja 1: condition_best: ulcer = {present}, quality_best: 1.0, coverage_best: (p=47, n=0, P=205, N=0)
2026-04-12 13:14:19,066 - INFO - Regula po iteracji 1: IF thick >= 3.38 AND ulcer = {present} THEN survival_status = {1506.0}, (p=47, n=0, P=205, N=0)
2026-04-12 13:14:19,067 - INFO - *****GROWING RR RULE*****
2026-04-12 13:14:20,589 - INFO - Iteracja 0: condition_best: None, quality_best: -inf, coverage_best: (p=0, n=0, P=0, N=0), p_value: 0
2026-04-12 13:14:20,593 - INFO - Regula po iteracji 0: IF  THEN survival_status = {nan}, (p=205, n=0, P=205, N=0)
2026-04-12 13:14:20,593 - INFO - *****STOP GROWING RR RULE*****
2026-04-12 13:14:20,593 - INFO - ***RR NOT FOUND***
2026-04-12 13:14:20,866 - INFO - Iteracja 2: condition_best: age >= 42.50, quality_best: 1.0, coverage_best: (p=39, n=0, P=205, N=0)
2026-04-12 13:14:20,870 - INFO - Regula po iteracji 2: IF thick >= 3.38 AND ulcer = {present} AND age >= 42.50 THEN survival_status = {1252.0}, (p=39, n=0, P=205, N=0)
2026-04-12 13:14:20,870 - INFO - *****GROWING RR RULE*****
2026-04-12 13:14:22,221 - INFO - Iteracja 0: condition_best: None, quality_best: -inf, coverage_best: (p=0, n=0, P=0, N=0), p_value: 0
2026-04-12 13:14:22,225 - INFO - Regula po iteracji 0: IF  THEN survival_status = {nan}, (p=205, n=0, P=205, N=0)
2026-04-12 13:14:22,225 - INFO - *****STOP GROWING RR RULE*****
2026-04-12 13:14:22,225 - INFO - ***RR NOT FOUND***
2026-04-12 13:14:22,455 - INFO - Iteracja 3: condition_best: thick >= 3.71, quality_best: 1.0, coverage_best: (p=35, n=0, P=205, N=0)
2026-04-12 13:14:22,459 - INFO - Regula po iteracji 3: IF thick >= 3.38 AND ulcer = {present} AND age >= 42.50 AND thick >= 3.71 THEN survival_status = {1075.0}, (p=35, n=0, P=205, N=0)
2026-04-12 13:14:22,459 - INFO - *****GROWING RR RULE*****
2026-04-12 13:14:23,798 - INFO - Iteracja 0: condition_best: None, quality_best: -inf, coverage_best: (p=0, n=0, P=0, N=0), p_value: 0
2026-04-12 13:14:23,801 - INFO - Regula po iteracji 0: IF  THEN survival_status = {nan}, (p=205, n=0, P=205, N=0)
2026-04-12 13:14:23,801 - INFO - *****STOP GROWING RR RULE*****
2026-04-12 13:14:23,801 - INFO - ***RR NOT FOUND***
2026-04-12 13:14:24,021 - INFO - Iteracja 4: condition_best: thick <= 15.64, quality_best: 1.0, coverage_best: (p=34, n=0, P=205, N=0)
2026-04-12 13:14:24,025 - INFO - Regula po iteracji 4: IF thick >= 3.38 AND ulcer = {present} AND age >= 42.50 AND thick >= 3.71 AND thick <= 15.64 THEN survival_status = {967.0}, (p=34, n=0, P=205, N=0)
2026-04-12 13:14:24,026 - INFO - *****GROWING RR RULE*****
2026-04-12 13:14:25,361 - INFO - Iteracja 0: condition_best: None, quality_best: -inf, coverage_best: (p=0, n=0, P=0, N=0), p_value: 0
2026-04-12 13:14:25,364 - INFO - Regula po iteracji 0: IF  THEN survival_status = {nan}, (p=205, n=0, P=205, N=0)
2026-04-12 13:14:25,364 - INFO - *****STOP GROWING RR RULE*****
2026-04-12 13:14:25,364 - INFO - ***RR NOT FOUND***
2026-04-12 13:14:25,364 - INFO - *******STOP GROWING CR RULE*******
2026-04-12 13:14:25,376 - INFO - *******GROWING CR RULE*******
2026-04-12 13:14:25,844 - INFO - Iteracja 0: condition_best: thick >= 3.38, quality_best: 1.0, coverage_best: (p=60, n=0, P=205, N=0)
2026-04-12 13:14:25,848 - INFO - Regula po iteracji 0: IF thick >= 3.38 THEN survival_status = {nan}, (p=60, n=0, P=205, N=0)
2026-04-12 13:14:25,848 - INFO - *****GROWING RR RULE*****
2026-04-12 13:14:27,273 - INFO - Iteracja 0: condition_best: None, quality_best: -inf, coverage_best: (p=0, n=0, P=0, N=0), p_value: 0
2026-04-12 13:14:27,278 - INFO - Regula po iteracji 0: IF  THEN survival_status = {nan}, (p=205, n=0, P=205, N=0)
2026-04-12 13:14:27,278 - INFO - *****STOP GROWING RR RULE*****
2026-04-12 13:14:27,278 - INFO - ***RR NOT FOUND***
2026-04-12 13:14:27,576 - INFO - Iteracja 1: condition_best: ulcer = {present}, quality_best: 1.0, coverage_best: (p=47, n=0, P=205, N=0)
2026-04-12 13:14:27,580 - INFO - Regula po iteracji 1: IF thick >= 3.38 AND ulcer = {present} THEN survival_status = {1506.0}, (p=47, n=0, P=205, N=0)
2026-04-12 13:14:27,580 - INFO - *****GROWING RR RULE*****
2026-04-12 13:14:28,969 - INFO - Iteracja 0: condition_best: None, quality_best: -inf, coverage_best: (p=0, n=0, P=0, N=0), p_value: 0
2026-04-12 13:14:28,972 - INFO - Regula po iteracji 0: IF  THEN survival_status = {nan}, (p=205, n=0, P=205, N=0)
2026-04-12 13:14:28,972 - INFO - *****STOP GROWING RR RULE*****
2026-04-12 13:14:28,972 - INFO - ***RR NOT FOUND***
2026-04-12 13:14:29,239 - INFO - Iteracja 2: condition_best: ici >= 0.50, quality_best: 1.0, coverage_best: (p=46, n=0, P=205, N=0)
2026-04-12 13:14:29,243 - INFO - Regula po iteracji 2: IF thick >= 3.38 AND ulcer = {present} AND ici >= 0.50 THEN survival_status = {1252.0}, (p=46, n=0, P=205, N=0)
2026-04-12 13:14:29,243 - INFO - *****GROWING RR RULE*****
2026-04-12 13:14:30,628 - INFO - Iteracja 0: condition_best: None, quality_best: -inf, coverage_best: (p=0, n=0, P=0, N=0), p_value: 0
2026-04-12 13:14:30,631 - INFO - Regula po iteracji 0: IF  THEN survival_status = {nan}, (p=205, n=0, P=205, N=0)
2026-04-12 13:14:30,631 - INFO - *****STOP GROWING RR RULE*****
2026-04-12 13:14:30,631 - INFO - ***RR NOT FOUND***
2026-04-12 13:14:30,896 - INFO - Iteracja 3: condition_best: age >= 15.50, quality_best: 1.0, coverage_best: (p=45, n=0, P=205, N=0)
2026-04-12 13:14:30,900 - INFO - Regula po iteracji 3: IF thick >= 3.38 AND ulcer = {present} AND ici >= 0.50 AND age >= 15.50 THEN survival_status = {1252.0}, (p=45, n=0, P=205, N=0)
2026-04-12 13:14:30,900 - INFO - *****GROWING RR RULE*****
2026-04-12 13:14:32,283 - INFO - Iteracja 0: condition_best: None, quality_best: -inf, coverage_best: (p=0, n=0, P=0, N=0), p_value: 0
2026-04-12 13:14:32,285 - INFO - Regula po iteracji 0: IF  THEN survival_status = {nan}, (p=205, n=0, P=205, N=0)
2026-04-12 13:14:32,286 - INFO - *****STOP GROWING RR RULE*****
2026-04-12 13:14:32,286 - INFO - ***RR NOT FOUND***
2026-04-12 13:14:32,550 - INFO - Iteracja 4: condition_best: ici >= 1.50, quality_best: 1.0, coverage_best: (p=37, n=0, P=205, N=0)
2026-04-12 13:14:32,555 - INFO - Regula po iteracji 4: IF thick >= 3.38 AND ulcer = {present} AND ici >= 0.50 AND age >= 15.50 AND ici >= 1.50 THEN survival_status = {1075.0}, (p=37, n=0, P=205, N=0)
2026-04-12 13:14:32,555 - INFO - *****GROWING RR RULE*****
2026-04-12 13:14:33,910 - INFO - Iteracja 0: condition_best: None, quality_best: -inf, coverage_best: (p=0, n=0, P=0, N=0), p_value: 0
2026-04-12 13:14:33,913 - INFO - Regula po iteracji 0: IF  THEN survival_status = {nan}, (p=205, n=0, P=205, N=0)
2026-04-12 13:14:33,913 - INFO - *****STOP GROWING RR RULE*****
2026-04-12 13:14:33,913 - INFO - ***RR NOT FOUND***
2026-04-12 13:14:33,913 - INFO - *******STOP GROWING CR RULE*******
2026-04-12 13:14:33,927 - INFO - *******GROWING CR RULE*******
2026-04-12 13:14:34,390 - INFO - Iteracja 0: condition_best: thick >= 3.38, quality_best: 1.0, coverage_best: (p=60, n=0, P=205, N=0)
2026-04-12 13:14:34,394 - INFO - Regula po iteracji 0: IF thick >= 3.38 THEN survival_status = {nan}, (p=60, n=0, P=205, N=0)
2026-04-12 13:14:34,394 - INFO - *****GROWING RR RULE*****
2026-04-12 13:14:35,818 - INFO - Iteracja 0: condition_best: None, quality_best: -inf, coverage_best: (p=0, n=0, P=0, N=0), p_value: 0
2026-04-12 13:14:35,821 - INFO - Regula po iteracji 0: IF  THEN survival_status = {nan}, (p=205, n=0, P=205, N=0)
2026-04-12 13:14:35,821 - INFO - *****STOP GROWING RR RULE*****
2026-04-12 13:14:35,821 - INFO - ***RR NOT FOUND***
2026-04-12 13:14:36,114 - INFO - Iteracja 1: condition_best: ici >= 0.50, quality_best: 1.0, coverage_best: (p=59, n=0, P=205, N=0)
2026-04-12 13:14:36,118 - INFO - Regula po iteracji 1: IF thick >= 3.38 AND ici >= 0.50 THEN survival_status = {1506.0}, (p=59, n=0, P=205, N=0)
2026-04-12 13:14:36,118 - INFO - *****GROWING RR RULE*****
2026-04-12 13:14:37,539 - INFO - Iteracja 0: condition_best: None, quality_best: -inf, coverage_best: (p=0, n=0, P=0, N=0), p_value: 0
2026-04-12 13:14:37,542 - INFO - Regula po iteracji 0: IF  THEN survival_status = {nan}, (p=205, n=0, P=205, N=0)
2026-04-12 13:14:37,542 - INFO - *****STOP GROWING RR RULE*****
2026-04-12 13:14:37,542 - INFO - ***RR NOT FOUND***
2026-04-12 13:14:37,835 - INFO - Iteracja 2: condition_best: age >= 14.00, quality_best: 1.0, coverage_best: (p=58, n=0, P=205, N=0)
2026-04-12 13:14:37,839 - INFO - Regula po iteracji 2: IF thick >= 3.38 AND ici >= 0.50 AND age >= 14.00 THEN survival_status = {1506.0}, (p=58, n=0, P=205, N=0)
2026-04-12 13:14:37,840 - INFO - *****GROWING RR RULE*****
2026-04-12 13:14:39,257 - INFO - Iteracja 0: condition_best: None, quality_best: -inf, coverage_best: (p=0, n=0, P=0, N=0), p_value: 0
2026-04-12 13:14:39,260 - INFO - Regula po iteracji 0: IF  THEN survival_status = {nan}, (p=205, n=0, P=205, N=0)
2026-04-12 13:14:39,260 - INFO - *****STOP GROWING RR RULE*****
2026-04-12 13:14:39,260 - INFO - ***RR NOT FOUND***
2026-04-12 13:14:39,560 - INFO - Iteracja 3: condition_best: thick <= 16.04, quality_best: 1.0, coverage_best: (p=57, n=0, P=205, N=0)
2026-04-12 13:14:39,564 - INFO - Regula po iteracji 3: IF thick >= 3.38 AND ici >= 0.50 AND age >= 14.00 AND thick <= 16.04 THEN survival_status = {1312.0}, (p=57, n=0, P=205, N=0)
2026-04-12 13:14:39,564 - INFO - *****GROWING RR RULE*****
2026-04-12 13:14:40,978 - INFO - Iteracja 0: condition_best: None, quality_best: -inf, coverage_best: (p=0, n=0, P=0, N=0), p_value: 0
2026-04-12 13:14:40,981 - INFO - Regula po iteracji 0: IF  THEN survival_status = {nan}, (p=205, n=0, P=205, N=0)
2026-04-12 13:14:40,981 - INFO - *****STOP GROWING RR RULE*****
2026-04-12 13:14:40,981 - INFO - ***RR NOT FOUND***
2026-04-12 13:14:41,287 - INFO - Iteracja 4: condition_best: thick <= 14.25, quality_best: 1.0, coverage_best: (p=56, n=0, P=205, N=0)
2026-04-12 13:14:41,291 - INFO - Regula po iteracji 4: IF thick >= 3.38 AND ici >= 0.50 AND age >= 14.00 AND thick <= 16.04 AND thick <= 14.25 THEN survival_status = {1506.0}, (p=56, n=0, P=205, N=0)
2026-04-12 13:14:41,291 - INFO - *****GROWING RR RULE*****
2026-04-12 13:14:42,701 - INFO - Iteracja 0: condition_best: None, quality_best: -inf, coverage_best: (p=0, n=0, P=0, N=0), p_value: 0
2026-04-12 13:14:42,704 - INFO - Regula po iteracji 0: IF  THEN survival_status = {nan}, (p=205, n=0, P=205, N=0)
2026-04-12 13:14:42,704 - INFO - *****STOP GROWING RR RULE*****
2026-04-12 13:14:42,704 - INFO - ***RR NOT FOUND***
2026-04-12 13:14:42,704 - INFO - *******STOP GROWING CR RULE*******
2026-04-12 13:14:42,716 - INFO - *******GROWING CR RULE*******
2026-04-12 13:14:43,165 - INFO - Iteracja 0: condition_best: thick <= 3.38, quality_best: 1.0, coverage_best: (p=145, n=0, P=205, N=0)
2026-04-12 13:14:43,169 - INFO - Regula po iteracji 0: IF thick <= 3.38 THEN survival_status = {nan}, (p=145, n=0, P=205, N=0)
2026-04-12 13:14:43,169 - INFO - *****GROWING RR RULE*****
2026-04-12 13:14:44,810 - INFO - Iteracja 0: condition_best: None, quality_best: -inf, coverage_best: (p=0, n=0, P=0, N=0), p_value: 0
2026-04-12 13:14:44,813 - INFO - Regula po iteracji 0: IF  THEN survival_status = {nan}, (p=205, n=0, P=205, N=0)
2026-04-12 13:14:44,813 - INFO - *****STOP GROWING RR RULE*****
2026-04-12 13:14:44,813 - INFO - ***RR NOT FOUND***
2026-04-12 13:14:45,180 - INFO - Iteracja 1: condition_best: age <= 70.50, quality_best: 1.0, coverage_best: (p=132, n=0, P=205, N=0)
2026-04-12 13:14:45,183 - INFO - Regula po iteracji 1: IF thick <= 3.38 AND age <= 70.50 THEN survival_status = {inf}, (p=132, n=0, P=205, N=0)
2026-04-12 13:14:45,184 - INFO - *****GROWING RR RULE*****
2026-04-12 13:14:46,779 - INFO - Iteracja 0: condition_best: None, quality_best: -inf, coverage_best: (p=0, n=0, P=0, N=0), p_value: 0
2026-04-12 13:14:46,783 - INFO - Regula po iteracji 0: IF  THEN survival_status = {nan}, (p=205, n=0, P=205, N=0)
2026-04-12 13:14:46,783 - INFO - *****STOP GROWING RR RULE*****
2026-04-12 13:14:46,783 - INFO - ***RR NOT FOUND***
2026-04-12 13:14:47,126 - INFO - Iteracja 2: condition_best: age >= 14.50, quality_best: 1.0, coverage_best: (p=130, n=0, P=205, N=0)
2026-04-12 13:14:47,130 - INFO - Regula po iteracji 2: IF thick <= 3.38 AND age <= 70.50 AND age >= 14.50 THEN survival_status = {inf}, (p=130, n=0, P=205, N=0)
2026-04-12 13:14:47,130 - INFO - *****GROWING RR RULE*****
2026-04-12 13:14:48,715 - INFO - Iteracja 0: condition_best: None, quality_best: -inf, coverage_best: (p=0, n=0, P=0, N=0), p_value: 0
2026-04-12 13:14:48,718 - INFO - Regula po iteracji 0: IF  THEN survival_status = {nan}, (p=205, n=0, P=205, N=0)
2026-04-12 13:14:48,718 - INFO - *****STOP GROWING RR RULE*****
2026-04-12 13:14:48,718 - INFO - ***RR NOT FOUND***
2026-04-12 13:14:49,056 - INFO - Iteracja 3: condition_best: age >= 17.00, quality_best: 1.0, coverage_best: (p=129, n=0, P=205, N=0)
2026-04-12 13:14:49,060 - INFO - Regula po iteracji 3: IF thick <= 3.38 AND age <= 70.50 AND age >= 14.50 AND age >= 17.00 THEN survival_status = {inf}, (p=129, n=0, P=205, N=0)
2026-04-12 13:14:49,061 - INFO - *****GROWING RR RULE*****
2026-04-12 13:14:50,644 - INFO - Iteracja 0: condition_best: None, quality_best: -inf, coverage_best: (p=0, n=0, P=0, N=0), p_value: 0
2026-04-12 13:14:50,647 - INFO - Regula po iteracji 0: IF  THEN survival_status = {nan}, (p=205, n=0, P=205, N=0)
2026-04-12 13:14:50,647 - INFO - *****STOP GROWING RR RULE*****
2026-04-12 13:14:50,647 - INFO - ***RR NOT FOUND***
2026-04-12 13:14:50,989 - INFO - Iteracja 4: condition_best: thick >= 0.13, quality_best: 1.0, coverage_best: (p=128, n=0, P=205, N=0)
2026-04-12 13:14:50,993 - INFO - Regula po iteracji 4: IF thick <= 3.38 AND age <= 70.50 AND age >= 14.50 AND age >= 17.00 AND thick >= 0.13 THEN survival_status = {inf}, (p=128, n=0, P=205, N=0)
2026-04-12 13:14:50,993 - INFO - *****GROWING RR RULE*****
2026-04-12 13:14:52,573 - INFO - Iteracja 0: condition_best: None, quality_best: -inf, coverage_best: (p=0, n=0, P=0, N=0), p_value: 0
2026-04-12 13:14:52,576 - INFO - Regula po iteracji 0: IF  THEN survival_status = {nan}, (p=205, n=0, P=205, N=0)
2026-04-12 13:14:52,576 - INFO - *****STOP GROWING RR RULE*****
2026-04-12 13:14:52,576 - INFO - ***RR NOT FOUND***
2026-04-12 13:14:52,576 - INFO - *******STOP GROWING CR RULE*******
2026-04-12 13:14:52,748 - INFO - ************************Finished experiment for 07_Melanoma.arff with algorithm************************
2026-04-12 13:14:52,748 - INFO - *************************************************************************************************************************
2026-04-12 13:14:52,748 - INFO - *************************************************************************************************************************
2026-04-12 13:14:52,748 - INFO - *************************************************************************************************************************
