2026-04-12 14:49:22,876 - INFO - **********Starting experiment for 25_TRACE.arff with algorithm**********
2026-04-12 14:49:22,892 - INFO - *******GROWING CR RULE*******
2026-04-12 14:50:32,046 - INFO - Iteracja 0: condition_best: age <= 86.96, quality_best: 1.0, coverage_best: (p=1841, n=0, P=1878, N=0)
2026-04-12 14:50:32,063 - INFO - Regula po iteracji 0: IF age <= 86.96 THEN survival_status = {nan}, (p=1841, n=0, P=1878, N=0)
2026-04-12 14:50:32,063 - INFO - *****GROWING RR RULE*****
2026-04-12 14:53:54,928 - INFO - Iteracja 0: condition_best: None, quality_best: -inf, coverage_best: (p=0, n=0, P=0, N=0), p_value: 0
2026-04-12 14:53:54,935 - INFO - Regula po iteracji 0: IF  THEN survival_status = {nan}, (p=1878, n=0, P=1878, N=0)
2026-04-12 14:53:54,935 - INFO - *****STOP GROWING RR RULE*****
2026-04-12 14:53:54,935 - INFO - ***RR NOT FOUND***
2026-04-12 14:55:03,392 - INFO - Iteracja 1: condition_best: age <= 86.81, quality_best: 1.0, coverage_best: (p=1839, n=0, P=1878, N=0)
2026-04-12 14:55:03,408 - INFO - Regula po iteracji 1: IF age <= 86.96 AND age <= 86.81 THEN survival_status = {6.809}, (p=1839, n=0, P=1878, N=0)
2026-04-12 14:55:03,409 - INFO - *****GROWING RR RULE*****
2026-04-12 14:58:26,098 - INFO - Iteracja 0: condition_best: None, quality_best: -inf, coverage_best: (p=0, n=0, P=0, N=0), p_value: 0
2026-04-12 14:58:26,105 - INFO - Regula po iteracji 0: IF  THEN survival_status = {nan}, (p=1878, n=0, P=1878, N=0)
2026-04-12 14:58:26,105 - INFO - *****STOP GROWING RR RULE*****
2026-04-12 14:58:26,105 - INFO - ***RR NOT FOUND***
2026-04-12 14:59:34,767 - INFO - Iteracja 2: condition_best: age <= 86.79, quality_best: 1.0, coverage_best: (p=1838, n=0, P=1878, N=0)
2026-04-12 14:59:34,784 - INFO - Regula po iteracji 2: IF age <= 86.96 AND age <= 86.81 AND age <= 86.79 THEN survival_status = {6.817}, (p=1838, n=0, P=1878, N=0)
2026-04-12 14:59:34,784 - INFO - *****GROWING RR RULE*****
2026-04-12 15:02:57,262 - INFO - Iteracja 0: condition_best: None, quality_best: -inf, coverage_best: (p=0, n=0, P=0, N=0), p_value: 0
2026-04-12 15:02:57,269 - INFO - Regula po iteracji 0: IF  THEN survival_status = {nan}, (p=1878, n=0, P=1878, N=0)
2026-04-12 15:02:57,269 - INFO - *****STOP GROWING RR RULE*****
2026-04-12 15:02:57,269 - INFO - ***RR NOT FOUND***
2026-04-12 15:04:05,893 - INFO - Iteracja 3: condition_best: age <= 86.75, quality_best: 1.0, coverage_best: (p=1837, n=0, P=1878, N=0)
2026-04-12 15:04:05,910 - INFO - Regula po iteracji 3: IF age <= 86.96 AND age <= 86.81 AND age <= 86.79 AND age <= 86.75 THEN survival_status = {6.817}, (p=1837, n=0, P=1878, N=0)
2026-04-12 15:04:05,910 - INFO - *****GROWING RR RULE*****
2026-04-12 15:07:28,520 - INFO - Iteracja 0: condition_best: None, quality_best: -inf, coverage_best: (p=0, n=0, P=0, N=0), p_value: 0
2026-04-12 15:07:28,527 - INFO - Regula po iteracji 0: IF  THEN survival_status = {nan}, (p=1878, n=0, P=1878, N=0)
2026-04-12 15:07:28,527 - INFO - *****STOP GROWING RR RULE*****
2026-04-12 15:07:28,527 - INFO - ***RR NOT FOUND***
2026-04-12 15:08:37,465 - INFO - Iteracja 4: condition_best: wmi <= 2.85, quality_best: 1.0, coverage_best: (p=1836, n=0, P=1878, N=0)
2026-04-12 15:08:37,481 - INFO - Regula po iteracji 4: IF age <= 86.96 AND age <= 86.81 AND age <= 86.79 AND age <= 86.75 AND wmi <= 2.85 THEN survival_status = {6.817}, (p=1836, n=0, P=1878, N=0)
2026-04-12 15:08:37,482 - INFO - *****GROWING RR RULE*****
2026-04-12 15:11:59,586 - INFO - Iteracja 0: condition_best: None, quality_best: -inf, coverage_best: (p=0, n=0, P=0, N=0), p_value: 0
2026-04-12 15:11:59,594 - INFO - Regula po iteracji 0: IF  THEN survival_status = {nan}, (p=1878, n=0, P=1878, N=0)
2026-04-12 15:11:59,594 - INFO - *****STOP GROWING RR RULE*****
2026-04-12 15:11:59,594 - INFO - ***RR NOT FOUND***
2026-04-12 15:11:59,594 - INFO - *******STOP GROWING CR RULE*******
2026-04-12 15:11:59,617 - INFO - *******GROWING CR RULE*******
2026-04-12 15:12:42,987 - INFO - Iteracja 0: condition_best: wmi >= 0.65, quality_best: 1.0, coverage_best: (p=1810, n=0, P=1878, N=0)
2026-04-12 15:12:43,004 - INFO - Regula po iteracji 0: IF wmi >= 0.65 THEN survival_status = {nan}, (p=1810, n=0, P=1878, N=0)
2026-04-12 15:12:43,004 - INFO - *****GROWING RR RULE*****
2026-04-12 15:16:04,857 - INFO - Iteracja 0: condition_best: None, quality_best: -inf, coverage_best: (p=0, n=0, P=0, N=0), p_value: 0
2026-04-12 15:16:04,865 - INFO - Regula po iteracji 0: IF  THEN survival_status = {nan}, (p=1878, n=0, P=1878, N=0)
2026-04-12 15:16:04,865 - INFO - *****STOP GROWING RR RULE*****
2026-04-12 15:16:04,865 - INFO - ***RR NOT FOUND***
2026-04-12 15:16:47,430 - INFO - Iteracja 1: condition_best: wmi <= 2.85, quality_best: 1.0, coverage_best: (p=1809, n=0, P=1878, N=0)
2026-04-12 15:16:47,447 - INFO - Regula po iteracji 1: IF wmi >= 0.65 AND wmi <= 2.85 THEN survival_status = {7.044}, (p=1809, n=0, P=1878, N=0)
2026-04-12 15:16:47,447 - INFO - *****GROWING RR RULE*****
2026-04-12 15:20:09,344 - INFO - Iteracja 0: condition_best: None, quality_best: -inf, coverage_best: (p=0, n=0, P=0, N=0), p_value: 0
2026-04-12 15:20:09,351 - INFO - Regula po iteracji 0: IF  THEN survival_status = {nan}, (p=1878, n=0, P=1878, N=0)
2026-04-12 15:20:09,351 - INFO - *****STOP GROWING RR RULE*****
2026-04-12 15:20:09,351 - INFO - ***RR NOT FOUND***
2026-04-12 15:20:51,958 - INFO - Iteracja 2: condition_best: wmi <= 2.50, quality_best: 1.0, coverage_best: (p=1808, n=0, P=1878, N=0)
2026-04-12 15:20:51,975 - INFO - Regula po iteracji 2: IF wmi >= 0.65 AND wmi <= 2.85 AND wmi <= 2.50 THEN survival_status = {6.877}, (p=1808, n=0, P=1878, N=0)
2026-04-12 15:20:51,975 - INFO - *****GROWING RR RULE*****
2026-04-12 15:24:13,603 - INFO - Iteracja 0: condition_best: None, quality_best: -inf, coverage_best: (p=0, n=0, P=0, N=0), p_value: 0
2026-04-12 15:24:13,611 - INFO - Regula po iteracji 0: IF  THEN survival_status = {nan}, (p=1878, n=0, P=1878, N=0)
2026-04-12 15:24:13,611 - INFO - *****STOP GROWING RR RULE*****
2026-04-12 15:24:13,611 - INFO - ***RR NOT FOUND***
2026-04-12 15:24:56,321 - INFO - Iteracja 3: condition_best: wmi <= 2.25, quality_best: 1.0, coverage_best: (p=1807, n=0, P=1878, N=0)
2026-04-12 15:24:56,337 - INFO - Regula po iteracji 3: IF wmi >= 0.65 AND wmi <= 2.85 AND wmi <= 2.50 AND wmi <= 2.25 THEN survival_status = {7.044}, (p=1807, n=0, P=1878, N=0)
2026-04-12 15:24:56,338 - INFO - *****GROWING RR RULE*****
2026-04-12 15:28:17,920 - INFO - Iteracja 0: condition_best: None, quality_best: -inf, coverage_best: (p=0, n=0, P=0, N=0), p_value: 0
2026-04-12 15:28:17,928 - INFO - Regula po iteracji 0: IF  THEN survival_status = {nan}, (p=1878, n=0, P=1878, N=0)
2026-04-12 15:28:17,928 - INFO - *****STOP GROWING RR RULE*****
2026-04-12 15:28:17,928 - INFO - ***RR NOT FOUND***
2026-04-12 15:29:01,064 - INFO - Iteracja 4: condition_best: age <= 94.38, quality_best: 1.0, coverage_best: (p=1806, n=0, P=1878, N=0)
2026-04-12 15:29:01,081 - INFO - Regula po iteracji 4: IF wmi >= 0.65 AND wmi <= 2.85 AND wmi <= 2.50 AND wmi <= 2.25 AND age <= 94.38 THEN survival_status = {7.044}, (p=1806, n=0, P=1878, N=0)
2026-04-12 15:29:01,081 - INFO - *****GROWING RR RULE*****
2026-04-12 15:32:22,594 - INFO - Iteracja 0: condition_best: None, quality_best: -inf, coverage_best: (p=0, n=0, P=0, N=0), p_value: 0
2026-04-12 15:32:22,602 - INFO - Regula po iteracji 0: IF  THEN survival_status = {nan}, (p=1878, n=0, P=1878, N=0)
2026-04-12 15:32:22,602 - INFO - *****STOP GROWING RR RULE*****
2026-04-12 15:32:22,602 - INFO - ***RR NOT FOUND***
2026-04-12 15:32:22,602 - INFO - *******STOP GROWING CR RULE*******
2026-04-12 15:32:22,617 - INFO - *******GROWING CR RULE*******
2026-04-12 15:33:05,283 - INFO - Iteracja 0: condition_best: age <= 86.96, quality_best: 1.0, coverage_best: (p=1841, n=0, P=1878, N=0)
2026-04-12 15:33:05,299 - INFO - Regula po iteracji 0: IF age <= 86.96 THEN survival_status = {nan}, (p=1841, n=0, P=1878, N=0)
2026-04-12 15:33:05,300 - INFO - *****GROWING RR RULE*****
2026-04-12 15:36:28,421 - INFO - Iteracja 0: condition_best: None, quality_best: -inf, coverage_best: (p=0, n=0, P=0, N=0), p_value: 0
2026-04-12 15:36:28,428 - INFO - Regula po iteracji 0: IF  THEN survival_status = {nan}, (p=1878, n=0, P=1878, N=0)
2026-04-12 15:36:28,429 - INFO - *****STOP GROWING RR RULE*****
2026-04-12 15:36:28,429 - INFO - ***RR NOT FOUND***
2026-04-12 15:37:11,098 - INFO - Iteracja 1: condition_best: age <= 86.81, quality_best: 1.0, coverage_best: (p=1839, n=0, P=1878, N=0)
2026-04-12 15:37:11,115 - INFO - Regula po iteracji 1: IF age <= 86.96 AND age <= 86.81 THEN survival_status = {6.809}, (p=1839, n=0, P=1878, N=0)
2026-04-12 15:37:11,115 - INFO - *****GROWING RR RULE*****
2026-04-12 15:40:33,823 - INFO - Iteracja 0: condition_best: None, quality_best: -inf, coverage_best: (p=0, n=0, P=0, N=0), p_value: 0
2026-04-12 15:40:33,831 - INFO - Regula po iteracji 0: IF  THEN survival_status = {nan}, (p=1878, n=0, P=1878, N=0)
2026-04-12 15:40:33,831 - INFO - *****STOP GROWING RR RULE*****
2026-04-12 15:40:33,831 - INFO - ***RR NOT FOUND***
2026-04-12 15:41:16,601 - INFO - Iteracja 2: condition_best: age <= 86.79, quality_best: 1.0, coverage_best: (p=1838, n=0, P=1878, N=0)
2026-04-12 15:41:16,618 - INFO - Regula po iteracji 2: IF age <= 86.96 AND age <= 86.81 AND age <= 86.79 THEN survival_status = {6.817}, (p=1838, n=0, P=1878, N=0)
2026-04-12 15:41:16,618 - INFO - *****GROWING RR RULE*****
2026-04-12 15:44:39,060 - INFO - Iteracja 0: condition_best: None, quality_best: -inf, coverage_best: (p=0, n=0, P=0, N=0), p_value: 0
2026-04-12 15:44:39,067 - INFO - Regula po iteracji 0: IF  THEN survival_status = {nan}, (p=1878, n=0, P=1878, N=0)
2026-04-12 15:44:39,067 - INFO - *****STOP GROWING RR RULE*****
2026-04-12 15:44:39,067 - INFO - ***RR NOT FOUND***
2026-04-12 15:45:22,154 - INFO - Iteracja 3: condition_best: age <= 86.75, quality_best: 1.0, coverage_best: (p=1837, n=0, P=1878, N=0)
2026-04-12 15:45:22,170 - INFO - Regula po iteracji 3: IF age <= 86.96 AND age <= 86.81 AND age <= 86.79 AND age <= 86.75 THEN survival_status = {6.817}, (p=1837, n=0, P=1878, N=0)
2026-04-12 15:45:22,171 - INFO - *****GROWING RR RULE*****
2026-04-12 15:48:44,738 - INFO - Iteracja 0: condition_best: None, quality_best: -inf, coverage_best: (p=0, n=0, P=0, N=0), p_value: 0
2026-04-12 15:48:44,746 - INFO - Regula po iteracji 0: IF  THEN survival_status = {nan}, (p=1878, n=0, P=1878, N=0)
2026-04-12 15:48:44,746 - INFO - *****STOP GROWING RR RULE*****
2026-04-12 15:48:44,746 - INFO - ***RR NOT FOUND***
2026-04-12 15:49:27,913 - INFO - Iteracja 4: condition_best: wmi <= 2.85, quality_best: 1.0, coverage_best: (p=1836, n=0, P=1878, N=0)
2026-04-12 15:49:27,930 - INFO - Regula po iteracji 4: IF age <= 86.96 AND age <= 86.81 AND age <= 86.79 AND age <= 86.75 AND wmi <= 2.85 THEN survival_status = {6.817}, (p=1836, n=0, P=1878, N=0)
2026-04-12 15:49:27,930 - INFO - *****GROWING RR RULE*****
2026-04-12 15:52:50,383 - INFO - Iteracja 0: condition_best: None, quality_best: -inf, coverage_best: (p=0, n=0, P=0, N=0), p_value: 0
2026-04-12 15:52:50,391 - INFO - Regula po iteracji 0: IF  THEN survival_status = {nan}, (p=1878, n=0, P=1878, N=0)
2026-04-12 15:52:50,391 - INFO - *****STOP GROWING RR RULE*****
2026-04-12 15:52:50,391 - INFO - ***RR NOT FOUND***
2026-04-12 15:52:50,391 - INFO - *******STOP GROWING CR RULE*******
2026-04-12 15:52:50,429 - INFO - ************************Finished experiment for 25_TRACE.arff with algorithm************************
2026-04-12 15:52:50,429 - INFO - *************************************************************************************************************************
2026-04-12 15:52:50,430 - INFO - *************************************************************************************************************************
2026-04-12 15:52:50,430 - INFO - *************************************************************************************************************************
