2026-04-08 10:25:02,528 - INFO - **********Starting experiment for 05_Rossi.arff with algorithm_rulekit**********
2026-04-08 10:25:05,080 - INFO - ************************Finished experiment for 05_Rossi.arff with algorithm_rulekit************************
2026-04-08 10:25:05,080 - INFO - *************************************************************************************************************************
2026-04-08 10:25:05,080 - INFO - *************************************************************************************************************************
2026-04-08 10:25:05,080 - INFO - *************************************************************************************************************************
2026-04-08 10:25:05,081 - INFO - **********Starting experiment for 05_Rossi.arff with algorithm_log_rank**********
2026-04-08 10:25:05,127 - INFO - *******GROWING CR RULE*******
2026-04-08 10:25:05,525 - INFO - Iteracja 0: condition_best: age >= 19.50, quality_best: 1.0, coverage_best: (p=260, n=0, P=302, N=0)
2026-04-08 10:25:05,529 - INFO - Regula po iteracji 0: IF age >= 19.50 THEN survival_status = {nan}, (p=260, n=0, P=302, N=0)
2026-04-08 10:25:05,958 - INFO - Iteracja 1: condition_best: prio <= 13.50, quality_best: 1.0, coverage_best: (p=257, n=0, P=302, N=0)
2026-04-08 10:25:05,962 - INFO - Regula po iteracji 1: IF age >= 19.50 AND prio <= 13.50 THEN survival_status = {inf}, (p=257, n=0, P=302, N=0)
2026-04-08 10:25:06,393 - INFO - Iteracja 2: condition_best: prio <= 12.00, quality_best: 1.0, coverage_best: (p=256, n=0, P=302, N=0)
2026-04-08 10:25:06,397 - INFO - Regula po iteracji 2: IF age >= 19.50 AND prio <= 13.50 AND prio <= 12.00 THEN survival_status = {inf}, (p=256, n=0, P=302, N=0)
2026-04-08 10:25:06,840 - INFO - Iteracja 3: condition_best: prio <= 10.50, quality_best: 1.0, coverage_best: (p=253, n=0, P=302, N=0)
2026-04-08 10:25:06,844 - INFO - Regula po iteracji 3: IF age >= 19.50 AND prio <= 13.50 AND prio <= 12.00 AND prio <= 10.50 THEN survival_status = {inf}, (p=253, n=0, P=302, N=0)
2026-04-08 10:25:07,298 - INFO - Iteracja 4: condition_best: age <= 43.50, quality_best: 1.0, coverage_best: (p=251, n=0, P=302, N=0)
2026-04-08 10:25:07,301 - INFO - Regula po iteracji 4: IF age >= 19.50 AND prio <= 13.50 AND prio <= 12.00 AND prio <= 10.50 AND age <= 43.50 THEN survival_status = {inf}, (p=251, n=0, P=302, N=0)
2026-04-08 10:25:07,301 - INFO - *******STOP GROWING CR RULE*******
2026-04-08 10:25:07,308 - INFO - *******GROWING CR RULE*******
2026-04-08 10:25:07,521 - INFO - Iteracja 0: condition_best: age <= 19.50, quality_best: 1.0, coverage_best: (p=42, n=0, P=302, N=0)
2026-04-08 10:25:07,524 - INFO - Regula po iteracji 0: IF age <= 19.50 THEN survival_status = {nan}, (p=42, n=0, P=302, N=0)
2026-04-08 10:25:07,696 - INFO - Iteracja 1: condition_best: emp32 = {no}, quality_best: 1.0, coverage_best: (p=25, n=0, P=302, N=0)
2026-04-08 10:25:07,699 - INFO - Regula po iteracji 1: IF age <= 19.50 AND emp32 = {no} THEN survival_status = {49.0}, (p=25, n=0, P=302, N=0)
2026-04-08 10:25:07,879 - INFO - Iteracja 2: condition_best: emp8 = {yes}, quality_best: 1.0, coverage_best: (p=5, n=0, P=302, N=0)
2026-04-08 10:25:07,883 - INFO - Regula po iteracji 2: IF age <= 19.50 AND emp32 = {no} AND emp8 = {yes} THEN survival_status = {49.0}, (p=5, n=0, P=302, N=0)
2026-04-08 10:25:08,015 - INFO - Iteracja 3: condition_best: race = {black}, quality_best: 1.0, coverage_best: (p=5, n=0, P=302, N=0)
2026-04-08 10:25:08,019 - INFO - Regula po iteracji 3: IF age <= 19.50 AND emp32 = {no} AND emp8 = {yes} AND race = {black} THEN survival_status = {34.0}, (p=5, n=0, P=302, N=0)
2026-04-08 10:25:08,163 - INFO - Iteracja 4: condition_best: wexp = {no}, quality_best: 1.0, coverage_best: (p=5, n=0, P=302, N=0)
2026-04-08 10:25:08,167 - INFO - Regula po iteracji 4: IF age <= 19.50 AND emp32 = {no} AND emp8 = {yes} AND race = {black} AND wexp = {no} THEN survival_status = {34.0}, (p=5, n=0, P=302, N=0)
2026-04-08 10:25:08,167 - INFO - *******STOP GROWING CR RULE*******
2026-04-08 10:25:08,174 - INFO - *******GROWING CR RULE*******
2026-04-08 10:25:08,383 - INFO - Iteracja 0: condition_best: age <= 19.50, quality_best: 1.0, coverage_best: (p=42, n=0, P=302, N=0)
2026-04-08 10:25:08,386 - INFO - Regula po iteracji 0: IF age <= 19.50 THEN survival_status = {nan}, (p=42, n=0, P=302, N=0)
2026-04-08 10:25:08,555 - INFO - Iteracja 1: condition_best: emp32 = {no}, quality_best: 1.0, coverage_best: (p=25, n=0, P=302, N=0)
2026-04-08 10:25:08,558 - INFO - Regula po iteracji 1: IF age <= 19.50 AND emp32 = {no} THEN survival_status = {49.0}, (p=25, n=0, P=302, N=0)
2026-04-08 10:25:08,736 - INFO - Iteracja 2: condition_best: race = {black}, quality_best: 1.0, coverage_best: (p=22, n=0, P=302, N=0)
2026-04-08 10:25:08,739 - INFO - Regula po iteracji 2: IF age <= 19.50 AND emp32 = {no} AND race = {black} THEN survival_status = {49.0}, (p=22, n=0, P=302, N=0)
2026-04-08 10:25:08,934 - INFO - Iteracja 3: condition_best: educ <= 4.50, quality_best: 1.0, coverage_best: (p=21, n=0, P=302, N=0)
2026-04-08 10:25:08,938 - INFO - Regula po iteracji 3: IF age <= 19.50 AND emp32 = {no} AND race = {black} AND educ <= 4.50 THEN survival_status = {48.0}, (p=21, n=0, P=302, N=0)
2026-04-08 10:25:09,123 - INFO - Iteracja 4: condition_best: educ >= 2.50, quality_best: 1.0, coverage_best: (p=20, n=0, P=302, N=0)
2026-04-08 10:25:09,127 - INFO - Regula po iteracji 4: IF age <= 19.50 AND emp32 = {no} AND race = {black} AND educ <= 4.50 AND educ >= 2.50 THEN survival_status = {48.0}, (p=20, n=0, P=302, N=0)
2026-04-08 10:25:09,127 - INFO - *******STOP GROWING CR RULE*******
2026-04-08 10:25:09,137 - INFO - *******GROWING CR RULE*******
2026-04-08 10:25:09,336 - INFO - Iteracja 0: condition_best: age <= 19.50, quality_best: 1.0, coverage_best: (p=42, n=0, P=302, N=0)
2026-04-08 10:25:09,339 - INFO - Regula po iteracji 0: IF age <= 19.50 THEN survival_status = {nan}, (p=42, n=0, P=302, N=0)
2026-04-08 10:25:09,500 - INFO - Iteracja 1: condition_best: emp32 = {no}, quality_best: 1.0, coverage_best: (p=25, n=0, P=302, N=0)
2026-04-08 10:25:09,503 - INFO - Regula po iteracji 1: IF age <= 19.50 AND emp32 = {no} THEN survival_status = {49.0}, (p=25, n=0, P=302, N=0)
2026-04-08 10:25:09,674 - INFO - Iteracja 2: condition_best: mar = {not married}, quality_best: 1.0, coverage_best: (p=25, n=0, P=302, N=0)
2026-04-08 10:25:09,677 - INFO - Regula po iteracji 2: IF age <= 19.50 AND emp32 = {no} AND mar = {not married} THEN survival_status = {49.0}, (p=25, n=0, P=302, N=0)
2026-04-08 10:25:09,869 - INFO - Iteracja 3: condition_best: emp1 = {no}, quality_best: 1.0, coverage_best: (p=22, n=0, P=302, N=0)
2026-04-08 10:25:09,872 - INFO - Regula po iteracji 3: IF age <= 19.50 AND emp32 = {no} AND mar = {not married} AND emp1 = {no} THEN survival_status = {49.0}, (p=22, n=0, P=302, N=0)
2026-04-08 10:25:10,082 - INFO - Iteracja 4: condition_best: emp33 = {no}, quality_best: 1.0, coverage_best: (p=20, n=0, P=302, N=0)
2026-04-08 10:25:10,085 - INFO - Regula po iteracji 4: IF age <= 19.50 AND emp32 = {no} AND mar = {not married} AND emp1 = {no} AND emp33 = {no} THEN survival_status = {49.0}, (p=20, n=0, P=302, N=0)
2026-04-08 10:25:10,085 - INFO - *******STOP GROWING CR RULE*******
2026-04-08 10:25:10,091 - INFO - *******GROWING CR RULE*******
2026-04-08 10:25:10,287 - INFO - Iteracja 0: condition_best: age <= 19.50, quality_best: 1.0, coverage_best: (p=42, n=0, P=302, N=0)
2026-04-08 10:25:10,290 - INFO - Regula po iteracji 0: IF age <= 19.50 THEN survival_status = {nan}, (p=42, n=0, P=302, N=0)
2026-04-08 10:25:10,450 - INFO - Iteracja 1: condition_best: race = {black}, quality_best: 1.0, coverage_best: (p=36, n=0, P=302, N=0)
2026-04-08 10:25:10,453 - INFO - Regula po iteracji 1: IF age <= 19.50 AND race = {black} THEN survival_status = {49.0}, (p=36, n=0, P=302, N=0)
2026-04-08 10:25:10,632 - INFO - Iteracja 2: condition_best: educ <= 3.50, quality_best: 1.0, coverage_best: (p=24, n=0, P=302, N=0)
2026-04-08 10:25:10,636 - INFO - Regula po iteracji 2: IF age <= 19.50 AND race = {black} AND educ <= 3.50 THEN survival_status = {45.0}, (p=24, n=0, P=302, N=0)
2026-04-08 10:25:10,821 - INFO - Iteracja 3: condition_best: emp2 = {no}, quality_best: 1.0, coverage_best: (p=19, n=0, P=302, N=0)
2026-04-08 10:25:10,825 - INFO - Regula po iteracji 3: IF age <= 19.50 AND race = {black} AND educ <= 3.50 AND emp2 = {no} THEN survival_status = {36.0}, (p=19, n=0, P=302, N=0)
2026-04-08 10:25:11,027 - INFO - Iteracja 4: condition_best: educ >= 2.50, quality_best: 1.0, coverage_best: (p=17, n=0, P=302, N=0)
2026-04-08 10:25:11,031 - INFO - Regula po iteracji 4: IF age <= 19.50 AND race = {black} AND educ <= 3.50 AND emp2 = {no} AND educ >= 2.50 THEN survival_status = {35.0}, (p=17, n=0, P=302, N=0)
2026-04-08 10:25:11,031 - INFO - *******STOP GROWING CR RULE*******
2026-04-08 10:25:11,042 - INFO - *******GROWING CR RULE*******
2026-04-08 10:25:11,231 - INFO - Iteracja 0: condition_best: age <= 19.50, quality_best: 1.0, coverage_best: (p=42, n=0, P=302, N=0)
2026-04-08 10:25:11,234 - INFO - Regula po iteracji 0: IF age <= 19.50 THEN survival_status = {nan}, (p=42, n=0, P=302, N=0)
2026-04-08 10:25:11,390 - INFO - Iteracja 1: condition_best: race = {black}, quality_best: 1.0, coverage_best: (p=36, n=0, P=302, N=0)
2026-04-08 10:25:11,393 - INFO - Regula po iteracji 1: IF age <= 19.50 AND race = {black} THEN survival_status = {49.0}, (p=36, n=0, P=302, N=0)
2026-04-08 10:25:11,568 - INFO - Iteracja 2: condition_best: educ >= 2.50, quality_best: 1.0, coverage_best: (p=34, n=0, P=302, N=0)
2026-04-08 10:25:11,571 - INFO - Regula po iteracji 2: IF age <= 19.50 AND race = {black} AND educ >= 2.50 THEN survival_status = {45.0}, (p=34, n=0, P=302, N=0)
2026-04-08 10:25:11,755 - INFO - Iteracja 3: condition_best: educ <= 4.50, quality_best: 1.0, coverage_best: (p=33, n=0, P=302, N=0)
2026-04-08 10:25:11,758 - INFO - Regula po iteracji 3: IF age <= 19.50 AND race = {black} AND educ >= 2.50 AND educ <= 4.50 THEN survival_status = {40.0}, (p=33, n=0, P=302, N=0)
2026-04-08 10:25:11,950 - INFO - Iteracja 4: condition_best: mar = {not married}, quality_best: 1.0, coverage_best: (p=33, n=0, P=302, N=0)
2026-04-08 10:25:11,953 - INFO - Regula po iteracji 4: IF age <= 19.50 AND race = {black} AND educ >= 2.50 AND educ <= 4.50 AND mar = {not married} THEN survival_status = {40.0}, (p=33, n=0, P=302, N=0)
2026-04-08 10:25:11,953 - INFO - *******STOP GROWING CR RULE*******
2026-04-08 10:25:11,963 - INFO - *******GROWING CR RULE*******
2026-04-08 10:25:12,148 - INFO - Iteracja 0: condition_best: educ <= 3.50, quality_best: 0.999, coverage_best: (p=179, n=0, P=302, N=0)
2026-04-08 10:25:12,152 - INFO - Regula po iteracji 0: IF educ <= 3.50 THEN survival_status = {nan}, (p=179, n=0, P=302, N=0)
2026-04-08 10:25:12,371 - INFO - Iteracja 1: condition_best: age <= 23.50, quality_best: 1.0, coverage_best: (p=103, n=0, P=302, N=0)
2026-04-08 10:25:12,374 - INFO - Regula po iteracji 1: IF educ <= 3.50 AND age <= 23.50 THEN survival_status = {inf}, (p=103, n=0, P=302, N=0)
2026-04-08 10:25:12,559 - INFO - Iteracja 2: condition_best: mar = {not married}, quality_best: 1.0, coverage_best: (p=99, n=0, P=302, N=0)
2026-04-08 10:25:12,562 - INFO - Regula po iteracji 2: IF educ <= 3.50 AND age <= 23.50 AND mar = {not married} THEN survival_status = {inf}, (p=99, n=0, P=302, N=0)
2026-04-08 10:25:12,770 - INFO - Iteracja 3: condition_best: emp1 = {no}, quality_best: 1.0, coverage_best: (p=87, n=0, P=302, N=0)
2026-04-08 10:25:12,773 - INFO - Regula po iteracji 3: IF educ <= 3.50 AND age <= 23.50 AND mar = {not married} AND emp1 = {no} THEN survival_status = {inf}, (p=87, n=0, P=302, N=0)
2026-04-08 10:25:13,003 - INFO - Iteracja 4: condition_best: prio >= 0.50, quality_best: 1.0, coverage_best: (p=82, n=0, P=302, N=0)
2026-04-08 10:25:13,006 - INFO - Regula po iteracji 4: IF educ <= 3.50 AND age <= 23.50 AND mar = {not married} AND emp1 = {no} AND prio >= 0.50 THEN survival_status = {inf}, (p=82, n=0, P=302, N=0)
2026-04-08 10:25:13,006 - INFO - *******STOP GROWING CR RULE*******
2026-04-08 10:25:13,016 - INFO - *******GROWING CR RULE*******
2026-04-08 10:25:13,199 - INFO - Iteracja 0: condition_best: age >= 19.50, quality_best: 1.0, coverage_best: (p=260, n=0, P=302, N=0)
2026-04-08 10:25:13,202 - INFO - Regula po iteracji 0: IF age >= 19.50 THEN survival_status = {nan}, (p=260, n=0, P=302, N=0)
2026-04-08 10:25:13,422 - INFO - Iteracja 1: condition_best: prio <= 13.50, quality_best: 1.0, coverage_best: (p=257, n=0, P=302, N=0)
2026-04-08 10:25:13,426 - INFO - Regula po iteracji 1: IF age >= 19.50 AND prio <= 13.50 THEN survival_status = {inf}, (p=257, n=0, P=302, N=0)
2026-04-08 10:25:13,657 - INFO - Iteracja 2: condition_best: prio <= 12.00, quality_best: 1.0, coverage_best: (p=256, n=0, P=302, N=0)
2026-04-08 10:25:13,660 - INFO - Regula po iteracji 2: IF age >= 19.50 AND prio <= 13.50 AND prio <= 12.00 THEN survival_status = {inf}, (p=256, n=0, P=302, N=0)
2026-04-08 10:25:13,902 - INFO - Iteracja 3: condition_best: prio <= 10.50, quality_best: 1.0, coverage_best: (p=253, n=0, P=302, N=0)
2026-04-08 10:25:13,905 - INFO - Regula po iteracji 3: IF age >= 19.50 AND prio <= 13.50 AND prio <= 12.00 AND prio <= 10.50 THEN survival_status = {inf}, (p=253, n=0, P=302, N=0)
2026-04-08 10:25:14,159 - INFO - Iteracja 4: condition_best: age <= 43.50, quality_best: 1.0, coverage_best: (p=251, n=0, P=302, N=0)
2026-04-08 10:25:14,162 - INFO - Regula po iteracji 4: IF age >= 19.50 AND prio <= 13.50 AND prio <= 12.00 AND prio <= 10.50 AND age <= 43.50 THEN survival_status = {inf}, (p=251, n=0, P=302, N=0)
2026-04-08 10:25:14,162 - INFO - *******STOP GROWING CR RULE*******
2026-04-08 10:25:16,058 - INFO - ************************Finished experiment for 05_Rossi.arff with algorithm_log_rank************************
2026-04-08 10:25:16,058 - INFO - *************************************************************************************************************************
2026-04-08 10:25:16,058 - INFO - *************************************************************************************************************************
2026-04-08 10:25:16,058 - INFO - *************************************************************************************************************************
2026-04-08 10:25:16,059 - INFO - **********Starting experiment for 05_Rossi.arff with algorithm_log_rank_with_exceptions**********
2026-04-08 10:25:16,103 - INFO - *******GROWING CR RULE*******
2026-04-08 10:25:16,502 - INFO - Iteracja 0: condition_best: age >= 19.50, quality_best: 1.0, coverage_best: (p=260, n=0, P=302, N=0)
2026-04-08 10:25:16,506 - INFO - Regula po iteracji 0: IF age >= 19.50 THEN survival_status = {nan}, (p=260, n=0, P=302, N=0)
2026-04-08 10:25:16,506 - INFO - *****GROWING RR RULE*****
2026-04-08 10:25:17,398 - INFO - Iteracja 0: condition_best: None, quality_best: -inf, coverage_best: (p=0, n=0, P=0, N=0), p_value: 0
2026-04-08 10:25:17,401 - INFO - Regula po iteracji 0: IF  THEN survival_status = {nan}, (p=302, n=0, P=302, N=0)
2026-04-08 10:25:17,401 - INFO - *****STOP GROWING RR RULE*****
2026-04-08 10:25:17,401 - INFO - ***RR NOT FOUND***
2026-04-08 10:25:17,832 - INFO - Iteracja 1: condition_best: prio <= 13.50, quality_best: 1.0, coverage_best: (p=257, n=0, P=302, N=0)
2026-04-08 10:25:17,836 - INFO - Regula po iteracji 1: IF age >= 19.50 AND prio <= 13.50 THEN survival_status = {inf}, (p=257, n=0, P=302, N=0)
2026-04-08 10:25:17,836 - INFO - *****GROWING RR RULE*****
2026-04-08 10:25:18,727 - INFO - Iteracja 0: condition_best: None, quality_best: -inf, coverage_best: (p=0, n=0, P=0, N=0), p_value: 0
2026-04-08 10:25:18,730 - INFO - Regula po iteracji 0: IF  THEN survival_status = {nan}, (p=302, n=0, P=302, N=0)
2026-04-08 10:25:18,730 - INFO - *****STOP GROWING RR RULE*****
2026-04-08 10:25:18,730 - INFO - ***RR NOT FOUND***
2026-04-08 10:25:19,164 - INFO - Iteracja 2: condition_best: prio <= 12.00, quality_best: 1.0, coverage_best: (p=256, n=0, P=302, N=0)
2026-04-08 10:25:19,168 - INFO - Regula po iteracji 2: IF age >= 19.50 AND prio <= 13.50 AND prio <= 12.00 THEN survival_status = {inf}, (p=256, n=0, P=302, N=0)
2026-04-08 10:25:19,168 - INFO - *****GROWING RR RULE*****
2026-04-08 10:25:20,059 - INFO - Iteracja 0: condition_best: None, quality_best: -inf, coverage_best: (p=0, n=0, P=0, N=0), p_value: 0
2026-04-08 10:25:20,062 - INFO - Regula po iteracji 0: IF  THEN survival_status = {nan}, (p=302, n=0, P=302, N=0)
2026-04-08 10:25:20,062 - INFO - *****STOP GROWING RR RULE*****
2026-04-08 10:25:20,062 - INFO - ***RR NOT FOUND***
2026-04-08 10:25:20,508 - INFO - Iteracja 3: condition_best: prio <= 10.50, quality_best: 1.0, coverage_best: (p=253, n=0, P=302, N=0)
2026-04-08 10:25:20,512 - INFO - Regula po iteracji 3: IF age >= 19.50 AND prio <= 13.50 AND prio <= 12.00 AND prio <= 10.50 THEN survival_status = {inf}, (p=253, n=0, P=302, N=0)
2026-04-08 10:25:20,512 - INFO - *****GROWING RR RULE*****
2026-04-08 10:25:21,403 - INFO - Iteracja 0: condition_best: None, quality_best: -inf, coverage_best: (p=0, n=0, P=0, N=0), p_value: 0
2026-04-08 10:25:21,406 - INFO - Regula po iteracji 0: IF  THEN survival_status = {nan}, (p=302, n=0, P=302, N=0)
2026-04-08 10:25:21,406 - INFO - *****STOP GROWING RR RULE*****
2026-04-08 10:25:21,406 - INFO - ***RR NOT FOUND***
2026-04-08 10:25:21,861 - INFO - Iteracja 4: condition_best: age <= 43.50, quality_best: 1.0, coverage_best: (p=251, n=0, P=302, N=0)
2026-04-08 10:25:21,865 - INFO - Regula po iteracji 4: IF age >= 19.50 AND prio <= 13.50 AND prio <= 12.00 AND prio <= 10.50 AND age <= 43.50 THEN survival_status = {inf}, (p=251, n=0, P=302, N=0)
2026-04-08 10:25:21,865 - INFO - *****GROWING RR RULE*****
2026-04-08 10:25:22,754 - INFO - Iteracja 0: condition_best: None, quality_best: -inf, coverage_best: (p=0, n=0, P=0, N=0), p_value: 0
2026-04-08 10:25:22,757 - INFO - Regula po iteracji 0: IF  THEN survival_status = {nan}, (p=302, n=0, P=302, N=0)
2026-04-08 10:25:22,758 - INFO - *****STOP GROWING RR RULE*****
2026-04-08 10:25:22,758 - INFO - ***RR NOT FOUND***
2026-04-08 10:25:22,758 - INFO - *******STOP GROWING CR RULE*******
2026-04-08 10:25:22,765 - INFO - *******GROWING CR RULE*******
2026-04-08 10:25:22,980 - INFO - Iteracja 0: condition_best: age <= 19.50, quality_best: 1.0, coverage_best: (p=42, n=0, P=302, N=0)
2026-04-08 10:25:22,983 - INFO - Regula po iteracji 0: IF age <= 19.50 THEN survival_status = {nan}, (p=42, n=0, P=302, N=0)
2026-04-08 10:25:22,983 - INFO - *****GROWING RR RULE*****
2026-04-08 10:25:23,795 - INFO - Iteracja 0: condition_best: None, quality_best: -inf, coverage_best: (p=0, n=0, P=0, N=0), p_value: 0
2026-04-08 10:25:23,799 - INFO - Regula po iteracji 0: IF  THEN survival_status = {nan}, (p=302, n=0, P=302, N=0)
2026-04-08 10:25:23,799 - INFO - *****STOP GROWING RR RULE*****
2026-04-08 10:25:23,799 - INFO - ***RR NOT FOUND***
2026-04-08 10:25:23,972 - INFO - Iteracja 1: condition_best: emp32 = {no}, quality_best: 1.0, coverage_best: (p=25, n=0, P=302, N=0)
2026-04-08 10:25:23,975 - INFO - Regula po iteracji 1: IF age <= 19.50 AND emp32 = {no} THEN survival_status = {49.0}, (p=25, n=0, P=302, N=0)
2026-04-08 10:25:23,975 - INFO - *****GROWING RR RULE*****
2026-04-08 10:25:24,769 - INFO - Iteracja 0: condition_best: None, quality_best: -inf, coverage_best: (p=0, n=0, P=0, N=0), p_value: 0
2026-04-08 10:25:24,772 - INFO - Regula po iteracji 0: IF  THEN survival_status = {nan}, (p=302, n=0, P=302, N=0)
2026-04-08 10:25:24,772 - INFO - *****STOP GROWING RR RULE*****
2026-04-08 10:25:24,772 - INFO - ***RR NOT FOUND***
2026-04-08 10:25:24,953 - INFO - Iteracja 2: condition_best: emp8 = {yes}, quality_best: 1.0, coverage_best: (p=5, n=0, P=302, N=0)
2026-04-08 10:25:24,957 - INFO - Regula po iteracji 2: IF age <= 19.50 AND emp32 = {no} AND emp8 = {yes} THEN survival_status = {49.0}, (p=5, n=0, P=302, N=0)
2026-04-08 10:25:24,957 - INFO - *****GROWING RR RULE*****
2026-04-08 10:25:25,732 - INFO - Iteracja 0: condition_best: None, quality_best: -inf, coverage_best: (p=0, n=0, P=0, N=0), p_value: 0
2026-04-08 10:25:25,735 - INFO - Regula po iteracji 0: IF  THEN survival_status = {nan}, (p=302, n=0, P=302, N=0)
2026-04-08 10:25:25,735 - INFO - *****STOP GROWING RR RULE*****
2026-04-08 10:25:25,735 - INFO - ***RR NOT FOUND***
2026-04-08 10:25:25,871 - INFO - Iteracja 3: condition_best: race = {black}, quality_best: 1.0, coverage_best: (p=5, n=0, P=302, N=0)
2026-04-08 10:25:25,875 - INFO - Regula po iteracji 3: IF age <= 19.50 AND emp32 = {no} AND emp8 = {yes} AND race = {black} THEN survival_status = {34.0}, (p=5, n=0, P=302, N=0)
2026-04-08 10:25:25,875 - INFO - *****GROWING RR RULE*****
2026-04-08 10:25:26,643 - INFO - Iteracja 0: condition_best: None, quality_best: -inf, coverage_best: (p=0, n=0, P=0, N=0), p_value: 0
2026-04-08 10:25:26,646 - INFO - Regula po iteracji 0: IF  THEN survival_status = {nan}, (p=302, n=0, P=302, N=0)
2026-04-08 10:25:26,646 - INFO - *****STOP GROWING RR RULE*****
2026-04-08 10:25:26,646 - INFO - ***RR NOT FOUND***
2026-04-08 10:25:26,792 - INFO - Iteracja 4: condition_best: wexp = {no}, quality_best: 1.0, coverage_best: (p=5, n=0, P=302, N=0)
2026-04-08 10:25:26,795 - INFO - Regula po iteracji 4: IF age <= 19.50 AND emp32 = {no} AND emp8 = {yes} AND race = {black} AND wexp = {no} THEN survival_status = {34.0}, (p=5, n=0, P=302, N=0)
2026-04-08 10:25:26,796 - INFO - *****GROWING RR RULE*****
2026-04-08 10:25:27,562 - INFO - Iteracja 0: condition_best: None, quality_best: -inf, coverage_best: (p=0, n=0, P=0, N=0), p_value: 0
2026-04-08 10:25:27,565 - INFO - Regula po iteracji 0: IF  THEN survival_status = {nan}, (p=302, n=0, P=302, N=0)
2026-04-08 10:25:27,565 - INFO - *****STOP GROWING RR RULE*****
2026-04-08 10:25:27,565 - INFO - ***RR NOT FOUND***
2026-04-08 10:25:27,565 - INFO - *******STOP GROWING CR RULE*******
2026-04-08 10:25:27,573 - INFO - *******GROWING CR RULE*******
2026-04-08 10:25:27,783 - INFO - Iteracja 0: condition_best: age <= 19.50, quality_best: 1.0, coverage_best: (p=42, n=0, P=302, N=0)
2026-04-08 10:25:27,786 - INFO - Regula po iteracji 0: IF age <= 19.50 THEN survival_status = {nan}, (p=42, n=0, P=302, N=0)
2026-04-08 10:25:27,786 - INFO - *****GROWING RR RULE*****
2026-04-08 10:25:28,600 - INFO - Iteracja 0: condition_best: None, quality_best: -inf, coverage_best: (p=0, n=0, P=0, N=0), p_value: 0
2026-04-08 10:25:28,603 - INFO - Regula po iteracji 0: IF  THEN survival_status = {nan}, (p=302, n=0, P=302, N=0)
2026-04-08 10:25:28,603 - INFO - *****STOP GROWING RR RULE*****
2026-04-08 10:25:28,603 - INFO - ***RR NOT FOUND***
2026-04-08 10:25:28,776 - INFO - Iteracja 1: condition_best: emp32 = {no}, quality_best: 1.0, coverage_best: (p=25, n=0, P=302, N=0)
2026-04-08 10:25:28,779 - INFO - Regula po iteracji 1: IF age <= 19.50 AND emp32 = {no} THEN survival_status = {49.0}, (p=25, n=0, P=302, N=0)
2026-04-08 10:25:28,779 - INFO - *****GROWING RR RULE*****
2026-04-08 10:25:29,572 - INFO - Iteracja 0: condition_best: None, quality_best: -inf, coverage_best: (p=0, n=0, P=0, N=0), p_value: 0
2026-04-08 10:25:29,575 - INFO - Regula po iteracji 0: IF  THEN survival_status = {nan}, (p=302, n=0, P=302, N=0)
2026-04-08 10:25:29,576 - INFO - *****STOP GROWING RR RULE*****
2026-04-08 10:25:29,576 - INFO - ***RR NOT FOUND***
2026-04-08 10:25:29,758 - INFO - Iteracja 2: condition_best: race = {black}, quality_best: 1.0, coverage_best: (p=22, n=0, P=302, N=0)
2026-04-08 10:25:29,762 - INFO - Regula po iteracji 2: IF age <= 19.50 AND emp32 = {no} AND race = {black} THEN survival_status = {49.0}, (p=22, n=0, P=302, N=0)
2026-04-08 10:25:29,762 - INFO - *****GROWING RR RULE*****
2026-04-08 10:25:30,554 - INFO - Iteracja 0: condition_best: None, quality_best: -inf, coverage_best: (p=0, n=0, P=0, N=0), p_value: 0
2026-04-08 10:25:30,557 - INFO - Regula po iteracji 0: IF  THEN survival_status = {nan}, (p=302, n=0, P=302, N=0)
2026-04-08 10:25:30,557 - INFO - *****STOP GROWING RR RULE*****
2026-04-08 10:25:30,557 - INFO - ***RR NOT FOUND***
2026-04-08 10:25:30,754 - INFO - Iteracja 3: condition_best: educ <= 4.50, quality_best: 1.0, coverage_best: (p=21, n=0, P=302, N=0)
2026-04-08 10:25:30,758 - INFO - Regula po iteracji 3: IF age <= 19.50 AND emp32 = {no} AND race = {black} AND educ <= 4.50 THEN survival_status = {48.0}, (p=21, n=0, P=302, N=0)
2026-04-08 10:25:30,758 - INFO - *****GROWING RR RULE*****
2026-04-08 10:25:31,546 - INFO - Iteracja 0: condition_best: None, quality_best: -inf, coverage_best: (p=0, n=0, P=0, N=0), p_value: 0
2026-04-08 10:25:31,549 - INFO - Regula po iteracji 0: IF  THEN survival_status = {nan}, (p=302, n=0, P=302, N=0)
2026-04-08 10:25:31,549 - INFO - *****STOP GROWING RR RULE*****
2026-04-08 10:25:31,549 - INFO - ***RR NOT FOUND***
2026-04-08 10:25:31,737 - INFO - Iteracja 4: condition_best: educ >= 2.50, quality_best: 1.0, coverage_best: (p=20, n=0, P=302, N=0)
2026-04-08 10:25:31,740 - INFO - Regula po iteracji 4: IF age <= 19.50 AND emp32 = {no} AND race = {black} AND educ <= 4.50 AND educ >= 2.50 THEN survival_status = {48.0}, (p=20, n=0, P=302, N=0)
2026-04-08 10:25:31,741 - INFO - *****GROWING RR RULE*****
2026-04-08 10:25:32,528 - INFO - Iteracja 0: condition_best: None, quality_best: -inf, coverage_best: (p=0, n=0, P=0, N=0), p_value: 0
2026-04-08 10:25:32,531 - INFO - Regula po iteracji 0: IF  THEN survival_status = {nan}, (p=302, n=0, P=302, N=0)
2026-04-08 10:25:32,531 - INFO - *****STOP GROWING RR RULE*****
2026-04-08 10:25:32,531 - INFO - ***RR NOT FOUND***
2026-04-08 10:25:32,531 - INFO - *******STOP GROWING CR RULE*******
2026-04-08 10:25:32,542 - INFO - *******GROWING CR RULE*******
2026-04-08 10:25:32,742 - INFO - Iteracja 0: condition_best: age <= 19.50, quality_best: 1.0, coverage_best: (p=42, n=0, P=302, N=0)
2026-04-08 10:25:32,745 - INFO - Regula po iteracji 0: IF age <= 19.50 THEN survival_status = {nan}, (p=42, n=0, P=302, N=0)
2026-04-08 10:25:32,745 - INFO - *****GROWING RR RULE*****
2026-04-08 10:25:33,559 - INFO - Iteracja 0: condition_best: None, quality_best: -inf, coverage_best: (p=0, n=0, P=0, N=0), p_value: 0
2026-04-08 10:25:33,562 - INFO - Regula po iteracji 0: IF  THEN survival_status = {nan}, (p=302, n=0, P=302, N=0)
2026-04-08 10:25:33,562 - INFO - *****STOP GROWING RR RULE*****
2026-04-08 10:25:33,562 - INFO - ***RR NOT FOUND***
2026-04-08 10:25:33,726 - INFO - Iteracja 1: condition_best: emp32 = {no}, quality_best: 1.0, coverage_best: (p=25, n=0, P=302, N=0)
2026-04-08 10:25:33,730 - INFO - Regula po iteracji 1: IF age <= 19.50 AND emp32 = {no} THEN survival_status = {49.0}, (p=25, n=0, P=302, N=0)
2026-04-08 10:25:33,730 - INFO - *****GROWING RR RULE*****
2026-04-08 10:25:34,523 - INFO - Iteracja 0: condition_best: None, quality_best: -inf, coverage_best: (p=0, n=0, P=0, N=0), p_value: 0
2026-04-08 10:25:34,526 - INFO - Regula po iteracji 0: IF  THEN survival_status = {nan}, (p=302, n=0, P=302, N=0)
2026-04-08 10:25:34,526 - INFO - *****STOP GROWING RR RULE*****
2026-04-08 10:25:34,526 - INFO - ***RR NOT FOUND***
2026-04-08 10:25:34,698 - INFO - Iteracja 2: condition_best: mar = {not married}, quality_best: 1.0, coverage_best: (p=25, n=0, P=302, N=0)
2026-04-08 10:25:34,701 - INFO - Regula po iteracji 2: IF age <= 19.50 AND emp32 = {no} AND mar = {not married} THEN survival_status = {49.0}, (p=25, n=0, P=302, N=0)
2026-04-08 10:25:34,702 - INFO - *****GROWING RR RULE*****
2026-04-08 10:25:35,493 - INFO - Iteracja 0: condition_best: None, quality_best: -inf, coverage_best: (p=0, n=0, P=0, N=0), p_value: 0
2026-04-08 10:25:35,495 - INFO - Regula po iteracji 0: IF  THEN survival_status = {nan}, (p=302, n=0, P=302, N=0)
2026-04-08 10:25:35,495 - INFO - *****STOP GROWING RR RULE*****
2026-04-08 10:25:35,495 - INFO - ***RR NOT FOUND***
2026-04-08 10:25:35,689 - INFO - Iteracja 3: condition_best: emp1 = {no}, quality_best: 1.0, coverage_best: (p=22, n=0, P=302, N=0)
2026-04-08 10:25:35,692 - INFO - Regula po iteracji 3: IF age <= 19.50 AND emp32 = {no} AND mar = {not married} AND emp1 = {no} THEN survival_status = {49.0}, (p=22, n=0, P=302, N=0)
2026-04-08 10:25:35,693 - INFO - *****GROWING RR RULE*****
2026-04-08 10:25:36,485 - INFO - Iteracja 0: condition_best: None, quality_best: -inf, coverage_best: (p=0, n=0, P=0, N=0), p_value: 0
2026-04-08 10:25:36,488 - INFO - Regula po iteracji 0: IF  THEN survival_status = {nan}, (p=302, n=0, P=302, N=0)
2026-04-08 10:25:36,488 - INFO - *****STOP GROWING RR RULE*****
2026-04-08 10:25:36,488 - INFO - ***RR NOT FOUND***
2026-04-08 10:25:36,701 - INFO - Iteracja 4: condition_best: emp33 = {no}, quality_best: 1.0, coverage_best: (p=20, n=0, P=302, N=0)
2026-04-08 10:25:36,704 - INFO - Regula po iteracji 4: IF age <= 19.50 AND emp32 = {no} AND mar = {not married} AND emp1 = {no} AND emp33 = {no} THEN survival_status = {49.0}, (p=20, n=0, P=302, N=0)
2026-04-08 10:25:36,705 - INFO - *****GROWING RR RULE*****
2026-04-08 10:25:37,494 - INFO - Iteracja 0: condition_best: None, quality_best: -inf, coverage_best: (p=0, n=0, P=0, N=0), p_value: 0
2026-04-08 10:25:37,497 - INFO - Regula po iteracji 0: IF  THEN survival_status = {nan}, (p=302, n=0, P=302, N=0)
2026-04-08 10:25:37,497 - INFO - *****STOP GROWING RR RULE*****
2026-04-08 10:25:37,497 - INFO - ***RR NOT FOUND***
2026-04-08 10:25:37,497 - INFO - *******STOP GROWING CR RULE*******
2026-04-08 10:25:37,503 - INFO - *******GROWING CR RULE*******
2026-04-08 10:25:37,700 - INFO - Iteracja 0: condition_best: age <= 19.50, quality_best: 1.0, coverage_best: (p=42, n=0, P=302, N=0)
2026-04-08 10:25:37,703 - INFO - Regula po iteracji 0: IF age <= 19.50 THEN survival_status = {nan}, (p=42, n=0, P=302, N=0)
2026-04-08 10:25:37,703 - INFO - *****GROWING RR RULE*****
2026-04-08 10:25:38,515 - INFO - Iteracja 0: condition_best: None, quality_best: -inf, coverage_best: (p=0, n=0, P=0, N=0), p_value: 0
2026-04-08 10:25:38,517 - INFO - Regula po iteracji 0: IF  THEN survival_status = {nan}, (p=302, n=0, P=302, N=0)
2026-04-08 10:25:38,518 - INFO - *****STOP GROWING RR RULE*****
2026-04-08 10:25:38,518 - INFO - ***RR NOT FOUND***
2026-04-08 10:25:38,678 - INFO - Iteracja 1: condition_best: race = {black}, quality_best: 1.0, coverage_best: (p=36, n=0, P=302, N=0)
2026-04-08 10:25:38,682 - INFO - Regula po iteracji 1: IF age <= 19.50 AND race = {black} THEN survival_status = {49.0}, (p=36, n=0, P=302, N=0)
2026-04-08 10:25:38,682 - INFO - *****GROWING RR RULE*****
2026-04-08 10:25:39,488 - INFO - Iteracja 0: condition_best: None, quality_best: -inf, coverage_best: (p=0, n=0, P=0, N=0), p_value: 0
2026-04-08 10:25:39,491 - INFO - Regula po iteracji 0: IF  THEN survival_status = {nan}, (p=302, n=0, P=302, N=0)
2026-04-08 10:25:39,491 - INFO - *****STOP GROWING RR RULE*****
2026-04-08 10:25:39,491 - INFO - ***RR NOT FOUND***
2026-04-08 10:25:39,671 - INFO - Iteracja 2: condition_best: educ <= 3.50, quality_best: 1.0, coverage_best: (p=24, n=0, P=302, N=0)
2026-04-08 10:25:39,675 - INFO - Regula po iteracji 2: IF age <= 19.50 AND race = {black} AND educ <= 3.50 THEN survival_status = {45.0}, (p=24, n=0, P=302, N=0)
2026-04-08 10:25:39,675 - INFO - *****GROWING RR RULE*****
2026-04-08 10:25:40,480 - INFO - Iteracja 0: condition_best: None, quality_best: -inf, coverage_best: (p=0, n=0, P=0, N=0), p_value: 0
2026-04-08 10:25:40,483 - INFO - Regula po iteracji 0: IF  THEN survival_status = {nan}, (p=302, n=0, P=302, N=0)
2026-04-08 10:25:40,483 - INFO - *****STOP GROWING RR RULE*****
2026-04-08 10:25:40,483 - INFO - ***RR NOT FOUND***
2026-04-08 10:25:40,670 - INFO - Iteracja 3: condition_best: emp2 = {no}, quality_best: 1.0, coverage_best: (p=19, n=0, P=302, N=0)
2026-04-08 10:25:40,674 - INFO - Regula po iteracji 3: IF age <= 19.50 AND race = {black} AND educ <= 3.50 AND emp2 = {no} THEN survival_status = {36.0}, (p=19, n=0, P=302, N=0)
2026-04-08 10:25:40,674 - INFO - *****GROWING RR RULE*****
2026-04-08 10:25:41,475 - INFO - Iteracja 0: condition_best: None, quality_best: -inf, coverage_best: (p=0, n=0, P=0, N=0), p_value: 0
2026-04-08 10:25:41,478 - INFO - Regula po iteracji 0: IF  THEN survival_status = {nan}, (p=302, n=0, P=302, N=0)
2026-04-08 10:25:41,478 - INFO - *****STOP GROWING RR RULE*****
2026-04-08 10:25:41,478 - INFO - ***RR NOT FOUND***
2026-04-08 10:25:41,682 - INFO - Iteracja 4: condition_best: educ >= 2.50, quality_best: 1.0, coverage_best: (p=17, n=0, P=302, N=0)
2026-04-08 10:25:41,686 - INFO - Regula po iteracji 4: IF age <= 19.50 AND race = {black} AND educ <= 3.50 AND emp2 = {no} AND educ >= 2.50 THEN survival_status = {35.0}, (p=17, n=0, P=302, N=0)
2026-04-08 10:25:41,686 - INFO - *****GROWING RR RULE*****
2026-04-08 10:25:42,478 - INFO - Iteracja 0: condition_best: None, quality_best: -inf, coverage_best: (p=0, n=0, P=0, N=0), p_value: 0
2026-04-08 10:25:42,482 - INFO - Regula po iteracji 0: IF  THEN survival_status = {nan}, (p=302, n=0, P=302, N=0)
2026-04-08 10:25:42,482 - INFO - *****STOP GROWING RR RULE*****
2026-04-08 10:25:42,482 - INFO - ***RR NOT FOUND***
2026-04-08 10:25:42,482 - INFO - *******STOP GROWING CR RULE*******
2026-04-08 10:25:42,494 - INFO - *******GROWING CR RULE*******
2026-04-08 10:25:42,688 - INFO - Iteracja 0: condition_best: age <= 19.50, quality_best: 1.0, coverage_best: (p=42, n=0, P=302, N=0)
2026-04-08 10:25:42,691 - INFO - Regula po iteracji 0: IF age <= 19.50 THEN survival_status = {nan}, (p=42, n=0, P=302, N=0)
2026-04-08 10:25:42,691 - INFO - *****GROWING RR RULE*****
2026-04-08 10:25:43,500 - INFO - Iteracja 0: condition_best: None, quality_best: -inf, coverage_best: (p=0, n=0, P=0, N=0), p_value: 0
2026-04-08 10:25:43,505 - INFO - Regula po iteracji 0: IF  THEN survival_status = {nan}, (p=302, n=0, P=302, N=0)
2026-04-08 10:25:43,505 - INFO - *****STOP GROWING RR RULE*****
2026-04-08 10:25:43,505 - INFO - ***RR NOT FOUND***
2026-04-08 10:25:43,665 - INFO - Iteracja 1: condition_best: race = {black}, quality_best: 1.0, coverage_best: (p=36, n=0, P=302, N=0)
2026-04-08 10:25:43,668 - INFO - Regula po iteracji 1: IF age <= 19.50 AND race = {black} THEN survival_status = {49.0}, (p=36, n=0, P=302, N=0)
2026-04-08 10:25:43,668 - INFO - *****GROWING RR RULE*****
2026-04-08 10:25:44,475 - INFO - Iteracja 0: condition_best: None, quality_best: -inf, coverage_best: (p=0, n=0, P=0, N=0), p_value: 0
2026-04-08 10:25:44,478 - INFO - Regula po iteracji 0: IF  THEN survival_status = {nan}, (p=302, n=0, P=302, N=0)
2026-04-08 10:25:44,478 - INFO - *****STOP GROWING RR RULE*****
2026-04-08 10:25:44,478 - INFO - ***RR NOT FOUND***
2026-04-08 10:25:44,656 - INFO - Iteracja 2: condition_best: educ >= 2.50, quality_best: 1.0, coverage_best: (p=34, n=0, P=302, N=0)
2026-04-08 10:25:44,659 - INFO - Regula po iteracji 2: IF age <= 19.50 AND race = {black} AND educ >= 2.50 THEN survival_status = {45.0}, (p=34, n=0, P=302, N=0)
2026-04-08 10:25:44,660 - INFO - *****GROWING RR RULE*****
2026-04-08 10:25:45,463 - INFO - Iteracja 0: condition_best: None, quality_best: -inf, coverage_best: (p=0, n=0, P=0, N=0), p_value: 0
2026-04-08 10:25:45,467 - INFO - Regula po iteracji 0: IF  THEN survival_status = {nan}, (p=302, n=0, P=302, N=0)
2026-04-08 10:25:45,467 - INFO - *****STOP GROWING RR RULE*****
2026-04-08 10:25:45,467 - INFO - ***RR NOT FOUND***
2026-04-08 10:25:45,655 - INFO - Iteracja 3: condition_best: educ <= 4.50, quality_best: 1.0, coverage_best: (p=33, n=0, P=302, N=0)
2026-04-08 10:25:45,658 - INFO - Regula po iteracji 3: IF age <= 19.50 AND race = {black} AND educ >= 2.50 AND educ <= 4.50 THEN survival_status = {40.0}, (p=33, n=0, P=302, N=0)
2026-04-08 10:25:45,659 - INFO - *****GROWING RR RULE*****
2026-04-08 10:25:46,463 - INFO - Iteracja 0: condition_best: None, quality_best: -inf, coverage_best: (p=0, n=0, P=0, N=0), p_value: 0
2026-04-08 10:25:46,466 - INFO - Regula po iteracji 0: IF  THEN survival_status = {nan}, (p=302, n=0, P=302, N=0)
2026-04-08 10:25:46,466 - INFO - *****STOP GROWING RR RULE*****
2026-04-08 10:25:46,466 - INFO - ***RR NOT FOUND***
2026-04-08 10:25:46,659 - INFO - Iteracja 4: condition_best: mar = {not married}, quality_best: 1.0, coverage_best: (p=33, n=0, P=302, N=0)
2026-04-08 10:25:46,663 - INFO - Regula po iteracji 4: IF age <= 19.50 AND race = {black} AND educ >= 2.50 AND educ <= 4.50 AND mar = {not married} THEN survival_status = {40.0}, (p=33, n=0, P=302, N=0)
2026-04-08 10:25:46,663 - INFO - *****GROWING RR RULE*****
2026-04-08 10:25:47,470 - INFO - Iteracja 0: condition_best: None, quality_best: -inf, coverage_best: (p=0, n=0, P=0, N=0), p_value: 0
2026-04-08 10:25:47,474 - INFO - Regula po iteracji 0: IF  THEN survival_status = {nan}, (p=302, n=0, P=302, N=0)
2026-04-08 10:25:47,474 - INFO - *****STOP GROWING RR RULE*****
2026-04-08 10:25:47,474 - INFO - ***RR NOT FOUND***
2026-04-08 10:25:47,474 - INFO - *******STOP GROWING CR RULE*******
2026-04-08 10:25:47,484 - INFO - *******GROWING CR RULE*******
2026-04-08 10:25:47,671 - INFO - Iteracja 0: condition_best: educ <= 3.50, quality_best: 0.999, coverage_best: (p=179, n=0, P=302, N=0)
2026-04-08 10:25:47,674 - INFO - Regula po iteracji 0: IF educ <= 3.50 THEN survival_status = {nan}, (p=179, n=0, P=302, N=0)
2026-04-08 10:25:47,674 - INFO - *****GROWING RR RULE*****
2026-04-08 10:25:48,556 - INFO - Iteracja 0: condition_best: None, quality_best: -inf, coverage_best: (p=0, n=0, P=0, N=0), p_value: 0
2026-04-08 10:25:48,559 - INFO - Regula po iteracji 0: IF  THEN survival_status = {nan}, (p=302, n=0, P=302, N=0)
2026-04-08 10:25:48,559 - INFO - *****STOP GROWING RR RULE*****
2026-04-08 10:25:48,559 - INFO - ***RR NOT FOUND***
2026-04-08 10:25:48,779 - INFO - Iteracja 1: condition_best: age <= 23.50, quality_best: 1.0, coverage_best: (p=103, n=0, P=302, N=0)
2026-04-08 10:25:48,783 - INFO - Regula po iteracji 1: IF educ <= 3.50 AND age <= 23.50 THEN survival_status = {inf}, (p=103, n=0, P=302, N=0)
2026-04-08 10:25:48,783 - INFO - *****GROWING RR RULE*****
2026-04-08 10:25:49,622 - INFO - Iteracja 0: condition_best: None, quality_best: -inf, coverage_best: (p=0, n=0, P=0, N=0), p_value: 0
2026-04-08 10:25:49,625 - INFO - Regula po iteracji 0: IF  THEN survival_status = {nan}, (p=302, n=0, P=302, N=0)
2026-04-08 10:25:49,625 - INFO - *****STOP GROWING RR RULE*****
2026-04-08 10:25:49,625 - INFO - ***RR NOT FOUND***
2026-04-08 10:25:49,810 - INFO - Iteracja 2: condition_best: mar = {not married}, quality_best: 1.0, coverage_best: (p=99, n=0, P=302, N=0)
2026-04-08 10:25:49,813 - INFO - Regula po iteracji 2: IF educ <= 3.50 AND age <= 23.50 AND mar = {not married} THEN survival_status = {inf}, (p=99, n=0, P=302, N=0)
2026-04-08 10:25:49,813 - INFO - *****GROWING RR RULE*****
2026-04-08 10:25:50,653 - INFO - Iteracja 0: condition_best: None, quality_best: -inf, coverage_best: (p=0, n=0, P=0, N=0), p_value: 0
2026-04-08 10:25:50,656 - INFO - Regula po iteracji 0: IF  THEN survival_status = {nan}, (p=302, n=0, P=302, N=0)
2026-04-08 10:25:50,656 - INFO - *****STOP GROWING RR RULE*****
2026-04-08 10:25:50,656 - INFO - ***RR NOT FOUND***
2026-04-08 10:25:50,864 - INFO - Iteracja 3: condition_best: emp1 = {no}, quality_best: 1.0, coverage_best: (p=87, n=0, P=302, N=0)
2026-04-08 10:25:50,867 - INFO - Regula po iteracji 3: IF educ <= 3.50 AND age <= 23.50 AND mar = {not married} AND emp1 = {no} THEN survival_status = {inf}, (p=87, n=0, P=302, N=0)
2026-04-08 10:25:50,868 - INFO - *****GROWING RR RULE*****
2026-04-08 10:25:51,705 - INFO - Iteracja 0: condition_best: None, quality_best: -inf, coverage_best: (p=0, n=0, P=0, N=0), p_value: 0
2026-04-08 10:25:51,708 - INFO - Regula po iteracji 0: IF  THEN survival_status = {nan}, (p=302, n=0, P=302, N=0)
2026-04-08 10:25:51,708 - INFO - *****STOP GROWING RR RULE*****
2026-04-08 10:25:51,708 - INFO - ***RR NOT FOUND***
2026-04-08 10:25:51,939 - INFO - Iteracja 4: condition_best: prio >= 0.50, quality_best: 1.0, coverage_best: (p=82, n=0, P=302, N=0)
2026-04-08 10:25:51,943 - INFO - Regula po iteracji 4: IF educ <= 3.50 AND age <= 23.50 AND mar = {not married} AND emp1 = {no} AND prio >= 0.50 THEN survival_status = {inf}, (p=82, n=0, P=302, N=0)
2026-04-08 10:25:51,943 - INFO - *****GROWING RR RULE*****
2026-04-08 10:25:52,775 - INFO - Iteracja 0: condition_best: None, quality_best: -inf, coverage_best: (p=0, n=0, P=0, N=0), p_value: 0
2026-04-08 10:25:52,778 - INFO - Regula po iteracji 0: IF  THEN survival_status = {nan}, (p=302, n=0, P=302, N=0)
2026-04-08 10:25:52,778 - INFO - *****STOP GROWING RR RULE*****
2026-04-08 10:25:52,778 - INFO - ***RR NOT FOUND***
2026-04-08 10:25:52,778 - INFO - *******STOP GROWING CR RULE*******
2026-04-08 10:25:52,788 - INFO - *******GROWING CR RULE*******
2026-04-08 10:25:52,969 - INFO - Iteracja 0: condition_best: age >= 19.50, quality_best: 1.0, coverage_best: (p=260, n=0, P=302, N=0)
2026-04-08 10:25:52,973 - INFO - Regula po iteracji 0: IF age >= 19.50 THEN survival_status = {nan}, (p=260, n=0, P=302, N=0)
2026-04-08 10:25:52,973 - INFO - *****GROWING RR RULE*****
2026-04-08 10:25:53,860 - INFO - Iteracja 0: condition_best: None, quality_best: -inf, coverage_best: (p=0, n=0, P=0, N=0), p_value: 0
2026-04-08 10:25:53,863 - INFO - Regula po iteracji 0: IF  THEN survival_status = {nan}, (p=302, n=0, P=302, N=0)
2026-04-08 10:25:53,863 - INFO - *****STOP GROWING RR RULE*****
2026-04-08 10:25:53,863 - INFO - ***RR NOT FOUND***
2026-04-08 10:25:54,083 - INFO - Iteracja 1: condition_best: prio <= 13.50, quality_best: 1.0, coverage_best: (p=257, n=0, P=302, N=0)
2026-04-08 10:25:54,086 - INFO - Regula po iteracji 1: IF age >= 19.50 AND prio <= 13.50 THEN survival_status = {inf}, (p=257, n=0, P=302, N=0)
2026-04-08 10:25:54,087 - INFO - *****GROWING RR RULE*****
2026-04-08 10:25:54,974 - INFO - Iteracja 0: condition_best: None, quality_best: -inf, coverage_best: (p=0, n=0, P=0, N=0), p_value: 0
2026-04-08 10:25:54,978 - INFO - Regula po iteracji 0: IF  THEN survival_status = {nan}, (p=302, n=0, P=302, N=0)
2026-04-08 10:25:54,978 - INFO - *****STOP GROWING RR RULE*****
2026-04-08 10:25:54,978 - INFO - ***RR NOT FOUND***
2026-04-08 10:25:55,211 - INFO - Iteracja 2: condition_best: prio <= 12.00, quality_best: 1.0, coverage_best: (p=256, n=0, P=302, N=0)
2026-04-08 10:25:55,214 - INFO - Regula po iteracji 2: IF age >= 19.50 AND prio <= 13.50 AND prio <= 12.00 THEN survival_status = {inf}, (p=256, n=0, P=302, N=0)
2026-04-08 10:25:55,214 - INFO - *****GROWING RR RULE*****
2026-04-08 10:25:56,098 - INFO - Iteracja 0: condition_best: None, quality_best: -inf, coverage_best: (p=0, n=0, P=0, N=0), p_value: 0
2026-04-08 10:25:56,101 - INFO - Regula po iteracji 0: IF  THEN survival_status = {nan}, (p=302, n=0, P=302, N=0)
2026-04-08 10:25:56,101 - INFO - *****STOP GROWING RR RULE*****
2026-04-08 10:25:56,101 - INFO - ***RR NOT FOUND***
2026-04-08 10:25:56,342 - INFO - Iteracja 3: condition_best: prio <= 10.50, quality_best: 1.0, coverage_best: (p=253, n=0, P=302, N=0)
2026-04-08 10:25:56,345 - INFO - Regula po iteracji 3: IF age >= 19.50 AND prio <= 13.50 AND prio <= 12.00 AND prio <= 10.50 THEN survival_status = {inf}, (p=253, n=0, P=302, N=0)
2026-04-08 10:25:56,345 - INFO - *****GROWING RR RULE*****
2026-04-08 10:25:57,234 - INFO - Iteracja 0: condition_best: None, quality_best: -inf, coverage_best: (p=0, n=0, P=0, N=0), p_value: 0
2026-04-08 10:25:57,237 - INFO - Regula po iteracji 0: IF  THEN survival_status = {nan}, (p=302, n=0, P=302, N=0)
2026-04-08 10:25:57,237 - INFO - *****STOP GROWING RR RULE*****
2026-04-08 10:25:57,238 - INFO - ***RR NOT FOUND***
2026-04-08 10:25:57,492 - INFO - Iteracja 4: condition_best: age <= 43.50, quality_best: 1.0, coverage_best: (p=251, n=0, P=302, N=0)
2026-04-08 10:25:57,496 - INFO - Regula po iteracji 4: IF age >= 19.50 AND prio <= 13.50 AND prio <= 12.00 AND prio <= 10.50 AND age <= 43.50 THEN survival_status = {inf}, (p=251, n=0, P=302, N=0)
2026-04-08 10:25:57,496 - INFO - *****GROWING RR RULE*****
2026-04-08 10:25:58,382 - INFO - Iteracja 0: condition_best: None, quality_best: -inf, coverage_best: (p=0, n=0, P=0, N=0), p_value: 0
2026-04-08 10:25:58,385 - INFO - Regula po iteracji 0: IF  THEN survival_status = {nan}, (p=302, n=0, P=302, N=0)
2026-04-08 10:25:58,385 - INFO - *****STOP GROWING RR RULE*****
2026-04-08 10:25:58,385 - INFO - ***RR NOT FOUND***
2026-04-08 10:25:58,385 - INFO - *******STOP GROWING CR RULE*******
2026-04-08 10:26:00,303 - INFO - ************************Finished experiment for 05_Rossi.arff with algorithm_log_rank_with_exceptions************************
2026-04-08 10:26:00,303 - INFO - *************************************************************************************************************************
2026-04-08 10:26:00,303 - INFO - *************************************************************************************************************************
2026-04-08 10:26:00,303 - INFO - *************************************************************************************************************************
2026-04-08 10:26:00,305 - INFO - **********Starting experiment for 05_Rossi.arff with survival_tree**********
2026-04-08 10:26:00,450 - INFO - ************************Finished experiment for 05_Rossi.arff with survival_tree************************
2026-04-08 10:26:00,450 - INFO - *************************************************************************************************************************
2026-04-08 10:26:00,450 - INFO - *************************************************************************************************************************
2026-04-08 10:26:00,450 - INFO - *************************************************************************************************************************
