2026-04-14 12:20:25,626 - INFO - **********Starting experiment for longley.arff with algorithm**********
2026-04-14 12:20:25,628 - INFO - *******GROWING CR RULE*******
2026-04-14 12:20:25,638 - INFO - Iteracja 0: condition_best: deflator <= 97.15, quality_best: 0.733, coverage_best: (p=4, n=1, P=4, N=12)
2026-04-14 12:20:25,638 - INFO - Regula po iteracji 0: IF deflator <= 97.15 THEN class = {61,204.80} [60,116.82, 62,292.78], (p=4, n=1, P=4, N=12)
2026-04-14 12:20:25,639 - INFO - *****GROWING RR RULE*****
2026-04-14 12:20:25,653 - INFO - Iteracja 0: condition_best: None, quality_best: -inf, coverage_best: (p=0, n=0, P=0, N=0), p_value: 0
2026-04-14 12:20:25,654 - INFO - Regula po iteracji 0: IF  THEN class = {65,317.00} [61,916.55, 68,717.45], (p=9, n=7, P=9, N=7)
2026-04-14 12:20:25,654 - INFO - *****STOP GROWING RR RULE*****
2026-04-14 12:20:25,654 - INFO - ***RR NOT FOUND***
2026-04-14 12:20:25,656 - INFO - Iteracja 1: condition_best: None, quality_best: -inf, coverage_best: (p=0, n=0, P=0, N=0)
2026-04-14 12:20:25,656 - INFO - Regula po iteracji 1: IF deflator <= 97.15 THEN class = {61,204.80} [60,116.82, 62,292.78], (p=4, n=1, P=4, N=12)
2026-04-14 12:20:25,656 - INFO - *******STOP GROWING CR RULE*******
2026-04-14 12:20:25,656 - INFO - *******GROWING CR RULE*******
2026-04-14 12:20:25,664 - INFO - Iteracja 0: condition_best: deflator >= 99.50, quality_best: 0.605, coverage_best: (p=7, n=2, P=7, N=9)
2026-04-14 12:20:25,664 - INFO - Regula po iteracji 0: IF deflator >= 99.50 THEN class = {67,824.44} [65,851.56, 69,797.33], (p=7, n=2, P=7, N=9)
2026-04-14 12:20:25,664 - INFO - *****GROWING RR RULE*****
2026-04-14 12:20:25,679 - INFO - Iteracja 0: condition_best: None, quality_best: -inf, coverage_best: (p=0, n=0, P=0, N=0), p_value: 0
2026-04-14 12:20:25,679 - INFO - Regula po iteracji 0: IF  THEN class = {65,317.00} [61,916.55, 68,717.45], (p=9, n=7, P=9, N=7)
2026-04-14 12:20:25,679 - INFO - *****STOP GROWING RR RULE*****
2026-04-14 12:20:25,679 - INFO - ***RR NOT FOUND***
2026-04-14 12:20:25,684 - INFO - Iteracja 1: condition_best: unemployed <= 3,872.00, quality_best: 0.638, coverage_best: (p=4, n=1, P=5, N=11)
2026-04-14 12:20:25,684 - INFO - Regula po iteracji 1: IF deflator >= 99.50 AND unemployed <= 3,872.00 THEN class = {66,892.20} [65,090.23, 68,694.17], (p=4, n=1, P=5, N=11)
2026-04-14 12:20:25,684 - INFO - *****GROWING RR RULE*****
2026-04-14 12:20:25,699 - INFO - Iteracja 0: condition_best: None, quality_best: -inf, coverage_best: (p=0, n=0, P=0, N=0), p_value: 0
2026-04-14 12:20:25,699 - INFO - Regula po iteracji 0: IF  THEN class = {65,317.00} [61,916.55, 68,717.45], (p=9, n=7, P=9, N=7)
2026-04-14 12:20:25,699 - INFO - *****STOP GROWING RR RULE*****
2026-04-14 12:20:25,699 - INFO - ***RR NOT FOUND***
2026-04-14 12:20:25,701 - INFO - Iteracja 2: condition_best: None, quality_best: -inf, coverage_best: (p=0, n=0, P=0, N=0)
2026-04-14 12:20:25,702 - INFO - Regula po iteracji 2: IF deflator >= 99.50 AND unemployed <= 3,872.00 THEN class = {66,892.20} [65,090.23, 68,694.17], (p=4, n=1, P=5, N=11)
2026-04-14 12:20:25,702 - INFO - *******STOP GROWING CR RULE*******
2026-04-14 12:20:25,702 - INFO - *******GROWING CR RULE*******
2026-04-14 12:20:25,709 - INFO - Iteracja 0: condition_best: GNP >= 364,248.50, quality_best: 0.467, coverage_best: (p=6, n=3, P=6, N=10)
2026-04-14 12:20:25,709 - INFO - Regula po iteracji 0: IF GNP >= 364,248.50 THEN class = {67,960.89} [66,248.48, 69,673.30], (p=6, n=3, P=6, N=10)
2026-04-14 12:20:25,710 - INFO - *****GROWING RR RULE*****
2026-04-14 12:20:25,724 - INFO - Iteracja 0: condition_best: None, quality_best: -inf, coverage_best: (p=0, n=0, P=0, N=0), p_value: 0
2026-04-14 12:20:25,724 - INFO - Regula po iteracji 0: IF  THEN class = {65,317.00} [61,916.55, 68,717.45], (p=9, n=7, P=9, N=7)
2026-04-14 12:20:25,724 - INFO - *****STOP GROWING RR RULE*****
2026-04-14 12:20:25,724 - INFO - ***RR NOT FOUND***
2026-04-14 12:20:25,729 - INFO - Iteracja 1: condition_best: None, quality_best: -inf, coverage_best: (p=0, n=0, P=0, N=0)
2026-04-14 12:20:25,729 - INFO - Regula po iteracji 1: IF GNP >= 364,248.50 THEN class = {67,960.89} [66,248.48, 69,673.30], (p=6, n=3, P=6, N=10)
2026-04-14 12:20:25,729 - INFO - *******STOP GROWING CR RULE*******
2026-04-14 12:20:25,729 - INFO - *******GROWING CR RULE*******
2026-04-14 12:20:25,736 - INFO - Iteracja 0: condition_best: deflator <= 88.35, quality_best: 1.0, coverage_best: (p=2, n=0, P=2, N=14)
2026-04-14 12:20:25,737 - INFO - Regula po iteracji 0: IF deflator <= 88.35 THEN class = {60,247.00} [60,171.00, 60,323.00], (p=2, n=0, P=2, N=14)
2026-04-14 12:20:25,737 - INFO - *****GROWING RR RULE*****
2026-04-14 12:20:25,752 - INFO - Iteracja 0: condition_best: None, quality_best: -inf, coverage_best: (p=0, n=0, P=0, N=0), p_value: 0
2026-04-14 12:20:25,752 - INFO - Regula po iteracji 0: IF  THEN class = {65,317.00} [61,916.55, 68,717.45], (p=9, n=7, P=9, N=7)
2026-04-14 12:20:25,752 - INFO - *****STOP GROWING RR RULE*****
2026-04-14 12:20:25,752 - INFO - ***RR NOT FOUND***
2026-04-14 12:20:25,753 - INFO - Iteracja 1: condition_best: deflator <= 85.60, quality_best: 1.0, coverage_best: (p=1, n=0, P=1, N=15)
2026-04-14 12:20:25,753 - INFO - Regula po iteracji 1: IF deflator <= 88.35 AND deflator <= 85.60 THEN class = {60,323.00} [60,323.00, 60,323.00], (p=1, n=0, P=1, N=15)
2026-04-14 12:20:25,753 - INFO - *****GROWING RR RULE*****
2026-04-14 12:20:25,768 - INFO - Iteracja 0: condition_best: None, quality_best: -inf, coverage_best: (p=0, n=0, P=0, N=0), p_value: 0
2026-04-14 12:20:25,768 - INFO - Regula po iteracji 0: IF  THEN class = {65,317.00} [61,916.55, 68,717.45], (p=9, n=7, P=9, N=7)
2026-04-14 12:20:25,768 - INFO - *****STOP GROWING RR RULE*****
2026-04-14 12:20:25,768 - INFO - ***RR NOT FOUND***
2026-04-14 12:20:25,769 - INFO - Iteracja 2: condition_best: None, quality_best: -inf, coverage_best: (p=0, n=0, P=0, N=0)
2026-04-14 12:20:25,769 - INFO - Regula po iteracji 2: IF deflator <= 88.35 AND deflator <= 85.60 THEN class = {60,323.00} [60,323.00, 60,323.00], (p=1, n=0, P=1, N=15)
2026-04-14 12:20:25,769 - INFO - *******STOP GROWING CR RULE*******
2026-04-14 12:20:25,771 - INFO - ************************Finished experiment for longley.arff with algorithm************************
2026-04-14 12:20:25,771 - INFO - *************************************************************************************************************************
2026-04-14 12:20:25,771 - INFO - *************************************************************************************************************************
2026-04-14 12:20:25,771 - INFO - *************************************************************************************************************************
