2026-04-14 12:58:46,705 - INFO - **********Starting experiment for pyrim.arff with algorithm**********
2026-04-14 12:58:46,708 - INFO - *******GROWING CR RULE*******
2026-04-14 12:58:46,718 - INFO - Iteracja 0: condition_best: p2_size <= 0.18, quality_best: 0.61, coverage_best: (p=25, n=2, P=47, N=27)
2026-04-14 12:58:46,718 - INFO - Regula po iteracji 0: IF p2_size <= 0.18 THEN class = {0.59} [0.48, 0.71], (p=25, n=2, P=47, N=27)
2026-04-14 12:58:46,719 - INFO - *****GROWING RR RULE*****
2026-04-14 12:58:46,734 - INFO - Iteracja 0: condition_best: None, quality_best: -inf, coverage_best: (p=0, n=0, P=0, N=0), p_value: 0
2026-04-14 12:58:46,734 - INFO - Regula po iteracji 0: IF  THEN class = {0.66} [0.53, 0.79], (p=59, n=15, P=59, N=15)
2026-04-14 12:58:46,735 - INFO - *****STOP GROWING RR RULE*****
2026-04-14 12:58:46,735 - INFO - ***RR NOT FOUND***
2026-04-14 12:58:46,739 - INFO - Iteracja 1: condition_best: p1_polar <= 0.80, quality_best: 0.596, coverage_best: (p=24, n=2, P=47, N=27)
2026-04-14 12:58:46,739 - INFO - Regula po iteracji 1: IF p2_size <= 0.18 AND p1_polar <= 0.80 THEN class = {0.60} [0.48, 0.71], (p=24, n=2, P=47, N=27)
2026-04-14 12:58:46,740 - INFO - *****GROWING RR RULE*****
2026-04-14 12:58:46,754 - INFO - Iteracja 0: condition_best: None, quality_best: -inf, coverage_best: (p=0, n=0, P=0, N=0), p_value: 0
2026-04-14 12:58:46,754 - INFO - Regula po iteracji 0: IF  THEN class = {0.66} [0.53, 0.79], (p=59, n=15, P=59, N=15)
2026-04-14 12:58:46,754 - INFO - *****STOP GROWING RR RULE*****
2026-04-14 12:58:46,754 - INFO - ***RR NOT FOUND***
2026-04-14 12:58:46,759 - INFO - Iteracja 2: condition_best: p1_polar <= 0.60, quality_best: 0.581, coverage_best: (p=23, n=2, P=47, N=27)
2026-04-14 12:58:46,759 - INFO - Regula po iteracji 2: IF p2_size <= 0.18 AND p1_polar <= 0.80 AND p1_polar <= 0.60 THEN class = {0.60} [0.48, 0.71], (p=23, n=2, P=47, N=27)
2026-04-14 12:58:46,759 - INFO - *****GROWING RR RULE*****
2026-04-14 12:58:46,774 - INFO - Iteracja 0: condition_best: None, quality_best: -inf, coverage_best: (p=0, n=0, P=0, N=0), p_value: 0
2026-04-14 12:58:46,774 - INFO - Regula po iteracji 0: IF  THEN class = {0.66} [0.53, 0.79], (p=59, n=15, P=59, N=15)
2026-04-14 12:58:46,774 - INFO - *****STOP GROWING RR RULE*****
2026-04-14 12:58:46,774 - INFO - ***RR NOT FOUND***
2026-04-14 12:58:46,779 - INFO - Iteracja 3: condition_best: p1_pi_acceptor <= 0.30, quality_best: 0.566, coverage_best: (p=22, n=2, P=47, N=27)
2026-04-14 12:58:46,779 - INFO - Regula po iteracji 3: IF p2_size <= 0.18 AND p1_polar <= 0.80 AND p1_polar <= 0.60 AND p1_pi_acceptor <= 0.30 THEN class = {0.59} [0.47, 0.71], (p=22, n=2, P=47, N=27)
2026-04-14 12:58:46,779 - INFO - *****GROWING RR RULE*****
2026-04-14 12:58:46,794 - INFO - Iteracja 0: condition_best: None, quality_best: -inf, coverage_best: (p=0, n=0, P=0, N=0), p_value: 0
2026-04-14 12:58:46,794 - INFO - Regula po iteracji 0: IF  THEN class = {0.66} [0.53, 0.79], (p=59, n=15, P=59, N=15)
2026-04-14 12:58:46,794 - INFO - *****STOP GROWING RR RULE*****
2026-04-14 12:58:46,794 - INFO - ***RR NOT FOUND***
2026-04-14 12:58:46,799 - INFO - Iteracja 4: condition_best: p1_polarisable <= 0.77, quality_best: 0.551, coverage_best: (p=21, n=2, P=47, N=27)
2026-04-14 12:58:46,799 - INFO - Regula po iteracji 4: IF p2_size <= 0.18 AND p1_polar <= 0.80 AND p1_polar <= 0.60 AND p1_pi_acceptor <= 0.30 AND p1_polarisable <= 0.77 THEN class = {0.59} [0.47, 0.71], (p=21, n=2, P=47, N=27)
2026-04-14 12:58:46,799 - INFO - *****GROWING RR RULE*****
2026-04-14 12:58:46,814 - INFO - Iteracja 0: condition_best: None, quality_best: -inf, coverage_best: (p=0, n=0, P=0, N=0), p_value: 0
2026-04-14 12:58:46,814 - INFO - Regula po iteracji 0: IF  THEN class = {0.66} [0.53, 0.79], (p=59, n=15, P=59, N=15)
2026-04-14 12:58:46,814 - INFO - *****STOP GROWING RR RULE*****
2026-04-14 12:58:46,814 - INFO - ***RR NOT FOUND***
2026-04-14 12:58:46,814 - INFO - *******STOP GROWING CR RULE*******
2026-04-14 12:58:46,815 - INFO - *******GROWING CR RULE*******
2026-04-14 12:58:46,823 - INFO - Iteracja 0: condition_best: p3_pi_doner >= 0.30, quality_best: 0.491, coverage_best: (p=15, n=1, P=54, N=20)
2026-04-14 12:58:46,823 - INFO - Regula po iteracji 0: IF p3_pi_doner >= 0.30 THEN class = {0.77} [0.58, 0.96], (p=15, n=1, P=54, N=20)
2026-04-14 12:58:46,823 - INFO - *****GROWING RR RULE*****
2026-04-14 12:58:46,838 - INFO - Iteracja 0: condition_best: None, quality_best: -inf, coverage_best: (p=0, n=0, P=0, N=0), p_value: 0
2026-04-14 12:58:46,838 - INFO - Regula po iteracji 0: IF  THEN class = {0.66} [0.53, 0.79], (p=59, n=15, P=59, N=15)
2026-04-14 12:58:46,838 - INFO - *****STOP GROWING RR RULE*****
2026-04-14 12:58:46,838 - INFO - ***RR NOT FOUND***
2026-04-14 12:58:46,842 - INFO - Iteracja 1: condition_best: p2_polar >= 0.34, quality_best: 0.761, coverage_best: (p=10, n=1, P=14, N=60)
2026-04-14 12:58:46,842 - INFO - Regula po iteracji 1: IF p3_pi_doner >= 0.30 AND p2_polar >= 0.34 THEN class = {0.83} [0.76, 0.90], (p=10, n=1, P=14, N=60)
2026-04-14 12:58:46,843 - INFO - *****GROWING RR RULE*****
2026-04-14 12:58:46,857 - INFO - Iteracja 0: condition_best: None, quality_best: -inf, coverage_best: (p=0, n=0, P=0, N=0), p_value: 0
2026-04-14 12:58:46,857 - INFO - Regula po iteracji 0: IF  THEN class = {0.66} [0.53, 0.79], (p=59, n=15, P=59, N=15)
2026-04-14 12:58:46,857 - INFO - *****STOP GROWING RR RULE*****
2026-04-14 12:58:46,857 - INFO - ***RR NOT FOUND***
2026-04-14 12:58:46,860 - INFO - Iteracja 2: condition_best: p2_polarisable <= 0.70, quality_best: 0.72, coverage_best: (p=9, n=1, P=14, N=60)
2026-04-14 12:58:46,860 - INFO - Regula po iteracji 2: IF p3_pi_doner >= 0.30 AND p2_polar >= 0.34 AND p2_polarisable <= 0.70 THEN class = {0.83} [0.76, 0.91], (p=9, n=1, P=14, N=60)
2026-04-14 12:58:46,860 - INFO - *****GROWING RR RULE*****
2026-04-14 12:58:46,875 - INFO - Iteracja 0: condition_best: None, quality_best: -inf, coverage_best: (p=0, n=0, P=0, N=0), p_value: 0
2026-04-14 12:58:46,875 - INFO - Regula po iteracji 0: IF  THEN class = {0.66} [0.53, 0.79], (p=59, n=15, P=59, N=15)
2026-04-14 12:58:46,875 - INFO - *****STOP GROWING RR RULE*****
2026-04-14 12:58:46,875 - INFO - ***RR NOT FOUND***
2026-04-14 12:58:46,878 - INFO - Iteracja 3: condition_best: p2_size <= 0.66, quality_best: 0.75, coverage_best: (p=5, n=1, P=6, N=68)
2026-04-14 12:58:46,878 - INFO - Regula po iteracji 3: IF p3_pi_doner >= 0.30 AND p2_polar >= 0.34 AND p2_polarisable <= 0.70 AND p2_size <= 0.66 THEN class = {0.89} [0.86, 0.91], (p=5, n=1, P=6, N=68)
2026-04-14 12:58:46,878 - INFO - *****GROWING RR RULE*****
2026-04-14 12:58:46,893 - INFO - Iteracja 0: condition_best: None, quality_best: -inf, coverage_best: (p=0, n=0, P=0, N=0), p_value: 0
2026-04-14 12:58:46,893 - INFO - Regula po iteracji 0: IF  THEN class = {0.66} [0.53, 0.79], (p=59, n=15, P=59, N=15)
2026-04-14 12:58:46,893 - INFO - *****STOP GROWING RR RULE*****
2026-04-14 12:58:46,893 - INFO - ***RR NOT FOUND***
2026-04-14 12:58:46,896 - INFO - Iteracja 4: condition_best: p1_sigma <= 0.50, quality_best: 0.612, coverage_best: (p=4, n=1, P=7, N=67)
2026-04-14 12:58:46,896 - INFO - Regula po iteracji 4: IF p3_pi_doner >= 0.30 AND p2_polar >= 0.34 AND p2_polarisable <= 0.70 AND p2_size <= 0.66 AND p1_sigma <= 0.50 THEN class = {0.88} [0.86, 0.91], (p=4, n=1, P=7, N=67)
2026-04-14 12:58:46,896 - INFO - *****GROWING RR RULE*****
2026-04-14 12:58:46,910 - INFO - Iteracja 0: condition_best: None, quality_best: -inf, coverage_best: (p=0, n=0, P=0, N=0), p_value: 0
2026-04-14 12:58:46,910 - INFO - Regula po iteracji 0: IF  THEN class = {0.66} [0.53, 0.79], (p=59, n=15, P=59, N=15)
2026-04-14 12:58:46,911 - INFO - *****STOP GROWING RR RULE*****
2026-04-14 12:58:46,911 - INFO - ***RR NOT FOUND***
2026-04-14 12:58:46,911 - INFO - *******STOP GROWING CR RULE*******
2026-04-14 12:58:46,911 - INFO - *******GROWING CR RULE*******
2026-04-14 12:58:46,919 - INFO - Iteracja 0: condition_best: p3_pi_doner >= 0.30, quality_best: 0.491, coverage_best: (p=15, n=1, P=54, N=20)
2026-04-14 12:58:46,919 - INFO - Regula po iteracji 0: IF p3_pi_doner >= 0.30 THEN class = {0.77} [0.58, 0.96], (p=15, n=1, P=54, N=20)
2026-04-14 12:58:46,919 - INFO - *****GROWING RR RULE*****
2026-04-14 12:58:46,933 - INFO - Iteracja 0: condition_best: None, quality_best: -inf, coverage_best: (p=0, n=0, P=0, N=0), p_value: 0
2026-04-14 12:58:46,934 - INFO - Regula po iteracji 0: IF  THEN class = {0.66} [0.53, 0.79], (p=59, n=15, P=59, N=15)
2026-04-14 12:58:46,934 - INFO - *****STOP GROWING RR RULE*****
2026-04-14 12:58:46,934 - INFO - ***RR NOT FOUND***
2026-04-14 12:58:46,938 - INFO - Iteracja 1: condition_best: p2_polar >= 0.34, quality_best: 0.761, coverage_best: (p=10, n=1, P=14, N=60)
2026-04-14 12:58:46,938 - INFO - Regula po iteracji 1: IF p3_pi_doner >= 0.30 AND p2_polar >= 0.34 THEN class = {0.83} [0.76, 0.90], (p=10, n=1, P=14, N=60)
2026-04-14 12:58:46,938 - INFO - *****GROWING RR RULE*****
2026-04-14 12:58:46,952 - INFO - Iteracja 0: condition_best: None, quality_best: -inf, coverage_best: (p=0, n=0, P=0, N=0), p_value: 0
2026-04-14 12:58:46,953 - INFO - Regula po iteracji 0: IF  THEN class = {0.66} [0.53, 0.79], (p=59, n=15, P=59, N=15)
2026-04-14 12:58:46,953 - INFO - *****STOP GROWING RR RULE*****
2026-04-14 12:58:46,953 - INFO - ***RR NOT FOUND***
2026-04-14 12:58:46,956 - INFO - Iteracja 2: condition_best: p2_polarisable <= 0.70, quality_best: 0.72, coverage_best: (p=9, n=1, P=14, N=60)
2026-04-14 12:58:46,956 - INFO - Regula po iteracji 2: IF p3_pi_doner >= 0.30 AND p2_polar >= 0.34 AND p2_polarisable <= 0.70 THEN class = {0.83} [0.76, 0.91], (p=9, n=1, P=14, N=60)
2026-04-14 12:58:46,956 - INFO - *****GROWING RR RULE*****
2026-04-14 12:58:46,970 - INFO - Iteracja 0: condition_best: None, quality_best: -inf, coverage_best: (p=0, n=0, P=0, N=0), p_value: 0
2026-04-14 12:58:46,971 - INFO - Regula po iteracji 0: IF  THEN class = {0.66} [0.53, 0.79], (p=59, n=15, P=59, N=15)
2026-04-14 12:58:46,971 - INFO - *****STOP GROWING RR RULE*****
2026-04-14 12:58:46,971 - INFO - ***RR NOT FOUND***
2026-04-14 12:58:46,974 - INFO - Iteracja 3: condition_best: p2_polar <= 0.50, quality_best: 0.644, coverage_best: (p=8, n=1, P=16, N=58)
2026-04-14 12:58:46,974 - INFO - Regula po iteracji 3: IF p3_pi_doner >= 0.30 AND p2_polar >= 0.34 AND p2_polarisable <= 0.70 AND p2_polar <= 0.50 THEN class = {0.83} [0.75, 0.90], (p=8, n=1, P=16, N=58)
2026-04-14 12:58:46,974 - INFO - *****GROWING RR RULE*****
2026-04-14 12:58:46,988 - INFO - Iteracja 0: condition_best: None, quality_best: -inf, coverage_best: (p=0, n=0, P=0, N=0), p_value: 0
2026-04-14 12:58:46,988 - INFO - Regula po iteracji 0: IF  THEN class = {0.66} [0.53, 0.79], (p=59, n=15, P=59, N=15)
2026-04-14 12:58:46,989 - INFO - *****STOP GROWING RR RULE*****
2026-04-14 12:58:46,989 - INFO - ***RR NOT FOUND***
2026-04-14 12:58:46,992 - INFO - Iteracja 4: condition_best: p2_h_acceptor <= 0.70, quality_best: 0.591, coverage_best: (p=7, n=1, P=17, N=57)
2026-04-14 12:58:46,992 - INFO - Regula po iteracji 4: IF p3_pi_doner >= 0.30 AND p2_polar >= 0.34 AND p2_polarisable <= 0.70 AND p2_polar <= 0.50 AND p2_h_acceptor <= 0.70 THEN class = {0.83} [0.75, 0.91], (p=7, n=1, P=17, N=57)
2026-04-14 12:58:46,992 - INFO - *****GROWING RR RULE*****
2026-04-14 12:58:47,006 - INFO - Iteracja 0: condition_best: None, quality_best: -inf, coverage_best: (p=0, n=0, P=0, N=0), p_value: 0
2026-04-14 12:58:47,006 - INFO - Regula po iteracji 0: IF  THEN class = {0.66} [0.53, 0.79], (p=59, n=15, P=59, N=15)
2026-04-14 12:58:47,006 - INFO - *****STOP GROWING RR RULE*****
2026-04-14 12:58:47,006 - INFO - ***RR NOT FOUND***
2026-04-14 12:58:47,006 - INFO - *******STOP GROWING CR RULE*******
2026-04-14 12:58:47,007 - INFO - *******GROWING CR RULE*******
2026-04-14 12:58:47,015 - INFO - Iteracja 0: condition_best: p3_size >= 0.23, quality_best: 0.481, coverage_best: (p=20, n=2, P=52, N=22)
2026-04-14 12:58:47,015 - INFO - Regula po iteracji 0: IF p3_size >= 0.23 THEN class = {0.76} [0.59, 0.93], (p=20, n=2, P=52, N=22)
2026-04-14 12:58:47,015 - INFO - *****GROWING RR RULE*****
2026-04-14 12:58:47,029 - INFO - Iteracja 0: condition_best: None, quality_best: -inf, coverage_best: (p=0, n=0, P=0, N=0), p_value: 0
2026-04-14 12:58:47,029 - INFO - Regula po iteracji 0: IF  THEN class = {0.66} [0.53, 0.79], (p=59, n=15, P=59, N=15)
2026-04-14 12:58:47,029 - INFO - *****STOP GROWING RR RULE*****
2026-04-14 12:58:47,029 - INFO - ***RR NOT FOUND***
2026-04-14 12:58:47,034 - INFO - Iteracja 1: condition_best: p1_flex <= 0.20, quality_best: 0.577, coverage_best: (p=18, n=1, P=49, N=25)
2026-04-14 12:58:47,034 - INFO - Regula po iteracji 1: IF p3_size >= 0.23 AND p1_flex <= 0.20 THEN class = {0.77} [0.60, 0.95], (p=18, n=1, P=49, N=25)
2026-04-14 12:58:47,035 - INFO - *****GROWING RR RULE*****
2026-04-14 12:58:47,049 - INFO - Iteracja 0: condition_best: None, quality_best: -inf, coverage_best: (p=0, n=0, P=0, N=0), p_value: 0
2026-04-14 12:58:47,049 - INFO - Regula po iteracji 0: IF  THEN class = {0.66} [0.53, 0.79], (p=59, n=15, P=59, N=15)
2026-04-14 12:58:47,049 - INFO - *****STOP GROWING RR RULE*****
2026-04-14 12:58:47,049 - INFO - ***RR NOT FOUND***
2026-04-14 12:58:47,054 - INFO - Iteracja 2: condition_best: p2_polarisable <= 0.70, quality_best: 0.555, coverage_best: (p=17, n=1, P=50, N=24)
2026-04-14 12:58:47,054 - INFO - Regula po iteracji 2: IF p3_size >= 0.23 AND p1_flex <= 0.20 AND p2_polarisable <= 0.70 THEN class = {0.77} [0.59, 0.95], (p=17, n=1, P=50, N=24)
2026-04-14 12:58:47,054 - INFO - *****GROWING RR RULE*****
2026-04-14 12:58:47,068 - INFO - Iteracja 0: condition_best: None, quality_best: -inf, coverage_best: (p=0, n=0, P=0, N=0), p_value: 0
2026-04-14 12:58:47,068 - INFO - Regula po iteracji 0: IF  THEN class = {0.66} [0.53, 0.79], (p=59, n=15, P=59, N=15)
2026-04-14 12:58:47,068 - INFO - *****STOP GROWING RR RULE*****
2026-04-14 12:58:47,068 - INFO - ***RR NOT FOUND***
2026-04-14 12:58:47,073 - INFO - Iteracja 3: condition_best: p2_flex <= 0.80, quality_best: 0.517, coverage_best: (p=15, n=1, P=51, N=23)
2026-04-14 12:58:47,073 - INFO - Regula po iteracji 3: IF p3_size >= 0.23 AND p1_flex <= 0.20 AND p2_polarisable <= 0.70 AND p2_flex <= 0.80 THEN class = {0.78} [0.59, 0.97], (p=15, n=1, P=51, N=23)
2026-04-14 12:58:47,073 - INFO - *****GROWING RR RULE*****
2026-04-14 12:58:47,087 - INFO - Iteracja 0: condition_best: None, quality_best: -inf, coverage_best: (p=0, n=0, P=0, N=0), p_value: 0
2026-04-14 12:58:47,088 - INFO - Regula po iteracji 0: IF  THEN class = {0.66} [0.53, 0.79], (p=59, n=15, P=59, N=15)
2026-04-14 12:58:47,088 - INFO - *****STOP GROWING RR RULE*****
2026-04-14 12:58:47,088 - INFO - ***RR NOT FOUND***
2026-04-14 12:58:47,092 - INFO - Iteracja 4: condition_best: p2_size >= 0.18, quality_best: 0.554, coverage_best: (p=9, n=4, P=12, N=62)
2026-04-14 12:58:47,092 - INFO - Regula po iteracji 4: IF p3_size >= 0.23 AND p1_flex <= 0.20 AND p2_polarisable <= 0.70 AND p2_flex <= 0.80 AND p2_size >= 0.18 THEN class = {0.84} [0.77, 0.90], (p=9, n=4, P=12, N=62)
2026-04-14 12:58:47,092 - INFO - *****GROWING RR RULE*****
2026-04-14 12:58:47,107 - INFO - Iteracja 0: condition_best: None, quality_best: -inf, coverage_best: (p=0, n=0, P=0, N=0), p_value: 0
2026-04-14 12:58:47,107 - INFO - Regula po iteracji 0: IF  THEN class = {0.66} [0.53, 0.79], (p=59, n=15, P=59, N=15)
2026-04-14 12:58:47,107 - INFO - *****STOP GROWING RR RULE*****
2026-04-14 12:58:47,107 - INFO - ***RR NOT FOUND***
2026-04-14 12:58:47,107 - INFO - *******STOP GROWING CR RULE*******
2026-04-14 12:58:47,108 - INFO - *******GROWING CR RULE*******
2026-04-14 12:58:47,115 - INFO - Iteracja 0: condition_best: p1_sigma <= 0.18, quality_best: 0.468, coverage_best: (p=23, n=5, P=41, N=33)
2026-04-14 12:58:47,115 - INFO - Regula po iteracji 0: IF p1_sigma <= 0.18 THEN class = {0.60} [0.53, 0.66], (p=23, n=5, P=41, N=33)
2026-04-14 12:58:47,116 - INFO - *****GROWING RR RULE*****
2026-04-14 12:58:47,130 - INFO - Iteracja 0: condition_best: None, quality_best: -inf, coverage_best: (p=0, n=0, P=0, N=0), p_value: 0
2026-04-14 12:58:47,130 - INFO - Regula po iteracji 0: IF  THEN class = {0.66} [0.53, 0.79], (p=59, n=15, P=59, N=15)
2026-04-14 12:58:47,130 - INFO - *****STOP GROWING RR RULE*****
2026-04-14 12:58:47,130 - INFO - ***RR NOT FOUND***
2026-04-14 12:58:47,135 - INFO - Iteracja 1: condition_best: p2_h_doner <= 0.70, quality_best: 0.497, coverage_best: (p=21, n=4, P=40, N=34)
2026-04-14 12:58:47,135 - INFO - Regula po iteracji 1: IF p1_sigma <= 0.18 AND p2_h_doner <= 0.70 THEN class = {0.59} [0.53, 0.66], (p=21, n=4, P=40, N=34)
2026-04-14 12:58:47,135 - INFO - *****GROWING RR RULE*****
2026-04-14 12:58:47,149 - INFO - Iteracja 0: condition_best: None, quality_best: -inf, coverage_best: (p=0, n=0, P=0, N=0), p_value: 0
2026-04-14 12:58:47,150 - INFO - Regula po iteracji 0: IF  THEN class = {0.66} [0.53, 0.79], (p=59, n=15, P=59, N=15)
2026-04-14 12:58:47,150 - INFO - *****STOP GROWING RR RULE*****
2026-04-14 12:58:47,150 - INFO - ***RR NOT FOUND***
2026-04-14 12:58:47,154 - INFO - Iteracja 2: condition_best: p2_size <= 0.66, quality_best: 0.484, coverage_best: (p=18, n=4, P=36, N=38)
2026-04-14 12:58:47,154 - INFO - Regula po iteracji 2: IF p1_sigma <= 0.18 AND p2_h_doner <= 0.70 AND p2_size <= 0.66 THEN class = {0.60} [0.54, 0.66], (p=18, n=4, P=36, N=38)
2026-04-14 12:58:47,155 - INFO - *****GROWING RR RULE*****
2026-04-14 12:58:47,169 - INFO - Iteracja 0: condition_best: None, quality_best: -inf, coverage_best: (p=0, n=0, P=0, N=0), p_value: 0
2026-04-14 12:58:47,169 - INFO - Regula po iteracji 0: IF  THEN class = {0.66} [0.53, 0.79], (p=59, n=15, P=59, N=15)
2026-04-14 12:58:47,169 - INFO - *****STOP GROWING RR RULE*****
2026-04-14 12:58:47,169 - INFO - ***RR NOT FOUND***
2026-04-14 12:58:47,173 - INFO - Iteracja 3: condition_best: p1_size <= 0.34, quality_best: 0.485, coverage_best: (p=14, n=3, P=33, N=41)
2026-04-14 12:58:47,173 - INFO - Regula po iteracji 3: IF p1_sigma <= 0.18 AND p2_h_doner <= 0.70 AND p2_size <= 0.66 AND p1_size <= 0.34 THEN class = {0.60} [0.55, 0.65], (p=14, n=3, P=33, N=41)
2026-04-14 12:58:47,174 - INFO - *****GROWING RR RULE*****
2026-04-14 12:58:47,188 - INFO - Iteracja 0: condition_best: None, quality_best: -inf, coverage_best: (p=0, n=0, P=0, N=0), p_value: 0
2026-04-14 12:58:47,188 - INFO - Regula po iteracji 0: IF  THEN class = {0.66} [0.53, 0.79], (p=59, n=15, P=59, N=15)
2026-04-14 12:58:47,188 - INFO - *****STOP GROWING RR RULE*****
2026-04-14 12:58:47,188 - INFO - ***RR NOT FOUND***
2026-04-14 12:58:47,191 - INFO - Iteracja 4: condition_best: p2_size >= 0.18, quality_best: 0.482, coverage_best: (p=11, n=2, P=33, N=41)
2026-04-14 12:58:47,191 - INFO - Regula po iteracji 4: IF p1_sigma <= 0.18 AND p2_h_doner <= 0.70 AND p2_size <= 0.66 AND p1_size <= 0.34 AND p2_size >= 0.18 THEN class = {0.60} [0.55, 0.65], (p=11, n=2, P=33, N=41)
2026-04-14 12:58:47,192 - INFO - *****GROWING RR RULE*****
2026-04-14 12:58:47,206 - INFO - Iteracja 0: condition_best: None, quality_best: -inf, coverage_best: (p=0, n=0, P=0, N=0), p_value: 0
2026-04-14 12:58:47,206 - INFO - Regula po iteracji 0: IF  THEN class = {0.66} [0.53, 0.79], (p=59, n=15, P=59, N=15)
2026-04-14 12:58:47,206 - INFO - *****STOP GROWING RR RULE*****
2026-04-14 12:58:47,206 - INFO - ***RR NOT FOUND***
2026-04-14 12:58:47,206 - INFO - *******STOP GROWING CR RULE*******
2026-04-14 12:58:47,207 - INFO - *******GROWING CR RULE*******
2026-04-14 12:58:47,214 - INFO - Iteracja 0: condition_best: p1_sigma <= 0.18, quality_best: 0.468, coverage_best: (p=23, n=5, P=41, N=33)
2026-04-14 12:58:47,214 - INFO - Regula po iteracji 0: IF p1_sigma <= 0.18 THEN class = {0.60} [0.53, 0.66], (p=23, n=5, P=41, N=33)
2026-04-14 12:58:47,215 - INFO - *****GROWING RR RULE*****
2026-04-14 12:58:47,229 - INFO - Iteracja 0: condition_best: None, quality_best: -inf, coverage_best: (p=0, n=0, P=0, N=0), p_value: 0
2026-04-14 12:58:47,229 - INFO - Regula po iteracji 0: IF  THEN class = {0.66} [0.53, 0.79], (p=59, n=15, P=59, N=15)
2026-04-14 12:58:47,229 - INFO - *****STOP GROWING RR RULE*****
2026-04-14 12:58:47,229 - INFO - ***RR NOT FOUND***
2026-04-14 12:58:47,234 - INFO - Iteracja 1: condition_best: p2_h_acceptor <= 0.70, quality_best: 0.497, coverage_best: (p=21, n=4, P=40, N=34)
2026-04-14 12:58:47,234 - INFO - Regula po iteracji 1: IF p1_sigma <= 0.18 AND p2_h_acceptor <= 0.70 THEN class = {0.59} [0.53, 0.66], (p=21, n=4, P=40, N=34)
2026-04-14 12:58:47,234 - INFO - *****GROWING RR RULE*****
2026-04-14 12:58:47,248 - INFO - Iteracja 0: condition_best: None, quality_best: -inf, coverage_best: (p=0, n=0, P=0, N=0), p_value: 0
2026-04-14 12:58:47,248 - INFO - Regula po iteracji 0: IF  THEN class = {0.66} [0.53, 0.79], (p=59, n=15, P=59, N=15)
2026-04-14 12:58:47,249 - INFO - *****STOP GROWING RR RULE*****
2026-04-14 12:58:47,249 - INFO - ***RR NOT FOUND***
2026-04-14 12:58:47,253 - INFO - Iteracja 2: condition_best: p1_size <= 0.58, quality_best: 0.478, coverage_best: (p=20, n=4, P=40, N=34)
2026-04-14 12:58:47,253 - INFO - Regula po iteracji 2: IF p1_sigma <= 0.18 AND p2_h_acceptor <= 0.70 AND p1_size <= 0.58 THEN class = {0.59} [0.53, 0.66], (p=20, n=4, P=40, N=34)
2026-04-14 12:58:47,253 - INFO - *****GROWING RR RULE*****
2026-04-14 12:58:47,268 - INFO - Iteracja 0: condition_best: None, quality_best: -inf, coverage_best: (p=0, n=0, P=0, N=0), p_value: 0
2026-04-14 12:58:47,268 - INFO - Regula po iteracji 0: IF  THEN class = {0.66} [0.53, 0.79], (p=59, n=15, P=59, N=15)
2026-04-14 12:58:47,268 - INFO - *****STOP GROWING RR RULE*****
2026-04-14 12:58:47,268 - INFO - ***RR NOT FOUND***
2026-04-14 12:58:47,272 - INFO - Iteracja 3: condition_best: p1_flex <= 0.35, quality_best: 0.458, coverage_best: (p=19, n=4, P=40, N=34)
2026-04-14 12:58:47,272 - INFO - Regula po iteracji 3: IF p1_sigma <= 0.18 AND p2_h_acceptor <= 0.70 AND p1_size <= 0.58 AND p1_flex <= 0.35 THEN class = {0.59} [0.53, 0.66], (p=19, n=4, P=40, N=34)
2026-04-14 12:58:47,273 - INFO - *****GROWING RR RULE*****
2026-04-14 12:58:47,287 - INFO - Iteracja 0: condition_best: None, quality_best: -inf, coverage_best: (p=0, n=0, P=0, N=0), p_value: 0
2026-04-14 12:58:47,287 - INFO - Regula po iteracji 0: IF  THEN class = {0.66} [0.53, 0.79], (p=59, n=15, P=59, N=15)
2026-04-14 12:58:47,287 - INFO - *****STOP GROWING RR RULE*****
2026-04-14 12:58:47,287 - INFO - ***RR NOT FOUND***
2026-04-14 12:58:47,292 - INFO - Iteracja 4: condition_best: p2_polar >= 0.18, quality_best: 0.438, coverage_best: (p=18, n=4, P=40, N=34)
2026-04-14 12:58:47,292 - INFO - Regula po iteracji 4: IF p1_sigma <= 0.18 AND p2_h_acceptor <= 0.70 AND p1_size <= 0.58 AND p1_flex <= 0.35 AND p2_polar >= 0.18 THEN class = {0.59} [0.52, 0.66], (p=18, n=4, P=40, N=34)
2026-04-14 12:58:47,292 - INFO - *****GROWING RR RULE*****
2026-04-14 12:58:47,306 - INFO - Iteracja 0: condition_best: None, quality_best: -inf, coverage_best: (p=0, n=0, P=0, N=0), p_value: 0
2026-04-14 12:58:47,306 - INFO - Regula po iteracji 0: IF  THEN class = {0.66} [0.53, 0.79], (p=59, n=15, P=59, N=15)
2026-04-14 12:58:47,306 - INFO - *****STOP GROWING RR RULE*****
2026-04-14 12:58:47,306 - INFO - ***RR NOT FOUND***
2026-04-14 12:58:47,306 - INFO - *******STOP GROWING CR RULE*******
2026-04-14 12:58:47,307 - INFO - *******GROWING CR RULE*******
2026-04-14 12:58:47,314 - INFO - Iteracja 0: condition_best: p2_pi_doner <= 0.30, quality_best: 0.448, coverage_best: (p=30, n=5, P=50, N=24)
2026-04-14 12:58:47,314 - INFO - Regula po iteracji 0: IF p2_pi_doner <= 0.30 THEN class = {0.61} [0.49, 0.73], (p=30, n=5, P=50, N=24)
2026-04-14 12:58:47,315 - INFO - *****GROWING RR RULE*****
2026-04-14 12:58:47,329 - INFO - Iteracja 0: condition_best: None, quality_best: -inf, coverage_best: (p=0, n=0, P=0, N=0), p_value: 0
2026-04-14 12:58:47,329 - INFO - Regula po iteracji 0: IF  THEN class = {0.66} [0.53, 0.79], (p=59, n=15, P=59, N=15)
2026-04-14 12:58:47,329 - INFO - *****STOP GROWING RR RULE*****
2026-04-14 12:58:47,329 - INFO - ***RR NOT FOUND***
2026-04-14 12:58:47,335 - INFO - Iteracja 1: condition_best: p3_size <= 0.50, quality_best: 0.584, coverage_best: (p=27, n=3, P=46, N=28)
2026-04-14 12:58:47,335 - INFO - Regula po iteracji 1: IF p2_pi_doner <= 0.30 AND p3_size <= 0.50 THEN class = {0.59} [0.48, 0.69], (p=27, n=3, P=46, N=28)
2026-04-14 12:58:47,335 - INFO - *****GROWING RR RULE*****
2026-04-14 12:58:47,349 - INFO - Iteracja 0: condition_best: None, quality_best: -inf, coverage_best: (p=0, n=0, P=0, N=0), p_value: 0
2026-04-14 12:58:47,350 - INFO - Regula po iteracji 0: IF  THEN class = {0.66} [0.53, 0.79], (p=59, n=15, P=59, N=15)
2026-04-14 12:58:47,350 - INFO - *****STOP GROWING RR RULE*****
2026-04-14 12:58:47,350 - INFO - ***RR NOT FOUND***
2026-04-14 12:58:47,355 - INFO - Iteracja 2: condition_best: p3_polar >= 0.23, quality_best: 0.649, coverage_best: (p=27, n=2, P=46, N=28)
2026-04-14 12:58:47,355 - INFO - Regula po iteracji 2: IF p2_pi_doner <= 0.30 AND p3_size <= 0.50 AND p3_polar >= 0.23 THEN class = {0.58} [0.48, 0.69], (p=27, n=2, P=46, N=28)
2026-04-14 12:58:47,355 - INFO - *****GROWING RR RULE*****
2026-04-14 12:58:47,370 - INFO - Iteracja 0: condition_best: None, quality_best: -inf, coverage_best: (p=0, n=0, P=0, N=0), p_value: 0
2026-04-14 12:58:47,370 - INFO - Regula po iteracji 0: IF  THEN class = {0.66} [0.53, 0.79], (p=59, n=15, P=59, N=15)
2026-04-14 12:58:47,370 - INFO - *****STOP GROWING RR RULE*****
2026-04-14 12:58:47,370 - INFO - ***RR NOT FOUND***
2026-04-14 12:58:47,375 - INFO - Iteracja 3: condition_best: p1_flex <= 0.85, quality_best: 0.635, coverage_best: (p=26, n=2, P=46, N=28)
2026-04-14 12:58:47,375 - INFO - Regula po iteracji 3: IF p2_pi_doner <= 0.30 AND p3_size <= 0.50 AND p3_polar >= 0.23 AND p1_flex <= 0.85 THEN class = {0.58} [0.48, 0.69], (p=26, n=2, P=46, N=28)
2026-04-14 12:58:47,375 - INFO - *****GROWING RR RULE*****
2026-04-14 12:58:47,390 - INFO - Iteracja 0: condition_best: None, quality_best: -inf, coverage_best: (p=0, n=0, P=0, N=0), p_value: 0
2026-04-14 12:58:47,390 - INFO - Regula po iteracji 0: IF  THEN class = {0.66} [0.53, 0.79], (p=59, n=15, P=59, N=15)
2026-04-14 12:58:47,390 - INFO - *****STOP GROWING RR RULE*****
2026-04-14 12:58:47,390 - INFO - ***RR NOT FOUND***
2026-04-14 12:58:47,395 - INFO - Iteracja 4: condition_best: p1_flex <= 0.75, quality_best: 0.621, coverage_best: (p=25, n=2, P=46, N=28)
2026-04-14 12:58:47,395 - INFO - Regula po iteracji 4: IF p2_pi_doner <= 0.30 AND p3_size <= 0.50 AND p3_polar >= 0.23 AND p1_flex <= 0.85 AND p1_flex <= 0.75 THEN class = {0.59} [0.48, 0.69], (p=25, n=2, P=46, N=28)
2026-04-14 12:58:47,395 - INFO - *****GROWING RR RULE*****
2026-04-14 12:58:47,410 - INFO - Iteracja 0: condition_best: None, quality_best: -inf, coverage_best: (p=0, n=0, P=0, N=0), p_value: 0
2026-04-14 12:58:47,410 - INFO - Regula po iteracji 0: IF  THEN class = {0.66} [0.53, 0.79], (p=59, n=15, P=59, N=15)
2026-04-14 12:58:47,410 - INFO - *****STOP GROWING RR RULE*****
2026-04-14 12:58:47,410 - INFO - ***RR NOT FOUND***
2026-04-14 12:58:47,410 - INFO - *******STOP GROWING CR RULE*******
2026-04-14 12:58:47,410 - INFO - *******GROWING CR RULE*******
2026-04-14 12:58:47,418 - INFO - Iteracja 0: condition_best: p3_size <= 0.50, quality_best: 0.376, coverage_best: (p=53, n=8, P=58, N=16)
2026-04-14 12:58:47,418 - INFO - Regula po iteracji 0: IF p3_size <= 0.50 THEN class = {0.64} [0.51, 0.76], (p=53, n=8, P=58, N=16)
2026-04-14 12:58:47,418 - INFO - *****GROWING RR RULE*****
2026-04-14 12:58:47,434 - INFO - Iteracja 0: condition_best: None, quality_best: -inf, coverage_best: (p=0, n=0, P=0, N=0), p_value: 0
2026-04-14 12:58:47,434 - INFO - Regula po iteracji 0: IF  THEN class = {0.66} [0.53, 0.79], (p=59, n=15, P=59, N=15)
2026-04-14 12:58:47,434 - INFO - *****STOP GROWING RR RULE*****
2026-04-14 12:58:47,434 - INFO - ***RR NOT FOUND***
2026-04-14 12:58:47,441 - INFO - Iteracja 1: condition_best: p2_size <= 0.82, quality_best: 0.462, coverage_best: (p=52, n=7, P=57, N=17)
2026-04-14 12:58:47,441 - INFO - Regula po iteracji 1: IF p3_size <= 0.50 AND p2_size <= 0.82 THEN class = {0.64} [0.52, 0.76], (p=52, n=7, P=57, N=17)
2026-04-14 12:58:47,441 - INFO - *****GROWING RR RULE*****
2026-04-14 12:58:47,457 - INFO - Iteracja 0: condition_best: None, quality_best: -inf, coverage_best: (p=0, n=0, P=0, N=0), p_value: 0
2026-04-14 12:58:47,457 - INFO - Regula po iteracji 0: IF  THEN class = {0.66} [0.53, 0.79], (p=59, n=15, P=59, N=15)
2026-04-14 12:58:47,457 - INFO - *****STOP GROWING RR RULE*****
2026-04-14 12:58:47,457 - INFO - ***RR NOT FOUND***
2026-04-14 12:58:47,464 - INFO - Iteracja 2: condition_best: p3_sigma <= 0.77, quality_best: 0.554, coverage_best: (p=52, n=6, P=56, N=18)
2026-04-14 12:58:47,464 - INFO - Regula po iteracji 2: IF p3_size <= 0.50 AND p2_size <= 0.82 AND p3_sigma <= 0.77 THEN class = {0.64} [0.52, 0.75], (p=52, n=6, P=56, N=18)
2026-04-14 12:58:47,465 - INFO - *****GROWING RR RULE*****
2026-04-14 12:58:47,480 - INFO - Iteracja 0: condition_best: None, quality_best: -inf, coverage_best: (p=0, n=0, P=0, N=0), p_value: 0
2026-04-14 12:58:47,481 - INFO - Regula po iteracji 0: IF  THEN class = {0.66} [0.53, 0.79], (p=59, n=15, P=59, N=15)
2026-04-14 12:58:47,481 - INFO - *****STOP GROWING RR RULE*****
2026-04-14 12:58:47,481 - INFO - ***RR NOT FOUND***
2026-04-14 12:58:47,488 - INFO - Iteracja 3: condition_best: p2_polarisable <= 0.70, quality_best: 0.593, coverage_best: (p=50, n=5, P=56, N=18)
2026-04-14 12:58:47,488 - INFO - Regula po iteracji 3: IF p3_size <= 0.50 AND p2_size <= 0.82 AND p3_sigma <= 0.77 AND p2_polarisable <= 0.70 THEN class = {0.64} [0.52, 0.75], (p=50, n=5, P=56, N=18)
2026-04-14 12:58:47,488 - INFO - *****GROWING RR RULE*****
2026-04-14 12:58:47,504 - INFO - Iteracja 0: condition_best: None, quality_best: -inf, coverage_best: (p=0, n=0, P=0, N=0), p_value: 0
2026-04-14 12:58:47,504 - INFO - Regula po iteracji 0: IF  THEN class = {0.66} [0.53, 0.79], (p=59, n=15, P=59, N=15)
2026-04-14 12:58:47,504 - INFO - *****STOP GROWING RR RULE*****
2026-04-14 12:58:47,504 - INFO - ***RR NOT FOUND***
2026-04-14 12:58:47,511 - INFO - Iteracja 4: condition_best: p1_pi_acceptor <= 0.70, quality_best: 0.581, coverage_best: (p=49, n=5, P=56, N=18)
2026-04-14 12:58:47,511 - INFO - Regula po iteracji 4: IF p3_size <= 0.50 AND p2_size <= 0.82 AND p3_sigma <= 0.77 AND p2_polarisable <= 0.70 AND p1_pi_acceptor <= 0.70 THEN class = {0.64} [0.52, 0.76], (p=49, n=5, P=56, N=18)
2026-04-14 12:58:47,511 - INFO - *****GROWING RR RULE*****
2026-04-14 12:58:47,527 - INFO - Iteracja 0: condition_best: None, quality_best: -inf, coverage_best: (p=0, n=0, P=0, N=0), p_value: 0
2026-04-14 12:58:47,527 - INFO - Regula po iteracji 0: IF  THEN class = {0.66} [0.53, 0.79], (p=59, n=15, P=59, N=15)
2026-04-14 12:58:47,527 - INFO - *****STOP GROWING RR RULE*****
2026-04-14 12:58:47,527 - INFO - ***RR NOT FOUND***
2026-04-14 12:58:47,527 - INFO - *******STOP GROWING CR RULE*******
2026-04-14 12:58:47,528 - INFO - *******GROWING CR RULE*******
2026-04-14 12:58:47,535 - INFO - Iteracja 0: condition_best: p3_polarisable >= 0.77, quality_best: 1.0, coverage_best: (p=2, n=0, P=2, N=72)
2026-04-14 12:58:47,535 - INFO - Regula po iteracji 0: IF p3_polarisable >= 0.77 THEN class = {0.89} [0.89, 0.89], (p=2, n=0, P=2, N=72)
2026-04-14 12:58:47,535 - INFO - *****GROWING RR RULE*****
2026-04-14 12:58:47,550 - INFO - Iteracja 0: condition_best: None, quality_best: -inf, coverage_best: (p=0, n=0, P=0, N=0), p_value: 0
2026-04-14 12:58:47,550 - INFO - Regula po iteracji 0: IF  THEN class = {0.66} [0.53, 0.79], (p=59, n=15, P=59, N=15)
2026-04-14 12:58:47,550 - INFO - *****STOP GROWING RR RULE*****
2026-04-14 12:58:47,550 - INFO - ***RR NOT FOUND***
2026-04-14 12:58:47,551 - INFO - Iteracja 1: condition_best: p2_polar <= 0.50, quality_best: 0.75, coverage_best: (p=1, n=0, P=2, N=72)
2026-04-14 12:58:47,551 - INFO - Regula po iteracji 1: IF p3_polarisable >= 0.77 AND p2_polar <= 0.50 THEN class = {0.89} [0.89, 0.89], (p=1, n=0, P=2, N=72)
2026-04-14 12:58:47,551 - INFO - *****GROWING RR RULE*****
2026-04-14 12:58:47,566 - INFO - Iteracja 0: condition_best: None, quality_best: -inf, coverage_best: (p=0, n=0, P=0, N=0), p_value: 0
2026-04-14 12:58:47,566 - INFO - Regula po iteracji 0: IF  THEN class = {0.66} [0.53, 0.79], (p=59, n=15, P=59, N=15)
2026-04-14 12:58:47,566 - INFO - *****STOP GROWING RR RULE*****
2026-04-14 12:58:47,566 - INFO - ***RR NOT FOUND***
2026-04-14 12:58:47,566 - INFO - Iteracja 2: condition_best: None, quality_best: -inf, coverage_best: (p=0, n=0, P=0, N=0)
2026-04-14 12:58:47,566 - INFO - Regula po iteracji 2: IF p3_polarisable >= 0.77 AND p2_polar <= 0.50 THEN class = {0.89} [0.89, 0.89], (p=1, n=0, P=2, N=72)
2026-04-14 12:58:47,566 - INFO - *******STOP GROWING CR RULE*******
2026-04-14 12:58:47,569 - INFO - ************************Finished experiment for pyrim.arff with algorithm************************
2026-04-14 12:58:47,569 - INFO - *************************************************************************************************************************
2026-04-14 12:58:47,569 - INFO - *************************************************************************************************************************
2026-04-14 12:58:47,569 - INFO - *************************************************************************************************************************
