2026-04-14 12:56:21,748 - INFO - **********Starting experiment for pharynx.arff with algorithm**********
2026-04-14 12:56:21,758 - INFO - *******GROWING CR RULE*******
2026-04-14 12:56:21,782 - INFO - Iteracja 0: condition_best: Status = {0}, quality_best: 0.385, coverage_best: (p=33, n=20, P=54, N=141)
2026-04-14 12:56:21,782 - INFO - Regula po iteracji 0: IF Status = {0} THEN class = {1,013.72} [609.22, 1,418.22], (p=33, n=20, P=54, N=141)
2026-04-14 12:56:21,782 - INFO - *****GROWING RR RULE*****
2026-04-14 12:56:21,812 - INFO - Iteracja 0: condition_best: None, quality_best: -inf, coverage_best: (p=0, n=0, P=0, N=0), p_value: 0
2026-04-14 12:56:21,812 - INFO - Regula po iteracji 0: IF  THEN class = {558.73} [141.09, 976.37], (p=145, n=50, P=145, N=50)
2026-04-14 12:56:21,812 - INFO - *****STOP GROWING RR RULE*****
2026-04-14 12:56:21,812 - INFO - ***RR NOT FOUND***
2026-04-14 12:56:21,819 - INFO - Iteracja 1: condition_best: Inst = {3}, quality_best: 0.485, coverage_best: (p=10, n=4, P=23, N=172)
2026-04-14 12:56:21,819 - INFO - Regula po iteracji 1: IF Status = {0} AND Inst = {3} THEN class = {1,265.50} [994.97, 1,536.03], (p=10, n=4, P=23, N=172)
2026-04-14 12:56:21,819 - INFO - *****GROWING RR RULE*****
2026-04-14 12:56:21,848 - INFO - Iteracja 0: condition_best: None, quality_best: -inf, coverage_best: (p=0, n=0, P=0, N=0), p_value: 0
2026-04-14 12:56:21,848 - INFO - Regula po iteracji 0: IF  THEN class = {558.73} [141.09, 976.37], (p=145, n=50, P=145, N=50)
2026-04-14 12:56:21,848 - INFO - *****STOP GROWING RR RULE*****
2026-04-14 12:56:21,848 - INFO - ***RR NOT FOUND***
2026-04-14 12:56:21,851 - INFO - Iteracja 2: condition_best: Condition = {1.0}, quality_best: 0.485, coverage_best: (p=10, n=4, P=23, N=172)
2026-04-14 12:56:21,851 - INFO - Regula po iteracji 2: IF Status = {0} AND Inst = {3} AND Condition = {1.0} THEN class = {1,265.50} [994.97, 1,536.03], (p=10, n=4, P=23, N=172)
2026-04-14 12:56:21,851 - INFO - *****GROWING RR RULE*****
2026-04-14 12:56:21,880 - INFO - Iteracja 0: condition_best: None, quality_best: -inf, coverage_best: (p=0, n=0, P=0, N=0), p_value: 0
2026-04-14 12:56:21,880 - INFO - Regula po iteracji 0: IF  THEN class = {558.73} [141.09, 976.37], (p=145, n=50, P=145, N=50)
2026-04-14 12:56:21,880 - INFO - *****STOP GROWING RR RULE*****
2026-04-14 12:56:21,880 - INFO - ***RR NOT FOUND***
2026-04-14 12:56:21,883 - INFO - Iteracja 3: condition_best: Age >= 43.50, quality_best: 0.453, coverage_best: (p=9, n=4, P=23, N=172)
2026-04-14 12:56:21,883 - INFO - Regula po iteracji 3: IF Status = {0} AND Inst = {3} AND Condition = {1.0} AND Age >= 43.50 THEN class = {1,248.31} [975.03, 1,521.59], (p=9, n=4, P=23, N=172)
2026-04-14 12:56:21,884 - INFO - *****GROWING RR RULE*****
2026-04-14 12:56:21,912 - INFO - Iteracja 0: condition_best: None, quality_best: -inf, coverage_best: (p=0, n=0, P=0, N=0), p_value: 0
2026-04-14 12:56:21,912 - INFO - Regula po iteracji 0: IF  THEN class = {558.73} [141.09, 976.37], (p=145, n=50, P=145, N=50)
2026-04-14 12:56:21,912 - INFO - *****STOP GROWING RR RULE*****
2026-04-14 12:56:21,912 - INFO - ***RR NOT FOUND***
2026-04-14 12:56:21,915 - INFO - Iteracja 4: condition_best: Age <= 72.50, quality_best: 0.419, coverage_best: (p=8, n=4, P=23, N=172)
2026-04-14 12:56:21,915 - INFO - Regula po iteracji 4: IF Status = {0} AND Inst = {3} AND Condition = {1.0} AND Age >= 43.50 AND Age <= 72.50 THEN class = {1,264.00} [985.25, 1,542.75], (p=8, n=4, P=23, N=172)
2026-04-14 12:56:21,916 - INFO - *****GROWING RR RULE*****
2026-04-14 12:56:21,944 - INFO - Iteracja 0: condition_best: None, quality_best: -inf, coverage_best: (p=0, n=0, P=0, N=0), p_value: 0
2026-04-14 12:56:21,944 - INFO - Regula po iteracji 0: IF  THEN class = {558.73} [141.09, 976.37], (p=145, n=50, P=145, N=50)
2026-04-14 12:56:21,944 - INFO - *****STOP GROWING RR RULE*****
2026-04-14 12:56:21,944 - INFO - ***RR NOT FOUND***
2026-04-14 12:56:21,944 - INFO - *******STOP GROWING CR RULE*******
2026-04-14 12:56:21,946 - INFO - *******GROWING CR RULE*******
2026-04-14 12:56:21,961 - INFO - Iteracja 0: condition_best: Status = {0}, quality_best: 0.385, coverage_best: (p=33, n=20, P=54, N=141)
2026-04-14 12:56:21,961 - INFO - Regula po iteracji 0: IF Status = {0} THEN class = {1,013.72} [609.22, 1,418.22], (p=33, n=20, P=54, N=141)
2026-04-14 12:56:21,961 - INFO - *****GROWING RR RULE*****
2026-04-14 12:56:21,990 - INFO - Iteracja 0: condition_best: None, quality_best: -inf, coverage_best: (p=0, n=0, P=0, N=0), p_value: 0
2026-04-14 12:56:21,990 - INFO - Regula po iteracji 0: IF  THEN class = {558.73} [141.09, 976.37], (p=145, n=50, P=145, N=50)
2026-04-14 12:56:21,990 - INFO - *****STOP GROWING RR RULE*****
2026-04-14 12:56:21,990 - INFO - ***RR NOT FOUND***
2026-04-14 12:56:21,996 - INFO - Iteracja 1: condition_best: T = {4}, quality_best: 0.466, coverage_best: (p=10, n=2, P=50, N=145)
2026-04-14 12:56:21,996 - INFO - Regula po iteracji 1: IF Status = {0} AND T = {4} THEN class = {902.17} [578.69, 1,225.64], (p=10, n=2, P=50, N=145)
2026-04-14 12:56:21,997 - INFO - *****GROWING RR RULE*****
2026-04-14 12:56:22,027 - INFO - Iteracja 0: condition_best: None, quality_best: -inf, coverage_best: (p=0, n=0, P=0, N=0), p_value: 0
2026-04-14 12:56:22,027 - INFO - Regula po iteracji 0: IF  THEN class = {558.73} [141.09, 976.37], (p=145, n=50, P=145, N=50)
2026-04-14 12:56:22,027 - INFO - *****STOP GROWING RR RULE*****
2026-04-14 12:56:22,027 - INFO - ***RR NOT FOUND***
2026-04-14 12:56:22,030 - INFO - Iteracja 2: condition_best: Age <= 69.50, quality_best: 0.522, coverage_best: (p=10, n=1, P=52, N=143)
2026-04-14 12:56:22,030 - INFO - Regula po iteracji 2: IF Status = {0} AND T = {4} AND Age <= 69.50 THEN class = {859.00} [556.04, 1,161.96], (p=10, n=1, P=52, N=143)
2026-04-14 12:56:22,030 - INFO - *****GROWING RR RULE*****
2026-04-14 12:56:22,062 - INFO - Iteracja 0: condition_best: None, quality_best: -inf, coverage_best: (p=0, n=0, P=0, N=0), p_value: 0
2026-04-14 12:56:22,062 - INFO - Regula po iteracji 0: IF  THEN class = {558.73} [141.09, 976.37], (p=145, n=50, P=145, N=50)
2026-04-14 12:56:22,062 - INFO - *****STOP GROWING RR RULE*****
2026-04-14 12:56:22,062 - INFO - ***RR NOT FOUND***
2026-04-14 12:56:22,065 - INFO - Iteracja 3: condition_best: Age <= 67.50, quality_best: 0.507, coverage_best: (p=9, n=1, P=52, N=143)
2026-04-14 12:56:22,065 - INFO - Regula po iteracji 3: IF Status = {0} AND T = {4} AND Age <= 69.50 AND Age <= 67.50 THEN class = {872.60} [558.07, 1,187.13], (p=9, n=1, P=52, N=143)
2026-04-14 12:56:22,065 - INFO - *****GROWING RR RULE*****
2026-04-14 12:56:22,097 - INFO - Iteracja 0: condition_best: None, quality_best: -inf, coverage_best: (p=0, n=0, P=0, N=0), p_value: 0
2026-04-14 12:56:22,097 - INFO - Regula po iteracji 0: IF  THEN class = {558.73} [141.09, 976.37], (p=145, n=50, P=145, N=50)
2026-04-14 12:56:22,097 - INFO - *****STOP GROWING RR RULE*****
2026-04-14 12:56:22,097 - INFO - ***RR NOT FOUND***
2026-04-14 12:56:22,100 - INFO - Iteracja 4: condition_best: Condition = {1.0}, quality_best: 0.477, coverage_best: (p=8, n=1, P=59, N=136)
2026-04-14 12:56:22,100 - INFO - Regula po iteracji 4: IF Status = {0} AND T = {4} AND Age <= 69.50 AND Age <= 67.50 AND Condition = {1.0} THEN class = {868.33} [537.06, 1,199.61], (p=8, n=1, P=59, N=136)
2026-04-14 12:56:22,101 - INFO - *****GROWING RR RULE*****
2026-04-14 12:56:22,132 - INFO - Iteracja 0: condition_best: None, quality_best: -inf, coverage_best: (p=0, n=0, P=0, N=0), p_value: 0
2026-04-14 12:56:22,132 - INFO - Regula po iteracji 0: IF  THEN class = {558.73} [141.09, 976.37], (p=145, n=50, P=145, N=50)
2026-04-14 12:56:22,133 - INFO - *****STOP GROWING RR RULE*****
2026-04-14 12:56:22,133 - INFO - ***RR NOT FOUND***
2026-04-14 12:56:22,133 - INFO - *******STOP GROWING CR RULE*******
2026-04-14 12:56:22,134 - INFO - *******GROWING CR RULE*******
2026-04-14 12:56:22,149 - INFO - Iteracja 0: condition_best: Status = {0}, quality_best: 0.385, coverage_best: (p=33, n=20, P=54, N=141)
2026-04-14 12:56:22,149 - INFO - Regula po iteracji 0: IF Status = {0} THEN class = {1,013.72} [609.22, 1,418.22], (p=33, n=20, P=54, N=141)
2026-04-14 12:56:22,150 - INFO - *****GROWING RR RULE*****
2026-04-14 12:56:22,178 - INFO - Iteracja 0: condition_best: None, quality_best: -inf, coverage_best: (p=0, n=0, P=0, N=0), p_value: 0
2026-04-14 12:56:22,178 - INFO - Regula po iteracji 0: IF  THEN class = {558.73} [141.09, 976.37], (p=145, n=50, P=145, N=50)
2026-04-14 12:56:22,178 - INFO - *****STOP GROWING RR RULE*****
2026-04-14 12:56:22,178 - INFO - ***RR NOT FOUND***
2026-04-14 12:56:22,184 - INFO - Iteracja 1: condition_best: Age >= 51.50, quality_best: 0.459, coverage_best: (p=26, n=12, P=46, N=149)
2026-04-14 12:56:22,185 - INFO - Regula po iteracji 1: IF Status = {0} AND Age >= 51.50 THEN class = {1,048.21} [696.19, 1,400.23], (p=26, n=12, P=46, N=149)
2026-04-14 12:56:22,185 - INFO - *****GROWING RR RULE*****
2026-04-14 12:56:22,213 - INFO - Iteracja 0: condition_best: None, quality_best: -inf, coverage_best: (p=0, n=0, P=0, N=0), p_value: 0
2026-04-14 12:56:22,213 - INFO - Regula po iteracji 0: IF  THEN class = {558.73} [141.09, 976.37], (p=145, n=50, P=145, N=50)
2026-04-14 12:56:22,213 - INFO - *****STOP GROWING RR RULE*****
2026-04-14 12:56:22,213 - INFO - ***RR NOT FOUND***
2026-04-14 12:56:22,218 - INFO - Iteracja 2: condition_best: Treatment = {1}, quality_best: 0.551, coverage_best: (p=16, n=4, P=35, N=160)
2026-04-14 12:56:22,219 - INFO - Regula po iteracji 2: IF Status = {0} AND Age >= 51.50 AND Treatment = {1} THEN class = {1,011.85} [743.48, 1,280.22], (p=16, n=4, P=35, N=160)
2026-04-14 12:56:22,219 - INFO - *****GROWING RR RULE*****
2026-04-14 12:56:22,247 - INFO - Iteracja 0: condition_best: None, quality_best: -inf, coverage_best: (p=0, n=0, P=0, N=0), p_value: 0
2026-04-14 12:56:22,248 - INFO - Regula po iteracji 0: IF  THEN class = {558.73} [141.09, 976.37], (p=145, n=50, P=145, N=50)
2026-04-14 12:56:22,248 - INFO - *****STOP GROWING RR RULE*****
2026-04-14 12:56:22,248 - INFO - ***RR NOT FOUND***
2026-04-14 12:56:22,251 - INFO - Iteracja 3: condition_best: Age <= 70.50, quality_best: 0.558, coverage_best: (p=15, n=3, P=37, N=158)
2026-04-14 12:56:22,251 - INFO - Regula po iteracji 3: IF Status = {0} AND Age >= 51.50 AND Treatment = {1} AND Age <= 70.50 THEN class = {990.78} [729.71, 1,251.85], (p=15, n=3, P=37, N=158)
2026-04-14 12:56:22,252 - INFO - *****GROWING RR RULE*****
2026-04-14 12:56:22,280 - INFO - Iteracja 0: condition_best: None, quality_best: -inf, coverage_best: (p=0, n=0, P=0, N=0), p_value: 0
2026-04-14 12:56:22,280 - INFO - Regula po iteracji 0: IF  THEN class = {558.73} [141.09, 976.37], (p=145, n=50, P=145, N=50)
2026-04-14 12:56:22,280 - INFO - *****STOP GROWING RR RULE*****
2026-04-14 12:56:22,280 - INFO - ***RR NOT FOUND***
2026-04-14 12:56:22,284 - INFO - Iteracja 4: condition_best: Age <= 68.50, quality_best: 0.549, coverage_best: (p=14, n=3, P=35, N=160)
2026-04-14 12:56:22,284 - INFO - Regula po iteracji 4: IF Status = {0} AND Age >= 51.50 AND Treatment = {1} AND Age <= 70.50 AND Age <= 68.50 THEN class = {1,000.71} [735.39, 1,266.02], (p=14, n=3, P=35, N=160)
2026-04-14 12:56:22,284 - INFO - *****GROWING RR RULE*****
2026-04-14 12:56:22,313 - INFO - Iteracja 0: condition_best: None, quality_best: -inf, coverage_best: (p=0, n=0, P=0, N=0), p_value: 0
2026-04-14 12:56:22,313 - INFO - Regula po iteracji 0: IF  THEN class = {558.73} [141.09, 976.37], (p=145, n=50, P=145, N=50)
2026-04-14 12:56:22,313 - INFO - *****STOP GROWING RR RULE*****
2026-04-14 12:56:22,313 - INFO - ***RR NOT FOUND***
2026-04-14 12:56:22,313 - INFO - *******STOP GROWING CR RULE*******
2026-04-14 12:56:22,314 - INFO - *******GROWING CR RULE*******
2026-04-14 12:56:22,329 - INFO - Iteracja 0: condition_best: Status = {0}, quality_best: 0.385, coverage_best: (p=33, n=20, P=54, N=141)
2026-04-14 12:56:22,329 - INFO - Regula po iteracji 0: IF Status = {0} THEN class = {1,013.72} [609.22, 1,418.22], (p=33, n=20, P=54, N=141)
2026-04-14 12:56:22,330 - INFO - *****GROWING RR RULE*****
2026-04-14 12:56:22,358 - INFO - Iteracja 0: condition_best: None, quality_best: -inf, coverage_best: (p=0, n=0, P=0, N=0), p_value: 0
2026-04-14 12:56:22,358 - INFO - Regula po iteracji 0: IF  THEN class = {558.73} [141.09, 976.37], (p=145, n=50, P=145, N=50)
2026-04-14 12:56:22,358 - INFO - *****STOP GROWING RR RULE*****
2026-04-14 12:56:22,358 - INFO - ***RR NOT FOUND***
2026-04-14 12:56:22,364 - INFO - Iteracja 1: condition_best: Age >= 51.50, quality_best: 0.459, coverage_best: (p=26, n=12, P=46, N=149)
2026-04-14 12:56:22,364 - INFO - Regula po iteracji 1: IF Status = {0} AND Age >= 51.50 THEN class = {1,048.21} [696.19, 1,400.23], (p=26, n=12, P=46, N=149)
2026-04-14 12:56:22,365 - INFO - *****GROWING RR RULE*****
2026-04-14 12:56:22,393 - INFO - Iteracja 0: condition_best: None, quality_best: -inf, coverage_best: (p=0, n=0, P=0, N=0), p_value: 0
2026-04-14 12:56:22,393 - INFO - Regula po iteracji 0: IF  THEN class = {558.73} [141.09, 976.37], (p=145, n=50, P=145, N=50)
2026-04-14 12:56:22,393 - INFO - *****STOP GROWING RR RULE*****
2026-04-14 12:56:22,393 - INFO - ***RR NOT FOUND***
2026-04-14 12:56:22,398 - INFO - Iteracja 2: condition_best: T = {3}, quality_best: 0.467, coverage_best: (p=15, n=5, P=41, N=154)
2026-04-14 12:56:22,398 - INFO - Regula po iteracji 2: IF Status = {0} AND Age >= 51.50 AND T = {3} THEN class = {1,123.10} [772.18, 1,474.02], (p=15, n=5, P=41, N=154)
2026-04-14 12:56:22,399 - INFO - *****GROWING RR RULE*****
2026-04-14 12:56:22,427 - INFO - Iteracja 0: condition_best: None, quality_best: -inf, coverage_best: (p=0, n=0, P=0, N=0), p_value: 0
2026-04-14 12:56:22,427 - INFO - Regula po iteracji 0: IF  THEN class = {558.73} [141.09, 976.37], (p=145, n=50, P=145, N=50)
2026-04-14 12:56:22,427 - INFO - *****STOP GROWING RR RULE*****
2026-04-14 12:56:22,427 - INFO - ***RR NOT FOUND***
2026-04-14 12:56:22,431 - INFO - Iteracja 3: condition_best: Age >= 60.50, quality_best: 0.516, coverage_best: (p=10, n=2, P=34, N=161)
2026-04-14 12:56:22,431 - INFO - Regula po iteracji 3: IF Status = {0} AND Age >= 51.50 AND T = {3} AND Age >= 60.50 THEN class = {1,175.67} [855.24, 1,496.10], (p=10, n=2, P=34, N=161)
2026-04-14 12:56:22,431 - INFO - *****GROWING RR RULE*****
2026-04-14 12:56:22,460 - INFO - Iteracja 0: condition_best: None, quality_best: -inf, coverage_best: (p=0, n=0, P=0, N=0), p_value: 0
2026-04-14 12:56:22,460 - INFO - Regula po iteracji 0: IF  THEN class = {558.73} [141.09, 976.37], (p=145, n=50, P=145, N=50)
2026-04-14 12:56:22,460 - INFO - *****STOP GROWING RR RULE*****
2026-04-14 12:56:22,460 - INFO - ***RR NOT FOUND***
2026-04-14 12:56:22,462 - INFO - Iteracja 4: condition_best: Condition = {1.0}, quality_best: 0.516, coverage_best: (p=10, n=2, P=34, N=161)
2026-04-14 12:56:22,462 - INFO - Regula po iteracji 4: IF Status = {0} AND Age >= 51.50 AND T = {3} AND Age >= 60.50 AND Condition = {1.0} THEN class = {1,175.67} [855.24, 1,496.10], (p=10, n=2, P=34, N=161)
2026-04-14 12:56:22,463 - INFO - *****GROWING RR RULE*****
2026-04-14 12:56:22,491 - INFO - Iteracja 0: condition_best: None, quality_best: -inf, coverage_best: (p=0, n=0, P=0, N=0), p_value: 0
2026-04-14 12:56:22,491 - INFO - Regula po iteracji 0: IF  THEN class = {558.73} [141.09, 976.37], (p=145, n=50, P=145, N=50)
2026-04-14 12:56:22,491 - INFO - *****STOP GROWING RR RULE*****
2026-04-14 12:56:22,491 - INFO - ***RR NOT FOUND***
2026-04-14 12:56:22,491 - INFO - *******STOP GROWING CR RULE*******
2026-04-14 12:56:22,493 - INFO - *******GROWING CR RULE*******
2026-04-14 12:56:22,508 - INFO - Iteracja 0: condition_best: Status = {0}, quality_best: 0.385, coverage_best: (p=33, n=20, P=54, N=141)
2026-04-14 12:56:22,508 - INFO - Regula po iteracji 0: IF Status = {0} THEN class = {1,013.72} [609.22, 1,418.22], (p=33, n=20, P=54, N=141)
2026-04-14 12:56:22,508 - INFO - *****GROWING RR RULE*****
2026-04-14 12:56:22,536 - INFO - Iteracja 0: condition_best: None, quality_best: -inf, coverage_best: (p=0, n=0, P=0, N=0), p_value: 0
2026-04-14 12:56:22,537 - INFO - Regula po iteracji 0: IF  THEN class = {558.73} [141.09, 976.37], (p=145, n=50, P=145, N=50)
2026-04-14 12:56:22,537 - INFO - *****STOP GROWING RR RULE*****
2026-04-14 12:56:22,537 - INFO - ***RR NOT FOUND***
2026-04-14 12:56:22,543 - INFO - Iteracja 1: condition_best: Age >= 51.50, quality_best: 0.459, coverage_best: (p=26, n=12, P=46, N=149)
2026-04-14 12:56:22,543 - INFO - Regula po iteracji 1: IF Status = {0} AND Age >= 51.50 THEN class = {1,048.21} [696.19, 1,400.23], (p=26, n=12, P=46, N=149)
2026-04-14 12:56:22,543 - INFO - *****GROWING RR RULE*****
2026-04-14 12:56:22,571 - INFO - Iteracja 0: condition_best: None, quality_best: -inf, coverage_best: (p=0, n=0, P=0, N=0), p_value: 0
2026-04-14 12:56:22,572 - INFO - Regula po iteracji 0: IF  THEN class = {558.73} [141.09, 976.37], (p=145, n=50, P=145, N=50)
2026-04-14 12:56:22,572 - INFO - *****STOP GROWING RR RULE*****
2026-04-14 12:56:22,572 - INFO - ***RR NOT FOUND***
2026-04-14 12:56:22,577 - INFO - Iteracja 2: condition_best: Condition = {1.0}, quality_best: 0.461, coverage_best: (p=23, n=11, P=41, N=154)
2026-04-14 12:56:22,577 - INFO - Regula po iteracji 2: IF Status = {0} AND Age >= 51.50 AND Condition = {1.0} THEN class = {1,077.62} [747.89, 1,407.34], (p=23, n=11, P=41, N=154)
2026-04-14 12:56:22,577 - INFO - *****GROWING RR RULE*****
2026-04-14 12:56:22,605 - INFO - Iteracja 0: condition_best: None, quality_best: -inf, coverage_best: (p=0, n=0, P=0, N=0), p_value: 0
2026-04-14 12:56:22,605 - INFO - Regula po iteracji 0: IF  THEN class = {558.73} [141.09, 976.37], (p=145, n=50, P=145, N=50)
2026-04-14 12:56:22,605 - INFO - *****STOP GROWING RR RULE*****
2026-04-14 12:56:22,605 - INFO - ***RR NOT FOUND***
2026-04-14 12:56:22,610 - INFO - Iteracja 3: condition_best: Age <= 76.00, quality_best: 0.444, coverage_best: (p=22, n=11, P=41, N=154)
2026-04-14 12:56:22,610 - INFO - Regula po iteracji 3: IF Status = {0} AND Age >= 51.50 AND Condition = {1.0} AND Age <= 76.00 THEN class = {1,078.15} [743.48, 1,412.82], (p=22, n=11, P=41, N=154)
2026-04-14 12:56:22,611 - INFO - *****GROWING RR RULE*****
2026-04-14 12:56:22,639 - INFO - Iteracja 0: condition_best: None, quality_best: -inf, coverage_best: (p=0, n=0, P=0, N=0), p_value: 0
2026-04-14 12:56:22,639 - INFO - Regula po iteracji 0: IF  THEN class = {558.73} [141.09, 976.37], (p=145, n=50, P=145, N=50)
2026-04-14 12:56:22,639 - INFO - *****STOP GROWING RR RULE*****
2026-04-14 12:56:22,639 - INFO - ***RR NOT FOUND***
2026-04-14 12:56:22,644 - INFO - Iteracja 4: condition_best: Age >= 53.50, quality_best: 0.427, coverage_best: (p=21, n=11, P=41, N=154)
2026-04-14 12:56:22,644 - INFO - Regula po iteracji 4: IF Status = {0} AND Age >= 51.50 AND Condition = {1.0} AND Age <= 76.00 AND Age >= 53.50 THEN class = {1,078.78} [738.94, 1,418.62], (p=21, n=11, P=41, N=154)
2026-04-14 12:56:22,644 - INFO - *****GROWING RR RULE*****
2026-04-14 12:56:22,673 - INFO - Iteracja 0: condition_best: None, quality_best: -inf, coverage_best: (p=0, n=0, P=0, N=0), p_value: 0
2026-04-14 12:56:22,673 - INFO - Regula po iteracji 0: IF  THEN class = {558.73} [141.09, 976.37], (p=145, n=50, P=145, N=50)
2026-04-14 12:56:22,673 - INFO - *****STOP GROWING RR RULE*****
2026-04-14 12:56:22,673 - INFO - ***RR NOT FOUND***
2026-04-14 12:56:22,673 - INFO - *******STOP GROWING CR RULE*******
2026-04-14 12:56:22,674 - INFO - *******GROWING CR RULE*******
2026-04-14 12:56:22,689 - INFO - Iteracja 0: condition_best: Status = {0}, quality_best: 0.385, coverage_best: (p=33, n=20, P=54, N=141)
2026-04-14 12:56:22,689 - INFO - Regula po iteracji 0: IF Status = {0} THEN class = {1,013.72} [609.22, 1,418.22], (p=33, n=20, P=54, N=141)
2026-04-14 12:56:22,689 - INFO - *****GROWING RR RULE*****
2026-04-14 12:56:22,717 - INFO - Iteracja 0: condition_best: None, quality_best: -inf, coverage_best: (p=0, n=0, P=0, N=0), p_value: 0
2026-04-14 12:56:22,718 - INFO - Regula po iteracji 0: IF  THEN class = {558.73} [141.09, 976.37], (p=145, n=50, P=145, N=50)
2026-04-14 12:56:22,718 - INFO - *****STOP GROWING RR RULE*****
2026-04-14 12:56:22,718 - INFO - ***RR NOT FOUND***
2026-04-14 12:56:22,724 - INFO - Iteracja 1: condition_best: Age >= 49.50, quality_best: 0.456, coverage_best: (p=27, n=13, P=46, N=149)
2026-04-14 12:56:22,724 - INFO - Regula po iteracji 1: IF Status = {0} AND Age >= 49.50 THEN class = {1,072.75} [709.79, 1,435.71], (p=27, n=13, P=46, N=149)
2026-04-14 12:56:22,724 - INFO - *****GROWING RR RULE*****
2026-04-14 12:56:22,752 - INFO - Iteracja 0: condition_best: None, quality_best: -inf, coverage_best: (p=0, n=0, P=0, N=0), p_value: 0
2026-04-14 12:56:22,753 - INFO - Regula po iteracji 0: IF  THEN class = {558.73} [141.09, 976.37], (p=145, n=50, P=145, N=50)
2026-04-14 12:56:22,753 - INFO - *****STOP GROWING RR RULE*****
2026-04-14 12:56:22,753 - INFO - ***RR NOT FOUND***
2026-04-14 12:56:22,758 - INFO - Iteracja 2: condition_best: Site = {4}, quality_best: 0.333, coverage_best: (p=11, n=6, P=46, N=149)
2026-04-14 12:56:22,758 - INFO - Regula po iteracji 2: IF Status = {0} AND Age >= 49.50 AND Site = {4} THEN class = {1,133.53} [755.04, 1,512.02], (p=11, n=6, P=46, N=149)
2026-04-14 12:56:22,758 - INFO - *****GROWING RR RULE*****
2026-04-14 12:56:22,787 - INFO - Iteracja 0: condition_best: None, quality_best: -inf, coverage_best: (p=0, n=0, P=0, N=0), p_value: 0
2026-04-14 12:56:22,787 - INFO - Regula po iteracji 0: IF  THEN class = {558.73} [141.09, 976.37], (p=145, n=50, P=145, N=50)
2026-04-14 12:56:22,787 - INFO - *****STOP GROWING RR RULE*****
2026-04-14 12:56:22,787 - INFO - ***RR NOT FOUND***
2026-04-14 12:56:22,790 - INFO - Iteracja 3: condition_best: Treatment = {2}, quality_best: 0.384, coverage_best: (p=9, n=3, P=53, N=142)
2026-04-14 12:56:22,791 - INFO - Regula po iteracji 3: IF Status = {0} AND Age >= 49.50 AND Site = {4} AND Treatment = {2} THEN class = {1,097.33} [692.80, 1,501.87], (p=9, n=3, P=53, N=142)
2026-04-14 12:56:22,791 - INFO - *****GROWING RR RULE*****
2026-04-14 12:56:22,819 - INFO - Iteracja 0: condition_best: None, quality_best: -inf, coverage_best: (p=0, n=0, P=0, N=0), p_value: 0
2026-04-14 12:56:22,819 - INFO - Regula po iteracji 0: IF  THEN class = {558.73} [141.09, 976.37], (p=145, n=50, P=145, N=50)
2026-04-14 12:56:22,819 - INFO - *****STOP GROWING RR RULE*****
2026-04-14 12:56:22,820 - INFO - ***RR NOT FOUND***
2026-04-14 12:56:22,822 - INFO - Iteracja 4: condition_best: None, quality_best: -inf, coverage_best: (p=0, n=0, P=0, N=0)
2026-04-14 12:56:22,822 - INFO - Regula po iteracji 4: IF Status = {0} AND Age >= 49.50 AND Site = {4} AND Treatment = {2} THEN class = {1,097.33} [692.80, 1,501.87], (p=9, n=3, P=53, N=142)
2026-04-14 12:56:22,822 - INFO - *******STOP GROWING CR RULE*******
2026-04-14 12:56:22,824 - INFO - *******GROWING CR RULE*******
2026-04-14 12:56:22,839 - INFO - Iteracja 0: condition_best: Status = {0}, quality_best: 0.385, coverage_best: (p=33, n=20, P=54, N=141)
2026-04-14 12:56:22,839 - INFO - Regula po iteracji 0: IF Status = {0} THEN class = {1,013.72} [609.22, 1,418.22], (p=33, n=20, P=54, N=141)
2026-04-14 12:56:22,839 - INFO - *****GROWING RR RULE*****
2026-04-14 12:56:22,867 - INFO - Iteracja 0: condition_best: None, quality_best: -inf, coverage_best: (p=0, n=0, P=0, N=0), p_value: 0
2026-04-14 12:56:22,867 - INFO - Regula po iteracji 0: IF  THEN class = {558.73} [141.09, 976.37], (p=145, n=50, P=145, N=50)
2026-04-14 12:56:22,867 - INFO - *****STOP GROWING RR RULE*****
2026-04-14 12:56:22,867 - INFO - ***RR NOT FOUND***
2026-04-14 12:56:22,873 - INFO - Iteracja 1: condition_best: Age >= 31.50, quality_best: 0.416, coverage_best: (p=33, n=19, P=51, N=144)
2026-04-14 12:56:22,874 - INFO - Regula po iteracji 1: IF Status = {0} AND Age >= 31.50 THEN class = {1,031.48} [644.13, 1,418.83], (p=33, n=19, P=51, N=144)
2026-04-14 12:56:22,874 - INFO - *****GROWING RR RULE*****
2026-04-14 12:56:22,902 - INFO - Iteracja 0: condition_best: None, quality_best: -inf, coverage_best: (p=0, n=0, P=0, N=0), p_value: 0
2026-04-14 12:56:22,902 - INFO - Regula po iteracji 0: IF  THEN class = {558.73} [141.09, 976.37], (p=145, n=50, P=145, N=50)
2026-04-14 12:56:22,902 - INFO - *****STOP GROWING RR RULE*****
2026-04-14 12:56:22,902 - INFO - ***RR NOT FOUND***
2026-04-14 12:56:22,909 - INFO - Iteracja 2: condition_best: Age <= 76.00, quality_best: 0.403, coverage_best: (p=32, n=19, P=51, N=144)
2026-04-14 12:56:22,909 - INFO - Regula po iteracji 2: IF Status = {0} AND Age >= 31.50 AND Age <= 76.00 THEN class = {1,030.92} [639.81, 1,422.03], (p=32, n=19, P=51, N=144)
2026-04-14 12:56:22,909 - INFO - *****GROWING RR RULE*****
2026-04-14 12:56:22,937 - INFO - Iteracja 0: condition_best: None, quality_best: -inf, coverage_best: (p=0, n=0, P=0, N=0), p_value: 0
2026-04-14 12:56:22,937 - INFO - Regula po iteracji 0: IF  THEN class = {558.73} [141.09, 976.37], (p=145, n=50, P=145, N=50)
2026-04-14 12:56:22,937 - INFO - *****STOP GROWING RR RULE*****
2026-04-14 12:56:22,937 - INFO - ***RR NOT FOUND***
2026-04-14 12:56:22,944 - INFO - Iteracja 3: condition_best: T = {3}, quality_best: 0.383, coverage_best: (p=19, n=9, P=52, N=143)
2026-04-14 12:56:22,944 - INFO - Regula po iteracji 3: IF Status = {0} AND Age >= 31.50 AND Age <= 76.00 AND T = {3} THEN class = {1,072.96} [669.37, 1,476.55], (p=19, n=9, P=52, N=143)
2026-04-14 12:56:22,944 - INFO - *****GROWING RR RULE*****
2026-04-14 12:56:22,972 - INFO - Iteracja 0: condition_best: None, quality_best: -inf, coverage_best: (p=0, n=0, P=0, N=0), p_value: 0
2026-04-14 12:56:22,973 - INFO - Regula po iteracji 0: IF  THEN class = {558.73} [141.09, 976.37], (p=145, n=50, P=145, N=50)
2026-04-14 12:56:22,973 - INFO - *****STOP GROWING RR RULE*****
2026-04-14 12:56:22,973 - INFO - ***RR NOT FOUND***
2026-04-14 12:56:22,977 - INFO - Iteracja 4: condition_best: Age <= 74.50, quality_best: 0.339, coverage_best: (p=17, n=9, P=55, N=140)
2026-04-14 12:56:22,977 - INFO - Regula po iteracji 4: IF Status = {0} AND Age >= 31.50 AND Age <= 76.00 AND T = {3} AND Age <= 74.50 THEN class = {1,072.88} [656.42, 1,489.35], (p=17, n=9, P=55, N=140)
2026-04-14 12:56:22,978 - INFO - *****GROWING RR RULE*****
2026-04-14 12:56:23,006 - INFO - Iteracja 0: condition_best: None, quality_best: -inf, coverage_best: (p=0, n=0, P=0, N=0), p_value: 0
2026-04-14 12:56:23,006 - INFO - Regula po iteracji 0: IF  THEN class = {558.73} [141.09, 976.37], (p=145, n=50, P=145, N=50)
2026-04-14 12:56:23,006 - INFO - *****STOP GROWING RR RULE*****
2026-04-14 12:56:23,006 - INFO - ***RR NOT FOUND***
2026-04-14 12:56:23,006 - INFO - *******STOP GROWING CR RULE*******
2026-04-14 12:56:23,007 - INFO - *******GROWING CR RULE*******
2026-04-14 12:56:23,022 - INFO - Iteracja 0: condition_best: Condition = {2.0}, quality_best: 0.378, coverage_best: (p=37, n=6, P=129, N=66)
2026-04-14 12:56:23,022 - INFO - Regula po iteracji 0: IF Condition = {2.0} THEN class = {322.28} [10.23, 634.33], (p=37, n=6, P=129, N=66)
2026-04-14 12:56:23,023 - INFO - *****GROWING RR RULE*****
2026-04-14 12:56:23,051 - INFO - Iteracja 0: condition_best: None, quality_best: -inf, coverage_best: (p=0, n=0, P=0, N=0), p_value: 0
2026-04-14 12:56:23,051 - INFO - Regula po iteracji 0: IF  THEN class = {558.73} [141.09, 976.37], (p=145, n=50, P=145, N=50)
2026-04-14 12:56:23,051 - INFO - *****STOP GROWING RR RULE*****
2026-04-14 12:56:23,051 - INFO - ***RR NOT FOUND***
2026-04-14 12:56:23,057 - INFO - Iteracja 1: condition_best: Age <= 65.50, quality_best: 0.541, coverage_best: (p=23, n=1, P=114, N=81)
2026-04-14 12:56:23,057 - INFO - Regula po iteracji 1: IF Condition = {2.0} AND Age <= 65.50 THEN class = {269.92} [0.72, 539.12], (p=23, n=1, P=114, N=81)
2026-04-14 12:56:23,057 - INFO - *****GROWING RR RULE*****
2026-04-14 12:56:23,085 - INFO - Iteracja 0: condition_best: None, quality_best: -inf, coverage_best: (p=0, n=0, P=0, N=0), p_value: 0
2026-04-14 12:56:23,085 - INFO - Regula po iteracji 0: IF  THEN class = {558.73} [141.09, 976.37], (p=145, n=50, P=145, N=50)
2026-04-14 12:56:23,085 - INFO - *****STOP GROWING RR RULE*****
2026-04-14 12:56:23,086 - INFO - ***RR NOT FOUND***
2026-04-14 12:56:23,089 - INFO - Iteracja 2: condition_best: Age >= 39.00, quality_best: 0.534, coverage_best: (p=22, n=1, P=114, N=81)
2026-04-14 12:56:23,089 - INFO - Regula po iteracji 2: IF Condition = {2.0} AND Age <= 65.50 AND Age >= 39.00 THEN class = {265.48} [-8.65, 539.61], (p=22, n=1, P=114, N=81)
2026-04-14 12:56:23,090 - INFO - *****GROWING RR RULE*****
2026-04-14 12:56:23,118 - INFO - Iteracja 0: condition_best: None, quality_best: -inf, coverage_best: (p=0, n=0, P=0, N=0), p_value: 0
2026-04-14 12:56:23,118 - INFO - Regula po iteracji 0: IF  THEN class = {558.73} [141.09, 976.37], (p=145, n=50, P=145, N=50)
2026-04-14 12:56:23,118 - INFO - *****STOP GROWING RR RULE*****
2026-04-14 12:56:23,118 - INFO - ***RR NOT FOUND***
2026-04-14 12:56:23,122 - INFO - Iteracja 3: condition_best: Age >= 45.50, quality_best: 0.518, coverage_best: (p=21, n=1, P=120, N=75)
2026-04-14 12:56:23,122 - INFO - Regula po iteracji 3: IF Condition = {2.0} AND Age <= 65.50 AND Age >= 39.00 AND Age >= 45.50 THEN class = {272.45} [-5.83, 550.74], (p=21, n=1, P=120, N=75)
2026-04-14 12:56:23,122 - INFO - *****GROWING RR RULE*****
2026-04-14 12:56:23,151 - INFO - Iteracja 0: condition_best: None, quality_best: -inf, coverage_best: (p=0, n=0, P=0, N=0), p_value: 0
2026-04-14 12:56:23,151 - INFO - Regula po iteracji 0: IF  THEN class = {558.73} [141.09, 976.37], (p=145, n=50, P=145, N=50)
2026-04-14 12:56:23,151 - INFO - *****STOP GROWING RR RULE*****
2026-04-14 12:56:23,151 - INFO - ***RR NOT FOUND***
2026-04-14 12:56:23,155 - INFO - Iteracja 4: condition_best: Age <= 64.50, quality_best: 0.499, coverage_best: (p=19, n=1, P=123, N=72)
2026-04-14 12:56:23,155 - INFO - Regula po iteracji 4: IF Condition = {2.0} AND Age <= 65.50 AND Age >= 39.00 AND Age >= 45.50 AND Age <= 64.50 THEN class = {274.80} [-12.82, 562.42], (p=19, n=1, P=123, N=72)
2026-04-14 12:56:23,155 - INFO - *****GROWING RR RULE*****
2026-04-14 12:56:23,183 - INFO - Iteracja 0: condition_best: None, quality_best: -inf, coverage_best: (p=0, n=0, P=0, N=0), p_value: 0
2026-04-14 12:56:23,184 - INFO - Regula po iteracji 0: IF  THEN class = {558.73} [141.09, 976.37], (p=145, n=50, P=145, N=50)
2026-04-14 12:56:23,184 - INFO - *****STOP GROWING RR RULE*****
2026-04-14 12:56:23,184 - INFO - ***RR NOT FOUND***
2026-04-14 12:56:23,184 - INFO - *******STOP GROWING CR RULE*******
2026-04-14 12:56:23,185 - INFO - *******GROWING CR RULE*******
2026-04-14 12:56:23,200 - INFO - Iteracja 0: condition_best: Condition = {2.0}, quality_best: 0.378, coverage_best: (p=37, n=6, P=129, N=66)
2026-04-14 12:56:23,200 - INFO - Regula po iteracji 0: IF Condition = {2.0} THEN class = {322.28} [10.23, 634.33], (p=37, n=6, P=129, N=66)
2026-04-14 12:56:23,200 - INFO - *****GROWING RR RULE*****
2026-04-14 12:56:23,229 - INFO - Iteracja 0: condition_best: None, quality_best: -inf, coverage_best: (p=0, n=0, P=0, N=0), p_value: 0
2026-04-14 12:56:23,229 - INFO - Regula po iteracji 0: IF  THEN class = {558.73} [141.09, 976.37], (p=145, n=50, P=145, N=50)
2026-04-14 12:56:23,229 - INFO - *****STOP GROWING RR RULE*****
2026-04-14 12:56:23,229 - INFO - ***RR NOT FOUND***
2026-04-14 12:56:23,234 - INFO - Iteracja 1: condition_best: Age <= 68.50, quality_best: 0.53, coverage_best: (p=29, n=2, P=114, N=81)
2026-04-14 12:56:23,235 - INFO - Regula po iteracji 1: IF Condition = {2.0} AND Age <= 68.50 THEN class = {263.23} [-8.34, 534.79], (p=29, n=2, P=114, N=81)
2026-04-14 12:56:23,235 - INFO - *****GROWING RR RULE*****
2026-04-14 12:56:23,263 - INFO - Iteracja 0: condition_best: None, quality_best: -inf, coverage_best: (p=0, n=0, P=0, N=0), p_value: 0
2026-04-14 12:56:23,263 - INFO - Regula po iteracji 0: IF  THEN class = {558.73} [141.09, 976.37], (p=145, n=50, P=145, N=50)
2026-04-14 12:56:23,263 - INFO - *****STOP GROWING RR RULE*****
2026-04-14 12:56:23,263 - INFO - ***RR NOT FOUND***
2026-04-14 12:56:23,268 - INFO - Iteracja 2: condition_best: Age >= 39.00, quality_best: 0.523, coverage_best: (p=28, n=2, P=114, N=81)
2026-04-14 12:56:23,268 - INFO - Regula po iteracji 2: IF Condition = {2.0} AND Age <= 68.50 AND Age >= 39.00 THEN class = {259.60} [-15.71, 534.91], (p=28, n=2, P=114, N=81)
2026-04-14 12:56:23,268 - INFO - *****GROWING RR RULE*****
2026-04-14 12:56:23,296 - INFO - Iteracja 0: condition_best: None, quality_best: -inf, coverage_best: (p=0, n=0, P=0, N=0), p_value: 0
2026-04-14 12:56:23,296 - INFO - Regula po iteracji 0: IF  THEN class = {558.73} [141.09, 976.37], (p=145, n=50, P=145, N=50)
2026-04-14 12:56:23,297 - INFO - *****STOP GROWING RR RULE*****
2026-04-14 12:56:23,297 - INFO - ***RR NOT FOUND***
2026-04-14 12:56:23,301 - INFO - Iteracja 3: condition_best: Age <= 67.50, quality_best: 0.514, coverage_best: (p=27, n=2, P=115, N=80)
2026-04-14 12:56:23,301 - INFO - Regula po iteracji 3: IF Condition = {2.0} AND Age <= 68.50 AND Age >= 39.00 AND Age <= 67.50 THEN class = {263.48} [-15.73, 542.69], (p=27, n=2, P=115, N=80)
2026-04-14 12:56:23,301 - INFO - *****GROWING RR RULE*****
2026-04-14 12:56:23,330 - INFO - Iteracja 0: condition_best: None, quality_best: -inf, coverage_best: (p=0, n=0, P=0, N=0), p_value: 0
2026-04-14 12:56:23,330 - INFO - Regula po iteracji 0: IF  THEN class = {558.73} [141.09, 976.37], (p=145, n=50, P=145, N=50)
2026-04-14 12:56:23,330 - INFO - *****STOP GROWING RR RULE*****
2026-04-14 12:56:23,330 - INFO - ***RR NOT FOUND***
2026-04-14 12:56:23,334 - INFO - Iteracja 4: condition_best: Age >= 57.50, quality_best: 0.527, coverage_best: (p=17, n=1, P=94, N=101)
2026-04-14 12:56:23,334 - INFO - Regula po iteracji 4: IF Condition = {2.0} AND Age <= 68.50 AND Age >= 39.00 AND Age <= 67.50 AND Age >= 57.50 THEN class = {205.50} [0.38, 410.62], (p=17, n=1, P=94, N=101)
2026-04-14 12:56:23,335 - INFO - *****GROWING RR RULE*****
2026-04-14 12:56:23,363 - INFO - Iteracja 0: condition_best: None, quality_best: -inf, coverage_best: (p=0, n=0, P=0, N=0), p_value: 0
2026-04-14 12:56:23,363 - INFO - Regula po iteracji 0: IF  THEN class = {558.73} [141.09, 976.37], (p=145, n=50, P=145, N=50)
2026-04-14 12:56:23,363 - INFO - *****STOP GROWING RR RULE*****
2026-04-14 12:56:23,363 - INFO - ***RR NOT FOUND***
2026-04-14 12:56:23,363 - INFO - *******STOP GROWING CR RULE*******
2026-04-14 12:56:23,365 - INFO - *******GROWING CR RULE*******
2026-04-14 12:56:23,379 - INFO - Iteracja 0: condition_best: Condition = {2.0}, quality_best: 0.378, coverage_best: (p=37, n=6, P=129, N=66)
2026-04-14 12:56:23,379 - INFO - Regula po iteracji 0: IF Condition = {2.0} THEN class = {322.28} [10.23, 634.33], (p=37, n=6, P=129, N=66)
2026-04-14 12:56:23,380 - INFO - *****GROWING RR RULE*****
2026-04-14 12:56:23,408 - INFO - Iteracja 0: condition_best: None, quality_best: -inf, coverage_best: (p=0, n=0, P=0, N=0), p_value: 0
2026-04-14 12:56:23,408 - INFO - Regula po iteracji 0: IF  THEN class = {558.73} [141.09, 976.37], (p=145, n=50, P=145, N=50)
2026-04-14 12:56:23,408 - INFO - *****STOP GROWING RR RULE*****
2026-04-14 12:56:23,408 - INFO - ***RR NOT FOUND***
2026-04-14 12:56:23,413 - INFO - Iteracja 1: condition_best: Status = {1}, quality_best: 0.453, coverage_best: (p=31, n=7, P=87, N=108)
2026-04-14 12:56:23,414 - INFO - Regula po iteracji 1: IF Condition = {2.0} AND Status = {1} THEN class = {240.13} [74.20, 406.06], (p=31, n=7, P=87, N=108)
2026-04-14 12:56:23,414 - INFO - *****GROWING RR RULE*****
2026-04-14 12:56:23,442 - INFO - Iteracja 0: condition_best: None, quality_best: -inf, coverage_best: (p=0, n=0, P=0, N=0), p_value: 0
2026-04-14 12:56:23,442 - INFO - Regula po iteracji 0: IF  THEN class = {558.73} [141.09, 976.37], (p=145, n=50, P=145, N=50)
2026-04-14 12:56:23,442 - INFO - *****STOP GROWING RR RULE*****
2026-04-14 12:56:23,442 - INFO - ***RR NOT FOUND***
2026-04-14 12:56:23,447 - INFO - Iteracja 2: condition_best: Age <= 80.00, quality_best: 0.436, coverage_best: (p=30, n=7, P=89, N=106)
2026-04-14 12:56:23,448 - INFO - Regula po iteracji 2: IF Condition = {2.0} AND Status = {1} AND Age <= 80.00 THEN class = {242.03} [74.28, 409.77], (p=30, n=7, P=89, N=106)
2026-04-14 12:56:23,448 - INFO - *****GROWING RR RULE*****
2026-04-14 12:56:23,476 - INFO - Iteracja 0: condition_best: None, quality_best: -inf, coverage_best: (p=0, n=0, P=0, N=0), p_value: 0
2026-04-14 12:56:23,476 - INFO - Regula po iteracji 0: IF  THEN class = {558.73} [141.09, 976.37], (p=145, n=50, P=145, N=50)
2026-04-14 12:56:23,476 - INFO - *****STOP GROWING RR RULE*****
2026-04-14 12:56:23,476 - INFO - ***RR NOT FOUND***
2026-04-14 12:56:23,481 - INFO - Iteracja 3: condition_best: Age <= 74.50, quality_best: 0.422, coverage_best: (p=29, n=7, P=90, N=105)
2026-04-14 12:56:23,482 - INFO - Regula po iteracji 3: IF Condition = {2.0} AND Status = {1} AND Age <= 80.00 AND Age <= 74.50 THEN class = {240.22} [70.52, 409.93], (p=29, n=7, P=90, N=105)
2026-04-14 12:56:23,482 - INFO - *****GROWING RR RULE*****
2026-04-14 12:56:23,510 - INFO - Iteracja 0: condition_best: None, quality_best: -inf, coverage_best: (p=0, n=0, P=0, N=0), p_value: 0
2026-04-14 12:56:23,510 - INFO - Regula po iteracji 0: IF  THEN class = {558.73} [141.09, 976.37], (p=145, n=50, P=145, N=50)
2026-04-14 12:56:23,510 - INFO - *****STOP GROWING RR RULE*****
2026-04-14 12:56:23,510 - INFO - ***RR NOT FOUND***
2026-04-14 12:56:23,515 - INFO - Iteracja 4: condition_best: Age <= 71.50, quality_best: 0.422, coverage_best: (p=25, n=6, P=86, N=109)
2026-04-14 12:56:23,515 - INFO - Regula po iteracji 4: IF Condition = {2.0} AND Status = {1} AND Age <= 80.00 AND Age <= 74.50 AND Age <= 71.50 THEN class = {227.61} [61.64, 393.59], (p=25, n=6, P=86, N=109)
2026-04-14 12:56:23,516 - INFO - *****GROWING RR RULE*****
2026-04-14 12:56:23,544 - INFO - Iteracja 0: condition_best: None, quality_best: -inf, coverage_best: (p=0, n=0, P=0, N=0), p_value: 0
2026-04-14 12:56:23,544 - INFO - Regula po iteracji 0: IF  THEN class = {558.73} [141.09, 976.37], (p=145, n=50, P=145, N=50)
2026-04-14 12:56:23,544 - INFO - *****STOP GROWING RR RULE*****
2026-04-14 12:56:23,544 - INFO - ***RR NOT FOUND***
2026-04-14 12:56:23,544 - INFO - *******STOP GROWING CR RULE*******
2026-04-14 12:56:23,546 - INFO - *******GROWING CR RULE*******
2026-04-14 12:56:23,560 - INFO - Iteracja 0: condition_best: Condition = {2.0}, quality_best: 0.378, coverage_best: (p=37, n=6, P=129, N=66)
2026-04-14 12:56:23,560 - INFO - Regula po iteracji 0: IF Condition = {2.0} THEN class = {322.28} [10.23, 634.33], (p=37, n=6, P=129, N=66)
2026-04-14 12:56:23,561 - INFO - *****GROWING RR RULE*****
2026-04-14 12:56:23,589 - INFO - Iteracja 0: condition_best: None, quality_best: -inf, coverage_best: (p=0, n=0, P=0, N=0), p_value: 0
2026-04-14 12:56:23,589 - INFO - Regula po iteracji 0: IF  THEN class = {558.73} [141.09, 976.37], (p=145, n=50, P=145, N=50)
2026-04-14 12:56:23,589 - INFO - *****STOP GROWING RR RULE*****
2026-04-14 12:56:23,589 - INFO - ***RR NOT FOUND***
2026-04-14 12:56:23,594 - INFO - Iteracja 1: condition_best: Status = {1}, quality_best: 0.453, coverage_best: (p=31, n=7, P=87, N=108)
2026-04-14 12:56:23,594 - INFO - Regula po iteracji 1: IF Condition = {2.0} AND Status = {1} THEN class = {240.13} [74.20, 406.06], (p=31, n=7, P=87, N=108)
2026-04-14 12:56:23,595 - INFO - *****GROWING RR RULE*****
2026-04-14 12:56:23,623 - INFO - Iteracja 0: condition_best: None, quality_best: -inf, coverage_best: (p=0, n=0, P=0, N=0), p_value: 0
2026-04-14 12:56:23,623 - INFO - Regula po iteracji 0: IF  THEN class = {558.73} [141.09, 976.37], (p=145, n=50, P=145, N=50)
2026-04-14 12:56:23,623 - INFO - *****STOP GROWING RR RULE*****
2026-04-14 12:56:23,623 - INFO - ***RR NOT FOUND***
2026-04-14 12:56:23,628 - INFO - Iteracja 2: condition_best: Age <= 80.00, quality_best: 0.436, coverage_best: (p=30, n=7, P=89, N=106)
2026-04-14 12:56:23,628 - INFO - Regula po iteracji 2: IF Condition = {2.0} AND Status = {1} AND Age <= 80.00 THEN class = {242.03} [74.28, 409.77], (p=30, n=7, P=89, N=106)
2026-04-14 12:56:23,628 - INFO - *****GROWING RR RULE*****
2026-04-14 12:56:23,657 - INFO - Iteracja 0: condition_best: None, quality_best: -inf, coverage_best: (p=0, n=0, P=0, N=0), p_value: 0
2026-04-14 12:56:23,657 - INFO - Regula po iteracji 0: IF  THEN class = {558.73} [141.09, 976.37], (p=145, n=50, P=145, N=50)
2026-04-14 12:56:23,657 - INFO - *****STOP GROWING RR RULE*****
2026-04-14 12:56:23,657 - INFO - ***RR NOT FOUND***
2026-04-14 12:56:23,662 - INFO - Iteracja 3: condition_best: Age <= 74.50, quality_best: 0.422, coverage_best: (p=29, n=7, P=90, N=105)
2026-04-14 12:56:23,662 - INFO - Regula po iteracji 3: IF Condition = {2.0} AND Status = {1} AND Age <= 80.00 AND Age <= 74.50 THEN class = {240.22} [70.52, 409.93], (p=29, n=7, P=90, N=105)
2026-04-14 12:56:23,662 - INFO - *****GROWING RR RULE*****
2026-04-14 12:56:23,690 - INFO - Iteracja 0: condition_best: None, quality_best: -inf, coverage_best: (p=0, n=0, P=0, N=0), p_value: 0
2026-04-14 12:56:23,691 - INFO - Regula po iteracji 0: IF  THEN class = {558.73} [141.09, 976.37], (p=145, n=50, P=145, N=50)
2026-04-14 12:56:23,691 - INFO - *****STOP GROWING RR RULE*****
2026-04-14 12:56:23,691 - INFO - ***RR NOT FOUND***
2026-04-14 12:56:23,696 - INFO - Iteracja 4: condition_best: Age >= 39.00, quality_best: 0.412, coverage_best: (p=28, n=7, P=90, N=105)
2026-04-14 12:56:23,696 - INFO - Regula po iteracji 4: IF Condition = {2.0} AND Status = {1} AND Age <= 80.00 AND Age <= 74.50 AND Age >= 39.00 THEN class = {236.46} [65.83, 407.08], (p=28, n=7, P=90, N=105)
2026-04-14 12:56:23,696 - INFO - *****GROWING RR RULE*****
2026-04-14 12:56:23,724 - INFO - Iteracja 0: condition_best: None, quality_best: -inf, coverage_best: (p=0, n=0, P=0, N=0), p_value: 0
2026-04-14 12:56:23,725 - INFO - Regula po iteracji 0: IF  THEN class = {558.73} [141.09, 976.37], (p=145, n=50, P=145, N=50)
2026-04-14 12:56:23,725 - INFO - *****STOP GROWING RR RULE*****
2026-04-14 12:56:23,725 - INFO - ***RR NOT FOUND***
2026-04-14 12:56:23,725 - INFO - *******STOP GROWING CR RULE*******
2026-04-14 12:56:23,726 - INFO - *******GROWING CR RULE*******
2026-04-14 12:56:23,741 - INFO - Iteracja 0: condition_best: Status = {1}, quality_best: 0.376, coverage_best: (p=107, n=35, P=116, N=79)
2026-04-14 12:56:23,741 - INFO - Regula po iteracji 0: IF Status = {1} THEN class = {388.91} [119.92, 657.90], (p=107, n=35, P=116, N=79)
2026-04-14 12:56:23,741 - INFO - *****GROWING RR RULE*****
2026-04-14 12:56:23,769 - INFO - Iteracja 0: condition_best: None, quality_best: -inf, coverage_best: (p=0, n=0, P=0, N=0), p_value: 0
2026-04-14 12:56:23,769 - INFO - Regula po iteracji 0: IF  THEN class = {558.73} [141.09, 976.37], (p=145, n=50, P=145, N=50)
2026-04-14 12:56:23,769 - INFO - *****STOP GROWING RR RULE*****
2026-04-14 12:56:23,769 - INFO - ***RR NOT FOUND***
2026-04-14 12:56:23,782 - INFO - Iteracja 1: condition_best: Site = {1}, quality_best: 0.471, coverage_best: (p=45, n=5, P=130, N=65)
2026-04-14 12:56:23,782 - INFO - Regula po iteracji 1: IF Status = {1} AND Site = {1} THEN class = {378.42} [80.41, 676.43], (p=45, n=5, P=130, N=65)
2026-04-14 12:56:23,782 - INFO - *****GROWING RR RULE*****
2026-04-14 12:56:23,810 - INFO - Iteracja 0: condition_best: None, quality_best: -inf, coverage_best: (p=0, n=0, P=0, N=0), p_value: 0
2026-04-14 12:56:23,810 - INFO - Regula po iteracji 0: IF  THEN class = {558.73} [141.09, 976.37], (p=145, n=50, P=145, N=50)
2026-04-14 12:56:23,810 - INFO - *****STOP GROWING RR RULE*****
2026-04-14 12:56:23,810 - INFO - ***RR NOT FOUND***
2026-04-14 12:56:23,817 - INFO - Iteracja 2: condition_best: Age <= 63.50, quality_best: 0.543, coverage_best: (p=26, n=1, P=124, N=71)
2026-04-14 12:56:23,817 - INFO - Regula po iteracji 2: IF Status = {1} AND Site = {1} AND Age <= 63.50 THEN class = {349.04} [72.86, 625.21], (p=26, n=1, P=124, N=71)
2026-04-14 12:56:23,817 - INFO - *****GROWING RR RULE*****
2026-04-14 12:56:23,845 - INFO - Iteracja 0: condition_best: None, quality_best: -inf, coverage_best: (p=0, n=0, P=0, N=0), p_value: 0
2026-04-14 12:56:23,845 - INFO - Regula po iteracji 0: IF  THEN class = {558.73} [141.09, 976.37], (p=145, n=50, P=145, N=50)
2026-04-14 12:56:23,846 - INFO - *****STOP GROWING RR RULE*****
2026-04-14 12:56:23,846 - INFO - ***RR NOT FOUND***
2026-04-14 12:56:23,850 - INFO - Iteracja 3: condition_best: Age <= 62.00, quality_best: 0.531, coverage_best: (p=24, n=1, P=124, N=71)
2026-04-14 12:56:23,850 - INFO - Regula po iteracji 3: IF Status = {1} AND Site = {1} AND Age <= 63.50 AND Age <= 62.00 THEN class = {341.64} [57.07, 626.21], (p=24, n=1, P=124, N=71)
2026-04-14 12:56:23,850 - INFO - *****GROWING RR RULE*****
2026-04-14 12:56:23,878 - INFO - Iteracja 0: condition_best: None, quality_best: -inf, coverage_best: (p=0, n=0, P=0, N=0), p_value: 0
2026-04-14 12:56:23,878 - INFO - Regula po iteracji 0: IF  THEN class = {558.73} [141.09, 976.37], (p=145, n=50, P=145, N=50)
2026-04-14 12:56:23,879 - INFO - *****STOP GROWING RR RULE*****
2026-04-14 12:56:23,879 - INFO - ***RR NOT FOUND***
2026-04-14 12:56:23,883 - INFO - Iteracja 4: condition_best: Age <= 60.50, quality_best: 0.525, coverage_best: (p=23, n=1, P=124, N=71)
2026-04-14 12:56:23,883 - INFO - Regula po iteracji 4: IF Status = {1} AND Site = {1} AND Age <= 63.50 AND Age <= 62.00 AND Age <= 60.50 THEN class = {338.62} [48.58, 628.67], (p=23, n=1, P=124, N=71)
2026-04-14 12:56:23,883 - INFO - *****GROWING RR RULE*****
2026-04-14 12:56:23,911 - INFO - Iteracja 0: condition_best: None, quality_best: -inf, coverage_best: (p=0, n=0, P=0, N=0), p_value: 0
2026-04-14 12:56:23,911 - INFO - Regula po iteracji 0: IF  THEN class = {558.73} [141.09, 976.37], (p=145, n=50, P=145, N=50)
2026-04-14 12:56:23,911 - INFO - *****STOP GROWING RR RULE*****
2026-04-14 12:56:23,912 - INFO - ***RR NOT FOUND***
2026-04-14 12:56:23,912 - INFO - *******STOP GROWING CR RULE*******
2026-04-14 12:56:23,913 - INFO - *******GROWING CR RULE*******
2026-04-14 12:56:23,927 - INFO - Iteracja 0: condition_best: Status = {1}, quality_best: 0.376, coverage_best: (p=107, n=35, P=116, N=79)
2026-04-14 12:56:23,927 - INFO - Regula po iteracji 0: IF Status = {1} THEN class = {388.91} [119.92, 657.90], (p=107, n=35, P=116, N=79)
2026-04-14 12:56:23,927 - INFO - *****GROWING RR RULE*****
2026-04-14 12:56:23,956 - INFO - Iteracja 0: condition_best: None, quality_best: -inf, coverage_best: (p=0, n=0, P=0, N=0), p_value: 0
2026-04-14 12:56:23,956 - INFO - Regula po iteracji 0: IF  THEN class = {558.73} [141.09, 976.37], (p=145, n=50, P=145, N=50)
2026-04-14 12:56:23,956 - INFO - *****STOP GROWING RR RULE*****
2026-04-14 12:56:23,956 - INFO - ***RR NOT FOUND***
2026-04-14 12:56:23,968 - INFO - Iteracja 1: condition_best: Site = {1}, quality_best: 0.471, coverage_best: (p=45, n=5, P=130, N=65)
2026-04-14 12:56:23,968 - INFO - Regula po iteracji 1: IF Status = {1} AND Site = {1} THEN class = {378.42} [80.41, 676.43], (p=45, n=5, P=130, N=65)
2026-04-14 12:56:23,968 - INFO - *****GROWING RR RULE*****
2026-04-14 12:56:23,997 - INFO - Iteracja 0: condition_best: None, quality_best: -inf, coverage_best: (p=0, n=0, P=0, N=0), p_value: 0
2026-04-14 12:56:23,997 - INFO - Regula po iteracji 0: IF  THEN class = {558.73} [141.09, 976.37], (p=145, n=50, P=145, N=50)
2026-04-14 12:56:23,997 - INFO - *****STOP GROWING RR RULE*****
2026-04-14 12:56:23,997 - INFO - ***RR NOT FOUND***
2026-04-14 12:56:24,003 - INFO - Iteracja 2: condition_best: Age <= 70.00, quality_best: 0.498, coverage_best: (p=38, n=3, P=132, N=63)
2026-04-14 12:56:24,003 - INFO - Regula po iteracji 2: IF Status = {1} AND Site = {1} AND Age <= 70.00 THEN class = {385.93} [68.13, 703.72], (p=38, n=3, P=132, N=63)
2026-04-14 12:56:24,003 - INFO - *****GROWING RR RULE*****
2026-04-14 12:56:24,032 - INFO - Iteracja 0: condition_best: None, quality_best: -inf, coverage_best: (p=0, n=0, P=0, N=0), p_value: 0
2026-04-14 12:56:24,032 - INFO - Regula po iteracji 0: IF  THEN class = {558.73} [141.09, 976.37], (p=145, n=50, P=145, N=50)
2026-04-14 12:56:24,032 - INFO - *****STOP GROWING RR RULE*****
2026-04-14 12:56:24,032 - INFO - ***RR NOT FOUND***
2026-04-14 12:56:24,037 - INFO - Iteracja 3: condition_best: Age >= 43.00, quality_best: 0.492, coverage_best: (p=37, n=3, P=132, N=63)
2026-04-14 12:56:24,037 - INFO - Regula po iteracji 3: IF Status = {1} AND Site = {1} AND Age <= 70.00 AND Age >= 43.00 THEN class = {391.23} [71.27, 711.18], (p=37, n=3, P=132, N=63)
2026-04-14 12:56:24,037 - INFO - *****GROWING RR RULE*****
2026-04-14 12:56:24,066 - INFO - Iteracja 0: condition_best: None, quality_best: -inf, coverage_best: (p=0, n=0, P=0, N=0), p_value: 0
2026-04-14 12:56:24,066 - INFO - Regula po iteracji 0: IF  THEN class = {558.73} [141.09, 976.37], (p=145, n=50, P=145, N=50)
2026-04-14 12:56:24,066 - INFO - *****STOP GROWING RR RULE*****
2026-04-14 12:56:24,066 - INFO - ***RR NOT FOUND***
2026-04-14 12:56:24,071 - INFO - Iteracja 4: condition_best: Age <= 68.50, quality_best: 0.475, coverage_best: (p=35, n=3, P=133, N=62)
2026-04-14 12:56:24,071 - INFO - Regula po iteracji 4: IF Status = {1} AND Site = {1} AND Age <= 70.00 AND Age >= 43.00 AND Age <= 68.50 THEN class = {392.03} [66.51, 717.54], (p=35, n=3, P=133, N=62)
2026-04-14 12:56:24,072 - INFO - *****GROWING RR RULE*****
2026-04-14 12:56:24,100 - INFO - Iteracja 0: condition_best: None, quality_best: -inf, coverage_best: (p=0, n=0, P=0, N=0), p_value: 0
2026-04-14 12:56:24,100 - INFO - Regula po iteracji 0: IF  THEN class = {558.73} [141.09, 976.37], (p=145, n=50, P=145, N=50)
2026-04-14 12:56:24,100 - INFO - *****STOP GROWING RR RULE*****
2026-04-14 12:56:24,100 - INFO - ***RR NOT FOUND***
2026-04-14 12:56:24,100 - INFO - *******STOP GROWING CR RULE*******
2026-04-14 12:56:24,101 - INFO - *******GROWING CR RULE*******
2026-04-14 12:56:24,116 - INFO - Iteracja 0: condition_best: Status = {1}, quality_best: 0.376, coverage_best: (p=107, n=35, P=116, N=79)
2026-04-14 12:56:24,116 - INFO - Regula po iteracji 0: IF Status = {1} THEN class = {388.91} [119.92, 657.90], (p=107, n=35, P=116, N=79)
2026-04-14 12:56:24,116 - INFO - *****GROWING RR RULE*****
2026-04-14 12:56:24,144 - INFO - Iteracja 0: condition_best: None, quality_best: -inf, coverage_best: (p=0, n=0, P=0, N=0), p_value: 0
2026-04-14 12:56:24,144 - INFO - Regula po iteracji 0: IF  THEN class = {558.73} [141.09, 976.37], (p=145, n=50, P=145, N=50)
2026-04-14 12:56:24,144 - INFO - *****STOP GROWING RR RULE*****
2026-04-14 12:56:24,144 - INFO - ***RR NOT FOUND***
2026-04-14 12:56:24,156 - INFO - Iteracja 1: condition_best: Site = {1}, quality_best: 0.471, coverage_best: (p=45, n=5, P=130, N=65)
2026-04-14 12:56:24,157 - INFO - Regula po iteracji 1: IF Status = {1} AND Site = {1} THEN class = {378.42} [80.41, 676.43], (p=45, n=5, P=130, N=65)
2026-04-14 12:56:24,157 - INFO - *****GROWING RR RULE*****
2026-04-14 12:56:24,185 - INFO - Iteracja 0: condition_best: None, quality_best: -inf, coverage_best: (p=0, n=0, P=0, N=0), p_value: 0
2026-04-14 12:56:24,185 - INFO - Regula po iteracji 0: IF  THEN class = {558.73} [141.09, 976.37], (p=145, n=50, P=145, N=50)
2026-04-14 12:56:24,185 - INFO - *****STOP GROWING RR RULE*****
2026-04-14 12:56:24,185 - INFO - ***RR NOT FOUND***
2026-04-14 12:56:24,191 - INFO - Iteracja 2: condition_best: N = {0}, quality_best: 0.478, coverage_best: (p=17, n=1, P=126, N=69)
2026-04-14 12:56:24,191 - INFO - Regula po iteracji 2: IF Status = {1} AND Site = {1} AND N = {0} THEN class = {410.50} [100.62, 720.38], (p=17, n=1, P=126, N=69)
2026-04-14 12:56:24,192 - INFO - *****GROWING RR RULE*****
2026-04-14 12:56:24,220 - INFO - Iteracja 0: condition_best: None, quality_best: -inf, coverage_best: (p=0, n=0, P=0, N=0), p_value: 0
2026-04-14 12:56:24,220 - INFO - Regula po iteracji 0: IF  THEN class = {558.73} [141.09, 976.37], (p=145, n=50, P=145, N=50)
2026-04-14 12:56:24,220 - INFO - *****STOP GROWING RR RULE*****
2026-04-14 12:56:24,220 - INFO - ***RR NOT FOUND***
2026-04-14 12:56:24,224 - INFO - Iteracja 3: condition_best: Age <= 79.50, quality_best: 0.466, coverage_best: (p=16, n=1, P=128, N=67)
2026-04-14 12:56:24,224 - INFO - Regula po iteracji 3: IF Status = {1} AND Site = {1} AND N = {0} AND Age <= 79.50 THEN class = {424.82} [111.80, 737.85], (p=16, n=1, P=128, N=67)
2026-04-14 12:56:24,224 - INFO - *****GROWING RR RULE*****
2026-04-14 12:56:24,253 - INFO - Iteracja 0: condition_best: None, quality_best: -inf, coverage_best: (p=0, n=0, P=0, N=0), p_value: 0
2026-04-14 12:56:24,253 - INFO - Regula po iteracji 0: IF  THEN class = {558.73} [141.09, 976.37], (p=145, n=50, P=145, N=50)
2026-04-14 12:56:24,253 - INFO - *****STOP GROWING RR RULE*****
2026-04-14 12:56:24,253 - INFO - ***RR NOT FOUND***
2026-04-14 12:56:24,256 - INFO - Iteracja 4: condition_best: Age >= 48.00, quality_best: 0.455, coverage_best: (p=15, n=1, P=129, N=66)
2026-04-14 12:56:24,256 - INFO - Regula po iteracji 4: IF Status = {1} AND Site = {1} AND N = {0} AND Age <= 79.50 AND Age >= 48.00 THEN class = {431.12} [109.51, 752.74], (p=15, n=1, P=129, N=66)
2026-04-14 12:56:24,257 - INFO - *****GROWING RR RULE*****
2026-04-14 12:56:24,292 - INFO - Iteracja 0: condition_best: None, quality_best: -inf, coverage_best: (p=0, n=0, P=0, N=0), p_value: 0
2026-04-14 12:56:24,292 - INFO - Regula po iteracji 0: IF  THEN class = {558.73} [141.09, 976.37], (p=145, n=50, P=145, N=50)
2026-04-14 12:56:24,292 - INFO - *****STOP GROWING RR RULE*****
2026-04-14 12:56:24,292 - INFO - ***RR NOT FOUND***
2026-04-14 12:56:24,292 - INFO - *******STOP GROWING CR RULE*******
2026-04-14 12:56:24,293 - INFO - *******GROWING CR RULE*******
2026-04-14 12:56:24,307 - INFO - Iteracja 0: condition_best: Status = {1}, quality_best: 0.376, coverage_best: (p=107, n=35, P=116, N=79)
2026-04-14 12:56:24,307 - INFO - Regula po iteracji 0: IF Status = {1} THEN class = {388.91} [119.92, 657.90], (p=107, n=35, P=116, N=79)
2026-04-14 12:56:24,308 - INFO - *****GROWING RR RULE*****
2026-04-14 12:56:24,336 - INFO - Iteracja 0: condition_best: None, quality_best: -inf, coverage_best: (p=0, n=0, P=0, N=0), p_value: 0
2026-04-14 12:56:24,336 - INFO - Regula po iteracji 0: IF  THEN class = {558.73} [141.09, 976.37], (p=145, n=50, P=145, N=50)
2026-04-14 12:56:24,336 - INFO - *****STOP GROWING RR RULE*****
2026-04-14 12:56:24,336 - INFO - ***RR NOT FOUND***
2026-04-14 12:56:24,348 - INFO - Iteracja 1: condition_best: Age <= 69.50, quality_best: 0.434, coverage_best: (p=89, n=20, P=123, N=72)
2026-04-14 12:56:24,348 - INFO - Regula po iteracji 1: IF Status = {1} AND Age <= 69.50 THEN class = {369.53} [91.90, 647.16], (p=89, n=20, P=123, N=72)
2026-04-14 12:56:24,348 - INFO - *****GROWING RR RULE*****
2026-04-14 12:56:24,377 - INFO - Iteracja 0: condition_best: None, quality_best: -inf, coverage_best: (p=0, n=0, P=0, N=0), p_value: 0
2026-04-14 12:56:24,377 - INFO - Regula po iteracji 0: IF  THEN class = {558.73} [141.09, 976.37], (p=145, n=50, P=145, N=50)
2026-04-14 12:56:24,377 - INFO - *****STOP GROWING RR RULE*****
2026-04-14 12:56:24,377 - INFO - ***RR NOT FOUND***
2026-04-14 12:56:24,386 - INFO - Iteracja 2: condition_best: Age >= 40.50, quality_best: 0.433, coverage_best: (p=86, n=19, P=123, N=72)
2026-04-14 12:56:24,386 - INFO - Regula po iteracji 2: IF Status = {1} AND Age <= 69.50 AND Age >= 40.50 THEN class = {369.80} [92.04, 647.56], (p=86, n=19, P=123, N=72)
2026-04-14 12:56:24,387 - INFO - *****GROWING RR RULE*****
2026-04-14 12:56:24,415 - INFO - Iteracja 0: condition_best: None, quality_best: -inf, coverage_best: (p=0, n=0, P=0, N=0), p_value: 0
2026-04-14 12:56:24,415 - INFO - Regula po iteracji 0: IF  THEN class = {558.73} [141.09, 976.37], (p=145, n=50, P=145, N=50)
2026-04-14 12:56:24,415 - INFO - *****STOP GROWING RR RULE*****
2026-04-14 12:56:24,415 - INFO - ***RR NOT FOUND***
2026-04-14 12:56:24,424 - INFO - Iteracja 3: condition_best: Age >= 44.50, quality_best: 0.433, coverage_best: (p=83, n=18, P=123, N=72)
2026-04-14 12:56:24,424 - INFO - Regula po iteracji 3: IF Status = {1} AND Age <= 69.50 AND Age >= 40.50 AND Age >= 44.50 THEN class = {366.30} [93.76, 638.83], (p=83, n=18, P=123, N=72)
2026-04-14 12:56:24,424 - INFO - *****GROWING RR RULE*****
2026-04-14 12:56:24,452 - INFO - Iteracja 0: condition_best: None, quality_best: -inf, coverage_best: (p=0, n=0, P=0, N=0), p_value: 0
2026-04-14 12:56:24,452 - INFO - Regula po iteracji 0: IF  THEN class = {558.73} [141.09, 976.37], (p=145, n=50, P=145, N=50)
2026-04-14 12:56:24,453 - INFO - *****STOP GROWING RR RULE*****
2026-04-14 12:56:24,453 - INFO - ***RR NOT FOUND***
2026-04-14 12:56:24,461 - INFO - Iteracja 4: condition_best: Age <= 57.50, quality_best: 0.467, coverage_best: (p=40, n=6, P=113, N=82)
2026-04-14 12:56:24,461 - INFO - Regula po iteracji 4: IF Status = {1} AND Age <= 69.50 AND Age >= 40.50 AND Age >= 44.50 AND Age <= 57.50 THEN class = {379.65} [123.79, 635.51], (p=40, n=6, P=113, N=82)
2026-04-14 12:56:24,461 - INFO - *****GROWING RR RULE*****
2026-04-14 12:56:24,490 - INFO - Iteracja 0: condition_best: None, quality_best: -inf, coverage_best: (p=0, n=0, P=0, N=0), p_value: 0
2026-04-14 12:56:24,490 - INFO - Regula po iteracji 0: IF  THEN class = {558.73} [141.09, 976.37], (p=145, n=50, P=145, N=50)
2026-04-14 12:56:24,490 - INFO - *****STOP GROWING RR RULE*****
2026-04-14 12:56:24,490 - INFO - ***RR NOT FOUND***
2026-04-14 12:56:24,490 - INFO - *******STOP GROWING CR RULE*******
2026-04-14 12:56:24,491 - INFO - *******GROWING CR RULE*******
2026-04-14 12:56:24,505 - INFO - Iteracja 0: condition_best: Status = {1}, quality_best: 0.376, coverage_best: (p=107, n=35, P=116, N=79)
2026-04-14 12:56:24,505 - INFO - Regula po iteracji 0: IF Status = {1} THEN class = {388.91} [119.92, 657.90], (p=107, n=35, P=116, N=79)
2026-04-14 12:56:24,506 - INFO - *****GROWING RR RULE*****
2026-04-14 12:56:24,534 - INFO - Iteracja 0: condition_best: None, quality_best: -inf, coverage_best: (p=0, n=0, P=0, N=0), p_value: 0
2026-04-14 12:56:24,534 - INFO - Regula po iteracji 0: IF  THEN class = {558.73} [141.09, 976.37], (p=145, n=50, P=145, N=50)
2026-04-14 12:56:24,534 - INFO - *****STOP GROWING RR RULE*****
2026-04-14 12:56:24,534 - INFO - ***RR NOT FOUND***
2026-04-14 12:56:24,546 - INFO - Iteracja 1: condition_best: Age <= 69.50, quality_best: 0.434, coverage_best: (p=89, n=20, P=123, N=72)
2026-04-14 12:56:24,546 - INFO - Regula po iteracji 1: IF Status = {1} AND Age <= 69.50 THEN class = {369.53} [91.90, 647.16], (p=89, n=20, P=123, N=72)
2026-04-14 12:56:24,546 - INFO - *****GROWING RR RULE*****
2026-04-14 12:56:24,574 - INFO - Iteracja 0: condition_best: None, quality_best: -inf, coverage_best: (p=0, n=0, P=0, N=0), p_value: 0
2026-04-14 12:56:24,574 - INFO - Regula po iteracji 0: IF  THEN class = {558.73} [141.09, 976.37], (p=145, n=50, P=145, N=50)
2026-04-14 12:56:24,575 - INFO - *****STOP GROWING RR RULE*****
2026-04-14 12:56:24,575 - INFO - ***RR NOT FOUND***
2026-04-14 12:56:24,584 - INFO - Iteracja 2: condition_best: Age >= 40.50, quality_best: 0.433, coverage_best: (p=86, n=19, P=123, N=72)
2026-04-14 12:56:24,584 - INFO - Regula po iteracji 2: IF Status = {1} AND Age <= 69.50 AND Age >= 40.50 THEN class = {369.80} [92.04, 647.56], (p=86, n=19, P=123, N=72)
2026-04-14 12:56:24,584 - INFO - *****GROWING RR RULE*****
2026-04-14 12:56:24,612 - INFO - Iteracja 0: condition_best: None, quality_best: -inf, coverage_best: (p=0, n=0, P=0, N=0), p_value: 0
2026-04-14 12:56:24,612 - INFO - Regula po iteracji 0: IF  THEN class = {558.73} [141.09, 976.37], (p=145, n=50, P=145, N=50)
2026-04-14 12:56:24,612 - INFO - *****STOP GROWING RR RULE*****
2026-04-14 12:56:24,612 - INFO - ***RR NOT FOUND***
2026-04-14 12:56:24,621 - INFO - Iteracja 3: condition_best: Age >= 44.50, quality_best: 0.433, coverage_best: (p=83, n=18, P=123, N=72)
2026-04-14 12:56:24,621 - INFO - Regula po iteracji 3: IF Status = {1} AND Age <= 69.50 AND Age >= 40.50 AND Age >= 44.50 THEN class = {366.30} [93.76, 638.83], (p=83, n=18, P=123, N=72)
2026-04-14 12:56:24,622 - INFO - *****GROWING RR RULE*****
2026-04-14 12:56:24,650 - INFO - Iteracja 0: condition_best: None, quality_best: -inf, coverage_best: (p=0, n=0, P=0, N=0), p_value: 0
2026-04-14 12:56:24,650 - INFO - Regula po iteracji 0: IF  THEN class = {558.73} [141.09, 976.37], (p=145, n=50, P=145, N=50)
2026-04-14 12:56:24,650 - INFO - *****STOP GROWING RR RULE*****
2026-04-14 12:56:24,650 - INFO - ***RR NOT FOUND***
2026-04-14 12:56:24,658 - INFO - Iteracja 4: condition_best: Age >= 47.50, quality_best: 0.433, coverage_best: (p=79, n=16, P=125, N=70)
2026-04-14 12:56:24,658 - INFO - Regula po iteracji 4: IF Status = {1} AND Age <= 69.50 AND Age >= 40.50 AND Age >= 44.50 AND Age >= 47.50 THEN class = {362.76} [88.43, 637.08], (p=79, n=16, P=125, N=70)
2026-04-14 12:56:24,659 - INFO - *****GROWING RR RULE*****
2026-04-14 12:56:24,687 - INFO - Iteracja 0: condition_best: None, quality_best: -inf, coverage_best: (p=0, n=0, P=0, N=0), p_value: 0
2026-04-14 12:56:24,687 - INFO - Regula po iteracji 0: IF  THEN class = {558.73} [141.09, 976.37], (p=145, n=50, P=145, N=50)
2026-04-14 12:56:24,687 - INFO - *****STOP GROWING RR RULE*****
2026-04-14 12:56:24,687 - INFO - ***RR NOT FOUND***
2026-04-14 12:56:24,687 - INFO - *******STOP GROWING CR RULE*******
2026-04-14 12:56:24,688 - INFO - *******GROWING CR RULE*******
2026-04-14 12:56:24,702 - INFO - Iteracja 0: condition_best: Status = {1}, quality_best: 0.376, coverage_best: (p=107, n=35, P=116, N=79)
2026-04-14 12:56:24,702 - INFO - Regula po iteracji 0: IF Status = {1} THEN class = {388.91} [119.92, 657.90], (p=107, n=35, P=116, N=79)
2026-04-14 12:56:24,703 - INFO - *****GROWING RR RULE*****
2026-04-14 12:56:24,731 - INFO - Iteracja 0: condition_best: None, quality_best: -inf, coverage_best: (p=0, n=0, P=0, N=0), p_value: 0
2026-04-14 12:56:24,731 - INFO - Regula po iteracji 0: IF  THEN class = {558.73} [141.09, 976.37], (p=145, n=50, P=145, N=50)
2026-04-14 12:56:24,731 - INFO - *****STOP GROWING RR RULE*****
2026-04-14 12:56:24,731 - INFO - ***RR NOT FOUND***
2026-04-14 12:56:24,743 - INFO - Iteracja 1: condition_best: Age <= 69.50, quality_best: 0.434, coverage_best: (p=89, n=20, P=123, N=72)
2026-04-14 12:56:24,743 - INFO - Regula po iteracji 1: IF Status = {1} AND Age <= 69.50 THEN class = {369.53} [91.90, 647.16], (p=89, n=20, P=123, N=72)
2026-04-14 12:56:24,743 - INFO - *****GROWING RR RULE*****
2026-04-14 12:56:24,771 - INFO - Iteracja 0: condition_best: None, quality_best: -inf, coverage_best: (p=0, n=0, P=0, N=0), p_value: 0
2026-04-14 12:56:24,771 - INFO - Regula po iteracji 0: IF  THEN class = {558.73} [141.09, 976.37], (p=145, n=50, P=145, N=50)
2026-04-14 12:56:24,771 - INFO - *****STOP GROWING RR RULE*****
2026-04-14 12:56:24,772 - INFO - ***RR NOT FOUND***
2026-04-14 12:56:24,781 - INFO - Iteracja 2: condition_best: Age >= 37.00, quality_best: 0.428, coverage_best: (p=88, n=20, P=123, N=72)
2026-04-14 12:56:24,781 - INFO - Regula po iteracji 2: IF Status = {1} AND Age <= 69.50 AND Age >= 37.00 THEN class = {369.51} [90.59, 648.42], (p=88, n=20, P=123, N=72)
2026-04-14 12:56:24,781 - INFO - *****GROWING RR RULE*****
2026-04-14 12:56:24,809 - INFO - Iteracja 0: condition_best: None, quality_best: -inf, coverage_best: (p=0, n=0, P=0, N=0), p_value: 0
2026-04-14 12:56:24,809 - INFO - Regula po iteracji 0: IF  THEN class = {558.73} [141.09, 976.37], (p=145, n=50, P=145, N=50)
2026-04-14 12:56:24,809 - INFO - *****STOP GROWING RR RULE*****
2026-04-14 12:56:24,809 - INFO - ***RR NOT FOUND***
2026-04-14 12:56:24,818 - INFO - Iteracja 3: condition_best: Age <= 65.50, quality_best: 0.408, coverage_best: (p=75, n=15, P=128, N=67)
2026-04-14 12:56:24,818 - INFO - Regula po iteracji 3: IF Status = {1} AND Age <= 69.50 AND Age >= 37.00 AND Age <= 65.50 THEN class = {378.84} [88.67, 669.02], (p=75, n=15, P=128, N=67)
2026-04-14 12:56:24,819 - INFO - *****GROWING RR RULE*****
2026-04-14 12:56:24,847 - INFO - Iteracja 0: condition_best: None, quality_best: -inf, coverage_best: (p=0, n=0, P=0, N=0), p_value: 0
2026-04-14 12:56:24,847 - INFO - Regula po iteracji 0: IF  THEN class = {558.73} [141.09, 976.37], (p=145, n=50, P=145, N=50)
2026-04-14 12:56:24,847 - INFO - *****STOP GROWING RR RULE*****
2026-04-14 12:56:24,847 - INFO - ***RR NOT FOUND***
2026-04-14 12:56:24,855 - INFO - Iteracja 4: condition_best: Age <= 58.50, quality_best: 0.382, coverage_best: (p=50, n=11, P=119, N=76)
2026-04-14 12:56:24,855 - INFO - Regula po iteracji 4: IF Status = {1} AND Age <= 69.50 AND Age >= 37.00 AND Age <= 65.50 AND Age <= 58.50 THEN class = {381.66} [110.98, 652.33], (p=50, n=11, P=119, N=76)
2026-04-14 12:56:24,855 - INFO - *****GROWING RR RULE*****
2026-04-14 12:56:24,884 - INFO - Iteracja 0: condition_best: None, quality_best: -inf, coverage_best: (p=0, n=0, P=0, N=0), p_value: 0
2026-04-14 12:56:24,884 - INFO - Regula po iteracji 0: IF  THEN class = {558.73} [141.09, 976.37], (p=145, n=50, P=145, N=50)
2026-04-14 12:56:24,884 - INFO - *****STOP GROWING RR RULE*****
2026-04-14 12:56:24,884 - INFO - ***RR NOT FOUND***
2026-04-14 12:56:24,884 - INFO - *******STOP GROWING CR RULE*******
2026-04-14 12:56:24,884 - INFO - *******GROWING CR RULE*******
2026-04-14 12:56:24,899 - INFO - Iteracja 0: condition_best: Status = {1}, quality_best: 0.376, coverage_best: (p=107, n=35, P=116, N=79)
2026-04-14 12:56:24,899 - INFO - Regula po iteracji 0: IF Status = {1} THEN class = {388.91} [119.92, 657.90], (p=107, n=35, P=116, N=79)
2026-04-14 12:56:24,899 - INFO - *****GROWING RR RULE*****
2026-04-14 12:56:24,927 - INFO - Iteracja 0: condition_best: None, quality_best: -inf, coverage_best: (p=0, n=0, P=0, N=0), p_value: 0
2026-04-14 12:56:24,927 - INFO - Regula po iteracji 0: IF  THEN class = {558.73} [141.09, 976.37], (p=145, n=50, P=145, N=50)
2026-04-14 12:56:24,927 - INFO - *****STOP GROWING RR RULE*****
2026-04-14 12:56:24,927 - INFO - ***RR NOT FOUND***
2026-04-14 12:56:24,939 - INFO - Iteracja 1: condition_best: Age >= 46.50, quality_best: 0.427, coverage_best: (p=103, n=30, P=115, N=80)
2026-04-14 12:56:24,939 - INFO - Regula po iteracji 1: IF Status = {1} AND Age >= 46.50 THEN class = {383.56} [122.13, 644.98], (p=103, n=30, P=115, N=80)
2026-04-14 12:56:24,939 - INFO - *****GROWING RR RULE*****
2026-04-14 12:56:24,968 - INFO - Iteracja 0: condition_best: None, quality_best: -inf, coverage_best: (p=0, n=0, P=0, N=0), p_value: 0
2026-04-14 12:56:24,968 - INFO - Regula po iteracji 0: IF  THEN class = {558.73} [141.09, 976.37], (p=145, n=50, P=145, N=50)
2026-04-14 12:56:24,968 - INFO - *****STOP GROWING RR RULE*****
2026-04-14 12:56:24,968 - INFO - ***RR NOT FOUND***
2026-04-14 12:56:24,979 - INFO - Iteracja 2: condition_best: Condition = {1.0}, quality_best: 0.454, coverage_best: (p=70, n=19, P=104, N=91)
2026-04-14 12:56:24,979 - INFO - Regula po iteracji 2: IF Status = {1} AND Age >= 46.50 AND Condition = {1.0} THEN class = {455.78} [185.30, 726.25], (p=70, n=19, P=104, N=91)
2026-04-14 12:56:24,979 - INFO - *****GROWING RR RULE*****
2026-04-14 12:56:25,008 - INFO - Iteracja 0: condition_best: None, quality_best: -inf, coverage_best: (p=0, n=0, P=0, N=0), p_value: 0
2026-04-14 12:56:25,008 - INFO - Regula po iteracji 0: IF  THEN class = {558.73} [141.09, 976.37], (p=145, n=50, P=145, N=50)
2026-04-14 12:56:25,008 - INFO - *****STOP GROWING RR RULE*****
2026-04-14 12:56:25,008 - INFO - ***RR NOT FOUND***
2026-04-14 12:56:25,016 - INFO - Iteracja 3: condition_best: Inst = {2}, quality_best: 0.449, coverage_best: (p=26, n=2, P=138, N=57)
2026-04-14 12:56:25,017 - INFO - Regula po iteracji 3: IF Status = {1} AND Age >= 46.50 AND Condition = {1.0} AND Inst = {2} THEN class = {450.54} [102.78, 798.29], (p=26, n=2, P=138, N=57)
2026-04-14 12:56:25,017 - INFO - *****GROWING RR RULE*****
2026-04-14 12:56:25,045 - INFO - Iteracja 0: condition_best: None, quality_best: -inf, coverage_best: (p=0, n=0, P=0, N=0), p_value: 0
2026-04-14 12:56:25,046 - INFO - Regula po iteracji 0: IF  THEN class = {558.73} [141.09, 976.37], (p=145, n=50, P=145, N=50)
2026-04-14 12:56:25,046 - INFO - *****STOP GROWING RR RULE*****
2026-04-14 12:56:25,046 - INFO - ***RR NOT FOUND***
2026-04-14 12:56:25,050 - INFO - Iteracja 4: condition_best: Age >= 56.50, quality_best: 0.508, coverage_best: (p=20, n=1, P=122, N=73)
2026-04-14 12:56:25,050 - INFO - Regula po iteracji 4: IF Status = {1} AND Age >= 46.50 AND Condition = {1.0} AND Inst = {2} AND Age >= 56.50 THEN class = {399.62} [111.49, 687.75], (p=20, n=1, P=122, N=73)
2026-04-14 12:56:25,051 - INFO - *****GROWING RR RULE*****
2026-04-14 12:56:25,079 - INFO - Iteracja 0: condition_best: None, quality_best: -inf, coverage_best: (p=0, n=0, P=0, N=0), p_value: 0
2026-04-14 12:56:25,079 - INFO - Regula po iteracji 0: IF  THEN class = {558.73} [141.09, 976.37], (p=145, n=50, P=145, N=50)
2026-04-14 12:56:25,079 - INFO - *****STOP GROWING RR RULE*****
2026-04-14 12:56:25,079 - INFO - ***RR NOT FOUND***
2026-04-14 12:56:25,079 - INFO - *******STOP GROWING CR RULE*******
2026-04-14 12:56:25,080 - INFO - *******GROWING CR RULE*******
2026-04-14 12:56:25,094 - INFO - Iteracja 0: condition_best: Status = {1}, quality_best: 0.376, coverage_best: (p=107, n=35, P=116, N=79)
2026-04-14 12:56:25,094 - INFO - Regula po iteracji 0: IF Status = {1} THEN class = {388.91} [119.92, 657.90], (p=107, n=35, P=116, N=79)
2026-04-14 12:56:25,094 - INFO - *****GROWING RR RULE*****
2026-04-14 12:56:25,122 - INFO - Iteracja 0: condition_best: None, quality_best: -inf, coverage_best: (p=0, n=0, P=0, N=0), p_value: 0
2026-04-14 12:56:25,123 - INFO - Regula po iteracji 0: IF  THEN class = {558.73} [141.09, 976.37], (p=145, n=50, P=145, N=50)
2026-04-14 12:56:25,123 - INFO - *****STOP GROWING RR RULE*****
2026-04-14 12:56:25,123 - INFO - ***RR NOT FOUND***
2026-04-14 12:56:25,134 - INFO - Iteracja 1: condition_best: Age >= 46.50, quality_best: 0.427, coverage_best: (p=103, n=30, P=115, N=80)
2026-04-14 12:56:25,134 - INFO - Regula po iteracji 1: IF Status = {1} AND Age >= 46.50 THEN class = {383.56} [122.13, 644.98], (p=103, n=30, P=115, N=80)
2026-04-14 12:56:25,135 - INFO - *****GROWING RR RULE*****
2026-04-14 12:56:25,163 - INFO - Iteracja 0: condition_best: None, quality_best: -inf, coverage_best: (p=0, n=0, P=0, N=0), p_value: 0
2026-04-14 12:56:25,163 - INFO - Regula po iteracji 0: IF  THEN class = {558.73} [141.09, 976.37], (p=145, n=50, P=145, N=50)
2026-04-14 12:56:25,163 - INFO - *****STOP GROWING RR RULE*****
2026-04-14 12:56:25,163 - INFO - ***RR NOT FOUND***
2026-04-14 12:56:25,174 - INFO - Iteracja 2: condition_best: Condition = {1.0}, quality_best: 0.454, coverage_best: (p=70, n=19, P=104, N=91)
2026-04-14 12:56:25,174 - INFO - Regula po iteracji 2: IF Status = {1} AND Age >= 46.50 AND Condition = {1.0} THEN class = {455.78} [185.30, 726.25], (p=70, n=19, P=104, N=91)
2026-04-14 12:56:25,174 - INFO - *****GROWING RR RULE*****
2026-04-14 12:56:25,202 - INFO - Iteracja 0: condition_best: None, quality_best: -inf, coverage_best: (p=0, n=0, P=0, N=0), p_value: 0
2026-04-14 12:56:25,203 - INFO - Regula po iteracji 0: IF  THEN class = {558.73} [141.09, 976.37], (p=145, n=50, P=145, N=50)
2026-04-14 12:56:25,203 - INFO - *****STOP GROWING RR RULE*****
2026-04-14 12:56:25,203 - INFO - ***RR NOT FOUND***
2026-04-14 12:56:25,211 - INFO - Iteracja 3: condition_best: Age <= 89.00, quality_best: 0.441, coverage_best: (p=69, n=19, P=105, N=90)
2026-04-14 12:56:25,211 - INFO - Regula po iteracji 3: IF Status = {1} AND Age >= 46.50 AND Condition = {1.0} AND Age <= 89.00 THEN class = {455.08} [183.15, 727.01], (p=69, n=19, P=105, N=90)
2026-04-14 12:56:25,212 - INFO - *****GROWING RR RULE*****
2026-04-14 12:56:25,240 - INFO - Iteracja 0: condition_best: None, quality_best: -inf, coverage_best: (p=0, n=0, P=0, N=0), p_value: 0
2026-04-14 12:56:25,240 - INFO - Regula po iteracji 0: IF  THEN class = {558.73} [141.09, 976.37], (p=145, n=50, P=145, N=50)
2026-04-14 12:56:25,240 - INFO - *****STOP GROWING RR RULE*****
2026-04-14 12:56:25,240 - INFO - ***RR NOT FOUND***
2026-04-14 12:56:25,248 - INFO - Iteracja 4: condition_best: Age >= 72.50, quality_best: 0.46, coverage_best: (p=10, n=1, P=91, N=104)
2026-04-14 12:56:25,249 - INFO - Regula po iteracji 4: IF Status = {1} AND Age >= 46.50 AND Condition = {1.0} AND Age <= 89.00 AND Age >= 72.50 THEN class = {454.91} [221.78, 688.03], (p=10, n=1, P=91, N=104)
2026-04-14 12:56:25,249 - INFO - *****GROWING RR RULE*****
2026-04-14 12:56:25,277 - INFO - Iteracja 0: condition_best: None, quality_best: -inf, coverage_best: (p=0, n=0, P=0, N=0), p_value: 0
2026-04-14 12:56:25,277 - INFO - Regula po iteracji 0: IF  THEN class = {558.73} [141.09, 976.37], (p=145, n=50, P=145, N=50)
2026-04-14 12:56:25,277 - INFO - *****STOP GROWING RR RULE*****
2026-04-14 12:56:25,277 - INFO - ***RR NOT FOUND***
2026-04-14 12:56:25,277 - INFO - *******STOP GROWING CR RULE*******
2026-04-14 12:56:25,278 - INFO - *******GROWING CR RULE*******
2026-04-14 12:56:25,292 - INFO - Iteracja 0: condition_best: Status = {1}, quality_best: 0.376, coverage_best: (p=107, n=35, P=116, N=79)
2026-04-14 12:56:25,292 - INFO - Regula po iteracji 0: IF Status = {1} THEN class = {388.91} [119.92, 657.90], (p=107, n=35, P=116, N=79)
2026-04-14 12:56:25,292 - INFO - *****GROWING RR RULE*****
2026-04-14 12:56:25,321 - INFO - Iteracja 0: condition_best: None, quality_best: -inf, coverage_best: (p=0, n=0, P=0, N=0), p_value: 0
2026-04-14 12:56:25,321 - INFO - Regula po iteracji 0: IF  THEN class = {558.73} [141.09, 976.37], (p=145, n=50, P=145, N=50)
2026-04-14 12:56:25,321 - INFO - *****STOP GROWING RR RULE*****
2026-04-14 12:56:25,321 - INFO - ***RR NOT FOUND***
2026-04-14 12:56:25,332 - INFO - Iteracja 1: condition_best: Age >= 46.50, quality_best: 0.427, coverage_best: (p=103, n=30, P=115, N=80)
2026-04-14 12:56:25,333 - INFO - Regula po iteracji 1: IF Status = {1} AND Age >= 46.50 THEN class = {383.56} [122.13, 644.98], (p=103, n=30, P=115, N=80)
2026-04-14 12:56:25,333 - INFO - *****GROWING RR RULE*****
2026-04-14 12:56:25,361 - INFO - Iteracja 0: condition_best: None, quality_best: -inf, coverage_best: (p=0, n=0, P=0, N=0), p_value: 0
2026-04-14 12:56:25,362 - INFO - Regula po iteracji 0: IF  THEN class = {558.73} [141.09, 976.37], (p=145, n=50, P=145, N=50)
2026-04-14 12:56:25,362 - INFO - *****STOP GROWING RR RULE*****
2026-04-14 12:56:25,362 - INFO - ***RR NOT FOUND***
2026-04-14 12:56:25,373 - INFO - Iteracja 2: condition_best: Condition = {1.0}, quality_best: 0.454, coverage_best: (p=70, n=19, P=104, N=91)
2026-04-14 12:56:25,373 - INFO - Regula po iteracji 2: IF Status = {1} AND Age >= 46.50 AND Condition = {1.0} THEN class = {455.78} [185.30, 726.25], (p=70, n=19, P=104, N=91)
2026-04-14 12:56:25,373 - INFO - *****GROWING RR RULE*****
2026-04-14 12:56:25,402 - INFO - Iteracja 0: condition_best: None, quality_best: -inf, coverage_best: (p=0, n=0, P=0, N=0), p_value: 0
2026-04-14 12:56:25,402 - INFO - Regula po iteracji 0: IF  THEN class = {558.73} [141.09, 976.37], (p=145, n=50, P=145, N=50)
2026-04-14 12:56:25,402 - INFO - *****STOP GROWING RR RULE*****
2026-04-14 12:56:25,402 - INFO - ***RR NOT FOUND***
2026-04-14 12:56:25,411 - INFO - Iteracja 3: condition_best: Age <= 89.00, quality_best: 0.441, coverage_best: (p=69, n=19, P=105, N=90)
2026-04-14 12:56:25,411 - INFO - Regula po iteracji 3: IF Status = {1} AND Age >= 46.50 AND Condition = {1.0} AND Age <= 89.00 THEN class = {455.08} [183.15, 727.01], (p=69, n=19, P=105, N=90)
2026-04-14 12:56:25,411 - INFO - *****GROWING RR RULE*****
2026-04-14 12:56:25,440 - INFO - Iteracja 0: condition_best: None, quality_best: -inf, coverage_best: (p=0, n=0, P=0, N=0), p_value: 0
2026-04-14 12:56:25,440 - INFO - Regula po iteracji 0: IF  THEN class = {558.73} [141.09, 976.37], (p=145, n=50, P=145, N=50)
2026-04-14 12:56:25,440 - INFO - *****STOP GROWING RR RULE*****
2026-04-14 12:56:25,440 - INFO - ***RR NOT FOUND***
2026-04-14 12:56:25,448 - INFO - Iteracja 4: condition_best: Age <= 86.00, quality_best: 0.428, coverage_best: (p=68, n=19, P=106, N=89)
2026-04-14 12:56:25,448 - INFO - Regula po iteracji 4: IF Status = {1} AND Age >= 46.50 AND Condition = {1.0} AND Age <= 89.00 AND Age <= 86.00 THEN class = {454.09} [180.76, 727.42], (p=68, n=19, P=106, N=89)
2026-04-14 12:56:25,449 - INFO - *****GROWING RR RULE*****
2026-04-14 12:56:25,477 - INFO - Iteracja 0: condition_best: None, quality_best: -inf, coverage_best: (p=0, n=0, P=0, N=0), p_value: 0
2026-04-14 12:56:25,477 - INFO - Regula po iteracji 0: IF  THEN class = {558.73} [141.09, 976.37], (p=145, n=50, P=145, N=50)
2026-04-14 12:56:25,477 - INFO - *****STOP GROWING RR RULE*****
2026-04-14 12:56:25,477 - INFO - ***RR NOT FOUND***
2026-04-14 12:56:25,477 - INFO - *******STOP GROWING CR RULE*******
2026-04-14 12:56:25,478 - INFO - *******GROWING CR RULE*******
2026-04-14 12:56:25,492 - INFO - Iteracja 0: condition_best: Status = {1}, quality_best: 0.376, coverage_best: (p=107, n=35, P=116, N=79)
2026-04-14 12:56:25,492 - INFO - Regula po iteracji 0: IF Status = {1} THEN class = {388.91} [119.92, 657.90], (p=107, n=35, P=116, N=79)
2026-04-14 12:56:25,492 - INFO - *****GROWING RR RULE*****
2026-04-14 12:56:25,521 - INFO - Iteracja 0: condition_best: None, quality_best: -inf, coverage_best: (p=0, n=0, P=0, N=0), p_value: 0
2026-04-14 12:56:25,521 - INFO - Regula po iteracji 0: IF  THEN class = {558.73} [141.09, 976.37], (p=145, n=50, P=145, N=50)
2026-04-14 12:56:25,521 - INFO - *****STOP GROWING RR RULE*****
2026-04-14 12:56:25,521 - INFO - ***RR NOT FOUND***
2026-04-14 12:56:25,533 - INFO - Iteracja 1: condition_best: Age >= 46.50, quality_best: 0.427, coverage_best: (p=103, n=30, P=115, N=80)
2026-04-14 12:56:25,533 - INFO - Regula po iteracji 1: IF Status = {1} AND Age >= 46.50 THEN class = {383.56} [122.13, 644.98], (p=103, n=30, P=115, N=80)
2026-04-14 12:56:25,533 - INFO - *****GROWING RR RULE*****
2026-04-14 12:56:25,562 - INFO - Iteracja 0: condition_best: None, quality_best: -inf, coverage_best: (p=0, n=0, P=0, N=0), p_value: 0
2026-04-14 12:56:25,562 - INFO - Regula po iteracji 0: IF  THEN class = {558.73} [141.09, 976.37], (p=145, n=50, P=145, N=50)
2026-04-14 12:56:25,562 - INFO - *****STOP GROWING RR RULE*****
2026-04-14 12:56:25,562 - INFO - ***RR NOT FOUND***
2026-04-14 12:56:25,573 - INFO - Iteracja 2: condition_best: Age <= 89.00, quality_best: 0.415, coverage_best: (p=101, n=30, P=115, N=80)
2026-04-14 12:56:25,573 - INFO - Regula po iteracji 2: IF Status = {1} AND Age >= 46.50 AND Age <= 89.00 THEN class = {382.06} [118.97, 645.15], (p=101, n=30, P=115, N=80)
2026-04-14 12:56:25,574 - INFO - *****GROWING RR RULE*****
2026-04-14 12:56:25,602 - INFO - Iteracja 0: condition_best: None, quality_best: -inf, coverage_best: (p=0, n=0, P=0, N=0), p_value: 0
2026-04-14 12:56:25,602 - INFO - Regula po iteracji 0: IF  THEN class = {558.73} [141.09, 976.37], (p=145, n=50, P=145, N=50)
2026-04-14 12:56:25,602 - INFO - *****STOP GROWING RR RULE*****
2026-04-14 12:56:25,602 - INFO - ***RR NOT FOUND***
2026-04-14 12:56:25,613 - INFO - Iteracja 3: condition_best: Age >= 74.50, quality_best: 0.464, coverage_best: (p=12, n=1, P=105, N=90)
2026-04-14 12:56:25,613 - INFO - Regula po iteracji 3: IF Status = {1} AND Age >= 46.50 AND Age <= 89.00 AND Age >= 74.50 THEN class = {387.54} [151.02, 624.06], (p=12, n=1, P=105, N=90)
2026-04-14 12:56:25,613 - INFO - *****GROWING RR RULE*****
2026-04-14 12:56:25,642 - INFO - Iteracja 0: condition_best: None, quality_best: -inf, coverage_best: (p=0, n=0, P=0, N=0), p_value: 0
2026-04-14 12:56:25,642 - INFO - Regula po iteracji 0: IF  THEN class = {558.73} [141.09, 976.37], (p=145, n=50, P=145, N=50)
2026-04-14 12:56:25,642 - INFO - *****STOP GROWING RR RULE*****
2026-04-14 12:56:25,642 - INFO - ***RR NOT FOUND***
2026-04-14 12:56:25,645 - INFO - Iteracja 4: condition_best: sex = {1}, quality_best: 0.448, coverage_best: (p=11, n=1, P=108, N=87)
2026-04-14 12:56:25,645 - INFO - Regula po iteracji 4: IF Status = {1} AND Age >= 46.50 AND Age <= 89.00 AND Age >= 74.50 AND sex = {1} THEN class = {369.17} [132.07, 606.26], (p=11, n=1, P=108, N=87)
2026-04-14 12:56:25,646 - INFO - *****GROWING RR RULE*****
2026-04-14 12:56:25,674 - INFO - Iteracja 0: condition_best: None, quality_best: -inf, coverage_best: (p=0, n=0, P=0, N=0), p_value: 0
2026-04-14 12:56:25,674 - INFO - Regula po iteracji 0: IF  THEN class = {558.73} [141.09, 976.37], (p=145, n=50, P=145, N=50)
2026-04-14 12:56:25,674 - INFO - *****STOP GROWING RR RULE*****
2026-04-14 12:56:25,674 - INFO - ***RR NOT FOUND***
2026-04-14 12:56:25,674 - INFO - *******STOP GROWING CR RULE*******
2026-04-14 12:56:25,675 - INFO - *******GROWING CR RULE*******
2026-04-14 12:56:25,689 - INFO - Iteracja 0: condition_best: Condition = {4.0}, quality_best: 1.0, coverage_best: (p=1, n=0, P=1, N=194)
2026-04-14 12:56:25,689 - INFO - Regula po iteracji 0: IF Condition = {4.0} THEN class = {182.00} [182.00, 182.00], (p=1, n=0, P=1, N=194)
2026-04-14 12:56:25,689 - INFO - *****GROWING RR RULE*****
2026-04-14 12:56:25,717 - INFO - Iteracja 0: condition_best: None, quality_best: -inf, coverage_best: (p=0, n=0, P=0, N=0), p_value: 0
2026-04-14 12:56:25,718 - INFO - Regula po iteracji 0: IF  THEN class = {558.73} [141.09, 976.37], (p=145, n=50, P=145, N=50)
2026-04-14 12:56:25,718 - INFO - *****STOP GROWING RR RULE*****
2026-04-14 12:56:25,718 - INFO - ***RR NOT FOUND***
2026-04-14 12:56:25,718 - INFO - Iteracja 1: condition_best: Inst = {1}, quality_best: 1.0, coverage_best: (p=1, n=0, P=1, N=194)
2026-04-14 12:56:25,719 - INFO - Regula po iteracji 1: IF Condition = {4.0} AND Inst = {1} THEN class = {182.00} [182.00, 182.00], (p=1, n=0, P=1, N=194)
2026-04-14 12:56:25,719 - INFO - *****GROWING RR RULE*****
2026-04-14 12:56:25,747 - INFO - Iteracja 0: condition_best: None, quality_best: -inf, coverage_best: (p=0, n=0, P=0, N=0), p_value: 0
2026-04-14 12:56:25,747 - INFO - Regula po iteracji 0: IF  THEN class = {558.73} [141.09, 976.37], (p=145, n=50, P=145, N=50)
2026-04-14 12:56:25,747 - INFO - *****STOP GROWING RR RULE*****
2026-04-14 12:56:25,747 - INFO - ***RR NOT FOUND***
2026-04-14 12:56:25,748 - INFO - Iteracja 2: condition_best: sex = {1}, quality_best: 1.0, coverage_best: (p=1, n=0, P=1, N=194)
2026-04-14 12:56:25,748 - INFO - Regula po iteracji 2: IF Condition = {4.0} AND Inst = {1} AND sex = {1} THEN class = {182.00} [182.00, 182.00], (p=1, n=0, P=1, N=194)
2026-04-14 12:56:25,749 - INFO - *****GROWING RR RULE*****
2026-04-14 12:56:25,777 - INFO - Iteracja 0: condition_best: None, quality_best: -inf, coverage_best: (p=0, n=0, P=0, N=0), p_value: 0
2026-04-14 12:56:25,777 - INFO - Regula po iteracji 0: IF  THEN class = {558.73} [141.09, 976.37], (p=145, n=50, P=145, N=50)
2026-04-14 12:56:25,777 - INFO - *****STOP GROWING RR RULE*****
2026-04-14 12:56:25,777 - INFO - ***RR NOT FOUND***
2026-04-14 12:56:25,778 - INFO - Iteracja 3: condition_best: Treatment = {2}, quality_best: 1.0, coverage_best: (p=1, n=0, P=1, N=194)
2026-04-14 12:56:25,778 - INFO - Regula po iteracji 3: IF Condition = {4.0} AND Inst = {1} AND sex = {1} AND Treatment = {2} THEN class = {182.00} [182.00, 182.00], (p=1, n=0, P=1, N=194)
2026-04-14 12:56:25,779 - INFO - *****GROWING RR RULE*****
2026-04-14 12:56:25,807 - INFO - Iteracja 0: condition_best: None, quality_best: -inf, coverage_best: (p=0, n=0, P=0, N=0), p_value: 0
2026-04-14 12:56:25,807 - INFO - Regula po iteracji 0: IF  THEN class = {558.73} [141.09, 976.37], (p=145, n=50, P=145, N=50)
2026-04-14 12:56:25,808 - INFO - *****STOP GROWING RR RULE*****
2026-04-14 12:56:25,808 - INFO - ***RR NOT FOUND***
2026-04-14 12:56:25,809 - INFO - Iteracja 4: condition_best: Grade = {2.0}, quality_best: 1.0, coverage_best: (p=1, n=0, P=1, N=194)
2026-04-14 12:56:25,809 - INFO - Regula po iteracji 4: IF Condition = {4.0} AND Inst = {1} AND sex = {1} AND Treatment = {2} AND Grade = {2.0} THEN class = {182.00} [182.00, 182.00], (p=1, n=0, P=1, N=194)
2026-04-14 12:56:25,809 - INFO - *****GROWING RR RULE*****
2026-04-14 12:56:25,838 - INFO - Iteracja 0: condition_best: None, quality_best: -inf, coverage_best: (p=0, n=0, P=0, N=0), p_value: 0
2026-04-14 12:56:25,838 - INFO - Regula po iteracji 0: IF  THEN class = {558.73} [141.09, 976.37], (p=145, n=50, P=145, N=50)
2026-04-14 12:56:25,838 - INFO - *****STOP GROWING RR RULE*****
2026-04-14 12:56:25,838 - INFO - ***RR NOT FOUND***
2026-04-14 12:56:25,838 - INFO - *******STOP GROWING CR RULE*******
2026-04-14 12:56:25,846 - INFO - ************************Finished experiment for pharynx.arff with algorithm************************
2026-04-14 12:56:25,846 - INFO - *************************************************************************************************************************
2026-04-14 12:56:25,846 - INFO - *************************************************************************************************************************
2026-04-14 12:56:25,846 - INFO - *************************************************************************************************************************
