2026-04-08 10:24:04,754 - INFO - **********Starting experiment for 03_csb-ch07-halibut.arff with algorithm_rulekit**********
2026-04-08 10:24:06,658 - INFO - ************************Finished experiment for 03_csb-ch07-halibut.arff with algorithm_rulekit************************
2026-04-08 10:24:06,658 - INFO - *************************************************************************************************************************
2026-04-08 10:24:06,658 - INFO - *************************************************************************************************************************
2026-04-08 10:24:06,658 - INFO - *************************************************************************************************************************
2026-04-08 10:24:06,659 - INFO - **********Starting experiment for 03_csb-ch07-halibut.arff with algorithm_log_rank**********
2026-04-08 10:24:06,666 - INFO - *******GROWING CR RULE*******
2026-04-08 10:24:07,058 - INFO - Iteracja 0: condition_best: HANDTIME <= 18.50, quality_best: 1.0, coverage_best: (p=159, n=0, P=205, N=0)
2026-04-08 10:24:07,062 - INFO - Regula po iteracji 0: IF HANDTIME <= 18.50 THEN survival_status = {nan}, (p=159, n=0, P=205, N=0)
2026-04-08 10:24:07,403 - INFO - Iteracja 1: condition_best: DELDEPTH <= 19.00, quality_best: 1.0, coverage_best: (p=152, n=0, P=205, N=0)
2026-04-08 10:24:07,406 - INFO - Regula po iteracji 1: IF HANDTIME <= 18.50 AND DELDEPTH <= 19.00 THEN survival_status = {36.9}, (p=152, n=0, P=205, N=0)
2026-04-08 10:24:07,731 - INFO - Iteracja 2: condition_best: LENGTH >= 34.50, quality_best: 1.0, coverage_best: (p=132, n=0, P=205, N=0)
2026-04-08 10:24:07,735 - INFO - Regula po iteracji 2: IF HANDTIME <= 18.50 AND DELDEPTH <= 19.00 AND LENGTH >= 34.50 THEN survival_status = {38.0}, (p=132, n=0, P=205, N=0)
2026-04-08 10:24:08,050 - INFO - Iteracja 3: condition_best: LOGCAT >= 5.10, quality_best: 1.0, coverage_best: (p=37, n=0, P=205, N=0)
2026-04-08 10:24:08,054 - INFO - Regula po iteracji 3: IF HANDTIME <= 18.50 AND DELDEPTH <= 19.00 AND LENGTH >= 34.50 AND LOGCAT >= 5.10 THEN survival_status = {39.8}, (p=37, n=0, P=205, N=0)
2026-04-08 10:24:08,217 - INFO - Iteracja 4: condition_best: LENGTH <= 55.00, quality_best: 1.0, coverage_best: (p=36, n=0, P=205, N=0)
2026-04-08 10:24:08,221 - INFO - Regula po iteracji 4: IF HANDTIME <= 18.50 AND DELDEPTH <= 19.00 AND LENGTH >= 34.50 AND LOGCAT >= 5.10 AND LENGTH <= 55.00 THEN survival_status = {185.0}, (p=36, n=0, P=205, N=0)
2026-04-08 10:24:08,221 - INFO - *******STOP GROWING CR RULE*******
2026-04-08 10:24:08,232 - INFO - *******GROWING CR RULE*******
2026-04-08 10:24:08,529 - INFO - Iteracja 0: condition_best: HANDTIME <= 18.50, quality_best: 1.0, coverage_best: (p=159, n=0, P=205, N=0)
2026-04-08 10:24:08,533 - INFO - Regula po iteracji 0: IF HANDTIME <= 18.50 THEN survival_status = {nan}, (p=159, n=0, P=205, N=0)
2026-04-08 10:24:08,803 - INFO - Iteracja 1: condition_best: DELDEPTH <= 19.00, quality_best: 1.0, coverage_best: (p=152, n=0, P=205, N=0)
2026-04-08 10:24:08,807 - INFO - Regula po iteracji 1: IF HANDTIME <= 18.50 AND DELDEPTH <= 19.00 THEN survival_status = {36.9}, (p=152, n=0, P=205, N=0)
2026-04-08 10:24:09,066 - INFO - Iteracja 2: condition_best: LENGTH >= 32.50, quality_best: 1.0, coverage_best: (p=142, n=0, P=205, N=0)
2026-04-08 10:24:09,070 - INFO - Regula po iteracji 2: IF HANDTIME <= 18.50 AND DELDEPTH <= 19.00 AND LENGTH >= 32.50 THEN survival_status = {38.0}, (p=142, n=0, P=205, N=0)
2026-04-08 10:24:09,331 - INFO - Iteracja 3: condition_best: HANDTIME <= 15.50, quality_best: 1.0, coverage_best: (p=125, n=0, P=205, N=0)
2026-04-08 10:24:09,335 - INFO - Regula po iteracji 3: IF HANDTIME <= 18.50 AND DELDEPTH <= 19.00 AND LENGTH >= 32.50 AND HANDTIME <= 15.50 THEN survival_status = {39.3}, (p=125, n=0, P=205, N=0)
2026-04-08 10:24:09,593 - INFO - Iteracja 4: condition_best: HANDTIME <= 14.50, quality_best: 1.0, coverage_best: (p=121, n=0, P=205, N=0)
2026-04-08 10:24:09,597 - INFO - Regula po iteracji 4: IF HANDTIME <= 18.50 AND DELDEPTH <= 19.00 AND LENGTH >= 32.50 AND HANDTIME <= 15.50 AND HANDTIME <= 14.50 THEN survival_status = {40.1}, (p=121, n=0, P=205, N=0)
2026-04-08 10:24:09,597 - INFO - *******STOP GROWING CR RULE*******
2026-04-08 10:24:09,606 - INFO - *******GROWING CR RULE*******
2026-04-08 10:24:09,891 - INFO - Iteracja 0: condition_best: HANDTIME <= 18.50, quality_best: 1.0, coverage_best: (p=159, n=0, P=205, N=0)
2026-04-08 10:24:09,895 - INFO - Regula po iteracji 0: IF HANDTIME <= 18.50 THEN survival_status = {nan}, (p=159, n=0, P=205, N=0)
2026-04-08 10:24:10,153 - INFO - Iteracja 1: condition_best: LENGTH >= 34.50, quality_best: 1.0, coverage_best: (p=137, n=0, P=205, N=0)
2026-04-08 10:24:10,157 - INFO - Regula po iteracji 1: IF HANDTIME <= 18.50 AND LENGTH >= 34.50 THEN survival_status = {36.9}, (p=137, n=0, P=205, N=0)
2026-04-08 10:24:10,413 - INFO - Iteracja 2: condition_best: LOGCAT >= 5.10, quality_best: 1.0, coverage_best: (p=42, n=0, P=205, N=0)
2026-04-08 10:24:10,417 - INFO - Regula po iteracji 2: IF HANDTIME <= 18.50 AND LENGTH >= 34.50 AND LOGCAT >= 5.10 THEN survival_status = {39.3}, (p=42, n=0, P=205, N=0)
2026-04-08 10:24:10,576 - INFO - Iteracja 3: condition_best: LENGTH <= 55.50, quality_best: 1.0, coverage_best: (p=41, n=0, P=205, N=0)
2026-04-08 10:24:10,579 - INFO - Regula po iteracji 3: IF HANDTIME <= 18.50 AND LENGTH >= 34.50 AND LOGCAT >= 5.10 AND LENGTH <= 55.50 THEN survival_status = {185.0}, (p=41, n=0, P=205, N=0)
2026-04-08 10:24:10,741 - INFO - Iteracja 4: condition_best: LOGCAT <= 7.60, quality_best: 1.0, coverage_best: (p=40, n=0, P=205, N=0)
2026-04-08 10:24:10,745 - INFO - Regula po iteracji 4: IF HANDTIME <= 18.50 AND LENGTH >= 34.50 AND LOGCAT >= 5.10 AND LENGTH <= 55.50 AND LOGCAT <= 7.60 THEN survival_status = {185.0}, (p=40, n=0, P=205, N=0)
2026-04-08 10:24:10,745 - INFO - *******STOP GROWING CR RULE*******
2026-04-08 10:24:10,754 - INFO - *******GROWING CR RULE*******
2026-04-08 10:24:11,040 - INFO - Iteracja 0: condition_best: HANDTIME >= 18.50, quality_best: 1.0, coverage_best: (p=46, n=0, P=205, N=0)
2026-04-08 10:24:11,044 - INFO - Regula po iteracji 0: IF HANDTIME >= 18.50 THEN survival_status = {nan}, (p=46, n=0, P=205, N=0)
2026-04-08 10:24:11,210 - INFO - Iteracja 1: condition_best: DELDEPTH <= 53.50, quality_best: 1.0, coverage_best: (p=43, n=0, P=205, N=0)
2026-04-08 10:24:11,213 - INFO - Regula po iteracji 1: IF HANDTIME >= 18.50 AND DELDEPTH <= 53.50 THEN survival_status = {13.1}, (p=43, n=0, P=205, N=0)
2026-04-08 10:24:11,372 - INFO - Iteracja 2: condition_best: TOWD = {100}, quality_best: 1.0, coverage_best: (p=41, n=0, P=205, N=0)
2026-04-08 10:24:11,375 - INFO - Regula po iteracji 2: IF HANDTIME >= 18.50 AND DELDEPTH <= 53.50 AND TOWD = {100} THEN survival_status = {13.0}, (p=41, n=0, P=205, N=0)
2026-04-08 10:24:11,536 - INFO - Iteracja 3: condition_best: HANDTIME <= 37.00, quality_best: 1.0, coverage_best: (p=40, n=0, P=205, N=0)
2026-04-08 10:24:11,540 - INFO - Regula po iteracji 3: IF HANDTIME >= 18.50 AND DELDEPTH <= 53.50 AND TOWD = {100} AND HANDTIME <= 37.00 THEN survival_status = {13.0}, (p=40, n=0, P=205, N=0)
2026-04-08 10:24:11,703 - INFO - Iteracja 4: condition_best: DELDEPTH <= 36.00, quality_best: 1.0, coverage_best: (p=38, n=0, P=205, N=0)
2026-04-08 10:24:11,706 - INFO - Regula po iteracji 4: IF HANDTIME >= 18.50 AND DELDEPTH <= 53.50 AND TOWD = {100} AND HANDTIME <= 37.00 AND DELDEPTH <= 36.00 THEN survival_status = {8.0}, (p=38, n=0, P=205, N=0)
2026-04-08 10:24:11,706 - INFO - *******STOP GROWING CR RULE*******
2026-04-08 10:24:11,719 - INFO - *******GROWING CR RULE*******
2026-04-08 10:24:11,979 - INFO - Iteracja 0: condition_best: HANDTIME >= 18.50, quality_best: 1.0, coverage_best: (p=46, n=0, P=205, N=0)
2026-04-08 10:24:11,982 - INFO - Regula po iteracji 0: IF HANDTIME >= 18.50 THEN survival_status = {nan}, (p=46, n=0, P=205, N=0)
2026-04-08 10:24:12,135 - INFO - Iteracja 1: condition_best: LENGTH <= 55.00, quality_best: 1.0, coverage_best: (p=45, n=0, P=205, N=0)
2026-04-08 10:24:12,138 - INFO - Regula po iteracji 1: IF HANDTIME >= 18.50 AND LENGTH <= 55.00 THEN survival_status = {13.1}, (p=45, n=0, P=205, N=0)
2026-04-08 10:24:12,293 - INFO - Iteracja 2: condition_best: LENGTH >= 31.00, quality_best: 1.0, coverage_best: (p=44, n=0, P=205, N=0)
2026-04-08 10:24:12,297 - INFO - Regula po iteracji 2: IF HANDTIME >= 18.50 AND LENGTH <= 55.00 AND LENGTH >= 31.00 THEN survival_status = {13.1}, (p=44, n=0, P=205, N=0)
2026-04-08 10:24:12,454 - INFO - Iteracja 3: condition_best: LENGTH >= 32.50, quality_best: 1.0, coverage_best: (p=41, n=0, P=205, N=0)
2026-04-08 10:24:12,458 - INFO - Regula po iteracji 3: IF HANDTIME >= 18.50 AND LENGTH <= 55.00 AND LENGTH >= 31.00 AND LENGTH >= 32.50 THEN survival_status = {13.1}, (p=41, n=0, P=205, N=0)
2026-04-08 10:24:12,619 - INFO - Iteracja 4: condition_best: HANDTIME >= 19.50, quality_best: 1.0, coverage_best: (p=37, n=0, P=205, N=0)
2026-04-08 10:24:12,622 - INFO - Regula po iteracji 4: IF HANDTIME >= 18.50 AND LENGTH <= 55.00 AND LENGTH >= 31.00 AND LENGTH >= 32.50 AND HANDTIME >= 19.50 THEN survival_status = {13.2}, (p=37, n=0, P=205, N=0)
2026-04-08 10:24:12,622 - INFO - *******STOP GROWING CR RULE*******
2026-04-08 10:24:12,630 - INFO - *******GROWING CR RULE*******
2026-04-08 10:24:12,885 - INFO - Iteracja 0: condition_best: HANDTIME <= 18.50, quality_best: 1.0, coverage_best: (p=159, n=0, P=205, N=0)
2026-04-08 10:24:12,889 - INFO - Regula po iteracji 0: IF HANDTIME <= 18.50 THEN survival_status = {nan}, (p=159, n=0, P=205, N=0)
2026-04-08 10:24:13,126 - INFO - Iteracja 1: condition_best: DELDEPTH <= 19.00, quality_best: 1.0, coverage_best: (p=152, n=0, P=205, N=0)
2026-04-08 10:24:13,130 - INFO - Regula po iteracji 1: IF HANDTIME <= 18.50 AND DELDEPTH <= 19.00 THEN survival_status = {36.9}, (p=152, n=0, P=205, N=0)
2026-04-08 10:24:13,356 - INFO - Iteracja 2: condition_best: LENGTH >= 34.50, quality_best: 1.0, coverage_best: (p=132, n=0, P=205, N=0)
2026-04-08 10:24:13,359 - INFO - Regula po iteracji 2: IF HANDTIME <= 18.50 AND DELDEPTH <= 19.00 AND LENGTH >= 34.50 THEN survival_status = {38.0}, (p=132, n=0, P=205, N=0)
2026-04-08 10:24:13,584 - INFO - Iteracja 3: condition_best: LOGCAT >= 5.10, quality_best: 1.0, coverage_best: (p=37, n=0, P=205, N=0)
2026-04-08 10:24:13,588 - INFO - Regula po iteracji 3: IF HANDTIME <= 18.50 AND DELDEPTH <= 19.00 AND LENGTH >= 34.50 AND LOGCAT >= 5.10 THEN survival_status = {39.8}, (p=37, n=0, P=205, N=0)
2026-04-08 10:24:13,707 - INFO - Iteracja 4: condition_best: LENGTH <= 55.00, quality_best: 1.0, coverage_best: (p=36, n=0, P=205, N=0)
2026-04-08 10:24:13,711 - INFO - Regula po iteracji 4: IF HANDTIME <= 18.50 AND DELDEPTH <= 19.00 AND LENGTH >= 34.50 AND LOGCAT >= 5.10 AND LENGTH <= 55.00 THEN survival_status = {185.0}, (p=36, n=0, P=205, N=0)
2026-04-08 10:24:13,711 - INFO - *******STOP GROWING CR RULE*******
2026-04-08 10:24:15,137 - INFO - ************************Finished experiment for 03_csb-ch07-halibut.arff with algorithm_log_rank************************
2026-04-08 10:24:15,137 - INFO - *************************************************************************************************************************
2026-04-08 10:24:15,137 - INFO - *************************************************************************************************************************
2026-04-08 10:24:15,137 - INFO - *************************************************************************************************************************
2026-04-08 10:24:15,138 - INFO - **********Starting experiment for 03_csb-ch07-halibut.arff with algorithm_log_rank_with_exceptions**********
2026-04-08 10:24:15,144 - INFO - *******GROWING CR RULE*******
2026-04-08 10:24:15,532 - INFO - Iteracja 0: condition_best: HANDTIME <= 18.50, quality_best: 1.0, coverage_best: (p=159, n=0, P=205, N=0)
2026-04-08 10:24:15,536 - INFO - Regula po iteracji 0: IF HANDTIME <= 18.50 THEN survival_status = {nan}, (p=159, n=0, P=205, N=0)
2026-04-08 10:24:15,536 - INFO - *****GROWING RR RULE*****
2026-04-08 10:24:16,512 - INFO - Iteracja 0: condition_best: None, quality_best: -inf, coverage_best: (p=0, n=0, P=0, N=0), p_value: 0
2026-04-08 10:24:16,515 - INFO - Regula po iteracji 0: IF  THEN survival_status = {nan}, (p=205, n=0, P=205, N=0)
2026-04-08 10:24:16,515 - INFO - *****STOP GROWING RR RULE*****
2026-04-08 10:24:16,515 - INFO - ***RR NOT FOUND***
2026-04-08 10:24:16,855 - INFO - Iteracja 1: condition_best: DELDEPTH <= 19.00, quality_best: 1.0, coverage_best: (p=152, n=0, P=205, N=0)
2026-04-08 10:24:16,859 - INFO - Regula po iteracji 1: IF HANDTIME <= 18.50 AND DELDEPTH <= 19.00 THEN survival_status = {36.9}, (p=152, n=0, P=205, N=0)
2026-04-08 10:24:16,859 - INFO - *****GROWING RR RULE*****
2026-04-08 10:24:17,820 - INFO - Iteracja 0: condition_best: DELDEPTH >= 14.00, quality_best: 0.766, coverage_best: (p=33, n=0, P=205, N=0), p_value: 0.862
2026-04-08 10:24:17,824 - INFO - Regula po iteracji 0: IF DELDEPTH >= 14.00 THEN survival_status = {nan}, (p=33, n=0, P=205, N=0)
2026-04-08 10:24:18,193 - INFO - Iteracja 1: condition_best: LENGTH <= 55.50, quality_best: 0.673, coverage_best: (p=32, n=0, P=205, N=0), p_value: 0.997
2026-04-08 10:24:18,197 - INFO - Regula po iteracji 1: IF DELDEPTH >= 14.00 AND LENGTH <= 55.50 THEN survival_status = {9.3}, (p=32, n=0, P=205, N=0)
2026-04-08 10:24:18,555 - INFO - Iteracja 2: condition_best: None, quality_best: -inf, coverage_best: (p=0, n=0, P=0, N=0), p_value: 0.997
2026-04-08 10:24:18,559 - INFO - Regula po iteracji 2: IF DELDEPTH >= 14.00 AND LENGTH <= 55.50 THEN survival_status = {8.0}, (p=32, n=0, P=205, N=0)
2026-04-08 10:24:18,559 - INFO - *****STOP GROWING RR RULE*****
2026-04-08 10:24:18,559 - INFO - ***RR FOUND***
2026-04-08 10:24:18,559 - INFO - Reference rule: IF DELDEPTH >= 14.00 THEN survival_status = {8.0}
2026-04-08 10:24:18,559 - INFO - ***CHECKING EXCEPTION***
2026-04-08 10:24:18,560 - INFO - ER vs CR p_value: 0.001159183305847522
2026-04-08 10:24:18,560 - INFO - ER vs RR p_value: 0.0235413627228499
2026-04-08 10:24:18,574 - INFO - ***ER FOUND***
2026-04-08 10:24:18,574 - INFO - Exception rule: IF HANDTIME <= 18.50 AND DELDEPTH <= 19.00 AND DELDEPTH >= 14.00 THEN survival_status = {353.0} (p=10, n=0, P=205, N=0)
2026-04-08 10:24:18,574 - INFO - *******STOP GROWING CR RULE*******
2026-04-08 10:24:18,579 - INFO - *******GROWING CR RULE*******
2026-04-08 10:24:18,869 - INFO - Iteracja 0: condition_best: HANDTIME <= 18.50, quality_best: 1.0, coverage_best: (p=159, n=0, P=205, N=0)
2026-04-08 10:24:18,873 - INFO - Regula po iteracji 0: IF HANDTIME <= 18.50 THEN survival_status = {nan}, (p=159, n=0, P=205, N=0)
2026-04-08 10:24:18,873 - INFO - *****GROWING RR RULE*****
2026-04-08 10:24:19,843 - INFO - Iteracja 0: condition_best: None, quality_best: -inf, coverage_best: (p=0, n=0, P=0, N=0), p_value: 0
2026-04-08 10:24:19,845 - INFO - Regula po iteracji 0: IF  THEN survival_status = {nan}, (p=205, n=0, P=205, N=0)
2026-04-08 10:24:19,846 - INFO - *****STOP GROWING RR RULE*****
2026-04-08 10:24:19,846 - INFO - ***RR NOT FOUND***
2026-04-08 10:24:20,107 - INFO - Iteracja 1: condition_best: LENGTH >= 34.50, quality_best: 1.0, coverage_best: (p=137, n=0, P=205, N=0)
2026-04-08 10:24:20,111 - INFO - Regula po iteracji 1: IF HANDTIME <= 18.50 AND LENGTH >= 34.50 THEN survival_status = {36.9}, (p=137, n=0, P=205, N=0)
2026-04-08 10:24:20,111 - INFO - *****GROWING RR RULE*****
2026-04-08 10:24:21,053 - INFO - Iteracja 0: condition_best: None, quality_best: -inf, coverage_best: (p=0, n=0, P=0, N=0), p_value: 0
2026-04-08 10:24:21,056 - INFO - Regula po iteracji 0: IF  THEN survival_status = {nan}, (p=205, n=0, P=205, N=0)
2026-04-08 10:24:21,056 - INFO - *****STOP GROWING RR RULE*****
2026-04-08 10:24:21,056 - INFO - ***RR NOT FOUND***
2026-04-08 10:24:21,313 - INFO - Iteracja 2: condition_best: LOGCAT >= 5.10, quality_best: 1.0, coverage_best: (p=42, n=0, P=205, N=0)
2026-04-08 10:24:21,316 - INFO - Regula po iteracji 2: IF HANDTIME <= 18.50 AND LENGTH >= 34.50 AND LOGCAT >= 5.10 THEN survival_status = {39.3}, (p=42, n=0, P=205, N=0)
2026-04-08 10:24:21,317 - INFO - *****GROWING RR RULE*****
2026-04-08 10:24:22,121 - INFO - Iteracja 0: condition_best: None, quality_best: -inf, coverage_best: (p=0, n=0, P=0, N=0), p_value: 0
2026-04-08 10:24:22,124 - INFO - Regula po iteracji 0: IF  THEN survival_status = {nan}, (p=205, n=0, P=205, N=0)
2026-04-08 10:24:22,124 - INFO - *****STOP GROWING RR RULE*****
2026-04-08 10:24:22,124 - INFO - ***RR NOT FOUND***
2026-04-08 10:24:22,284 - INFO - Iteracja 3: condition_best: LENGTH <= 55.50, quality_best: 1.0, coverage_best: (p=41, n=0, P=205, N=0)
2026-04-08 10:24:22,287 - INFO - Regula po iteracji 3: IF HANDTIME <= 18.50 AND LENGTH >= 34.50 AND LOGCAT >= 5.10 AND LENGTH <= 55.50 THEN survival_status = {185.0}, (p=41, n=0, P=205, N=0)
2026-04-08 10:24:22,288 - INFO - *****GROWING RR RULE*****
2026-04-08 10:24:23,087 - INFO - Iteracja 0: condition_best: None, quality_best: -inf, coverage_best: (p=0, n=0, P=0, N=0), p_value: 0
2026-04-08 10:24:23,089 - INFO - Regula po iteracji 0: IF  THEN survival_status = {nan}, (p=205, n=0, P=205, N=0)
2026-04-08 10:24:23,089 - INFO - *****STOP GROWING RR RULE*****
2026-04-08 10:24:23,090 - INFO - ***RR NOT FOUND***
2026-04-08 10:24:23,250 - INFO - Iteracja 4: condition_best: LOGCAT <= 7.60, quality_best: 1.0, coverage_best: (p=40, n=0, P=205, N=0)
2026-04-08 10:24:23,253 - INFO - Regula po iteracji 4: IF HANDTIME <= 18.50 AND LENGTH >= 34.50 AND LOGCAT >= 5.10 AND LENGTH <= 55.50 AND LOGCAT <= 7.60 THEN survival_status = {185.0}, (p=40, n=0, P=205, N=0)
2026-04-08 10:24:23,254 - INFO - *****GROWING RR RULE*****
2026-04-08 10:24:24,059 - INFO - Iteracja 0: condition_best: None, quality_best: -inf, coverage_best: (p=0, n=0, P=0, N=0), p_value: 0
2026-04-08 10:24:24,062 - INFO - Regula po iteracji 0: IF  THEN survival_status = {nan}, (p=205, n=0, P=205, N=0)
2026-04-08 10:24:24,062 - INFO - *****STOP GROWING RR RULE*****
2026-04-08 10:24:24,062 - INFO - ***RR NOT FOUND***
2026-04-08 10:24:24,062 - INFO - *******STOP GROWING CR RULE*******
2026-04-08 10:24:24,071 - INFO - *******GROWING CR RULE*******
2026-04-08 10:24:24,356 - INFO - Iteracja 0: condition_best: HANDTIME >= 18.50, quality_best: 1.0, coverage_best: (p=46, n=0, P=205, N=0)
2026-04-08 10:24:24,359 - INFO - Regula po iteracji 0: IF HANDTIME >= 18.50 THEN survival_status = {nan}, (p=46, n=0, P=205, N=0)
2026-04-08 10:24:24,359 - INFO - *****GROWING RR RULE*****
2026-04-08 10:24:25,170 - INFO - Iteracja 0: condition_best: None, quality_best: -inf, coverage_best: (p=0, n=0, P=0, N=0), p_value: 0
2026-04-08 10:24:25,172 - INFO - Regula po iteracji 0: IF  THEN survival_status = {nan}, (p=205, n=0, P=205, N=0)
2026-04-08 10:24:25,173 - INFO - *****STOP GROWING RR RULE*****
2026-04-08 10:24:25,173 - INFO - ***RR NOT FOUND***
2026-04-08 10:24:25,339 - INFO - Iteracja 1: condition_best: DELDEPTH <= 53.50, quality_best: 1.0, coverage_best: (p=43, n=0, P=205, N=0)
2026-04-08 10:24:25,342 - INFO - Regula po iteracji 1: IF HANDTIME >= 18.50 AND DELDEPTH <= 53.50 THEN survival_status = {13.1}, (p=43, n=0, P=205, N=0)
2026-04-08 10:24:25,342 - INFO - *****GROWING RR RULE*****
2026-04-08 10:24:26,148 - INFO - Iteracja 0: condition_best: None, quality_best: -inf, coverage_best: (p=0, n=0, P=0, N=0), p_value: 0
2026-04-08 10:24:26,151 - INFO - Regula po iteracji 0: IF  THEN survival_status = {nan}, (p=205, n=0, P=205, N=0)
2026-04-08 10:24:26,151 - INFO - *****STOP GROWING RR RULE*****
2026-04-08 10:24:26,151 - INFO - ***RR NOT FOUND***
2026-04-08 10:24:26,310 - INFO - Iteracja 2: condition_best: TOWD = {100}, quality_best: 1.0, coverage_best: (p=41, n=0, P=205, N=0)
2026-04-08 10:24:26,314 - INFO - Regula po iteracji 2: IF HANDTIME >= 18.50 AND DELDEPTH <= 53.50 AND TOWD = {100} THEN survival_status = {13.0}, (p=41, n=0, P=205, N=0)
2026-04-08 10:24:26,314 - INFO - *****GROWING RR RULE*****
2026-04-08 10:24:27,115 - INFO - Iteracja 0: condition_best: None, quality_best: -inf, coverage_best: (p=0, n=0, P=0, N=0), p_value: 0
2026-04-08 10:24:27,118 - INFO - Regula po iteracji 0: IF  THEN survival_status = {nan}, (p=205, n=0, P=205, N=0)
2026-04-08 10:24:27,118 - INFO - *****STOP GROWING RR RULE*****
2026-04-08 10:24:27,118 - INFO - ***RR NOT FOUND***
2026-04-08 10:24:27,278 - INFO - Iteracja 3: condition_best: HANDTIME <= 37.00, quality_best: 1.0, coverage_best: (p=40, n=0, P=205, N=0)
2026-04-08 10:24:27,282 - INFO - Regula po iteracji 3: IF HANDTIME >= 18.50 AND DELDEPTH <= 53.50 AND TOWD = {100} AND HANDTIME <= 37.00 THEN survival_status = {13.0}, (p=40, n=0, P=205, N=0)
2026-04-08 10:24:27,283 - INFO - *****GROWING RR RULE*****
2026-04-08 10:24:28,079 - INFO - Iteracja 0: condition_best: None, quality_best: -inf, coverage_best: (p=0, n=0, P=0, N=0), p_value: 0
2026-04-08 10:24:28,082 - INFO - Regula po iteracji 0: IF  THEN survival_status = {nan}, (p=205, n=0, P=205, N=0)
2026-04-08 10:24:28,082 - INFO - *****STOP GROWING RR RULE*****
2026-04-08 10:24:28,082 - INFO - ***RR NOT FOUND***
2026-04-08 10:24:28,245 - INFO - Iteracja 4: condition_best: DELDEPTH <= 36.00, quality_best: 1.0, coverage_best: (p=38, n=0, P=205, N=0)
2026-04-08 10:24:28,249 - INFO - Regula po iteracji 4: IF HANDTIME >= 18.50 AND DELDEPTH <= 53.50 AND TOWD = {100} AND HANDTIME <= 37.00 AND DELDEPTH <= 36.00 THEN survival_status = {8.0}, (p=38, n=0, P=205, N=0)
2026-04-08 10:24:28,249 - INFO - *****GROWING RR RULE*****
2026-04-08 10:24:29,045 - INFO - Iteracja 0: condition_best: None, quality_best: -inf, coverage_best: (p=0, n=0, P=0, N=0), p_value: 0
2026-04-08 10:24:29,048 - INFO - Regula po iteracji 0: IF  THEN survival_status = {nan}, (p=205, n=0, P=205, N=0)
2026-04-08 10:24:29,048 - INFO - *****STOP GROWING RR RULE*****
2026-04-08 10:24:29,048 - INFO - ***RR NOT FOUND***
2026-04-08 10:24:29,048 - INFO - *******STOP GROWING CR RULE*******
2026-04-08 10:24:29,061 - INFO - *******GROWING CR RULE*******
2026-04-08 10:24:29,320 - INFO - Iteracja 0: condition_best: HANDTIME >= 18.50, quality_best: 1.0, coverage_best: (p=46, n=0, P=205, N=0)
2026-04-08 10:24:29,323 - INFO - Regula po iteracji 0: IF HANDTIME >= 18.50 THEN survival_status = {nan}, (p=46, n=0, P=205, N=0)
2026-04-08 10:24:29,323 - INFO - *****GROWING RR RULE*****
2026-04-08 10:24:30,138 - INFO - Iteracja 0: condition_best: None, quality_best: -inf, coverage_best: (p=0, n=0, P=0, N=0), p_value: 0
2026-04-08 10:24:30,141 - INFO - Regula po iteracji 0: IF  THEN survival_status = {nan}, (p=205, n=0, P=205, N=0)
2026-04-08 10:24:30,141 - INFO - *****STOP GROWING RR RULE*****
2026-04-08 10:24:30,141 - INFO - ***RR NOT FOUND***
2026-04-08 10:24:30,293 - INFO - Iteracja 1: condition_best: LENGTH <= 55.00, quality_best: 1.0, coverage_best: (p=45, n=0, P=205, N=0)
2026-04-08 10:24:30,297 - INFO - Regula po iteracji 1: IF HANDTIME >= 18.50 AND LENGTH <= 55.00 THEN survival_status = {13.1}, (p=45, n=0, P=205, N=0)
2026-04-08 10:24:30,297 - INFO - *****GROWING RR RULE*****
2026-04-08 10:24:31,110 - INFO - Iteracja 0: condition_best: None, quality_best: -inf, coverage_best: (p=0, n=0, P=0, N=0), p_value: 0
2026-04-08 10:24:31,112 - INFO - Regula po iteracji 0: IF  THEN survival_status = {nan}, (p=205, n=0, P=205, N=0)
2026-04-08 10:24:31,112 - INFO - *****STOP GROWING RR RULE*****
2026-04-08 10:24:31,112 - INFO - ***RR NOT FOUND***
2026-04-08 10:24:31,267 - INFO - Iteracja 2: condition_best: LENGTH >= 31.00, quality_best: 1.0, coverage_best: (p=44, n=0, P=205, N=0)
2026-04-08 10:24:31,271 - INFO - Regula po iteracji 2: IF HANDTIME >= 18.50 AND LENGTH <= 55.00 AND LENGTH >= 31.00 THEN survival_status = {13.1}, (p=44, n=0, P=205, N=0)
2026-04-08 10:24:31,271 - INFO - *****GROWING RR RULE*****
2026-04-08 10:24:32,079 - INFO - Iteracja 0: condition_best: None, quality_best: -inf, coverage_best: (p=0, n=0, P=0, N=0), p_value: 0
2026-04-08 10:24:32,082 - INFO - Regula po iteracji 0: IF  THEN survival_status = {nan}, (p=205, n=0, P=205, N=0)
2026-04-08 10:24:32,082 - INFO - *****STOP GROWING RR RULE*****
2026-04-08 10:24:32,082 - INFO - ***RR NOT FOUND***
2026-04-08 10:24:32,241 - INFO - Iteracja 3: condition_best: LENGTH >= 32.50, quality_best: 1.0, coverage_best: (p=41, n=0, P=205, N=0)
2026-04-08 10:24:32,245 - INFO - Regula po iteracji 3: IF HANDTIME >= 18.50 AND LENGTH <= 55.00 AND LENGTH >= 31.00 AND LENGTH >= 32.50 THEN survival_status = {13.1}, (p=41, n=0, P=205, N=0)
2026-04-08 10:24:32,245 - INFO - *****GROWING RR RULE*****
2026-04-08 10:24:33,055 - INFO - Iteracja 0: condition_best: None, quality_best: -inf, coverage_best: (p=0, n=0, P=0, N=0), p_value: 0
2026-04-08 10:24:33,058 - INFO - Regula po iteracji 0: IF  THEN survival_status = {nan}, (p=205, n=0, P=205, N=0)
2026-04-08 10:24:33,058 - INFO - *****STOP GROWING RR RULE*****
2026-04-08 10:24:33,058 - INFO - ***RR NOT FOUND***
2026-04-08 10:24:33,220 - INFO - Iteracja 4: condition_best: HANDTIME >= 19.50, quality_best: 1.0, coverage_best: (p=37, n=0, P=205, N=0)
2026-04-08 10:24:33,224 - INFO - Regula po iteracji 4: IF HANDTIME >= 18.50 AND LENGTH <= 55.00 AND LENGTH >= 31.00 AND LENGTH >= 32.50 AND HANDTIME >= 19.50 THEN survival_status = {13.2}, (p=37, n=0, P=205, N=0)
2026-04-08 10:24:33,224 - INFO - *****GROWING RR RULE*****
2026-04-08 10:24:34,029 - INFO - Iteracja 0: condition_best: None, quality_best: -inf, coverage_best: (p=0, n=0, P=0, N=0), p_value: 0
2026-04-08 10:24:34,032 - INFO - Regula po iteracji 0: IF  THEN survival_status = {nan}, (p=205, n=0, P=205, N=0)
2026-04-08 10:24:34,032 - INFO - *****STOP GROWING RR RULE*****
2026-04-08 10:24:34,032 - INFO - ***RR NOT FOUND***
2026-04-08 10:24:34,032 - INFO - *******STOP GROWING CR RULE*******
2026-04-08 10:24:34,040 - INFO - *******GROWING CR RULE*******
2026-04-08 10:24:34,295 - INFO - Iteracja 0: condition_best: HANDTIME <= 18.50, quality_best: 1.0, coverage_best: (p=159, n=0, P=205, N=0)
2026-04-08 10:24:34,299 - INFO - Regula po iteracji 0: IF HANDTIME <= 18.50 THEN survival_status = {nan}, (p=159, n=0, P=205, N=0)
2026-04-08 10:24:34,299 - INFO - *****GROWING RR RULE*****
2026-04-08 10:24:35,273 - INFO - Iteracja 0: condition_best: None, quality_best: -inf, coverage_best: (p=0, n=0, P=0, N=0), p_value: 0
2026-04-08 10:24:35,275 - INFO - Regula po iteracji 0: IF  THEN survival_status = {nan}, (p=205, n=0, P=205, N=0)
2026-04-08 10:24:35,276 - INFO - *****STOP GROWING RR RULE*****
2026-04-08 10:24:35,276 - INFO - ***RR NOT FOUND***
2026-04-08 10:24:35,512 - INFO - Iteracja 1: condition_best: DELDEPTH <= 19.00, quality_best: 1.0, coverage_best: (p=152, n=0, P=205, N=0)
2026-04-08 10:24:35,516 - INFO - Regula po iteracji 1: IF HANDTIME <= 18.50 AND DELDEPTH <= 19.00 THEN survival_status = {36.9}, (p=152, n=0, P=205, N=0)
2026-04-08 10:24:35,516 - INFO - *****GROWING RR RULE*****
2026-04-08 10:24:36,479 - INFO - Iteracja 0: condition_best: DELDEPTH >= 14.00, quality_best: 0.766, coverage_best: (p=33, n=0, P=205, N=0), p_value: 0.862
2026-04-08 10:24:36,482 - INFO - Regula po iteracji 0: IF DELDEPTH >= 14.00 THEN survival_status = {nan}, (p=33, n=0, P=205, N=0)
2026-04-08 10:24:36,849 - INFO - Iteracja 1: condition_best: LENGTH <= 55.50, quality_best: 0.673, coverage_best: (p=32, n=0, P=205, N=0), p_value: 0.997
2026-04-08 10:24:36,852 - INFO - Regula po iteracji 1: IF DELDEPTH >= 14.00 AND LENGTH <= 55.50 THEN survival_status = {9.3}, (p=32, n=0, P=205, N=0)
2026-04-08 10:24:37,206 - INFO - Iteracja 2: condition_best: None, quality_best: -inf, coverage_best: (p=0, n=0, P=0, N=0), p_value: 0.997
2026-04-08 10:24:37,210 - INFO - Regula po iteracji 2: IF DELDEPTH >= 14.00 AND LENGTH <= 55.50 THEN survival_status = {8.0}, (p=32, n=0, P=205, N=0)
2026-04-08 10:24:37,210 - INFO - *****STOP GROWING RR RULE*****
2026-04-08 10:24:37,210 - INFO - ***RR FOUND***
2026-04-08 10:24:37,210 - INFO - Reference rule: IF DELDEPTH >= 14.00 THEN survival_status = {8.0}
2026-04-08 10:24:37,210 - INFO - ***CHECKING EXCEPTION***
2026-04-08 10:24:37,211 - INFO - ER vs CR p_value: 0.001159183305847522
2026-04-08 10:24:37,211 - INFO - ER vs RR p_value: 0.0235413627228499
2026-04-08 10:24:37,225 - INFO - ***ER FOUND***
2026-04-08 10:24:37,225 - INFO - Exception rule: IF HANDTIME <= 18.50 AND DELDEPTH <= 19.00 AND DELDEPTH >= 14.00 THEN survival_status = {353.0} (p=10, n=0, P=205, N=0)
2026-04-08 10:24:37,225 - INFO - *******STOP GROWING CR RULE*******
2026-04-08 10:24:38,777 - INFO - ************************Finished experiment for 03_csb-ch07-halibut.arff with algorithm_log_rank_with_exceptions************************
2026-04-08 10:24:38,777 - INFO - *************************************************************************************************************************
2026-04-08 10:24:38,777 - INFO - *************************************************************************************************************************
2026-04-08 10:24:38,777 - INFO - *************************************************************************************************************************
2026-04-08 10:24:38,778 - INFO - **********Starting experiment for 03_csb-ch07-halibut.arff with survival_tree**********
2026-04-08 10:24:38,818 - INFO - ************************Finished experiment for 03_csb-ch07-halibut.arff with survival_tree************************
2026-04-08 10:24:38,818 - INFO - *************************************************************************************************************************
2026-04-08 10:24:38,818 - INFO - *************************************************************************************************************************
2026-04-08 10:24:38,818 - INFO - *************************************************************************************************************************
