2026-04-08 10:54:04,871 - INFO - **********Starting experiment for 19_GBSG2.arff with algorithm_rulekit**********
2026-04-08 10:54:11,480 - INFO - ************************Finished experiment for 19_GBSG2.arff with algorithm_rulekit************************
2026-04-08 10:54:11,480 - INFO - *************************************************************************************************************************
2026-04-08 10:54:11,480 - INFO - *************************************************************************************************************************
2026-04-08 10:54:11,480 - INFO - *************************************************************************************************************************
2026-04-08 10:54:11,481 - INFO - **********Starting experiment for 19_GBSG2.arff with algorithm_log_rank**********
2026-04-08 10:54:11,493 - INFO - *******GROWING CR RULE*******
2026-04-08 10:54:16,696 - INFO - Iteracja 0: condition_best: pnodes <= 7.50, quality_best: 1.0, coverage_best: (p=379, n=0, P=480, N=0)
2026-04-08 10:54:16,703 - INFO - Regula po iteracji 0: IF pnodes <= 7.50 THEN survival_status = {nan}, (p=379, n=0, P=480, N=0)
2026-04-08 10:54:21,497 - INFO - Iteracja 1: condition_best: age >= 32.50, quality_best: 1.0, coverage_best: (p=369, n=0, P=480, N=0)
2026-04-08 10:54:21,504 - INFO - Regula po iteracji 1: IF pnodes <= 7.50 AND age >= 32.50 THEN survival_status = {2015.0}, (p=369, n=0, P=480, N=0)
2026-04-08 10:54:26,284 - INFO - Iteracja 2: condition_best: estrec >= 5.50, quality_best: 1.0, coverage_best: (p=298, n=0, P=480, N=0)
2026-04-08 10:54:26,291 - INFO - Regula po iteracji 2: IF pnodes <= 7.50 AND age >= 32.50 AND estrec >= 5.50 THEN survival_status = {2018.0}, (p=298, n=0, P=480, N=0)
2026-04-08 10:54:31,002 - INFO - Iteracja 3: condition_best: progrec >= 1.50, quality_best: 1.0, coverage_best: (p=284, n=0, P=480, N=0)
2026-04-08 10:54:31,009 - INFO - Regula po iteracji 3: IF pnodes <= 7.50 AND age >= 32.50 AND estrec >= 5.50 AND progrec >= 1.50 THEN survival_status = {2093.0}, (p=284, n=0, P=480, N=0)
2026-04-08 10:54:35,741 - INFO - Iteracja 4: condition_best: estrec <= 605.00, quality_best: 1.0, coverage_best: (p=276, n=0, P=480, N=0)
2026-04-08 10:54:35,748 - INFO - Regula po iteracji 4: IF pnodes <= 7.50 AND age >= 32.50 AND estrec >= 5.50 AND progrec >= 1.50 AND estrec <= 605.00 THEN survival_status = {2372.0}, (p=276, n=0, P=480, N=0)
2026-04-08 10:54:35,748 - INFO - *******STOP GROWING CR RULE*******
2026-04-08 10:54:35,779 - INFO - *******GROWING CR RULE*******
2026-04-08 10:54:39,958 - INFO - Iteracja 0: condition_best: pnodes <= 7.50, quality_best: 1.0, coverage_best: (p=379, n=0, P=480, N=0)
2026-04-08 10:54:39,965 - INFO - Regula po iteracji 0: IF pnodes <= 7.50 THEN survival_status = {nan}, (p=379, n=0, P=480, N=0)
2026-04-08 10:54:43,875 - INFO - Iteracja 1: condition_best: age >= 32.50, quality_best: 1.0, coverage_best: (p=369, n=0, P=480, N=0)
2026-04-08 10:54:43,881 - INFO - Regula po iteracji 1: IF pnodes <= 7.50 AND age >= 32.50 THEN survival_status = {2015.0}, (p=369, n=0, P=480, N=0)
2026-04-08 10:54:47,786 - INFO - Iteracja 2: condition_best: estrec >= 5.50, quality_best: 1.0, coverage_best: (p=298, n=0, P=480, N=0)
2026-04-08 10:54:47,793 - INFO - Regula po iteracji 2: IF pnodes <= 7.50 AND age >= 32.50 AND estrec >= 5.50 THEN survival_status = {2018.0}, (p=298, n=0, P=480, N=0)
2026-04-08 10:54:51,633 - INFO - Iteracja 3: condition_best: progrec >= 1.50, quality_best: 1.0, coverage_best: (p=284, n=0, P=480, N=0)
2026-04-08 10:54:51,640 - INFO - Regula po iteracji 3: IF pnodes <= 7.50 AND age >= 32.50 AND estrec >= 5.50 AND progrec >= 1.50 THEN survival_status = {2093.0}, (p=284, n=0, P=480, N=0)
2026-04-08 10:54:55,515 - INFO - Iteracja 4: condition_best: estrec <= 825.50, quality_best: 1.0, coverage_best: (p=281, n=0, P=480, N=0)
2026-04-08 10:54:55,522 - INFO - Regula po iteracji 4: IF pnodes <= 7.50 AND age >= 32.50 AND estrec >= 5.50 AND progrec >= 1.50 AND estrec <= 825.50 THEN survival_status = {2372.0}, (p=281, n=0, P=480, N=0)
2026-04-08 10:54:55,522 - INFO - *******STOP GROWING CR RULE*******
2026-04-08 10:54:55,551 - INFO - *******GROWING CR RULE*******
2026-04-08 10:54:59,719 - INFO - Iteracja 0: condition_best: pnodes <= 7.50, quality_best: 1.0, coverage_best: (p=379, n=0, P=480, N=0)
2026-04-08 10:54:59,725 - INFO - Regula po iteracji 0: IF pnodes <= 7.50 THEN survival_status = {nan}, (p=379, n=0, P=480, N=0)
2026-04-08 10:55:03,628 - INFO - Iteracja 1: condition_best: age >= 32.50, quality_best: 1.0, coverage_best: (p=369, n=0, P=480, N=0)
2026-04-08 10:55:03,635 - INFO - Regula po iteracji 1: IF pnodes <= 7.50 AND age >= 32.50 THEN survival_status = {2015.0}, (p=369, n=0, P=480, N=0)
2026-04-08 10:55:07,541 - INFO - Iteracja 2: condition_best: estrec >= 5.50, quality_best: 1.0, coverage_best: (p=298, n=0, P=480, N=0)
2026-04-08 10:55:07,548 - INFO - Regula po iteracji 2: IF pnodes <= 7.50 AND age >= 32.50 AND estrec >= 5.50 THEN survival_status = {2018.0}, (p=298, n=0, P=480, N=0)
2026-04-08 10:55:11,439 - INFO - Iteracja 3: condition_best: estrec <= 605.00, quality_best: 1.0, coverage_best: (p=290, n=0, P=480, N=0)
2026-04-08 10:55:11,446 - INFO - Regula po iteracji 3: IF pnodes <= 7.50 AND age >= 32.50 AND estrec >= 5.50 AND estrec <= 605.00 THEN survival_status = {2093.0}, (p=290, n=0, P=480, N=0)
2026-04-08 10:55:15,253 - INFO - Iteracja 4: condition_best: age >= 39.50, quality_best: 1.0, coverage_best: (p=276, n=0, P=480, N=0)
2026-04-08 10:55:15,260 - INFO - Regula po iteracji 4: IF pnodes <= 7.50 AND age >= 32.50 AND estrec >= 5.50 AND estrec <= 605.00 AND age >= 39.50 THEN survival_status = {2093.0}, (p=276, n=0, P=480, N=0)
2026-04-08 10:55:15,260 - INFO - *******STOP GROWING CR RULE*******
2026-04-08 10:55:15,307 - INFO - *******GROWING CR RULE*******
2026-04-08 10:55:19,421 - INFO - Iteracja 0: condition_best: pnodes <= 7.50, quality_best: 1.0, coverage_best: (p=379, n=0, P=480, N=0)
2026-04-08 10:55:19,428 - INFO - Regula po iteracji 0: IF pnodes <= 7.50 THEN survival_status = {nan}, (p=379, n=0, P=480, N=0)
2026-04-08 10:55:23,239 - INFO - Iteracja 1: condition_best: age >= 32.50, quality_best: 1.0, coverage_best: (p=369, n=0, P=480, N=0)
2026-04-08 10:55:23,245 - INFO - Regula po iteracji 1: IF pnodes <= 7.50 AND age >= 32.50 THEN survival_status = {2015.0}, (p=369, n=0, P=480, N=0)
2026-04-08 10:55:27,086 - INFO - Iteracja 2: condition_best: estrec <= 605.00, quality_best: 1.0, coverage_best: (p=361, n=0, P=480, N=0)
2026-04-08 10:55:27,093 - INFO - Regula po iteracji 2: IF pnodes <= 7.50 AND age >= 32.50 AND estrec <= 605.00 THEN survival_status = {2018.0}, (p=361, n=0, P=480, N=0)
2026-04-08 10:55:30,887 - INFO - Iteracja 3: condition_best: tsize <= 75.00, quality_best: 1.0, coverage_best: (p=360, n=0, P=480, N=0)
2026-04-08 10:55:30,895 - INFO - Regula po iteracji 3: IF pnodes <= 7.50 AND age >= 32.50 AND estrec <= 605.00 AND tsize <= 75.00 THEN survival_status = {2030.0}, (p=360, n=0, P=480, N=0)
2026-04-08 10:55:34,785 - INFO - Iteracja 4: condition_best: age <= 72.50, quality_best: 1.0, coverage_best: (p=355, n=0, P=480, N=0)
2026-04-08 10:55:34,792 - INFO - Regula po iteracji 4: IF pnodes <= 7.50 AND age >= 32.50 AND estrec <= 605.00 AND tsize <= 75.00 AND age <= 72.50 THEN survival_status = {2030.0}, (p=355, n=0, P=480, N=0)
2026-04-08 10:55:34,792 - INFO - *******STOP GROWING CR RULE*******
2026-04-08 10:55:34,817 - INFO - *******GROWING CR RULE*******
2026-04-08 10:55:38,700 - INFO - Iteracja 0: condition_best: pnodes <= 7.50, quality_best: 1.0, coverage_best: (p=379, n=0, P=480, N=0)
2026-04-08 10:55:38,707 - INFO - Regula po iteracji 0: IF pnodes <= 7.50 THEN survival_status = {nan}, (p=379, n=0, P=480, N=0)
2026-04-08 10:55:42,330 - INFO - Iteracja 1: condition_best: age >= 31.50, quality_best: 1.0, coverage_best: (p=371, n=0, P=480, N=0)
2026-04-08 10:55:42,337 - INFO - Regula po iteracji 1: IF pnodes <= 7.50 AND age >= 31.50 THEN survival_status = {2015.0}, (p=371, n=0, P=480, N=0)
2026-04-08 10:55:45,979 - INFO - Iteracja 2: condition_best: estrec >= 5.50, quality_best: 1.0, coverage_best: (p=300, n=0, P=480, N=0)
2026-04-08 10:55:45,986 - INFO - Regula po iteracji 2: IF pnodes <= 7.50 AND age >= 31.50 AND estrec >= 5.50 THEN survival_status = {2018.0}, (p=300, n=0, P=480, N=0)
2026-04-08 10:55:49,631 - INFO - Iteracja 3: condition_best: progrec >= 1.50, quality_best: 1.0, coverage_best: (p=286, n=0, P=480, N=0)
2026-04-08 10:55:49,639 - INFO - Regula po iteracji 3: IF pnodes <= 7.50 AND age >= 31.50 AND estrec >= 5.50 AND progrec >= 1.50 THEN survival_status = {2093.0}, (p=286, n=0, P=480, N=0)
2026-04-08 10:55:53,337 - INFO - Iteracja 4: condition_best: tsize <= 62.50, quality_best: 1.0, coverage_best: (p=284, n=0, P=480, N=0)
2026-04-08 10:55:53,344 - INFO - Regula po iteracji 4: IF pnodes <= 7.50 AND age >= 31.50 AND estrec >= 5.50 AND progrec >= 1.50 AND tsize <= 62.50 THEN survival_status = {2372.0}, (p=284, n=0, P=480, N=0)
2026-04-08 10:55:53,344 - INFO - *******STOP GROWING CR RULE*******
2026-04-08 10:55:53,369 - INFO - *******GROWING CR RULE*******
2026-04-08 10:55:57,220 - INFO - Iteracja 0: condition_best: pnodes <= 7.50, quality_best: 1.0, coverage_best: (p=379, n=0, P=480, N=0)
2026-04-08 10:55:57,227 - INFO - Regula po iteracji 0: IF pnodes <= 7.50 THEN survival_status = {nan}, (p=379, n=0, P=480, N=0)
2026-04-08 10:56:00,841 - INFO - Iteracja 1: condition_best: age >= 28.00, quality_best: 1.0, coverage_best: (p=375, n=0, P=480, N=0)
2026-04-08 10:56:00,848 - INFO - Regula po iteracji 1: IF pnodes <= 7.50 AND age >= 28.00 THEN survival_status = {2015.0}, (p=375, n=0, P=480, N=0)
2026-04-08 10:56:04,522 - INFO - Iteracja 2: condition_best: estrec <= 605.00, quality_best: 1.0, coverage_best: (p=367, n=0, P=480, N=0)
2026-04-08 10:56:04,529 - INFO - Regula po iteracji 2: IF pnodes <= 7.50 AND age >= 28.00 AND estrec <= 605.00 THEN survival_status = {2018.0}, (p=367, n=0, P=480, N=0)
2026-04-08 10:56:08,187 - INFO - Iteracja 3: condition_best: age <= 72.50, quality_best: 1.0, coverage_best: (p=362, n=0, P=480, N=0)
2026-04-08 10:56:08,195 - INFO - Regula po iteracji 3: IF pnodes <= 7.50 AND age >= 28.00 AND estrec <= 605.00 AND age <= 72.50 THEN survival_status = {2018.0}, (p=362, n=0, P=480, N=0)
2026-04-08 10:56:11,818 - INFO - Iteracja 4: condition_best: pnodes <= 4.50, quality_best: 1.0, coverage_best: (p=289, n=0, P=480, N=0)
2026-04-08 10:56:11,825 - INFO - Regula po iteracji 4: IF pnodes <= 7.50 AND age >= 28.00 AND estrec <= 605.00 AND age <= 72.50 AND pnodes <= 4.50 THEN survival_status = {2030.0}, (p=289, n=0, P=480, N=0)
2026-04-08 10:56:11,825 - INFO - *******STOP GROWING CR RULE*******
2026-04-08 10:56:11,846 - INFO - *******GROWING CR RULE*******
2026-04-08 10:56:15,677 - INFO - Iteracja 0: condition_best: pnodes >= 7.50, quality_best: 1.0, coverage_best: (p=101, n=0, P=480, N=0)
2026-04-08 10:56:15,684 - INFO - Regula po iteracji 0: IF pnodes >= 7.50 THEN survival_status = {nan}, (p=101, n=0, P=480, N=0)
2026-04-08 10:56:17,343 - INFO - Iteracja 1: condition_best: progrec <= 25.50, quality_best: 1.0, coverage_best: (p=60, n=0, P=480, N=0)
2026-04-08 10:56:17,350 - INFO - Regula po iteracji 1: IF pnodes >= 7.50 AND progrec <= 25.50 THEN survival_status = {836.0}, (p=60, n=0, P=480, N=0)
2026-04-08 10:56:18,337 - INFO - Iteracja 2: condition_best: progrec <= 24.50, quality_best: 1.0, coverage_best: (p=59, n=0, P=480, N=0)
2026-04-08 10:56:18,343 - INFO - Regula po iteracji 2: IF pnodes >= 7.50 AND progrec <= 25.50 AND progrec <= 24.50 THEN survival_status = {595.0}, (p=59, n=0, P=480, N=0)
2026-04-08 10:56:19,354 - INFO - Iteracja 3: condition_best: age <= 78.00, quality_best: 1.0, coverage_best: (p=58, n=0, P=480, N=0)
2026-04-08 10:56:19,360 - INFO - Regula po iteracji 3: IF pnodes >= 7.50 AND progrec <= 25.50 AND progrec <= 24.50 AND age <= 78.00 THEN survival_status = {579.0}, (p=58, n=0, P=480, N=0)
2026-04-08 10:56:20,364 - INFO - Iteracja 4: condition_best: tsize >= 8.50, quality_best: 1.0, coverage_best: (p=57, n=0, P=480, N=0)
2026-04-08 10:56:20,370 - INFO - Regula po iteracji 4: IF pnodes >= 7.50 AND progrec <= 25.50 AND progrec <= 24.50 AND age <= 78.00 AND tsize >= 8.50 THEN survival_status = {595.0}, (p=57, n=0, P=480, N=0)
2026-04-08 10:56:20,370 - INFO - *******STOP GROWING CR RULE*******
2026-04-08 10:56:20,387 - INFO - *******GROWING CR RULE*******
2026-04-08 10:56:23,983 - INFO - Iteracja 0: condition_best: pnodes >= 7.50, quality_best: 1.0, coverage_best: (p=101, n=0, P=480, N=0)
2026-04-08 10:56:23,990 - INFO - Regula po iteracji 0: IF pnodes >= 7.50 THEN survival_status = {nan}, (p=101, n=0, P=480, N=0)
2026-04-08 10:56:25,566 - INFO - Iteracja 1: condition_best: progrec <= 42.50, quality_best: 1.0, coverage_best: (p=69, n=0, P=480, N=0)
2026-04-08 10:56:25,573 - INFO - Regula po iteracji 1: IF pnodes >= 7.50 AND progrec <= 42.50 THEN survival_status = {836.0}, (p=69, n=0, P=480, N=0)
2026-04-08 10:56:26,638 - INFO - Iteracja 2: condition_best: tsize <= 53.50, quality_best: 1.0, coverage_best: (p=59, n=0, P=480, N=0)
2026-04-08 10:56:26,645 - INFO - Regula po iteracji 2: IF pnodes >= 7.50 AND progrec <= 42.50 AND tsize <= 53.50 THEN survival_status = {624.0}, (p=59, n=0, P=480, N=0)
2026-04-08 10:56:27,641 - INFO - Iteracja 3: condition_best: tsize >= 8.50, quality_best: 1.0, coverage_best: (p=58, n=0, P=480, N=0)
2026-04-08 10:56:27,647 - INFO - Regula po iteracji 3: IF pnodes >= 7.50 AND progrec <= 42.50 AND tsize <= 53.50 AND tsize >= 8.50 THEN survival_status = {624.0}, (p=58, n=0, P=480, N=0)
2026-04-08 10:56:28,647 - INFO - Iteracja 4: condition_best: progrec <= 40.50, quality_best: 1.0, coverage_best: (p=57, n=0, P=480, N=0)
2026-04-08 10:56:28,653 - INFO - Regula po iteracji 4: IF pnodes >= 7.50 AND progrec <= 42.50 AND tsize <= 53.50 AND tsize >= 8.50 AND progrec <= 40.50 THEN survival_status = {622.0}, (p=57, n=0, P=480, N=0)
2026-04-08 10:56:28,653 - INFO - *******STOP GROWING CR RULE*******
2026-04-08 10:56:28,673 - INFO - *******GROWING CR RULE*******
2026-04-08 10:56:32,277 - INFO - Iteracja 0: condition_best: pnodes >= 7.50, quality_best: 1.0, coverage_best: (p=101, n=0, P=480, N=0)
2026-04-08 10:56:32,284 - INFO - Regula po iteracji 0: IF pnodes >= 7.50 THEN survival_status = {nan}, (p=101, n=0, P=480, N=0)
2026-04-08 10:56:33,878 - INFO - Iteracja 1: condition_best: progrec <= 47.00, quality_best: 1.0, coverage_best: (p=73, n=0, P=480, N=0)
2026-04-08 10:56:33,885 - INFO - Regula po iteracji 1: IF pnodes >= 7.50 AND progrec <= 47.00 THEN survival_status = {836.0}, (p=73, n=0, P=480, N=0)
2026-04-08 10:56:35,001 - INFO - Iteracja 2: condition_best: pnodes <= 43.50, quality_best: 1.0, coverage_best: (p=72, n=0, P=480, N=0)
2026-04-08 10:56:35,008 - INFO - Regula po iteracji 2: IF pnodes >= 7.50 AND progrec <= 47.00 AND pnodes <= 43.50 THEN survival_status = {650.0}, (p=72, n=0, P=480, N=0)
2026-04-08 10:56:36,133 - INFO - Iteracja 3: condition_best: tsize >= 8.50, quality_best: 1.0, coverage_best: (p=71, n=0, P=480, N=0)
2026-04-08 10:56:36,139 - INFO - Regula po iteracji 3: IF pnodes >= 7.50 AND progrec <= 47.00 AND pnodes <= 43.50 AND tsize >= 8.50 THEN survival_status = {624.0}, (p=71, n=0, P=480, N=0)
2026-04-08 10:56:37,287 - INFO - Iteracja 4: condition_best: pnodes <= 33.00, quality_best: 1.0, coverage_best: (p=70, n=0, P=480, N=0)
2026-04-08 10:56:37,294 - INFO - Regula po iteracji 4: IF pnodes >= 7.50 AND progrec <= 47.00 AND pnodes <= 43.50 AND tsize >= 8.50 AND pnodes <= 33.00 THEN survival_status = {624.0}, (p=70, n=0, P=480, N=0)
2026-04-08 10:56:37,294 - INFO - *******STOP GROWING CR RULE*******
2026-04-08 10:56:37,314 - INFO - *******GROWING CR RULE*******
2026-04-08 10:56:40,897 - INFO - Iteracja 0: condition_best: pnodes >= 7.50, quality_best: 1.0, coverage_best: (p=101, n=0, P=480, N=0)
2026-04-08 10:56:40,903 - INFO - Regula po iteracji 0: IF pnodes >= 7.50 THEN survival_status = {nan}, (p=101, n=0, P=480, N=0)
2026-04-08 10:56:42,466 - INFO - Iteracja 1: condition_best: progrec <= 176.50, quality_best: 1.0, coverage_best: (p=91, n=0, P=480, N=0)
2026-04-08 10:56:42,473 - INFO - Regula po iteracji 1: IF pnodes >= 7.50 AND progrec <= 176.50 THEN survival_status = {836.0}, (p=91, n=0, P=480, N=0)
2026-04-08 10:56:43,874 - INFO - Iteracja 2: condition_best: tsize >= 10.50, quality_best: 1.0, coverage_best: (p=89, n=0, P=480, N=0)
2026-04-08 10:56:43,881 - INFO - Regula po iteracji 2: IF pnodes >= 7.50 AND progrec <= 176.50 AND tsize >= 10.50 THEN survival_status = {790.0}, (p=89, n=0, P=480, N=0)
2026-04-08 10:56:45,313 - INFO - Iteracja 3: condition_best: pnodes <= 43.50, quality_best: 1.0, coverage_best: (p=88, n=0, P=480, N=0)
2026-04-08 10:56:45,319 - INFO - Regula po iteracji 3: IF pnodes >= 7.50 AND progrec <= 176.50 AND tsize >= 10.50 AND pnodes <= 43.50 THEN survival_status = {776.0}, (p=88, n=0, P=480, N=0)
2026-04-08 10:56:46,756 - INFO - Iteracja 4: condition_best: estrec <= 70.00, quality_best: 1.0, coverage_best: (p=72, n=0, P=480, N=0)
2026-04-08 10:56:46,763 - INFO - Regula po iteracji 4: IF pnodes >= 7.50 AND progrec <= 176.50 AND tsize >= 10.50 AND pnodes <= 43.50 AND estrec <= 70.00 THEN survival_status = {754.0}, (p=72, n=0, P=480, N=0)
2026-04-08 10:56:46,763 - INFO - *******STOP GROWING CR RULE*******
2026-04-08 10:56:46,791 - INFO - *******GROWING CR RULE*******
2026-04-08 10:56:50,310 - INFO - Iteracja 0: condition_best: pnodes >= 7.50, quality_best: 1.0, coverage_best: (p=101, n=0, P=480, N=0)
2026-04-08 10:56:50,317 - INFO - Regula po iteracji 0: IF pnodes >= 7.50 THEN survival_status = {nan}, (p=101, n=0, P=480, N=0)
2026-04-08 10:56:51,867 - INFO - Iteracja 1: condition_best: progrec <= 176.50, quality_best: 1.0, coverage_best: (p=91, n=0, P=480, N=0)
2026-04-08 10:56:51,874 - INFO - Regula po iteracji 1: IF pnodes >= 7.50 AND progrec <= 176.50 THEN survival_status = {836.0}, (p=91, n=0, P=480, N=0)
2026-04-08 10:56:53,271 - INFO - Iteracja 2: condition_best: tsize >= 10.50, quality_best: 1.0, coverage_best: (p=89, n=0, P=480, N=0)
2026-04-08 10:56:53,277 - INFO - Regula po iteracji 2: IF pnodes >= 7.50 AND progrec <= 176.50 AND tsize >= 10.50 THEN survival_status = {790.0}, (p=89, n=0, P=480, N=0)
2026-04-08 10:56:54,701 - INFO - Iteracja 3: condition_best: pnodes <= 43.50, quality_best: 1.0, coverage_best: (p=88, n=0, P=480, N=0)
2026-04-08 10:56:54,707 - INFO - Regula po iteracji 3: IF pnodes >= 7.50 AND progrec <= 176.50 AND tsize >= 10.50 AND pnodes <= 43.50 THEN survival_status = {776.0}, (p=88, n=0, P=480, N=0)
2026-04-08 10:56:56,146 - INFO - Iteracja 4: condition_best: tsize >= 19.50, quality_best: 1.0, coverage_best: (p=81, n=0, P=480, N=0)
2026-04-08 10:56:56,153 - INFO - Regula po iteracji 4: IF pnodes >= 7.50 AND progrec <= 176.50 AND tsize >= 10.50 AND pnodes <= 43.50 AND tsize >= 19.50 THEN survival_status = {754.0}, (p=81, n=0, P=480, N=0)
2026-04-08 10:56:56,153 - INFO - *******STOP GROWING CR RULE*******
2026-04-08 10:56:56,199 - INFO - *******GROWING CR RULE*******
2026-04-08 10:56:59,681 - INFO - Iteracja 0: condition_best: pnodes >= 7.50, quality_best: 1.0, coverage_best: (p=101, n=0, P=480, N=0)
2026-04-08 10:56:59,687 - INFO - Regula po iteracji 0: IF pnodes >= 7.50 THEN survival_status = {nan}, (p=101, n=0, P=480, N=0)
2026-04-08 10:57:01,243 - INFO - Iteracja 1: condition_best: progrec <= 266.00, quality_best: 1.0, coverage_best: (p=94, n=0, P=480, N=0)
2026-04-08 10:57:01,249 - INFO - Regula po iteracji 1: IF pnodes >= 7.50 AND progrec <= 266.00 THEN survival_status = {836.0}, (p=94, n=0, P=480, N=0)
2026-04-08 10:57:02,700 - INFO - Iteracja 2: condition_best: tsize >= 7.00, quality_best: 1.0, coverage_best: (p=93, n=0, P=480, N=0)
2026-04-08 10:57:02,707 - INFO - Regula po iteracji 2: IF pnodes >= 7.50 AND progrec <= 266.00 AND tsize >= 7.00 THEN survival_status = {797.0}, (p=93, n=0, P=480, N=0)
2026-04-08 10:57:04,184 - INFO - Iteracja 3: condition_best: tsize <= 90.00, quality_best: 1.0, coverage_best: (p=91, n=0, P=480, N=0)
2026-04-08 10:57:04,191 - INFO - Regula po iteracji 3: IF pnodes >= 7.50 AND progrec <= 266.00 AND tsize >= 7.00 AND tsize <= 90.00 THEN survival_status = {819.0}, (p=91, n=0, P=480, N=0)
2026-04-08 10:57:05,649 - INFO - Iteracja 4: condition_best: estrec <= 799.50, quality_best: 1.0, coverage_best: (p=90, n=0, P=480, N=0)
2026-04-08 10:57:05,656 - INFO - Regula po iteracji 4: IF pnodes >= 7.50 AND progrec <= 266.00 AND tsize >= 7.00 AND tsize <= 90.00 AND estrec <= 799.50 THEN survival_status = {819.0}, (p=90, n=0, P=480, N=0)
2026-04-08 10:57:05,656 - INFO - *******STOP GROWING CR RULE*******
2026-04-08 10:57:05,672 - INFO - *******GROWING CR RULE*******
2026-04-08 10:57:09,229 - INFO - Iteracja 0: condition_best: pnodes >= 7.50, quality_best: 1.0, coverage_best: (p=101, n=0, P=480, N=0)
2026-04-08 10:57:09,236 - INFO - Regula po iteracji 0: IF pnodes >= 7.50 THEN survival_status = {nan}, (p=101, n=0, P=480, N=0)
2026-04-08 10:57:10,798 - INFO - Iteracja 1: condition_best: progrec <= 528.00, quality_best: 1.0, coverage_best: (p=99, n=0, P=480, N=0)
2026-04-08 10:57:10,804 - INFO - Regula po iteracji 1: IF pnodes >= 7.50 AND progrec <= 528.00 THEN survival_status = {836.0}, (p=99, n=0, P=480, N=0)
2026-04-08 10:57:12,350 - INFO - Iteracja 2: condition_best: tsize >= 10.50, quality_best: 1.0, coverage_best: (p=97, n=0, P=480, N=0)
2026-04-08 10:57:12,356 - INFO - Regula po iteracji 2: IF pnodes >= 7.50 AND progrec <= 528.00 AND tsize >= 10.50 THEN survival_status = {819.0}, (p=97, n=0, P=480, N=0)
2026-04-08 10:57:13,929 - INFO - Iteracja 3: condition_best: pnodes <= 43.50, quality_best: 1.0, coverage_best: (p=96, n=0, P=480, N=0)
2026-04-08 10:57:13,936 - INFO - Regula po iteracji 3: IF pnodes >= 7.50 AND progrec <= 528.00 AND tsize >= 10.50 AND pnodes <= 43.50 THEN survival_status = {819.0}, (p=96, n=0, P=480, N=0)
2026-04-08 10:57:15,510 - INFO - Iteracja 4: condition_best: tsize >= 19.50, quality_best: 1.0, coverage_best: (p=89, n=0, P=480, N=0)
2026-04-08 10:57:15,517 - INFO - Regula po iteracji 4: IF pnodes >= 7.50 AND progrec <= 528.00 AND tsize >= 10.50 AND pnodes <= 43.50 AND tsize >= 19.50 THEN survival_status = {819.0}, (p=89, n=0, P=480, N=0)
2026-04-08 10:57:15,517 - INFO - *******STOP GROWING CR RULE*******
2026-04-08 10:57:15,541 - INFO - *******GROWING CR RULE*******
2026-04-08 10:57:19,028 - INFO - Iteracja 0: condition_best: pnodes <= 10.50, quality_best: 1.0, coverage_best: (p=421, n=0, P=480, N=0)
2026-04-08 10:57:19,034 - INFO - Regula po iteracji 0: IF pnodes <= 10.50 THEN survival_status = {nan}, (p=421, n=0, P=480, N=0)
2026-04-08 10:57:22,467 - INFO - Iteracja 1: condition_best: tsize <= 75.00, quality_best: 1.0, coverage_best: (p=418, n=0, P=480, N=0)
2026-04-08 10:57:22,474 - INFO - Regula po iteracji 1: IF pnodes <= 10.50 AND tsize <= 75.00 THEN survival_status = {1989.0}, (p=418, n=0, P=480, N=0)
2026-04-08 10:57:25,995 - INFO - Iteracja 2: condition_best: estrec <= 825.50, quality_best: 1.0, coverage_best: (p=415, n=0, P=480, N=0)
2026-04-08 10:57:26,002 - INFO - Regula po iteracji 2: IF pnodes <= 10.50 AND tsize <= 75.00 AND estrec <= 825.50 THEN survival_status = {1990.0}, (p=415, n=0, P=480, N=0)
2026-04-08 10:57:29,675 - INFO - Iteracja 3: condition_best: estrec <= 605.00, quality_best: 1.0, coverage_best: (p=410, n=0, P=480, N=0)
2026-04-08 10:57:29,682 - INFO - Regula po iteracji 3: IF pnodes <= 10.50 AND tsize <= 75.00 AND estrec <= 825.50 AND estrec <= 605.00 THEN survival_status = {1990.0}, (p=410, n=0, P=480, N=0)
2026-04-08 10:57:33,251 - INFO - Iteracja 4: condition_best: tsize >= 8.50, quality_best: 1.0, coverage_best: (p=406, n=0, P=480, N=0)
2026-04-08 10:57:33,258 - INFO - Regula po iteracji 4: IF pnodes <= 10.50 AND tsize <= 75.00 AND estrec <= 825.50 AND estrec <= 605.00 AND tsize >= 8.50 THEN survival_status = {1990.0}, (p=406, n=0, P=480, N=0)
2026-04-08 10:57:33,258 - INFO - *******STOP GROWING CR RULE*******
2026-04-08 10:57:33,278 - INFO - *******GROWING CR RULE*******
2026-04-08 10:57:36,725 - INFO - Iteracja 0: condition_best: pnodes <= 7.50, quality_best: 1.0, coverage_best: (p=379, n=0, P=480, N=0)
2026-04-08 10:57:36,732 - INFO - Regula po iteracji 0: IF pnodes <= 7.50 THEN survival_status = {nan}, (p=379, n=0, P=480, N=0)
2026-04-08 10:57:39,985 - INFO - Iteracja 1: condition_best: age >= 32.50, quality_best: 1.0, coverage_best: (p=369, n=0, P=480, N=0)
2026-04-08 10:57:39,992 - INFO - Regula po iteracji 1: IF pnodes <= 7.50 AND age >= 32.50 THEN survival_status = {2015.0}, (p=369, n=0, P=480, N=0)
2026-04-08 10:57:43,267 - INFO - Iteracja 2: condition_best: estrec >= 5.50, quality_best: 1.0, coverage_best: (p=298, n=0, P=480, N=0)
2026-04-08 10:57:43,274 - INFO - Regula po iteracji 2: IF pnodes <= 7.50 AND age >= 32.50 AND estrec >= 5.50 THEN survival_status = {2018.0}, (p=298, n=0, P=480, N=0)
2026-04-08 10:57:46,524 - INFO - Iteracja 3: condition_best: progrec >= 1.50, quality_best: 1.0, coverage_best: (p=284, n=0, P=480, N=0)
2026-04-08 10:57:46,531 - INFO - Regula po iteracji 3: IF pnodes <= 7.50 AND age >= 32.50 AND estrec >= 5.50 AND progrec >= 1.50 THEN survival_status = {2093.0}, (p=284, n=0, P=480, N=0)
2026-04-08 10:57:49,830 - INFO - Iteracja 4: condition_best: estrec <= 605.00, quality_best: 1.0, coverage_best: (p=276, n=0, P=480, N=0)
2026-04-08 10:57:49,837 - INFO - Regula po iteracji 4: IF pnodes <= 7.50 AND age >= 32.50 AND estrec >= 5.50 AND progrec >= 1.50 AND estrec <= 605.00 THEN survival_status = {2372.0}, (p=276, n=0, P=480, N=0)
2026-04-08 10:57:49,837 - INFO - *******STOP GROWING CR RULE*******
2026-04-08 10:57:55,541 - INFO - ************************Finished experiment for 19_GBSG2.arff with algorithm_log_rank************************
2026-04-08 10:57:55,541 - INFO - *************************************************************************************************************************
2026-04-08 10:57:55,541 - INFO - *************************************************************************************************************************
2026-04-08 10:57:55,541 - INFO - *************************************************************************************************************************
2026-04-08 10:57:55,542 - INFO - **********Starting experiment for 19_GBSG2.arff with algorithm_log_rank_with_exceptions**********
2026-04-08 10:57:55,555 - INFO - *******GROWING CR RULE*******
2026-04-08 10:58:00,732 - INFO - Iteracja 0: condition_best: pnodes <= 7.50, quality_best: 1.0, coverage_best: (p=379, n=0, P=480, N=0)
2026-04-08 10:58:00,739 - INFO - Regula po iteracji 0: IF pnodes <= 7.50 THEN survival_status = {nan}, (p=379, n=0, P=480, N=0)
2026-04-08 10:58:00,740 - INFO - *****GROWING RR RULE*****
2026-04-08 10:58:14,685 - INFO - Iteracja 0: condition_best: None, quality_best: -inf, coverage_best: (p=0, n=0, P=0, N=0), p_value: 0
2026-04-08 10:58:14,689 - INFO - Regula po iteracji 0: IF  THEN survival_status = {nan}, (p=480, n=0, P=480, N=0)
2026-04-08 10:58:14,690 - INFO - *****STOP GROWING RR RULE*****
2026-04-08 10:58:14,690 - INFO - ***RR NOT FOUND***
2026-04-08 10:58:19,467 - INFO - Iteracja 1: condition_best: age >= 32.50, quality_best: 1.0, coverage_best: (p=369, n=0, P=480, N=0)
2026-04-08 10:58:19,474 - INFO - Regula po iteracji 1: IF pnodes <= 7.50 AND age >= 32.50 THEN survival_status = {2015.0}, (p=369, n=0, P=480, N=0)
2026-04-08 10:58:19,474 - INFO - *****GROWING RR RULE*****
2026-04-08 10:58:33,321 - INFO - Iteracja 0: condition_best: None, quality_best: -inf, coverage_best: (p=0, n=0, P=0, N=0), p_value: 0
2026-04-08 10:58:33,326 - INFO - Regula po iteracji 0: IF  THEN survival_status = {nan}, (p=480, n=0, P=480, N=0)
2026-04-08 10:58:33,326 - INFO - *****STOP GROWING RR RULE*****
2026-04-08 10:58:33,326 - INFO - ***RR NOT FOUND***
2026-04-08 10:58:38,112 - INFO - Iteracja 2: condition_best: estrec >= 5.50, quality_best: 1.0, coverage_best: (p=298, n=0, P=480, N=0)
2026-04-08 10:58:38,120 - INFO - Regula po iteracji 2: IF pnodes <= 7.50 AND age >= 32.50 AND estrec >= 5.50 THEN survival_status = {2018.0}, (p=298, n=0, P=480, N=0)
2026-04-08 10:58:38,120 - INFO - *****GROWING RR RULE*****
2026-04-08 10:58:51,352 - INFO - Iteracja 0: condition_best: None, quality_best: -inf, coverage_best: (p=0, n=0, P=0, N=0), p_value: 0
2026-04-08 10:58:51,356 - INFO - Regula po iteracji 0: IF  THEN survival_status = {nan}, (p=480, n=0, P=480, N=0)
2026-04-08 10:58:51,357 - INFO - *****STOP GROWING RR RULE*****
2026-04-08 10:58:51,357 - INFO - ***RR NOT FOUND***
2026-04-08 10:58:56,066 - INFO - Iteracja 3: condition_best: progrec >= 1.50, quality_best: 1.0, coverage_best: (p=284, n=0, P=480, N=0)
2026-04-08 10:58:56,073 - INFO - Regula po iteracji 3: IF pnodes <= 7.50 AND age >= 32.50 AND estrec >= 5.50 AND progrec >= 1.50 THEN survival_status = {2093.0}, (p=284, n=0, P=480, N=0)
2026-04-08 10:58:56,073 - INFO - *****GROWING RR RULE*****
2026-04-08 10:59:09,139 - INFO - Iteracja 0: condition_best: None, quality_best: -inf, coverage_best: (p=0, n=0, P=0, N=0), p_value: 0
2026-04-08 10:59:09,144 - INFO - Regula po iteracji 0: IF  THEN survival_status = {nan}, (p=480, n=0, P=480, N=0)
2026-04-08 10:59:09,144 - INFO - *****STOP GROWING RR RULE*****
2026-04-08 10:59:09,144 - INFO - ***RR NOT FOUND***
2026-04-08 10:59:13,849 - INFO - Iteracja 4: condition_best: estrec <= 605.00, quality_best: 1.0, coverage_best: (p=276, n=0, P=480, N=0)
2026-04-08 10:59:13,856 - INFO - Regula po iteracji 4: IF pnodes <= 7.50 AND age >= 32.50 AND estrec >= 5.50 AND progrec >= 1.50 AND estrec <= 605.00 THEN survival_status = {2372.0}, (p=276, n=0, P=480, N=0)
2026-04-08 10:59:13,856 - INFO - *****GROWING RR RULE*****
2026-04-08 10:59:26,775 - INFO - Iteracja 0: condition_best: None, quality_best: -inf, coverage_best: (p=0, n=0, P=0, N=0), p_value: 0
2026-04-08 10:59:26,779 - INFO - Regula po iteracji 0: IF  THEN survival_status = {nan}, (p=480, n=0, P=480, N=0)
2026-04-08 10:59:26,779 - INFO - *****STOP GROWING RR RULE*****
2026-04-08 10:59:26,779 - INFO - ***RR NOT FOUND***
2026-04-08 10:59:26,779 - INFO - *******STOP GROWING CR RULE*******
2026-04-08 10:59:26,810 - INFO - *******GROWING CR RULE*******
2026-04-08 10:59:30,973 - INFO - Iteracja 0: condition_best: pnodes <= 7.50, quality_best: 1.0, coverage_best: (p=379, n=0, P=480, N=0)
2026-04-08 10:59:30,980 - INFO - Regula po iteracji 0: IF pnodes <= 7.50 THEN survival_status = {nan}, (p=379, n=0, P=480, N=0)
2026-04-08 10:59:30,981 - INFO - *****GROWING RR RULE*****
2026-04-08 10:59:44,997 - INFO - Iteracja 0: condition_best: None, quality_best: -inf, coverage_best: (p=0, n=0, P=0, N=0), p_value: 0
2026-04-08 10:59:45,002 - INFO - Regula po iteracji 0: IF  THEN survival_status = {nan}, (p=480, n=0, P=480, N=0)
2026-04-08 10:59:45,002 - INFO - *****STOP GROWING RR RULE*****
2026-04-08 10:59:45,002 - INFO - ***RR NOT FOUND***
2026-04-08 10:59:48,888 - INFO - Iteracja 1: condition_best: age >= 32.50, quality_best: 1.0, coverage_best: (p=369, n=0, P=480, N=0)
2026-04-08 10:59:48,894 - INFO - Regula po iteracji 1: IF pnodes <= 7.50 AND age >= 32.50 THEN survival_status = {2015.0}, (p=369, n=0, P=480, N=0)
2026-04-08 10:59:48,895 - INFO - *****GROWING RR RULE*****
2026-04-08 11:00:02,840 - INFO - Iteracja 0: condition_best: None, quality_best: -inf, coverage_best: (p=0, n=0, P=0, N=0), p_value: 0
2026-04-08 11:00:02,845 - INFO - Regula po iteracji 0: IF  THEN survival_status = {nan}, (p=480, n=0, P=480, N=0)
2026-04-08 11:00:02,845 - INFO - *****STOP GROWING RR RULE*****
2026-04-08 11:00:02,845 - INFO - ***RR NOT FOUND***
2026-04-08 11:00:06,770 - INFO - Iteracja 2: condition_best: estrec >= 5.50, quality_best: 1.0, coverage_best: (p=298, n=0, P=480, N=0)
2026-04-08 11:00:06,776 - INFO - Regula po iteracji 2: IF pnodes <= 7.50 AND age >= 32.50 AND estrec >= 5.50 THEN survival_status = {2018.0}, (p=298, n=0, P=480, N=0)
2026-04-08 11:00:06,777 - INFO - *****GROWING RR RULE*****
2026-04-08 11:00:20,077 - INFO - Iteracja 0: condition_best: None, quality_best: -inf, coverage_best: (p=0, n=0, P=0, N=0), p_value: 0
2026-04-08 11:00:20,081 - INFO - Regula po iteracji 0: IF  THEN survival_status = {nan}, (p=480, n=0, P=480, N=0)
2026-04-08 11:00:20,081 - INFO - *****STOP GROWING RR RULE*****
2026-04-08 11:00:20,081 - INFO - ***RR NOT FOUND***
2026-04-08 11:00:23,936 - INFO - Iteracja 3: condition_best: progrec >= 1.50, quality_best: 1.0, coverage_best: (p=284, n=0, P=480, N=0)
2026-04-08 11:00:23,943 - INFO - Regula po iteracji 3: IF pnodes <= 7.50 AND age >= 32.50 AND estrec >= 5.50 AND progrec >= 1.50 THEN survival_status = {2093.0}, (p=284, n=0, P=480, N=0)
2026-04-08 11:00:23,943 - INFO - *****GROWING RR RULE*****
2026-04-08 11:00:37,048 - INFO - Iteracja 0: condition_best: None, quality_best: -inf, coverage_best: (p=0, n=0, P=0, N=0), p_value: 0
2026-04-08 11:00:37,053 - INFO - Regula po iteracji 0: IF  THEN survival_status = {nan}, (p=480, n=0, P=480, N=0)
2026-04-08 11:00:37,053 - INFO - *****STOP GROWING RR RULE*****
2026-04-08 11:00:37,053 - INFO - ***RR NOT FOUND***
2026-04-08 11:00:40,945 - INFO - Iteracja 4: condition_best: estrec <= 825.50, quality_best: 1.0, coverage_best: (p=281, n=0, P=480, N=0)
2026-04-08 11:00:40,952 - INFO - Regula po iteracji 4: IF pnodes <= 7.50 AND age >= 32.50 AND estrec >= 5.50 AND progrec >= 1.50 AND estrec <= 825.50 THEN survival_status = {2372.0}, (p=281, n=0, P=480, N=0)
2026-04-08 11:00:40,952 - INFO - *****GROWING RR RULE*****
2026-04-08 11:00:53,976 - INFO - Iteracja 0: condition_best: None, quality_best: -inf, coverage_best: (p=0, n=0, P=0, N=0), p_value: 0
2026-04-08 11:00:53,981 - INFO - Regula po iteracji 0: IF  THEN survival_status = {nan}, (p=480, n=0, P=480, N=0)
2026-04-08 11:00:53,981 - INFO - *****STOP GROWING RR RULE*****
2026-04-08 11:00:53,981 - INFO - ***RR NOT FOUND***
2026-04-08 11:00:53,981 - INFO - *******STOP GROWING CR RULE*******
2026-04-08 11:00:54,011 - INFO - *******GROWING CR RULE*******
2026-04-08 11:00:58,175 - INFO - Iteracja 0: condition_best: pnodes <= 7.50, quality_best: 1.0, coverage_best: (p=379, n=0, P=480, N=0)
2026-04-08 11:00:58,182 - INFO - Regula po iteracji 0: IF pnodes <= 7.50 THEN survival_status = {nan}, (p=379, n=0, P=480, N=0)
2026-04-08 11:00:58,182 - INFO - *****GROWING RR RULE*****
2026-04-08 11:01:12,202 - INFO - Iteracja 0: condition_best: None, quality_best: -inf, coverage_best: (p=0, n=0, P=0, N=0), p_value: 0
2026-04-08 11:01:12,207 - INFO - Regula po iteracji 0: IF  THEN survival_status = {nan}, (p=480, n=0, P=480, N=0)
2026-04-08 11:01:12,207 - INFO - *****STOP GROWING RR RULE*****
2026-04-08 11:01:12,207 - INFO - ***RR NOT FOUND***
2026-04-08 11:01:16,094 - INFO - Iteracja 1: condition_best: age >= 32.50, quality_best: 1.0, coverage_best: (p=369, n=0, P=480, N=0)
2026-04-08 11:01:16,101 - INFO - Regula po iteracji 1: IF pnodes <= 7.50 AND age >= 32.50 THEN survival_status = {2015.0}, (p=369, n=0, P=480, N=0)
2026-04-08 11:01:16,101 - INFO - *****GROWING RR RULE*****
2026-04-08 11:01:29,999 - INFO - Iteracja 0: condition_best: None, quality_best: -inf, coverage_best: (p=0, n=0, P=0, N=0), p_value: 0
2026-04-08 11:01:30,004 - INFO - Regula po iteracji 0: IF  THEN survival_status = {nan}, (p=480, n=0, P=480, N=0)
2026-04-08 11:01:30,004 - INFO - *****STOP GROWING RR RULE*****
2026-04-08 11:01:30,004 - INFO - ***RR NOT FOUND***
2026-04-08 11:01:33,888 - INFO - Iteracja 2: condition_best: estrec >= 5.50, quality_best: 1.0, coverage_best: (p=298, n=0, P=480, N=0)
2026-04-08 11:01:33,895 - INFO - Regula po iteracji 2: IF pnodes <= 7.50 AND age >= 32.50 AND estrec >= 5.50 THEN survival_status = {2018.0}, (p=298, n=0, P=480, N=0)
2026-04-08 11:01:33,895 - INFO - *****GROWING RR RULE*****
2026-04-08 11:01:47,133 - INFO - Iteracja 0: condition_best: None, quality_best: -inf, coverage_best: (p=0, n=0, P=0, N=0), p_value: 0
2026-04-08 11:01:47,138 - INFO - Regula po iteracji 0: IF  THEN survival_status = {nan}, (p=480, n=0, P=480, N=0)
2026-04-08 11:01:47,138 - INFO - *****STOP GROWING RR RULE*****
2026-04-08 11:01:47,138 - INFO - ***RR NOT FOUND***
2026-04-08 11:01:50,985 - INFO - Iteracja 3: condition_best: estrec <= 605.00, quality_best: 1.0, coverage_best: (p=290, n=0, P=480, N=0)
2026-04-08 11:01:50,992 - INFO - Regula po iteracji 3: IF pnodes <= 7.50 AND age >= 32.50 AND estrec >= 5.50 AND estrec <= 605.00 THEN survival_status = {2093.0}, (p=290, n=0, P=480, N=0)
2026-04-08 11:01:50,992 - INFO - *****GROWING RR RULE*****
2026-04-08 11:02:04,117 - INFO - Iteracja 0: condition_best: None, quality_best: -inf, coverage_best: (p=0, n=0, P=0, N=0), p_value: 0
2026-04-08 11:02:04,121 - INFO - Regula po iteracji 0: IF  THEN survival_status = {nan}, (p=480, n=0, P=480, N=0)
2026-04-08 11:02:04,121 - INFO - *****STOP GROWING RR RULE*****
2026-04-08 11:02:04,121 - INFO - ***RR NOT FOUND***
2026-04-08 11:02:07,908 - INFO - Iteracja 4: condition_best: age >= 39.50, quality_best: 1.0, coverage_best: (p=276, n=0, P=480, N=0)
2026-04-08 11:02:07,915 - INFO - Regula po iteracji 4: IF pnodes <= 7.50 AND age >= 32.50 AND estrec >= 5.50 AND estrec <= 605.00 AND age >= 39.50 THEN survival_status = {2093.0}, (p=276, n=0, P=480, N=0)
2026-04-08 11:02:07,915 - INFO - *****GROWING RR RULE*****
2026-04-08 11:02:20,796 - INFO - Iteracja 0: condition_best: progrec >= 64.50, quality_best: 1.0, coverage_best: (p=184, n=0, P=480, N=0), p_value: 0.986
2026-04-08 11:02:20,803 - INFO - Regula po iteracji 0: IF progrec >= 64.50 THEN survival_status = {nan}, (p=184, n=0, P=480, N=0)
2026-04-08 11:02:29,213 - INFO - Iteracja 1: condition_best: age <= 52.50, quality_best: 0.998, coverage_best: (p=93, n=0, P=480, N=0), p_value: 0.997
2026-04-08 11:02:29,220 - INFO - Regula po iteracji 1: IF progrec >= 64.50 AND age <= 52.50 THEN survival_status = {2286.0}, (p=93, n=0, P=480, N=0)
2026-04-08 11:02:34,038 - INFO - Iteracja 2: condition_best: None, quality_best: -inf, coverage_best: (p=0, n=0, P=0, N=0), p_value: 0.997
2026-04-08 11:02:34,045 - INFO - Regula po iteracji 2: IF progrec >= 64.50 AND age <= 52.50 THEN survival_status = {inf}, (p=93, n=0, P=480, N=0)
2026-04-08 11:02:34,045 - INFO - *****STOP GROWING RR RULE*****
2026-04-08 11:02:34,045 - INFO - ***RR FOUND***
2026-04-08 11:02:34,045 - INFO - Reference rule: IF progrec >= 64.50 THEN survival_status = {inf}
2026-04-08 11:02:34,045 - INFO - ***CHECKING EXCEPTION***
2026-04-08 11:02:34,049 - INFO - ER vs CR p_value: 0.034797600977827026
2026-04-08 11:02:34,049 - INFO - ER vs RR p_value: 0.04803806215476181
2026-04-08 11:02:34,070 - INFO - ***ER FOUND***
2026-04-08 11:02:34,070 - INFO - Exception rule: IF pnodes <= 7.50 AND age >= 32.50 AND estrec >= 5.50 AND estrec <= 605.00 AND age >= 39.50 AND progrec >= 64.50 THEN survival_status = {inf} (p=140, n=0, P=480, N=0)
2026-04-08 11:02:34,070 - INFO - *******STOP GROWING CR RULE*******
2026-04-08 11:02:34,078 - INFO - *******GROWING CR RULE*******
2026-04-08 11:02:38,167 - INFO - Iteracja 0: condition_best: pnodes <= 7.50, quality_best: 1.0, coverage_best: (p=379, n=0, P=480, N=0)
2026-04-08 11:02:38,174 - INFO - Regula po iteracji 0: IF pnodes <= 7.50 THEN survival_status = {nan}, (p=379, n=0, P=480, N=0)
2026-04-08 11:02:38,174 - INFO - *****GROWING RR RULE*****
2026-04-08 11:02:52,180 - INFO - Iteracja 0: condition_best: None, quality_best: -inf, coverage_best: (p=0, n=0, P=0, N=0), p_value: 0
2026-04-08 11:02:52,184 - INFO - Regula po iteracji 0: IF  THEN survival_status = {nan}, (p=480, n=0, P=480, N=0)
2026-04-08 11:02:52,184 - INFO - *****STOP GROWING RR RULE*****
2026-04-08 11:02:52,184 - INFO - ***RR NOT FOUND***
2026-04-08 11:02:56,132 - INFO - Iteracja 1: condition_best: age >= 32.50, quality_best: 1.0, coverage_best: (p=369, n=0, P=480, N=0)
2026-04-08 11:02:56,139 - INFO - Regula po iteracji 1: IF pnodes <= 7.50 AND age >= 32.50 THEN survival_status = {2015.0}, (p=369, n=0, P=480, N=0)
2026-04-08 11:02:56,139 - INFO - *****GROWING RR RULE*****
2026-04-08 11:03:10,033 - INFO - Iteracja 0: condition_best: None, quality_best: -inf, coverage_best: (p=0, n=0, P=0, N=0), p_value: 0
2026-04-08 11:03:10,038 - INFO - Regula po iteracji 0: IF  THEN survival_status = {nan}, (p=480, n=0, P=480, N=0)
2026-04-08 11:03:10,038 - INFO - *****STOP GROWING RR RULE*****
2026-04-08 11:03:10,038 - INFO - ***RR NOT FOUND***
2026-04-08 11:03:13,878 - INFO - Iteracja 2: condition_best: estrec <= 605.00, quality_best: 1.0, coverage_best: (p=361, n=0, P=480, N=0)
2026-04-08 11:03:13,885 - INFO - Regula po iteracji 2: IF pnodes <= 7.50 AND age >= 32.50 AND estrec <= 605.00 THEN survival_status = {2018.0}, (p=361, n=0, P=480, N=0)
2026-04-08 11:03:13,885 - INFO - *****GROWING RR RULE*****
2026-04-08 11:03:27,628 - INFO - Iteracja 0: condition_best: None, quality_best: -inf, coverage_best: (p=0, n=0, P=0, N=0), p_value: 0
2026-04-08 11:03:27,633 - INFO - Regula po iteracji 0: IF  THEN survival_status = {nan}, (p=480, n=0, P=480, N=0)
2026-04-08 11:03:27,633 - INFO - *****STOP GROWING RR RULE*****
2026-04-08 11:03:27,633 - INFO - ***RR NOT FOUND***
2026-04-08 11:03:31,399 - INFO - Iteracja 3: condition_best: tsize <= 75.00, quality_best: 1.0, coverage_best: (p=360, n=0, P=480, N=0)
2026-04-08 11:03:31,406 - INFO - Regula po iteracji 3: IF pnodes <= 7.50 AND age >= 32.50 AND estrec <= 605.00 AND tsize <= 75.00 THEN survival_status = {2030.0}, (p=360, n=0, P=480, N=0)
2026-04-08 11:03:31,406 - INFO - *****GROWING RR RULE*****
2026-04-08 11:03:45,112 - INFO - Iteracja 0: condition_best: None, quality_best: -inf, coverage_best: (p=0, n=0, P=0, N=0), p_value: 0
2026-04-08 11:03:45,117 - INFO - Regula po iteracji 0: IF  THEN survival_status = {nan}, (p=480, n=0, P=480, N=0)
2026-04-08 11:03:45,117 - INFO - *****STOP GROWING RR RULE*****
2026-04-08 11:03:45,117 - INFO - ***RR NOT FOUND***
2026-04-08 11:03:48,958 - INFO - Iteracja 4: condition_best: age <= 72.50, quality_best: 1.0, coverage_best: (p=355, n=0, P=480, N=0)
2026-04-08 11:03:48,965 - INFO - Regula po iteracji 4: IF pnodes <= 7.50 AND age >= 32.50 AND estrec <= 605.00 AND tsize <= 75.00 AND age <= 72.50 THEN survival_status = {2030.0}, (p=355, n=0, P=480, N=0)
2026-04-08 11:03:48,966 - INFO - *****GROWING RR RULE*****
2026-04-08 11:04:02,774 - INFO - Iteracja 0: condition_best: age >= 64.50, quality_best: 0.821, coverage_best: (p=62, n=0, P=480, N=0), p_value: 0.837
2026-04-08 11:04:02,781 - INFO - Regula po iteracji 0: IF age >= 64.50 THEN survival_status = {nan}, (p=62, n=0, P=480, N=0)
2026-04-08 11:04:06,540 - INFO - Iteracja 1: condition_best: age <= 78.00, quality_best: 0.822, coverage_best: (p=59, n=0, P=480, N=0), p_value: 0.87
2026-04-08 11:04:06,547 - INFO - Regula po iteracji 1: IF age >= 64.50 AND age <= 78.00 THEN survival_status = {1975.0}, (p=59, n=0, P=480, N=0)
2026-04-08 11:04:10,117 - INFO - Iteracja 2: condition_best: tsize >= 14.50, quality_best: 0.829, coverage_best: (p=57, n=0, P=480, N=0), p_value: 0.906
2026-04-08 11:04:10,123 - INFO - Regula po iteracji 2: IF age >= 64.50 AND age <= 78.00 AND tsize >= 14.50 THEN survival_status = {1975.0}, (p=57, n=0, P=480, N=0)
2026-04-08 11:04:13,571 - INFO - Iteracja 3: condition_best: tsize <= 69.00, quality_best: 0.857, coverage_best: (p=56, n=0, P=480, N=0), p_value: 0.993
2026-04-08 11:04:13,577 - INFO - Regula po iteracji 3: IF age >= 64.50 AND age <= 78.00 AND tsize >= 14.50 AND tsize <= 69.00 THEN survival_status = {1975.0}, (p=56, n=0, P=480, N=0)
2026-04-08 11:04:17,011 - INFO - Iteracja 4: condition_best: None, quality_best: -inf, coverage_best: (p=0, n=0, P=0, N=0), p_value: 0.993
2026-04-08 11:04:17,017 - INFO - Regula po iteracji 4: IF age >= 64.50 AND age <= 78.00 AND tsize >= 14.50 AND tsize <= 69.00 THEN survival_status = {1975.0}, (p=56, n=0, P=480, N=0)
2026-04-08 11:04:17,017 - INFO - *****STOP GROWING RR RULE*****
2026-04-08 11:04:17,017 - INFO - ***RR FOUND***
2026-04-08 11:04:17,017 - INFO - Reference rule: IF age >= 64.50 AND age <= 78.00 AND tsize >= 14.50 AND tsize <= 69.00 THEN survival_status = {1975.0}
2026-04-08 11:04:17,017 - INFO - ***CHECKING EXCEPTION***
2026-04-08 11:04:17,021 - INFO - ER vs CR p_value: 0.03006324870134569
2026-04-08 11:04:17,021 - INFO - ER vs RR p_value: 0.04772177657913568
2026-04-08 11:04:17,041 - INFO - ***ER FOUND***
2026-04-08 11:04:17,041 - INFO - Exception rule: IF pnodes <= 7.50 AND age >= 32.50 AND estrec <= 605.00 AND tsize <= 75.00 AND age <= 72.50 AND age >= 64.50 AND age <= 78.00 AND tsize >= 14.50 AND tsize <= 69.00 THEN survival_status = {inf} (p=33, n=0, P=480, N=0)
2026-04-08 11:04:17,041 - INFO - *******STOP GROWING CR RULE*******
2026-04-08 11:04:17,049 - INFO - *******GROWING CR RULE*******
2026-04-08 11:04:20,917 - INFO - Iteracja 0: condition_best: pnodes <= 7.50, quality_best: 1.0, coverage_best: (p=379, n=0, P=480, N=0)
2026-04-08 11:04:20,924 - INFO - Regula po iteracji 0: IF pnodes <= 7.50 THEN survival_status = {nan}, (p=379, n=0, P=480, N=0)
2026-04-08 11:04:20,924 - INFO - *****GROWING RR RULE*****
2026-04-08 11:04:35,069 - INFO - Iteracja 0: condition_best: None, quality_best: -inf, coverage_best: (p=0, n=0, P=0, N=0), p_value: 0
2026-04-08 11:04:35,073 - INFO - Regula po iteracji 0: IF  THEN survival_status = {nan}, (p=480, n=0, P=480, N=0)
2026-04-08 11:04:35,074 - INFO - *****STOP GROWING RR RULE*****
2026-04-08 11:04:35,074 - INFO - ***RR NOT FOUND***
2026-04-08 11:04:38,782 - INFO - Iteracja 1: condition_best: age >= 31.50, quality_best: 1.0, coverage_best: (p=371, n=0, P=480, N=0)
2026-04-08 11:04:38,789 - INFO - Regula po iteracji 1: IF pnodes <= 7.50 AND age >= 31.50 THEN survival_status = {2015.0}, (p=371, n=0, P=480, N=0)
2026-04-08 11:04:38,789 - INFO - *****GROWING RR RULE*****
2026-04-08 11:04:52,702 - INFO - Iteracja 0: condition_best: None, quality_best: -inf, coverage_best: (p=0, n=0, P=0, N=0), p_value: 0
2026-04-08 11:04:52,707 - INFO - Regula po iteracji 0: IF  THEN survival_status = {nan}, (p=480, n=0, P=480, N=0)
2026-04-08 11:04:52,707 - INFO - *****STOP GROWING RR RULE*****
2026-04-08 11:04:52,707 - INFO - ***RR NOT FOUND***
2026-04-08 11:04:56,314 - INFO - Iteracja 2: condition_best: estrec >= 5.50, quality_best: 1.0, coverage_best: (p=300, n=0, P=480, N=0)
2026-04-08 11:04:56,321 - INFO - Regula po iteracji 2: IF pnodes <= 7.50 AND age >= 31.50 AND estrec >= 5.50 THEN survival_status = {2018.0}, (p=300, n=0, P=480, N=0)
2026-04-08 11:04:56,322 - INFO - *****GROWING RR RULE*****
2026-04-08 11:05:09,546 - INFO - Iteracja 0: condition_best: None, quality_best: -inf, coverage_best: (p=0, n=0, P=0, N=0), p_value: 0
2026-04-08 11:05:09,551 - INFO - Regula po iteracji 0: IF  THEN survival_status = {nan}, (p=480, n=0, P=480, N=0)
2026-04-08 11:05:09,551 - INFO - *****STOP GROWING RR RULE*****
2026-04-08 11:05:09,551 - INFO - ***RR NOT FOUND***
2026-04-08 11:05:13,169 - INFO - Iteracja 3: condition_best: progrec >= 1.50, quality_best: 1.0, coverage_best: (p=286, n=0, P=480, N=0)
2026-04-08 11:05:13,176 - INFO - Regula po iteracji 3: IF pnodes <= 7.50 AND age >= 31.50 AND estrec >= 5.50 AND progrec >= 1.50 THEN survival_status = {2093.0}, (p=286, n=0, P=480, N=0)
2026-04-08 11:05:13,176 - INFO - *****GROWING RR RULE*****
2026-04-08 11:05:26,230 - INFO - Iteracja 0: condition_best: None, quality_best: -inf, coverage_best: (p=0, n=0, P=0, N=0), p_value: 0
2026-04-08 11:05:26,234 - INFO - Regula po iteracji 0: IF  THEN survival_status = {nan}, (p=480, n=0, P=480, N=0)
2026-04-08 11:05:26,234 - INFO - *****STOP GROWING RR RULE*****
2026-04-08 11:05:26,234 - INFO - ***RR NOT FOUND***
2026-04-08 11:05:29,865 - INFO - Iteracja 4: condition_best: tsize <= 62.50, quality_best: 1.0, coverage_best: (p=284, n=0, P=480, N=0)
2026-04-08 11:05:29,872 - INFO - Regula po iteracji 4: IF pnodes <= 7.50 AND age >= 31.50 AND estrec >= 5.50 AND progrec >= 1.50 AND tsize <= 62.50 THEN survival_status = {2372.0}, (p=284, n=0, P=480, N=0)
2026-04-08 11:05:29,872 - INFO - *****GROWING RR RULE*****
2026-04-08 11:05:42,887 - INFO - Iteracja 0: condition_best: None, quality_best: -inf, coverage_best: (p=0, n=0, P=0, N=0), p_value: 0
2026-04-08 11:05:42,891 - INFO - Regula po iteracji 0: IF  THEN survival_status = {nan}, (p=480, n=0, P=480, N=0)
2026-04-08 11:05:42,891 - INFO - *****STOP GROWING RR RULE*****
2026-04-08 11:05:42,891 - INFO - ***RR NOT FOUND***
2026-04-08 11:05:42,891 - INFO - *******STOP GROWING CR RULE*******
2026-04-08 11:05:42,917 - INFO - *******GROWING CR RULE*******
2026-04-08 11:05:46,705 - INFO - Iteracja 0: condition_best: pnodes <= 7.50, quality_best: 1.0, coverage_best: (p=379, n=0, P=480, N=0)
2026-04-08 11:05:46,711 - INFO - Regula po iteracji 0: IF pnodes <= 7.50 THEN survival_status = {nan}, (p=379, n=0, P=480, N=0)
2026-04-08 11:05:46,711 - INFO - *****GROWING RR RULE*****
2026-04-08 11:06:00,705 - INFO - Iteracja 0: condition_best: None, quality_best: -inf, coverage_best: (p=0, n=0, P=0, N=0), p_value: 0
2026-04-08 11:06:00,710 - INFO - Regula po iteracji 0: IF  THEN survival_status = {nan}, (p=480, n=0, P=480, N=0)
2026-04-08 11:06:00,710 - INFO - *****STOP GROWING RR RULE*****
2026-04-08 11:06:00,710 - INFO - ***RR NOT FOUND***
2026-04-08 11:06:04,314 - INFO - Iteracja 1: condition_best: age >= 28.00, quality_best: 1.0, coverage_best: (p=375, n=0, P=480, N=0)
2026-04-08 11:06:04,321 - INFO - Regula po iteracji 1: IF pnodes <= 7.50 AND age >= 28.00 THEN survival_status = {2015.0}, (p=375, n=0, P=480, N=0)
2026-04-08 11:06:04,322 - INFO - *****GROWING RR RULE*****
2026-04-08 11:06:18,230 - INFO - Iteracja 0: condition_best: None, quality_best: -inf, coverage_best: (p=0, n=0, P=0, N=0), p_value: 0
2026-04-08 11:06:18,235 - INFO - Regula po iteracji 0: IF  THEN survival_status = {nan}, (p=480, n=0, P=480, N=0)
2026-04-08 11:06:18,235 - INFO - *****STOP GROWING RR RULE*****
2026-04-08 11:06:18,235 - INFO - ***RR NOT FOUND***
2026-04-08 11:06:21,900 - INFO - Iteracja 2: condition_best: estrec <= 605.00, quality_best: 1.0, coverage_best: (p=367, n=0, P=480, N=0)
2026-04-08 11:06:21,907 - INFO - Regula po iteracji 2: IF pnodes <= 7.50 AND age >= 28.00 AND estrec <= 605.00 THEN survival_status = {2018.0}, (p=367, n=0, P=480, N=0)
2026-04-08 11:06:21,907 - INFO - *****GROWING RR RULE*****
2026-04-08 11:06:35,690 - INFO - Iteracja 0: condition_best: None, quality_best: -inf, coverage_best: (p=0, n=0, P=0, N=0), p_value: 0
2026-04-08 11:06:35,694 - INFO - Regula po iteracji 0: IF  THEN survival_status = {nan}, (p=480, n=0, P=480, N=0)
2026-04-08 11:06:35,694 - INFO - *****STOP GROWING RR RULE*****
2026-04-08 11:06:35,694 - INFO - ***RR NOT FOUND***
2026-04-08 11:06:39,297 - INFO - Iteracja 3: condition_best: age <= 72.50, quality_best: 1.0, coverage_best: (p=362, n=0, P=480, N=0)
2026-04-08 11:06:39,304 - INFO - Regula po iteracji 3: IF pnodes <= 7.50 AND age >= 28.00 AND estrec <= 605.00 AND age <= 72.50 THEN survival_status = {2018.0}, (p=362, n=0, P=480, N=0)
2026-04-08 11:06:39,304 - INFO - *****GROWING RR RULE*****
2026-04-08 11:06:53,036 - INFO - Iteracja 0: condition_best: age >= 64.50, quality_best: 0.821, coverage_best: (p=62, n=0, P=480, N=0), p_value: 0.938
2026-04-08 11:06:53,043 - INFO - Regula po iteracji 0: IF age >= 64.50 THEN survival_status = {nan}, (p=62, n=0, P=480, N=0)
2026-04-08 11:06:56,789 - INFO - Iteracja 1: condition_best: age <= 78.00, quality_best: 0.822, coverage_best: (p=59, n=0, P=480, N=0), p_value: 0.967
2026-04-08 11:06:56,795 - INFO - Regula po iteracji 1: IF age >= 64.50 AND age <= 78.00 THEN survival_status = {1975.0}, (p=59, n=0, P=480, N=0)
2026-04-08 11:07:00,354 - INFO - Iteracja 2: condition_best: tsize >= 14.50, quality_best: 0.829, coverage_best: (p=57, n=0, P=480, N=0), p_value: 0.998
2026-04-08 11:07:00,360 - INFO - Regula po iteracji 2: IF age >= 64.50 AND age <= 78.00 AND tsize >= 14.50 THEN survival_status = {1975.0}, (p=57, n=0, P=480, N=0)
2026-04-08 11:07:03,832 - INFO - Iteracja 3: condition_best: progrec <= 421.50, quality_best: 0.797, coverage_best: (p=52, n=0, P=480, N=0), p_value: 0.999
2026-04-08 11:07:03,839 - INFO - Regula po iteracji 3: IF age >= 64.50 AND age <= 78.00 AND tsize >= 14.50 AND progrec <= 421.50 THEN survival_status = {1975.0}, (p=52, n=0, P=480, N=0)
2026-04-08 11:07:07,021 - INFO - Iteracja 4: condition_best: None, quality_best: -inf, coverage_best: (p=0, n=0, P=0, N=0), p_value: 0.999
2026-04-08 11:07:07,028 - INFO - Regula po iteracji 4: IF age >= 64.50 AND age <= 78.00 AND tsize >= 14.50 AND progrec <= 421.50 THEN survival_status = {1990.0}, (p=52, n=0, P=480, N=0)
2026-04-08 11:07:07,028 - INFO - *****STOP GROWING RR RULE*****
2026-04-08 11:07:07,028 - INFO - ***RR FOUND***
2026-04-08 11:07:07,028 - INFO - Reference rule: IF age >= 64.50 AND age <= 78.00 AND tsize >= 14.50 THEN survival_status = {1990.0}
2026-04-08 11:07:07,028 - INFO - ***CHECKING EXCEPTION***
2026-04-08 11:07:07,031 - INFO - ER vs CR p_value: 0.025363647439090475
2026-04-08 11:07:07,031 - INFO - ER vs RR p_value: 0.03812853045065867
2026-04-08 11:07:07,052 - INFO - ***ER FOUND***
2026-04-08 11:07:07,052 - INFO - Exception rule: IF pnodes <= 7.50 AND age >= 28.00 AND estrec <= 605.00 AND age <= 72.50 AND age >= 64.50 AND age <= 78.00 AND tsize >= 14.50 THEN survival_status = {inf} (p=33, n=0, P=480, N=0)
2026-04-08 11:07:07,052 - INFO - *******STOP GROWING CR RULE*******
2026-04-08 11:07:07,059 - INFO - *******GROWING CR RULE*******
2026-04-08 11:07:10,835 - INFO - Iteracja 0: condition_best: pnodes >= 7.50, quality_best: 1.0, coverage_best: (p=101, n=0, P=480, N=0)
2026-04-08 11:07:10,842 - INFO - Regula po iteracji 0: IF pnodes >= 7.50 THEN survival_status = {nan}, (p=101, n=0, P=480, N=0)
2026-04-08 11:07:10,842 - INFO - *****GROWING RR RULE*****
2026-04-08 11:07:21,981 - INFO - Iteracja 0: condition_best: progrec <= 20.50, quality_best: 1.0, coverage_best: (p=197, n=0, P=480, N=0), p_value: 0.082
2026-04-08 11:07:21,988 - INFO - Regula po iteracji 0: IF progrec <= 20.50 THEN survival_status = {nan}, (p=197, n=0, P=480, N=0)
2026-04-08 11:07:25,642 - INFO - Iteracja 1: condition_best: age <= 37.50, quality_best: 0.92, coverage_best: (p=17, n=0, P=480, N=0), p_value: 0.698
2026-04-08 11:07:25,648 - INFO - Regula po iteracji 1: IF progrec <= 20.50 AND age <= 37.50 THEN survival_status = {1157.0}, (p=17, n=0, P=480, N=0)
2026-04-08 11:07:26,536 - INFO - Iteracja 2: condition_best: None, quality_best: -inf, coverage_best: (p=0, n=0, P=0, N=0), p_value: 0.698
2026-04-08 11:07:26,542 - INFO - Regula po iteracji 2: IF progrec <= 20.50 AND age <= 37.50 THEN survival_status = {465.0}, (p=17, n=0, P=480, N=0)
2026-04-08 11:07:26,542 - INFO - *****STOP GROWING RR RULE*****
2026-04-08 11:07:26,542 - INFO - ***RR FOUND***
2026-04-08 11:07:26,542 - INFO - Reference rule: IF progrec <= 20.50 THEN survival_status = {465.0}
2026-04-08 11:07:26,542 - INFO - ***CHECKING EXCEPTION***
2026-04-08 11:07:26,545 - INFO - ER vs CR p_value: 0.034042669836701234
2026-04-08 11:07:26,545 - INFO - ER vs RR p_value: 0.000265977932863537
2026-04-08 11:07:26,565 - INFO - ***ER FOUND***
2026-04-08 11:07:26,565 - INFO - Exception rule: IF pnodes >= 7.50 AND progrec <= 20.50 THEN survival_status = {595.0} (p=56, n=0, P=480, N=0)
2026-04-08 11:07:26,565 - INFO - *******STOP GROWING CR RULE*******
2026-04-08 11:07:26,571 - INFO - *******GROWING CR RULE*******
2026-04-08 11:07:30,003 - INFO - Iteracja 0: condition_best: pnodes <= 7.50, quality_best: 1.0, coverage_best: (p=379, n=0, P=480, N=0)
2026-04-08 11:07:30,009 - INFO - Regula po iteracji 0: IF pnodes <= 7.50 THEN survival_status = {nan}, (p=379, n=0, P=480, N=0)
2026-04-08 11:07:30,009 - INFO - *****GROWING RR RULE*****
2026-04-08 11:07:43,962 - INFO - Iteracja 0: condition_best: None, quality_best: -inf, coverage_best: (p=0, n=0, P=0, N=0), p_value: 0
2026-04-08 11:07:43,967 - INFO - Regula po iteracji 0: IF  THEN survival_status = {nan}, (p=480, n=0, P=480, N=0)
2026-04-08 11:07:43,967 - INFO - *****STOP GROWING RR RULE*****
2026-04-08 11:07:43,967 - INFO - ***RR NOT FOUND***
2026-04-08 11:07:47,208 - INFO - Iteracja 1: condition_best: age >= 32.50, quality_best: 1.0, coverage_best: (p=369, n=0, P=480, N=0)
2026-04-08 11:07:47,214 - INFO - Regula po iteracji 1: IF pnodes <= 7.50 AND age >= 32.50 THEN survival_status = {2015.0}, (p=369, n=0, P=480, N=0)
2026-04-08 11:07:47,215 - INFO - *****GROWING RR RULE*****
2026-04-08 11:08:01,059 - INFO - Iteracja 0: condition_best: None, quality_best: -inf, coverage_best: (p=0, n=0, P=0, N=0), p_value: 0
2026-04-08 11:08:01,063 - INFO - Regula po iteracji 0: IF  THEN survival_status = {nan}, (p=480, n=0, P=480, N=0)
2026-04-08 11:08:01,063 - INFO - *****STOP GROWING RR RULE*****
2026-04-08 11:08:01,063 - INFO - ***RR NOT FOUND***
2026-04-08 11:08:04,329 - INFO - Iteracja 2: condition_best: estrec >= 5.50, quality_best: 1.0, coverage_best: (p=298, n=0, P=480, N=0)
2026-04-08 11:08:04,336 - INFO - Regula po iteracji 2: IF pnodes <= 7.50 AND age >= 32.50 AND estrec >= 5.50 THEN survival_status = {2018.0}, (p=298, n=0, P=480, N=0)
2026-04-08 11:08:04,336 - INFO - *****GROWING RR RULE*****
2026-04-08 11:08:17,559 - INFO - Iteracja 0: condition_best: None, quality_best: -inf, coverage_best: (p=0, n=0, P=0, N=0), p_value: 0
2026-04-08 11:08:17,564 - INFO - Regula po iteracji 0: IF  THEN survival_status = {nan}, (p=480, n=0, P=480, N=0)
2026-04-08 11:08:17,564 - INFO - *****STOP GROWING RR RULE*****
2026-04-08 11:08:17,564 - INFO - ***RR NOT FOUND***
2026-04-08 11:08:20,851 - INFO - Iteracja 3: condition_best: progrec >= 1.50, quality_best: 1.0, coverage_best: (p=284, n=0, P=480, N=0)
2026-04-08 11:08:20,858 - INFO - Regula po iteracji 3: IF pnodes <= 7.50 AND age >= 32.50 AND estrec >= 5.50 AND progrec >= 1.50 THEN survival_status = {2093.0}, (p=284, n=0, P=480, N=0)
2026-04-08 11:08:20,858 - INFO - *****GROWING RR RULE*****
2026-04-08 11:08:34,072 - INFO - Iteracja 0: condition_best: None, quality_best: -inf, coverage_best: (p=0, n=0, P=0, N=0), p_value: 0
2026-04-08 11:08:34,077 - INFO - Regula po iteracji 0: IF  THEN survival_status = {nan}, (p=480, n=0, P=480, N=0)
2026-04-08 11:08:34,077 - INFO - *****STOP GROWING RR RULE*****
2026-04-08 11:08:34,077 - INFO - ***RR NOT FOUND***
2026-04-08 11:08:37,386 - INFO - Iteracja 4: condition_best: estrec <= 605.00, quality_best: 1.0, coverage_best: (p=276, n=0, P=480, N=0)
2026-04-08 11:08:37,393 - INFO - Regula po iteracji 4: IF pnodes <= 7.50 AND age >= 32.50 AND estrec >= 5.50 AND progrec >= 1.50 AND estrec <= 605.00 THEN survival_status = {2372.0}, (p=276, n=0, P=480, N=0)
2026-04-08 11:08:37,393 - INFO - *****GROWING RR RULE*****
2026-04-08 11:08:50,324 - INFO - Iteracja 0: condition_best: None, quality_best: -inf, coverage_best: (p=0, n=0, P=0, N=0), p_value: 0
2026-04-08 11:08:50,329 - INFO - Regula po iteracji 0: IF  THEN survival_status = {nan}, (p=480, n=0, P=480, N=0)
2026-04-08 11:08:50,329 - INFO - *****STOP GROWING RR RULE*****
2026-04-08 11:08:50,329 - INFO - ***RR NOT FOUND***
2026-04-08 11:08:50,329 - INFO - *******STOP GROWING CR RULE*******
2026-04-08 11:08:55,280 - INFO - ************************Finished experiment for 19_GBSG2.arff with algorithm_log_rank_with_exceptions************************
2026-04-08 11:08:55,280 - INFO - *************************************************************************************************************************
2026-04-08 11:08:55,280 - INFO - *************************************************************************************************************************
2026-04-08 11:08:55,280 - INFO - *************************************************************************************************************************
2026-04-08 11:08:55,281 - INFO - **********Starting experiment for 19_GBSG2.arff with survival_tree**********
2026-04-08 11:08:55,362 - INFO - ************************Finished experiment for 19_GBSG2.arff with survival_tree************************
2026-04-08 11:08:55,362 - INFO - *************************************************************************************************************************
2026-04-08 11:08:55,362 - INFO - *************************************************************************************************************************
2026-04-08 11:08:55,362 - INFO - *************************************************************************************************************************
