2026-04-14 12:17:49,575 - INFO - **********Starting experiment for kidney.arff with algorithm**********
2026-04-14 12:17:49,578 - INFO - *******GROWING CR RULE*******
2026-04-14 12:17:49,591 - INFO - Iteracja 0: condition_best: time >= 136.50, quality_best: 0.631, coverage_best: (p=20, n=1, P=46, N=30)
2026-04-14 12:17:49,591 - INFO - Regula po iteracji 0: IF time >= 136.50 THEN class = {0.73} [0.18, 1.29], (p=20, n=1, P=46, N=30)
2026-04-14 12:17:49,592 - INFO - *****GROWING RR RULE*****
2026-04-14 12:17:49,608 - INFO - Iteracja 0: condition_best: None, quality_best: -inf, coverage_best: (p=0, n=0, P=0, N=0), p_value: 0
2026-04-14 12:17:49,608 - INFO - Regula po iteracji 0: IF  THEN class = {1.18} [0.50, 1.87], (p=56, n=20, P=56, N=20)
2026-04-14 12:17:49,608 - INFO - *****STOP GROWING RR RULE*****
2026-04-14 12:17:49,608 - INFO - ***RR NOT FOUND***
2026-04-14 12:17:49,612 - INFO - Iteracja 1: condition_best: time >= 145.00, quality_best: 0.617, coverage_best: (p=19, n=1, P=46, N=30)
2026-04-14 12:17:49,612 - INFO - Regula po iteracji 1: IF time >= 136.50 AND time >= 145.00 THEN class = {0.71} [0.15, 1.27], (p=19, n=1, P=46, N=30)
2026-04-14 12:17:49,613 - INFO - *****GROWING RR RULE*****
2026-04-14 12:17:49,629 - INFO - Iteracja 0: condition_best: None, quality_best: -inf, coverage_best: (p=0, n=0, P=0, N=0), p_value: 0
2026-04-14 12:17:49,629 - INFO - Regula po iteracji 0: IF  THEN class = {1.18} [0.50, 1.87], (p=56, n=20, P=56, N=20)
2026-04-14 12:17:49,629 - INFO - *****STOP GROWING RR RULE*****
2026-04-14 12:17:49,629 - INFO - ***RR NOT FOUND***
2026-04-14 12:17:49,633 - INFO - Iteracja 2: condition_best: time <= 549.00, quality_best: 0.603, coverage_best: (p=18, n=1, P=46, N=30)
2026-04-14 12:17:49,633 - INFO - Regula po iteracji 2: IF time >= 136.50 AND time >= 145.00 AND time <= 549.00 THEN class = {0.74} [0.18, 1.29], (p=18, n=1, P=46, N=30)
2026-04-14 12:17:49,633 - INFO - *****GROWING RR RULE*****
2026-04-14 12:17:49,650 - INFO - Iteracja 0: condition_best: None, quality_best: -inf, coverage_best: (p=0, n=0, P=0, N=0), p_value: 0
2026-04-14 12:17:49,650 - INFO - Regula po iteracji 0: IF  THEN class = {1.18} [0.50, 1.87], (p=56, n=20, P=56, N=20)
2026-04-14 12:17:49,650 - INFO - *****STOP GROWING RR RULE*****
2026-04-14 12:17:49,650 - INFO - ***RR NOT FOUND***
2026-04-14 12:17:49,653 - INFO - Iteracja 3: condition_best: time >= 157.50, quality_best: 0.593, coverage_best: (p=12, n=2, P=24, N=52)
2026-04-14 12:17:49,653 - INFO - Regula po iteracji 3: IF time >= 136.50 AND time >= 145.00 AND time <= 549.00 AND time >= 157.50 THEN class = {0.64} [0.46, 0.82], (p=12, n=2, P=24, N=52)
2026-04-14 12:17:49,654 - INFO - *****GROWING RR RULE*****
2026-04-14 12:17:49,670 - INFO - Iteracja 0: condition_best: None, quality_best: -inf, coverage_best: (p=0, n=0, P=0, N=0), p_value: 0
2026-04-14 12:17:49,670 - INFO - Regula po iteracji 0: IF  THEN class = {1.18} [0.50, 1.87], (p=56, n=20, P=56, N=20)
2026-04-14 12:17:49,670 - INFO - *****STOP GROWING RR RULE*****
2026-04-14 12:17:49,670 - INFO - ***RR NOT FOUND***
2026-04-14 12:17:49,673 - INFO - Iteracja 4: condition_best: time <= 523.50, quality_best: 0.666, coverage_best: (p=12, n=1, P=24, N=52)
2026-04-14 12:17:49,673 - INFO - Regula po iteracji 4: IF time >= 136.50 AND time >= 145.00 AND time <= 549.00 AND time >= 157.50 AND time <= 523.50 THEN class = {0.66} [0.49, 0.83], (p=12, n=1, P=24, N=52)
2026-04-14 12:17:49,674 - INFO - *****GROWING RR RULE*****
2026-04-14 12:17:49,690 - INFO - Iteracja 0: condition_best: None, quality_best: -inf, coverage_best: (p=0, n=0, P=0, N=0), p_value: 0
2026-04-14 12:17:49,690 - INFO - Regula po iteracji 0: IF  THEN class = {1.18} [0.50, 1.87], (p=56, n=20, P=56, N=20)
2026-04-14 12:17:49,690 - INFO - *****STOP GROWING RR RULE*****
2026-04-14 12:17:49,690 - INFO - ***RR NOT FOUND***
2026-04-14 12:17:49,690 - INFO - *******STOP GROWING CR RULE*******
2026-04-14 12:17:49,691 - INFO - *******GROWING CR RULE*******
2026-04-14 12:17:49,700 - INFO - Iteracja 0: condition_best: time >= 136.50, quality_best: 0.631, coverage_best: (p=20, n=1, P=46, N=30)
2026-04-14 12:17:49,700 - INFO - Regula po iteracji 0: IF time >= 136.50 THEN class = {0.73} [0.18, 1.29], (p=20, n=1, P=46, N=30)
2026-04-14 12:17:49,700 - INFO - *****GROWING RR RULE*****
2026-04-14 12:17:49,716 - INFO - Iteracja 0: condition_best: None, quality_best: -inf, coverage_best: (p=0, n=0, P=0, N=0), p_value: 0
2026-04-14 12:17:49,716 - INFO - Regula po iteracji 0: IF  THEN class = {1.18} [0.50, 1.87], (p=56, n=20, P=56, N=20)
2026-04-14 12:17:49,716 - INFO - *****STOP GROWING RR RULE*****
2026-04-14 12:17:49,716 - INFO - ***RR NOT FOUND***
2026-04-14 12:17:49,720 - INFO - Iteracja 1: condition_best: time >= 145.00, quality_best: 0.617, coverage_best: (p=19, n=1, P=46, N=30)
2026-04-14 12:17:49,720 - INFO - Regula po iteracji 1: IF time >= 136.50 AND time >= 145.00 THEN class = {0.71} [0.15, 1.27], (p=19, n=1, P=46, N=30)
2026-04-14 12:17:49,720 - INFO - *****GROWING RR RULE*****
2026-04-14 12:17:49,736 - INFO - Iteracja 0: condition_best: None, quality_best: -inf, coverage_best: (p=0, n=0, P=0, N=0), p_value: 0
2026-04-14 12:17:49,736 - INFO - Regula po iteracji 0: IF  THEN class = {1.18} [0.50, 1.87], (p=56, n=20, P=56, N=20)
2026-04-14 12:17:49,736 - INFO - *****STOP GROWING RR RULE*****
2026-04-14 12:17:49,736 - INFO - ***RR NOT FOUND***
2026-04-14 12:17:49,740 - INFO - Iteracja 2: condition_best: time <= 549.00, quality_best: 0.603, coverage_best: (p=18, n=1, P=46, N=30)
2026-04-14 12:17:49,740 - INFO - Regula po iteracji 2: IF time >= 136.50 AND time >= 145.00 AND time <= 549.00 THEN class = {0.74} [0.18, 1.29], (p=18, n=1, P=46, N=30)
2026-04-14 12:17:49,740 - INFO - *****GROWING RR RULE*****
2026-04-14 12:17:49,756 - INFO - Iteracja 0: condition_best: None, quality_best: -inf, coverage_best: (p=0, n=0, P=0, N=0), p_value: 0
2026-04-14 12:17:49,756 - INFO - Regula po iteracji 0: IF  THEN class = {1.18} [0.50, 1.87], (p=56, n=20, P=56, N=20)
2026-04-14 12:17:49,757 - INFO - *****STOP GROWING RR RULE*****
2026-04-14 12:17:49,757 - INFO - ***RR NOT FOUND***
2026-04-14 12:17:49,760 - INFO - Iteracja 3: condition_best: age >= 13.50, quality_best: 0.588, coverage_best: (p=17, n=1, P=46, N=30)
2026-04-14 12:17:49,760 - INFO - Regula po iteracji 3: IF time >= 136.50 AND time >= 145.00 AND time <= 549.00 AND age >= 13.50 THEN class = {0.72} [0.15, 1.28], (p=17, n=1, P=46, N=30)
2026-04-14 12:17:49,760 - INFO - *****GROWING RR RULE*****
2026-04-14 12:17:49,777 - INFO - Iteracja 0: condition_best: None, quality_best: -inf, coverage_best: (p=0, n=0, P=0, N=0), p_value: 0
2026-04-14 12:17:49,777 - INFO - Regula po iteracji 0: IF  THEN class = {1.18} [0.50, 1.87], (p=56, n=20, P=56, N=20)
2026-04-14 12:17:49,777 - INFO - *****STOP GROWING RR RULE*****
2026-04-14 12:17:49,777 - INFO - ***RR NOT FOUND***
2026-04-14 12:17:49,780 - INFO - Iteracja 4: condition_best: age <= 64.50, quality_best: 0.573, coverage_best: (p=16, n=1, P=46, N=30)
2026-04-14 12:17:49,780 - INFO - Regula po iteracji 4: IF time >= 136.50 AND time >= 145.00 AND time <= 549.00 AND age >= 13.50 AND age <= 64.50 THEN class = {0.72} [0.14, 1.30], (p=16, n=1, P=46, N=30)
2026-04-14 12:17:49,781 - INFO - *****GROWING RR RULE*****
2026-04-14 12:17:49,797 - INFO - Iteracja 0: condition_best: None, quality_best: -inf, coverage_best: (p=0, n=0, P=0, N=0), p_value: 0
2026-04-14 12:17:49,797 - INFO - Regula po iteracji 0: IF  THEN class = {1.18} [0.50, 1.87], (p=56, n=20, P=56, N=20)
2026-04-14 12:17:49,797 - INFO - *****STOP GROWING RR RULE*****
2026-04-14 12:17:49,797 - INFO - ***RR NOT FOUND***
2026-04-14 12:17:49,797 - INFO - *******STOP GROWING CR RULE*******
2026-04-14 12:17:49,798 - INFO - *******GROWING CR RULE*******
2026-04-14 12:17:49,806 - INFO - Iteracja 0: condition_best: time >= 124.50, quality_best: 0.368, coverage_best: (p=19, n=4, P=48, N=28)
2026-04-14 12:17:49,806 - INFO - Regula po iteracji 0: IF time >= 124.50 THEN class = {0.78} [0.23, 1.34], (p=19, n=4, P=48, N=28)
2026-04-14 12:17:49,806 - INFO - *****GROWING RR RULE*****
2026-04-14 12:17:49,822 - INFO - Iteracja 0: condition_best: None, quality_best: -inf, coverage_best: (p=0, n=0, P=0, N=0), p_value: 0
2026-04-14 12:17:49,822 - INFO - Regula po iteracji 0: IF  THEN class = {1.18} [0.50, 1.87], (p=56, n=20, P=56, N=20)
2026-04-14 12:17:49,823 - INFO - *****STOP GROWING RR RULE*****
2026-04-14 12:17:49,823 - INFO - ***RR NOT FOUND***
2026-04-14 12:17:49,826 - INFO - Iteracja 1: condition_best: age <= 59.00, quality_best: 0.481, coverage_best: (p=18, n=2, P=50, N=26)
2026-04-14 12:17:49,827 - INFO - Regula po iteracji 1: IF time >= 124.50 AND age <= 59.00 THEN class = {0.78} [0.19, 1.38], (p=18, n=2, P=50, N=26)
2026-04-14 12:17:49,827 - INFO - *****GROWING RR RULE*****
2026-04-14 12:17:49,843 - INFO - Iteracja 0: condition_best: None, quality_best: -inf, coverage_best: (p=0, n=0, P=0, N=0), p_value: 0
2026-04-14 12:17:49,843 - INFO - Regula po iteracji 0: IF  THEN class = {1.18} [0.50, 1.87], (p=56, n=20, P=56, N=20)
2026-04-14 12:17:49,843 - INFO - *****STOP GROWING RR RULE*****
2026-04-14 12:17:49,843 - INFO - ***RR NOT FOUND***
2026-04-14 12:17:49,847 - INFO - Iteracja 2: condition_best: age <= 57.50, quality_best: 0.442, coverage_best: (p=17, n=2, P=52, N=24)
2026-04-14 12:17:49,847 - INFO - Regula po iteracji 2: IF time >= 124.50 AND age <= 59.00 AND age <= 57.50 THEN class = {0.80} [0.19, 1.41], (p=17, n=2, P=52, N=24)
2026-04-14 12:17:49,847 - INFO - *****GROWING RR RULE*****
2026-04-14 12:17:49,867 - INFO - Iteracja 0: condition_best: None, quality_best: -inf, coverage_best: (p=0, n=0, P=0, N=0), p_value: 0
2026-04-14 12:17:49,867 - INFO - Regula po iteracji 0: IF  THEN class = {1.18} [0.50, 1.87], (p=56, n=20, P=56, N=20)
2026-04-14 12:17:49,867 - INFO - *****STOP GROWING RR RULE*****
2026-04-14 12:17:49,867 - INFO - ***RR NOT FOUND***
2026-04-14 12:17:49,871 - INFO - Iteracja 3: condition_best: age <= 56.00, quality_best: 0.221, coverage_best: (p=11, n=7, P=32, N=44)
2026-04-14 12:17:49,871 - INFO - Regula po iteracji 3: IF time >= 124.50 AND age <= 59.00 AND age <= 57.50 AND age <= 56.00 THEN class = {0.68} [0.32, 1.04], (p=11, n=7, P=32, N=44)
2026-04-14 12:17:49,871 - INFO - *****GROWING RR RULE*****
2026-04-14 12:17:49,887 - INFO - Iteracja 0: condition_best: None, quality_best: -inf, coverage_best: (p=0, n=0, P=0, N=0), p_value: 0
2026-04-14 12:17:49,887 - INFO - Regula po iteracji 0: IF  THEN class = {1.18} [0.50, 1.87], (p=56, n=20, P=56, N=20)
2026-04-14 12:17:49,888 - INFO - *****STOP GROWING RR RULE*****
2026-04-14 12:17:49,888 - INFO - ***RR NOT FOUND***
2026-04-14 12:17:49,891 - INFO - Iteracja 4: condition_best: age <= 54.50, quality_best: 0.19, coverage_best: (p=10, n=7, P=32, N=44)
2026-04-14 12:17:49,891 - INFO - Regula po iteracji 4: IF time >= 124.50 AND age <= 59.00 AND age <= 57.50 AND age <= 56.00 AND age <= 54.50 THEN class = {0.69} [0.33, 1.06], (p=10, n=7, P=32, N=44)
2026-04-14 12:17:49,891 - INFO - *****GROWING RR RULE*****
2026-04-14 12:17:49,909 - INFO - Iteracja 0: condition_best: None, quality_best: -inf, coverage_best: (p=0, n=0, P=0, N=0), p_value: 0
2026-04-14 12:17:49,909 - INFO - Regula po iteracji 0: IF  THEN class = {1.18} [0.50, 1.87], (p=56, n=20, P=56, N=20)
2026-04-14 12:17:49,909 - INFO - *****STOP GROWING RR RULE*****
2026-04-14 12:17:49,909 - INFO - ***RR NOT FOUND***
2026-04-14 12:17:49,909 - INFO - *******STOP GROWING CR RULE*******
2026-04-14 12:17:49,910 - INFO - *******GROWING CR RULE*******
2026-04-14 12:17:49,919 - INFO - Iteracja 0: condition_best: time >= 87.00, quality_best: 0.349, coverage_best: (p=23, n=5, P=50, N=26)
2026-04-14 12:17:49,919 - INFO - Regula po iteracji 0: IF time >= 87.00 THEN class = {0.86} [0.28, 1.45], (p=23, n=5, P=50, N=26)
2026-04-14 12:17:49,919 - INFO - *****GROWING RR RULE*****
2026-04-14 12:17:49,938 - INFO - Iteracja 0: condition_best: None, quality_best: -inf, coverage_best: (p=0, n=0, P=0, N=0), p_value: 0
2026-04-14 12:17:49,938 - INFO - Regula po iteracji 0: IF  THEN class = {1.18} [0.50, 1.87], (p=56, n=20, P=56, N=20)
2026-04-14 12:17:49,938 - INFO - *****STOP GROWING RR RULE*****
2026-04-14 12:17:49,938 - INFO - ***RR NOT FOUND***
2026-04-14 12:17:49,943 - INFO - Iteracja 1: condition_best: sex = {2}, quality_best: 0.491, coverage_best: (p=23, n=2, P=56, N=20)
2026-04-14 12:17:49,943 - INFO - Regula po iteracji 1: IF time >= 87.00 AND sex = {2} THEN class = {0.94} [0.36, 1.52], (p=23, n=2, P=56, N=20)
2026-04-14 12:17:49,943 - INFO - *****GROWING RR RULE*****
2026-04-14 12:17:49,959 - INFO - Iteracja 0: condition_best: None, quality_best: -inf, coverage_best: (p=0, n=0, P=0, N=0), p_value: 0
2026-04-14 12:17:49,959 - INFO - Regula po iteracji 0: IF  THEN class = {1.18} [0.50, 1.87], (p=56, n=20, P=56, N=20)
2026-04-14 12:17:49,959 - INFO - *****STOP GROWING RR RULE*****
2026-04-14 12:17:49,959 - INFO - ***RR NOT FOUND***
2026-04-14 12:17:49,963 - INFO - Iteracja 2: condition_best: time <= 523.50, quality_best: 0.476, coverage_best: (p=22, n=2, P=56, N=20)
2026-04-14 12:17:49,964 - INFO - Regula po iteracji 2: IF time >= 87.00 AND sex = {2} AND time <= 523.50 THEN class = {0.96} [0.38, 1.54], (p=22, n=2, P=56, N=20)
2026-04-14 12:17:49,964 - INFO - *****GROWING RR RULE*****
2026-04-14 12:17:49,980 - INFO - Iteracja 0: condition_best: None, quality_best: -inf, coverage_best: (p=0, n=0, P=0, N=0), p_value: 0
2026-04-14 12:17:49,980 - INFO - Regula po iteracji 0: IF  THEN class = {1.18} [0.50, 1.87], (p=56, n=20, P=56, N=20)
2026-04-14 12:17:49,980 - INFO - *****STOP GROWING RR RULE*****
2026-04-14 12:17:49,980 - INFO - ***RR NOT FOUND***
2026-04-14 12:17:49,984 - INFO - Iteracja 3: condition_best: time <= 479.00, quality_best: 0.46, coverage_best: (p=21, n=2, P=56, N=20)
2026-04-14 12:17:49,984 - INFO - Regula po iteracji 3: IF time >= 87.00 AND sex = {2} AND time <= 523.50 AND time <= 479.00 THEN class = {0.98} [0.39, 1.56], (p=21, n=2, P=56, N=20)
2026-04-14 12:17:49,985 - INFO - *****GROWING RR RULE*****
2026-04-14 12:17:50,001 - INFO - Iteracja 0: condition_best: None, quality_best: -inf, coverage_best: (p=0, n=0, P=0, N=0), p_value: 0
2026-04-14 12:17:50,001 - INFO - Regula po iteracji 0: IF  THEN class = {1.18} [0.50, 1.87], (p=56, n=20, P=56, N=20)
2026-04-14 12:17:50,001 - INFO - *****STOP GROWING RR RULE*****
2026-04-14 12:17:50,001 - INFO - ***RR NOT FOUND***
2026-04-14 12:17:50,005 - INFO - Iteracja 4: condition_best: age <= 64.50, quality_best: 0.444, coverage_best: (p=20, n=2, P=56, N=20)
2026-04-14 12:17:50,005 - INFO - Regula po iteracji 4: IF time >= 87.00 AND sex = {2} AND time <= 523.50 AND time <= 479.00 AND age <= 64.50 THEN class = {0.99} [0.40, 1.59], (p=20, n=2, P=56, N=20)
2026-04-14 12:17:50,005 - INFO - *****GROWING RR RULE*****
2026-04-14 12:17:50,021 - INFO - Iteracja 0: condition_best: None, quality_best: -inf, coverage_best: (p=0, n=0, P=0, N=0), p_value: 0
2026-04-14 12:17:50,021 - INFO - Regula po iteracji 0: IF  THEN class = {1.18} [0.50, 1.87], (p=56, n=20, P=56, N=20)
2026-04-14 12:17:50,022 - INFO - *****STOP GROWING RR RULE*****
2026-04-14 12:17:50,022 - INFO - ***RR NOT FOUND***
2026-04-14 12:17:50,022 - INFO - *******STOP GROWING CR RULE*******
2026-04-14 12:17:50,022 - INFO - *******GROWING CR RULE*******
2026-04-14 12:17:50,031 - INFO - Iteracja 0: condition_best: age <= 45.50, quality_best: 0.343, coverage_best: (p=28, n=10, P=42, N=34)
2026-04-14 12:17:50,031 - INFO - Regula po iteracji 0: IF age <= 45.50 THEN class = {1.04} [0.51, 1.57], (p=28, n=10, P=42, N=34)
2026-04-14 12:17:50,031 - INFO - *****GROWING RR RULE*****
2026-04-14 12:17:50,047 - INFO - Iteracja 0: condition_best: None, quality_best: -inf, coverage_best: (p=0, n=0, P=0, N=0), p_value: 0
2026-04-14 12:17:50,047 - INFO - Regula po iteracji 0: IF  THEN class = {1.18} [0.50, 1.87], (p=56, n=20, P=56, N=20)
2026-04-14 12:17:50,047 - INFO - *****STOP GROWING RR RULE*****
2026-04-14 12:17:50,047 - INFO - ***RR NOT FOUND***
2026-04-14 12:17:50,052 - INFO - Iteracja 1: condition_best: age >= 42.50, quality_best: 0.571, coverage_best: (p=9, n=2, P=18, N=58)
2026-04-14 12:17:50,052 - INFO - Regula po iteracji 1: IF age <= 45.50 AND age >= 42.50 THEN class = {0.84} [0.59, 1.08], (p=9, n=2, P=18, N=58)
2026-04-14 12:17:50,053 - INFO - *****GROWING RR RULE*****
2026-04-14 12:17:50,068 - INFO - Iteracja 0: condition_best: None, quality_best: -inf, coverage_best: (p=0, n=0, P=0, N=0), p_value: 0
2026-04-14 12:17:50,069 - INFO - Regula po iteracji 0: IF  THEN class = {1.18} [0.50, 1.87], (p=56, n=20, P=56, N=20)
2026-04-14 12:17:50,069 - INFO - *****STOP GROWING RR RULE*****
2026-04-14 12:17:50,069 - INFO - ***RR NOT FOUND***
2026-04-14 12:17:50,071 - INFO - Iteracja 2: condition_best: time <= 77.00, quality_best: 0.499, coverage_best: (p=5, n=1, P=18, N=58)
2026-04-14 12:17:50,071 - INFO - Regula po iteracji 2: IF age <= 45.50 AND age >= 42.50 AND time <= 77.00 THEN class = {0.83} [0.59, 1.08], (p=5, n=1, P=18, N=58)
2026-04-14 12:17:50,071 - INFO - *****GROWING RR RULE*****
2026-04-14 12:17:50,087 - INFO - Iteracja 0: condition_best: None, quality_best: -inf, coverage_best: (p=0, n=0, P=0, N=0), p_value: 0
2026-04-14 12:17:50,087 - INFO - Regula po iteracji 0: IF  THEN class = {1.18} [0.50, 1.87], (p=56, n=20, P=56, N=20)
2026-04-14 12:17:50,087 - INFO - *****STOP GROWING RR RULE*****
2026-04-14 12:17:50,087 - INFO - ***RR NOT FOUND***
2026-04-14 12:17:50,089 - INFO - Iteracja 3: condition_best: time <= 43.00, quality_best: 0.451, coverage_best: (p=4, n=1, P=18, N=58)
2026-04-14 12:17:50,089 - INFO - Regula po iteracji 3: IF age <= 45.50 AND age >= 42.50 AND time <= 77.00 AND time <= 43.00 THEN class = {0.80} [0.55, 1.05], (p=4, n=1, P=18, N=58)
2026-04-14 12:17:50,089 - INFO - *****GROWING RR RULE*****
2026-04-14 12:17:50,105 - INFO - Iteracja 0: condition_best: None, quality_best: -inf, coverage_best: (p=0, n=0, P=0, N=0), p_value: 0
2026-04-14 12:17:50,105 - INFO - Regula po iteracji 0: IF  THEN class = {1.18} [0.50, 1.87], (p=56, n=20, P=56, N=20)
2026-04-14 12:17:50,105 - INFO - *****STOP GROWING RR RULE*****
2026-04-14 12:17:50,105 - INFO - ***RR NOT FOUND***
2026-04-14 12:17:50,107 - INFO - Iteracja 4: condition_best: None, quality_best: -inf, coverage_best: (p=0, n=0, P=0, N=0)
2026-04-14 12:17:50,107 - INFO - Regula po iteracji 4: IF age <= 45.50 AND age >= 42.50 AND time <= 77.00 AND time <= 43.00 THEN class = {0.80} [0.55, 1.05], (p=4, n=1, P=18, N=58)
2026-04-14 12:17:50,107 - INFO - *******STOP GROWING CR RULE*******
2026-04-14 12:17:50,107 - INFO - *******GROWING CR RULE*******
2026-04-14 12:17:50,116 - INFO - Iteracja 0: condition_best: age <= 45.50, quality_best: 0.343, coverage_best: (p=28, n=10, P=42, N=34)
2026-04-14 12:17:50,116 - INFO - Regula po iteracji 0: IF age <= 45.50 THEN class = {1.04} [0.51, 1.57], (p=28, n=10, P=42, N=34)
2026-04-14 12:17:50,116 - INFO - *****GROWING RR RULE*****
2026-04-14 12:17:50,132 - INFO - Iteracja 0: condition_best: None, quality_best: -inf, coverage_best: (p=0, n=0, P=0, N=0), p_value: 0
2026-04-14 12:17:50,132 - INFO - Regula po iteracji 0: IF  THEN class = {1.18} [0.50, 1.87], (p=56, n=20, P=56, N=20)
2026-04-14 12:17:50,132 - INFO - *****STOP GROWING RR RULE*****
2026-04-14 12:17:50,132 - INFO - ***RR NOT FOUND***
2026-04-14 12:17:50,137 - INFO - Iteracja 1: condition_best: age >= 38.50, quality_best: 0.56, coverage_best: (p=12, n=4, P=18, N=58)
2026-04-14 12:17:50,137 - INFO - Regula po iteracji 1: IF age <= 45.50 AND age >= 38.50 THEN class = {0.78} [0.52, 1.03], (p=12, n=4, P=18, N=58)
2026-04-14 12:17:50,137 - INFO - *****GROWING RR RULE*****
2026-04-14 12:17:50,153 - INFO - Iteracja 0: condition_best: None, quality_best: -inf, coverage_best: (p=0, n=0, P=0, N=0), p_value: 0
2026-04-14 12:17:50,153 - INFO - Regula po iteracji 0: IF  THEN class = {1.18} [0.50, 1.87], (p=56, n=20, P=56, N=20)
2026-04-14 12:17:50,153 - INFO - *****STOP GROWING RR RULE*****
2026-04-14 12:17:50,153 - INFO - ***RR NOT FOUND***
2026-04-14 12:17:50,156 - INFO - Iteracja 2: condition_best: time <= 89.00, quality_best: 0.533, coverage_best: (p=8, n=2, P=18, N=58)
2026-04-14 12:17:50,156 - INFO - Regula po iteracji 2: IF age <= 45.50 AND age >= 38.50 AND time <= 89.00 THEN class = {0.78} [0.54, 1.02], (p=8, n=2, P=18, N=58)
2026-04-14 12:17:50,156 - INFO - *****GROWING RR RULE*****
2026-04-14 12:17:50,172 - INFO - Iteracja 0: condition_best: None, quality_best: -inf, coverage_best: (p=0, n=0, P=0, N=0), p_value: 0
2026-04-14 12:17:50,172 - INFO - Regula po iteracji 0: IF  THEN class = {1.18} [0.50, 1.87], (p=56, n=20, P=56, N=20)
2026-04-14 12:17:50,172 - INFO - *****STOP GROWING RR RULE*****
2026-04-14 12:17:50,172 - INFO - ***RR NOT FOUND***
2026-04-14 12:17:50,174 - INFO - Iteracja 3: condition_best: time >= 6.00, quality_best: 0.492, coverage_best: (p=7, n=2, P=18, N=58)
2026-04-14 12:17:50,174 - INFO - Regula po iteracji 3: IF age <= 45.50 AND age >= 38.50 AND time <= 89.00 AND time >= 6.00 THEN class = {0.79} [0.54, 1.04], (p=7, n=2, P=18, N=58)
2026-04-14 12:17:50,174 - INFO - *****GROWING RR RULE*****
2026-04-14 12:17:50,190 - INFO - Iteracja 0: condition_best: None, quality_best: -inf, coverage_best: (p=0, n=0, P=0, N=0), p_value: 0
2026-04-14 12:17:50,191 - INFO - Regula po iteracji 0: IF  THEN class = {1.18} [0.50, 1.87], (p=56, n=20, P=56, N=20)
2026-04-14 12:17:50,191 - INFO - *****STOP GROWING RR RULE*****
2026-04-14 12:17:50,191 - INFO - ***RR NOT FOUND***
2026-04-14 12:17:50,192 - INFO - Iteracja 4: condition_best: time >= 9.50, quality_best: 0.448, coverage_best: (p=6, n=2, P=18, N=58)
2026-04-14 12:17:50,192 - INFO - Regula po iteracji 4: IF age <= 45.50 AND age >= 38.50 AND time <= 89.00 AND time >= 6.00 AND time >= 9.50 THEN class = {0.81} [0.56, 1.07], (p=6, n=2, P=18, N=58)
2026-04-14 12:17:50,193 - INFO - *****GROWING RR RULE*****
2026-04-14 12:17:50,209 - INFO - Iteracja 0: condition_best: None, quality_best: -inf, coverage_best: (p=0, n=0, P=0, N=0), p_value: 0
2026-04-14 12:17:50,209 - INFO - Regula po iteracji 0: IF  THEN class = {1.18} [0.50, 1.87], (p=56, n=20, P=56, N=20)
2026-04-14 12:17:50,209 - INFO - *****STOP GROWING RR RULE*****
2026-04-14 12:17:50,209 - INFO - ***RR NOT FOUND***
2026-04-14 12:17:50,209 - INFO - *******STOP GROWING CR RULE*******
2026-04-14 12:17:50,210 - INFO - *******GROWING CR RULE*******
2026-04-14 12:17:50,218 - INFO - Iteracja 0: condition_best: age <= 45.50, quality_best: 0.343, coverage_best: (p=28, n=10, P=42, N=34)
2026-04-14 12:17:50,218 - INFO - Regula po iteracji 0: IF age <= 45.50 THEN class = {1.04} [0.51, 1.57], (p=28, n=10, P=42, N=34)
2026-04-14 12:17:50,218 - INFO - *****GROWING RR RULE*****
2026-04-14 12:17:50,235 - INFO - Iteracja 0: condition_best: None, quality_best: -inf, coverage_best: (p=0, n=0, P=0, N=0), p_value: 0
2026-04-14 12:17:50,235 - INFO - Regula po iteracji 0: IF  THEN class = {1.18} [0.50, 1.87], (p=56, n=20, P=56, N=20)
2026-04-14 12:17:50,235 - INFO - *****STOP GROWING RR RULE*****
2026-04-14 12:17:50,235 - INFO - ***RR NOT FOUND***
2026-04-14 12:17:50,239 - INFO - Iteracja 1: condition_best: age >= 25.00, quality_best: 0.511, coverage_best: (p=24, n=4, P=44, N=32)
2026-04-14 12:17:50,239 - INFO - Regula po iteracji 1: IF age <= 45.50 AND age >= 25.00 THEN class = {0.96} [0.48, 1.44], (p=24, n=4, P=44, N=32)
2026-04-14 12:17:50,240 - INFO - *****GROWING RR RULE*****
2026-04-14 12:17:50,257 - INFO - Iteracja 0: condition_best: age <= 29.00, quality_best: 0.0, coverage_best: (p=6, n=6, P=38, N=38), p_value: 2
2026-04-14 12:17:50,258 - INFO - Regula po iteracji 0: IF age <= 29.00 THEN class = {1.18} [0.50, 1.87], (p=6, n=6, P=38, N=38)
2026-04-14 12:17:50,261 - INFO - Iteracja 1: condition_best: None, quality_best: -inf, coverage_best: (p=0, n=0, P=0, N=0), p_value: 2
2026-04-14 12:17:50,261 - INFO - Regula po iteracji 1: IF age <= 29.00 THEN class = {1.43} [0.77, 2.10], (p=6, n=6, P=38, N=38)
2026-04-14 12:17:50,261 - INFO - *****STOP GROWING RR RULE*****
2026-04-14 12:17:50,261 - INFO - ***RR FOUND***
2026-04-14 12:17:50,261 - INFO - Reference rule: IF age <= 29.00 THEN class = {1.43} [0.77, 2.10]
2026-04-14 12:17:50,261 - INFO - ***CHECKING EXCEPTION***
2026-04-14 12:17:50,263 - INFO - *******STOP GROWING CR RULE*******
2026-04-14 12:17:50,263 - INFO - *******GROWING CR RULE*******
2026-04-14 12:17:50,272 - INFO - Iteracja 0: condition_best: age <= 45.50, quality_best: 0.343, coverage_best: (p=28, n=10, P=42, N=34)
2026-04-14 12:17:50,272 - INFO - Regula po iteracji 0: IF age <= 45.50 THEN class = {1.04} [0.51, 1.57], (p=28, n=10, P=42, N=34)
2026-04-14 12:17:50,272 - INFO - *****GROWING RR RULE*****
2026-04-14 12:17:50,288 - INFO - Iteracja 0: condition_best: None, quality_best: -inf, coverage_best: (p=0, n=0, P=0, N=0), p_value: 0
2026-04-14 12:17:50,288 - INFO - Regula po iteracji 0: IF  THEN class = {1.18} [0.50, 1.87], (p=56, n=20, P=56, N=20)
2026-04-14 12:17:50,288 - INFO - *****STOP GROWING RR RULE*****
2026-04-14 12:17:50,288 - INFO - ***RR NOT FOUND***
2026-04-14 12:17:50,293 - INFO - Iteracja 1: condition_best: time <= 305.00, quality_best: 0.426, coverage_best: (p=26, n=7, P=42, N=34)
2026-04-14 12:17:50,293 - INFO - Regula po iteracji 1: IF age <= 45.50 AND time <= 305.00 THEN class = {1.12} [0.59, 1.64], (p=26, n=7, P=42, N=34)
2026-04-14 12:17:50,293 - INFO - *****GROWING RR RULE*****
2026-04-14 12:17:50,309 - INFO - Iteracja 0: condition_best: None, quality_best: -inf, coverage_best: (p=0, n=0, P=0, N=0), p_value: 0
2026-04-14 12:17:50,309 - INFO - Regula po iteracji 0: IF  THEN class = {1.18} [0.50, 1.87], (p=56, n=20, P=56, N=20)
2026-04-14 12:17:50,309 - INFO - *****STOP GROWING RR RULE*****
2026-04-14 12:17:50,309 - INFO - ***RR NOT FOUND***
2026-04-14 12:17:50,313 - INFO - Iteracja 2: condition_best: time <= 116.50, quality_best: 0.408, coverage_best: (p=20, n=5, P=42, N=34)
2026-04-14 12:17:50,313 - INFO - Regula po iteracji 2: IF age <= 45.50 AND time <= 305.00 AND time <= 116.50 THEN class = {1.13} [0.60, 1.66], (p=20, n=5, P=42, N=34)
2026-04-14 12:17:50,314 - INFO - *****GROWING RR RULE*****
2026-04-14 12:17:50,330 - INFO - Iteracja 0: condition_best: None, quality_best: -inf, coverage_best: (p=0, n=0, P=0, N=0), p_value: 0
2026-04-14 12:17:50,330 - INFO - Regula po iteracji 0: IF  THEN class = {1.18} [0.50, 1.87], (p=56, n=20, P=56, N=20)
2026-04-14 12:17:50,330 - INFO - *****STOP GROWING RR RULE*****
2026-04-14 12:17:50,330 - INFO - ***RR NOT FOUND***
2026-04-14 12:17:50,334 - INFO - Iteracja 3: condition_best: time <= 102.00, quality_best: 0.367, coverage_best: (p=18, n=5, P=42, N=34)
2026-04-14 12:17:50,334 - INFO - Regula po iteracji 3: IF age <= 45.50 AND time <= 305.00 AND time <= 116.50 AND time <= 102.00 THEN class = {1.13} [0.59, 1.68], (p=18, n=5, P=42, N=34)
2026-04-14 12:17:50,334 - INFO - *****GROWING RR RULE*****
2026-04-14 12:17:50,350 - INFO - Iteracja 0: condition_best: None, quality_best: -inf, coverage_best: (p=0, n=0, P=0, N=0), p_value: 0
2026-04-14 12:17:50,350 - INFO - Regula po iteracji 0: IF  THEN class = {1.18} [0.50, 1.87], (p=56, n=20, P=56, N=20)
2026-04-14 12:17:50,350 - INFO - *****STOP GROWING RR RULE*****
2026-04-14 12:17:50,350 - INFO - ***RR NOT FOUND***
2026-04-14 12:17:50,354 - INFO - Iteracja 4: condition_best: time <= 83.00, quality_best: 0.346, coverage_best: (p=17, n=5, P=42, N=34)
2026-04-14 12:17:50,354 - INFO - Regula po iteracji 4: IF age <= 45.50 AND time <= 305.00 AND time <= 116.50 AND time <= 102.00 AND time <= 83.00 THEN class = {1.12} [0.56, 1.68], (p=17, n=5, P=42, N=34)
2026-04-14 12:17:50,354 - INFO - *****GROWING RR RULE*****
2026-04-14 12:17:50,370 - INFO - Iteracja 0: condition_best: None, quality_best: -inf, coverage_best: (p=0, n=0, P=0, N=0), p_value: 0
2026-04-14 12:17:50,370 - INFO - Regula po iteracji 0: IF  THEN class = {1.18} [0.50, 1.87], (p=56, n=20, P=56, N=20)
2026-04-14 12:17:50,371 - INFO - *****STOP GROWING RR RULE*****
2026-04-14 12:17:50,371 - INFO - ***RR NOT FOUND***
2026-04-14 12:17:50,371 - INFO - *******STOP GROWING CR RULE*******
2026-04-14 12:17:50,371 - INFO - *******GROWING CR RULE*******
2026-04-14 12:17:50,380 - INFO - Iteracja 0: condition_best: age >= 57.50, quality_best: 0.331, coverage_best: (p=8, n=3, P=32, N=44)
2026-04-14 12:17:50,380 - INFO - Regula po iteracji 0: IF age >= 57.50 THEN class = {1.05} [0.67, 1.42], (p=8, n=3, P=32, N=44)
2026-04-14 12:17:50,380 - INFO - *****GROWING RR RULE*****
2026-04-14 12:17:50,396 - INFO - Iteracja 0: condition_best: None, quality_best: -inf, coverage_best: (p=0, n=0, P=0, N=0), p_value: 0
2026-04-14 12:17:50,396 - INFO - Regula po iteracji 0: IF  THEN class = {1.18} [0.50, 1.87], (p=56, n=20, P=56, N=20)
2026-04-14 12:17:50,396 - INFO - *****STOP GROWING RR RULE*****
2026-04-14 12:17:50,396 - INFO - ***RR NOT FOUND***
2026-04-14 12:17:50,398 - INFO - Iteracja 1: condition_best: age <= 62.50, quality_best: 0.412, coverage_best: (p=6, n=2, P=22, N=54)
2026-04-14 12:17:50,398 - INFO - Regula po iteracji 1: IF age >= 57.50 AND age <= 62.50 THEN class = {1.05} [0.71, 1.39], (p=6, n=2, P=22, N=54)
2026-04-14 12:17:50,398 - INFO - *****GROWING RR RULE*****
2026-04-14 12:17:50,414 - INFO - Iteracja 0: condition_best: None, quality_best: -inf, coverage_best: (p=0, n=0, P=0, N=0), p_value: 0
2026-04-14 12:17:50,415 - INFO - Regula po iteracji 0: IF  THEN class = {1.18} [0.50, 1.87], (p=56, n=20, P=56, N=20)
2026-04-14 12:17:50,415 - INFO - *****STOP GROWING RR RULE*****
2026-04-14 12:17:50,415 - INFO - ***RR NOT FOUND***
2026-04-14 12:17:50,416 - INFO - Iteracja 2: condition_best: time <= 120.00, quality_best: 0.451, coverage_best: (p=4, n=1, P=18, N=58)
2026-04-14 12:17:50,416 - INFO - Regula po iteracji 2: IF age >= 57.50 AND age <= 62.50 AND time <= 120.00 THEN class = {1.26} [1.04, 1.48], (p=4, n=1, P=18, N=58)
2026-04-14 12:17:50,416 - INFO - *****GROWING RR RULE*****
2026-04-14 12:17:50,433 - INFO - Iteracja 0: condition_best: None, quality_best: -inf, coverage_best: (p=0, n=0, P=0, N=0), p_value: 0
2026-04-14 12:17:50,433 - INFO - Regula po iteracji 0: IF  THEN class = {1.18} [0.50, 1.87], (p=56, n=20, P=56, N=20)
2026-04-14 12:17:50,433 - INFO - *****STOP GROWING RR RULE*****
2026-04-14 12:17:50,433 - INFO - ***RR NOT FOUND***
2026-04-14 12:17:50,434 - INFO - Iteracja 3: condition_best: None, quality_best: -inf, coverage_best: (p=0, n=0, P=0, N=0)
2026-04-14 12:17:50,434 - INFO - Regula po iteracji 3: IF age >= 57.50 AND age <= 62.50 AND time <= 120.00 THEN class = {1.26} [1.04, 1.48], (p=4, n=1, P=18, N=58)
2026-04-14 12:17:50,434 - INFO - *******STOP GROWING CR RULE*******
2026-04-14 12:17:50,434 - INFO - *******GROWING CR RULE*******
2026-04-14 12:17:50,443 - INFO - Iteracja 0: condition_best: time >= 36.00, quality_best: 0.266, coverage_best: (p=33, n=7, P=56, N=20)
2026-04-14 12:17:50,443 - INFO - Regula po iteracji 0: IF time >= 36.00 THEN class = {0.95} [0.38, 1.53], (p=33, n=7, P=56, N=20)
2026-04-14 12:17:50,443 - INFO - *****GROWING RR RULE*****
2026-04-14 12:17:50,459 - INFO - Iteracja 0: condition_best: None, quality_best: -inf, coverage_best: (p=0, n=0, P=0, N=0), p_value: 0
2026-04-14 12:17:50,459 - INFO - Regula po iteracji 0: IF  THEN class = {1.18} [0.50, 1.87], (p=56, n=20, P=56, N=20)
2026-04-14 12:17:50,459 - INFO - *****STOP GROWING RR RULE*****
2026-04-14 12:17:50,459 - INFO - ***RR NOT FOUND***
2026-04-14 12:17:50,465 - INFO - Iteracja 1: condition_best: time <= 131.00, quality_best: 0.336, coverage_best: (p=14, n=4, P=42, N=34)
2026-04-14 12:17:50,465 - INFO - Regula po iteracji 1: IF time >= 36.00 AND time <= 131.00 THEN class = {1.20} [0.69, 1.71], (p=14, n=4, P=42, N=34)
2026-04-14 12:17:50,465 - INFO - *****GROWING RR RULE*****
2026-04-14 12:17:50,493 - INFO - Iteracja 0: condition_best: None, quality_best: -inf, coverage_best: (p=0, n=0, P=0, N=0), p_value: 0
2026-04-14 12:17:50,493 - INFO - Regula po iteracji 0: IF  THEN class = {1.18} [0.50, 1.87], (p=56, n=20, P=56, N=20)
2026-04-14 12:17:50,493 - INFO - *****STOP GROWING RR RULE*****
2026-04-14 12:17:50,494 - INFO - ***RR NOT FOUND***
2026-04-14 12:17:50,497 - INFO - Iteracja 2: condition_best: time >= 38.50, quality_best: 0.31, coverage_best: (p=13, n=4, P=42, N=34)
2026-04-14 12:17:50,497 - INFO - Regula po iteracji 2: IF time >= 36.00 AND time <= 131.00 AND time >= 38.50 THEN class = {1.19} [0.67, 1.71], (p=13, n=4, P=42, N=34)
2026-04-14 12:17:50,497 - INFO - *****GROWING RR RULE*****
2026-04-14 12:17:50,525 - INFO - Iteracja 0: condition_best: None, quality_best: -inf, coverage_best: (p=0, n=0, P=0, N=0), p_value: 0
2026-04-14 12:17:50,525 - INFO - Regula po iteracji 0: IF  THEN class = {1.18} [0.50, 1.87], (p=56, n=20, P=56, N=20)
2026-04-14 12:17:50,525 - INFO - *****STOP GROWING RR RULE*****
2026-04-14 12:17:50,525 - INFO - ***RR NOT FOUND***
2026-04-14 12:17:50,528 - INFO - Iteracja 3: condition_best: time >= 39.50, quality_best: 0.284, coverage_best: (p=12, n=4, P=42, N=34)
2026-04-14 12:17:50,528 - INFO - Regula po iteracji 3: IF time >= 36.00 AND time <= 131.00 AND time >= 38.50 AND time >= 39.50 THEN class = {1.20} [0.67, 1.73], (p=12, n=4, P=42, N=34)
2026-04-14 12:17:50,529 - INFO - *****GROWING RR RULE*****
2026-04-14 12:17:50,556 - INFO - Iteracja 0: condition_best: None, quality_best: -inf, coverage_best: (p=0, n=0, P=0, N=0), p_value: 0
2026-04-14 12:17:50,556 - INFO - Regula po iteracji 0: IF  THEN class = {1.18} [0.50, 1.87], (p=56, n=20, P=56, N=20)
2026-04-14 12:17:50,557 - INFO - *****STOP GROWING RR RULE*****
2026-04-14 12:17:50,557 - INFO - ***RR NOT FOUND***
2026-04-14 12:17:50,560 - INFO - Iteracja 4: condition_best: time <= 124.50, quality_best: 0.255, coverage_best: (p=11, n=4, P=42, N=34)
2026-04-14 12:17:50,560 - INFO - Regula po iteracji 4: IF time >= 36.00 AND time <= 131.00 AND time >= 38.50 AND time >= 39.50 AND time <= 124.50 THEN class = {1.18} [0.64, 1.72], (p=11, n=4, P=42, N=34)
2026-04-14 12:17:50,560 - INFO - *****GROWING RR RULE*****
2026-04-14 12:17:50,588 - INFO - Iteracja 0: condition_best: None, quality_best: -inf, coverage_best: (p=0, n=0, P=0, N=0), p_value: 0
2026-04-14 12:17:50,588 - INFO - Regula po iteracji 0: IF  THEN class = {1.18} [0.50, 1.87], (p=56, n=20, P=56, N=20)
2026-04-14 12:17:50,588 - INFO - *****STOP GROWING RR RULE*****
2026-04-14 12:17:50,588 - INFO - ***RR NOT FOUND***
2026-04-14 12:17:50,588 - INFO - *******STOP GROWING CR RULE*******
2026-04-14 12:17:50,589 - INFO - *******GROWING CR RULE*******
2026-04-14 12:17:50,597 - INFO - Iteracja 0: condition_best: time <= 14.00, quality_best: 0.217, coverage_best: (p=11, n=5, P=40, N=36)
2026-04-14 12:17:50,597 - INFO - Regula po iteracji 0: IF time <= 14.00 THEN class = {1.62} [0.90, 2.35], (p=11, n=5, P=40, N=36)
2026-04-14 12:17:50,597 - INFO - *****GROWING RR RULE*****
2026-04-14 12:17:50,613 - INFO - Iteracja 0: condition_best: None, quality_best: -inf, coverage_best: (p=0, n=0, P=0, N=0), p_value: 0
2026-04-14 12:17:50,613 - INFO - Regula po iteracji 0: IF  THEN class = {1.18} [0.50, 1.87], (p=56, n=20, P=56, N=20)
2026-04-14 12:17:50,614 - INFO - *****STOP GROWING RR RULE*****
2026-04-14 12:17:50,614 - INFO - ***RR NOT FOUND***
2026-04-14 12:17:50,616 - INFO - Iteracja 1: condition_best: age >= 46.50, quality_best: 0.252, coverage_best: (p=6, n=3, P=32, N=44)
2026-04-14 12:17:50,616 - INFO - Regula po iteracji 1: IF time <= 14.00 AND age >= 46.50 THEN class = {1.87} [1.19, 2.54], (p=6, n=3, P=32, N=44)
2026-04-14 12:17:50,616 - INFO - *****GROWING RR RULE*****
2026-04-14 12:17:50,633 - INFO - Iteracja 0: condition_best: None, quality_best: -inf, coverage_best: (p=0, n=0, P=0, N=0), p_value: 0
2026-04-14 12:17:50,633 - INFO - Regula po iteracji 0: IF  THEN class = {1.18} [0.50, 1.87], (p=56, n=20, P=56, N=20)
2026-04-14 12:17:50,633 - INFO - *****STOP GROWING RR RULE*****
2026-04-14 12:17:50,633 - INFO - ***RR NOT FOUND***
2026-04-14 12:17:50,635 - INFO - Iteracja 2: condition_best: age <= 61.00, quality_best: 0.204, coverage_best: (p=5, n=3, P=32, N=44)
2026-04-14 12:17:50,635 - INFO - Regula po iteracji 2: IF time <= 14.00 AND age >= 46.50 AND age <= 61.00 THEN class = {1.89} [1.17, 2.60], (p=5, n=3, P=32, N=44)
2026-04-14 12:17:50,635 - INFO - *****GROWING RR RULE*****
2026-04-14 12:17:50,651 - INFO - Iteracja 0: condition_best: None, quality_best: -inf, coverage_best: (p=0, n=0, P=0, N=0), p_value: 0
2026-04-14 12:17:50,651 - INFO - Regula po iteracji 0: IF  THEN class = {1.18} [0.50, 1.87], (p=56, n=20, P=56, N=20)
2026-04-14 12:17:50,651 - INFO - *****STOP GROWING RR RULE*****
2026-04-14 12:17:50,652 - INFO - ***RR NOT FOUND***
2026-04-14 12:17:50,653 - INFO - Iteracja 3: condition_best: age <= 56.50, quality_best: 0.185, coverage_best: (p=3, n=3, P=20, N=56)
2026-04-14 12:17:50,653 - INFO - Regula po iteracji 3: IF time <= 14.00 AND age >= 46.50 AND age <= 61.00 AND age <= 56.50 THEN class = {2.13} [1.47, 2.80], (p=3, n=3, P=20, N=56)
2026-04-14 12:17:50,654 - INFO - *****GROWING RR RULE*****
2026-04-14 12:17:50,670 - INFO - Iteracja 0: condition_best: None, quality_best: -inf, coverage_best: (p=0, n=0, P=0, N=0), p_value: 0
2026-04-14 12:17:50,670 - INFO - Regula po iteracji 0: IF  THEN class = {1.18} [0.50, 1.87], (p=56, n=20, P=56, N=20)
2026-04-14 12:17:50,670 - INFO - *****STOP GROWING RR RULE*****
2026-04-14 12:17:50,670 - INFO - ***RR NOT FOUND***
2026-04-14 12:17:50,672 - INFO - Iteracja 4: condition_best: time >= 3.50, quality_best: 0.135, coverage_best: (p=2, n=3, P=16, N=60)
2026-04-14 12:17:50,672 - INFO - Regula po iteracji 4: IF time <= 14.00 AND age >= 46.50 AND age <= 61.00 AND age <= 56.50 AND time >= 3.50 THEN class = {2.26} [1.60, 2.92], (p=2, n=3, P=16, N=60)
2026-04-14 12:17:50,672 - INFO - *****GROWING RR RULE*****
2026-04-14 12:17:50,688 - INFO - Iteracja 0: condition_best: None, quality_best: -inf, coverage_best: (p=0, n=0, P=0, N=0), p_value: 0
2026-04-14 12:17:50,689 - INFO - Regula po iteracji 0: IF  THEN class = {1.18} [0.50, 1.87], (p=56, n=20, P=56, N=20)
2026-04-14 12:17:50,689 - INFO - *****STOP GROWING RR RULE*****
2026-04-14 12:17:50,689 - INFO - ***RR NOT FOUND***
2026-04-14 12:17:50,689 - INFO - *******STOP GROWING CR RULE*******
2026-04-14 12:17:50,689 - INFO - *******GROWING CR RULE*******
2026-04-14 12:17:50,697 - INFO - Iteracja 0: condition_best: time <= 74.00, quality_best: 0.211, coverage_best: (p=33, n=14, P=46, N=30)
2026-04-14 12:17:50,697 - INFO - Regula po iteracji 0: IF time <= 74.00 THEN class = {1.36} [0.69, 2.02], (p=33, n=14, P=46, N=30)
2026-04-14 12:17:50,698 - INFO - *****GROWING RR RULE*****
2026-04-14 12:17:50,714 - INFO - Iteracja 0: condition_best: None, quality_best: -inf, coverage_best: (p=0, n=0, P=0, N=0), p_value: 0
2026-04-14 12:17:50,714 - INFO - Regula po iteracji 0: IF  THEN class = {1.18} [0.50, 1.87], (p=56, n=20, P=56, N=20)
2026-04-14 12:17:50,714 - INFO - *****STOP GROWING RR RULE*****
2026-04-14 12:17:50,714 - INFO - ***RR NOT FOUND***
2026-04-14 12:17:50,719 - INFO - Iteracja 1: condition_best: time >= 26.50, quality_best: 0.405, coverage_best: (p=15, n=3, P=44, N=32)
2026-04-14 12:17:50,719 - INFO - Regula po iteracji 1: IF time <= 74.00 AND time >= 26.50 THEN class = {1.29} [0.70, 1.88], (p=15, n=3, P=44, N=32)
2026-04-14 12:17:50,720 - INFO - *****GROWING RR RULE*****
2026-04-14 12:17:50,736 - INFO - Iteracja 0: condition_best: None, quality_best: -inf, coverage_best: (p=0, n=0, P=0, N=0), p_value: 0
2026-04-14 12:17:50,736 - INFO - Regula po iteracji 0: IF  THEN class = {1.18} [0.50, 1.87], (p=56, n=20, P=56, N=20)
2026-04-14 12:17:50,736 - INFO - *****STOP GROWING RR RULE*****
2026-04-14 12:17:50,736 - INFO - ***RR NOT FOUND***
2026-04-14 12:17:50,739 - INFO - Iteracja 2: condition_best: time <= 56.00, quality_best: 0.402, coverage_best: (p=12, n=2, P=46, N=30)
2026-04-14 12:17:50,739 - INFO - Regula po iteracji 2: IF time <= 74.00 AND time >= 26.50 AND time <= 56.00 THEN class = {1.30} [0.69, 1.91], (p=12, n=2, P=46, N=30)
2026-04-14 12:17:50,739 - INFO - *****GROWING RR RULE*****
2026-04-14 12:17:50,757 - INFO - Iteracja 0: condition_best: None, quality_best: -inf, coverage_best: (p=0, n=0, P=0, N=0), p_value: 0
2026-04-14 12:17:50,757 - INFO - Regula po iteracji 0: IF  THEN class = {1.18} [0.50, 1.87], (p=56, n=20, P=56, N=20)
2026-04-14 12:17:50,757 - INFO - *****STOP GROWING RR RULE*****
2026-04-14 12:17:50,757 - INFO - ***RR NOT FOUND***
2026-04-14 12:17:50,760 - INFO - Iteracja 3: condition_best: age >= 21.00, quality_best: 0.378, coverage_best: (p=11, n=2, P=46, N=30)
2026-04-14 12:17:50,760 - INFO - Regula po iteracji 3: IF time <= 74.00 AND time >= 26.50 AND time <= 56.00 AND age >= 21.00 THEN class = {1.28} [0.66, 1.91], (p=11, n=2, P=46, N=30)
2026-04-14 12:17:50,760 - INFO - *****GROWING RR RULE*****
2026-04-14 12:17:50,778 - INFO - Iteracja 0: condition_best: None, quality_best: -inf, coverage_best: (p=0, n=0, P=0, N=0), p_value: 0
2026-04-14 12:17:50,778 - INFO - Regula po iteracji 0: IF  THEN class = {1.18} [0.50, 1.87], (p=56, n=20, P=56, N=20)
2026-04-14 12:17:50,778 - INFO - *****STOP GROWING RR RULE*****
2026-04-14 12:17:50,778 - INFO - ***RR NOT FOUND***
2026-04-14 12:17:50,781 - INFO - Iteracja 4: condition_best: age >= 33.50, quality_best: 0.352, coverage_best: (p=10, n=2, P=46, N=30)
2026-04-14 12:17:50,781 - INFO - Regula po iteracji 4: IF time <= 74.00 AND time >= 26.50 AND time <= 56.00 AND age >= 21.00 AND age >= 33.50 THEN class = {1.29} [0.64, 1.95], (p=10, n=2, P=46, N=30)
2026-04-14 12:17:50,781 - INFO - *****GROWING RR RULE*****
2026-04-14 12:17:50,799 - INFO - Iteracja 0: condition_best: None, quality_best: -inf, coverage_best: (p=0, n=0, P=0, N=0), p_value: 0
2026-04-14 12:17:50,799 - INFO - Regula po iteracji 0: IF  THEN class = {1.18} [0.50, 1.87], (p=56, n=20, P=56, N=20)
2026-04-14 12:17:50,799 - INFO - *****STOP GROWING RR RULE*****
2026-04-14 12:17:50,799 - INFO - ***RR NOT FOUND***
2026-04-14 12:17:50,799 - INFO - *******STOP GROWING CR RULE*******
2026-04-14 12:17:50,800 - INFO - *******GROWING CR RULE*******
2026-04-14 12:17:50,808 - INFO - Iteracja 0: condition_best: time <= 74.00, quality_best: 0.211, coverage_best: (p=33, n=14, P=46, N=30)
2026-04-14 12:17:50,808 - INFO - Regula po iteracji 0: IF time <= 74.00 THEN class = {1.36} [0.69, 2.02], (p=33, n=14, P=46, N=30)
2026-04-14 12:17:50,808 - INFO - *****GROWING RR RULE*****
2026-04-14 12:17:50,824 - INFO - Iteracja 0: condition_best: None, quality_best: -inf, coverage_best: (p=0, n=0, P=0, N=0), p_value: 0
2026-04-14 12:17:50,825 - INFO - Regula po iteracji 0: IF  THEN class = {1.18} [0.50, 1.87], (p=56, n=20, P=56, N=20)
2026-04-14 12:17:50,825 - INFO - *****STOP GROWING RR RULE*****
2026-04-14 12:17:50,825 - INFO - ***RR NOT FOUND***
2026-04-14 12:17:50,830 - INFO - Iteracja 1: condition_best: age >= 31.00, quality_best: 0.343, coverage_best: (p=30, n=9, P=46, N=30)
2026-04-14 12:17:50,830 - INFO - Regula po iteracji 1: IF time <= 74.00 AND age >= 31.00 THEN class = {1.33} [0.67, 1.98], (p=30, n=9, P=46, N=30)
2026-04-14 12:17:50,830 - INFO - *****GROWING RR RULE*****
2026-04-14 12:17:50,847 - INFO - Iteracja 0: condition_best: None, quality_best: -inf, coverage_best: (p=0, n=0, P=0, N=0), p_value: 0
2026-04-14 12:17:50,847 - INFO - Regula po iteracji 0: IF  THEN class = {1.18} [0.50, 1.87], (p=56, n=20, P=56, N=20)
2026-04-14 12:17:50,847 - INFO - *****STOP GROWING RR RULE*****
2026-04-14 12:17:50,847 - INFO - ***RR NOT FOUND***
2026-04-14 12:17:50,852 - INFO - Iteracja 2: condition_best: time >= 7.50, quality_best: 0.411, coverage_best: (p=26, n=6, P=46, N=30)
2026-04-14 12:17:50,852 - INFO - Regula po iteracji 2: IF time <= 74.00 AND age >= 31.00 AND time >= 7.50 THEN class = {1.30} [0.68, 1.92], (p=26, n=6, P=46, N=30)
2026-04-14 12:17:50,852 - INFO - *****GROWING RR RULE*****
2026-04-14 12:17:50,868 - INFO - Iteracja 0: condition_best: None, quality_best: -inf, coverage_best: (p=0, n=0, P=0, N=0), p_value: 0
2026-04-14 12:17:50,868 - INFO - Regula po iteracji 0: IF  THEN class = {1.18} [0.50, 1.87], (p=56, n=20, P=56, N=20)
2026-04-14 12:17:50,868 - INFO - *****STOP GROWING RR RULE*****
2026-04-14 12:17:50,869 - INFO - ***RR NOT FOUND***
2026-04-14 12:17:50,873 - INFO - Iteracja 3: condition_best: time <= 64.50, quality_best: 0.446, coverage_best: (p=25, n=5, P=46, N=30)
2026-04-14 12:17:50,873 - INFO - Regula po iteracji 3: IF time <= 74.00 AND age >= 31.00 AND time >= 7.50 AND time <= 64.50 THEN class = {1.31} [0.70, 1.93], (p=25, n=5, P=46, N=30)
2026-04-14 12:17:50,873 - INFO - *****GROWING RR RULE*****
2026-04-14 12:17:50,889 - INFO - Iteracja 0: condition_best: None, quality_best: -inf, coverage_best: (p=0, n=0, P=0, N=0), p_value: 0
2026-04-14 12:17:50,890 - INFO - Regula po iteracji 0: IF  THEN class = {1.18} [0.50, 1.87], (p=56, n=20, P=56, N=20)
2026-04-14 12:17:50,890 - INFO - *****STOP GROWING RR RULE*****
2026-04-14 12:17:50,890 - INFO - ***RR NOT FOUND***
2026-04-14 12:17:50,894 - INFO - Iteracja 4: condition_best: time <= 60.50, quality_best: 0.429, coverage_best: (p=24, n=5, P=46, N=30)
2026-04-14 12:17:50,894 - INFO - Regula po iteracji 4: IF time <= 74.00 AND age >= 31.00 AND time >= 7.50 AND time <= 64.50 AND time <= 60.50 THEN class = {1.32} [0.69, 1.94], (p=24, n=5, P=46, N=30)
2026-04-14 12:17:50,894 - INFO - *****GROWING RR RULE*****
2026-04-14 12:17:50,911 - INFO - Iteracja 0: condition_best: None, quality_best: -inf, coverage_best: (p=0, n=0, P=0, N=0), p_value: 0
2026-04-14 12:17:50,911 - INFO - Regula po iteracji 0: IF  THEN class = {1.18} [0.50, 1.87], (p=56, n=20, P=56, N=20)
2026-04-14 12:17:50,911 - INFO - *****STOP GROWING RR RULE*****
2026-04-14 12:17:50,911 - INFO - ***RR NOT FOUND***
2026-04-14 12:17:50,911 - INFO - *******STOP GROWING CR RULE*******
2026-04-14 12:17:50,911 - INFO - *******GROWING CR RULE*******
2026-04-14 12:17:50,919 - INFO - Iteracja 0: condition_best: time >= 549.00, quality_best: 0.75, coverage_best: (p=1, n=0, P=2, N=74)
2026-04-14 12:17:50,919 - INFO - Regula po iteracji 0: IF time >= 549.00 THEN class = {0.20} [0.20, 0.20], (p=1, n=0, P=2, N=74)
2026-04-14 12:17:50,920 - INFO - *****GROWING RR RULE*****
2026-04-14 12:17:50,936 - INFO - Iteracja 0: condition_best: None, quality_best: -inf, coverage_best: (p=0, n=0, P=0, N=0), p_value: 0
2026-04-14 12:17:50,936 - INFO - Regula po iteracji 0: IF  THEN class = {1.18} [0.50, 1.87], (p=56, n=20, P=56, N=20)
2026-04-14 12:17:50,936 - INFO - *****STOP GROWING RR RULE*****
2026-04-14 12:17:50,936 - INFO - ***RR NOT FOUND***
2026-04-14 12:17:50,937 - INFO - Iteracja 1: condition_best: sex = {1}, quality_best: 0.75, coverage_best: (p=1, n=0, P=2, N=74)
2026-04-14 12:17:50,937 - INFO - Regula po iteracji 1: IF time >= 549.00 AND sex = {1} THEN class = {0.20} [0.20, 0.20], (p=1, n=0, P=2, N=74)
2026-04-14 12:17:50,937 - INFO - *****GROWING RR RULE*****
2026-04-14 12:17:50,953 - INFO - Iteracja 0: condition_best: None, quality_best: -inf, coverage_best: (p=0, n=0, P=0, N=0), p_value: 0
2026-04-14 12:17:50,953 - INFO - Regula po iteracji 0: IF  THEN class = {1.18} [0.50, 1.87], (p=56, n=20, P=56, N=20)
2026-04-14 12:17:50,953 - INFO - *****STOP GROWING RR RULE*****
2026-04-14 12:17:50,953 - INFO - ***RR NOT FOUND***
2026-04-14 12:17:50,954 - INFO - Iteracja 2: condition_best: disease_type = {2}, quality_best: 0.75, coverage_best: (p=1, n=0, P=2, N=74)
2026-04-14 12:17:50,954 - INFO - Regula po iteracji 2: IF time >= 549.00 AND sex = {1} AND disease_type = {2} THEN class = {0.20} [0.20, 0.20], (p=1, n=0, P=2, N=74)
2026-04-14 12:17:50,954 - INFO - *****GROWING RR RULE*****
2026-04-14 12:17:50,970 - INFO - Iteracja 0: condition_best: None, quality_best: -inf, coverage_best: (p=0, n=0, P=0, N=0), p_value: 0
2026-04-14 12:17:50,971 - INFO - Regula po iteracji 0: IF  THEN class = {1.18} [0.50, 1.87], (p=56, n=20, P=56, N=20)
2026-04-14 12:17:50,971 - INFO - *****STOP GROWING RR RULE*****
2026-04-14 12:17:50,971 - INFO - ***RR NOT FOUND***
2026-04-14 12:17:50,971 - INFO - Iteracja 3: condition_best: None, quality_best: -inf, coverage_best: (p=0, n=0, P=0, N=0)
2026-04-14 12:17:50,971 - INFO - Regula po iteracji 3: IF time >= 549.00 AND sex = {1} AND disease_type = {2} THEN class = {0.20} [0.20, 0.20], (p=1, n=0, P=2, N=74)
2026-04-14 12:17:50,971 - INFO - *******STOP GROWING CR RULE*******
2026-04-14 12:17:51,140 - INFO - ************************Finished experiment for kidney.arff with algorithm************************
2026-04-14 12:17:51,140 - INFO - *************************************************************************************************************************
2026-04-14 12:17:51,140 - INFO - *************************************************************************************************************************
2026-04-14 12:17:51,140 - INFO - *************************************************************************************************************************
