2026-04-12 13:46:46,886 - INFO - **********Starting experiment for 19_GBSG2.arff with algorithm**********
2026-04-12 13:46:46,896 - INFO - *******GROWING CR RULE*******
2026-04-12 13:46:55,548 - INFO - Iteracja 0: condition_best: pnodes <= 9.50, quality_best: 1.0, coverage_best: (p=583, n=0, P=686, N=0)
2026-04-12 13:46:55,557 - INFO - Regula po iteracji 0: IF pnodes <= 9.50 THEN survival_status = {nan}, (p=583, n=0, P=686, N=0)
2026-04-12 13:46:55,557 - INFO - *****GROWING RR RULE*****
2026-04-12 13:47:19,496 - INFO - Iteracja 0: condition_best: None, quality_best: -inf, coverage_best: (p=0, n=0, P=0, N=0), p_value: 0
2026-04-12 13:47:19,502 - INFO - Regula po iteracji 0: IF  THEN survival_status = {nan}, (p=686, n=0, P=686, N=0)
2026-04-12 13:47:19,502 - INFO - *****STOP GROWING RR RULE*****
2026-04-12 13:47:19,502 - INFO - ***RR NOT FOUND***
2026-04-12 13:47:27,699 - INFO - Iteracja 1: condition_best: age >= 23.00, quality_best: 1.0, coverage_best: (p=582, n=0, P=686, N=0)
2026-04-12 13:47:27,707 - INFO - Regula po iteracji 1: IF pnodes <= 9.50 AND age >= 23.00 THEN survival_status = {2030.0}, (p=582, n=0, P=686, N=0)
2026-04-12 13:47:27,707 - INFO - *****GROWING RR RULE*****
2026-04-12 13:47:51,611 - INFO - Iteracja 0: condition_best: None, quality_best: -inf, coverage_best: (p=0, n=0, P=0, N=0), p_value: 0
2026-04-12 13:47:51,616 - INFO - Regula po iteracji 0: IF  THEN survival_status = {nan}, (p=686, n=0, P=686, N=0)
2026-04-12 13:47:51,617 - INFO - *****STOP GROWING RR RULE*****
2026-04-12 13:47:51,617 - INFO - ***RR NOT FOUND***
2026-04-12 13:47:59,909 - INFO - Iteracja 2: condition_best: age >= 26.00, quality_best: 1.0, coverage_best: (p=580, n=0, P=686, N=0)
2026-04-12 13:47:59,918 - INFO - Regula po iteracji 2: IF pnodes <= 9.50 AND age >= 23.00 AND age >= 26.00 THEN survival_status = {2030.0}, (p=580, n=0, P=686, N=0)
2026-04-12 13:47:59,918 - INFO - *****GROWING RR RULE*****
2026-04-12 13:48:23,825 - INFO - Iteracja 0: condition_best: None, quality_best: -inf, coverage_best: (p=0, n=0, P=0, N=0), p_value: 0
2026-04-12 13:48:23,830 - INFO - Regula po iteracji 0: IF  THEN survival_status = {nan}, (p=686, n=0, P=686, N=0)
2026-04-12 13:48:23,830 - INFO - *****STOP GROWING RR RULE*****
2026-04-12 13:48:23,830 - INFO - ***RR NOT FOUND***
2026-04-12 13:48:32,231 - INFO - Iteracja 3: condition_best: age <= 79.50, quality_best: 1.0, coverage_best: (p=579, n=0, P=686, N=0)
2026-04-12 13:48:32,239 - INFO - Regula po iteracji 3: IF pnodes <= 9.50 AND age >= 23.00 AND age >= 26.00 AND age <= 79.50 THEN survival_status = {2034.0}, (p=579, n=0, P=686, N=0)
2026-04-12 13:48:32,239 - INFO - *****GROWING RR RULE*****
2026-04-12 13:48:56,126 - INFO - Iteracja 0: condition_best: None, quality_best: -inf, coverage_best: (p=0, n=0, P=0, N=0), p_value: 0
2026-04-12 13:48:56,131 - INFO - Regula po iteracji 0: IF  THEN survival_status = {nan}, (p=686, n=0, P=686, N=0)
2026-04-12 13:48:56,131 - INFO - *****STOP GROWING RR RULE*****
2026-04-12 13:48:56,131 - INFO - ***RR NOT FOUND***
2026-04-12 13:49:04,569 - INFO - Iteracja 4: condition_best: age <= 78.00, quality_best: 1.0, coverage_best: (p=578, n=0, P=686, N=0)
2026-04-12 13:49:04,578 - INFO - Regula po iteracji 4: IF pnodes <= 9.50 AND age >= 23.00 AND age >= 26.00 AND age <= 79.50 AND age <= 78.00 THEN survival_status = {2034.0}, (p=578, n=0, P=686, N=0)
2026-04-12 13:49:04,578 - INFO - *****GROWING RR RULE*****
2026-04-12 13:49:28,448 - INFO - Iteracja 0: condition_best: None, quality_best: -inf, coverage_best: (p=0, n=0, P=0, N=0), p_value: 0
2026-04-12 13:49:28,453 - INFO - Regula po iteracji 0: IF  THEN survival_status = {nan}, (p=686, n=0, P=686, N=0)
2026-04-12 13:49:28,453 - INFO - *****STOP GROWING RR RULE*****
2026-04-12 13:49:28,453 - INFO - ***RR NOT FOUND***
2026-04-12 13:49:28,453 - INFO - *******STOP GROWING CR RULE*******
2026-04-12 13:49:28,477 - INFO - *******GROWING CR RULE*******
2026-04-12 13:49:34,444 - INFO - Iteracja 0: condition_best: pnodes >= 4.50, quality_best: 1.0, coverage_best: (p=253, n=0, P=686, N=0)
2026-04-12 13:49:34,452 - INFO - Regula po iteracji 0: IF pnodes >= 4.50 THEN survival_status = {nan}, (p=253, n=0, P=686, N=0)
2026-04-12 13:49:34,452 - INFO - *****GROWING RR RULE*****
2026-04-12 13:49:54,538 - INFO - Iteracja 0: condition_best: progrec <= 2.50, quality_best: 1.0, coverage_best: (p=129, n=0, P=686, N=0), p_value: 0.935
2026-04-12 13:49:54,546 - INFO - Regula po iteracji 0: IF progrec <= 2.50 THEN survival_status = {nan}, (p=129, n=0, P=686, N=0)
2026-04-12 13:49:58,188 - INFO - Iteracja 1: condition_best: age >= 28.50, quality_best: 1.0, coverage_best: (p=128, n=0, P=686, N=0), p_value: 0.998
2026-04-12 13:49:58,197 - INFO - Regula po iteracji 1: IF progrec <= 2.50 AND age >= 28.50 THEN survival_status = {891.0}, (p=128, n=0, P=686, N=0)
2026-04-12 13:50:01,846 - INFO - Iteracja 2: condition_best: None, quality_best: -inf, coverage_best: (p=0, n=0, P=0, N=0), p_value: 0.998
2026-04-12 13:50:01,855 - INFO - Regula po iteracji 2: IF progrec <= 2.50 AND age >= 28.50 THEN survival_status = {956.0}, (p=128, n=0, P=686, N=0)
2026-04-12 13:50:01,855 - INFO - *****STOP GROWING RR RULE*****
2026-04-12 13:50:01,855 - INFO - ***RR FOUND***
2026-04-12 13:50:01,855 - INFO - Reference rule: IF progrec <= 2.50 THEN survival_status = {956.0}
2026-04-12 13:50:01,855 - INFO - ***CHECKING EXCEPTION***
2026-04-12 13:50:01,858 - INFO - ER vs CR p_value: 0.016070435177100273
2026-04-12 13:50:01,858 - INFO - ER vs RR p_value: 0.03703839398700637
2026-04-12 13:50:01,883 - INFO - ***ER FOUND***
2026-04-12 13:50:01,883 - INFO - Exception rule: IF pnodes >= 4.50 AND progrec <= 2.50 THEN survival_status = {624.0} (p=63, n=0, P=686, N=0)
2026-04-12 13:50:01,883 - INFO - *******STOP GROWING CR RULE*******
2026-04-12 13:50:01,890 - INFO - *******GROWING CR RULE*******
2026-04-12 13:50:07,316 - INFO - Iteracja 0: condition_best: pnodes <= 9.50, quality_best: 1.0, coverage_best: (p=583, n=0, P=686, N=0)
2026-04-12 13:50:07,324 - INFO - Regula po iteracji 0: IF pnodes <= 9.50 THEN survival_status = {nan}, (p=583, n=0, P=686, N=0)
2026-04-12 13:50:07,324 - INFO - *****GROWING RR RULE*****
2026-04-12 13:50:31,069 - INFO - Iteracja 0: condition_best: None, quality_best: -inf, coverage_best: (p=0, n=0, P=0, N=0), p_value: 0
2026-04-12 13:50:31,074 - INFO - Regula po iteracji 0: IF  THEN survival_status = {nan}, (p=686, n=0, P=686, N=0)
2026-04-12 13:50:31,074 - INFO - *****STOP GROWING RR RULE*****
2026-04-12 13:50:31,074 - INFO - ***RR NOT FOUND***
2026-04-12 13:50:36,346 - INFO - Iteracja 1: condition_best: age >= 23.00, quality_best: 1.0, coverage_best: (p=582, n=0, P=686, N=0)
2026-04-12 13:50:36,354 - INFO - Regula po iteracji 1: IF pnodes <= 9.50 AND age >= 23.00 THEN survival_status = {2030.0}, (p=582, n=0, P=686, N=0)
2026-04-12 13:50:36,354 - INFO - *****GROWING RR RULE*****
2026-04-12 13:51:00,080 - INFO - Iteracja 0: condition_best: None, quality_best: -inf, coverage_best: (p=0, n=0, P=0, N=0), p_value: 0
2026-04-12 13:51:00,085 - INFO - Regula po iteracji 0: IF  THEN survival_status = {nan}, (p=686, n=0, P=686, N=0)
2026-04-12 13:51:00,085 - INFO - *****STOP GROWING RR RULE*****
2026-04-12 13:51:00,085 - INFO - ***RR NOT FOUND***
2026-04-12 13:51:05,489 - INFO - Iteracja 2: condition_best: age >= 26.00, quality_best: 1.0, coverage_best: (p=580, n=0, P=686, N=0)
2026-04-12 13:51:05,497 - INFO - Regula po iteracji 2: IF pnodes <= 9.50 AND age >= 23.00 AND age >= 26.00 THEN survival_status = {2030.0}, (p=580, n=0, P=686, N=0)
2026-04-12 13:51:05,497 - INFO - *****GROWING RR RULE*****
2026-04-12 13:51:29,195 - INFO - Iteracja 0: condition_best: None, quality_best: -inf, coverage_best: (p=0, n=0, P=0, N=0), p_value: 0
2026-04-12 13:51:29,201 - INFO - Regula po iteracji 0: IF  THEN survival_status = {nan}, (p=686, n=0, P=686, N=0)
2026-04-12 13:51:29,201 - INFO - *****STOP GROWING RR RULE*****
2026-04-12 13:51:29,201 - INFO - ***RR NOT FOUND***
2026-04-12 13:51:34,706 - INFO - Iteracja 3: condition_best: age <= 79.50, quality_best: 1.0, coverage_best: (p=579, n=0, P=686, N=0)
2026-04-12 13:51:34,714 - INFO - Regula po iteracji 3: IF pnodes <= 9.50 AND age >= 23.00 AND age >= 26.00 AND age <= 79.50 THEN survival_status = {2034.0}, (p=579, n=0, P=686, N=0)
2026-04-12 13:51:34,714 - INFO - *****GROWING RR RULE*****
2026-04-12 13:51:58,429 - INFO - Iteracja 0: condition_best: None, quality_best: -inf, coverage_best: (p=0, n=0, P=0, N=0), p_value: 0
2026-04-12 13:51:58,434 - INFO - Regula po iteracji 0: IF  THEN survival_status = {nan}, (p=686, n=0, P=686, N=0)
2026-04-12 13:51:58,434 - INFO - *****STOP GROWING RR RULE*****
2026-04-12 13:51:58,434 - INFO - ***RR NOT FOUND***
2026-04-12 13:52:04,024 - INFO - Iteracja 4: condition_best: age <= 78.00, quality_best: 1.0, coverage_best: (p=578, n=0, P=686, N=0)
2026-04-12 13:52:04,032 - INFO - Regula po iteracji 4: IF pnodes <= 9.50 AND age >= 23.00 AND age >= 26.00 AND age <= 79.50 AND age <= 78.00 THEN survival_status = {2034.0}, (p=578, n=0, P=686, N=0)
2026-04-12 13:52:04,033 - INFO - *****GROWING RR RULE*****
2026-04-12 13:52:27,737 - INFO - Iteracja 0: condition_best: None, quality_best: -inf, coverage_best: (p=0, n=0, P=0, N=0), p_value: 0
2026-04-12 13:52:27,742 - INFO - Regula po iteracji 0: IF  THEN survival_status = {nan}, (p=686, n=0, P=686, N=0)
2026-04-12 13:52:27,742 - INFO - *****STOP GROWING RR RULE*****
2026-04-12 13:52:27,742 - INFO - ***RR NOT FOUND***
2026-04-12 13:52:27,742 - INFO - *******STOP GROWING CR RULE*******
2026-04-12 13:52:27,907 - INFO - ************************Finished experiment for 19_GBSG2.arff with algorithm************************
2026-04-12 13:52:27,907 - INFO - *************************************************************************************************************************
2026-04-12 13:52:27,907 - INFO - *************************************************************************************************************************
2026-04-12 13:52:27,907 - INFO - *************************************************************************************************************************
