2026-04-12 13:11:36,116 - INFO - **********Starting experiment for 05_Rossi.arff with algorithm**********
2026-04-12 13:11:36,156 - INFO - *******GROWING CR RULE*******
2026-04-12 13:11:36,693 - INFO - Iteracja 0: condition_best: age >= 19.50, quality_best: 1.0, coverage_best: (p=366, n=0, P=432, N=0)
2026-04-12 13:11:36,697 - INFO - Regula po iteracji 0: IF age >= 19.50 THEN survival_status = {nan}, (p=366, n=0, P=432, N=0)
2026-04-12 13:11:36,697 - INFO - *****GROWING RR RULE*****
2026-04-12 13:11:37,891 - INFO - Iteracja 0: condition_best: None, quality_best: -inf, coverage_best: (p=0, n=0, P=0, N=0), p_value: 0
2026-04-12 13:11:37,894 - INFO - Regula po iteracji 0: IF  THEN survival_status = {nan}, (p=432, n=0, P=432, N=0)
2026-04-12 13:11:37,894 - INFO - *****STOP GROWING RR RULE*****
2026-04-12 13:11:37,894 - INFO - ***RR NOT FOUND***
2026-04-12 13:11:38,461 - INFO - Iteracja 1: condition_best: prio <= 10.50, quality_best: 1.0, coverage_best: (p=354, n=0, P=432, N=0)
2026-04-12 13:11:38,464 - INFO - Regula po iteracji 1: IF age >= 19.50 AND prio <= 10.50 THEN survival_status = {inf}, (p=354, n=0, P=432, N=0)
2026-04-12 13:11:38,465 - INFO - *****GROWING RR RULE*****
2026-04-12 13:11:39,652 - INFO - Iteracja 0: condition_best: None, quality_best: -inf, coverage_best: (p=0, n=0, P=0, N=0), p_value: 0
2026-04-12 13:11:39,655 - INFO - Regula po iteracji 0: IF  THEN survival_status = {nan}, (p=432, n=0, P=432, N=0)
2026-04-12 13:11:39,655 - INFO - *****STOP GROWING RR RULE*****
2026-04-12 13:11:39,655 - INFO - ***RR NOT FOUND***
2026-04-12 13:11:40,207 - INFO - Iteracja 2: condition_best: age <= 43.50, quality_best: 1.0, coverage_best: (p=351, n=0, P=432, N=0)
2026-04-12 13:11:40,210 - INFO - Regula po iteracji 2: IF age >= 19.50 AND prio <= 10.50 AND age <= 43.50 THEN survival_status = {inf}, (p=351, n=0, P=432, N=0)
2026-04-12 13:11:40,211 - INFO - *****GROWING RR RULE*****
2026-04-12 13:11:41,396 - INFO - Iteracja 0: condition_best: None, quality_best: -inf, coverage_best: (p=0, n=0, P=0, N=0), p_value: 0
2026-04-12 13:11:41,399 - INFO - Regula po iteracji 0: IF  THEN survival_status = {nan}, (p=432, n=0, P=432, N=0)
2026-04-12 13:11:41,399 - INFO - *****STOP GROWING RR RULE*****
2026-04-12 13:11:41,399 - INFO - ***RR NOT FOUND***
2026-04-12 13:11:41,960 - INFO - Iteracja 3: condition_best: prio <= 9.50, quality_best: 1.0, coverage_best: (p=347, n=0, P=432, N=0)
2026-04-12 13:11:41,964 - INFO - Regula po iteracji 3: IF age >= 19.50 AND prio <= 10.50 AND age <= 43.50 AND prio <= 9.50 THEN survival_status = {inf}, (p=347, n=0, P=432, N=0)
2026-04-12 13:11:41,964 - INFO - *****GROWING RR RULE*****
2026-04-12 13:11:43,147 - INFO - Iteracja 0: condition_best: None, quality_best: -inf, coverage_best: (p=0, n=0, P=0, N=0), p_value: 0
2026-04-12 13:11:43,150 - INFO - Regula po iteracji 0: IF  THEN survival_status = {nan}, (p=432, n=0, P=432, N=0)
2026-04-12 13:11:43,150 - INFO - *****STOP GROWING RR RULE*****
2026-04-12 13:11:43,150 - INFO - ***RR NOT FOUND***
2026-04-12 13:11:43,718 - INFO - Iteracja 4: condition_best: age <= 42.50, quality_best: 1.0, coverage_best: (p=343, n=0, P=432, N=0)
2026-04-12 13:11:43,721 - INFO - Regula po iteracji 4: IF age >= 19.50 AND prio <= 10.50 AND age <= 43.50 AND prio <= 9.50 AND age <= 42.50 THEN survival_status = {inf}, (p=343, n=0, P=432, N=0)
2026-04-12 13:11:43,722 - INFO - *****GROWING RR RULE*****
2026-04-12 13:11:44,899 - INFO - Iteracja 0: condition_best: None, quality_best: -inf, coverage_best: (p=0, n=0, P=0, N=0), p_value: 0
2026-04-12 13:11:44,902 - INFO - Regula po iteracji 0: IF  THEN survival_status = {nan}, (p=432, n=0, P=432, N=0)
2026-04-12 13:11:44,902 - INFO - *****STOP GROWING RR RULE*****
2026-04-12 13:11:44,902 - INFO - ***RR NOT FOUND***
2026-04-12 13:11:44,902 - INFO - *******STOP GROWING CR RULE*******
2026-04-12 13:11:44,912 - INFO - *******GROWING CR RULE*******
2026-04-12 13:11:45,185 - INFO - Iteracja 0: condition_best: age >= 19.50, quality_best: 1.0, coverage_best: (p=366, n=0, P=432, N=0)
2026-04-12 13:11:45,189 - INFO - Regula po iteracji 0: IF age >= 19.50 THEN survival_status = {nan}, (p=366, n=0, P=432, N=0)
2026-04-12 13:11:45,189 - INFO - *****GROWING RR RULE*****
2026-04-12 13:11:46,384 - INFO - Iteracja 0: condition_best: None, quality_best: -inf, coverage_best: (p=0, n=0, P=0, N=0), p_value: 0
2026-04-12 13:11:46,387 - INFO - Regula po iteracji 0: IF  THEN survival_status = {nan}, (p=432, n=0, P=432, N=0)
2026-04-12 13:11:46,387 - INFO - *****STOP GROWING RR RULE*****
2026-04-12 13:11:46,387 - INFO - ***RR NOT FOUND***
2026-04-12 13:11:46,702 - INFO - Iteracja 1: condition_best: prio <= 13.50, quality_best: 1.0, coverage_best: (p=362, n=0, P=432, N=0)
2026-04-12 13:11:46,705 - INFO - Regula po iteracji 1: IF age >= 19.50 AND prio <= 13.50 THEN survival_status = {inf}, (p=362, n=0, P=432, N=0)
2026-04-12 13:11:46,705 - INFO - *****GROWING RR RULE*****
2026-04-12 13:11:47,901 - INFO - Iteracja 0: condition_best: None, quality_best: -inf, coverage_best: (p=0, n=0, P=0, N=0), p_value: 0
2026-04-12 13:11:47,904 - INFO - Regula po iteracji 0: IF  THEN survival_status = {nan}, (p=432, n=0, P=432, N=0)
2026-04-12 13:11:47,904 - INFO - *****STOP GROWING RR RULE*****
2026-04-12 13:11:47,904 - INFO - ***RR NOT FOUND***
2026-04-12 13:11:48,228 - INFO - Iteracja 2: condition_best: age <= 43.50, quality_best: 1.0, coverage_best: (p=359, n=0, P=432, N=0)
2026-04-12 13:11:48,231 - INFO - Regula po iteracji 2: IF age >= 19.50 AND prio <= 13.50 AND age <= 43.50 THEN survival_status = {inf}, (p=359, n=0, P=432, N=0)
2026-04-12 13:11:48,232 - INFO - *****GROWING RR RULE*****
2026-04-12 13:11:49,423 - INFO - Iteracja 0: condition_best: None, quality_best: -inf, coverage_best: (p=0, n=0, P=0, N=0), p_value: 0
2026-04-12 13:11:49,426 - INFO - Regula po iteracji 0: IF  THEN survival_status = {nan}, (p=432, n=0, P=432, N=0)
2026-04-12 13:11:49,426 - INFO - *****STOP GROWING RR RULE*****
2026-04-12 13:11:49,426 - INFO - ***RR NOT FOUND***
2026-04-12 13:11:49,763 - INFO - Iteracja 3: condition_best: prio <= 12.50, quality_best: 1.0, coverage_best: (p=358, n=0, P=432, N=0)
2026-04-12 13:11:49,766 - INFO - Regula po iteracji 3: IF age >= 19.50 AND prio <= 13.50 AND age <= 43.50 AND prio <= 12.50 THEN survival_status = {inf}, (p=358, n=0, P=432, N=0)
2026-04-12 13:11:49,767 - INFO - *****GROWING RR RULE*****
2026-04-12 13:11:50,955 - INFO - Iteracja 0: condition_best: None, quality_best: -inf, coverage_best: (p=0, n=0, P=0, N=0), p_value: 0
2026-04-12 13:11:50,958 - INFO - Regula po iteracji 0: IF  THEN survival_status = {nan}, (p=432, n=0, P=432, N=0)
2026-04-12 13:11:50,958 - INFO - *****STOP GROWING RR RULE*****
2026-04-12 13:11:50,958 - INFO - ***RR NOT FOUND***
2026-04-12 13:11:51,305 - INFO - Iteracja 4: condition_best: prio <= 11.50, quality_best: 1.0, coverage_best: (p=357, n=0, P=432, N=0)
2026-04-12 13:11:51,308 - INFO - Regula po iteracji 4: IF age >= 19.50 AND prio <= 13.50 AND age <= 43.50 AND prio <= 12.50 AND prio <= 11.50 THEN survival_status = {inf}, (p=357, n=0, P=432, N=0)
2026-04-12 13:11:51,309 - INFO - *****GROWING RR RULE*****
2026-04-12 13:11:52,496 - INFO - Iteracja 0: condition_best: None, quality_best: -inf, coverage_best: (p=0, n=0, P=0, N=0), p_value: 0
2026-04-12 13:11:52,500 - INFO - Regula po iteracji 0: IF  THEN survival_status = {nan}, (p=432, n=0, P=432, N=0)
2026-04-12 13:11:52,500 - INFO - *****STOP GROWING RR RULE*****
2026-04-12 13:11:52,500 - INFO - ***RR NOT FOUND***
2026-04-12 13:11:52,500 - INFO - *******STOP GROWING CR RULE*******
2026-04-12 13:11:52,509 - INFO - *******GROWING CR RULE*******
2026-04-12 13:11:52,777 - INFO - Iteracja 0: condition_best: age >= 19.50, quality_best: 1.0, coverage_best: (p=366, n=0, P=432, N=0)
2026-04-12 13:11:52,781 - INFO - Regula po iteracji 0: IF age >= 19.50 THEN survival_status = {nan}, (p=366, n=0, P=432, N=0)
2026-04-12 13:11:52,781 - INFO - *****GROWING RR RULE*****
2026-04-12 13:11:53,981 - INFO - Iteracja 0: condition_best: None, quality_best: -inf, coverage_best: (p=0, n=0, P=0, N=0), p_value: 0
2026-04-12 13:11:53,984 - INFO - Regula po iteracji 0: IF  THEN survival_status = {nan}, (p=432, n=0, P=432, N=0)
2026-04-12 13:11:53,984 - INFO - *****STOP GROWING RR RULE*****
2026-04-12 13:11:53,984 - INFO - ***RR NOT FOUND***
2026-04-12 13:11:54,293 - INFO - Iteracja 1: condition_best: prio <= 16.50, quality_best: 1.0, coverage_best: (p=365, n=0, P=432, N=0)
2026-04-12 13:11:54,297 - INFO - Regula po iteracji 1: IF age >= 19.50 AND prio <= 16.50 THEN survival_status = {inf}, (p=365, n=0, P=432, N=0)
2026-04-12 13:11:54,298 - INFO - *****GROWING RR RULE*****
2026-04-12 13:11:55,497 - INFO - Iteracja 0: condition_best: None, quality_best: -inf, coverage_best: (p=0, n=0, P=0, N=0), p_value: 0
2026-04-12 13:11:55,500 - INFO - Regula po iteracji 0: IF  THEN survival_status = {nan}, (p=432, n=0, P=432, N=0)
2026-04-12 13:11:55,500 - INFO - *****STOP GROWING RR RULE*****
2026-04-12 13:11:55,500 - INFO - ***RR NOT FOUND***
2026-04-12 13:11:55,823 - INFO - Iteracja 2: condition_best: prio <= 14.50, quality_best: 1.0, coverage_best: (p=364, n=0, P=432, N=0)
2026-04-12 13:11:55,826 - INFO - Regula po iteracji 2: IF age >= 19.50 AND prio <= 16.50 AND prio <= 14.50 THEN survival_status = {inf}, (p=364, n=0, P=432, N=0)
2026-04-12 13:11:55,827 - INFO - *****GROWING RR RULE*****
2026-04-12 13:11:57,020 - INFO - Iteracja 0: condition_best: None, quality_best: -inf, coverage_best: (p=0, n=0, P=0, N=0), p_value: 0
2026-04-12 13:11:57,023 - INFO - Regula po iteracji 0: IF  THEN survival_status = {nan}, (p=432, n=0, P=432, N=0)
2026-04-12 13:11:57,023 - INFO - *****STOP GROWING RR RULE*****
2026-04-12 13:11:57,023 - INFO - ***RR NOT FOUND***
2026-04-12 13:11:57,358 - INFO - Iteracja 3: condition_best: age >= 20.50, quality_best: 1.0, coverage_best: (p=303, n=0, P=432, N=0)
2026-04-12 13:11:57,362 - INFO - Regula po iteracji 3: IF age >= 19.50 AND prio <= 16.50 AND prio <= 14.50 AND age >= 20.50 THEN survival_status = {inf}, (p=303, n=0, P=432, N=0)
2026-04-12 13:11:57,362 - INFO - *****GROWING RR RULE*****
2026-04-12 13:11:58,535 - INFO - Iteracja 0: condition_best: None, quality_best: -inf, coverage_best: (p=0, n=0, P=0, N=0), p_value: 0
2026-04-12 13:11:58,539 - INFO - Regula po iteracji 0: IF  THEN survival_status = {nan}, (p=432, n=0, P=432, N=0)
2026-04-12 13:11:58,539 - INFO - *****STOP GROWING RR RULE*****
2026-04-12 13:11:58,539 - INFO - ***RR NOT FOUND***
2026-04-12 13:11:58,886 - INFO - Iteracja 4: condition_best: educ <= 5.50, quality_best: 1.0, coverage_best: (p=292, n=0, P=432, N=0)
2026-04-12 13:11:58,890 - INFO - Regula po iteracji 4: IF age >= 19.50 AND prio <= 16.50 AND prio <= 14.50 AND age >= 20.50 AND educ <= 5.50 THEN survival_status = {inf}, (p=292, n=0, P=432, N=0)
2026-04-12 13:11:58,890 - INFO - *****GROWING RR RULE*****
2026-04-12 13:12:00,056 - INFO - Iteracja 0: condition_best: None, quality_best: -inf, coverage_best: (p=0, n=0, P=0, N=0), p_value: 0
2026-04-12 13:12:00,059 - INFO - Regula po iteracji 0: IF  THEN survival_status = {nan}, (p=432, n=0, P=432, N=0)
2026-04-12 13:12:00,059 - INFO - *****STOP GROWING RR RULE*****
2026-04-12 13:12:00,059 - INFO - ***RR NOT FOUND***
2026-04-12 13:12:00,059 - INFO - *******STOP GROWING CR RULE*******
2026-04-12 13:12:00,066 - INFO - *******GROWING CR RULE*******
2026-04-12 13:12:00,331 - INFO - Iteracja 0: condition_best: age <= 19.50, quality_best: 1.0, coverage_best: (p=66, n=0, P=432, N=0)
2026-04-12 13:12:00,334 - INFO - Regula po iteracji 0: IF age <= 19.50 THEN survival_status = {nan}, (p=66, n=0, P=432, N=0)
2026-04-12 13:12:00,334 - INFO - *****GROWING RR RULE*****
2026-04-12 13:12:01,420 - INFO - Iteracja 0: condition_best: prio >= 8.50, quality_best: 0.976, coverage_best: (p=28, n=0, P=432, N=0), p_value: 0.631
2026-04-12 13:12:01,423 - INFO - Regula po iteracji 0: IF prio >= 8.50 THEN survival_status = {nan}, (p=28, n=0, P=432, N=0)
2026-04-12 13:12:02,230 - INFO - Iteracja 1: condition_best: emp6 = {no}, quality_best: 0.995, coverage_best: (p=21, n=0, P=432, N=0), p_value: 0.966
2026-04-12 13:12:02,233 - INFO - Regula po iteracji 1: IF prio >= 8.50 AND emp6 = {no} THEN survival_status = {inf}, (p=21, n=0, P=432, N=0)
2026-04-12 13:12:03,021 - INFO - Iteracja 2: condition_best: None, quality_best: -inf, coverage_best: (p=0, n=0, P=0, N=0), p_value: 0.966
2026-04-12 13:12:03,024 - INFO - Regula po iteracji 2: IF prio >= 8.50 AND emp6 = {no} THEN survival_status = {inf}, (p=21, n=0, P=432, N=0)
2026-04-12 13:12:03,025 - INFO - *****STOP GROWING RR RULE*****
2026-04-12 13:12:03,025 - INFO - ***RR FOUND***
2026-04-12 13:12:03,025 - INFO - Reference rule: IF prio >= 8.50 AND emp6 = {no} THEN survival_status = {inf}
2026-04-12 13:12:03,025 - INFO - ***CHECKING EXCEPTION***
2026-04-12 13:12:03,026 - INFO - ER vs CR p_value: 0.0074513652170469236
2026-04-12 13:12:03,026 - INFO - ER vs RR p_value: 0.03947324361589277
2026-04-12 13:12:03,040 - INFO - ***ER FOUND***
2026-04-12 13:12:03,040 - INFO - Exception rule: IF age <= 19.50 AND prio >= 8.50 AND emp6 = {no} THEN survival_status = {14.0} (p=4, n=0, P=432, N=0)
2026-04-12 13:12:03,040 - INFO - *******STOP GROWING CR RULE*******
2026-04-12 13:12:03,043 - INFO - *******GROWING CR RULE*******
2026-04-12 13:12:03,259 - INFO - Iteracja 0: condition_best: age >= 19.50, quality_best: 1.0, coverage_best: (p=366, n=0, P=432, N=0)
2026-04-12 13:12:03,262 - INFO - Regula po iteracji 0: IF age >= 19.50 THEN survival_status = {nan}, (p=366, n=0, P=432, N=0)
2026-04-12 13:12:03,262 - INFO - *****GROWING RR RULE*****
2026-04-12 13:12:04,458 - INFO - Iteracja 0: condition_best: None, quality_best: -inf, coverage_best: (p=0, n=0, P=0, N=0), p_value: 0
2026-04-12 13:12:04,461 - INFO - Regula po iteracji 0: IF  THEN survival_status = {nan}, (p=432, n=0, P=432, N=0)
2026-04-12 13:12:04,461 - INFO - *****STOP GROWING RR RULE*****
2026-04-12 13:12:04,461 - INFO - ***RR NOT FOUND***
2026-04-12 13:12:04,716 - INFO - Iteracja 1: condition_best: prio <= 10.50, quality_best: 1.0, coverage_best: (p=354, n=0, P=432, N=0)
2026-04-12 13:12:04,720 - INFO - Regula po iteracji 1: IF age >= 19.50 AND prio <= 10.50 THEN survival_status = {inf}, (p=354, n=0, P=432, N=0)
2026-04-12 13:12:04,720 - INFO - *****GROWING RR RULE*****
2026-04-12 13:12:05,907 - INFO - Iteracja 0: condition_best: None, quality_best: -inf, coverage_best: (p=0, n=0, P=0, N=0), p_value: 0
2026-04-12 13:12:05,910 - INFO - Regula po iteracji 0: IF  THEN survival_status = {nan}, (p=432, n=0, P=432, N=0)
2026-04-12 13:12:05,910 - INFO - *****STOP GROWING RR RULE*****
2026-04-12 13:12:05,910 - INFO - ***RR NOT FOUND***
2026-04-12 13:12:06,168 - INFO - Iteracja 2: condition_best: age <= 43.50, quality_best: 1.0, coverage_best: (p=351, n=0, P=432, N=0)
2026-04-12 13:12:06,171 - INFO - Regula po iteracji 2: IF age >= 19.50 AND prio <= 10.50 AND age <= 43.50 THEN survival_status = {inf}, (p=351, n=0, P=432, N=0)
2026-04-12 13:12:06,172 - INFO - *****GROWING RR RULE*****
2026-04-12 13:12:07,356 - INFO - Iteracja 0: condition_best: None, quality_best: -inf, coverage_best: (p=0, n=0, P=0, N=0), p_value: 0
2026-04-12 13:12:07,359 - INFO - Regula po iteracji 0: IF  THEN survival_status = {nan}, (p=432, n=0, P=432, N=0)
2026-04-12 13:12:07,359 - INFO - *****STOP GROWING RR RULE*****
2026-04-12 13:12:07,359 - INFO - ***RR NOT FOUND***
2026-04-12 13:12:07,629 - INFO - Iteracja 3: condition_best: prio <= 9.50, quality_best: 1.0, coverage_best: (p=347, n=0, P=432, N=0)
2026-04-12 13:12:07,633 - INFO - Regula po iteracji 3: IF age >= 19.50 AND prio <= 10.50 AND age <= 43.50 AND prio <= 9.50 THEN survival_status = {inf}, (p=347, n=0, P=432, N=0)
2026-04-12 13:12:07,633 - INFO - *****GROWING RR RULE*****
2026-04-12 13:12:08,816 - INFO - Iteracja 0: condition_best: None, quality_best: -inf, coverage_best: (p=0, n=0, P=0, N=0), p_value: 0
2026-04-12 13:12:08,819 - INFO - Regula po iteracji 0: IF  THEN survival_status = {nan}, (p=432, n=0, P=432, N=0)
2026-04-12 13:12:08,819 - INFO - *****STOP GROWING RR RULE*****
2026-04-12 13:12:08,819 - INFO - ***RR NOT FOUND***
2026-04-12 13:12:09,103 - INFO - Iteracja 4: condition_best: age <= 42.50, quality_best: 1.0, coverage_best: (p=343, n=0, P=432, N=0)
2026-04-12 13:12:09,107 - INFO - Regula po iteracji 4: IF age >= 19.50 AND prio <= 10.50 AND age <= 43.50 AND prio <= 9.50 AND age <= 42.50 THEN survival_status = {inf}, (p=343, n=0, P=432, N=0)
2026-04-12 13:12:09,107 - INFO - *****GROWING RR RULE*****
2026-04-12 13:12:10,293 - INFO - Iteracja 0: condition_best: None, quality_best: -inf, coverage_best: (p=0, n=0, P=0, N=0), p_value: 0
2026-04-12 13:12:10,296 - INFO - Regula po iteracji 0: IF  THEN survival_status = {nan}, (p=432, n=0, P=432, N=0)
2026-04-12 13:12:10,297 - INFO - *****STOP GROWING RR RULE*****
2026-04-12 13:12:10,297 - INFO - ***RR NOT FOUND***
2026-04-12 13:12:10,297 - INFO - *******STOP GROWING CR RULE*******
2026-04-12 13:12:10,449 - INFO - ************************Finished experiment for 05_Rossi.arff with algorithm************************
2026-04-12 13:12:10,449 - INFO - *************************************************************************************************************************
2026-04-12 13:12:10,449 - INFO - *************************************************************************************************************************
2026-04-12 13:12:10,449 - INFO - *************************************************************************************************************************
