2026-04-14 12:41:23,757 - INFO - **********Starting experiment for servo.arff with algorithm_rulekit**********
2026-04-14 12:41:23,807 - INFO - ************************Finished experiment for servo.arff with algorithm_rulekit************************
2026-04-14 12:41:23,808 - INFO - *************************************************************************************************************************
2026-04-14 12:41:23,808 - INFO - *************************************************************************************************************************
2026-04-14 12:41:23,808 - INFO - *************************************************************************************************************************
2026-04-14 12:41:23,808 - INFO - **********Starting experiment for servo.arff with algorithm_rer**********
2026-04-14 12:41:23,814 - INFO - *******GROWING CR RULE*******
2026-04-14 12:41:23,816 - INFO - Iteracja 0: condition_best: pgain = {3}, quality_best: 0.482, coverage_best: (p=18, n=14, P=18, N=98)
2026-04-14 12:41:23,816 - INFO - Regula po iteracji 0: IF pgain = {3} THEN class = {3.42} [1.57, 5.27], (p=18, n=14, P=18, N=98)
2026-04-14 12:41:23,817 - INFO - Iteracja 1: condition_best: motor = {A}, quality_best: 0.562, coverage_best: (p=5, n=1, P=13, N=103)
2026-04-14 12:41:23,817 - INFO - Regula po iteracji 1: IF pgain = {3} AND motor = {A} THEN class = {4.47} [3.84, 5.09], (p=5, n=1, P=13, N=103)
2026-04-14 12:41:23,817 - INFO - Iteracja 2: condition_best: None, quality_best: -inf, coverage_best: (p=0, n=0, P=0, N=0)
2026-04-14 12:41:23,818 - INFO - Regula po iteracji 2: IF pgain = {3} AND motor = {A} THEN class = {4.47} [3.84, 5.09], (p=5, n=1, P=13, N=103)
2026-04-14 12:41:23,818 - INFO - *******STOP GROWING CR RULE*******
2026-04-14 12:41:23,819 - INFO - *******GROWING CR RULE*******
2026-04-14 12:41:23,820 - INFO - Iteracja 0: condition_best: pgain = {3}, quality_best: 0.482, coverage_best: (p=18, n=14, P=18, N=98)
2026-04-14 12:41:23,820 - INFO - Regula po iteracji 0: IF pgain = {3} THEN class = {3.42} [1.57, 5.27], (p=18, n=14, P=18, N=98)
2026-04-14 12:41:23,821 - INFO - Iteracja 1: condition_best: screw = {A}, quality_best: 0.556, coverage_best: (p=4, n=3, P=4, N=112)
2026-04-14 12:41:23,821 - INFO - Regula po iteracji 1: IF pgain = {3} AND screw = {A} THEN class = {5.67} [4.74, 6.61], (p=4, n=3, P=4, N=112)
2026-04-14 12:41:23,821 - INFO - Iteracja 2: condition_best: None, quality_best: -inf, coverage_best: (p=0, n=0, P=0, N=0)
2026-04-14 12:41:23,821 - INFO - Regula po iteracji 2: IF pgain = {3} AND screw = {A} THEN class = {5.67} [4.74, 6.61], (p=4, n=3, P=4, N=112)
2026-04-14 12:41:23,821 - INFO - *******STOP GROWING CR RULE*******
2026-04-14 12:41:23,822 - INFO - *******GROWING CR RULE*******
2026-04-14 12:41:23,824 - INFO - Iteracja 0: condition_best: pgain = {3}, quality_best: 0.482, coverage_best: (p=18, n=14, P=18, N=98)
2026-04-14 12:41:23,824 - INFO - Regula po iteracji 0: IF pgain = {3} THEN class = {3.42} [1.57, 5.27], (p=18, n=14, P=18, N=98)
2026-04-14 12:41:23,825 - INFO - Iteracja 1: condition_best: vgain = {1}, quality_best: 0.399, coverage_best: (p=10, n=7, P=18, N=98)
2026-04-14 12:41:23,825 - INFO - Regula po iteracji 1: IF pgain = {3} AND vgain = {1} THEN class = {3.28} [1.50, 5.06], (p=10, n=7, P=18, N=98)
2026-04-14 12:41:23,825 - INFO - Iteracja 2: condition_best: None, quality_best: -inf, coverage_best: (p=0, n=0, P=0, N=0)
2026-04-14 12:41:23,825 - INFO - Regula po iteracji 2: IF pgain = {3} AND vgain = {1} THEN class = {3.28} [1.50, 5.06], (p=10, n=7, P=18, N=98)
2026-04-14 12:41:23,825 - INFO - *******STOP GROWING CR RULE*******
2026-04-14 12:41:23,826 - INFO - *******GROWING CR RULE*******
2026-04-14 12:41:23,828 - INFO - Iteracja 0: condition_best: pgain = {3}, quality_best: 0.482, coverage_best: (p=18, n=14, P=18, N=98)
2026-04-14 12:41:23,828 - INFO - Regula po iteracji 0: IF pgain = {3} THEN class = {3.42} [1.57, 5.27], (p=18, n=14, P=18, N=98)
2026-04-14 12:41:23,828 - INFO - Iteracja 1: condition_best: vgain = {2}, quality_best: 0.323, coverage_best: (p=8, n=7, P=18, N=98)
2026-04-14 12:41:23,829 - INFO - Regula po iteracji 1: IF pgain = {3} AND vgain = {2} THEN class = {3.58} [1.67, 5.49], (p=8, n=7, P=18, N=98)
2026-04-14 12:41:23,829 - INFO - Iteracja 2: condition_best: None, quality_best: -inf, coverage_best: (p=0, n=0, P=0, N=0)
2026-04-14 12:41:23,829 - INFO - Regula po iteracji 2: IF pgain = {3} AND vgain = {2} THEN class = {3.58} [1.67, 5.49], (p=8, n=7, P=18, N=98)
2026-04-14 12:41:23,829 - INFO - *******STOP GROWING CR RULE*******
2026-04-14 12:41:23,830 - INFO - *******GROWING CR RULE*******
2026-04-14 12:41:23,831 - INFO - Iteracja 0: condition_best: vgain = {3}, quality_best: 0.421, coverage_best: (p=13, n=7, P=25, N=91)
2026-04-14 12:41:23,831 - INFO - Regula po iteracji 0: IF vgain = {3} THEN class = {0.93} [0.76, 1.10], (p=13, n=7, P=25, N=91)
2026-04-14 12:41:23,832 - INFO - Iteracja 1: condition_best: pgain = {4}, quality_best: 0.515, coverage_best: (p=11, n=6, P=15, N=101)
2026-04-14 12:41:23,832 - INFO - Regula po iteracji 1: IF vgain = {3} AND pgain = {4} THEN class = {0.98} [0.87, 1.10], (p=11, n=6, P=15, N=101)
2026-04-14 12:41:23,833 - INFO - Iteracja 2: condition_best: motor = {E}, quality_best: 0.307, coverage_best: (p=3, n=2, P=18, N=98)
2026-04-14 12:41:23,833 - INFO - Regula po iteracji 2: IF vgain = {3} AND pgain = {4} AND motor = {E} THEN class = {0.96} [0.81, 1.10], (p=3, n=2, P=18, N=98)
2026-04-14 12:41:23,834 - INFO - Iteracja 3: condition_best: None, quality_best: -inf, coverage_best: (p=0, n=0, P=0, N=0)
2026-04-14 12:41:23,834 - INFO - Regula po iteracji 3: IF vgain = {3} AND pgain = {4} AND motor = {E} THEN class = {0.96} [0.81, 1.10], (p=3, n=2, P=18, N=98)
2026-04-14 12:41:23,834 - INFO - *******STOP GROWING CR RULE*******
2026-04-14 12:41:23,835 - INFO - *******GROWING CR RULE*******
2026-04-14 12:41:23,836 - INFO - Iteracja 0: condition_best: vgain = {3}, quality_best: 0.421, coverage_best: (p=13, n=7, P=25, N=91)
2026-04-14 12:41:23,836 - INFO - Regula po iteracji 0: IF vgain = {3} THEN class = {0.93} [0.76, 1.10], (p=13, n=7, P=25, N=91)
2026-04-14 12:41:23,837 - INFO - Iteracja 1: condition_best: pgain = {4}, quality_best: 0.515, coverage_best: (p=11, n=6, P=15, N=101)
2026-04-14 12:41:23,837 - INFO - Regula po iteracji 1: IF vgain = {3} AND pgain = {4} THEN class = {0.98} [0.87, 1.10], (p=11, n=6, P=15, N=101)
2026-04-14 12:41:23,838 - INFO - Iteracja 2: condition_best: None, quality_best: -inf, coverage_best: (p=0, n=0, P=0, N=0)
2026-04-14 12:41:23,838 - INFO - Regula po iteracji 2: IF vgain = {3} AND pgain = {4} THEN class = {0.98} [0.87, 1.10], (p=11, n=6, P=15, N=101)
2026-04-14 12:41:23,838 - INFO - *******STOP GROWING CR RULE*******
2026-04-14 12:41:23,838 - INFO - *******GROWING CR RULE*******
2026-04-14 12:41:23,840 - INFO - Iteracja 0: condition_best: pgain = {6}, quality_best: 0.399, coverage_best: (p=14, n=6, P=35, N=81)
2026-04-14 12:41:23,840 - INFO - Regula po iteracji 0: IF pgain = {6} THEN class = {0.53} [0.40, 0.66], (p=14, n=6, P=35, N=81)
2026-04-14 12:41:23,841 - INFO - Iteracja 1: condition_best: motor = {C}, quality_best: 0.517, coverage_best: (p=7, n=1, P=29, N=87)
2026-04-14 12:41:23,841 - INFO - Regula po iteracji 1: IF pgain = {6} AND motor = {C} THEN class = {0.55} [0.46, 0.64], (p=7, n=1, P=29, N=87)
2026-04-14 12:41:23,841 - INFO - Iteracja 2: condition_best: vgain = {5}, quality_best: 0.414, coverage_best: (p=4, n=1, P=30, N=86)
2026-04-14 12:41:23,841 - INFO - Regula po iteracji 2: IF pgain = {6} AND motor = {C} AND vgain = {5} THEN class = {0.55} [0.44, 0.66], (p=4, n=1, P=30, N=86)
2026-04-14 12:41:23,842 - INFO - Iteracja 3: condition_best: None, quality_best: -inf, coverage_best: (p=0, n=0, P=0, N=0)
2026-04-14 12:41:23,842 - INFO - Regula po iteracji 3: IF pgain = {6} AND motor = {C} AND vgain = {5} THEN class = {0.55} [0.44, 0.66], (p=4, n=1, P=30, N=86)
2026-04-14 12:41:23,842 - INFO - *******STOP GROWING CR RULE*******
2026-04-14 12:41:23,843 - INFO - *******GROWING CR RULE*******
2026-04-14 12:41:23,844 - INFO - Iteracja 0: condition_best: pgain = {6}, quality_best: 0.399, coverage_best: (p=14, n=6, P=35, N=81)
2026-04-14 12:41:23,844 - INFO - Regula po iteracji 0: IF pgain = {6} THEN class = {0.53} [0.40, 0.66], (p=14, n=6, P=35, N=81)
2026-04-14 12:41:23,845 - INFO - Iteracja 1: condition_best: vgain = {5}, quality_best: 0.364, coverage_best: (p=12, n=5, P=39, N=77)
2026-04-14 12:41:23,845 - INFO - Regula po iteracji 1: IF pgain = {6} AND vgain = {5} THEN class = {0.53} [0.39, 0.67], (p=12, n=5, P=39, N=77)
2026-04-14 12:41:23,846 - INFO - Iteracja 2: condition_best: None, quality_best: -inf, coverage_best: (p=0, n=0, P=0, N=0)
2026-04-14 12:41:23,846 - INFO - Regula po iteracji 2: IF pgain = {6} AND vgain = {5} THEN class = {0.53} [0.39, 0.67], (p=12, n=5, P=39, N=77)
2026-04-14 12:41:23,846 - INFO - *******STOP GROWING CR RULE*******
2026-04-14 12:41:23,846 - INFO - *******GROWING CR RULE*******
2026-04-14 12:41:23,848 - INFO - Iteracja 0: condition_best: pgain = {5}, quality_best: 0.394, coverage_best: (p=15, n=6, P=39, N=77)
2026-04-14 12:41:23,848 - INFO - Regula po iteracji 0: IF pgain = {5} THEN class = {0.53} [0.39, 0.68], (p=15, n=6, P=39, N=77)
2026-04-14 12:41:23,849 - INFO - Iteracja 1: condition_best: motor = {C}, quality_best: 0.436, coverage_best: (p=4, n=1, P=24, N=92)
2026-04-14 12:41:23,849 - INFO - Regula po iteracji 1: IF pgain = {5} AND motor = {C} THEN class = {0.57} [0.47, 0.67], (p=4, n=1, P=24, N=92)
2026-04-14 12:41:23,849 - INFO - Iteracja 2: condition_best: None, quality_best: -inf, coverage_best: (p=0, n=0, P=0, N=0)
2026-04-14 12:41:23,849 - INFO - Regula po iteracji 2: IF pgain = {5} AND motor = {C} THEN class = {0.57} [0.47, 0.67], (p=4, n=1, P=24, N=92)
2026-04-14 12:41:23,849 - INFO - *******STOP GROWING CR RULE*******
2026-04-14 12:41:23,850 - INFO - *******GROWING CR RULE*******
2026-04-14 12:41:23,851 - INFO - Iteracja 0: condition_best: pgain = {5}, quality_best: 0.394, coverage_best: (p=15, n=6, P=39, N=77)
2026-04-14 12:41:23,851 - INFO - Regula po iteracji 0: IF pgain = {5} THEN class = {0.53} [0.39, 0.68], (p=15, n=6, P=39, N=77)
2026-04-14 12:41:23,852 - INFO - Iteracja 1: condition_best: motor = {A}, quality_best: 0.41, coverage_best: (p=4, n=1, P=31, N=85)
2026-04-14 12:41:23,852 - INFO - Regula po iteracji 1: IF pgain = {5} AND motor = {A} THEN class = {0.62} [0.50, 0.73], (p=4, n=1, P=31, N=85)
2026-04-14 12:41:23,853 - INFO - Iteracja 2: condition_best: None, quality_best: -inf, coverage_best: (p=0, n=0, P=0, N=0)
2026-04-14 12:41:23,853 - INFO - Regula po iteracji 2: IF pgain = {5} AND motor = {A} THEN class = {0.62} [0.50, 0.73], (p=4, n=1, P=31, N=85)
2026-04-14 12:41:23,853 - INFO - *******STOP GROWING CR RULE*******
2026-04-14 12:41:23,853 - INFO - *******GROWING CR RULE*******
2026-04-14 12:41:23,854 - INFO - Iteracja 0: condition_best: pgain = {5}, quality_best: 0.394, coverage_best: (p=15, n=6, P=39, N=77)
2026-04-14 12:41:23,854 - INFO - Regula po iteracji 0: IF pgain = {5} THEN class = {0.53} [0.39, 0.68], (p=15, n=6, P=39, N=77)
2026-04-14 12:41:23,855 - INFO - Iteracja 1: condition_best: vgain = {4}, quality_best: 0.388, coverage_best: (p=13, n=5, P=39, N=77)
2026-04-14 12:41:23,855 - INFO - Regula po iteracji 1: IF pgain = {5} AND vgain = {4} THEN class = {0.52} [0.37, 0.66], (p=13, n=5, P=39, N=77)
2026-04-14 12:41:23,856 - INFO - Iteracja 2: condition_best: motor = {E}, quality_best: 0.297, coverage_best: (p=3, n=2, P=20, N=96)
2026-04-14 12:41:23,856 - INFO - Regula po iteracji 2: IF pgain = {5} AND vgain = {4} AND motor = {E} THEN class = {0.40} [0.30, 0.51], (p=3, n=2, P=20, N=96)
2026-04-14 12:41:23,857 - INFO - Iteracja 3: condition_best: None, quality_best: -inf, coverage_best: (p=0, n=0, P=0, N=0)
2026-04-14 12:41:23,857 - INFO - Regula po iteracji 3: IF pgain = {5} AND vgain = {4} AND motor = {E} THEN class = {0.40} [0.30, 0.51], (p=3, n=2, P=20, N=96)
2026-04-14 12:41:23,857 - INFO - *******STOP GROWING CR RULE*******
2026-04-14 12:41:23,857 - INFO - *******GROWING CR RULE*******
2026-04-14 12:41:23,858 - INFO - Iteracja 0: condition_best: pgain = {5}, quality_best: 0.394, coverage_best: (p=15, n=6, P=39, N=77)
2026-04-14 12:41:23,858 - INFO - Regula po iteracji 0: IF pgain = {5} THEN class = {0.53} [0.39, 0.68], (p=15, n=6, P=39, N=77)
2026-04-14 12:41:23,859 - INFO - Iteracja 1: condition_best: vgain = {4}, quality_best: 0.388, coverage_best: (p=13, n=5, P=39, N=77)
2026-04-14 12:41:23,859 - INFO - Regula po iteracji 1: IF pgain = {5} AND vgain = {4} THEN class = {0.52} [0.37, 0.66], (p=13, n=5, P=39, N=77)
2026-04-14 12:41:23,860 - INFO - Iteracja 2: condition_best: None, quality_best: -inf, coverage_best: (p=0, n=0, P=0, N=0)
2026-04-14 12:41:23,860 - INFO - Regula po iteracji 2: IF pgain = {5} AND vgain = {4} THEN class = {0.52} [0.37, 0.66], (p=13, n=5, P=39, N=77)
2026-04-14 12:41:23,860 - INFO - *******STOP GROWING CR RULE*******
2026-04-14 12:41:23,861 - INFO - *******GROWING CR RULE*******
2026-04-14 12:41:23,862 - INFO - Iteracja 0: condition_best: motor = {E}, quality_best: 0.346, coverage_best: (p=24, n=2, P=96, N=20)
2026-04-14 12:41:23,862 - INFO - Regula po iteracji 0: IF motor = {E} THEN class = {1.25} [-0.46, 2.95], (p=24, n=2, P=96, N=20)
2026-04-14 12:41:23,863 - INFO - Iteracja 1: condition_best: pgain = {4}, quality_best: 0.039, coverage_best: (p=6, n=4, P=66, N=50)
2026-04-14 12:41:23,863 - INFO - Regula po iteracji 1: IF motor = {E} AND pgain = {4} THEN class = {0.79} [0.47, 1.12], (p=6, n=4, P=66, N=50)
2026-04-14 12:41:23,863 - INFO - Iteracja 2: condition_best: None, quality_best: -inf, coverage_best: (p=0, n=0, P=0, N=0)
2026-04-14 12:41:23,864 - INFO - Regula po iteracji 2: IF motor = {E} AND pgain = {4} THEN class = {0.79} [0.47, 1.12], (p=6, n=4, P=66, N=50)
2026-04-14 12:41:23,864 - INFO - *******STOP GROWING CR RULE*******
2026-04-14 12:41:23,864 - INFO - *******GROWING CR RULE*******
2026-04-14 12:41:23,865 - INFO - Iteracja 0: condition_best: screw = {D}, quality_best: 0.302, coverage_best: (p=21, n=2, P=96, N=20)
2026-04-14 12:41:23,865 - INFO - Regula po iteracji 0: IF screw = {D} THEN class = {0.94} [-0.09, 1.96], (p=21, n=2, P=96, N=20)
2026-04-14 12:41:23,866 - INFO - Iteracja 1: condition_best: pgain = {4}, quality_best: -0.254, coverage_best: (p=4, n=6, P=69, N=47)
2026-04-14 12:41:23,866 - INFO - Regula po iteracji 1: IF screw = {D} AND pgain = {4} THEN class = {0.60} [0.26, 0.94], (p=4, n=6, P=69, N=47)
2026-04-14 12:41:23,867 - INFO - Iteracja 2: condition_best: None, quality_best: -inf, coverage_best: (p=0, n=0, P=0, N=0)
2026-04-14 12:41:23,867 - INFO - Regula po iteracji 2: IF screw = {D} AND pgain = {4} THEN class = {0.60} [0.26, 0.94], (p=4, n=6, P=69, N=47)
2026-04-14 12:41:23,867 - INFO - *******STOP GROWING CR RULE*******
2026-04-14 12:41:23,867 - INFO - *******GROWING CR RULE*******
2026-04-14 12:41:23,868 - INFO - Iteracja 0: condition_best: pgain = {4}, quality_best: 0.095, coverage_best: (p=26, n=17, P=63, N=53)
2026-04-14 12:41:23,868 - INFO - Regula po iteracji 0: IF pgain = {4} THEN class = {0.71} [0.40, 1.02], (p=26, n=17, P=63, N=53)
2026-04-14 12:41:23,869 - INFO - Iteracja 1: condition_best: screw = {A}, quality_best: 0.414, coverage_best: (p=9, n=3, P=33, N=83)
2026-04-14 12:41:23,869 - INFO - Regula po iteracji 1: IF pgain = {4} AND screw = {A} THEN class = {0.86} [0.63, 1.09], (p=9, n=3, P=33, N=83)
2026-04-14 12:41:23,870 - INFO - Iteracja 2: condition_best: None, quality_best: -inf, coverage_best: (p=0, n=0, P=0, N=0)
2026-04-14 12:41:23,870 - INFO - Regula po iteracji 2: IF pgain = {4} AND screw = {A} THEN class = {0.86} [0.63, 1.09], (p=9, n=3, P=33, N=83)
2026-04-14 12:41:23,870 - INFO - *******STOP GROWING CR RULE*******
2026-04-14 12:41:23,870 - INFO - *******GROWING CR RULE*******
2026-04-14 12:41:23,872 - INFO - Iteracja 0: condition_best: pgain = {4}, quality_best: 0.095, coverage_best: (p=26, n=17, P=63, N=53)
2026-04-14 12:41:23,872 - INFO - Regula po iteracji 0: IF pgain = {4} THEN class = {0.71} [0.40, 1.02], (p=26, n=17, P=63, N=53)
2026-04-14 12:41:23,873 - INFO - Iteracja 1: condition_best: vgain = {2}, quality_best: 0.225, coverage_best: (p=8, n=5, P=44, N=72)
2026-04-14 12:41:23,873 - INFO - Regula po iteracji 1: IF pgain = {4} AND vgain = {2} THEN class = {0.50} [0.31, 0.69], (p=8, n=5, P=44, N=72)
2026-04-14 12:41:23,873 - INFO - Iteracja 2: condition_best: None, quality_best: -inf, coverage_best: (p=0, n=0, P=0, N=0)
2026-04-14 12:41:23,873 - INFO - Regula po iteracji 2: IF pgain = {4} AND vgain = {2} THEN class = {0.50} [0.31, 0.69], (p=8, n=5, P=44, N=72)
2026-04-14 12:41:23,873 - INFO - *******STOP GROWING CR RULE*******
2026-04-14 12:41:23,874 - INFO - *******GROWING CR RULE*******
2026-04-14 12:41:23,875 - INFO - Iteracja 0: condition_best: pgain = {4}, quality_best: 0.095, coverage_best: (p=26, n=17, P=63, N=53)
2026-04-14 12:41:23,875 - INFO - Regula po iteracji 0: IF pgain = {4} THEN class = {0.71} [0.40, 1.02], (p=26, n=17, P=63, N=53)
2026-04-14 12:41:23,876 - INFO - Iteracja 1: condition_best: vgain = {1}, quality_best: -0.028, coverage_best: (p=7, n=6, P=65, N=51)
2026-04-14 12:41:23,876 - INFO - Regula po iteracji 1: IF pgain = {4} AND vgain = {1} THEN class = {0.57} [0.26, 0.87], (p=7, n=6, P=65, N=51)
2026-04-14 12:41:23,877 - INFO - Iteracja 2: condition_best: None, quality_best: -inf, coverage_best: (p=0, n=0, P=0, N=0)
2026-04-14 12:41:23,877 - INFO - Regula po iteracji 2: IF pgain = {4} AND vgain = {1} THEN class = {0.57} [0.26, 0.87], (p=7, n=6, P=65, N=51)
2026-04-14 12:41:23,877 - INFO - *******STOP GROWING CR RULE*******
2026-04-14 12:41:23,877 - INFO - *******GROWING CR RULE*******
2026-04-14 12:41:23,878 - INFO - Iteracja 0: condition_best: pgain = {3}, quality_best: 0.482, coverage_best: (p=18, n=14, P=18, N=98)
2026-04-14 12:41:23,878 - INFO - Regula po iteracji 0: IF pgain = {3} THEN class = {3.42} [1.57, 5.27], (p=18, n=14, P=18, N=98)
2026-04-14 12:41:23,879 - INFO - Iteracja 1: condition_best: motor = {A}, quality_best: 0.562, coverage_best: (p=5, n=1, P=13, N=103)
2026-04-14 12:41:23,879 - INFO - Regula po iteracji 1: IF pgain = {3} AND motor = {A} THEN class = {4.47} [3.84, 5.09], (p=5, n=1, P=13, N=103)
2026-04-14 12:41:23,880 - INFO - Iteracja 2: condition_best: screw = {A}, quality_best: 1.0, coverage_best: (p=1, n=0, P=1, N=115)
2026-04-14 12:41:23,880 - INFO - Regula po iteracji 2: IF pgain = {3} AND motor = {A} AND screw = {A} THEN class = {5.70} [5.70, 5.70], (p=1, n=0, P=1, N=115)
2026-04-14 12:41:23,880 - INFO - Iteracja 3: condition_best: vgain = {2}, quality_best: 1.0, coverage_best: (p=1, n=0, P=1, N=115)
2026-04-14 12:41:23,880 - INFO - Regula po iteracji 3: IF pgain = {3} AND motor = {A} AND screw = {A} AND vgain = {2} THEN class = {5.70} [5.70, 5.70], (p=1, n=0, P=1, N=115)
2026-04-14 12:41:23,881 - INFO - Iteracja 4: condition_best: None, quality_best: -inf, coverage_best: (p=0, n=0, P=0, N=0)
2026-04-14 12:41:23,881 - INFO - Regula po iteracji 4: IF pgain = {3} AND motor = {A} AND screw = {A} AND vgain = {2} THEN class = {5.70} [5.70, 5.70], (p=1, n=0, P=1, N=115)
2026-04-14 12:41:23,881 - INFO - *******STOP GROWING CR RULE*******
2026-04-14 12:41:23,891 - INFO - ************************Finished experiment for servo.arff with algorithm_rer************************
2026-04-14 12:41:23,891 - INFO - *************************************************************************************************************************
2026-04-14 12:41:23,891 - INFO - *************************************************************************************************************************
2026-04-14 12:41:23,891 - INFO - *************************************************************************************************************************
2026-04-14 12:41:23,891 - INFO - **********Starting experiment for servo.arff with algorithm_rer_with_exceptions**********
2026-04-14 12:41:23,897 - INFO - *******GROWING CR RULE*******
2026-04-14 12:41:23,898 - INFO - Iteracja 0: condition_best: pgain = {3}, quality_best: 0.482, coverage_best: (p=18, n=14, P=18, N=98)
2026-04-14 12:41:23,898 - INFO - Regula po iteracji 0: IF pgain = {3} THEN class = {3.42} [1.57, 5.27], (p=18, n=14, P=18, N=98)
2026-04-14 12:41:23,898 - INFO - *****GROWING RR RULE*****
2026-04-14 12:41:23,902 - INFO - Iteracja 0: condition_best: None, quality_best: -inf, coverage_best: (p=0, n=0, P=0, N=0), p_value: 0
2026-04-14 12:41:23,903 - INFO - Regula po iteracji 0: IF  THEN class = {1.39} [-0.20, 2.99], (p=96, n=20, P=96, N=20)
2026-04-14 12:41:23,903 - INFO - *****STOP GROWING RR RULE*****
2026-04-14 12:41:23,903 - INFO - ***RR NOT FOUND***
2026-04-14 12:41:23,904 - INFO - Iteracja 1: condition_best: motor = {A}, quality_best: 0.562, coverage_best: (p=5, n=1, P=13, N=103)
2026-04-14 12:41:23,904 - INFO - Regula po iteracji 1: IF pgain = {3} AND motor = {A} THEN class = {4.47} [3.84, 5.09], (p=5, n=1, P=13, N=103)
2026-04-14 12:41:23,904 - INFO - *****GROWING RR RULE*****
2026-04-14 12:41:23,906 - INFO - Iteracja 0: condition_best: None, quality_best: -inf, coverage_best: (p=0, n=0, P=0, N=0), p_value: 0
2026-04-14 12:41:23,906 - INFO - Regula po iteracji 0: IF  THEN class = {1.39} [-0.20, 2.99], (p=96, n=20, P=96, N=20)
2026-04-14 12:41:23,906 - INFO - *****STOP GROWING RR RULE*****
2026-04-14 12:41:23,906 - INFO - ***RR NOT FOUND***
2026-04-14 12:41:23,907 - INFO - Iteracja 2: condition_best: None, quality_best: -inf, coverage_best: (p=0, n=0, P=0, N=0)
2026-04-14 12:41:23,907 - INFO - Regula po iteracji 2: IF pgain = {3} AND motor = {A} THEN class = {4.47} [3.84, 5.09], (p=5, n=1, P=13, N=103)
2026-04-14 12:41:23,907 - INFO - *******STOP GROWING CR RULE*******
2026-04-14 12:41:23,908 - INFO - *******GROWING CR RULE*******
2026-04-14 12:41:23,909 - INFO - Iteracja 0: condition_best: pgain = {3}, quality_best: 0.482, coverage_best: (p=18, n=14, P=18, N=98)
2026-04-14 12:41:23,909 - INFO - Regula po iteracji 0: IF pgain = {3} THEN class = {3.42} [1.57, 5.27], (p=18, n=14, P=18, N=98)
2026-04-14 12:41:23,909 - INFO - *****GROWING RR RULE*****
2026-04-14 12:41:23,913 - INFO - Iteracja 0: condition_best: None, quality_best: -inf, coverage_best: (p=0, n=0, P=0, N=0), p_value: 0
2026-04-14 12:41:23,913 - INFO - Regula po iteracji 0: IF  THEN class = {1.39} [-0.20, 2.99], (p=96, n=20, P=96, N=20)
2026-04-14 12:41:23,913 - INFO - *****STOP GROWING RR RULE*****
2026-04-14 12:41:23,913 - INFO - ***RR NOT FOUND***
2026-04-14 12:41:23,914 - INFO - Iteracja 1: condition_best: screw = {A}, quality_best: 0.556, coverage_best: (p=4, n=3, P=4, N=112)
2026-04-14 12:41:23,914 - INFO - Regula po iteracji 1: IF pgain = {3} AND screw = {A} THEN class = {5.67} [4.74, 6.61], (p=4, n=3, P=4, N=112)
2026-04-14 12:41:23,914 - INFO - *****GROWING RR RULE*****
2026-04-14 12:41:23,916 - INFO - Iteracja 0: condition_best: None, quality_best: -inf, coverage_best: (p=0, n=0, P=0, N=0), p_value: 0
2026-04-14 12:41:23,916 - INFO - Regula po iteracji 0: IF  THEN class = {1.39} [-0.20, 2.99], (p=96, n=20, P=96, N=20)
2026-04-14 12:41:23,917 - INFO - *****STOP GROWING RR RULE*****
2026-04-14 12:41:23,917 - INFO - ***RR NOT FOUND***
2026-04-14 12:41:23,917 - INFO - Iteracja 2: condition_best: None, quality_best: -inf, coverage_best: (p=0, n=0, P=0, N=0)
2026-04-14 12:41:23,917 - INFO - Regula po iteracji 2: IF pgain = {3} AND screw = {A} THEN class = {5.67} [4.74, 6.61], (p=4, n=3, P=4, N=112)
2026-04-14 12:41:23,917 - INFO - *******STOP GROWING CR RULE*******
2026-04-14 12:41:23,918 - INFO - *******GROWING CR RULE*******
2026-04-14 12:41:23,919 - INFO - Iteracja 0: condition_best: pgain = {3}, quality_best: 0.482, coverage_best: (p=18, n=14, P=18, N=98)
2026-04-14 12:41:23,919 - INFO - Regula po iteracji 0: IF pgain = {3} THEN class = {3.42} [1.57, 5.27], (p=18, n=14, P=18, N=98)
2026-04-14 12:41:23,920 - INFO - *****GROWING RR RULE*****
2026-04-14 12:41:23,923 - INFO - Iteracja 0: condition_best: None, quality_best: -inf, coverage_best: (p=0, n=0, P=0, N=0), p_value: 0
2026-04-14 12:41:23,923 - INFO - Regula po iteracji 0: IF  THEN class = {1.39} [-0.20, 2.99], (p=96, n=20, P=96, N=20)
2026-04-14 12:41:23,923 - INFO - *****STOP GROWING RR RULE*****
2026-04-14 12:41:23,924 - INFO - ***RR NOT FOUND***
2026-04-14 12:41:23,924 - INFO - Iteracja 1: condition_best: vgain = {1}, quality_best: 0.399, coverage_best: (p=10, n=7, P=18, N=98)
2026-04-14 12:41:23,924 - INFO - Regula po iteracji 1: IF pgain = {3} AND vgain = {1} THEN class = {3.28} [1.50, 5.06], (p=10, n=7, P=18, N=98)
2026-04-14 12:41:23,925 - INFO - *****GROWING RR RULE*****
2026-04-14 12:41:23,928 - INFO - Iteracja 0: condition_best: None, quality_best: -inf, coverage_best: (p=0, n=0, P=0, N=0), p_value: 0
2026-04-14 12:41:23,928 - INFO - Regula po iteracji 0: IF  THEN class = {1.39} [-0.20, 2.99], (p=96, n=20, P=96, N=20)
2026-04-14 12:41:23,929 - INFO - *****STOP GROWING RR RULE*****
2026-04-14 12:41:23,929 - INFO - ***RR NOT FOUND***
2026-04-14 12:41:23,929 - INFO - Iteracja 2: condition_best: None, quality_best: -inf, coverage_best: (p=0, n=0, P=0, N=0)
2026-04-14 12:41:23,929 - INFO - Regula po iteracji 2: IF pgain = {3} AND vgain = {1} THEN class = {3.28} [1.50, 5.06], (p=10, n=7, P=18, N=98)
2026-04-14 12:41:23,929 - INFO - *******STOP GROWING CR RULE*******
2026-04-14 12:41:23,930 - INFO - *******GROWING CR RULE*******
2026-04-14 12:41:23,932 - INFO - Iteracja 0: condition_best: pgain = {3}, quality_best: 0.482, coverage_best: (p=18, n=14, P=18, N=98)
2026-04-14 12:41:23,932 - INFO - Regula po iteracji 0: IF pgain = {3} THEN class = {3.42} [1.57, 5.27], (p=18, n=14, P=18, N=98)
2026-04-14 12:41:23,932 - INFO - *****GROWING RR RULE*****
2026-04-14 12:41:23,935 - INFO - Iteracja 0: condition_best: None, quality_best: -inf, coverage_best: (p=0, n=0, P=0, N=0), p_value: 0
2026-04-14 12:41:23,936 - INFO - Regula po iteracji 0: IF  THEN class = {1.39} [-0.20, 2.99], (p=96, n=20, P=96, N=20)
2026-04-14 12:41:23,936 - INFO - *****STOP GROWING RR RULE*****
2026-04-14 12:41:23,936 - INFO - ***RR NOT FOUND***
2026-04-14 12:41:23,937 - INFO - Iteracja 1: condition_best: vgain = {2}, quality_best: 0.323, coverage_best: (p=8, n=7, P=18, N=98)
2026-04-14 12:41:23,937 - INFO - Regula po iteracji 1: IF pgain = {3} AND vgain = {2} THEN class = {3.58} [1.67, 5.49], (p=8, n=7, P=18, N=98)
2026-04-14 12:41:23,937 - INFO - *****GROWING RR RULE*****
2026-04-14 12:41:23,940 - INFO - Iteracja 0: condition_best: None, quality_best: -inf, coverage_best: (p=0, n=0, P=0, N=0), p_value: 0
2026-04-14 12:41:23,941 - INFO - Regula po iteracji 0: IF  THEN class = {1.39} [-0.20, 2.99], (p=96, n=20, P=96, N=20)
2026-04-14 12:41:23,941 - INFO - *****STOP GROWING RR RULE*****
2026-04-14 12:41:23,941 - INFO - ***RR NOT FOUND***
2026-04-14 12:41:23,941 - INFO - Iteracja 2: condition_best: None, quality_best: -inf, coverage_best: (p=0, n=0, P=0, N=0)
2026-04-14 12:41:23,942 - INFO - Regula po iteracji 2: IF pgain = {3} AND vgain = {2} THEN class = {3.58} [1.67, 5.49], (p=8, n=7, P=18, N=98)
2026-04-14 12:41:23,942 - INFO - *******STOP GROWING CR RULE*******
2026-04-14 12:41:23,942 - INFO - *******GROWING CR RULE*******
2026-04-14 12:41:23,944 - INFO - Iteracja 0: condition_best: vgain = {3}, quality_best: 0.421, coverage_best: (p=13, n=7, P=25, N=91)
2026-04-14 12:41:23,944 - INFO - Regula po iteracji 0: IF vgain = {3} THEN class = {0.93} [0.76, 1.10], (p=13, n=7, P=25, N=91)
2026-04-14 12:41:23,944 - INFO - *****GROWING RR RULE*****
2026-04-14 12:41:23,946 - INFO - Iteracja 0: condition_best: None, quality_best: -inf, coverage_best: (p=0, n=0, P=0, N=0), p_value: 0
2026-04-14 12:41:23,946 - INFO - Regula po iteracji 0: IF  THEN class = {1.39} [-0.20, 2.99], (p=96, n=20, P=96, N=20)
2026-04-14 12:41:23,946 - INFO - *****STOP GROWING RR RULE*****
2026-04-14 12:41:23,946 - INFO - ***RR NOT FOUND***
2026-04-14 12:41:23,947 - INFO - Iteracja 1: condition_best: pgain = {4}, quality_best: 0.515, coverage_best: (p=11, n=6, P=15, N=101)
2026-04-14 12:41:23,947 - INFO - Regula po iteracji 1: IF vgain = {3} AND pgain = {4} THEN class = {0.98} [0.87, 1.10], (p=11, n=6, P=15, N=101)
2026-04-14 12:41:23,947 - INFO - *****GROWING RR RULE*****
2026-04-14 12:41:23,949 - INFO - Iteracja 0: condition_best: None, quality_best: -inf, coverage_best: (p=0, n=0, P=0, N=0), p_value: 0
2026-04-14 12:41:23,949 - INFO - Regula po iteracji 0: IF  THEN class = {1.39} [-0.20, 2.99], (p=96, n=20, P=96, N=20)
2026-04-14 12:41:23,949 - INFO - *****STOP GROWING RR RULE*****
2026-04-14 12:41:23,949 - INFO - ***RR NOT FOUND***
2026-04-14 12:41:23,950 - INFO - Iteracja 2: condition_best: motor = {E}, quality_best: 0.307, coverage_best: (p=3, n=2, P=18, N=98)
2026-04-14 12:41:23,950 - INFO - Regula po iteracji 2: IF vgain = {3} AND pgain = {4} AND motor = {E} THEN class = {0.96} [0.81, 1.10], (p=3, n=2, P=18, N=98)
2026-04-14 12:41:23,951 - INFO - *****GROWING RR RULE*****
2026-04-14 12:41:23,952 - INFO - Iteracja 0: condition_best: None, quality_best: -inf, coverage_best: (p=0, n=0, P=0, N=0), p_value: 0
2026-04-14 12:41:23,953 - INFO - Regula po iteracji 0: IF  THEN class = {1.39} [-0.20, 2.99], (p=96, n=20, P=96, N=20)
2026-04-14 12:41:23,953 - INFO - *****STOP GROWING RR RULE*****
2026-04-14 12:41:23,953 - INFO - ***RR NOT FOUND***
2026-04-14 12:41:23,953 - INFO - Iteracja 3: condition_best: None, quality_best: -inf, coverage_best: (p=0, n=0, P=0, N=0)
2026-04-14 12:41:23,953 - INFO - Regula po iteracji 3: IF vgain = {3} AND pgain = {4} AND motor = {E} THEN class = {0.96} [0.81, 1.10], (p=3, n=2, P=18, N=98)
2026-04-14 12:41:23,953 - INFO - *******STOP GROWING CR RULE*******
2026-04-14 12:41:23,954 - INFO - *******GROWING CR RULE*******
2026-04-14 12:41:23,955 - INFO - Iteracja 0: condition_best: vgain = {3}, quality_best: 0.421, coverage_best: (p=13, n=7, P=25, N=91)
2026-04-14 12:41:23,956 - INFO - Regula po iteracji 0: IF vgain = {3} THEN class = {0.93} [0.76, 1.10], (p=13, n=7, P=25, N=91)
2026-04-14 12:41:23,956 - INFO - *****GROWING RR RULE*****
2026-04-14 12:41:23,958 - INFO - Iteracja 0: condition_best: None, quality_best: -inf, coverage_best: (p=0, n=0, P=0, N=0), p_value: 0
2026-04-14 12:41:23,958 - INFO - Regula po iteracji 0: IF  THEN class = {1.39} [-0.20, 2.99], (p=96, n=20, P=96, N=20)
2026-04-14 12:41:23,958 - INFO - *****STOP GROWING RR RULE*****
2026-04-14 12:41:23,958 - INFO - ***RR NOT FOUND***
2026-04-14 12:41:23,959 - INFO - Iteracja 1: condition_best: pgain = {4}, quality_best: 0.515, coverage_best: (p=11, n=6, P=15, N=101)
2026-04-14 12:41:23,959 - INFO - Regula po iteracji 1: IF vgain = {3} AND pgain = {4} THEN class = {0.98} [0.87, 1.10], (p=11, n=6, P=15, N=101)
2026-04-14 12:41:23,959 - INFO - *****GROWING RR RULE*****
2026-04-14 12:41:23,961 - INFO - Iteracja 0: condition_best: None, quality_best: -inf, coverage_best: (p=0, n=0, P=0, N=0), p_value: 0
2026-04-14 12:41:23,961 - INFO - Regula po iteracji 0: IF  THEN class = {1.39} [-0.20, 2.99], (p=96, n=20, P=96, N=20)
2026-04-14 12:41:23,961 - INFO - *****STOP GROWING RR RULE*****
2026-04-14 12:41:23,961 - INFO - ***RR NOT FOUND***
2026-04-14 12:41:23,962 - INFO - Iteracja 2: condition_best: None, quality_best: -inf, coverage_best: (p=0, n=0, P=0, N=0)
2026-04-14 12:41:23,962 - INFO - Regula po iteracji 2: IF vgain = {3} AND pgain = {4} THEN class = {0.98} [0.87, 1.10], (p=11, n=6, P=15, N=101)
2026-04-14 12:41:23,962 - INFO - *******STOP GROWING CR RULE*******
2026-04-14 12:41:23,963 - INFO - *******GROWING CR RULE*******
2026-04-14 12:41:23,964 - INFO - Iteracja 0: condition_best: pgain = {6}, quality_best: 0.399, coverage_best: (p=14, n=6, P=35, N=81)
2026-04-14 12:41:23,964 - INFO - Regula po iteracji 0: IF pgain = {6} THEN class = {0.53} [0.40, 0.66], (p=14, n=6, P=35, N=81)
2026-04-14 12:41:23,964 - INFO - *****GROWING RR RULE*****
2026-04-14 12:41:23,966 - INFO - Iteracja 0: condition_best: None, quality_best: -inf, coverage_best: (p=0, n=0, P=0, N=0), p_value: 0
2026-04-14 12:41:23,966 - INFO - Regula po iteracji 0: IF  THEN class = {1.39} [-0.20, 2.99], (p=96, n=20, P=96, N=20)
2026-04-14 12:41:23,966 - INFO - *****STOP GROWING RR RULE*****
2026-04-14 12:41:23,966 - INFO - ***RR NOT FOUND***
2026-04-14 12:41:23,967 - INFO - Iteracja 1: condition_best: motor = {C}, quality_best: 0.517, coverage_best: (p=7, n=1, P=29, N=87)
2026-04-14 12:41:23,967 - INFO - Regula po iteracji 1: IF pgain = {6} AND motor = {C} THEN class = {0.55} [0.46, 0.64], (p=7, n=1, P=29, N=87)
2026-04-14 12:41:23,968 - INFO - *****GROWING RR RULE*****
2026-04-14 12:41:23,970 - INFO - Iteracja 0: condition_best: None, quality_best: -inf, coverage_best: (p=0, n=0, P=0, N=0), p_value: 0
2026-04-14 12:41:23,970 - INFO - Regula po iteracji 0: IF  THEN class = {1.39} [-0.20, 2.99], (p=96, n=20, P=96, N=20)
2026-04-14 12:41:23,970 - INFO - *****STOP GROWING RR RULE*****
2026-04-14 12:41:23,970 - INFO - ***RR NOT FOUND***
2026-04-14 12:41:23,971 - INFO - Iteracja 2: condition_best: vgain = {5}, quality_best: 0.414, coverage_best: (p=4, n=1, P=30, N=86)
2026-04-14 12:41:23,971 - INFO - Regula po iteracji 2: IF pgain = {6} AND motor = {C} AND vgain = {5} THEN class = {0.55} [0.44, 0.66], (p=4, n=1, P=30, N=86)
2026-04-14 12:41:23,971 - INFO - *****GROWING RR RULE*****
2026-04-14 12:41:23,973 - INFO - Iteracja 0: condition_best: None, quality_best: -inf, coverage_best: (p=0, n=0, P=0, N=0), p_value: 0
2026-04-14 12:41:23,973 - INFO - Regula po iteracji 0: IF  THEN class = {1.39} [-0.20, 2.99], (p=96, n=20, P=96, N=20)
2026-04-14 12:41:23,973 - INFO - *****STOP GROWING RR RULE*****
2026-04-14 12:41:23,973 - INFO - ***RR NOT FOUND***
2026-04-14 12:41:23,974 - INFO - Iteracja 3: condition_best: None, quality_best: -inf, coverage_best: (p=0, n=0, P=0, N=0)
2026-04-14 12:41:23,974 - INFO - Regula po iteracji 3: IF pgain = {6} AND motor = {C} AND vgain = {5} THEN class = {0.55} [0.44, 0.66], (p=4, n=1, P=30, N=86)
2026-04-14 12:41:23,974 - INFO - *******STOP GROWING CR RULE*******
2026-04-14 12:41:23,974 - INFO - *******GROWING CR RULE*******
2026-04-14 12:41:23,976 - INFO - Iteracja 0: condition_best: pgain = {6}, quality_best: 0.399, coverage_best: (p=14, n=6, P=35, N=81)
2026-04-14 12:41:23,976 - INFO - Regula po iteracji 0: IF pgain = {6} THEN class = {0.53} [0.40, 0.66], (p=14, n=6, P=35, N=81)
2026-04-14 12:41:23,976 - INFO - *****GROWING RR RULE*****
2026-04-14 12:41:23,978 - INFO - Iteracja 0: condition_best: None, quality_best: -inf, coverage_best: (p=0, n=0, P=0, N=0), p_value: 0
2026-04-14 12:41:23,978 - INFO - Regula po iteracji 0: IF  THEN class = {1.39} [-0.20, 2.99], (p=96, n=20, P=96, N=20)
2026-04-14 12:41:23,978 - INFO - *****STOP GROWING RR RULE*****
2026-04-14 12:41:23,978 - INFO - ***RR NOT FOUND***
2026-04-14 12:41:23,979 - INFO - Iteracja 1: condition_best: vgain = {5}, quality_best: 0.364, coverage_best: (p=12, n=5, P=39, N=77)
2026-04-14 12:41:23,979 - INFO - Regula po iteracji 1: IF pgain = {6} AND vgain = {5} THEN class = {0.53} [0.39, 0.67], (p=12, n=5, P=39, N=77)
2026-04-14 12:41:23,979 - INFO - *****GROWING RR RULE*****
2026-04-14 12:41:23,981 - INFO - Iteracja 0: condition_best: None, quality_best: -inf, coverage_best: (p=0, n=0, P=0, N=0), p_value: 0
2026-04-14 12:41:23,981 - INFO - Regula po iteracji 0: IF  THEN class = {1.39} [-0.20, 2.99], (p=96, n=20, P=96, N=20)
2026-04-14 12:41:23,981 - INFO - *****STOP GROWING RR RULE*****
2026-04-14 12:41:23,981 - INFO - ***RR NOT FOUND***
2026-04-14 12:41:23,982 - INFO - Iteracja 2: condition_best: None, quality_best: -inf, coverage_best: (p=0, n=0, P=0, N=0)
2026-04-14 12:41:23,982 - INFO - Regula po iteracji 2: IF pgain = {6} AND vgain = {5} THEN class = {0.53} [0.39, 0.67], (p=12, n=5, P=39, N=77)
2026-04-14 12:41:23,982 - INFO - *******STOP GROWING CR RULE*******
2026-04-14 12:41:23,983 - INFO - *******GROWING CR RULE*******
2026-04-14 12:41:23,984 - INFO - Iteracja 0: condition_best: pgain = {5}, quality_best: 0.394, coverage_best: (p=15, n=6, P=39, N=77)
2026-04-14 12:41:23,984 - INFO - Regula po iteracji 0: IF pgain = {5} THEN class = {0.53} [0.39, 0.68], (p=15, n=6, P=39, N=77)
2026-04-14 12:41:23,984 - INFO - *****GROWING RR RULE*****
2026-04-14 12:41:23,986 - INFO - Iteracja 0: condition_best: None, quality_best: -inf, coverage_best: (p=0, n=0, P=0, N=0), p_value: 0
2026-04-14 12:41:23,986 - INFO - Regula po iteracji 0: IF  THEN class = {1.39} [-0.20, 2.99], (p=96, n=20, P=96, N=20)
2026-04-14 12:41:23,987 - INFO - *****STOP GROWING RR RULE*****
2026-04-14 12:41:23,987 - INFO - ***RR NOT FOUND***
2026-04-14 12:41:23,987 - INFO - Iteracja 1: condition_best: motor = {C}, quality_best: 0.436, coverage_best: (p=4, n=1, P=24, N=92)
2026-04-14 12:41:23,988 - INFO - Regula po iteracji 1: IF pgain = {5} AND motor = {C} THEN class = {0.57} [0.47, 0.67], (p=4, n=1, P=24, N=92)
2026-04-14 12:41:23,988 - INFO - *****GROWING RR RULE*****
2026-04-14 12:41:23,990 - INFO - Iteracja 0: condition_best: None, quality_best: -inf, coverage_best: (p=0, n=0, P=0, N=0), p_value: 0
2026-04-14 12:41:23,990 - INFO - Regula po iteracji 0: IF  THEN class = {1.39} [-0.20, 2.99], (p=96, n=20, P=96, N=20)
2026-04-14 12:41:23,990 - INFO - *****STOP GROWING RR RULE*****
2026-04-14 12:41:23,990 - INFO - ***RR NOT FOUND***
2026-04-14 12:41:23,991 - INFO - Iteracja 2: condition_best: None, quality_best: -inf, coverage_best: (p=0, n=0, P=0, N=0)
2026-04-14 12:41:23,991 - INFO - Regula po iteracji 2: IF pgain = {5} AND motor = {C} THEN class = {0.57} [0.47, 0.67], (p=4, n=1, P=24, N=92)
2026-04-14 12:41:23,991 - INFO - *******STOP GROWING CR RULE*******
2026-04-14 12:41:23,991 - INFO - *******GROWING CR RULE*******
2026-04-14 12:41:23,992 - INFO - Iteracja 0: condition_best: pgain = {5}, quality_best: 0.394, coverage_best: (p=15, n=6, P=39, N=77)
2026-04-14 12:41:23,992 - INFO - Regula po iteracji 0: IF pgain = {5} THEN class = {0.53} [0.39, 0.68], (p=15, n=6, P=39, N=77)
2026-04-14 12:41:23,993 - INFO - *****GROWING RR RULE*****
2026-04-14 12:41:23,995 - INFO - Iteracja 0: condition_best: None, quality_best: -inf, coverage_best: (p=0, n=0, P=0, N=0), p_value: 0
2026-04-14 12:41:23,995 - INFO - Regula po iteracji 0: IF  THEN class = {1.39} [-0.20, 2.99], (p=96, n=20, P=96, N=20)
2026-04-14 12:41:23,995 - INFO - *****STOP GROWING RR RULE*****
2026-04-14 12:41:23,995 - INFO - ***RR NOT FOUND***
2026-04-14 12:41:23,996 - INFO - Iteracja 1: condition_best: motor = {A}, quality_best: 0.41, coverage_best: (p=4, n=1, P=31, N=85)
2026-04-14 12:41:23,996 - INFO - Regula po iteracji 1: IF pgain = {5} AND motor = {A} THEN class = {0.62} [0.50, 0.73], (p=4, n=1, P=31, N=85)
2026-04-14 12:41:23,996 - INFO - *****GROWING RR RULE*****
2026-04-14 12:41:23,998 - INFO - Iteracja 0: condition_best: None, quality_best: -inf, coverage_best: (p=0, n=0, P=0, N=0), p_value: 0
2026-04-14 12:41:23,998 - INFO - Regula po iteracji 0: IF  THEN class = {1.39} [-0.20, 2.99], (p=96, n=20, P=96, N=20)
2026-04-14 12:41:23,998 - INFO - *****STOP GROWING RR RULE*****
2026-04-14 12:41:23,998 - INFO - ***RR NOT FOUND***
2026-04-14 12:41:23,999 - INFO - Iteracja 2: condition_best: None, quality_best: -inf, coverage_best: (p=0, n=0, P=0, N=0)
2026-04-14 12:41:23,999 - INFO - Regula po iteracji 2: IF pgain = {5} AND motor = {A} THEN class = {0.62} [0.50, 0.73], (p=4, n=1, P=31, N=85)
2026-04-14 12:41:23,999 - INFO - *******STOP GROWING CR RULE*******
2026-04-14 12:41:23,999 - INFO - *******GROWING CR RULE*******
2026-04-14 12:41:24,001 - INFO - Iteracja 0: condition_best: pgain = {5}, quality_best: 0.394, coverage_best: (p=15, n=6, P=39, N=77)
2026-04-14 12:41:24,001 - INFO - Regula po iteracji 0: IF pgain = {5} THEN class = {0.53} [0.39, 0.68], (p=15, n=6, P=39, N=77)
2026-04-14 12:41:24,001 - INFO - *****GROWING RR RULE*****
2026-04-14 12:41:24,003 - INFO - Iteracja 0: condition_best: None, quality_best: -inf, coverage_best: (p=0, n=0, P=0, N=0), p_value: 0
2026-04-14 12:41:24,003 - INFO - Regula po iteracji 0: IF  THEN class = {1.39} [-0.20, 2.99], (p=96, n=20, P=96, N=20)
2026-04-14 12:41:24,003 - INFO - *****STOP GROWING RR RULE*****
2026-04-14 12:41:24,003 - INFO - ***RR NOT FOUND***
2026-04-14 12:41:24,004 - INFO - Iteracja 1: condition_best: vgain = {4}, quality_best: 0.388, coverage_best: (p=13, n=5, P=39, N=77)
2026-04-14 12:41:24,004 - INFO - Regula po iteracji 1: IF pgain = {5} AND vgain = {4} THEN class = {0.52} [0.37, 0.66], (p=13, n=5, P=39, N=77)
2026-04-14 12:41:24,004 - INFO - *****GROWING RR RULE*****
2026-04-14 12:41:24,006 - INFO - Iteracja 0: condition_best: None, quality_best: -inf, coverage_best: (p=0, n=0, P=0, N=0), p_value: 0
2026-04-14 12:41:24,006 - INFO - Regula po iteracji 0: IF  THEN class = {1.39} [-0.20, 2.99], (p=96, n=20, P=96, N=20)
2026-04-14 12:41:24,006 - INFO - *****STOP GROWING RR RULE*****
2026-04-14 12:41:24,007 - INFO - ***RR NOT FOUND***
2026-04-14 12:41:24,007 - INFO - Iteracja 2: condition_best: motor = {E}, quality_best: 0.297, coverage_best: (p=3, n=2, P=20, N=96)
2026-04-14 12:41:24,007 - INFO - Regula po iteracji 2: IF pgain = {5} AND vgain = {4} AND motor = {E} THEN class = {0.40} [0.30, 0.51], (p=3, n=2, P=20, N=96)
2026-04-14 12:41:24,008 - INFO - *****GROWING RR RULE*****
2026-04-14 12:41:24,010 - INFO - Iteracja 0: condition_best: None, quality_best: -inf, coverage_best: (p=0, n=0, P=0, N=0), p_value: 0
2026-04-14 12:41:24,010 - INFO - Regula po iteracji 0: IF  THEN class = {1.39} [-0.20, 2.99], (p=96, n=20, P=96, N=20)
2026-04-14 12:41:24,010 - INFO - *****STOP GROWING RR RULE*****
2026-04-14 12:41:24,010 - INFO - ***RR NOT FOUND***
2026-04-14 12:41:24,010 - INFO - Iteracja 3: condition_best: None, quality_best: -inf, coverage_best: (p=0, n=0, P=0, N=0)
2026-04-14 12:41:24,011 - INFO - Regula po iteracji 3: IF pgain = {5} AND vgain = {4} AND motor = {E} THEN class = {0.40} [0.30, 0.51], (p=3, n=2, P=20, N=96)
2026-04-14 12:41:24,011 - INFO - *******STOP GROWING CR RULE*******
2026-04-14 12:41:24,011 - INFO - *******GROWING CR RULE*******
2026-04-14 12:41:24,012 - INFO - Iteracja 0: condition_best: pgain = {5}, quality_best: 0.394, coverage_best: (p=15, n=6, P=39, N=77)
2026-04-14 12:41:24,012 - INFO - Regula po iteracji 0: IF pgain = {5} THEN class = {0.53} [0.39, 0.68], (p=15, n=6, P=39, N=77)
2026-04-14 12:41:24,013 - INFO - *****GROWING RR RULE*****
2026-04-14 12:41:24,014 - INFO - Iteracja 0: condition_best: None, quality_best: -inf, coverage_best: (p=0, n=0, P=0, N=0), p_value: 0
2026-04-14 12:41:24,015 - INFO - Regula po iteracji 0: IF  THEN class = {1.39} [-0.20, 2.99], (p=96, n=20, P=96, N=20)
2026-04-14 12:41:24,015 - INFO - *****STOP GROWING RR RULE*****
2026-04-14 12:41:24,015 - INFO - ***RR NOT FOUND***
2026-04-14 12:41:24,016 - INFO - Iteracja 1: condition_best: vgain = {4}, quality_best: 0.388, coverage_best: (p=13, n=5, P=39, N=77)
2026-04-14 12:41:24,016 - INFO - Regula po iteracji 1: IF pgain = {5} AND vgain = {4} THEN class = {0.52} [0.37, 0.66], (p=13, n=5, P=39, N=77)
2026-04-14 12:41:24,016 - INFO - *****GROWING RR RULE*****
2026-04-14 12:41:24,018 - INFO - Iteracja 0: condition_best: None, quality_best: -inf, coverage_best: (p=0, n=0, P=0, N=0), p_value: 0
2026-04-14 12:41:24,018 - INFO - Regula po iteracji 0: IF  THEN class = {1.39} [-0.20, 2.99], (p=96, n=20, P=96, N=20)
2026-04-14 12:41:24,018 - INFO - *****STOP GROWING RR RULE*****
2026-04-14 12:41:24,018 - INFO - ***RR NOT FOUND***
2026-04-14 12:41:24,019 - INFO - Iteracja 2: condition_best: None, quality_best: -inf, coverage_best: (p=0, n=0, P=0, N=0)
2026-04-14 12:41:24,019 - INFO - Regula po iteracji 2: IF pgain = {5} AND vgain = {4} THEN class = {0.52} [0.37, 0.66], (p=13, n=5, P=39, N=77)
2026-04-14 12:41:24,019 - INFO - *******STOP GROWING CR RULE*******
2026-04-14 12:41:24,019 - INFO - *******GROWING CR RULE*******
2026-04-14 12:41:24,021 - INFO - Iteracja 0: condition_best: motor = {E}, quality_best: 0.346, coverage_best: (p=24, n=2, P=96, N=20)
2026-04-14 12:41:24,021 - INFO - Regula po iteracji 0: IF motor = {E} THEN class = {1.25} [-0.46, 2.95], (p=24, n=2, P=96, N=20)
2026-04-14 12:41:24,021 - INFO - *****GROWING RR RULE*****
2026-04-14 12:41:24,023 - INFO - Iteracja 0: condition_best: None, quality_best: -inf, coverage_best: (p=0, n=0, P=0, N=0), p_value: 0
2026-04-14 12:41:24,023 - INFO - Regula po iteracji 0: IF  THEN class = {1.39} [-0.20, 2.99], (p=96, n=20, P=96, N=20)
2026-04-14 12:41:24,023 - INFO - *****STOP GROWING RR RULE*****
2026-04-14 12:41:24,023 - INFO - ***RR NOT FOUND***
2026-04-14 12:41:24,024 - INFO - Iteracja 1: condition_best: pgain = {4}, quality_best: 0.039, coverage_best: (p=6, n=4, P=66, N=50)
2026-04-14 12:41:24,024 - INFO - Regula po iteracji 1: IF motor = {E} AND pgain = {4} THEN class = {0.79} [0.47, 1.12], (p=6, n=4, P=66, N=50)
2026-04-14 12:41:24,024 - INFO - *****GROWING RR RULE*****
2026-04-14 12:41:24,026 - INFO - Iteracja 0: condition_best: None, quality_best: -inf, coverage_best: (p=0, n=0, P=0, N=0), p_value: 0
2026-04-14 12:41:24,026 - INFO - Regula po iteracji 0: IF  THEN class = {1.39} [-0.20, 2.99], (p=96, n=20, P=96, N=20)
2026-04-14 12:41:24,026 - INFO - *****STOP GROWING RR RULE*****
2026-04-14 12:41:24,026 - INFO - ***RR NOT FOUND***
2026-04-14 12:41:24,027 - INFO - Iteracja 2: condition_best: None, quality_best: -inf, coverage_best: (p=0, n=0, P=0, N=0)
2026-04-14 12:41:24,027 - INFO - Regula po iteracji 2: IF motor = {E} AND pgain = {4} THEN class = {0.79} [0.47, 1.12], (p=6, n=4, P=66, N=50)
2026-04-14 12:41:24,027 - INFO - *******STOP GROWING CR RULE*******
2026-04-14 12:41:24,028 - INFO - *******GROWING CR RULE*******
2026-04-14 12:41:24,029 - INFO - Iteracja 0: condition_best: screw = {D}, quality_best: 0.302, coverage_best: (p=21, n=2, P=96, N=20)
2026-04-14 12:41:24,029 - INFO - Regula po iteracji 0: IF screw = {D} THEN class = {0.94} [-0.09, 1.96], (p=21, n=2, P=96, N=20)
2026-04-14 12:41:24,029 - INFO - *****GROWING RR RULE*****
2026-04-14 12:41:24,031 - INFO - Iteracja 0: condition_best: None, quality_best: -inf, coverage_best: (p=0, n=0, P=0, N=0), p_value: 0
2026-04-14 12:41:24,031 - INFO - Regula po iteracji 0: IF  THEN class = {1.39} [-0.20, 2.99], (p=96, n=20, P=96, N=20)
2026-04-14 12:41:24,031 - INFO - *****STOP GROWING RR RULE*****
2026-04-14 12:41:24,031 - INFO - ***RR NOT FOUND***
2026-04-14 12:41:24,032 - INFO - Iteracja 1: condition_best: pgain = {4}, quality_best: -0.254, coverage_best: (p=4, n=6, P=69, N=47)
2026-04-14 12:41:24,032 - INFO - Regula po iteracji 1: IF screw = {D} AND pgain = {4} THEN class = {0.60} [0.26, 0.94], (p=4, n=6, P=69, N=47)
2026-04-14 12:41:24,032 - INFO - *****GROWING RR RULE*****
2026-04-14 12:41:24,034 - INFO - Iteracja 0: condition_best: None, quality_best: -inf, coverage_best: (p=0, n=0, P=0, N=0), p_value: 0
2026-04-14 12:41:24,034 - INFO - Regula po iteracji 0: IF  THEN class = {1.39} [-0.20, 2.99], (p=96, n=20, P=96, N=20)
2026-04-14 12:41:24,034 - INFO - *****STOP GROWING RR RULE*****
2026-04-14 12:41:24,035 - INFO - ***RR NOT FOUND***
2026-04-14 12:41:24,035 - INFO - Iteracja 2: condition_best: None, quality_best: -inf, coverage_best: (p=0, n=0, P=0, N=0)
2026-04-14 12:41:24,035 - INFO - Regula po iteracji 2: IF screw = {D} AND pgain = {4} THEN class = {0.60} [0.26, 0.94], (p=4, n=6, P=69, N=47)
2026-04-14 12:41:24,035 - INFO - *******STOP GROWING CR RULE*******
2026-04-14 12:41:24,036 - INFO - *******GROWING CR RULE*******
2026-04-14 12:41:24,037 - INFO - Iteracja 0: condition_best: pgain = {4}, quality_best: 0.095, coverage_best: (p=26, n=17, P=63, N=53)
2026-04-14 12:41:24,037 - INFO - Regula po iteracji 0: IF pgain = {4} THEN class = {0.71} [0.40, 1.02], (p=26, n=17, P=63, N=53)
2026-04-14 12:41:24,037 - INFO - *****GROWING RR RULE*****
2026-04-14 12:41:24,039 - INFO - Iteracja 0: condition_best: None, quality_best: -inf, coverage_best: (p=0, n=0, P=0, N=0), p_value: 0
2026-04-14 12:41:24,039 - INFO - Regula po iteracji 0: IF  THEN class = {1.39} [-0.20, 2.99], (p=96, n=20, P=96, N=20)
2026-04-14 12:41:24,039 - INFO - *****STOP GROWING RR RULE*****
2026-04-14 12:41:24,039 - INFO - ***RR NOT FOUND***
2026-04-14 12:41:24,040 - INFO - Iteracja 1: condition_best: screw = {A}, quality_best: 0.414, coverage_best: (p=9, n=3, P=33, N=83)
2026-04-14 12:41:24,040 - INFO - Regula po iteracji 1: IF pgain = {4} AND screw = {A} THEN class = {0.86} [0.63, 1.09], (p=9, n=3, P=33, N=83)
2026-04-14 12:41:24,040 - INFO - *****GROWING RR RULE*****
2026-04-14 12:41:24,042 - INFO - Iteracja 0: condition_best: None, quality_best: -inf, coverage_best: (p=0, n=0, P=0, N=0), p_value: 0
2026-04-14 12:41:24,042 - INFO - Regula po iteracji 0: IF  THEN class = {1.39} [-0.20, 2.99], (p=96, n=20, P=96, N=20)
2026-04-14 12:41:24,043 - INFO - *****STOP GROWING RR RULE*****
2026-04-14 12:41:24,043 - INFO - ***RR NOT FOUND***
2026-04-14 12:41:24,043 - INFO - Iteracja 2: condition_best: None, quality_best: -inf, coverage_best: (p=0, n=0, P=0, N=0)
2026-04-14 12:41:24,043 - INFO - Regula po iteracji 2: IF pgain = {4} AND screw = {A} THEN class = {0.86} [0.63, 1.09], (p=9, n=3, P=33, N=83)
2026-04-14 12:41:24,043 - INFO - *******STOP GROWING CR RULE*******
2026-04-14 12:41:24,044 - INFO - *******GROWING CR RULE*******
2026-04-14 12:41:24,045 - INFO - Iteracja 0: condition_best: pgain = {4}, quality_best: 0.095, coverage_best: (p=26, n=17, P=63, N=53)
2026-04-14 12:41:24,045 - INFO - Regula po iteracji 0: IF pgain = {4} THEN class = {0.71} [0.40, 1.02], (p=26, n=17, P=63, N=53)
2026-04-14 12:41:24,045 - INFO - *****GROWING RR RULE*****
2026-04-14 12:41:24,047 - INFO - Iteracja 0: condition_best: None, quality_best: -inf, coverage_best: (p=0, n=0, P=0, N=0), p_value: 0
2026-04-14 12:41:24,047 - INFO - Regula po iteracji 0: IF  THEN class = {1.39} [-0.20, 2.99], (p=96, n=20, P=96, N=20)
2026-04-14 12:41:24,047 - INFO - *****STOP GROWING RR RULE*****
2026-04-14 12:41:24,047 - INFO - ***RR NOT FOUND***
2026-04-14 12:41:24,048 - INFO - Iteracja 1: condition_best: vgain = {2}, quality_best: 0.225, coverage_best: (p=8, n=5, P=44, N=72)
2026-04-14 12:41:24,048 - INFO - Regula po iteracji 1: IF pgain = {4} AND vgain = {2} THEN class = {0.50} [0.31, 0.69], (p=8, n=5, P=44, N=72)
2026-04-14 12:41:24,049 - INFO - *****GROWING RR RULE*****
2026-04-14 12:41:24,050 - INFO - Iteracja 0: condition_best: None, quality_best: -inf, coverage_best: (p=0, n=0, P=0, N=0), p_value: 0
2026-04-14 12:41:24,051 - INFO - Regula po iteracji 0: IF  THEN class = {1.39} [-0.20, 2.99], (p=96, n=20, P=96, N=20)
2026-04-14 12:41:24,051 - INFO - *****STOP GROWING RR RULE*****
2026-04-14 12:41:24,051 - INFO - ***RR NOT FOUND***
2026-04-14 12:41:24,051 - INFO - Iteracja 2: condition_best: None, quality_best: -inf, coverage_best: (p=0, n=0, P=0, N=0)
2026-04-14 12:41:24,051 - INFO - Regula po iteracji 2: IF pgain = {4} AND vgain = {2} THEN class = {0.50} [0.31, 0.69], (p=8, n=5, P=44, N=72)
2026-04-14 12:41:24,052 - INFO - *******STOP GROWING CR RULE*******
2026-04-14 12:41:24,052 - INFO - *******GROWING CR RULE*******
2026-04-14 12:41:24,053 - INFO - Iteracja 0: condition_best: pgain = {4}, quality_best: 0.095, coverage_best: (p=26, n=17, P=63, N=53)
2026-04-14 12:41:24,053 - INFO - Regula po iteracji 0: IF pgain = {4} THEN class = {0.71} [0.40, 1.02], (p=26, n=17, P=63, N=53)
2026-04-14 12:41:24,053 - INFO - *****GROWING RR RULE*****
2026-04-14 12:41:24,055 - INFO - Iteracja 0: condition_best: None, quality_best: -inf, coverage_best: (p=0, n=0, P=0, N=0), p_value: 0
2026-04-14 12:41:24,055 - INFO - Regula po iteracji 0: IF  THEN class = {1.39} [-0.20, 2.99], (p=96, n=20, P=96, N=20)
2026-04-14 12:41:24,055 - INFO - *****STOP GROWING RR RULE*****
2026-04-14 12:41:24,055 - INFO - ***RR NOT FOUND***
2026-04-14 12:41:24,056 - INFO - Iteracja 1: condition_best: vgain = {1}, quality_best: -0.028, coverage_best: (p=7, n=6, P=65, N=51)
2026-04-14 12:41:24,056 - INFO - Regula po iteracji 1: IF pgain = {4} AND vgain = {1} THEN class = {0.57} [0.26, 0.87], (p=7, n=6, P=65, N=51)
2026-04-14 12:41:24,057 - INFO - *****GROWING RR RULE*****
2026-04-14 12:41:24,059 - INFO - Iteracja 0: condition_best: None, quality_best: -inf, coverage_best: (p=0, n=0, P=0, N=0), p_value: 0
2026-04-14 12:41:24,059 - INFO - Regula po iteracji 0: IF  THEN class = {1.39} [-0.20, 2.99], (p=96, n=20, P=96, N=20)
2026-04-14 12:41:24,059 - INFO - *****STOP GROWING RR RULE*****
2026-04-14 12:41:24,059 - INFO - ***RR NOT FOUND***
2026-04-14 12:41:24,060 - INFO - Iteracja 2: condition_best: None, quality_best: -inf, coverage_best: (p=0, n=0, P=0, N=0)
2026-04-14 12:41:24,060 - INFO - Regula po iteracji 2: IF pgain = {4} AND vgain = {1} THEN class = {0.57} [0.26, 0.87], (p=7, n=6, P=65, N=51)
2026-04-14 12:41:24,060 - INFO - *******STOP GROWING CR RULE*******
2026-04-14 12:41:24,060 - INFO - *******GROWING CR RULE*******
2026-04-14 12:41:24,061 - INFO - Iteracja 0: condition_best: pgain = {3}, quality_best: 0.482, coverage_best: (p=18, n=14, P=18, N=98)
2026-04-14 12:41:24,061 - INFO - Regula po iteracji 0: IF pgain = {3} THEN class = {3.42} [1.57, 5.27], (p=18, n=14, P=18, N=98)
2026-04-14 12:41:24,061 - INFO - *****GROWING RR RULE*****
2026-04-14 12:41:24,065 - INFO - Iteracja 0: condition_best: None, quality_best: -inf, coverage_best: (p=0, n=0, P=0, N=0), p_value: 0
2026-04-14 12:41:24,065 - INFO - Regula po iteracji 0: IF  THEN class = {1.39} [-0.20, 2.99], (p=96, n=20, P=96, N=20)
2026-04-14 12:41:24,065 - INFO - *****STOP GROWING RR RULE*****
2026-04-14 12:41:24,065 - INFO - ***RR NOT FOUND***
2026-04-14 12:41:24,066 - INFO - Iteracja 1: condition_best: motor = {A}, quality_best: 0.562, coverage_best: (p=5, n=1, P=13, N=103)
2026-04-14 12:41:24,066 - INFO - Regula po iteracji 1: IF pgain = {3} AND motor = {A} THEN class = {4.47} [3.84, 5.09], (p=5, n=1, P=13, N=103)
2026-04-14 12:41:24,066 - INFO - *****GROWING RR RULE*****
2026-04-14 12:41:24,068 - INFO - Iteracja 0: condition_best: None, quality_best: -inf, coverage_best: (p=0, n=0, P=0, N=0), p_value: 0
2026-04-14 12:41:24,068 - INFO - Regula po iteracji 0: IF  THEN class = {1.39} [-0.20, 2.99], (p=96, n=20, P=96, N=20)
2026-04-14 12:41:24,068 - INFO - *****STOP GROWING RR RULE*****
2026-04-14 12:41:24,069 - INFO - ***RR NOT FOUND***
2026-04-14 12:41:24,069 - INFO - Iteracja 2: condition_best: screw = {A}, quality_best: 1.0, coverage_best: (p=1, n=0, P=1, N=115)
2026-04-14 12:41:24,069 - INFO - Regula po iteracji 2: IF pgain = {3} AND motor = {A} AND screw = {A} THEN class = {5.70} [5.70, 5.70], (p=1, n=0, P=1, N=115)
2026-04-14 12:41:24,070 - INFO - *****GROWING RR RULE*****
2026-04-14 12:41:24,071 - INFO - Iteracja 0: condition_best: None, quality_best: -inf, coverage_best: (p=0, n=0, P=0, N=0), p_value: 0
2026-04-14 12:41:24,072 - INFO - Regula po iteracji 0: IF  THEN class = {1.39} [-0.20, 2.99], (p=96, n=20, P=96, N=20)
2026-04-14 12:41:24,072 - INFO - *****STOP GROWING RR RULE*****
2026-04-14 12:41:24,072 - INFO - ***RR NOT FOUND***
2026-04-14 12:41:24,072 - INFO - Iteracja 3: condition_best: vgain = {2}, quality_best: 1.0, coverage_best: (p=1, n=0, P=1, N=115)
2026-04-14 12:41:24,072 - INFO - Regula po iteracji 3: IF pgain = {3} AND motor = {A} AND screw = {A} AND vgain = {2} THEN class = {5.70} [5.70, 5.70], (p=1, n=0, P=1, N=115)
2026-04-14 12:41:24,073 - INFO - *****GROWING RR RULE*****
2026-04-14 12:41:24,075 - INFO - Iteracja 0: condition_best: None, quality_best: -inf, coverage_best: (p=0, n=0, P=0, N=0), p_value: 0
2026-04-14 12:41:24,075 - INFO - Regula po iteracji 0: IF  THEN class = {1.39} [-0.20, 2.99], (p=96, n=20, P=96, N=20)
2026-04-14 12:41:24,075 - INFO - *****STOP GROWING RR RULE*****
2026-04-14 12:41:24,075 - INFO - ***RR NOT FOUND***
2026-04-14 12:41:24,075 - INFO - Iteracja 4: condition_best: None, quality_best: -inf, coverage_best: (p=0, n=0, P=0, N=0)
2026-04-14 12:41:24,075 - INFO - Regula po iteracji 4: IF pgain = {3} AND motor = {A} AND screw = {A} AND vgain = {2} THEN class = {5.70} [5.70, 5.70], (p=1, n=0, P=1, N=115)
2026-04-14 12:41:24,075 - INFO - *******STOP GROWING CR RULE*******
2026-04-14 12:41:24,083 - INFO - ************************Finished experiment for servo.arff with algorithm_rer_with_exceptions************************
2026-04-14 12:41:24,083 - INFO - *************************************************************************************************************************
2026-04-14 12:41:24,083 - INFO - *************************************************************************************************************************
2026-04-14 12:41:24,083 - INFO - *************************************************************************************************************************
2026-04-14 12:41:24,084 - INFO - **********Starting experiment for servo.arff with decision_tree**********
2026-04-14 12:41:24,107 - INFO - ************************Finished experiment for servo.arff with decision_tree************************
2026-04-14 12:41:24,107 - INFO - *************************************************************************************************************************
2026-04-14 12:41:24,107 - INFO - *************************************************************************************************************************
2026-04-14 12:41:24,107 - INFO - *************************************************************************************************************************
