2026-04-08 10:31:24,117 - INFO - **********Starting experiment for 10_hd.arff with algorithm_rulekit**********
2026-04-08 10:31:29,189 - INFO - ************************Finished experiment for 10_hd.arff with algorithm_rulekit************************
2026-04-08 10:31:29,189 - INFO - *************************************************************************************************************************
2026-04-08 10:31:29,189 - INFO - *************************************************************************************************************************
2026-04-08 10:31:29,189 - INFO - *************************************************************************************************************************
2026-04-08 10:31:29,190 - INFO - **********Starting experiment for 10_hd.arff with algorithm_log_rank**********
2026-04-08 10:31:29,203 - INFO - *******GROWING CR RULE*******
2026-04-08 10:31:30,865 - INFO - Iteracja 0: condition_best: age <= 63.50, quality_best: 1.0, coverage_best: (p=558, n=0, P=605, N=0)
2026-04-08 10:31:30,871 - INFO - Regula po iteracji 0: IF age <= 63.50 THEN survival_status = {nan}, (p=558, n=0, P=605, N=0)
2026-04-08 10:31:32,388 - INFO - Iteracja 1: condition_best: age <= 62.50, quality_best: 1.0, coverage_best: (p=555, n=0, P=605, N=0)
2026-04-08 10:31:32,394 - INFO - Regula po iteracji 1: IF age <= 63.50 AND age <= 62.50 THEN survival_status = {22.9}, (p=555, n=0, P=605, N=0)
2026-04-08 10:31:33,925 - INFO - Iteracja 2: condition_best: age <= 61.81, quality_best: 1.0, coverage_best: (p=551, n=0, P=605, N=0)
2026-04-08 10:31:33,931 - INFO - Regula po iteracji 2: IF age <= 63.50 AND age <= 62.50 AND age <= 61.81 THEN survival_status = {23.4}, (p=551, n=0, P=605, N=0)
2026-04-08 10:31:35,477 - INFO - Iteracja 3: condition_best: age <= 61.31, quality_best: 1.0, coverage_best: (p=550, n=0, P=605, N=0)
2026-04-08 10:31:35,483 - INFO - Regula po iteracji 3: IF age <= 63.50 AND age <= 62.50 AND age <= 61.81 AND age <= 61.31 THEN survival_status = {24.2}, (p=550, n=0, P=605, N=0)
2026-04-08 10:31:37,051 - INFO - Iteracja 4: condition_best: age >= 16.36, quality_best: 1.0, coverage_best: (p=549, n=0, P=605, N=0)
2026-04-08 10:31:37,057 - INFO - Regula po iteracji 4: IF age <= 63.50 AND age <= 62.50 AND age <= 61.81 AND age <= 61.31 AND age >= 16.36 THEN survival_status = {24.2}, (p=549, n=0, P=605, N=0)
2026-04-08 10:31:37,057 - INFO - *******STOP GROWING CR RULE*******
2026-04-08 10:31:37,064 - INFO - *******GROWING CR RULE*******
2026-04-08 10:31:38,001 - INFO - Iteracja 0: condition_best: age >= 39.92, quality_best: 1.0, coverage_best: (p=189, n=0, P=605, N=0)
2026-04-08 10:31:38,006 - INFO - Regula po iteracji 0: IF age >= 39.92 THEN survival_status = {nan}, (p=189, n=0, P=605, N=0)
2026-04-08 10:31:38,443 - INFO - Iteracja 1: condition_best: age >= 40.17, quality_best: 1.0, coverage_best: (p=182, n=0, P=605, N=0)
2026-04-08 10:31:38,448 - INFO - Regula po iteracji 1: IF age >= 39.92 AND age >= 40.17 THEN survival_status = {7.0}, (p=182, n=0, P=605, N=0)
2026-04-08 10:31:38,892 - INFO - Iteracja 2: condition_best: age >= 40.58, quality_best: 1.0, coverage_best: (p=181, n=0, P=605, N=0)
2026-04-08 10:31:38,897 - INFO - Regula po iteracji 2: IF age >= 39.92 AND age >= 40.17 AND age >= 40.58 THEN survival_status = {7.0}, (p=181, n=0, P=605, N=0)
2026-04-08 10:31:39,349 - INFO - Iteracja 3: condition_best: age >= 40.91, quality_best: 1.0, coverage_best: (p=180, n=0, P=605, N=0)
2026-04-08 10:31:39,355 - INFO - Regula po iteracji 3: IF age >= 39.92 AND age >= 40.17 AND age >= 40.58 AND age >= 40.91 THEN survival_status = {6.9}, (p=180, n=0, P=605, N=0)
2026-04-08 10:31:39,818 - INFO - Iteracja 4: condition_best: age <= 82.00, quality_best: 1.0, coverage_best: (p=178, n=0, P=605, N=0)
2026-04-08 10:31:39,824 - INFO - Regula po iteracji 4: IF age >= 39.92 AND age >= 40.17 AND age >= 40.58 AND age >= 40.91 AND age <= 82.00 THEN survival_status = {6.9}, (p=178, n=0, P=605, N=0)
2026-04-08 10:31:39,824 - INFO - *******STOP GROWING CR RULE*******
2026-04-08 10:31:39,829 - INFO - *******GROWING CR RULE*******
2026-04-08 10:31:40,713 - INFO - Iteracja 0: condition_best: age <= 63.50, quality_best: 1.0, coverage_best: (p=558, n=0, P=605, N=0)
2026-04-08 10:31:40,718 - INFO - Regula po iteracji 0: IF age <= 63.50 THEN survival_status = {nan}, (p=558, n=0, P=605, N=0)
2026-04-08 10:31:41,559 - INFO - Iteracja 1: condition_best: age <= 62.50, quality_best: 1.0, coverage_best: (p=555, n=0, P=605, N=0)
2026-04-08 10:31:41,564 - INFO - Regula po iteracji 1: IF age <= 63.50 AND age <= 62.50 THEN survival_status = {22.9}, (p=555, n=0, P=605, N=0)
2026-04-08 10:31:42,422 - INFO - Iteracja 2: condition_best: age <= 61.81, quality_best: 1.0, coverage_best: (p=551, n=0, P=605, N=0)
2026-04-08 10:31:42,427 - INFO - Regula po iteracji 2: IF age <= 63.50 AND age <= 62.50 AND age <= 61.81 THEN survival_status = {23.4}, (p=551, n=0, P=605, N=0)
2026-04-08 10:31:43,309 - INFO - Iteracja 3: condition_best: age <= 61.31, quality_best: 1.0, coverage_best: (p=550, n=0, P=605, N=0)
2026-04-08 10:31:43,315 - INFO - Regula po iteracji 3: IF age <= 63.50 AND age <= 62.50 AND age <= 61.81 AND age <= 61.31 THEN survival_status = {24.2}, (p=550, n=0, P=605, N=0)
2026-04-08 10:31:44,218 - INFO - Iteracja 4: condition_best: age >= 16.36, quality_best: 1.0, coverage_best: (p=549, n=0, P=605, N=0)
2026-04-08 10:31:44,224 - INFO - Regula po iteracji 4: IF age <= 63.50 AND age <= 62.50 AND age <= 61.81 AND age <= 61.31 AND age >= 16.36 THEN survival_status = {24.2}, (p=549, n=0, P=605, N=0)
2026-04-08 10:31:44,224 - INFO - *******STOP GROWING CR RULE*******
2026-04-08 10:31:48,947 - INFO - ************************Finished experiment for 10_hd.arff with algorithm_log_rank************************
2026-04-08 10:31:48,947 - INFO - *************************************************************************************************************************
2026-04-08 10:31:48,947 - INFO - *************************************************************************************************************************
2026-04-08 10:31:48,947 - INFO - *************************************************************************************************************************
2026-04-08 10:31:48,948 - INFO - **********Starting experiment for 10_hd.arff with algorithm_log_rank_with_exceptions**********
2026-04-08 10:31:48,961 - INFO - *******GROWING CR RULE*******
2026-04-08 10:31:50,622 - INFO - Iteracja 0: condition_best: age <= 63.50, quality_best: 1.0, coverage_best: (p=558, n=0, P=605, N=0)
2026-04-08 10:31:50,629 - INFO - Regula po iteracji 0: IF age <= 63.50 THEN survival_status = {nan}, (p=558, n=0, P=605, N=0)
2026-04-08 10:31:50,629 - INFO - *****GROWING RR RULE*****
2026-04-08 10:31:54,974 - INFO - Iteracja 0: condition_best: None, quality_best: -inf, coverage_best: (p=0, n=0, P=0, N=0), p_value: 0
2026-04-08 10:31:54,979 - INFO - Regula po iteracji 0: IF  THEN survival_status = {nan}, (p=605, n=0, P=605, N=0)
2026-04-08 10:31:54,979 - INFO - *****STOP GROWING RR RULE*****
2026-04-08 10:31:54,979 - INFO - ***RR NOT FOUND***
2026-04-08 10:31:56,494 - INFO - Iteracja 1: condition_best: age <= 62.50, quality_best: 1.0, coverage_best: (p=555, n=0, P=605, N=0)
2026-04-08 10:31:56,500 - INFO - Regula po iteracji 1: IF age <= 63.50 AND age <= 62.50 THEN survival_status = {22.9}, (p=555, n=0, P=605, N=0)
2026-04-08 10:31:56,500 - INFO - *****GROWING RR RULE*****
2026-04-08 10:32:00,832 - INFO - Iteracja 0: condition_best: None, quality_best: -inf, coverage_best: (p=0, n=0, P=0, N=0), p_value: 0
2026-04-08 10:32:00,837 - INFO - Regula po iteracji 0: IF  THEN survival_status = {nan}, (p=605, n=0, P=605, N=0)
2026-04-08 10:32:00,837 - INFO - *****STOP GROWING RR RULE*****
2026-04-08 10:32:00,837 - INFO - ***RR NOT FOUND***
2026-04-08 10:32:02,374 - INFO - Iteracja 2: condition_best: age <= 61.81, quality_best: 1.0, coverage_best: (p=551, n=0, P=605, N=0)
2026-04-08 10:32:02,380 - INFO - Regula po iteracji 2: IF age <= 63.50 AND age <= 62.50 AND age <= 61.81 THEN survival_status = {23.4}, (p=551, n=0, P=605, N=0)
2026-04-08 10:32:02,380 - INFO - *****GROWING RR RULE*****
2026-04-08 10:32:06,714 - INFO - Iteracja 0: condition_best: None, quality_best: -inf, coverage_best: (p=0, n=0, P=0, N=0), p_value: 0
2026-04-08 10:32:06,719 - INFO - Regula po iteracji 0: IF  THEN survival_status = {nan}, (p=605, n=0, P=605, N=0)
2026-04-08 10:32:06,719 - INFO - *****STOP GROWING RR RULE*****
2026-04-08 10:32:06,719 - INFO - ***RR NOT FOUND***
2026-04-08 10:32:08,270 - INFO - Iteracja 3: condition_best: age <= 61.31, quality_best: 1.0, coverage_best: (p=550, n=0, P=605, N=0)
2026-04-08 10:32:08,276 - INFO - Regula po iteracji 3: IF age <= 63.50 AND age <= 62.50 AND age <= 61.81 AND age <= 61.31 THEN survival_status = {24.2}, (p=550, n=0, P=605, N=0)
2026-04-08 10:32:08,277 - INFO - *****GROWING RR RULE*****
2026-04-08 10:32:12,599 - INFO - Iteracja 0: condition_best: None, quality_best: -inf, coverage_best: (p=0, n=0, P=0, N=0), p_value: 0
2026-04-08 10:32:12,604 - INFO - Regula po iteracji 0: IF  THEN survival_status = {nan}, (p=605, n=0, P=605, N=0)
2026-04-08 10:32:12,604 - INFO - *****STOP GROWING RR RULE*****
2026-04-08 10:32:12,604 - INFO - ***RR NOT FOUND***
2026-04-08 10:32:14,168 - INFO - Iteracja 4: condition_best: age >= 16.36, quality_best: 1.0, coverage_best: (p=549, n=0, P=605, N=0)
2026-04-08 10:32:14,174 - INFO - Regula po iteracji 4: IF age <= 63.50 AND age <= 62.50 AND age <= 61.81 AND age <= 61.31 AND age >= 16.36 THEN survival_status = {24.2}, (p=549, n=0, P=605, N=0)
2026-04-08 10:32:14,175 - INFO - *****GROWING RR RULE*****
2026-04-08 10:32:18,510 - INFO - Iteracja 0: condition_best: None, quality_best: -inf, coverage_best: (p=0, n=0, P=0, N=0), p_value: 0
2026-04-08 10:32:18,515 - INFO - Regula po iteracji 0: IF  THEN survival_status = {nan}, (p=605, n=0, P=605, N=0)
2026-04-08 10:32:18,515 - INFO - *****STOP GROWING RR RULE*****
2026-04-08 10:32:18,515 - INFO - ***RR NOT FOUND***
2026-04-08 10:32:18,515 - INFO - *******STOP GROWING CR RULE*******
2026-04-08 10:32:18,522 - INFO - *******GROWING CR RULE*******
2026-04-08 10:32:19,462 - INFO - Iteracja 0: condition_best: age >= 39.92, quality_best: 1.0, coverage_best: (p=189, n=0, P=605, N=0)
2026-04-08 10:32:19,467 - INFO - Regula po iteracji 0: IF age >= 39.92 THEN survival_status = {nan}, (p=189, n=0, P=605, N=0)
2026-04-08 10:32:19,467 - INFO - *****GROWING RR RULE*****
2026-04-08 10:32:23,042 - INFO - Iteracja 0: condition_best: None, quality_best: -inf, coverage_best: (p=0, n=0, P=0, N=0), p_value: 0
2026-04-08 10:32:23,046 - INFO - Regula po iteracji 0: IF  THEN survival_status = {nan}, (p=605, n=0, P=605, N=0)
2026-04-08 10:32:23,046 - INFO - *****STOP GROWING RR RULE*****
2026-04-08 10:32:23,046 - INFO - ***RR NOT FOUND***
2026-04-08 10:32:23,480 - INFO - Iteracja 1: condition_best: age >= 40.17, quality_best: 1.0, coverage_best: (p=182, n=0, P=605, N=0)
2026-04-08 10:32:23,485 - INFO - Regula po iteracji 1: IF age >= 39.92 AND age >= 40.17 THEN survival_status = {7.0}, (p=182, n=0, P=605, N=0)
2026-04-08 10:32:23,486 - INFO - *****GROWING RR RULE*****
2026-04-08 10:32:27,061 - INFO - Iteracja 0: condition_best: None, quality_best: -inf, coverage_best: (p=0, n=0, P=0, N=0), p_value: 0
2026-04-08 10:32:27,066 - INFO - Regula po iteracji 0: IF  THEN survival_status = {nan}, (p=605, n=0, P=605, N=0)
2026-04-08 10:32:27,066 - INFO - *****STOP GROWING RR RULE*****
2026-04-08 10:32:27,066 - INFO - ***RR NOT FOUND***
2026-04-08 10:32:27,510 - INFO - Iteracja 2: condition_best: age >= 40.58, quality_best: 1.0, coverage_best: (p=181, n=0, P=605, N=0)
2026-04-08 10:32:27,515 - INFO - Regula po iteracji 2: IF age >= 39.92 AND age >= 40.17 AND age >= 40.58 THEN survival_status = {7.0}, (p=181, n=0, P=605, N=0)
2026-04-08 10:32:27,516 - INFO - *****GROWING RR RULE*****
2026-04-08 10:32:31,087 - INFO - Iteracja 0: condition_best: None, quality_best: -inf, coverage_best: (p=0, n=0, P=0, N=0), p_value: 0
2026-04-08 10:32:31,092 - INFO - Regula po iteracji 0: IF  THEN survival_status = {nan}, (p=605, n=0, P=605, N=0)
2026-04-08 10:32:31,092 - INFO - *****STOP GROWING RR RULE*****
2026-04-08 10:32:31,092 - INFO - ***RR NOT FOUND***
2026-04-08 10:32:31,547 - INFO - Iteracja 3: condition_best: age >= 40.91, quality_best: 1.0, coverage_best: (p=180, n=0, P=605, N=0)
2026-04-08 10:32:31,553 - INFO - Regula po iteracji 3: IF age >= 39.92 AND age >= 40.17 AND age >= 40.58 AND age >= 40.91 THEN survival_status = {6.9}, (p=180, n=0, P=605, N=0)
2026-04-08 10:32:31,553 - INFO - *****GROWING RR RULE*****
2026-04-08 10:32:35,095 - INFO - Iteracja 0: condition_best: None, quality_best: -inf, coverage_best: (p=0, n=0, P=0, N=0), p_value: 0
2026-04-08 10:32:35,099 - INFO - Regula po iteracji 0: IF  THEN survival_status = {nan}, (p=605, n=0, P=605, N=0)
2026-04-08 10:32:35,099 - INFO - *****STOP GROWING RR RULE*****
2026-04-08 10:32:35,099 - INFO - ***RR NOT FOUND***
2026-04-08 10:32:35,563 - INFO - Iteracja 4: condition_best: age <= 82.00, quality_best: 1.0, coverage_best: (p=178, n=0, P=605, N=0)
2026-04-08 10:32:35,568 - INFO - Regula po iteracji 4: IF age >= 39.92 AND age >= 40.17 AND age >= 40.58 AND age >= 40.91 AND age <= 82.00 THEN survival_status = {6.9}, (p=178, n=0, P=605, N=0)
2026-04-08 10:32:35,568 - INFO - *****GROWING RR RULE*****
2026-04-08 10:32:39,115 - INFO - Iteracja 0: condition_best: None, quality_best: -inf, coverage_best: (p=0, n=0, P=0, N=0), p_value: 0
2026-04-08 10:32:39,120 - INFO - Regula po iteracji 0: IF  THEN survival_status = {nan}, (p=605, n=0, P=605, N=0)
2026-04-08 10:32:39,120 - INFO - *****STOP GROWING RR RULE*****
2026-04-08 10:32:39,120 - INFO - ***RR NOT FOUND***
2026-04-08 10:32:39,120 - INFO - *******STOP GROWING CR RULE*******
2026-04-08 10:32:39,125 - INFO - *******GROWING CR RULE*******
2026-04-08 10:32:40,001 - INFO - Iteracja 0: condition_best: age <= 63.50, quality_best: 1.0, coverage_best: (p=558, n=0, P=605, N=0)
2026-04-08 10:32:40,006 - INFO - Regula po iteracji 0: IF age <= 63.50 THEN survival_status = {nan}, (p=558, n=0, P=605, N=0)
2026-04-08 10:32:40,007 - INFO - *****GROWING RR RULE*****
2026-04-08 10:32:44,348 - INFO - Iteracja 0: condition_best: None, quality_best: -inf, coverage_best: (p=0, n=0, P=0, N=0), p_value: 0
2026-04-08 10:32:44,352 - INFO - Regula po iteracji 0: IF  THEN survival_status = {nan}, (p=605, n=0, P=605, N=0)
2026-04-08 10:32:44,352 - INFO - *****STOP GROWING RR RULE*****
2026-04-08 10:32:44,352 - INFO - ***RR NOT FOUND***
2026-04-08 10:32:45,192 - INFO - Iteracja 1: condition_best: age <= 62.50, quality_best: 1.0, coverage_best: (p=555, n=0, P=605, N=0)
2026-04-08 10:32:45,198 - INFO - Regula po iteracji 1: IF age <= 63.50 AND age <= 62.50 THEN survival_status = {22.9}, (p=555, n=0, P=605, N=0)
2026-04-08 10:32:45,198 - INFO - *****GROWING RR RULE*****
2026-04-08 10:32:49,544 - INFO - Iteracja 0: condition_best: None, quality_best: -inf, coverage_best: (p=0, n=0, P=0, N=0), p_value: 0
2026-04-08 10:32:49,549 - INFO - Regula po iteracji 0: IF  THEN survival_status = {nan}, (p=605, n=0, P=605, N=0)
2026-04-08 10:32:49,549 - INFO - *****STOP GROWING RR RULE*****
2026-04-08 10:32:49,549 - INFO - ***RR NOT FOUND***
2026-04-08 10:32:50,409 - INFO - Iteracja 2: condition_best: age <= 61.81, quality_best: 1.0, coverage_best: (p=551, n=0, P=605, N=0)
2026-04-08 10:32:50,415 - INFO - Regula po iteracji 2: IF age <= 63.50 AND age <= 62.50 AND age <= 61.81 THEN survival_status = {23.4}, (p=551, n=0, P=605, N=0)
2026-04-08 10:32:50,415 - INFO - *****GROWING RR RULE*****
2026-04-08 10:32:54,753 - INFO - Iteracja 0: condition_best: None, quality_best: -inf, coverage_best: (p=0, n=0, P=0, N=0), p_value: 0
2026-04-08 10:32:54,758 - INFO - Regula po iteracji 0: IF  THEN survival_status = {nan}, (p=605, n=0, P=605, N=0)
2026-04-08 10:32:54,758 - INFO - *****STOP GROWING RR RULE*****
2026-04-08 10:32:54,758 - INFO - ***RR NOT FOUND***
2026-04-08 10:32:55,646 - INFO - Iteracja 3: condition_best: age <= 61.31, quality_best: 1.0, coverage_best: (p=550, n=0, P=605, N=0)
2026-04-08 10:32:55,652 - INFO - Regula po iteracji 3: IF age <= 63.50 AND age <= 62.50 AND age <= 61.81 AND age <= 61.31 THEN survival_status = {24.2}, (p=550, n=0, P=605, N=0)
2026-04-08 10:32:55,652 - INFO - *****GROWING RR RULE*****
2026-04-08 10:32:59,981 - INFO - Iteracja 0: condition_best: None, quality_best: -inf, coverage_best: (p=0, n=0, P=0, N=0), p_value: 0
2026-04-08 10:32:59,985 - INFO - Regula po iteracji 0: IF  THEN survival_status = {nan}, (p=605, n=0, P=605, N=0)
2026-04-08 10:32:59,985 - INFO - *****STOP GROWING RR RULE*****
2026-04-08 10:32:59,985 - INFO - ***RR NOT FOUND***
2026-04-08 10:33:00,896 - INFO - Iteracja 4: condition_best: age >= 16.36, quality_best: 1.0, coverage_best: (p=549, n=0, P=605, N=0)
2026-04-08 10:33:00,901 - INFO - Regula po iteracji 4: IF age <= 63.50 AND age <= 62.50 AND age <= 61.81 AND age <= 61.31 AND age >= 16.36 THEN survival_status = {24.2}, (p=549, n=0, P=605, N=0)
2026-04-08 10:33:00,902 - INFO - *****GROWING RR RULE*****
2026-04-08 10:33:05,231 - INFO - Iteracja 0: condition_best: None, quality_best: -inf, coverage_best: (p=0, n=0, P=0, N=0), p_value: 0
2026-04-08 10:33:05,235 - INFO - Regula po iteracji 0: IF  THEN survival_status = {nan}, (p=605, n=0, P=605, N=0)
2026-04-08 10:33:05,235 - INFO - *****STOP GROWING RR RULE*****
2026-04-08 10:33:05,235 - INFO - ***RR NOT FOUND***
2026-04-08 10:33:05,235 - INFO - *******STOP GROWING CR RULE*******
2026-04-08 10:33:10,103 - INFO - ************************Finished experiment for 10_hd.arff with algorithm_log_rank_with_exceptions************************
2026-04-08 10:33:10,103 - INFO - *************************************************************************************************************************
2026-04-08 10:33:10,103 - INFO - *************************************************************************************************************************
2026-04-08 10:33:10,103 - INFO - *************************************************************************************************************************
2026-04-08 10:33:10,103 - INFO - **********Starting experiment for 10_hd.arff with survival_tree**********
2026-04-08 10:33:10,184 - INFO - ************************Finished experiment for 10_hd.arff with survival_tree************************
2026-04-08 10:33:10,184 - INFO - *************************************************************************************************************************
2026-04-08 10:33:10,184 - INFO - *************************************************************************************************************************
2026-04-08 10:33:10,184 - INFO - *************************************************************************************************************************
