2026-04-14 12:04:47,566 - INFO - **********Starting experiment for diabetes.arff with algorithm**********
2026-04-14 12:04:47,568 - INFO - *******GROWING CR RULE*******
2026-04-14 12:04:47,576 - INFO - Iteracja 0: condition_best: age <= 3.20, quality_best: 0.598, coverage_best: (p=4, n=1, P=7, N=36)
2026-04-14 12:04:47,576 - INFO - Regula po iteracji 0: IF age <= 3.20 THEN class = {3.58} [3.24, 3.92], (p=4, n=1, P=7, N=36)
2026-04-14 12:04:47,577 - INFO - *****GROWING RR RULE*****
2026-04-14 12:04:47,589 - INFO - Iteracja 0: condition_best: None, quality_best: -inf, coverage_best: (p=0, n=0, P=0, N=0), p_value: 0
2026-04-14 12:04:47,589 - INFO - Regula po iteracji 0: IF  THEN class = {4.75} [4.03, 5.46], (p=29, n=14, P=29, N=14)
2026-04-14 12:04:47,589 - INFO - *****STOP GROWING RR RULE*****
2026-04-14 12:04:47,590 - INFO - ***RR NOT FOUND***
2026-04-14 12:04:47,590 - INFO - Iteracja 1: condition_best: None, quality_best: -inf, coverage_best: (p=0, n=0, P=0, N=0)
2026-04-14 12:04:47,591 - INFO - Regula po iteracji 1: IF age <= 3.20 THEN class = {3.58} [3.24, 3.92], (p=4, n=1, P=7, N=36)
2026-04-14 12:04:47,591 - INFO - *******STOP GROWING CR RULE*******
2026-04-14 12:04:47,591 - INFO - *******GROWING CR RULE*******
2026-04-14 12:04:47,598 - INFO - Iteracja 0: condition_best: deficit >= -4.05, quality_best: 0.401, coverage_best: (p=15, n=3, P=28, N=15)
2026-04-14 12:04:47,598 - INFO - Regula po iteracji 0: IF deficit >= -4.05 THEN class = {5.14} [4.57, 5.72], (p=15, n=3, P=28, N=15)
2026-04-14 12:04:47,598 - INFO - *****GROWING RR RULE*****
2026-04-14 12:04:47,610 - INFO - Iteracja 0: condition_best: None, quality_best: -inf, coverage_best: (p=0, n=0, P=0, N=0), p_value: 0
2026-04-14 12:04:47,611 - INFO - Regula po iteracji 0: IF  THEN class = {4.75} [4.03, 5.46], (p=29, n=14, P=29, N=14)
2026-04-14 12:04:47,611 - INFO - *****STOP GROWING RR RULE*****
2026-04-14 12:04:47,611 - INFO - ***RR NOT FOUND***
2026-04-14 12:04:47,614 - INFO - Iteracja 1: condition_best: age <= 12.60, quality_best: 0.475, coverage_best: (p=11, n=2, P=24, N=19)
2026-04-14 12:04:47,614 - INFO - Regula po iteracji 1: IF deficit >= -4.05 AND age <= 12.60 THEN class = {4.98} [4.59, 5.38], (p=11, n=2, P=24, N=19)
2026-04-14 12:04:47,614 - INFO - *****GROWING RR RULE*****
2026-04-14 12:04:47,626 - INFO - Iteracja 0: condition_best: None, quality_best: -inf, coverage_best: (p=0, n=0, P=0, N=0), p_value: 0
2026-04-14 12:04:47,627 - INFO - Regula po iteracji 0: IF  THEN class = {4.75} [4.03, 5.46], (p=29, n=14, P=29, N=14)
2026-04-14 12:04:47,627 - INFO - *****STOP GROWING RR RULE*****
2026-04-14 12:04:47,627 - INFO - ***RR NOT FOUND***
2026-04-14 12:04:47,629 - INFO - Iteracja 2: condition_best: deficit >= -1.80, quality_best: 0.499, coverage_best: (p=4, n=1, P=11, N=32)
2026-04-14 12:04:47,629 - INFO - Regula po iteracji 2: IF deficit >= -4.05 AND age <= 12.60 AND deficit >= -1.80 THEN class = {5.14} [4.97, 5.31], (p=4, n=1, P=11, N=32)
2026-04-14 12:04:47,629 - INFO - *****GROWING RR RULE*****
2026-04-14 12:04:47,642 - INFO - Iteracja 0: condition_best: None, quality_best: -inf, coverage_best: (p=0, n=0, P=0, N=0), p_value: 0
2026-04-14 12:04:47,642 - INFO - Regula po iteracji 0: IF  THEN class = {4.75} [4.03, 5.46], (p=29, n=14, P=29, N=14)
2026-04-14 12:04:47,642 - INFO - *****STOP GROWING RR RULE*****
2026-04-14 12:04:47,642 - INFO - ***RR NOT FOUND***
2026-04-14 12:04:47,643 - INFO - Iteracja 3: condition_best: None, quality_best: -inf, coverage_best: (p=0, n=0, P=0, N=0)
2026-04-14 12:04:47,643 - INFO - Regula po iteracji 3: IF deficit >= -4.05 AND age <= 12.60 AND deficit >= -1.80 THEN class = {5.14} [4.97, 5.31], (p=4, n=1, P=11, N=32)
2026-04-14 12:04:47,643 - INFO - *******STOP GROWING CR RULE*******
2026-04-14 12:04:47,644 - INFO - *******GROWING CR RULE*******
2026-04-14 12:04:47,650 - INFO - Iteracja 0: condition_best: deficit >= -4.05, quality_best: 0.401, coverage_best: (p=15, n=3, P=28, N=15)
2026-04-14 12:04:47,650 - INFO - Regula po iteracji 0: IF deficit >= -4.05 THEN class = {5.14} [4.57, 5.72], (p=15, n=3, P=28, N=15)
2026-04-14 12:04:47,650 - INFO - *****GROWING RR RULE*****
2026-04-14 12:04:47,663 - INFO - Iteracja 0: condition_best: None, quality_best: -inf, coverage_best: (p=0, n=0, P=0, N=0), p_value: 0
2026-04-14 12:04:47,663 - INFO - Regula po iteracji 0: IF  THEN class = {4.75} [4.03, 5.46], (p=29, n=14, P=29, N=14)
2026-04-14 12:04:47,663 - INFO - *****STOP GROWING RR RULE*****
2026-04-14 12:04:47,663 - INFO - ***RR NOT FOUND***
2026-04-14 12:04:47,666 - INFO - Iteracja 1: condition_best: age <= 12.60, quality_best: 0.475, coverage_best: (p=11, n=2, P=24, N=19)
2026-04-14 12:04:47,666 - INFO - Regula po iteracji 1: IF deficit >= -4.05 AND age <= 12.60 THEN class = {4.98} [4.59, 5.38], (p=11, n=2, P=24, N=19)
2026-04-14 12:04:47,666 - INFO - *****GROWING RR RULE*****
2026-04-14 12:04:47,679 - INFO - Iteracja 0: condition_best: None, quality_best: -inf, coverage_best: (p=0, n=0, P=0, N=0), p_value: 0
2026-04-14 12:04:47,679 - INFO - Regula po iteracji 0: IF  THEN class = {4.75} [4.03, 5.46], (p=29, n=14, P=29, N=14)
2026-04-14 12:04:47,679 - INFO - *****STOP GROWING RR RULE*****
2026-04-14 12:04:47,679 - INFO - ***RR NOT FOUND***
2026-04-14 12:04:47,681 - INFO - Iteracja 2: condition_best: age <= 12.15, quality_best: 0.441, coverage_best: (p=10, n=2, P=24, N=19)
2026-04-14 12:04:47,681 - INFO - Regula po iteracji 2: IF deficit >= -4.05 AND age <= 12.60 AND age <= 12.15 THEN class = {4.97} [4.56, 5.38], (p=10, n=2, P=24, N=19)
2026-04-14 12:04:47,681 - INFO - *****GROWING RR RULE*****
2026-04-14 12:04:47,694 - INFO - Iteracja 0: condition_best: None, quality_best: -inf, coverage_best: (p=0, n=0, P=0, N=0), p_value: 0
2026-04-14 12:04:47,694 - INFO - Regula po iteracji 0: IF  THEN class = {4.75} [4.03, 5.46], (p=29, n=14, P=29, N=14)
2026-04-14 12:04:47,694 - INFO - *****STOP GROWING RR RULE*****
2026-04-14 12:04:47,694 - INFO - ***RR NOT FOUND***
2026-04-14 12:04:47,696 - INFO - Iteracja 3: condition_best: age >= 4.00, quality_best: 0.479, coverage_best: (p=9, n=2, P=20, N=23)
2026-04-14 12:04:47,696 - INFO - Regula po iteracji 3: IF deficit >= -4.05 AND age <= 12.60 AND age <= 12.15 AND age >= 4.00 THEN class = {5.06} [4.80, 5.33], (p=9, n=2, P=20, N=23)
2026-04-14 12:04:47,696 - INFO - *****GROWING RR RULE*****
2026-04-14 12:04:47,709 - INFO - Iteracja 0: condition_best: None, quality_best: -inf, coverage_best: (p=0, n=0, P=0, N=0), p_value: 0
2026-04-14 12:04:47,709 - INFO - Regula po iteracji 0: IF  THEN class = {4.75} [4.03, 5.46], (p=29, n=14, P=29, N=14)
2026-04-14 12:04:47,709 - INFO - *****STOP GROWING RR RULE*****
2026-04-14 12:04:47,709 - INFO - ***RR NOT FOUND***
2026-04-14 12:04:47,711 - INFO - Iteracja 4: condition_best: age >= 6.35, quality_best: 0.456, coverage_best: (p=8, n=2, P=19, N=24)
2026-04-14 12:04:47,711 - INFO - Regula po iteracji 4: IF deficit >= -4.05 AND age <= 12.60 AND age <= 12.15 AND age >= 4.00 AND age >= 6.35 THEN class = {5.01} [4.80, 5.22], (p=8, n=2, P=19, N=24)
2026-04-14 12:04:47,711 - INFO - *****GROWING RR RULE*****
2026-04-14 12:04:47,724 - INFO - Iteracja 0: condition_best: None, quality_best: -inf, coverage_best: (p=0, n=0, P=0, N=0), p_value: 0
2026-04-14 12:04:47,724 - INFO - Regula po iteracji 0: IF  THEN class = {4.75} [4.03, 5.46], (p=29, n=14, P=29, N=14)
2026-04-14 12:04:47,724 - INFO - *****STOP GROWING RR RULE*****
2026-04-14 12:04:47,724 - INFO - ***RR NOT FOUND***
2026-04-14 12:04:47,724 - INFO - *******STOP GROWING CR RULE*******
2026-04-14 12:04:47,725 - INFO - *******GROWING CR RULE*******
2026-04-14 12:04:47,731 - INFO - Iteracja 0: condition_best: deficit >= -4.05, quality_best: 0.401, coverage_best: (p=15, n=3, P=28, N=15)
2026-04-14 12:04:47,731 - INFO - Regula po iteracji 0: IF deficit >= -4.05 THEN class = {5.14} [4.57, 5.72], (p=15, n=3, P=28, N=15)
2026-04-14 12:04:47,731 - INFO - *****GROWING RR RULE*****
2026-04-14 12:04:47,744 - INFO - Iteracja 0: condition_best: None, quality_best: -inf, coverage_best: (p=0, n=0, P=0, N=0), p_value: 0
2026-04-14 12:04:47,744 - INFO - Regula po iteracji 0: IF  THEN class = {4.75} [4.03, 5.46], (p=29, n=14, P=29, N=14)
2026-04-14 12:04:47,744 - INFO - *****STOP GROWING RR RULE*****
2026-04-14 12:04:47,744 - INFO - ***RR NOT FOUND***
2026-04-14 12:04:47,747 - INFO - Iteracja 1: condition_best: age <= 15.00, quality_best: 0.371, coverage_best: (p=14, n=3, P=28, N=15)
2026-04-14 12:04:47,747 - INFO - Regula po iteracji 1: IF deficit >= -4.05 AND age <= 15.00 THEN class = {5.16} [4.57, 5.74], (p=14, n=3, P=28, N=15)
2026-04-14 12:04:47,747 - INFO - *****GROWING RR RULE*****
2026-04-14 12:04:47,760 - INFO - Iteracja 0: condition_best: None, quality_best: -inf, coverage_best: (p=0, n=0, P=0, N=0), p_value: 0
2026-04-14 12:04:47,760 - INFO - Regula po iteracji 0: IF  THEN class = {4.75} [4.03, 5.46], (p=29, n=14, P=29, N=14)
2026-04-14 12:04:47,760 - INFO - *****STOP GROWING RR RULE*****
2026-04-14 12:04:47,760 - INFO - ***RR NOT FOUND***
2026-04-14 12:04:47,763 - INFO - Iteracja 2: condition_best: deficit <= -0.35, quality_best: 0.339, coverage_best: (p=13, n=3, P=28, N=15)
2026-04-14 12:04:47,763 - INFO - Regula po iteracji 2: IF deficit >= -4.05 AND age <= 15.00 AND deficit <= -0.35 THEN class = {5.15} [4.55, 5.75], (p=13, n=3, P=28, N=15)
2026-04-14 12:04:47,763 - INFO - *****GROWING RR RULE*****
2026-04-14 12:04:47,776 - INFO - Iteracja 0: condition_best: None, quality_best: -inf, coverage_best: (p=0, n=0, P=0, N=0), p_value: 0
2026-04-14 12:04:47,776 - INFO - Regula po iteracji 0: IF  THEN class = {4.75} [4.03, 5.46], (p=29, n=14, P=29, N=14)
2026-04-14 12:04:47,776 - INFO - *****STOP GROWING RR RULE*****
2026-04-14 12:04:47,776 - INFO - ***RR NOT FOUND***
2026-04-14 12:04:47,778 - INFO - Iteracja 3: condition_best: deficit >= -3.45, quality_best: 0.305, coverage_best: (p=12, n=3, P=28, N=15)
2026-04-14 12:04:47,778 - INFO - Regula po iteracji 3: IF deficit >= -4.05 AND age <= 15.00 AND deficit <= -0.35 AND deficit >= -3.45 THEN class = {5.15} [4.53, 5.78], (p=12, n=3, P=28, N=15)
2026-04-14 12:04:47,779 - INFO - *****GROWING RR RULE*****
2026-04-14 12:04:47,791 - INFO - Iteracja 0: condition_best: None, quality_best: -inf, coverage_best: (p=0, n=0, P=0, N=0), p_value: 0
2026-04-14 12:04:47,791 - INFO - Regula po iteracji 0: IF  THEN class = {4.75} [4.03, 5.46], (p=29, n=14, P=29, N=14)
2026-04-14 12:04:47,791 - INFO - *****STOP GROWING RR RULE*****
2026-04-14 12:04:47,791 - INFO - ***RR NOT FOUND***
2026-04-14 12:04:47,794 - INFO - Iteracja 4: condition_best: deficit >= -3.20, quality_best: 0.23, coverage_best: (p=10, n=3, P=28, N=15)
2026-04-14 12:04:47,794 - INFO - Regula po iteracji 4: IF deficit >= -4.05 AND age <= 15.00 AND deficit <= -0.35 AND deficit >= -3.45 AND deficit >= -3.20 THEN class = {5.18} [4.51, 5.84], (p=10, n=3, P=28, N=15)
2026-04-14 12:04:47,794 - INFO - *****GROWING RR RULE*****
2026-04-14 12:04:47,807 - INFO - Iteracja 0: condition_best: None, quality_best: -inf, coverage_best: (p=0, n=0, P=0, N=0), p_value: 0
2026-04-14 12:04:47,807 - INFO - Regula po iteracji 0: IF  THEN class = {4.75} [4.03, 5.46], (p=29, n=14, P=29, N=14)
2026-04-14 12:04:47,807 - INFO - *****STOP GROWING RR RULE*****
2026-04-14 12:04:47,807 - INFO - ***RR NOT FOUND***
2026-04-14 12:04:47,807 - INFO - *******STOP GROWING CR RULE*******
2026-04-14 12:04:47,807 - INFO - *******GROWING CR RULE*******
2026-04-14 12:04:47,814 - INFO - Iteracja 0: condition_best: deficit >= -8.15, quality_best: 0.375, coverage_best: (p=19, n=5, P=27, N=16)
2026-04-14 12:04:47,814 - INFO - Regula po iteracji 0: IF deficit >= -8.15 THEN class = {5.07} [4.53, 5.61], (p=19, n=5, P=27, N=16)
2026-04-14 12:04:47,814 - INFO - *****GROWING RR RULE*****
2026-04-14 12:04:47,826 - INFO - Iteracja 0: condition_best: None, quality_best: -inf, coverage_best: (p=0, n=0, P=0, N=0), p_value: 0
2026-04-14 12:04:47,827 - INFO - Regula po iteracji 0: IF  THEN class = {4.75} [4.03, 5.46], (p=29, n=14, P=29, N=14)
2026-04-14 12:04:47,827 - INFO - *****STOP GROWING RR RULE*****
2026-04-14 12:04:47,827 - INFO - ***RR NOT FOUND***
2026-04-14 12:04:47,830 - INFO - Iteracja 1: condition_best: age <= 13.00, quality_best: 0.458, coverage_best: (p=17, n=3, P=28, N=15)
2026-04-14 12:04:47,830 - INFO - Regula po iteracji 1: IF deficit >= -8.15 AND age <= 13.00 THEN class = {5.02} [4.50, 5.54], (p=17, n=3, P=28, N=15)
2026-04-14 12:04:47,831 - INFO - *****GROWING RR RULE*****
2026-04-14 12:04:47,850 - INFO - Iteracja 0: condition_best: None, quality_best: -inf, coverage_best: (p=0, n=0, P=0, N=0), p_value: 0
2026-04-14 12:04:47,850 - INFO - Regula po iteracji 0: IF  THEN class = {4.75} [4.03, 5.46], (p=29, n=14, P=29, N=14)
2026-04-14 12:04:47,850 - INFO - *****STOP GROWING RR RULE*****
2026-04-14 12:04:47,850 - INFO - ***RR NOT FOUND***
2026-04-14 12:04:47,854 - INFO - Iteracja 2: condition_best: deficit <= -0.50, quality_best: 0.43, coverage_best: (p=16, n=3, P=28, N=15)
2026-04-14 12:04:47,854 - INFO - Regula po iteracji 2: IF deficit >= -8.15 AND age <= 13.00 AND deficit <= -0.50 THEN class = {5.01} [4.48, 5.53], (p=16, n=3, P=28, N=15)
2026-04-14 12:04:47,854 - INFO - *****GROWING RR RULE*****
2026-04-14 12:04:47,873 - INFO - Iteracja 0: condition_best: None, quality_best: -inf, coverage_best: (p=0, n=0, P=0, N=0), p_value: 0
2026-04-14 12:04:47,873 - INFO - Regula po iteracji 0: IF  THEN class = {4.75} [4.03, 5.46], (p=29, n=14, P=29, N=14)
2026-04-14 12:04:47,873 - INFO - *****STOP GROWING RR RULE*****
2026-04-14 12:04:47,873 - INFO - ***RR NOT FOUND***
2026-04-14 12:04:47,876 - INFO - Iteracja 3: condition_best: age >= 3.50, quality_best: 0.456, coverage_best: (p=15, n=3, P=26, N=17)
2026-04-14 12:04:47,876 - INFO - Regula po iteracji 3: IF deficit >= -8.15 AND age <= 13.00 AND deficit <= -0.50 AND age >= 3.50 THEN class = {5.07} [4.59, 5.54], (p=15, n=3, P=26, N=17)
2026-04-14 12:04:47,877 - INFO - *****GROWING RR RULE*****
2026-04-14 12:04:47,896 - INFO - Iteracja 0: condition_best: None, quality_best: -inf, coverage_best: (p=0, n=0, P=0, N=0), p_value: 0
2026-04-14 12:04:47,896 - INFO - Regula po iteracji 0: IF  THEN class = {4.75} [4.03, 5.46], (p=29, n=14, P=29, N=14)
2026-04-14 12:04:47,896 - INFO - *****STOP GROWING RR RULE*****
2026-04-14 12:04:47,896 - INFO - ***RR NOT FOUND***
2026-04-14 12:04:47,899 - INFO - Iteracja 4: condition_best: deficit <= -0.85, quality_best: 0.426, coverage_best: (p=14, n=3, P=26, N=17)
2026-04-14 12:04:47,899 - INFO - Regula po iteracji 4: IF deficit >= -8.15 AND age <= 13.00 AND deficit <= -0.50 AND age >= 3.50 AND deficit <= -0.85 THEN class = {5.06} [4.57, 5.55], (p=14, n=3, P=26, N=17)
2026-04-14 12:04:47,899 - INFO - *****GROWING RR RULE*****
2026-04-14 12:04:47,920 - INFO - Iteracja 0: condition_best: None, quality_best: -inf, coverage_best: (p=0, n=0, P=0, N=0), p_value: 0
2026-04-14 12:04:47,920 - INFO - Regula po iteracji 0: IF  THEN class = {4.75} [4.03, 5.46], (p=29, n=14, P=29, N=14)
2026-04-14 12:04:47,920 - INFO - *****STOP GROWING RR RULE*****
2026-04-14 12:04:47,920 - INFO - ***RR NOT FOUND***
2026-04-14 12:04:47,920 - INFO - *******STOP GROWING CR RULE*******
2026-04-14 12:04:47,920 - INFO - *******GROWING CR RULE*******
2026-04-14 12:04:47,927 - INFO - Iteracja 0: condition_best: age >= 4.95, quality_best: 0.288, coverage_best: (p=27, n=8, P=29, N=14)
2026-04-14 12:04:47,927 - INFO - Regula po iteracji 0: IF age >= 4.95 THEN class = {4.93} [4.34, 5.53], (p=27, n=8, P=29, N=14)
2026-04-14 12:04:47,927 - INFO - *****GROWING RR RULE*****
2026-04-14 12:04:47,939 - INFO - Iteracja 0: condition_best: None, quality_best: -inf, coverage_best: (p=0, n=0, P=0, N=0), p_value: 0
2026-04-14 12:04:47,940 - INFO - Regula po iteracji 0: IF  THEN class = {4.75} [4.03, 5.46], (p=29, n=14, P=29, N=14)
2026-04-14 12:04:47,940 - INFO - *****STOP GROWING RR RULE*****
2026-04-14 12:04:47,940 - INFO - ***RR NOT FOUND***
2026-04-14 12:04:47,945 - INFO - Iteracja 1: condition_best: deficit >= -13.55, quality_best: 0.423, coverage_best: (p=22, n=6, P=26, N=17)
2026-04-14 12:04:47,945 - INFO - Regula po iteracji 1: IF age >= 4.95 AND deficit >= -13.55 THEN class = {5.06} [4.54, 5.59], (p=22, n=6, P=26, N=17)
2026-04-14 12:04:47,945 - INFO - *****GROWING RR RULE*****
2026-04-14 12:04:47,958 - INFO - Iteracja 0: condition_best: None, quality_best: -inf, coverage_best: (p=0, n=0, P=0, N=0), p_value: 0
2026-04-14 12:04:47,958 - INFO - Regula po iteracji 0: IF  THEN class = {4.75} [4.03, 5.46], (p=29, n=14, P=29, N=14)
2026-04-14 12:04:47,958 - INFO - *****STOP GROWING RR RULE*****
2026-04-14 12:04:47,958 - INFO - ***RR NOT FOUND***
2026-04-14 12:04:47,963 - INFO - Iteracja 2: condition_best: deficit <= -0.75, quality_best: 0.561, coverage_best: (p=21, n=3, P=28, N=15)
2026-04-14 12:04:47,963 - INFO - Regula po iteracji 2: IF age >= 4.95 AND deficit >= -13.55 AND deficit <= -0.75 THEN class = {5.00} [4.49, 5.51], (p=21, n=3, P=28, N=15)
2026-04-14 12:04:47,963 - INFO - *****GROWING RR RULE*****
2026-04-14 12:04:47,975 - INFO - Iteracja 0: condition_best: None, quality_best: -inf, coverage_best: (p=0, n=0, P=0, N=0), p_value: 0
2026-04-14 12:04:47,975 - INFO - Regula po iteracji 0: IF  THEN class = {4.75} [4.03, 5.46], (p=29, n=14, P=29, N=14)
2026-04-14 12:04:47,975 - INFO - *****STOP GROWING RR RULE*****
2026-04-14 12:04:47,976 - INFO - ***RR NOT FOUND***
2026-04-14 12:04:47,979 - INFO - Iteracja 3: condition_best: age >= 6.35, quality_best: 0.586, coverage_best: (p=18, n=2, P=28, N=15)
2026-04-14 12:04:47,980 - INFO - Regula po iteracji 3: IF age >= 4.95 AND deficit >= -13.55 AND deficit <= -0.75 AND age >= 6.35 THEN class = {5.00} [4.47, 5.53], (p=18, n=2, P=28, N=15)
2026-04-14 12:04:47,980 - INFO - *****GROWING RR RULE*****
2026-04-14 12:04:47,992 - INFO - Iteracja 0: condition_best: None, quality_best: -inf, coverage_best: (p=0, n=0, P=0, N=0), p_value: 0
2026-04-14 12:04:47,992 - INFO - Regula po iteracji 0: IF  THEN class = {4.75} [4.03, 5.46], (p=29, n=14, P=29, N=14)
2026-04-14 12:04:47,992 - INFO - *****STOP GROWING RR RULE*****
2026-04-14 12:04:47,992 - INFO - ***RR NOT FOUND***
2026-04-14 12:04:47,996 - INFO - Iteracja 4: condition_best: age <= 14.70, quality_best: 0.561, coverage_best: (p=17, n=2, P=28, N=15)
2026-04-14 12:04:47,996 - INFO - Regula po iteracji 4: IF age >= 4.95 AND deficit >= -13.55 AND deficit <= -0.75 AND age >= 6.35 AND age <= 14.70 THEN class = {5.01} [4.46, 5.55], (p=17, n=2, P=28, N=15)
2026-04-14 12:04:47,996 - INFO - *****GROWING RR RULE*****
2026-04-14 12:04:48,009 - INFO - Iteracja 0: condition_best: None, quality_best: -inf, coverage_best: (p=0, n=0, P=0, N=0), p_value: 0
2026-04-14 12:04:48,009 - INFO - Regula po iteracji 0: IF  THEN class = {4.75} [4.03, 5.46], (p=29, n=14, P=29, N=14)
2026-04-14 12:04:48,009 - INFO - *****STOP GROWING RR RULE*****
2026-04-14 12:04:48,009 - INFO - ***RR NOT FOUND***
2026-04-14 12:04:48,009 - INFO - *******STOP GROWING CR RULE*******
2026-04-14 12:04:48,009 - INFO - *******GROWING CR RULE*******
2026-04-14 12:04:48,016 - INFO - Iteracja 0: condition_best: age >= 4.95, quality_best: 0.288, coverage_best: (p=27, n=8, P=29, N=14)
2026-04-14 12:04:48,016 - INFO - Regula po iteracji 0: IF age >= 4.95 THEN class = {4.93} [4.34, 5.53], (p=27, n=8, P=29, N=14)
2026-04-14 12:04:48,016 - INFO - *****GROWING RR RULE*****
2026-04-14 12:04:48,028 - INFO - Iteracja 0: condition_best: None, quality_best: -inf, coverage_best: (p=0, n=0, P=0, N=0), p_value: 0
2026-04-14 12:04:48,028 - INFO - Regula po iteracji 0: IF  THEN class = {4.75} [4.03, 5.46], (p=29, n=14, P=29, N=14)
2026-04-14 12:04:48,029 - INFO - *****STOP GROWING RR RULE*****
2026-04-14 12:04:48,029 - INFO - ***RR NOT FOUND***
2026-04-14 12:04:48,034 - INFO - Iteracja 1: condition_best: age <= 13.50, quality_best: 0.378, coverage_best: (p=25, n=6, P=29, N=14)
2026-04-14 12:04:48,034 - INFO - Regula po iteracji 1: IF age >= 4.95 AND age <= 13.50 THEN class = {4.95} [4.38, 5.52], (p=25, n=6, P=29, N=14)
2026-04-14 12:04:48,034 - INFO - *****GROWING RR RULE*****
2026-04-14 12:04:48,046 - INFO - Iteracja 0: condition_best: None, quality_best: -inf, coverage_best: (p=0, n=0, P=0, N=0), p_value: 0
2026-04-14 12:04:48,047 - INFO - Regula po iteracji 0: IF  THEN class = {4.75} [4.03, 5.46], (p=29, n=14, P=29, N=14)
2026-04-14 12:04:48,047 - INFO - *****STOP GROWING RR RULE*****
2026-04-14 12:04:48,047 - INFO - ***RR NOT FOUND***
2026-04-14 12:04:48,052 - INFO - Iteracja 2: condition_best: deficit <= -7.95, quality_best: 0.421, coverage_best: (p=10, n=2, P=25, N=18)
2026-04-14 12:04:48,052 - INFO - Regula po iteracji 2: IF age >= 4.95 AND age <= 13.50 AND deficit <= -7.95 THEN class = {4.64} [4.09, 5.19], (p=10, n=2, P=25, N=18)
2026-04-14 12:04:48,052 - INFO - *****GROWING RR RULE*****
2026-04-14 12:04:48,072 - INFO - Iteracja 0: condition_best: None, quality_best: -inf, coverage_best: (p=0, n=0, P=0, N=0), p_value: 0
2026-04-14 12:04:48,073 - INFO - Regula po iteracji 0: IF  THEN class = {4.75} [4.03, 5.46], (p=29, n=14, P=29, N=14)
2026-04-14 12:04:48,073 - INFO - *****STOP GROWING RR RULE*****
2026-04-14 12:04:48,073 - INFO - ***RR NOT FOUND***
2026-04-14 12:04:48,075 - INFO - Iteracja 3: condition_best: age >= 6.55, quality_best: 0.385, coverage_best: (p=9, n=2, P=25, N=18)
2026-04-14 12:04:48,075 - INFO - Regula po iteracji 3: IF age >= 4.95 AND age <= 13.50 AND deficit <= -7.95 AND age >= 6.55 THEN class = {4.63} [4.06, 5.20], (p=9, n=2, P=25, N=18)
2026-04-14 12:04:48,075 - INFO - *****GROWING RR RULE*****
2026-04-14 12:04:48,096 - INFO - Iteracja 0: condition_best: None, quality_best: -inf, coverage_best: (p=0, n=0, P=0, N=0), p_value: 0
2026-04-14 12:04:48,096 - INFO - Regula po iteracji 0: IF  THEN class = {4.75} [4.03, 5.46], (p=29, n=14, P=29, N=14)
2026-04-14 12:04:48,096 - INFO - *****STOP GROWING RR RULE*****
2026-04-14 12:04:48,096 - INFO - ***RR NOT FOUND***
2026-04-14 12:04:48,098 - INFO - Iteracja 4: condition_best: deficit >= -23.95, quality_best: 0.345, coverage_best: (p=8, n=2, P=25, N=18)
2026-04-14 12:04:48,098 - INFO - Regula po iteracji 4: IF age >= 4.95 AND age <= 13.50 AND deficit <= -7.95 AND age >= 6.55 AND deficit >= -23.95 THEN class = {4.59} [4.00, 5.18], (p=8, n=2, P=25, N=18)
2026-04-14 12:04:48,099 - INFO - *****GROWING RR RULE*****
2026-04-14 12:04:48,119 - INFO - Iteracja 0: condition_best: None, quality_best: -inf, coverage_best: (p=0, n=0, P=0, N=0), p_value: 0
2026-04-14 12:04:48,119 - INFO - Regula po iteracji 0: IF  THEN class = {4.75} [4.03, 5.46], (p=29, n=14, P=29, N=14)
2026-04-14 12:04:48,120 - INFO - *****STOP GROWING RR RULE*****
2026-04-14 12:04:48,120 - INFO - ***RR NOT FOUND***
2026-04-14 12:04:48,120 - INFO - *******STOP GROWING CR RULE*******
2026-04-14 12:04:48,120 - INFO - *******GROWING CR RULE*******
2026-04-14 12:04:48,126 - INFO - Iteracja 0: condition_best: age <= 0.95, quality_best: 1.0, coverage_best: (p=1, n=0, P=1, N=42)
2026-04-14 12:04:48,126 - INFO - Regula po iteracji 0: IF age <= 0.95 THEN class = {3.00} [3.00, 3.00], (p=1, n=0, P=1, N=42)
2026-04-14 12:04:48,126 - INFO - *****GROWING RR RULE*****
2026-04-14 12:04:48,139 - INFO - Iteracja 0: condition_best: None, quality_best: -inf, coverage_best: (p=0, n=0, P=0, N=0), p_value: 0
2026-04-14 12:04:48,139 - INFO - Regula po iteracji 0: IF  THEN class = {4.75} [4.03, 5.46], (p=29, n=14, P=29, N=14)
2026-04-14 12:04:48,139 - INFO - *****STOP GROWING RR RULE*****
2026-04-14 12:04:48,139 - INFO - ***RR NOT FOUND***
2026-04-14 12:04:48,140 - INFO - Iteracja 1: condition_best: None, quality_best: -inf, coverage_best: (p=0, n=0, P=0, N=0)
2026-04-14 12:04:48,140 - INFO - Regula po iteracji 1: IF age <= 0.95 THEN class = {3.00} [3.00, 3.00], (p=1, n=0, P=1, N=42)
2026-04-14 12:04:48,140 - INFO - *******STOP GROWING CR RULE*******
2026-04-14 12:04:48,142 - INFO - ************************Finished experiment for diabetes.arff with algorithm************************
2026-04-14 12:04:48,142 - INFO - *************************************************************************************************************************
2026-04-14 12:04:48,142 - INFO - *************************************************************************************************************************
2026-04-14 12:04:48,142 - INFO - *************************************************************************************************************************
