2026-04-14 12:20:30,817 - INFO - **********Starting experiment for meta.arff with algorithm**********
2026-04-14 12:20:30,828 - INFO - *******GROWING CR RULE*******
2026-04-14 12:20:30,905 - INFO - Iteracja 0: condition_best: T <= 2,155.00, quality_best: 0.637, coverage_best: (p=285, n=3, P=499, N=29)
2026-04-14 12:20:30,905 - INFO - Regula po iteracji 0: IF T <= 2,155.00 THEN class = {25.65} [-156.62, 207.92], (p=285, n=3, P=499, N=29)
2026-04-14 12:20:30,905 - INFO - *****GROWING RR RULE*****
2026-04-14 12:20:30,987 - INFO - Iteracja 0: condition_best: None, quality_best: -inf, coverage_best: (p=0, n=0, P=0, N=0), p_value: 0
2026-04-14 12:20:30,987 - INFO - Regula po iteracji 0: IF  THEN class = {99.55} [-664.34, 863.44], (p=522, n=6, P=522, N=6)
2026-04-14 12:20:30,987 - INFO - *****STOP GROWING RR RULE*****
2026-04-14 12:20:30,987 - INFO - ***RR NOT FOUND***
2026-04-14 12:20:31,014 - INFO - Iteracja 1: condition_best: skewness >= 0.54, quality_best: 0.657, coverage_best: (p=262, n=2, P=499, N=29)
2026-04-14 12:20:31,014 - INFO - Regula po iteracji 1: IF T <= 2,155.00 AND skewness >= 0.54 THEN class = {24.47} [-163.82, 212.77], (p=262, n=2, P=499, N=29)
2026-04-14 12:20:31,015 - INFO - *****GROWING RR RULE*****
2026-04-14 12:20:31,096 - INFO - Iteracja 0: condition_best: None, quality_best: -inf, coverage_best: (p=0, n=0, P=0, N=0), p_value: 0
2026-04-14 12:20:31,096 - INFO - Regula po iteracji 0: IF  THEN class = {99.55} [-664.34, 863.44], (p=522, n=6, P=522, N=6)
2026-04-14 12:20:31,096 - INFO - *****STOP GROWING RR RULE*****
2026-04-14 12:20:31,097 - INFO - ***RR NOT FOUND***
2026-04-14 12:20:31,119 - INFO - Iteracja 2: condition_best: Hc >= 0.63, quality_best: 0.683, coverage_best: (p=239, n=1, P=499, N=29)
2026-04-14 12:20:31,119 - INFO - Regula po iteracji 2: IF T <= 2,155.00 AND skewness >= 0.54 AND Hc >= 0.63 THEN class = {25.06} [-171.67, 221.80], (p=239, n=1, P=499, N=29)
2026-04-14 12:20:31,119 - INFO - *****GROWING RR RULE*****
2026-04-14 12:20:31,201 - INFO - Iteracja 0: condition_best: None, quality_best: -inf, coverage_best: (p=0, n=0, P=0, N=0), p_value: 0
2026-04-14 12:20:31,201 - INFO - Regula po iteracji 0: IF  THEN class = {99.55} [-664.34, 863.44], (p=522, n=6, P=522, N=6)
2026-04-14 12:20:31,201 - INFO - *****STOP GROWING RR RULE*****
2026-04-14 12:20:31,201 - INFO - ***RR NOT FOUND***
2026-04-14 12:20:31,222 - INFO - Iteracja 3: condition_best: T <= 1,749.50, quality_best: 0.655, coverage_best: (p=215, n=1, P=499, N=29)
2026-04-14 12:20:31,222 - INFO - Regula po iteracji 3: IF T <= 2,155.00 AND skewness >= 0.54 AND Hc >= 0.63 AND T <= 1,749.50 THEN class = {25.82} [-181.28, 232.91], (p=215, n=1, P=499, N=29)
2026-04-14 12:20:31,222 - INFO - *****GROWING RR RULE*****
2026-04-14 12:20:31,304 - INFO - Iteracja 0: condition_best: None, quality_best: -inf, coverage_best: (p=0, n=0, P=0, N=0), p_value: 0
2026-04-14 12:20:31,304 - INFO - Regula po iteracji 0: IF  THEN class = {99.55} [-664.34, 863.44], (p=522, n=6, P=522, N=6)
2026-04-14 12:20:31,304 - INFO - *****STOP GROWING RR RULE*****
2026-04-14 12:20:31,304 - INFO - ***RR NOT FOUND***
2026-04-14 12:20:31,321 - INFO - Iteracja 4: condition_best: p <= 112.50, quality_best: 0.626, coverage_best: (p=191, n=1, P=499, N=29)
2026-04-14 12:20:31,322 - INFO - Regula po iteracji 4: IF T <= 2,155.00 AND skewness >= 0.54 AND Hc >= 0.63 AND T <= 1,749.50 AND p <= 112.50 THEN class = {25.81} [-193.25, 244.88], (p=191, n=1, P=499, N=29)
2026-04-14 12:20:31,322 - INFO - *****GROWING RR RULE*****
2026-04-14 12:20:31,404 - INFO - Iteracja 0: condition_best: None, quality_best: -inf, coverage_best: (p=0, n=0, P=0, N=0), p_value: 0
2026-04-14 12:20:31,404 - INFO - Regula po iteracji 0: IF  THEN class = {99.55} [-664.34, 863.44], (p=522, n=6, P=522, N=6)
2026-04-14 12:20:31,404 - INFO - *****STOP GROWING RR RULE*****
2026-04-14 12:20:31,404 - INFO - ***RR NOT FOUND***
2026-04-14 12:20:31,404 - INFO - *******STOP GROWING CR RULE*******
2026-04-14 12:20:31,407 - INFO - *******GROWING CR RULE*******
2026-04-14 12:20:31,458 - INFO - Iteracja 0: condition_best: T <= 2,155.00, quality_best: 0.637, coverage_best: (p=285, n=3, P=499, N=29)
2026-04-14 12:20:31,458 - INFO - Regula po iteracji 0: IF T <= 2,155.00 THEN class = {25.65} [-156.62, 207.92], (p=285, n=3, P=499, N=29)
2026-04-14 12:20:31,458 - INFO - *****GROWING RR RULE*****
2026-04-14 12:20:31,540 - INFO - Iteracja 0: condition_best: None, quality_best: -inf, coverage_best: (p=0, n=0, P=0, N=0), p_value: 0
2026-04-14 12:20:31,540 - INFO - Regula po iteracji 0: IF  THEN class = {99.55} [-664.34, 863.44], (p=522, n=6, P=522, N=6)
2026-04-14 12:20:31,540 - INFO - *****STOP GROWING RR RULE*****
2026-04-14 12:20:31,540 - INFO - ***RR NOT FOUND***
2026-04-14 12:20:31,562 - INFO - Iteracja 1: condition_best: skewness >= 0.54, quality_best: 0.657, coverage_best: (p=262, n=2, P=499, N=29)
2026-04-14 12:20:31,562 - INFO - Regula po iteracji 1: IF T <= 2,155.00 AND skewness >= 0.54 THEN class = {24.47} [-163.82, 212.77], (p=262, n=2, P=499, N=29)
2026-04-14 12:20:31,562 - INFO - *****GROWING RR RULE*****
2026-04-14 12:20:31,643 - INFO - Iteracja 0: condition_best: None, quality_best: -inf, coverage_best: (p=0, n=0, P=0, N=0), p_value: 0
2026-04-14 12:20:31,644 - INFO - Regula po iteracji 0: IF  THEN class = {99.55} [-664.34, 863.44], (p=522, n=6, P=522, N=6)
2026-04-14 12:20:31,644 - INFO - *****STOP GROWING RR RULE*****
2026-04-14 12:20:31,644 - INFO - ***RR NOT FOUND***
2026-04-14 12:20:31,663 - INFO - Iteracja 2: condition_best: Hc >= 0.63, quality_best: 0.683, coverage_best: (p=239, n=1, P=499, N=29)
2026-04-14 12:20:31,664 - INFO - Regula po iteracji 2: IF T <= 2,155.00 AND skewness >= 0.54 AND Hc >= 0.63 THEN class = {25.06} [-171.67, 221.80], (p=239, n=1, P=499, N=29)
2026-04-14 12:20:31,664 - INFO - *****GROWING RR RULE*****
2026-04-14 12:20:31,745 - INFO - Iteracja 0: condition_best: None, quality_best: -inf, coverage_best: (p=0, n=0, P=0, N=0), p_value: 0
2026-04-14 12:20:31,745 - INFO - Regula po iteracji 0: IF  THEN class = {99.55} [-664.34, 863.44], (p=522, n=6, P=522, N=6)
2026-04-14 12:20:31,745 - INFO - *****STOP GROWING RR RULE*****
2026-04-14 12:20:31,745 - INFO - ***RR NOT FOUND***
2026-04-14 12:20:31,763 - INFO - Iteracja 3: condition_best: T <= 1,749.50, quality_best: 0.655, coverage_best: (p=215, n=1, P=499, N=29)
2026-04-14 12:20:31,763 - INFO - Regula po iteracji 3: IF T <= 2,155.00 AND skewness >= 0.54 AND Hc >= 0.63 AND T <= 1,749.50 THEN class = {25.82} [-181.28, 232.91], (p=215, n=1, P=499, N=29)
2026-04-14 12:20:31,764 - INFO - *****GROWING RR RULE*****
2026-04-14 12:20:31,846 - INFO - Iteracja 0: condition_best: None, quality_best: -inf, coverage_best: (p=0, n=0, P=0, N=0), p_value: 0
2026-04-14 12:20:31,847 - INFO - Regula po iteracji 0: IF  THEN class = {99.55} [-664.34, 863.44], (p=522, n=6, P=522, N=6)
2026-04-14 12:20:31,847 - INFO - *****STOP GROWING RR RULE*****
2026-04-14 12:20:31,847 - INFO - ***RR NOT FOUND***
2026-04-14 12:20:31,862 - INFO - Iteracja 4: condition_best: T <= 1,342.50, quality_best: 0.623, coverage_best: (p=191, n=1, P=500, N=28)
2026-04-14 12:20:31,862 - INFO - Regula po iteracji 4: IF T <= 2,155.00 AND skewness >= 0.54 AND Hc >= 0.63 AND T <= 1,749.50 AND T <= 1,342.50 THEN class = {26.60} [-192.53, 245.73], (p=191, n=1, P=500, N=28)
2026-04-14 12:20:31,863 - INFO - *****GROWING RR RULE*****
2026-04-14 12:20:31,945 - INFO - Iteracja 0: condition_best: None, quality_best: -inf, coverage_best: (p=0, n=0, P=0, N=0), p_value: 0
2026-04-14 12:20:31,945 - INFO - Regula po iteracji 0: IF  THEN class = {99.55} [-664.34, 863.44], (p=522, n=6, P=522, N=6)
2026-04-14 12:20:31,945 - INFO - *****STOP GROWING RR RULE*****
2026-04-14 12:20:31,945 - INFO - ***RR NOT FOUND***
2026-04-14 12:20:31,945 - INFO - *******STOP GROWING CR RULE*******
2026-04-14 12:20:31,947 - INFO - *******GROWING CR RULE*******
2026-04-14 12:20:31,997 - INFO - Iteracja 0: condition_best: T <= 2,155.00, quality_best: 0.637, coverage_best: (p=285, n=3, P=499, N=29)
2026-04-14 12:20:31,997 - INFO - Regula po iteracji 0: IF T <= 2,155.00 THEN class = {25.65} [-156.62, 207.92], (p=285, n=3, P=499, N=29)
2026-04-14 12:20:31,997 - INFO - *****GROWING RR RULE*****
2026-04-14 12:20:32,079 - INFO - Iteracja 0: condition_best: None, quality_best: -inf, coverage_best: (p=0, n=0, P=0, N=0), p_value: 0
2026-04-14 12:20:32,079 - INFO - Regula po iteracji 0: IF  THEN class = {99.55} [-664.34, 863.44], (p=522, n=6, P=522, N=6)
2026-04-14 12:20:32,079 - INFO - *****STOP GROWING RR RULE*****
2026-04-14 12:20:32,079 - INFO - ***RR NOT FOUND***
2026-04-14 12:20:32,100 - INFO - Iteracja 1: condition_best: skewness >= 0.54, quality_best: 0.657, coverage_best: (p=262, n=2, P=499, N=29)
2026-04-14 12:20:32,100 - INFO - Regula po iteracji 1: IF T <= 2,155.00 AND skewness >= 0.54 THEN class = {24.47} [-163.82, 212.77], (p=262, n=2, P=499, N=29)
2026-04-14 12:20:32,101 - INFO - *****GROWING RR RULE*****
2026-04-14 12:20:32,182 - INFO - Iteracja 0: condition_best: None, quality_best: -inf, coverage_best: (p=0, n=0, P=0, N=0), p_value: 0
2026-04-14 12:20:32,182 - INFO - Regula po iteracji 0: IF  THEN class = {99.55} [-664.34, 863.44], (p=522, n=6, P=522, N=6)
2026-04-14 12:20:32,183 - INFO - *****STOP GROWING RR RULE*****
2026-04-14 12:20:32,183 - INFO - ***RR NOT FOUND***
2026-04-14 12:20:32,202 - INFO - Iteracja 2: condition_best: Hc >= 0.63, quality_best: 0.683, coverage_best: (p=239, n=1, P=499, N=29)
2026-04-14 12:20:32,202 - INFO - Regula po iteracji 2: IF T <= 2,155.00 AND skewness >= 0.54 AND Hc >= 0.63 THEN class = {25.06} [-171.67, 221.80], (p=239, n=1, P=499, N=29)
2026-04-14 12:20:32,203 - INFO - *****GROWING RR RULE*****
2026-04-14 12:20:32,284 - INFO - Iteracja 0: condition_best: None, quality_best: -inf, coverage_best: (p=0, n=0, P=0, N=0), p_value: 0
2026-04-14 12:20:32,284 - INFO - Regula po iteracji 0: IF  THEN class = {99.55} [-664.34, 863.44], (p=522, n=6, P=522, N=6)
2026-04-14 12:20:32,284 - INFO - *****STOP GROWING RR RULE*****
2026-04-14 12:20:32,284 - INFO - ***RR NOT FOUND***
2026-04-14 12:20:32,301 - INFO - Iteracja 3: condition_best: T >= 420.00, quality_best: 0.655, coverage_best: (p=215, n=1, P=499, N=29)
2026-04-14 12:20:32,302 - INFO - Regula po iteracji 3: IF T <= 2,155.00 AND skewness >= 0.54 AND Hc >= 0.63 AND T >= 420.00 THEN class = {27.56} [-179.67, 234.78], (p=215, n=1, P=499, N=29)
2026-04-14 12:20:32,302 - INFO - *****GROWING RR RULE*****
2026-04-14 12:20:32,384 - INFO - Iteracja 0: condition_best: None, quality_best: -inf, coverage_best: (p=0, n=0, P=0, N=0), p_value: 0
2026-04-14 12:20:32,384 - INFO - Regula po iteracji 0: IF  THEN class = {99.55} [-664.34, 863.44], (p=522, n=6, P=522, N=6)
2026-04-14 12:20:32,384 - INFO - *****STOP GROWING RR RULE*****
2026-04-14 12:20:32,384 - INFO - ***RR NOT FOUND***
2026-04-14 12:20:32,401 - INFO - Iteracja 4: condition_best: T >= 630.00, quality_best: 0.623, coverage_best: (p=191, n=1, P=500, N=28)
2026-04-14 12:20:32,401 - INFO - Regula po iteracji 4: IF T <= 2,155.00 AND skewness >= 0.54 AND Hc >= 0.63 AND T >= 420.00 AND T >= 630.00 THEN class = {29.64} [-190.04, 249.32], (p=191, n=1, P=500, N=28)
2026-04-14 12:20:32,401 - INFO - *****GROWING RR RULE*****
2026-04-14 12:20:32,483 - INFO - Iteracja 0: condition_best: None, quality_best: -inf, coverage_best: (p=0, n=0, P=0, N=0), p_value: 0
2026-04-14 12:20:32,483 - INFO - Regula po iteracji 0: IF  THEN class = {99.55} [-664.34, 863.44], (p=522, n=6, P=522, N=6)
2026-04-14 12:20:32,483 - INFO - *****STOP GROWING RR RULE*****
2026-04-14 12:20:32,483 - INFO - ***RR NOT FOUND***
2026-04-14 12:20:32,483 - INFO - *******STOP GROWING CR RULE*******
2026-04-14 12:20:32,485 - INFO - *******GROWING CR RULE*******
2026-04-14 12:20:32,534 - INFO - Iteracja 0: condition_best: T <= 2,155.00, quality_best: 0.637, coverage_best: (p=285, n=3, P=499, N=29)
2026-04-14 12:20:32,534 - INFO - Regula po iteracji 0: IF T <= 2,155.00 THEN class = {25.65} [-156.62, 207.92], (p=285, n=3, P=499, N=29)
2026-04-14 12:20:32,535 - INFO - *****GROWING RR RULE*****
2026-04-14 12:20:32,617 - INFO - Iteracja 0: condition_best: None, quality_best: -inf, coverage_best: (p=0, n=0, P=0, N=0), p_value: 0
2026-04-14 12:20:32,617 - INFO - Regula po iteracji 0: IF  THEN class = {99.55} [-664.34, 863.44], (p=522, n=6, P=522, N=6)
2026-04-14 12:20:32,617 - INFO - *****STOP GROWING RR RULE*****
2026-04-14 12:20:32,617 - INFO - ***RR NOT FOUND***
2026-04-14 12:20:32,639 - INFO - Iteracja 1: condition_best: skewness >= 0.54, quality_best: 0.657, coverage_best: (p=262, n=2, P=499, N=29)
2026-04-14 12:20:32,639 - INFO - Regula po iteracji 1: IF T <= 2,155.00 AND skewness >= 0.54 THEN class = {24.47} [-163.82, 212.77], (p=262, n=2, P=499, N=29)
2026-04-14 12:20:32,639 - INFO - *****GROWING RR RULE*****
2026-04-14 12:20:32,721 - INFO - Iteracja 0: condition_best: None, quality_best: -inf, coverage_best: (p=0, n=0, P=0, N=0), p_value: 0
2026-04-14 12:20:32,721 - INFO - Regula po iteracji 0: IF  THEN class = {99.55} [-664.34, 863.44], (p=522, n=6, P=522, N=6)
2026-04-14 12:20:32,721 - INFO - *****STOP GROWING RR RULE*****
2026-04-14 12:20:32,721 - INFO - ***RR NOT FOUND***
2026-04-14 12:20:32,740 - INFO - Iteracja 2: condition_best: T <= 1,749.50, quality_best: 0.626, coverage_best: (p=238, n=2, P=499, N=29)
2026-04-14 12:20:32,740 - INFO - Regula po iteracji 2: IF T <= 2,155.00 AND skewness >= 0.54 AND T <= 1,749.50 THEN class = {25.09} [-172.12, 222.31], (p=238, n=2, P=499, N=29)
2026-04-14 12:20:32,740 - INFO - *****GROWING RR RULE*****
2026-04-14 12:20:32,822 - INFO - Iteracja 0: condition_best: None, quality_best: -inf, coverage_best: (p=0, n=0, P=0, N=0), p_value: 0
2026-04-14 12:20:32,822 - INFO - Regula po iteracji 0: IF  THEN class = {99.55} [-664.34, 863.44], (p=522, n=6, P=522, N=6)
2026-04-14 12:20:32,822 - INFO - *****STOP GROWING RR RULE*****
2026-04-14 12:20:32,822 - INFO - ***RR NOT FOUND***
2026-04-14 12:20:32,839 - INFO - Iteracja 3: condition_best: T <= 1,342.50, quality_best: 0.594, coverage_best: (p=214, n=2, P=499, N=29)
2026-04-14 12:20:32,839 - INFO - Regula po iteracji 3: IF T <= 2,155.00 AND skewness >= 0.54 AND T <= 1,749.50 AND T <= 1,342.50 THEN class = {25.71} [-181.69, 233.10], (p=214, n=2, P=499, N=29)
2026-04-14 12:20:32,840 - INFO - *****GROWING RR RULE*****
2026-04-14 12:20:32,923 - INFO - Iteracja 0: condition_best: None, quality_best: -inf, coverage_best: (p=0, n=0, P=0, N=0), p_value: 0
2026-04-14 12:20:32,923 - INFO - Regula po iteracji 0: IF  THEN class = {99.55} [-664.34, 863.44], (p=522, n=6, P=522, N=6)
2026-04-14 12:20:32,923 - INFO - *****STOP GROWING RR RULE*****
2026-04-14 12:20:32,923 - INFO - ***RR NOT FOUND***
2026-04-14 12:20:32,940 - INFO - Iteracja 4: condition_best: T <= 1,093.00, quality_best: 0.559, coverage_best: (p=190, n=2, P=499, N=29)
2026-04-14 12:20:32,940 - INFO - Regula po iteracji 4: IF T <= 2,155.00 AND skewness >= 0.54 AND T <= 1,749.50 AND T <= 1,342.50 AND T <= 1,093.00 THEN class = {25.69} [-193.70, 245.07], (p=190, n=2, P=499, N=29)
2026-04-14 12:20:32,940 - INFO - *****GROWING RR RULE*****
2026-04-14 12:20:33,021 - INFO - Iteracja 0: condition_best: None, quality_best: -inf, coverage_best: (p=0, n=0, P=0, N=0), p_value: 0
2026-04-14 12:20:33,021 - INFO - Regula po iteracji 0: IF  THEN class = {99.55} [-664.34, 863.44], (p=522, n=6, P=522, N=6)
2026-04-14 12:20:33,021 - INFO - *****STOP GROWING RR RULE*****
2026-04-14 12:20:33,021 - INFO - ***RR NOT FOUND***
2026-04-14 12:20:33,021 - INFO - *******STOP GROWING CR RULE*******
2026-04-14 12:20:33,023 - INFO - *******GROWING CR RULE*******
2026-04-14 12:20:33,072 - INFO - Iteracja 0: condition_best: T <= 2,155.00, quality_best: 0.637, coverage_best: (p=285, n=3, P=499, N=29)
2026-04-14 12:20:33,072 - INFO - Regula po iteracji 0: IF T <= 2,155.00 THEN class = {25.65} [-156.62, 207.92], (p=285, n=3, P=499, N=29)
2026-04-14 12:20:33,072 - INFO - *****GROWING RR RULE*****
2026-04-14 12:20:33,153 - INFO - Iteracja 0: condition_best: None, quality_best: -inf, coverage_best: (p=0, n=0, P=0, N=0), p_value: 0
2026-04-14 12:20:33,153 - INFO - Regula po iteracji 0: IF  THEN class = {99.55} [-664.34, 863.44], (p=522, n=6, P=522, N=6)
2026-04-14 12:20:33,153 - INFO - *****STOP GROWING RR RULE*****
2026-04-14 12:20:33,154 - INFO - ***RR NOT FOUND***
2026-04-14 12:20:33,175 - INFO - Iteracja 1: condition_best: Hc >= 0.63, quality_best: 0.657, coverage_best: (p=262, n=2, P=499, N=29)
2026-04-14 12:20:33,175 - INFO - Regula po iteracji 1: IF T <= 2,155.00 AND Hc >= 0.63 THEN class = {26.29} [-163.37, 215.96], (p=262, n=2, P=499, N=29)
2026-04-14 12:20:33,175 - INFO - *****GROWING RR RULE*****
2026-04-14 12:20:33,256 - INFO - Iteracja 0: condition_best: None, quality_best: -inf, coverage_best: (p=0, n=0, P=0, N=0), p_value: 0
2026-04-14 12:20:33,256 - INFO - Regula po iteracji 0: IF  THEN class = {99.55} [-664.34, 863.44], (p=522, n=6, P=522, N=6)
2026-04-14 12:20:33,256 - INFO - *****STOP GROWING RR RULE*****
2026-04-14 12:20:33,257 - INFO - ***RR NOT FOUND***
2026-04-14 12:20:33,276 - INFO - Iteracja 2: condition_best: T <= 1,749.50, quality_best: 0.626, coverage_best: (p=238, n=2, P=499, N=29)
2026-04-14 12:20:33,276 - INFO - Regula po iteracji 2: IF T <= 2,155.00 AND Hc >= 0.63 AND T <= 1,749.50 THEN class = {27.10} [-171.55, 225.75], (p=238, n=2, P=499, N=29)
2026-04-14 12:20:33,276 - INFO - *****GROWING RR RULE*****
2026-04-14 12:20:33,358 - INFO - Iteracja 0: condition_best: None, quality_best: -inf, coverage_best: (p=0, n=0, P=0, N=0), p_value: 0
2026-04-14 12:20:33,358 - INFO - Regula po iteracji 0: IF  THEN class = {99.55} [-664.34, 863.44], (p=522, n=6, P=522, N=6)
2026-04-14 12:20:33,358 - INFO - *****STOP GROWING RR RULE*****
2026-04-14 12:20:33,358 - INFO - ***RR NOT FOUND***
2026-04-14 12:20:33,375 - INFO - Iteracja 3: condition_best: T <= 1,374.50, quality_best: 0.594, coverage_best: (p=214, n=2, P=499, N=29)
2026-04-14 12:20:33,376 - INFO - Regula po iteracji 3: IF T <= 2,155.00 AND Hc >= 0.63 AND T <= 1,749.50 AND T <= 1,374.50 THEN class = {27.93} [-180.97, 236.83], (p=214, n=2, P=499, N=29)
2026-04-14 12:20:33,376 - INFO - *****GROWING RR RULE*****
2026-04-14 12:20:33,457 - INFO - Iteracja 0: condition_best: None, quality_best: -inf, coverage_best: (p=0, n=0, P=0, N=0), p_value: 0
2026-04-14 12:20:33,458 - INFO - Regula po iteracji 0: IF  THEN class = {99.55} [-664.34, 863.44], (p=522, n=6, P=522, N=6)
2026-04-14 12:20:33,458 - INFO - *****STOP GROWING RR RULE*****
2026-04-14 12:20:33,458 - INFO - ***RR NOT FOUND***
2026-04-14 12:20:33,474 - INFO - Iteracja 4: condition_best: correl >= 0.11, quality_best: 0.567, coverage_best: (p=141, n=3, P=448, N=80)
2026-04-14 12:20:33,474 - INFO - Regula po iteracji 4: IF T <= 2,155.00 AND Hc >= 0.63 AND T <= 1,749.50 AND T <= 1,374.50 AND correl >= 0.11 THEN class = {13.93} [-26.64, 54.51], (p=141, n=3, P=448, N=80)
2026-04-14 12:20:33,474 - INFO - *****GROWING RR RULE*****
2026-04-14 12:20:33,555 - INFO - Iteracja 0: condition_best: None, quality_best: -inf, coverage_best: (p=0, n=0, P=0, N=0), p_value: 0
2026-04-14 12:20:33,555 - INFO - Regula po iteracji 0: IF  THEN class = {99.55} [-664.34, 863.44], (p=522, n=6, P=522, N=6)
2026-04-14 12:20:33,555 - INFO - *****STOP GROWING RR RULE*****
2026-04-14 12:20:33,555 - INFO - ***RR NOT FOUND***
2026-04-14 12:20:33,555 - INFO - *******STOP GROWING CR RULE*******
2026-04-14 12:20:33,558 - INFO - *******GROWING CR RULE*******
2026-04-14 12:20:33,606 - INFO - Iteracja 0: condition_best: Hx <= 2.52, quality_best: 0.623, coverage_best: (p=191, n=1, P=500, N=28)
2026-04-14 12:20:33,606 - INFO - Regula po iteracji 0: IF Hx <= 2.52 THEN class = {34.31} [-186.04, 254.67], (p=191, n=1, P=500, N=28)
2026-04-14 12:20:33,606 - INFO - *****GROWING RR RULE*****
2026-04-14 12:20:33,687 - INFO - Iteracja 0: condition_best: None, quality_best: -inf, coverage_best: (p=0, n=0, P=0, N=0), p_value: 0
2026-04-14 12:20:33,687 - INFO - Regula po iteracji 0: IF  THEN class = {99.55} [-664.34, 863.44], (p=522, n=6, P=522, N=6)
2026-04-14 12:20:33,687 - INFO - *****STOP GROWING RR RULE*****
2026-04-14 12:20:33,687 - INFO - ***RR NOT FOUND***
2026-04-14 12:20:33,703 - INFO - Iteracja 1: condition_best: k <= 47.00, quality_best: 0.589, coverage_best: (p=167, n=1, P=501, N=27)
2026-04-14 12:20:33,703 - INFO - Regula po iteracji 1: IF Hx <= 2.52 AND k <= 47.00 THEN class = {29.87} [-204.21, 263.96], (p=167, n=1, P=501, N=27)
2026-04-14 12:20:33,704 - INFO - *****GROWING RR RULE*****
2026-04-14 12:20:33,785 - INFO - Iteracja 0: condition_best: None, quality_best: -inf, coverage_best: (p=0, n=0, P=0, N=0), p_value: 0
2026-04-14 12:20:33,785 - INFO - Regula po iteracji 0: IF  THEN class = {99.55} [-664.34, 863.44], (p=522, n=6, P=522, N=6)
2026-04-14 12:20:33,785 - INFO - *****STOP GROWING RR RULE*****
2026-04-14 12:20:33,785 - INFO - ***RR NOT FOUND***
2026-04-14 12:20:33,797 - INFO - Iteracja 2: condition_best: T >= 420.00, quality_best: 0.539, coverage_best: (p=143, n=1, P=505, N=23)
2026-04-14 12:20:33,797 - INFO - Regula po iteracji 2: IF Hx <= 2.52 AND k <= 47.00 AND T >= 420.00 THEN class = {34.42} [-218.14, 286.97], (p=143, n=1, P=505, N=23)
2026-04-14 12:20:33,797 - INFO - *****GROWING RR RULE*****
2026-04-14 12:20:33,877 - INFO - Iteracja 0: condition_best: None, quality_best: -inf, coverage_best: (p=0, n=0, P=0, N=0), p_value: 0
2026-04-14 12:20:33,877 - INFO - Regula po iteracji 0: IF  THEN class = {99.55} [-664.34, 863.44], (p=522, n=6, P=522, N=6)
2026-04-14 12:20:33,877 - INFO - *****STOP GROWING RR RULE*****
2026-04-14 12:20:33,877 - INFO - ***RR NOT FOUND***
2026-04-14 12:20:33,888 - INFO - Iteracja 3: condition_best: p <= 112.50, quality_best: 0.5, coverage_best: (p=119, n=1, P=505, N=23)
2026-04-14 12:20:33,888 - INFO - Regula po iteracji 3: IF Hx <= 2.52 AND k <= 47.00 AND T >= 420.00 AND p <= 112.50 THEN class = {36.13} [-239.75, 312.01], (p=119, n=1, P=505, N=23)
2026-04-14 12:20:33,889 - INFO - *****GROWING RR RULE*****
2026-04-14 12:20:33,969 - INFO - Iteracja 0: condition_best: None, quality_best: -inf, coverage_best: (p=0, n=0, P=0, N=0), p_value: 0
2026-04-14 12:20:33,969 - INFO - Regula po iteracji 0: IF  THEN class = {99.55} [-664.34, 863.44], (p=522, n=6, P=522, N=6)
2026-04-14 12:20:33,969 - INFO - *****STOP GROWING RR RULE*****
2026-04-14 12:20:33,969 - INFO - ***RR NOT FOUND***
2026-04-14 12:20:33,978 - INFO - Iteracja 4: condition_best: T >= 630.00, quality_best: 0.445, coverage_best: (p=95, n=1, P=506, N=22)
2026-04-14 12:20:33,978 - INFO - Regula po iteracji 4: IF Hx <= 2.52 AND k <= 47.00 AND T >= 420.00 AND p <= 112.50 AND T >= 630.00 THEN class = {42.44} [-265.64, 350.51], (p=95, n=1, P=506, N=22)
2026-04-14 12:20:33,978 - INFO - *****GROWING RR RULE*****
2026-04-14 12:20:34,059 - INFO - Iteracja 0: condition_best: None, quality_best: -inf, coverage_best: (p=0, n=0, P=0, N=0), p_value: 0
2026-04-14 12:20:34,059 - INFO - Regula po iteracji 0: IF  THEN class = {99.55} [-664.34, 863.44], (p=522, n=6, P=522, N=6)
2026-04-14 12:20:34,059 - INFO - *****STOP GROWING RR RULE*****
2026-04-14 12:20:34,059 - INFO - ***RR NOT FOUND***
2026-04-14 12:20:34,059 - INFO - *******STOP GROWING CR RULE*******
2026-04-14 12:20:34,061 - INFO - *******GROWING CR RULE*******
2026-04-14 12:20:34,109 - INFO - Iteracja 0: condition_best: Hx <= 2.52, quality_best: 0.623, coverage_best: (p=191, n=1, P=500, N=28)
2026-04-14 12:20:34,109 - INFO - Regula po iteracji 0: IF Hx <= 2.52 THEN class = {34.31} [-186.04, 254.67], (p=191, n=1, P=500, N=28)
2026-04-14 12:20:34,109 - INFO - *****GROWING RR RULE*****
2026-04-14 12:20:34,191 - INFO - Iteracja 0: condition_best: None, quality_best: -inf, coverage_best: (p=0, n=0, P=0, N=0), p_value: 0
2026-04-14 12:20:34,191 - INFO - Regula po iteracji 0: IF  THEN class = {99.55} [-664.34, 863.44], (p=522, n=6, P=522, N=6)
2026-04-14 12:20:34,191 - INFO - *****STOP GROWING RR RULE*****
2026-04-14 12:20:34,191 - INFO - ***RR NOT FOUND***
2026-04-14 12:20:34,204 - INFO - Iteracja 1: condition_best: T <= 2,625.00, quality_best: 0.582, coverage_best: (p=167, n=1, P=503, N=25)
2026-04-14 12:20:34,204 - INFO - Regula po iteracji 1: IF Hx <= 2.52 AND T <= 2,625.00 THEN class = {37.30} [-198.05, 272.65], (p=167, n=1, P=503, N=25)
2026-04-14 12:20:34,205 - INFO - *****GROWING RR RULE*****
2026-04-14 12:20:34,285 - INFO - Iteracja 0: condition_best: None, quality_best: -inf, coverage_best: (p=0, n=0, P=0, N=0), p_value: 0
2026-04-14 12:20:34,285 - INFO - Regula po iteracji 0: IF  THEN class = {99.55} [-664.34, 863.44], (p=522, n=6, P=522, N=6)
2026-04-14 12:20:34,285 - INFO - *****STOP GROWING RR RULE*****
2026-04-14 12:20:34,286 - INFO - ***RR NOT FOUND***
2026-04-14 12:20:34,297 - INFO - Iteracja 2: condition_best: T >= 420.00, quality_best: 0.539, coverage_best: (p=143, n=1, P=505, N=23)
2026-04-14 12:20:34,298 - INFO - Regula po iteracji 2: IF Hx <= 2.52 AND T <= 2,625.00 AND T >= 420.00 THEN class = {43.08} [-210.66, 296.83], (p=143, n=1, P=505, N=23)
2026-04-14 12:20:34,298 - INFO - *****GROWING RR RULE*****
2026-04-14 12:20:34,378 - INFO - Iteracja 0: condition_best: None, quality_best: -inf, coverage_best: (p=0, n=0, P=0, N=0), p_value: 0
2026-04-14 12:20:34,379 - INFO - Regula po iteracji 0: IF  THEN class = {99.55} [-664.34, 863.44], (p=522, n=6, P=522, N=6)
2026-04-14 12:20:34,379 - INFO - *****STOP GROWING RR RULE*****
2026-04-14 12:20:34,379 - INFO - ***RR NOT FOUND***
2026-04-14 12:20:34,389 - INFO - Iteracja 3: condition_best: T >= 630.00, quality_best: 0.494, coverage_best: (p=119, n=1, P=506, N=22)
2026-04-14 12:20:34,389 - INFO - Regula po iteracji 3: IF Hx <= 2.52 AND T <= 2,625.00 AND T >= 420.00 AND T >= 630.00 THEN class = {49.52} [-227.96, 327.00], (p=119, n=1, P=506, N=22)
2026-04-14 12:20:34,390 - INFO - *****GROWING RR RULE*****
2026-04-14 12:20:34,470 - INFO - Iteracja 0: condition_best: None, quality_best: -inf, coverage_best: (p=0, n=0, P=0, N=0), p_value: 0
2026-04-14 12:20:34,470 - INFO - Regula po iteracji 0: IF  THEN class = {99.55} [-664.34, 863.44], (p=522, n=6, P=522, N=6)
2026-04-14 12:20:34,470 - INFO - *****STOP GROWING RR RULE*****
2026-04-14 12:20:34,470 - INFO - ***RR NOT FOUND***
2026-04-14 12:20:34,479 - INFO - Iteracja 4: condition_best: T >= 795.00, quality_best: 0.445, coverage_best: (p=95, n=1, P=506, N=22)
2026-04-14 12:20:34,479 - INFO - Regula po iteracji 4: IF Hx <= 2.52 AND T <= 2,625.00 AND T >= 420.00 AND T >= 630.00 AND T >= 795.00 THEN class = {59.70} [-249.56, 368.95], (p=95, n=1, P=506, N=22)
2026-04-14 12:20:34,480 - INFO - *****GROWING RR RULE*****
2026-04-14 12:20:34,560 - INFO - Iteracja 0: condition_best: None, quality_best: -inf, coverage_best: (p=0, n=0, P=0, N=0), p_value: 0
2026-04-14 12:20:34,560 - INFO - Regula po iteracji 0: IF  THEN class = {99.55} [-664.34, 863.44], (p=522, n=6, P=522, N=6)
2026-04-14 12:20:34,560 - INFO - *****STOP GROWING RR RULE*****
2026-04-14 12:20:34,561 - INFO - ***RR NOT FOUND***
2026-04-14 12:20:34,561 - INFO - *******STOP GROWING CR RULE*******
2026-04-14 12:20:34,562 - INFO - *******GROWING CR RULE*******
2026-04-14 12:20:34,609 - INFO - Iteracja 0: condition_best: T <= 3,835.00, quality_best: 0.604, coverage_best: (p=354, n=6, P=498, N=30)
2026-04-14 12:20:34,609 - INFO - Regula po iteracji 0: IF T <= 3,835.00 THEN class = {28.24} [-137.01, 193.48], (p=354, n=6, P=498, N=30)
2026-04-14 12:20:34,610 - INFO - *****GROWING RR RULE*****
2026-04-14 12:20:34,692 - INFO - Iteracja 0: condition_best: None, quality_best: -inf, coverage_best: (p=0, n=0, P=0, N=0), p_value: 0
2026-04-14 12:20:34,692 - INFO - Regula po iteracji 0: IF  THEN class = {99.55} [-664.34, 863.44], (p=522, n=6, P=522, N=6)
2026-04-14 12:20:34,692 - INFO - *****STOP GROWING RR RULE*****
2026-04-14 12:20:34,692 - INFO - ***RR NOT FOUND***
2026-04-14 12:20:34,721 - INFO - Iteracja 1: condition_best: p <= 56.50, quality_best: 0.62, coverage_best: (p=308, n=4, P=499, N=29)
2026-04-14 12:20:34,721 - INFO - Regula po iteracji 1: IF T <= 3,835.00 AND p <= 56.50 THEN class = {29.16} [-147.23, 205.56], (p=308, n=4, P=499, N=29)
2026-04-14 12:20:34,721 - INFO - *****GROWING RR RULE*****
2026-04-14 12:20:34,803 - INFO - Iteracja 0: condition_best: None, quality_best: -inf, coverage_best: (p=0, n=0, P=0, N=0), p_value: 0
2026-04-14 12:20:34,803 - INFO - Regula po iteracji 0: IF  THEN class = {99.55} [-664.34, 863.44], (p=522, n=6, P=522, N=6)
2026-04-14 12:20:34,803 - INFO - *****STOP GROWING RR RULE*****
2026-04-14 12:20:34,803 - INFO - ***RR NOT FOUND***
2026-04-14 12:20:34,828 - INFO - Iteracja 2: condition_best: skewness >= 0.54, quality_best: 0.637, coverage_best: (p=285, n=3, P=499, N=29)
2026-04-14 12:20:34,828 - INFO - Regula po iteracji 2: IF T <= 3,835.00 AND p <= 56.50 AND skewness >= 0.54 THEN class = {28.38} [-153.26, 210.01], (p=285, n=3, P=499, N=29)
2026-04-14 12:20:34,828 - INFO - *****GROWING RR RULE*****
2026-04-14 12:20:34,910 - INFO - Iteracja 0: condition_best: None, quality_best: -inf, coverage_best: (p=0, n=0, P=0, N=0), p_value: 0
2026-04-14 12:20:34,910 - INFO - Regula po iteracji 0: IF  THEN class = {99.55} [-664.34, 863.44], (p=522, n=6, P=522, N=6)
2026-04-14 12:20:34,910 - INFO - *****STOP GROWING RR RULE*****
2026-04-14 12:20:34,910 - INFO - ***RR NOT FOUND***
2026-04-14 12:20:34,932 - INFO - Iteracja 3: condition_best: T <= 2,625.00, quality_best: 0.604, coverage_best: (p=261, n=3, P=499, N=29)
2026-04-14 12:20:34,933 - INFO - Regula po iteracji 3: IF T <= 3,835.00 AND p <= 56.50 AND skewness >= 0.54 AND T <= 2,625.00 THEN class = {29.74} [-159.87, 219.34], (p=261, n=3, P=499, N=29)
2026-04-14 12:20:34,933 - INFO - *****GROWING RR RULE*****
2026-04-14 12:20:35,014 - INFO - Iteracja 0: condition_best: None, quality_best: -inf, coverage_best: (p=0, n=0, P=0, N=0), p_value: 0
2026-04-14 12:20:35,014 - INFO - Regula po iteracji 0: IF  THEN class = {99.55} [-664.34, 863.44], (p=522, n=6, P=522, N=6)
2026-04-14 12:20:35,015 - INFO - *****STOP GROWING RR RULE*****
2026-04-14 12:20:35,015 - INFO - ***RR NOT FOUND***
2026-04-14 12:20:35,035 - INFO - Iteracja 4: condition_best: skewness >= 0.98, quality_best: 0.579, coverage_best: (p=167, n=1, P=504, N=24)
2026-04-14 12:20:35,035 - INFO - Regula po iteracji 4: IF T <= 3,835.00 AND p <= 56.50 AND skewness >= 0.54 AND T <= 2,625.00 AND skewness >= 0.98 THEN class = {39.21} [-197.01, 275.43], (p=167, n=1, P=504, N=24)
2026-04-14 12:20:35,036 - INFO - *****GROWING RR RULE*****
2026-04-14 12:20:35,117 - INFO - Iteracja 0: condition_best: None, quality_best: -inf, coverage_best: (p=0, n=0, P=0, N=0), p_value: 0
2026-04-14 12:20:35,117 - INFO - Regula po iteracji 0: IF  THEN class = {99.55} [-664.34, 863.44], (p=522, n=6, P=522, N=6)
2026-04-14 12:20:35,117 - INFO - *****STOP GROWING RR RULE*****
2026-04-14 12:20:35,117 - INFO - ***RR NOT FOUND***
2026-04-14 12:20:35,117 - INFO - *******STOP GROWING CR RULE*******
2026-04-14 12:20:35,119 - INFO - *******GROWING CR RULE*******
2026-04-14 12:20:35,166 - INFO - Iteracja 0: condition_best: k <= 6.50, quality_best: 0.551, coverage_best: (p=353, n=7, P=499, N=29)
2026-04-14 12:20:35,166 - INFO - Regula po iteracji 0: IF k <= 6.50 THEN class = {30.10} [-148.17, 208.37], (p=353, n=7, P=499, N=29)
2026-04-14 12:20:35,166 - INFO - *****GROWING RR RULE*****
2026-04-14 12:20:35,248 - INFO - Iteracja 0: condition_best: None, quality_best: -inf, coverage_best: (p=0, n=0, P=0, N=0), p_value: 0
2026-04-14 12:20:35,249 - INFO - Regula po iteracji 0: IF  THEN class = {99.55} [-664.34, 863.44], (p=522, n=6, P=522, N=6)
2026-04-14 12:20:35,249 - INFO - *****STOP GROWING RR RULE*****
2026-04-14 12:20:35,249 - INFO - ***RR NOT FOUND***
2026-04-14 12:20:35,277 - INFO - Iteracja 1: condition_best: NSRatio <= 84.68, quality_best: 0.62, coverage_best: (p=308, n=4, P=499, N=29)
2026-04-14 12:20:35,277 - INFO - Regula po iteracji 1: IF k <= 6.50 AND NSRatio <= 84.68 THEN class = {29.80} [-157.84, 217.43], (p=308, n=4, P=499, N=29)
2026-04-14 12:20:35,278 - INFO - *****GROWING RR RULE*****
2026-04-14 12:20:35,359 - INFO - Iteracja 0: condition_best: None, quality_best: -inf, coverage_best: (p=0, n=0, P=0, N=0), p_value: 0
2026-04-14 12:20:35,359 - INFO - Regula po iteracji 0: IF  THEN class = {99.55} [-664.34, 863.44], (p=522, n=6, P=522, N=6)
2026-04-14 12:20:35,359 - INFO - *****STOP GROWING RR RULE*****
2026-04-14 12:20:35,359 - INFO - ***RR NOT FOUND***
2026-04-14 12:20:35,383 - INFO - Iteracja 2: condition_best: skewness >= 0.54, quality_best: 0.637, coverage_best: (p=285, n=3, P=499, N=29)
2026-04-14 12:20:35,383 - INFO - Regula po iteracji 2: IF k <= 6.50 AND NSRatio <= 84.68 AND skewness >= 0.54 THEN class = {29.06} [-164.40, 222.53], (p=285, n=3, P=499, N=29)
2026-04-14 12:20:35,384 - INFO - *****GROWING RR RULE*****
2026-04-14 12:20:35,465 - INFO - Iteracja 0: condition_best: None, quality_best: -inf, coverage_best: (p=0, n=0, P=0, N=0), p_value: 0
2026-04-14 12:20:35,465 - INFO - Regula po iteracji 0: IF  THEN class = {99.55} [-664.34, 863.44], (p=522, n=6, P=522, N=6)
2026-04-14 12:20:35,466 - INFO - *****STOP GROWING RR RULE*****
2026-04-14 12:20:35,466 - INFO - ***RR NOT FOUND***
2026-04-14 12:20:35,487 - INFO - Iteracja 3: condition_best: T >= 420.00, quality_best: 0.604, coverage_best: (p=261, n=3, P=499, N=29)
2026-04-14 12:20:35,487 - INFO - Regula po iteracji 3: IF k <= 6.50 AND NSRatio <= 84.68 AND skewness >= 0.54 AND T >= 420.00 THEN class = {31.47} [-170.42, 233.36], (p=261, n=3, P=499, N=29)
2026-04-14 12:20:35,488 - INFO - *****GROWING RR RULE*****
2026-04-14 12:20:35,569 - INFO - Iteracja 0: condition_best: None, quality_best: -inf, coverage_best: (p=0, n=0, P=0, N=0), p_value: 0
2026-04-14 12:20:35,570 - INFO - Regula po iteracji 0: IF  THEN class = {99.55} [-664.34, 863.44], (p=522, n=6, P=522, N=6)
2026-04-14 12:20:35,570 - INFO - *****STOP GROWING RR RULE*****
2026-04-14 12:20:35,570 - INFO - ***RR NOT FOUND***
2026-04-14 12:20:35,590 - INFO - Iteracja 4: condition_best: MCx >= 0.03, quality_best: 0.584, coverage_best: (p=212, n=4, P=477, N=51)
2026-04-14 12:20:35,590 - INFO - Regula po iteracji 4: IF k <= 6.50 AND NSRatio <= 84.68 AND skewness >= 0.54 AND T >= 420.00 AND MCx >= 0.03 THEN class = {20.80} [-65.51, 107.11], (p=212, n=4, P=477, N=51)
2026-04-14 12:20:35,590 - INFO - *****GROWING RR RULE*****
2026-04-14 12:20:35,672 - INFO - Iteracja 0: condition_best: None, quality_best: -inf, coverage_best: (p=0, n=0, P=0, N=0), p_value: 0
2026-04-14 12:20:35,672 - INFO - Regula po iteracji 0: IF  THEN class = {99.55} [-664.34, 863.44], (p=522, n=6, P=522, N=6)
2026-04-14 12:20:35,672 - INFO - *****STOP GROWING RR RULE*****
2026-04-14 12:20:35,672 - INFO - ***RR NOT FOUND***
2026-04-14 12:20:35,672 - INFO - *******STOP GROWING CR RULE*******
2026-04-14 12:20:35,674 - INFO - *******GROWING CR RULE*******
2026-04-14 12:20:35,720 - INFO - Iteracja 0: condition_best: k <= 6.50, quality_best: 0.551, coverage_best: (p=353, n=7, P=499, N=29)
2026-04-14 12:20:35,720 - INFO - Regula po iteracji 0: IF k <= 6.50 THEN class = {30.10} [-148.17, 208.37], (p=353, n=7, P=499, N=29)
2026-04-14 12:20:35,720 - INFO - *****GROWING RR RULE*****
2026-04-14 12:20:35,802 - INFO - Iteracja 0: condition_best: None, quality_best: -inf, coverage_best: (p=0, n=0, P=0, N=0), p_value: 0
2026-04-14 12:20:35,803 - INFO - Regula po iteracji 0: IF  THEN class = {99.55} [-664.34, 863.44], (p=522, n=6, P=522, N=6)
2026-04-14 12:20:35,803 - INFO - *****STOP GROWING RR RULE*****
2026-04-14 12:20:35,803 - INFO - ***RR NOT FOUND***
2026-04-14 12:20:35,830 - INFO - Iteracja 1: condition_best: MCx >= 0.03, quality_best: 0.573, coverage_best: (p=303, n=9, P=477, N=51)
2026-04-14 12:20:35,830 - INFO - Regula po iteracji 1: IF k <= 6.50 AND MCx >= 0.03 THEN class = {22.50} [-63.17, 108.17], (p=303, n=9, P=477, N=51)
2026-04-14 12:20:35,830 - INFO - *****GROWING RR RULE*****
2026-04-14 12:20:35,912 - INFO - Iteracja 0: condition_best: None, quality_best: -inf, coverage_best: (p=0, n=0, P=0, N=0), p_value: 0
2026-04-14 12:20:35,912 - INFO - Regula po iteracji 0: IF  THEN class = {99.55} [-664.34, 863.44], (p=522, n=6, P=522, N=6)
2026-04-14 12:20:35,912 - INFO - *****STOP GROWING RR RULE*****
2026-04-14 12:20:35,912 - INFO - ***RR NOT FOUND***
2026-04-14 12:20:35,936 - INFO - Iteracja 2: condition_best: skewness >= 0.54, quality_best: 0.595, coverage_best: (p=281, n=7, P=477, N=51)
2026-04-14 12:20:35,936 - INFO - Regula po iteracji 2: IF k <= 6.50 AND MCx >= 0.03 AND skewness >= 0.54 THEN class = {21.16} [-63.81, 106.13], (p=281, n=7, P=477, N=51)
2026-04-14 12:20:35,936 - INFO - *****GROWING RR RULE*****
2026-04-14 12:20:36,018 - INFO - Iteracja 0: condition_best: None, quality_best: -inf, coverage_best: (p=0, n=0, P=0, N=0), p_value: 0
2026-04-14 12:20:36,018 - INFO - Regula po iteracji 0: IF  THEN class = {99.55} [-664.34, 863.44], (p=522, n=6, P=522, N=6)
2026-04-14 12:20:36,018 - INFO - *****STOP GROWING RR RULE*****
2026-04-14 12:20:36,018 - INFO - ***RR NOT FOUND***
2026-04-14 12:20:36,040 - INFO - Iteracja 3: condition_best: EnAtr >= 6.44, quality_best: 0.589, coverage_best: (p=165, n=3, P=458, N=70)
2026-04-14 12:20:36,040 - INFO - Regula po iteracji 3: IF k <= 6.50 AND MCx >= 0.03 AND skewness >= 0.54 AND EnAtr >= 6.44 THEN class = {15.11} [-39.28, 69.49], (p=165, n=3, P=458, N=70)
2026-04-14 12:20:36,041 - INFO - *****GROWING RR RULE*****
2026-04-14 12:20:36,123 - INFO - Iteracja 0: condition_best: None, quality_best: -inf, coverage_best: (p=0, n=0, P=0, N=0), p_value: 0
2026-04-14 12:20:36,123 - INFO - Regula po iteracji 0: IF  THEN class = {99.55} [-664.34, 863.44], (p=522, n=6, P=522, N=6)
2026-04-14 12:20:36,123 - INFO - *****STOP GROWING RR RULE*****
2026-04-14 12:20:36,123 - INFO - ***RR NOT FOUND***
2026-04-14 12:20:36,135 - INFO - Iteracja 4: condition_best: p <= 51.00, quality_best: 0.586, coverage_best: (p=142, n=2, P=458, N=70)
2026-04-14 12:20:36,135 - INFO - Regula po iteracji 4: IF k <= 6.50 AND MCx >= 0.03 AND skewness >= 0.54 AND EnAtr >= 6.44 AND p <= 51.00 THEN class = {14.53} [-39.90, 68.95], (p=142, n=2, P=458, N=70)
2026-04-14 12:20:36,136 - INFO - *****GROWING RR RULE*****
2026-04-14 12:20:36,217 - INFO - Iteracja 0: condition_best: None, quality_best: -inf, coverage_best: (p=0, n=0, P=0, N=0), p_value: 0
2026-04-14 12:20:36,217 - INFO - Regula po iteracji 0: IF  THEN class = {99.55} [-664.34, 863.44], (p=522, n=6, P=522, N=6)
2026-04-14 12:20:36,217 - INFO - *****STOP GROWING RR RULE*****
2026-04-14 12:20:36,217 - INFO - ***RR NOT FOUND***
2026-04-14 12:20:36,217 - INFO - *******STOP GROWING CR RULE*******
2026-04-14 12:20:36,218 - INFO - *******GROWING CR RULE*******
2026-04-14 12:20:36,264 - INFO - Iteracja 0: condition_best: N <= 18,350.00, quality_best: 0.538, coverage_best: (p=399, n=9, P=499, N=29)
2026-04-14 12:20:36,264 - INFO - Regula po iteracji 0: IF N <= 18,350.00 THEN class = {35.68} [-129.71, 201.07], (p=399, n=9, P=499, N=29)
2026-04-14 12:20:36,264 - INFO - *****GROWING RR RULE*****
2026-04-14 12:20:36,347 - INFO - Iteracja 0: condition_best: None, quality_best: -inf, coverage_best: (p=0, n=0, P=0, N=0), p_value: 0
2026-04-14 12:20:36,347 - INFO - Regula po iteracji 0: IF  THEN class = {99.55} [-664.34, 863.44], (p=522, n=6, P=522, N=6)
2026-04-14 12:20:36,347 - INFO - *****STOP GROWING RR RULE*****
2026-04-14 12:20:36,347 - INFO - ***RR NOT FOUND***
2026-04-14 12:20:36,380 - INFO - Iteracja 1: condition_best: cancor1 <= 0.92, quality_best: 0.652, coverage_best: (p=332, n=4, P=499, N=29)
2026-04-14 12:20:36,380 - INFO - Regula po iteracji 1: IF N <= 18,350.00 AND cancor1 <= 0.92 THEN class = {29.74} [-141.19, 200.66], (p=332, n=4, P=499, N=29)
2026-04-14 12:20:36,381 - INFO - *****GROWING RR RULE*****
2026-04-14 12:20:36,462 - INFO - Iteracja 0: condition_best: None, quality_best: -inf, coverage_best: (p=0, n=0, P=0, N=0), p_value: 0
2026-04-14 12:20:36,463 - INFO - Regula po iteracji 0: IF  THEN class = {99.55} [-664.34, 863.44], (p=522, n=6, P=522, N=6)
2026-04-14 12:20:36,463 - INFO - *****STOP GROWING RR RULE*****
2026-04-14 12:20:36,463 - INFO - ***RR NOT FOUND***
2026-04-14 12:20:36,489 - INFO - Iteracja 2: condition_best: skewness >= 0.54, quality_best: 0.668, coverage_best: (p=309, n=3, P=499, N=29)
2026-04-14 12:20:36,489 - INFO - Regula po iteracji 2: IF N <= 18,350.00 AND cancor1 <= 0.92 AND skewness >= 0.54 THEN class = {29.05} [-146.46, 204.57], (p=309, n=3, P=499, N=29)
2026-04-14 12:20:36,489 - INFO - *****GROWING RR RULE*****
2026-04-14 12:20:36,571 - INFO - Iteracja 0: condition_best: None, quality_best: -inf, coverage_best: (p=0, n=0, P=0, N=0), p_value: 0
2026-04-14 12:20:36,571 - INFO - Regula po iteracji 0: IF  THEN class = {99.55} [-664.34, 863.44], (p=522, n=6, P=522, N=6)
2026-04-14 12:20:36,571 - INFO - *****STOP GROWING RR RULE*****
2026-04-14 12:20:36,571 - INFO - ***RR NOT FOUND***
2026-04-14 12:20:36,595 - INFO - Iteracja 3: condition_best: Hc >= 0.63, quality_best: 0.687, coverage_best: (p=286, n=2, P=499, N=29)
2026-04-14 12:20:36,595 - INFO - Regula po iteracji 3: IF N <= 18,350.00 AND cancor1 <= 0.92 AND skewness >= 0.54 AND Hc >= 0.63 THEN class = {29.93} [-152.06, 211.91], (p=286, n=2, P=499, N=29)
2026-04-14 12:20:36,596 - INFO - *****GROWING RR RULE*****
2026-04-14 12:20:36,678 - INFO - Iteracja 0: condition_best: None, quality_best: -inf, coverage_best: (p=0, n=0, P=0, N=0), p_value: 0
2026-04-14 12:20:36,678 - INFO - Regula po iteracji 0: IF  THEN class = {99.55} [-664.34, 863.44], (p=522, n=6, P=522, N=6)
2026-04-14 12:20:36,678 - INFO - *****STOP GROWING RR RULE*****
2026-04-14 12:20:36,678 - INFO - ***RR NOT FOUND***
2026-04-14 12:20:36,700 - INFO - Iteracja 4: condition_best: T >= 420.00, quality_best: 0.657, coverage_best: (p=262, n=2, P=499, N=29)
2026-04-14 12:20:36,700 - INFO - Regula po iteracji 4: IF N <= 18,350.00 AND cancor1 <= 0.92 AND skewness >= 0.54 AND Hc >= 0.63 AND T >= 420.00 THEN class = {32.41} [-157.47, 222.29], (p=262, n=2, P=499, N=29)
2026-04-14 12:20:36,700 - INFO - *****GROWING RR RULE*****
2026-04-14 12:20:36,782 - INFO - Iteracja 0: condition_best: None, quality_best: -inf, coverage_best: (p=0, n=0, P=0, N=0), p_value: 0
2026-04-14 12:20:36,782 - INFO - Regula po iteracji 0: IF  THEN class = {99.55} [-664.34, 863.44], (p=522, n=6, P=522, N=6)
2026-04-14 12:20:36,782 - INFO - *****STOP GROWING RR RULE*****
2026-04-14 12:20:36,782 - INFO - ***RR NOT FOUND***
2026-04-14 12:20:36,782 - INFO - *******STOP GROWING CR RULE*******
2026-04-14 12:20:36,783 - INFO - *******GROWING CR RULE*******
2026-04-14 12:20:36,829 - INFO - Iteracja 0: condition_best: N <= 18,350.00, quality_best: 0.538, coverage_best: (p=399, n=9, P=499, N=29)
2026-04-14 12:20:36,829 - INFO - Regula po iteracji 0: IF N <= 18,350.00 THEN class = {35.68} [-129.71, 201.07], (p=399, n=9, P=499, N=29)
2026-04-14 12:20:36,829 - INFO - *****GROWING RR RULE*****
2026-04-14 12:20:36,912 - INFO - Iteracja 0: condition_best: None, quality_best: -inf, coverage_best: (p=0, n=0, P=0, N=0), p_value: 0
2026-04-14 12:20:36,912 - INFO - Regula po iteracji 0: IF  THEN class = {99.55} [-664.34, 863.44], (p=522, n=6, P=522, N=6)
2026-04-14 12:20:36,912 - INFO - *****STOP GROWING RR RULE*****
2026-04-14 12:20:36,912 - INFO - ***RR NOT FOUND***
2026-04-14 12:20:36,944 - INFO - Iteracja 1: condition_best: Sdratio <= 3.12, quality_best: 0.586, coverage_best: (p=377, n=7, P=499, N=29)
2026-04-14 12:20:36,944 - INFO - Regula po iteracji 1: IF N <= 18,350.00 AND Sdratio <= 3.12 THEN class = {35.60} [-133.92, 205.13], (p=377, n=7, P=499, N=29)
2026-04-14 12:20:36,945 - INFO - *****GROWING RR RULE*****
2026-04-14 12:20:37,027 - INFO - Iteracja 0: condition_best: None, quality_best: -inf, coverage_best: (p=0, n=0, P=0, N=0), p_value: 0
2026-04-14 12:20:37,027 - INFO - Regula po iteracji 0: IF  THEN class = {99.55} [-664.34, 863.44], (p=522, n=6, P=522, N=6)
2026-04-14 12:20:37,027 - INFO - *****STOP GROWING RR RULE*****
2026-04-14 12:20:37,027 - INFO - ***RR NOT FOUND***
2026-04-14 12:20:37,057 - INFO - Iteracja 2: condition_best: Hc >= 0.63, quality_best: 0.595, coverage_best: (p=354, n=6, P=499, N=29)
2026-04-14 12:20:37,057 - INFO - Regula po iteracji 2: IF N <= 18,350.00 AND Sdratio <= 3.12 AND Hc >= 0.63 THEN class = {36.74} [-137.73, 211.21], (p=354, n=6, P=499, N=29)
2026-04-14 12:20:37,058 - INFO - *****GROWING RR RULE*****
2026-04-14 12:20:37,140 - INFO - Iteracja 0: condition_best: None, quality_best: -inf, coverage_best: (p=0, n=0, P=0, N=0), p_value: 0
2026-04-14 12:20:37,140 - INFO - Regula po iteracji 0: IF  THEN class = {99.55} [-664.34, 863.44], (p=522, n=6, P=522, N=6)
2026-04-14 12:20:37,140 - INFO - *****STOP GROWING RR RULE*****
2026-04-14 12:20:37,140 - INFO - ***RR NOT FOUND***
2026-04-14 12:20:37,168 - INFO - Iteracja 3: condition_best: Hx <= 6.07, quality_best: 0.606, coverage_best: (p=331, n=5, P=499, N=29)
2026-04-14 12:20:37,168 - INFO - Regula po iteracji 3: IF N <= 18,350.00 AND Sdratio <= 3.12 AND Hc >= 0.63 AND Hx <= 6.07 THEN class = {35.93} [-143.55, 215.42], (p=331, n=5, P=499, N=29)
2026-04-14 12:20:37,169 - INFO - *****GROWING RR RULE*****
2026-04-14 12:20:37,251 - INFO - Iteracja 0: condition_best: None, quality_best: -inf, coverage_best: (p=0, n=0, P=0, N=0), p_value: 0
2026-04-14 12:20:37,251 - INFO - Regula po iteracji 0: IF  THEN class = {99.55} [-664.34, 863.44], (p=522, n=6, P=522, N=6)
2026-04-14 12:20:37,251 - INFO - *****STOP GROWING RR RULE*****
2026-04-14 12:20:37,251 - INFO - ***RR NOT FOUND***
2026-04-14 12:20:37,278 - INFO - Iteracja 4: condition_best: kurtosis >= 2.79, quality_best: 0.586, coverage_best: (p=284, n=4, P=499, N=29)
2026-04-14 12:20:37,278 - INFO - Regula po iteracji 4: IF N <= 18,350.00 AND Sdratio <= 3.12 AND Hc >= 0.63 AND Hx <= 6.07 AND kurtosis >= 2.79 THEN class = {37.80} [-154.07, 229.66], (p=284, n=4, P=499, N=29)
2026-04-14 12:20:37,278 - INFO - *****GROWING RR RULE*****
2026-04-14 12:20:37,360 - INFO - Iteracja 0: condition_best: None, quality_best: -inf, coverage_best: (p=0, n=0, P=0, N=0), p_value: 0
2026-04-14 12:20:37,360 - INFO - Regula po iteracji 0: IF  THEN class = {99.55} [-664.34, 863.44], (p=522, n=6, P=522, N=6)
2026-04-14 12:20:37,360 - INFO - *****STOP GROWING RR RULE*****
2026-04-14 12:20:37,360 - INFO - ***RR NOT FOUND***
2026-04-14 12:20:37,360 - INFO - *******STOP GROWING CR RULE*******
2026-04-14 12:20:37,361 - INFO - *******GROWING CR RULE*******
2026-04-14 12:20:37,406 - INFO - Iteracja 0: condition_best: T <= 6,240.00, quality_best: 0.515, coverage_best: (p=375, n=9, P=498, N=30)
2026-04-14 12:20:37,407 - INFO - Regula po iteracji 0: IF T <= 6,240.00 THEN class = {31.03} [-130.63, 192.70], (p=375, n=9, P=498, N=30)
2026-04-14 12:20:37,407 - INFO - *****GROWING RR RULE*****
2026-04-14 12:20:37,489 - INFO - Iteracja 0: condition_best: None, quality_best: -inf, coverage_best: (p=0, n=0, P=0, N=0), p_value: 0
2026-04-14 12:20:37,489 - INFO - Regula po iteracji 0: IF  THEN class = {99.55} [-664.34, 863.44], (p=522, n=6, P=522, N=6)
2026-04-14 12:20:37,489 - INFO - *****STOP GROWING RR RULE*****
2026-04-14 12:20:37,489 - INFO - ***RR NOT FOUND***
2026-04-14 12:20:37,520 - INFO - Iteracja 1: condition_best: EnAtr >= 8.91, quality_best: 0.574, coverage_best: (p=167, n=1, P=505, N=23)
2026-04-14 12:20:37,520 - INFO - Regula po iteracji 1: IF T <= 6,240.00 AND EnAtr >= 8.91 THEN class = {47.06} [-190.90, 285.02], (p=167, n=1, P=505, N=23)
2026-04-14 12:20:37,520 - INFO - *****GROWING RR RULE*****
2026-04-14 12:20:37,601 - INFO - Iteracja 0: condition_best: None, quality_best: -inf, coverage_best: (p=0, n=0, P=0, N=0), p_value: 0
2026-04-14 12:20:37,601 - INFO - Regula po iteracji 0: IF  THEN class = {99.55} [-664.34, 863.44], (p=522, n=6, P=522, N=6)
2026-04-14 12:20:37,601 - INFO - *****STOP GROWING RR RULE*****
2026-04-14 12:20:37,601 - INFO - ***RR NOT FOUND***
2026-04-14 12:20:37,615 - INFO - Iteracja 2: condition_best: T >= 420.00, quality_best: 0.539, coverage_best: (p=143, n=1, P=505, N=23)
2026-04-14 12:20:37,615 - INFO - Regula po iteracji 2: IF T <= 6,240.00 AND EnAtr >= 8.91 AND T >= 420.00 THEN class = {54.47} [-201.81, 310.75], (p=143, n=1, P=505, N=23)
2026-04-14 12:20:37,616 - INFO - *****GROWING RR RULE*****
2026-04-14 12:20:37,697 - INFO - Iteracja 0: condition_best: None, quality_best: -inf, coverage_best: (p=0, n=0, P=0, N=0), p_value: 0
2026-04-14 12:20:37,697 - INFO - Regula po iteracji 0: IF  THEN class = {99.55} [-664.34, 863.44], (p=522, n=6, P=522, N=6)
2026-04-14 12:20:37,697 - INFO - *****STOP GROWING RR RULE*****
2026-04-14 12:20:37,697 - INFO - ***RR NOT FOUND***
2026-04-14 12:20:37,708 - INFO - Iteracja 3: condition_best: T >= 785.00, quality_best: 0.494, coverage_best: (p=119, n=1, P=506, N=22)
2026-04-14 12:20:37,708 - INFO - Regula po iteracji 3: IF T <= 6,240.00 AND EnAtr >= 8.91 AND T >= 420.00 AND T >= 785.00 THEN class = {63.19} [-216.70, 343.07], (p=119, n=1, P=506, N=22)
2026-04-14 12:20:37,709 - INFO - *****GROWING RR RULE*****
2026-04-14 12:20:37,789 - INFO - Iteracja 0: condition_best: None, quality_best: -inf, coverage_best: (p=0, n=0, P=0, N=0), p_value: 0
2026-04-14 12:20:37,789 - INFO - Regula po iteracji 0: IF  THEN class = {99.55} [-664.34, 863.44], (p=522, n=6, P=522, N=6)
2026-04-14 12:20:37,789 - INFO - *****STOP GROWING RR RULE*****
2026-04-14 12:20:37,789 - INFO - ***RR NOT FOUND***
2026-04-14 12:20:37,799 - INFO - Iteracja 4: condition_best: k <= 58.50, quality_best: 0.445, coverage_best: (p=95, n=1, P=506, N=22)
2026-04-14 12:20:37,799 - INFO - Regula po iteracji 4: IF T <= 6,240.00 AND EnAtr >= 8.91 AND T >= 420.00 AND T >= 785.00 AND k <= 58.50 THEN class = {62.64} [-248.78, 374.05], (p=95, n=1, P=506, N=22)
2026-04-14 12:20:37,799 - INFO - *****GROWING RR RULE*****
2026-04-14 12:20:37,880 - INFO - Iteracja 0: condition_best: None, quality_best: -inf, coverage_best: (p=0, n=0, P=0, N=0), p_value: 0
2026-04-14 12:20:37,880 - INFO - Regula po iteracji 0: IF  THEN class = {99.55} [-664.34, 863.44], (p=522, n=6, P=522, N=6)
2026-04-14 12:20:37,880 - INFO - *****STOP GROWING RR RULE*****
2026-04-14 12:20:37,880 - INFO - ***RR NOT FOUND***
2026-04-14 12:20:37,880 - INFO - *******STOP GROWING CR RULE*******
2026-04-14 12:20:37,881 - INFO - *******GROWING CR RULE*******
2026-04-14 12:20:37,925 - INFO - Iteracja 0: condition_best: Sdratio <= 1.55, quality_best: 0.376, coverage_best: (p=372, n=12, P=499, N=29)
2026-04-14 12:20:37,925 - INFO - Regula po iteracji 0: IF Sdratio <= 1.55 THEN class = {35.92} [-142.87, 214.70], (p=372, n=12, P=499, N=29)
2026-04-14 12:20:37,925 - INFO - *****GROWING RR RULE*****
2026-04-14 12:20:38,007 - INFO - Iteracja 0: condition_best: None, quality_best: -inf, coverage_best: (p=0, n=0, P=0, N=0), p_value: 0
2026-04-14 12:20:38,007 - INFO - Regula po iteracji 0: IF  THEN class = {99.55} [-664.34, 863.44], (p=522, n=6, P=522, N=6)
2026-04-14 12:20:38,007 - INFO - *****STOP GROWING RR RULE*****
2026-04-14 12:20:38,007 - INFO - ***RR NOT FOUND***
2026-04-14 12:20:38,036 - INFO - Iteracja 1: condition_best: Hc >= 0.63, quality_best: 0.477, coverage_best: (p=305, n=7, P=499, N=29)
2026-04-14 12:20:38,036 - INFO - Regula po iteracji 1: IF Sdratio <= 1.55 AND Hc >= 0.63 THEN class = {32.76} [-149.43, 214.95], (p=305, n=7, P=499, N=29)
2026-04-14 12:20:38,037 - INFO - *****GROWING RR RULE*****
2026-04-14 12:20:38,118 - INFO - Iteracja 0: condition_best: None, quality_best: -inf, coverage_best: (p=0, n=0, P=0, N=0), p_value: 0
2026-04-14 12:20:38,118 - INFO - Regula po iteracji 0: IF  THEN class = {99.55} [-664.34, 863.44], (p=522, n=6, P=522, N=6)
2026-04-14 12:20:38,119 - INFO - *****STOP GROWING RR RULE*****
2026-04-14 12:20:38,119 - INFO - ***RR NOT FOUND***
2026-04-14 12:20:38,142 - INFO - Iteracja 2: condition_best: p <= 21.00, quality_best: 0.461, coverage_best: (p=185, n=7, P=471, N=57)
2026-04-14 12:20:38,142 - INFO - Regula po iteracji 2: IF Sdratio <= 1.55 AND Hc >= 0.63 AND p <= 21.00 THEN class = {24.89} [-46.40, 96.18], (p=185, n=7, P=471, N=57)
2026-04-14 12:20:38,142 - INFO - *****GROWING RR RULE*****
2026-04-14 12:20:38,224 - INFO - Iteracja 0: condition_best: None, quality_best: -inf, coverage_best: (p=0, n=0, P=0, N=0), p_value: 0
2026-04-14 12:20:38,224 - INFO - Regula po iteracji 0: IF  THEN class = {99.55} [-664.34, 863.44], (p=522, n=6, P=522, N=6)
2026-04-14 12:20:38,224 - INFO - *****STOP GROWING RR RULE*****
2026-04-14 12:20:38,224 - INFO - ***RR NOT FOUND***
2026-04-14 12:20:38,240 - INFO - Iteracja 3: condition_best: T >= 480.00, quality_best: 0.38, coverage_best: (p=161, n=7, P=477, N=51)
2026-04-14 12:20:38,240 - INFO - Regula po iteracji 3: IF Sdratio <= 1.55 AND Hc >= 0.63 AND p <= 21.00 AND T >= 480.00 THEN class = {28.07} [-47.60, 103.75], (p=161, n=7, P=477, N=51)
2026-04-14 12:20:38,240 - INFO - *****GROWING RR RULE*****
2026-04-14 12:20:38,321 - INFO - Iteracja 0: condition_best: None, quality_best: -inf, coverage_best: (p=0, n=0, P=0, N=0), p_value: 0
2026-04-14 12:20:38,321 - INFO - Regula po iteracji 0: IF  THEN class = {99.55} [-664.34, 863.44], (p=522, n=6, P=522, N=6)
2026-04-14 12:20:38,321 - INFO - *****STOP GROWING RR RULE*****
2026-04-14 12:20:38,322 - INFO - ***RR NOT FOUND***
2026-04-14 12:20:38,333 - INFO - Iteracja 4: condition_best: kurtosis >= 4.37, quality_best: 0.355, coverage_best: (p=138, n=6, P=479, N=49)
2026-04-14 12:20:38,334 - INFO - Regula po iteracji 4: IF Sdratio <= 1.55 AND Hc >= 0.63 AND p <= 21.00 AND T >= 480.00 AND kurtosis >= 4.37 THEN class = {29.49} [-50.31, 109.29], (p=138, n=6, P=479, N=49)
2026-04-14 12:20:38,334 - INFO - *****GROWING RR RULE*****
2026-04-14 12:20:38,415 - INFO - Iteracja 0: condition_best: None, quality_best: -inf, coverage_best: (p=0, n=0, P=0, N=0), p_value: 0
2026-04-14 12:20:38,415 - INFO - Regula po iteracji 0: IF  THEN class = {99.55} [-664.34, 863.44], (p=522, n=6, P=522, N=6)
2026-04-14 12:20:38,415 - INFO - *****STOP GROWING RR RULE*****
2026-04-14 12:20:38,415 - INFO - ***RR NOT FOUND***
2026-04-14 12:20:38,415 - INFO - *******STOP GROWING CR RULE*******
2026-04-14 12:20:38,416 - INFO - *******GROWING CR RULE*******
2026-04-14 12:20:38,458 - INFO - Iteracja 0: condition_best: Hc >= 0.31, quality_best: 0.295, coverage_best: (p=500, n=4, P=522, N=6)
2026-04-14 12:20:38,458 - INFO - Regula po iteracji 0: IF Hc >= 0.31 THEN class = {100.26} [-679.82, 880.34], (p=500, n=4, P=522, N=6)
2026-04-14 12:20:38,458 - INFO - *****GROWING RR RULE*****
2026-04-14 12:20:38,540 - INFO - Iteracja 0: condition_best: None, quality_best: -inf, coverage_best: (p=0, n=0, P=0, N=0), p_value: 0
2026-04-14 12:20:38,541 - INFO - Regula po iteracji 0: IF  THEN class = {99.55} [-664.34, 863.44], (p=522, n=6, P=522, N=6)
2026-04-14 12:20:38,541 - INFO - *****STOP GROWING RR RULE*****
2026-04-14 12:20:38,541 - INFO - ***RR NOT FOUND***
2026-04-14 12:20:38,583 - INFO - Iteracja 1: condition_best: cancor1 >= 0.52, quality_best: 0.167, coverage_best: (p=477, n=3, P=524, N=4)
2026-04-14 12:20:38,583 - INFO - Regula po iteracji 1: IF Hc >= 0.31 AND cancor1 >= 0.52 THEN class = {98.62} [-689.11, 886.34], (p=477, n=3, P=524, N=4)
2026-04-14 12:20:38,584 - INFO - *****GROWING RR RULE*****
2026-04-14 12:20:38,666 - INFO - Iteracja 0: condition_best: None, quality_best: -inf, coverage_best: (p=0, n=0, P=0, N=0), p_value: 0
2026-04-14 12:20:38,666 - INFO - Regula po iteracji 0: IF  THEN class = {99.55} [-664.34, 863.44], (p=522, n=6, P=522, N=6)
2026-04-14 12:20:38,666 - INFO - *****STOP GROWING RR RULE*****
2026-04-14 12:20:38,666 - INFO - ***RR NOT FOUND***
2026-04-14 12:20:38,705 - INFO - Iteracja 2: condition_best: T <= 17,250.00, quality_best: 0.123, coverage_best: (p=453, n=3, P=524, N=4)
2026-04-14 12:20:38,706 - INFO - Regula po iteracji 2: IF Hc >= 0.31 AND cancor1 >= 0.52 AND T <= 17,250.00 THEN class = {97.32} [-709.98, 904.62], (p=453, n=3, P=524, N=4)
2026-04-14 12:20:38,706 - INFO - *****GROWING RR RULE*****
2026-04-14 12:20:38,788 - INFO - Iteracja 0: condition_best: None, quality_best: -inf, coverage_best: (p=0, n=0, P=0, N=0), p_value: 0
2026-04-14 12:20:38,788 - INFO - Regula po iteracji 0: IF  THEN class = {99.55} [-664.34, 863.44], (p=522, n=6, P=522, N=6)
2026-04-14 12:20:38,788 - INFO - *****STOP GROWING RR RULE*****
2026-04-14 12:20:38,788 - INFO - ***RR NOT FOUND***
2026-04-14 12:20:38,826 - INFO - Iteracja 3: condition_best: T >= 420.00, quality_best: 0.076, coverage_best: (p=429, n=3, P=524, N=4)
2026-04-14 12:20:38,826 - INFO - Regula po iteracji 3: IF Hc >= 0.31 AND cancor1 >= 0.52 AND T <= 17,250.00 AND T >= 420.00 THEN class = {102.58} [-726.52, 931.69], (p=429, n=3, P=524, N=4)
2026-04-14 12:20:38,827 - INFO - *****GROWING RR RULE*****
2026-04-14 12:20:38,909 - INFO - Iteracja 0: condition_best: None, quality_best: -inf, coverage_best: (p=0, n=0, P=0, N=0), p_value: 0
2026-04-14 12:20:38,909 - INFO - Regula po iteracji 0: IF  THEN class = {99.55} [-664.34, 863.44], (p=522, n=6, P=522, N=6)
2026-04-14 12:20:38,909 - INFO - *****STOP GROWING RR RULE*****
2026-04-14 12:20:38,909 - INFO - ***RR NOT FOUND***
2026-04-14 12:20:38,945 - INFO - Iteracja 4: condition_best: T >= 630.00, quality_best: 0.026, coverage_best: (p=405, n=3, P=524, N=4)
2026-04-14 12:20:38,946 - INFO - Regula po iteracji 4: IF Hc >= 0.31 AND cancor1 >= 0.52 AND T <= 17,250.00 AND T >= 420.00 AND T >= 630.00 THEN class = {107.98} [-744.85, 960.81], (p=405, n=3, P=524, N=4)
2026-04-14 12:20:38,946 - INFO - *****GROWING RR RULE*****
2026-04-14 12:20:39,028 - INFO - Iteracja 0: condition_best: None, quality_best: -inf, coverage_best: (p=0, n=0, P=0, N=0), p_value: 0
2026-04-14 12:20:39,028 - INFO - Regula po iteracji 0: IF  THEN class = {99.55} [-664.34, 863.44], (p=522, n=6, P=522, N=6)
2026-04-14 12:20:39,028 - INFO - *****STOP GROWING RR RULE*****
2026-04-14 12:20:39,028 - INFO - ***RR NOT FOUND***
2026-04-14 12:20:39,028 - INFO - *******STOP GROWING CR RULE*******
2026-04-14 12:20:39,029 - INFO - *******GROWING CR RULE*******
2026-04-14 12:20:39,071 - INFO - Iteracja 0: condition_best: T <= 2,155.00, quality_best: 0.637, coverage_best: (p=285, n=3, P=499, N=29)
2026-04-14 12:20:39,071 - INFO - Regula po iteracji 0: IF T <= 2,155.00 THEN class = {25.65} [-156.62, 207.92], (p=285, n=3, P=499, N=29)
2026-04-14 12:20:39,071 - INFO - *****GROWING RR RULE*****
2026-04-14 12:20:39,153 - INFO - Iteracja 0: condition_best: None, quality_best: -inf, coverage_best: (p=0, n=0, P=0, N=0), p_value: 0
2026-04-14 12:20:39,153 - INFO - Regula po iteracji 0: IF  THEN class = {99.55} [-664.34, 863.44], (p=522, n=6, P=522, N=6)
2026-04-14 12:20:39,153 - INFO - *****STOP GROWING RR RULE*****
2026-04-14 12:20:39,153 - INFO - ***RR NOT FOUND***
2026-04-14 12:20:39,173 - INFO - Iteracja 1: condition_best: skewness >= 0.54, quality_best: 0.657, coverage_best: (p=262, n=2, P=499, N=29)
2026-04-14 12:20:39,173 - INFO - Regula po iteracji 1: IF T <= 2,155.00 AND skewness >= 0.54 THEN class = {24.47} [-163.82, 212.77], (p=262, n=2, P=499, N=29)
2026-04-14 12:20:39,173 - INFO - *****GROWING RR RULE*****
2026-04-14 12:20:39,255 - INFO - Iteracja 0: condition_best: None, quality_best: -inf, coverage_best: (p=0, n=0, P=0, N=0), p_value: 0
2026-04-14 12:20:39,255 - INFO - Regula po iteracji 0: IF  THEN class = {99.55} [-664.34, 863.44], (p=522, n=6, P=522, N=6)
2026-04-14 12:20:39,255 - INFO - *****STOP GROWING RR RULE*****
2026-04-14 12:20:39,255 - INFO - ***RR NOT FOUND***
2026-04-14 12:20:39,274 - INFO - Iteracja 2: condition_best: Hc >= 0.63, quality_best: 0.683, coverage_best: (p=239, n=1, P=499, N=29)
2026-04-14 12:20:39,274 - INFO - Regula po iteracji 2: IF T <= 2,155.00 AND skewness >= 0.54 AND Hc >= 0.63 THEN class = {25.06} [-171.67, 221.80], (p=239, n=1, P=499, N=29)
2026-04-14 12:20:39,275 - INFO - *****GROWING RR RULE*****
2026-04-14 12:20:39,356 - INFO - Iteracja 0: condition_best: None, quality_best: -inf, coverage_best: (p=0, n=0, P=0, N=0), p_value: 0
2026-04-14 12:20:39,356 - INFO - Regula po iteracji 0: IF  THEN class = {99.55} [-664.34, 863.44], (p=522, n=6, P=522, N=6)
2026-04-14 12:20:39,357 - INFO - *****STOP GROWING RR RULE*****
2026-04-14 12:20:39,357 - INFO - ***RR NOT FOUND***
2026-04-14 12:20:39,374 - INFO - Iteracja 3: condition_best: T <= 1,749.50, quality_best: 0.655, coverage_best: (p=215, n=1, P=499, N=29)
2026-04-14 12:20:39,374 - INFO - Regula po iteracji 3: IF T <= 2,155.00 AND skewness >= 0.54 AND Hc >= 0.63 AND T <= 1,749.50 THEN class = {25.82} [-181.28, 232.91], (p=215, n=1, P=499, N=29)
2026-04-14 12:20:39,374 - INFO - *****GROWING RR RULE*****
2026-04-14 12:20:39,455 - INFO - Iteracja 0: condition_best: None, quality_best: -inf, coverage_best: (p=0, n=0, P=0, N=0), p_value: 0
2026-04-14 12:20:39,456 - INFO - Regula po iteracji 0: IF  THEN class = {99.55} [-664.34, 863.44], (p=522, n=6, P=522, N=6)
2026-04-14 12:20:39,456 - INFO - *****STOP GROWING RR RULE*****
2026-04-14 12:20:39,456 - INFO - ***RR NOT FOUND***
2026-04-14 12:20:39,471 - INFO - Iteracja 4: condition_best: p <= 112.50, quality_best: 0.626, coverage_best: (p=191, n=1, P=499, N=29)
2026-04-14 12:20:39,471 - INFO - Regula po iteracji 4: IF T <= 2,155.00 AND skewness >= 0.54 AND Hc >= 0.63 AND T <= 1,749.50 AND p <= 112.50 THEN class = {25.81} [-193.25, 244.88], (p=191, n=1, P=499, N=29)
2026-04-14 12:20:39,471 - INFO - *****GROWING RR RULE*****
2026-04-14 12:20:39,552 - INFO - Iteracja 0: condition_best: None, quality_best: -inf, coverage_best: (p=0, n=0, P=0, N=0), p_value: 0
2026-04-14 12:20:39,553 - INFO - Regula po iteracji 0: IF  THEN class = {99.55} [-664.34, 863.44], (p=522, n=6, P=522, N=6)
2026-04-14 12:20:39,553 - INFO - *****STOP GROWING RR RULE*****
2026-04-14 12:20:39,553 - INFO - ***RR NOT FOUND***
2026-04-14 12:20:39,553 - INFO - *******STOP GROWING CR RULE*******
2026-04-14 12:20:39,560 - INFO - ************************Finished experiment for meta.arff with algorithm************************
2026-04-14 12:20:39,560 - INFO - *************************************************************************************************************************
2026-04-14 12:20:39,560 - INFO - *************************************************************************************************************************
2026-04-14 12:20:39,560 - INFO - *************************************************************************************************************************
