2026-04-14 12:05:15,963 - INFO - **********Starting experiment for ele-2.arff with algorithm**********
2026-04-14 12:05:15,971 - INFO - *******GROWING CR RULE*******
2026-04-14 12:05:16,021 - INFO - Iteracja 0: condition_best: X4 <= 19.50, quality_best: 0.72, coverage_best: (p=553, n=77, P=573, N=483)
2026-04-14 12:05:16,021 - INFO - Regula po iteracji 0: IF X4 <= 19.50 THEN class = {671.23} [92.51, 1,249.95], (p=553, n=77, P=573, N=483)
2026-04-14 12:05:16,021 - INFO - *****GROWING RR RULE*****
2026-04-14 12:05:16,083 - INFO - Iteracja 0: condition_best: None, quality_best: -inf, coverage_best: (p=0, n=0, P=0, N=0), p_value: 0
2026-04-14 12:05:16,083 - INFO - Regula po iteracji 0: IF  THEN class = {1,810.51} [-41.88, 3,662.90], (p=881, n=175, P=881, N=175)
2026-04-14 12:05:16,084 - INFO - *****STOP GROWING RR RULE*****
2026-04-14 12:05:16,084 - INFO - ***RR NOT FOUND***
2026-04-14 12:05:16,109 - INFO - Iteracja 1: condition_best: X4 >= 1.10, quality_best: 0.712, coverage_best: (p=535, n=74, P=571, N=485)
2026-04-14 12:05:16,109 - INFO - Regula po iteracji 1: IF X4 <= 19.50 AND X4 >= 1.10 THEN class = {688.69} [108.15, 1,269.24], (p=535, n=74, P=571, N=485)
2026-04-14 12:05:16,110 - INFO - *****GROWING RR RULE*****
2026-04-14 12:05:16,172 - INFO - Iteracja 0: condition_best: None, quality_best: -inf, coverage_best: (p=0, n=0, P=0, N=0), p_value: 0
2026-04-14 12:05:16,172 - INFO - Regula po iteracji 0: IF  THEN class = {1,810.51} [-41.88, 3,662.90], (p=881, n=175, P=881, N=175)
2026-04-14 12:05:16,173 - INFO - *****STOP GROWING RR RULE*****
2026-04-14 12:05:16,173 - INFO - ***RR NOT FOUND***
2026-04-14 12:05:16,198 - INFO - Iteracja 2: condition_best: X3 >= 1.81, quality_best: 0.698, coverage_best: (p=524, n=76, P=568, N=488)
2026-04-14 12:05:16,198 - INFO - Regula po iteracji 2: IF X4 <= 19.50 AND X4 >= 1.10 AND X3 >= 1.81 THEN class = {696.49} [115.15, 1,277.82], (p=524, n=76, P=568, N=488)
2026-04-14 12:05:16,198 - INFO - *****GROWING RR RULE*****
2026-04-14 12:05:16,261 - INFO - Iteracja 0: condition_best: None, quality_best: -inf, coverage_best: (p=0, n=0, P=0, N=0), p_value: 0
2026-04-14 12:05:16,261 - INFO - Regula po iteracji 0: IF  THEN class = {1,810.51} [-41.88, 3,662.90], (p=881, n=175, P=881, N=175)
2026-04-14 12:05:16,261 - INFO - *****STOP GROWING RR RULE*****
2026-04-14 12:05:16,261 - INFO - ***RR NOT FOUND***
2026-04-14 12:05:16,286 - INFO - Iteracja 3: condition_best: X4 >= 1.30, quality_best: 0.695, coverage_best: (p=504, n=73, P=559, N=497)
2026-04-14 12:05:16,286 - INFO - Regula po iteracji 3: IF X4 <= 19.50 AND X4 >= 1.10 AND X3 >= 1.81 AND X4 >= 1.30 THEN class = {715.08} [130.82, 1,299.35], (p=504, n=73, P=559, N=497)
2026-04-14 12:05:16,286 - INFO - *****GROWING RR RULE*****
2026-04-14 12:05:16,349 - INFO - Iteracja 0: condition_best: None, quality_best: -inf, coverage_best: (p=0, n=0, P=0, N=0), p_value: 0
2026-04-14 12:05:16,349 - INFO - Regula po iteracji 0: IF  THEN class = {1,810.51} [-41.88, 3,662.90], (p=881, n=175, P=881, N=175)
2026-04-14 12:05:16,349 - INFO - *****STOP GROWING RR RULE*****
2026-04-14 12:05:16,349 - INFO - ***RR NOT FOUND***
2026-04-14 12:05:16,374 - INFO - Iteracja 4: condition_best: X4 >= 1.50, quality_best: 0.687, coverage_best: (p=487, n=72, P=552, N=504)
2026-04-14 12:05:16,374 - INFO - Regula po iteracji 4: IF X4 <= 19.50 AND X4 >= 1.10 AND X3 >= 1.81 AND X4 >= 1.30 AND X4 >= 1.50 THEN class = {731.00} [144.72, 1,317.28], (p=487, n=72, P=552, N=504)
2026-04-14 12:05:16,374 - INFO - *****GROWING RR RULE*****
2026-04-14 12:05:16,436 - INFO - Iteracja 0: condition_best: None, quality_best: -inf, coverage_best: (p=0, n=0, P=0, N=0), p_value: 0
2026-04-14 12:05:16,437 - INFO - Regula po iteracji 0: IF  THEN class = {1,810.51} [-41.88, 3,662.90], (p=881, n=175, P=881, N=175)
2026-04-14 12:05:16,437 - INFO - *****STOP GROWING RR RULE*****
2026-04-14 12:05:16,437 - INFO - ***RR NOT FOUND***
2026-04-14 12:05:16,437 - INFO - *******STOP GROWING CR RULE*******
2026-04-14 12:05:16,442 - INFO - *******GROWING CR RULE*******
2026-04-14 12:05:16,482 - INFO - Iteracja 0: condition_best: X4 <= 19.50, quality_best: 0.72, coverage_best: (p=553, n=77, P=573, N=483)
2026-04-14 12:05:16,483 - INFO - Regula po iteracji 0: IF X4 <= 19.50 THEN class = {671.23} [92.51, 1,249.95], (p=553, n=77, P=573, N=483)
2026-04-14 12:05:16,483 - INFO - *****GROWING RR RULE*****
2026-04-14 12:05:16,547 - INFO - Iteracja 0: condition_best: None, quality_best: -inf, coverage_best: (p=0, n=0, P=0, N=0), p_value: 0
2026-04-14 12:05:16,547 - INFO - Regula po iteracji 0: IF  THEN class = {1,810.51} [-41.88, 3,662.90], (p=881, n=175, P=881, N=175)
2026-04-14 12:05:16,547 - INFO - *****STOP GROWING RR RULE*****
2026-04-14 12:05:16,547 - INFO - ***RR NOT FOUND***
2026-04-14 12:05:16,572 - INFO - Iteracja 1: condition_best: X4 >= 1.10, quality_best: 0.712, coverage_best: (p=535, n=74, P=571, N=485)
2026-04-14 12:05:16,572 - INFO - Regula po iteracji 1: IF X4 <= 19.50 AND X4 >= 1.10 THEN class = {688.69} [108.15, 1,269.24], (p=535, n=74, P=571, N=485)
2026-04-14 12:05:16,572 - INFO - *****GROWING RR RULE*****
2026-04-14 12:05:16,635 - INFO - Iteracja 0: condition_best: None, quality_best: -inf, coverage_best: (p=0, n=0, P=0, N=0), p_value: 0
2026-04-14 12:05:16,635 - INFO - Regula po iteracji 0: IF  THEN class = {1,810.51} [-41.88, 3,662.90], (p=881, n=175, P=881, N=175)
2026-04-14 12:05:16,636 - INFO - *****STOP GROWING RR RULE*****
2026-04-14 12:05:16,636 - INFO - ***RR NOT FOUND***
2026-04-14 12:05:16,657 - INFO - Iteracja 2: condition_best: X3 >= 1.81, quality_best: 0.698, coverage_best: (p=524, n=76, P=568, N=488)
2026-04-14 12:05:16,657 - INFO - Regula po iteracji 2: IF X4 <= 19.50 AND X4 >= 1.10 AND X3 >= 1.81 THEN class = {696.49} [115.15, 1,277.82], (p=524, n=76, P=568, N=488)
2026-04-14 12:05:16,657 - INFO - *****GROWING RR RULE*****
2026-04-14 12:05:16,719 - INFO - Iteracja 0: condition_best: None, quality_best: -inf, coverage_best: (p=0, n=0, P=0, N=0), p_value: 0
2026-04-14 12:05:16,719 - INFO - Regula po iteracji 0: IF  THEN class = {1,810.51} [-41.88, 3,662.90], (p=881, n=175, P=881, N=175)
2026-04-14 12:05:16,720 - INFO - *****STOP GROWING RR RULE*****
2026-04-14 12:05:16,720 - INFO - ***RR NOT FOUND***
2026-04-14 12:05:16,740 - INFO - Iteracja 3: condition_best: X4 >= 1.30, quality_best: 0.695, coverage_best: (p=504, n=73, P=559, N=497)
2026-04-14 12:05:16,740 - INFO - Regula po iteracji 3: IF X4 <= 19.50 AND X4 >= 1.10 AND X3 >= 1.81 AND X4 >= 1.30 THEN class = {715.08} [130.82, 1,299.35], (p=504, n=73, P=559, N=497)
2026-04-14 12:05:16,741 - INFO - *****GROWING RR RULE*****
2026-04-14 12:05:16,802 - INFO - Iteracja 0: condition_best: None, quality_best: -inf, coverage_best: (p=0, n=0, P=0, N=0), p_value: 0
2026-04-14 12:05:16,803 - INFO - Regula po iteracji 0: IF  THEN class = {1,810.51} [-41.88, 3,662.90], (p=881, n=175, P=881, N=175)
2026-04-14 12:05:16,803 - INFO - *****STOP GROWING RR RULE*****
2026-04-14 12:05:16,803 - INFO - ***RR NOT FOUND***
2026-04-14 12:05:16,823 - INFO - Iteracja 4: condition_best: X3 >= 2.38, quality_best: 0.677, coverage_best: (p=482, n=74, P=551, N=505)
2026-04-14 12:05:16,823 - INFO - Regula po iteracji 4: IF X4 <= 19.50 AND X4 >= 1.10 AND X3 >= 1.81 AND X4 >= 1.30 AND X3 >= 2.38 THEN class = {732.63} [145.52, 1,319.74], (p=482, n=74, P=551, N=505)
2026-04-14 12:05:16,823 - INFO - *****GROWING RR RULE*****
2026-04-14 12:05:16,885 - INFO - Iteracja 0: condition_best: None, quality_best: -inf, coverage_best: (p=0, n=0, P=0, N=0), p_value: 0
2026-04-14 12:05:16,886 - INFO - Regula po iteracji 0: IF  THEN class = {1,810.51} [-41.88, 3,662.90], (p=881, n=175, P=881, N=175)
2026-04-14 12:05:16,886 - INFO - *****STOP GROWING RR RULE*****
2026-04-14 12:05:16,886 - INFO - ***RR NOT FOUND***
2026-04-14 12:05:16,886 - INFO - *******STOP GROWING CR RULE*******
2026-04-14 12:05:16,889 - INFO - *******GROWING CR RULE*******
2026-04-14 12:05:16,929 - INFO - Iteracja 0: condition_best: X4 <= 19.50, quality_best: 0.72, coverage_best: (p=553, n=77, P=573, N=483)
2026-04-14 12:05:16,929 - INFO - Regula po iteracji 0: IF X4 <= 19.50 THEN class = {671.23} [92.51, 1,249.95], (p=553, n=77, P=573, N=483)
2026-04-14 12:05:16,929 - INFO - *****GROWING RR RULE*****
2026-04-14 12:05:16,991 - INFO - Iteracja 0: condition_best: None, quality_best: -inf, coverage_best: (p=0, n=0, P=0, N=0), p_value: 0
2026-04-14 12:05:16,991 - INFO - Regula po iteracji 0: IF  THEN class = {1,810.51} [-41.88, 3,662.90], (p=881, n=175, P=881, N=175)
2026-04-14 12:05:16,991 - INFO - *****STOP GROWING RR RULE*****
2026-04-14 12:05:16,991 - INFO - ***RR NOT FOUND***
2026-04-14 12:05:17,012 - INFO - Iteracja 1: condition_best: X4 >= 1.10, quality_best: 0.712, coverage_best: (p=535, n=74, P=571, N=485)
2026-04-14 12:05:17,012 - INFO - Regula po iteracji 1: IF X4 <= 19.50 AND X4 >= 1.10 THEN class = {688.69} [108.15, 1,269.24], (p=535, n=74, P=571, N=485)
2026-04-14 12:05:17,012 - INFO - *****GROWING RR RULE*****
2026-04-14 12:05:17,074 - INFO - Iteracja 0: condition_best: None, quality_best: -inf, coverage_best: (p=0, n=0, P=0, N=0), p_value: 0
2026-04-14 12:05:17,074 - INFO - Regula po iteracji 0: IF  THEN class = {1,810.51} [-41.88, 3,662.90], (p=881, n=175, P=881, N=175)
2026-04-14 12:05:17,074 - INFO - *****STOP GROWING RR RULE*****
2026-04-14 12:05:17,074 - INFO - ***RR NOT FOUND***
2026-04-14 12:05:17,095 - INFO - Iteracja 2: condition_best: X3 >= 1.81, quality_best: 0.698, coverage_best: (p=524, n=76, P=568, N=488)
2026-04-14 12:05:17,095 - INFO - Regula po iteracji 2: IF X4 <= 19.50 AND X4 >= 1.10 AND X3 >= 1.81 THEN class = {696.49} [115.15, 1,277.82], (p=524, n=76, P=568, N=488)
2026-04-14 12:05:17,095 - INFO - *****GROWING RR RULE*****
2026-04-14 12:05:17,157 - INFO - Iteracja 0: condition_best: None, quality_best: -inf, coverage_best: (p=0, n=0, P=0, N=0), p_value: 0
2026-04-14 12:05:17,157 - INFO - Regula po iteracji 0: IF  THEN class = {1,810.51} [-41.88, 3,662.90], (p=881, n=175, P=881, N=175)
2026-04-14 12:05:17,157 - INFO - *****STOP GROWING RR RULE*****
2026-04-14 12:05:17,157 - INFO - ***RR NOT FOUND***
2026-04-14 12:05:17,178 - INFO - Iteracja 3: condition_best: X3 >= 2.14, quality_best: 0.692, coverage_best: (p=512, n=76, P=562, N=494)
2026-04-14 12:05:17,178 - INFO - Regula po iteracji 3: IF X4 <= 19.50 AND X4 >= 1.10 AND X3 >= 1.81 AND X3 >= 2.14 THEN class = {707.26} [125.05, 1,289.47], (p=512, n=76, P=562, N=494)
2026-04-14 12:05:17,178 - INFO - *****GROWING RR RULE*****
2026-04-14 12:05:17,241 - INFO - Iteracja 0: condition_best: None, quality_best: -inf, coverage_best: (p=0, n=0, P=0, N=0), p_value: 0
2026-04-14 12:05:17,241 - INFO - Regula po iteracji 0: IF  THEN class = {1,810.51} [-41.88, 3,662.90], (p=881, n=175, P=881, N=175)
2026-04-14 12:05:17,241 - INFO - *****STOP GROWING RR RULE*****
2026-04-14 12:05:17,241 - INFO - ***RR NOT FOUND***
2026-04-14 12:05:17,261 - INFO - Iteracja 4: condition_best: X2 <= 5.25, quality_best: 0.686, coverage_best: (p=502, n=83, P=539, N=517)
2026-04-14 12:05:17,261 - INFO - Regula po iteracji 4: IF X4 <= 19.50 AND X4 >= 1.10 AND X3 >= 1.81 AND X3 >= 2.14 AND X2 <= 5.25 THEN class = {693.14} [143.94, 1,242.34], (p=502, n=83, P=539, N=517)
2026-04-14 12:05:17,262 - INFO - *****GROWING RR RULE*****
2026-04-14 12:05:17,323 - INFO - Iteracja 0: condition_best: None, quality_best: -inf, coverage_best: (p=0, n=0, P=0, N=0), p_value: 0
2026-04-14 12:05:17,324 - INFO - Regula po iteracji 0: IF  THEN class = {1,810.51} [-41.88, 3,662.90], (p=881, n=175, P=881, N=175)
2026-04-14 12:05:17,324 - INFO - *****STOP GROWING RR RULE*****
2026-04-14 12:05:17,324 - INFO - ***RR NOT FOUND***
2026-04-14 12:05:17,324 - INFO - *******STOP GROWING CR RULE*******
2026-04-14 12:05:17,327 - INFO - *******GROWING CR RULE*******
2026-04-14 12:05:17,367 - INFO - Iteracja 0: condition_best: X4 <= 19.50, quality_best: 0.72, coverage_best: (p=553, n=77, P=573, N=483)
2026-04-14 12:05:17,367 - INFO - Regula po iteracji 0: IF X4 <= 19.50 THEN class = {671.23} [92.51, 1,249.95], (p=553, n=77, P=573, N=483)
2026-04-14 12:05:17,367 - INFO - *****GROWING RR RULE*****
2026-04-14 12:05:17,429 - INFO - Iteracja 0: condition_best: None, quality_best: -inf, coverage_best: (p=0, n=0, P=0, N=0), p_value: 0
2026-04-14 12:05:17,429 - INFO - Regula po iteracji 0: IF  THEN class = {1,810.51} [-41.88, 3,662.90], (p=881, n=175, P=881, N=175)
2026-04-14 12:05:17,429 - INFO - *****STOP GROWING RR RULE*****
2026-04-14 12:05:17,429 - INFO - ***RR NOT FOUND***
2026-04-14 12:05:17,450 - INFO - Iteracja 1: condition_best: X4 >= 1.10, quality_best: 0.712, coverage_best: (p=535, n=74, P=571, N=485)
2026-04-14 12:05:17,450 - INFO - Regula po iteracji 1: IF X4 <= 19.50 AND X4 >= 1.10 THEN class = {688.69} [108.15, 1,269.24], (p=535, n=74, P=571, N=485)
2026-04-14 12:05:17,450 - INFO - *****GROWING RR RULE*****
2026-04-14 12:05:17,512 - INFO - Iteracja 0: condition_best: None, quality_best: -inf, coverage_best: (p=0, n=0, P=0, N=0), p_value: 0
2026-04-14 12:05:17,512 - INFO - Regula po iteracji 0: IF  THEN class = {1,810.51} [-41.88, 3,662.90], (p=881, n=175, P=881, N=175)
2026-04-14 12:05:17,512 - INFO - *****STOP GROWING RR RULE*****
2026-04-14 12:05:17,512 - INFO - ***RR NOT FOUND***
2026-04-14 12:05:17,533 - INFO - Iteracja 2: condition_best: X4 >= 1.30, quality_best: 0.696, coverage_best: (p=512, n=74, P=563, N=493)
2026-04-14 12:05:17,533 - INFO - Regula po iteracji 2: IF X4 <= 19.50 AND X4 >= 1.10 AND X4 >= 1.30 THEN class = {706.70} [123.04, 1,290.36], (p=512, n=74, P=563, N=493)
2026-04-14 12:05:17,533 - INFO - *****GROWING RR RULE*****
2026-04-14 12:05:17,594 - INFO - Iteracja 0: condition_best: None, quality_best: -inf, coverage_best: (p=0, n=0, P=0, N=0), p_value: 0
2026-04-14 12:05:17,595 - INFO - Regula po iteracji 0: IF  THEN class = {1,810.51} [-41.88, 3,662.90], (p=881, n=175, P=881, N=175)
2026-04-14 12:05:17,595 - INFO - *****STOP GROWING RR RULE*****
2026-04-14 12:05:17,595 - INFO - ***RR NOT FOUND***
2026-04-14 12:05:17,615 - INFO - Iteracja 3: condition_best: X4 >= 1.50, quality_best: 0.693, coverage_best: (p=496, n=72, P=556, N=500)
2026-04-14 12:05:17,615 - INFO - Regula po iteracji 3: IF X4 <= 19.50 AND X4 >= 1.10 AND X4 >= 1.30 AND X4 >= 1.50 THEN class = {722.10} [136.24, 1,307.96], (p=496, n=72, P=556, N=500)
2026-04-14 12:05:17,615 - INFO - *****GROWING RR RULE*****
2026-04-14 12:05:17,677 - INFO - Iteracja 0: condition_best: None, quality_best: -inf, coverage_best: (p=0, n=0, P=0, N=0), p_value: 0
2026-04-14 12:05:17,677 - INFO - Regula po iteracji 0: IF  THEN class = {1,810.51} [-41.88, 3,662.90], (p=881, n=175, P=881, N=175)
2026-04-14 12:05:17,677 - INFO - *****STOP GROWING RR RULE*****
2026-04-14 12:05:17,677 - INFO - ***RR NOT FOUND***
2026-04-14 12:05:17,696 - INFO - Iteracja 4: condition_best: X2 <= 5.25, quality_best: 0.678, coverage_best: (p=486, n=79, P=540, N=516)
2026-04-14 12:05:17,696 - INFO - Regula po iteracji 4: IF X4 <= 19.50 AND X4 >= 1.10 AND X4 >= 1.30 AND X4 >= 1.50 AND X2 <= 5.25 THEN class = {707.56} [155.27, 1,259.85], (p=486, n=79, P=540, N=516)
2026-04-14 12:05:17,697 - INFO - *****GROWING RR RULE*****
2026-04-14 12:05:17,759 - INFO - Iteracja 0: condition_best: None, quality_best: -inf, coverage_best: (p=0, n=0, P=0, N=0), p_value: 0
2026-04-14 12:05:17,759 - INFO - Regula po iteracji 0: IF  THEN class = {1,810.51} [-41.88, 3,662.90], (p=881, n=175, P=881, N=175)
2026-04-14 12:05:17,759 - INFO - *****STOP GROWING RR RULE*****
2026-04-14 12:05:17,759 - INFO - ***RR NOT FOUND***
2026-04-14 12:05:17,759 - INFO - *******STOP GROWING CR RULE*******
2026-04-14 12:05:17,762 - INFO - *******GROWING CR RULE*******
2026-04-14 12:05:17,801 - INFO - Iteracja 0: condition_best: X4 <= 19.50, quality_best: 0.72, coverage_best: (p=553, n=77, P=573, N=483)
2026-04-14 12:05:17,801 - INFO - Regula po iteracji 0: IF X4 <= 19.50 THEN class = {671.23} [92.51, 1,249.95], (p=553, n=77, P=573, N=483)
2026-04-14 12:05:17,801 - INFO - *****GROWING RR RULE*****
2026-04-14 12:05:17,863 - INFO - Iteracja 0: condition_best: None, quality_best: -inf, coverage_best: (p=0, n=0, P=0, N=0), p_value: 0
2026-04-14 12:05:17,863 - INFO - Regula po iteracji 0: IF  THEN class = {1,810.51} [-41.88, 3,662.90], (p=881, n=175, P=881, N=175)
2026-04-14 12:05:17,863 - INFO - *****STOP GROWING RR RULE*****
2026-04-14 12:05:17,863 - INFO - ***RR NOT FOUND***
2026-04-14 12:05:17,884 - INFO - Iteracja 1: condition_best: X3 >= 1.81, quality_best: 0.707, coverage_best: (p=540, n=78, P=570, N=486)
2026-04-14 12:05:17,884 - INFO - Regula po iteracji 1: IF X4 <= 19.50 AND X3 >= 1.81 THEN class = {681.46} [101.93, 1,261.00], (p=540, n=78, P=570, N=486)
2026-04-14 12:05:17,884 - INFO - *****GROWING RR RULE*****
2026-04-14 12:05:17,947 - INFO - Iteracja 0: condition_best: None, quality_best: -inf, coverage_best: (p=0, n=0, P=0, N=0), p_value: 0
2026-04-14 12:05:17,947 - INFO - Regula po iteracji 0: IF  THEN class = {1,810.51} [-41.88, 3,662.90], (p=881, n=175, P=881, N=175)
2026-04-14 12:05:17,947 - INFO - *****STOP GROWING RR RULE*****
2026-04-14 12:05:17,947 - INFO - ***RR NOT FOUND***
2026-04-14 12:05:17,967 - INFO - Iteracja 2: condition_best: X3 >= 2.14, quality_best: 0.699, coverage_best: (p=529, n=77, P=569, N=487)
2026-04-14 12:05:17,968 - INFO - Regula po iteracji 2: IF X4 <= 19.50 AND X3 >= 1.81 AND X3 >= 2.14 THEN class = {691.62} [111.00, 1,272.24], (p=529, n=77, P=569, N=487)
2026-04-14 12:05:17,968 - INFO - *****GROWING RR RULE*****
2026-04-14 12:05:18,029 - INFO - Iteracja 0: condition_best: None, quality_best: -inf, coverage_best: (p=0, n=0, P=0, N=0), p_value: 0
2026-04-14 12:05:18,029 - INFO - Regula po iteracji 0: IF  THEN class = {1,810.51} [-41.88, 3,662.90], (p=881, n=175, P=881, N=175)
2026-04-14 12:05:18,029 - INFO - *****STOP GROWING RR RULE*****
2026-04-14 12:05:18,030 - INFO - ***RR NOT FOUND***
2026-04-14 12:05:18,050 - INFO - Iteracja 3: condition_best: X3 >= 2.38, quality_best: 0.687, coverage_best: (p=517, n=77, P=568, N=488)
2026-04-14 12:05:18,050 - INFO - Regula po iteracji 3: IF X4 <= 19.50 AND X3 >= 1.81 AND X3 >= 2.14 AND X3 >= 2.38 THEN class = {699.71} [116.88, 1,282.55], (p=517, n=77, P=568, N=488)
2026-04-14 12:05:18,050 - INFO - *****GROWING RR RULE*****
2026-04-14 12:05:18,113 - INFO - Iteracja 0: condition_best: None, quality_best: -inf, coverage_best: (p=0, n=0, P=0, N=0), p_value: 0
2026-04-14 12:05:18,113 - INFO - Regula po iteracji 0: IF  THEN class = {1,810.51} [-41.88, 3,662.90], (p=881, n=175, P=881, N=175)
2026-04-14 12:05:18,113 - INFO - *****STOP GROWING RR RULE*****
2026-04-14 12:05:18,113 - INFO - ***RR NOT FOUND***
2026-04-14 12:05:18,133 - INFO - Iteracja 4: condition_best: X3 >= 2.55, quality_best: 0.681, coverage_best: (p=505, n=77, P=562, N=494)
2026-04-14 12:05:18,133 - INFO - Regula po iteracji 4: IF X4 <= 19.50 AND X3 >= 1.81 AND X3 >= 2.14 AND X3 >= 2.38 AND X3 >= 2.55 THEN class = {710.40} [126.46, 1,294.34], (p=505, n=77, P=562, N=494)
2026-04-14 12:05:18,134 - INFO - *****GROWING RR RULE*****
2026-04-14 12:05:18,195 - INFO - Iteracja 0: condition_best: None, quality_best: -inf, coverage_best: (p=0, n=0, P=0, N=0), p_value: 0
2026-04-14 12:05:18,195 - INFO - Regula po iteracji 0: IF  THEN class = {1,810.51} [-41.88, 3,662.90], (p=881, n=175, P=881, N=175)
2026-04-14 12:05:18,196 - INFO - *****STOP GROWING RR RULE*****
2026-04-14 12:05:18,196 - INFO - ***RR NOT FOUND***
2026-04-14 12:05:18,196 - INFO - *******STOP GROWING CR RULE*******
2026-04-14 12:05:18,199 - INFO - *******GROWING CR RULE*******
2026-04-14 12:05:18,238 - INFO - Iteracja 0: condition_best: X4 <= 19.50, quality_best: 0.72, coverage_best: (p=553, n=77, P=573, N=483)
2026-04-14 12:05:18,238 - INFO - Regula po iteracji 0: IF X4 <= 19.50 THEN class = {671.23} [92.51, 1,249.95], (p=553, n=77, P=573, N=483)
2026-04-14 12:05:18,238 - INFO - *****GROWING RR RULE*****
2026-04-14 12:05:18,300 - INFO - Iteracja 0: condition_best: None, quality_best: -inf, coverage_best: (p=0, n=0, P=0, N=0), p_value: 0
2026-04-14 12:05:18,300 - INFO - Regula po iteracji 0: IF  THEN class = {1,810.51} [-41.88, 3,662.90], (p=881, n=175, P=881, N=175)
2026-04-14 12:05:18,300 - INFO - *****STOP GROWING RR RULE*****
2026-04-14 12:05:18,300 - INFO - ***RR NOT FOUND***
2026-04-14 12:05:18,321 - INFO - Iteracja 1: condition_best: X3 >= 1.81, quality_best: 0.707, coverage_best: (p=540, n=78, P=570, N=486)
2026-04-14 12:05:18,321 - INFO - Regula po iteracji 1: IF X4 <= 19.50 AND X3 >= 1.81 THEN class = {681.46} [101.93, 1,261.00], (p=540, n=78, P=570, N=486)
2026-04-14 12:05:18,321 - INFO - *****GROWING RR RULE*****
2026-04-14 12:05:18,383 - INFO - Iteracja 0: condition_best: None, quality_best: -inf, coverage_best: (p=0, n=0, P=0, N=0), p_value: 0
2026-04-14 12:05:18,383 - INFO - Regula po iteracji 0: IF  THEN class = {1,810.51} [-41.88, 3,662.90], (p=881, n=175, P=881, N=175)
2026-04-14 12:05:18,383 - INFO - *****STOP GROWING RR RULE*****
2026-04-14 12:05:18,383 - INFO - ***RR NOT FOUND***
2026-04-14 12:05:18,404 - INFO - Iteracja 2: condition_best: X4 <= 13.25, quality_best: 0.672, coverage_best: (p=450, n=96, P=467, N=589)
2026-04-14 12:05:18,404 - INFO - Regula po iteracji 2: IF X4 <= 19.50 AND X3 >= 1.81 AND X4 <= 13.25 THEN class = {553.68} [151.17, 956.19], (p=450, n=96, P=467, N=589)
2026-04-14 12:05:18,404 - INFO - *****GROWING RR RULE*****
2026-04-14 12:05:18,466 - INFO - Iteracja 0: condition_best: None, quality_best: -inf, coverage_best: (p=0, n=0, P=0, N=0), p_value: 0
2026-04-14 12:05:18,466 - INFO - Regula po iteracji 0: IF  THEN class = {1,810.51} [-41.88, 3,662.90], (p=881, n=175, P=881, N=175)
2026-04-14 12:05:18,466 - INFO - *****STOP GROWING RR RULE*****
2026-04-14 12:05:18,466 - INFO - ***RR NOT FOUND***
2026-04-14 12:05:18,483 - INFO - Iteracja 3: condition_best: X2 <= 2.33, quality_best: 0.635, coverage_best: (p=426, n=111, P=440, N=616)
2026-04-14 12:05:18,484 - INFO - Regula po iteracji 3: IF X4 <= 19.50 AND X3 >= 1.81 AND X4 <= 13.25 AND X2 <= 2.33 THEN class = {533.57} [166.15, 900.98], (p=426, n=111, P=440, N=616)
2026-04-14 12:05:18,484 - INFO - *****GROWING RR RULE*****
2026-04-14 12:05:18,546 - INFO - Iteracja 0: condition_best: None, quality_best: -inf, coverage_best: (p=0, n=0, P=0, N=0), p_value: 0
2026-04-14 12:05:18,546 - INFO - Regula po iteracji 0: IF  THEN class = {1,810.51} [-41.88, 3,662.90], (p=881, n=175, P=881, N=175)
2026-04-14 12:05:18,546 - INFO - *****STOP GROWING RR RULE*****
2026-04-14 12:05:18,546 - INFO - ***RR NOT FOUND***
2026-04-14 12:05:18,562 - INFO - Iteracja 4: condition_best: X1 <= 2.75, quality_best: 0.616, coverage_best: (p=396, n=114, P=416, N=640)
2026-04-14 12:05:18,562 - INFO - Regula po iteracji 4: IF X4 <= 19.50 AND X3 >= 1.81 AND X4 <= 13.25 AND X2 <= 2.33 AND X1 <= 2.75 THEN class = {502.90} [171.75, 834.04], (p=396, n=114, P=416, N=640)
2026-04-14 12:05:18,562 - INFO - *****GROWING RR RULE*****
2026-04-14 12:05:18,624 - INFO - Iteracja 0: condition_best: None, quality_best: -inf, coverage_best: (p=0, n=0, P=0, N=0), p_value: 0
2026-04-14 12:05:18,625 - INFO - Regula po iteracji 0: IF  THEN class = {1,810.51} [-41.88, 3,662.90], (p=881, n=175, P=881, N=175)
2026-04-14 12:05:18,625 - INFO - *****STOP GROWING RR RULE*****
2026-04-14 12:05:18,625 - INFO - ***RR NOT FOUND***
2026-04-14 12:05:18,625 - INFO - *******STOP GROWING CR RULE*******
2026-04-14 12:05:18,628 - INFO - *******GROWING CR RULE*******
2026-04-14 12:05:18,667 - INFO - Iteracja 0: condition_best: X4 <= 22.25, quality_best: 0.675, coverage_best: (p=589, n=86, P=619, N=437)
2026-04-14 12:05:18,667 - INFO - Regula po iteracji 0: IF X4 <= 22.25 THEN class = {766.51} [59.68, 1,473.33], (p=589, n=86, P=619, N=437)
2026-04-14 12:05:18,667 - INFO - *****GROWING RR RULE*****
2026-04-14 12:05:18,729 - INFO - Iteracja 0: condition_best: None, quality_best: -inf, coverage_best: (p=0, n=0, P=0, N=0), p_value: 0
2026-04-14 12:05:18,729 - INFO - Regula po iteracji 0: IF  THEN class = {1,810.51} [-41.88, 3,662.90], (p=881, n=175, P=881, N=175)
2026-04-14 12:05:18,729 - INFO - *****STOP GROWING RR RULE*****
2026-04-14 12:05:18,730 - INFO - ***RR NOT FOUND***
2026-04-14 12:05:18,752 - INFO - Iteracja 1: condition_best: X2 <= 5.25, quality_best: 0.676, coverage_best: (p=577, n=92, P=594, N=462)
2026-04-14 12:05:18,753 - INFO - Regula po iteracji 1: IF X4 <= 22.25 AND X2 <= 5.25 THEN class = {739.12} [92.18, 1,386.06], (p=577, n=92, P=594, N=462)
2026-04-14 12:05:18,753 - INFO - *****GROWING RR RULE*****
2026-04-14 12:05:18,815 - INFO - Iteracja 0: condition_best: None, quality_best: -inf, coverage_best: (p=0, n=0, P=0, N=0), p_value: 0
2026-04-14 12:05:18,815 - INFO - Regula po iteracji 0: IF  THEN class = {1,810.51} [-41.88, 3,662.90], (p=881, n=175, P=881, N=175)
2026-04-14 12:05:18,815 - INFO - *****STOP GROWING RR RULE*****
2026-04-14 12:05:18,815 - INFO - ***RR NOT FOUND***
2026-04-14 12:05:18,838 - INFO - Iteracja 2: condition_best: X2 <= 3.75, quality_best: 0.671, coverage_best: (p=567, n=96, P=580, N=476)
2026-04-14 12:05:18,838 - INFO - Regula po iteracji 2: IF X4 <= 22.25 AND X2 <= 5.25 AND X2 <= 3.75 THEN class = {720.93} [100.57, 1,341.29], (p=567, n=96, P=580, N=476)
2026-04-14 12:05:18,838 - INFO - *****GROWING RR RULE*****
2026-04-14 12:05:18,901 - INFO - Iteracja 0: condition_best: None, quality_best: -inf, coverage_best: (p=0, n=0, P=0, N=0), p_value: 0
2026-04-14 12:05:18,901 - INFO - Regula po iteracji 0: IF  THEN class = {1,810.51} [-41.88, 3,662.90], (p=881, n=175, P=881, N=175)
2026-04-14 12:05:18,901 - INFO - *****STOP GROWING RR RULE*****
2026-04-14 12:05:18,901 - INFO - ***RR NOT FOUND***
2026-04-14 12:05:18,923 - INFO - Iteracja 3: condition_best: X4 >= 1.10, quality_best: 0.67, coverage_best: (p=551, n=91, P=579, N=477)
2026-04-14 12:05:18,924 - INFO - Regula po iteracji 3: IF X4 <= 22.25 AND X2 <= 5.25 AND X2 <= 3.75 AND X4 >= 1.10 THEN class = {739.12} [117.26, 1,360.99], (p=551, n=91, P=579, N=477)
2026-04-14 12:05:18,924 - INFO - *****GROWING RR RULE*****
2026-04-14 12:05:18,987 - INFO - Iteracja 0: condition_best: None, quality_best: -inf, coverage_best: (p=0, n=0, P=0, N=0), p_value: 0
2026-04-14 12:05:18,987 - INFO - Regula po iteracji 0: IF  THEN class = {1,810.51} [-41.88, 3,662.90], (p=881, n=175, P=881, N=175)
2026-04-14 12:05:18,987 - INFO - *****STOP GROWING RR RULE*****
2026-04-14 12:05:18,987 - INFO - ***RR NOT FOUND***
2026-04-14 12:05:19,009 - INFO - Iteracja 4: condition_best: X3 >= 1.81, quality_best: 0.661, coverage_best: (p=541, n=92, P=575, N=481)
2026-04-14 12:05:19,009 - INFO - Regula po iteracji 4: IF X4 <= 22.25 AND X2 <= 5.25 AND X2 <= 3.75 AND X4 >= 1.10 AND X3 >= 1.81 THEN class = {747.23} [124.73, 1,369.72], (p=541, n=92, P=575, N=481)
2026-04-14 12:05:19,009 - INFO - *****GROWING RR RULE*****
2026-04-14 12:05:19,072 - INFO - Iteracja 0: condition_best: None, quality_best: -inf, coverage_best: (p=0, n=0, P=0, N=0), p_value: 0
2026-04-14 12:05:19,072 - INFO - Regula po iteracji 0: IF  THEN class = {1,810.51} [-41.88, 3,662.90], (p=881, n=175, P=881, N=175)
2026-04-14 12:05:19,072 - INFO - *****STOP GROWING RR RULE*****
2026-04-14 12:05:19,072 - INFO - ***RR NOT FOUND***
2026-04-14 12:05:19,072 - INFO - *******STOP GROWING CR RULE*******
2026-04-14 12:05:19,075 - INFO - *******GROWING CR RULE*******
2026-04-14 12:05:19,114 - INFO - Iteracja 0: condition_best: X4 <= 22.25, quality_best: 0.675, coverage_best: (p=589, n=86, P=619, N=437)
2026-04-14 12:05:19,114 - INFO - Regula po iteracji 0: IF X4 <= 22.25 THEN class = {766.51} [59.68, 1,473.33], (p=589, n=86, P=619, N=437)
2026-04-14 12:05:19,114 - INFO - *****GROWING RR RULE*****
2026-04-14 12:05:19,176 - INFO - Iteracja 0: condition_best: None, quality_best: -inf, coverage_best: (p=0, n=0, P=0, N=0), p_value: 0
2026-04-14 12:05:19,176 - INFO - Regula po iteracji 0: IF  THEN class = {1,810.51} [-41.88, 3,662.90], (p=881, n=175, P=881, N=175)
2026-04-14 12:05:19,176 - INFO - *****STOP GROWING RR RULE*****
2026-04-14 12:05:19,176 - INFO - ***RR NOT FOUND***
2026-04-14 12:05:19,199 - INFO - Iteracja 1: condition_best: None, quality_best: -inf, coverage_best: (p=0, n=0, P=0, N=0)
2026-04-14 12:05:19,199 - INFO - Regula po iteracji 1: IF X4 <= 22.25 THEN class = {766.51} [59.68, 1,473.33], (p=589, n=86, P=619, N=437)
2026-04-14 12:05:19,199 - INFO - *******STOP GROWING CR RULE*******
2026-04-14 12:05:19,202 - INFO - *******GROWING CR RULE*******
2026-04-14 12:05:19,240 - INFO - Iteracja 0: condition_best: X4 <= 23.75, quality_best: 0.67, coverage_best: (p=599, n=91, P=619, N=437)
2026-04-14 12:05:19,240 - INFO - Regula po iteracji 0: IF X4 <= 23.75 THEN class = {780.54} [74.15, 1,486.94], (p=599, n=91, P=619, N=437)
2026-04-14 12:05:19,240 - INFO - *****GROWING RR RULE*****
2026-04-14 12:05:19,302 - INFO - Iteracja 0: condition_best: None, quality_best: -inf, coverage_best: (p=0, n=0, P=0, N=0), p_value: 0
2026-04-14 12:05:19,303 - INFO - Regula po iteracji 0: IF  THEN class = {1,810.51} [-41.88, 3,662.90], (p=881, n=175, P=881, N=175)
2026-04-14 12:05:19,303 - INFO - *****STOP GROWING RR RULE*****
2026-04-14 12:05:19,303 - INFO - ***RR NOT FOUND***
2026-04-14 12:05:19,326 - INFO - Iteracja 1: condition_best: X3 >= 1.81, quality_best: 0.67, coverage_best: (p=590, n=88, P=619, N=437)
2026-04-14 12:05:19,326 - INFO - Regula po iteracji 1: IF X4 <= 23.75 AND X3 >= 1.81 THEN class = {791.81} [84.36, 1,499.25], (p=590, n=88, P=619, N=437)
2026-04-14 12:05:19,326 - INFO - *****GROWING RR RULE*****
2026-04-14 12:05:19,388 - INFO - Iteracja 0: condition_best: None, quality_best: -inf, coverage_best: (p=0, n=0, P=0, N=0), p_value: 0
2026-04-14 12:05:19,389 - INFO - Regula po iteracji 0: IF  THEN class = {1,810.51} [-41.88, 3,662.90], (p=881, n=175, P=881, N=175)
2026-04-14 12:05:19,389 - INFO - *****STOP GROWING RR RULE*****
2026-04-14 12:05:19,389 - INFO - ***RR NOT FOUND***
2026-04-14 12:05:19,412 - INFO - Iteracja 2: condition_best: X3 >= 2.14, quality_best: 0.666, coverage_best: (p=580, n=86, P=619, N=437)
2026-04-14 12:05:19,412 - INFO - Regula po iteracji 2: IF X4 <= 23.75 AND X3 >= 1.81 AND X3 >= 2.14 THEN class = {803.03} [94.31, 1,511.76], (p=580, n=86, P=619, N=437)
2026-04-14 12:05:19,412 - INFO - *****GROWING RR RULE*****
2026-04-14 12:05:19,474 - INFO - Iteracja 0: condition_best: None, quality_best: -inf, coverage_best: (p=0, n=0, P=0, N=0), p_value: 0
2026-04-14 12:05:19,474 - INFO - Regula po iteracji 0: IF  THEN class = {1,810.51} [-41.88, 3,662.90], (p=881, n=175, P=881, N=175)
2026-04-14 12:05:19,474 - INFO - *****STOP GROWING RR RULE*****
2026-04-14 12:05:19,474 - INFO - ***RR NOT FOUND***
2026-04-14 12:05:19,497 - INFO - Iteracja 3: condition_best: X3 >= 2.38, quality_best: 0.665, coverage_best: (p=571, n=83, P=620, N=436)
2026-04-14 12:05:19,497 - INFO - Regula po iteracji 3: IF X4 <= 23.75 AND X3 >= 1.81 AND X3 >= 2.14 AND X3 >= 2.38 THEN class = {812.43} [101.26, 1,523.60], (p=571, n=83, P=620, N=436)
2026-04-14 12:05:19,498 - INFO - *****GROWING RR RULE*****
2026-04-14 12:05:19,560 - INFO - Iteracja 0: condition_best: None, quality_best: -inf, coverage_best: (p=0, n=0, P=0, N=0), p_value: 0
2026-04-14 12:05:19,560 - INFO - Regula po iteracji 0: IF  THEN class = {1,810.51} [-41.88, 3,662.90], (p=881, n=175, P=881, N=175)
2026-04-14 12:05:19,561 - INFO - *****STOP GROWING RR RULE*****
2026-04-14 12:05:19,561 - INFO - ***RR NOT FOUND***
2026-04-14 12:05:19,584 - INFO - Iteracja 4: condition_best: X4 >= 1.70, quality_best: 0.657, coverage_best: (p=509, n=73, P=599, N=457)
2026-04-14 12:05:19,584 - INFO - Regula po iteracji 4: IF X4 <= 23.75 AND X3 >= 1.81 AND X3 >= 2.14 AND X3 >= 2.38 AND X4 >= 1.70 THEN class = {882.68} [160.94, 1,604.42], (p=509, n=73, P=599, N=457)
2026-04-14 12:05:19,584 - INFO - *****GROWING RR RULE*****
2026-04-14 12:05:19,648 - INFO - Iteracja 0: condition_best: None, quality_best: -inf, coverage_best: (p=0, n=0, P=0, N=0), p_value: 0
2026-04-14 12:05:19,648 - INFO - Regula po iteracji 0: IF  THEN class = {1,810.51} [-41.88, 3,662.90], (p=881, n=175, P=881, N=175)
2026-04-14 12:05:19,649 - INFO - *****STOP GROWING RR RULE*****
2026-04-14 12:05:19,649 - INFO - ***RR NOT FOUND***
2026-04-14 12:05:19,649 - INFO - *******STOP GROWING CR RULE*******
2026-04-14 12:05:19,652 - INFO - *******GROWING CR RULE*******
2026-04-14 12:05:19,690 - INFO - Iteracja 0: condition_best: X4 <= 27.50, quality_best: 0.627, coverage_best: (p=623, n=103, P=643, N=413)
2026-04-14 12:05:19,690 - INFO - Regula po iteracji 0: IF X4 <= 27.50 THEN class = {854.04} [73.75, 1,634.32], (p=623, n=103, P=643, N=413)
2026-04-14 12:05:19,690 - INFO - *****GROWING RR RULE*****
2026-04-14 12:05:19,752 - INFO - Iteracja 0: condition_best: None, quality_best: -inf, coverage_best: (p=0, n=0, P=0, N=0), p_value: 0
2026-04-14 12:05:19,752 - INFO - Regula po iteracji 0: IF  THEN class = {1,810.51} [-41.88, 3,662.90], (p=881, n=175, P=881, N=175)
2026-04-14 12:05:19,753 - INFO - *****STOP GROWING RR RULE*****
2026-04-14 12:05:19,753 - INFO - ***RR NOT FOUND***
2026-04-14 12:05:19,777 - INFO - Iteracja 1: condition_best: X3 >= 2.14, quality_best: 0.633, coverage_best: (p=608, n=94, P=648, N=408)
2026-04-14 12:05:19,778 - INFO - Regula po iteracji 1: IF X4 <= 27.50 AND X3 >= 2.14 THEN class = {877.89} [95.37, 1,660.40], (p=608, n=94, P=648, N=408)
2026-04-14 12:05:19,778 - INFO - *****GROWING RR RULE*****
2026-04-14 12:05:19,840 - INFO - Iteracja 0: condition_best: None, quality_best: -inf, coverage_best: (p=0, n=0, P=0, N=0), p_value: 0
2026-04-14 12:05:19,840 - INFO - Regula po iteracji 0: IF  THEN class = {1,810.51} [-41.88, 3,662.90], (p=881, n=175, P=881, N=175)
2026-04-14 12:05:19,840 - INFO - *****STOP GROWING RR RULE*****
2026-04-14 12:05:19,840 - INFO - ***RR NOT FOUND***
2026-04-14 12:05:19,864 - INFO - Iteracja 2: condition_best: X3 >= 2.38, quality_best: 0.626, coverage_best: (p=597, n=93, P=648, N=408)
2026-04-14 12:05:19,864 - INFO - Regula po iteracji 2: IF X4 <= 27.50 AND X3 >= 2.14 AND X3 >= 2.38 THEN class = {888.09} [103.19, 1,673.00], (p=597, n=93, P=648, N=408)
2026-04-14 12:05:19,864 - INFO - *****GROWING RR RULE*****
2026-04-14 12:05:19,926 - INFO - Iteracja 0: condition_best: None, quality_best: -inf, coverage_best: (p=0, n=0, P=0, N=0), p_value: 0
2026-04-14 12:05:19,926 - INFO - Regula po iteracji 0: IF  THEN class = {1,810.51} [-41.88, 3,662.90], (p=881, n=175, P=881, N=175)
2026-04-14 12:05:19,926 - INFO - *****STOP GROWING RR RULE*****
2026-04-14 12:05:19,926 - INFO - ***RR NOT FOUND***
2026-04-14 12:05:19,951 - INFO - Iteracja 3: condition_best: X4 >= 1.10, quality_best: 0.618, coverage_best: (p=579, n=93, P=640, N=416)
2026-04-14 12:05:19,951 - INFO - Regula po iteracji 3: IF X4 <= 27.50 AND X3 >= 2.14 AND X3 >= 2.38 AND X4 >= 1.10 THEN class = {907.04} [120.53, 1,693.56], (p=579, n=93, P=640, N=416)
2026-04-14 12:05:19,951 - INFO - *****GROWING RR RULE*****
2026-04-14 12:05:20,013 - INFO - Iteracja 0: condition_best: None, quality_best: -inf, coverage_best: (p=0, n=0, P=0, N=0), p_value: 0
2026-04-14 12:05:20,013 - INFO - Regula po iteracji 0: IF  THEN class = {1,810.51} [-41.88, 3,662.90], (p=881, n=175, P=881, N=175)
2026-04-14 12:05:20,014 - INFO - *****STOP GROWING RR RULE*****
2026-04-14 12:05:20,014 - INFO - ***RR NOT FOUND***
2026-04-14 12:05:20,037 - INFO - Iteracja 4: condition_best: X1 <= 5.75, quality_best: 0.622, coverage_best: (p=532, n=104, P=571, N=485)
2026-04-14 12:05:20,038 - INFO - Regula po iteracji 4: IF X4 <= 27.50 AND X3 >= 2.14 AND X3 >= 2.38 AND X4 >= 1.10 AND X1 <= 5.75 THEN class = {802.24} [154.69, 1,449.80], (p=532, n=104, P=571, N=485)
2026-04-14 12:05:20,038 - INFO - *****GROWING RR RULE*****
2026-04-14 12:05:20,100 - INFO - Iteracja 0: condition_best: None, quality_best: -inf, coverage_best: (p=0, n=0, P=0, N=0), p_value: 0
2026-04-14 12:05:20,100 - INFO - Regula po iteracji 0: IF  THEN class = {1,810.51} [-41.88, 3,662.90], (p=881, n=175, P=881, N=175)
2026-04-14 12:05:20,100 - INFO - *****STOP GROWING RR RULE*****
2026-04-14 12:05:20,100 - INFO - ***RR NOT FOUND***
2026-04-14 12:05:20,100 - INFO - *******STOP GROWING CR RULE*******
2026-04-14 12:05:20,103 - INFO - *******GROWING CR RULE*******
2026-04-14 12:05:20,140 - INFO - Iteracja 0: condition_best: X3 >= 30.80, quality_best: 0.598, coverage_best: (p=195, n=87, P=207, N=849)
2026-04-14 12:05:20,140 - INFO - Regula po iteracji 0: IF X3 >= 30.80 THEN class = {4,358.45} [2,755.40, 5,961.49], (p=195, n=87, P=207, N=849)
2026-04-14 12:05:20,141 - INFO - *****GROWING RR RULE*****
2026-04-14 12:05:20,200 - INFO - Iteracja 0: condition_best: None, quality_best: -inf, coverage_best: (p=0, n=0, P=0, N=0), p_value: 0
2026-04-14 12:05:20,201 - INFO - Regula po iteracji 0: IF  THEN class = {1,810.51} [-41.88, 3,662.90], (p=881, n=175, P=881, N=175)
2026-04-14 12:05:20,201 - INFO - *****STOP GROWING RR RULE*****
2026-04-14 12:05:20,201 - INFO - ***RR NOT FOUND***
2026-04-14 12:05:20,211 - INFO - Iteracja 1: condition_best: X4 <= 153.75, quality_best: 0.63, coverage_best: (p=196, n=77, P=208, N=848)
2026-04-14 12:05:20,212 - INFO - Regula po iteracji 1: IF X3 >= 30.80 AND X4 <= 153.75 THEN class = {4,271.29} [2,719.34, 5,823.25], (p=196, n=77, P=208, N=848)
2026-04-14 12:05:20,212 - INFO - *****GROWING RR RULE*****
2026-04-14 12:05:20,272 - INFO - Iteracja 0: condition_best: None, quality_best: -inf, coverage_best: (p=0, n=0, P=0, N=0), p_value: 0
2026-04-14 12:05:20,272 - INFO - Regula po iteracji 0: IF  THEN class = {1,810.51} [-41.88, 3,662.90], (p=881, n=175, P=881, N=175)
2026-04-14 12:05:20,272 - INFO - *****STOP GROWING RR RULE*****
2026-04-14 12:05:20,272 - INFO - ***RR NOT FOUND***
2026-04-14 12:05:20,283 - INFO - Iteracja 2: condition_best: X4 >= 11.25, quality_best: 0.623, coverage_best: (p=192, n=78, P=204, N=852)
2026-04-14 12:05:20,283 - INFO - Regula po iteracji 2: IF X3 >= 30.80 AND X4 <= 153.75 AND X4 >= 11.25 THEN class = {4,301.79} [2,768.72, 5,834.86], (p=192, n=78, P=204, N=852)
2026-04-14 12:05:20,283 - INFO - *****GROWING RR RULE*****
2026-04-14 12:05:20,343 - INFO - Iteracja 0: condition_best: None, quality_best: -inf, coverage_best: (p=0, n=0, P=0, N=0), p_value: 0
2026-04-14 12:05:20,343 - INFO - Regula po iteracji 0: IF  THEN class = {1,810.51} [-41.88, 3,662.90], (p=881, n=175, P=881, N=175)
2026-04-14 12:05:20,343 - INFO - *****STOP GROWING RR RULE*****
2026-04-14 12:05:20,344 - INFO - ***RR NOT FOUND***
2026-04-14 12:05:20,354 - INFO - Iteracja 3: condition_best: X4 <= 131.25, quality_best: 0.623, coverage_best: (p=182, n=73, P=197, N=859)
2026-04-14 12:05:20,354 - INFO - Regula po iteracji 3: IF X3 >= 30.80 AND X4 <= 153.75 AND X4 >= 11.25 AND X4 <= 131.25 THEN class = {4,164.03} [2,722.00, 5,606.07], (p=182, n=73, P=197, N=859)
2026-04-14 12:05:20,354 - INFO - *****GROWING RR RULE*****
2026-04-14 12:05:20,414 - INFO - Iteracja 0: condition_best: None, quality_best: -inf, coverage_best: (p=0, n=0, P=0, N=0), p_value: 0
2026-04-14 12:05:20,414 - INFO - Regula po iteracji 0: IF  THEN class = {1,810.51} [-41.88, 3,662.90], (p=881, n=175, P=881, N=175)
2026-04-14 12:05:20,414 - INFO - *****STOP GROWING RR RULE*****
2026-04-14 12:05:20,415 - INFO - ***RR NOT FOUND***
2026-04-14 12:05:20,425 - INFO - Iteracja 4: condition_best: X4 >= 12.75, quality_best: 0.625, coverage_best: (p=180, n=72, P=195, N=861)
2026-04-14 12:05:20,425 - INFO - Regula po iteracji 4: IF X3 >= 30.80 AND X4 <= 153.75 AND X4 >= 11.25 AND X4 <= 131.25 AND X4 >= 12.75 THEN class = {4,187.47} [2,753.06, 5,621.88], (p=180, n=72, P=195, N=861)
2026-04-14 12:05:20,425 - INFO - *****GROWING RR RULE*****
2026-04-14 12:05:20,485 - INFO - Iteracja 0: condition_best: None, quality_best: -inf, coverage_best: (p=0, n=0, P=0, N=0), p_value: 0
2026-04-14 12:05:20,485 - INFO - Regula po iteracji 0: IF  THEN class = {1,810.51} [-41.88, 3,662.90], (p=881, n=175, P=881, N=175)
2026-04-14 12:05:20,485 - INFO - *****STOP GROWING RR RULE*****
2026-04-14 12:05:20,485 - INFO - ***RR NOT FOUND***
2026-04-14 12:05:20,485 - INFO - *******STOP GROWING CR RULE*******
2026-04-14 12:05:20,487 - INFO - *******GROWING CR RULE*******
2026-04-14 12:05:20,521 - INFO - Iteracja 0: condition_best: X3 >= 30.80, quality_best: 0.598, coverage_best: (p=195, n=87, P=207, N=849)
2026-04-14 12:05:20,521 - INFO - Regula po iteracji 0: IF X3 >= 30.80 THEN class = {4,358.45} [2,755.40, 5,961.49], (p=195, n=87, P=207, N=849)
2026-04-14 12:05:20,521 - INFO - *****GROWING RR RULE*****
2026-04-14 12:05:20,581 - INFO - Iteracja 0: condition_best: None, quality_best: -inf, coverage_best: (p=0, n=0, P=0, N=0), p_value: 0
2026-04-14 12:05:20,581 - INFO - Regula po iteracji 0: IF  THEN class = {1,810.51} [-41.88, 3,662.90], (p=881, n=175, P=881, N=175)
2026-04-14 12:05:20,581 - INFO - *****STOP GROWING RR RULE*****
2026-04-14 12:05:20,581 - INFO - ***RR NOT FOUND***
2026-04-14 12:05:20,591 - INFO - Iteracja 1: condition_best: X4 <= 153.75, quality_best: 0.63, coverage_best: (p=196, n=77, P=208, N=848)
2026-04-14 12:05:20,591 - INFO - Regula po iteracji 1: IF X3 >= 30.80 AND X4 <= 153.75 THEN class = {4,271.29} [2,719.34, 5,823.25], (p=196, n=77, P=208, N=848)
2026-04-14 12:05:20,591 - INFO - *****GROWING RR RULE*****
2026-04-14 12:05:20,652 - INFO - Iteracja 0: condition_best: None, quality_best: -inf, coverage_best: (p=0, n=0, P=0, N=0), p_value: 0
2026-04-14 12:05:20,652 - INFO - Regula po iteracji 0: IF  THEN class = {1,810.51} [-41.88, 3,662.90], (p=881, n=175, P=881, N=175)
2026-04-14 12:05:20,652 - INFO - *****STOP GROWING RR RULE*****
2026-04-14 12:05:20,652 - INFO - ***RR NOT FOUND***
2026-04-14 12:05:20,662 - INFO - Iteracja 2: condition_best: X4 >= 11.25, quality_best: 0.623, coverage_best: (p=192, n=78, P=204, N=852)
2026-04-14 12:05:20,662 - INFO - Regula po iteracji 2: IF X3 >= 30.80 AND X4 <= 153.75 AND X4 >= 11.25 THEN class = {4,301.79} [2,768.72, 5,834.86], (p=192, n=78, P=204, N=852)
2026-04-14 12:05:20,662 - INFO - *****GROWING RR RULE*****
2026-04-14 12:05:20,722 - INFO - Iteracja 0: condition_best: None, quality_best: -inf, coverage_best: (p=0, n=0, P=0, N=0), p_value: 0
2026-04-14 12:05:20,722 - INFO - Regula po iteracji 0: IF  THEN class = {1,810.51} [-41.88, 3,662.90], (p=881, n=175, P=881, N=175)
2026-04-14 12:05:20,723 - INFO - *****STOP GROWING RR RULE*****
2026-04-14 12:05:20,723 - INFO - ***RR NOT FOUND***
2026-04-14 12:05:20,732 - INFO - Iteracja 3: condition_best: X4 >= 12.75, quality_best: 0.62, coverage_best: (p=189, n=78, P=201, N=855)
2026-04-14 12:05:20,732 - INFO - Regula po iteracji 3: IF X3 >= 30.80 AND X4 <= 153.75 AND X4 >= 11.25 AND X4 >= 12.75 THEN class = {4,325.46} [2,800.24, 5,850.68], (p=189, n=78, P=201, N=855)
2026-04-14 12:05:20,732 - INFO - *****GROWING RR RULE*****
2026-04-14 12:05:20,793 - INFO - Iteracja 0: condition_best: None, quality_best: -inf, coverage_best: (p=0, n=0, P=0, N=0), p_value: 0
2026-04-14 12:05:20,793 - INFO - Regula po iteracji 0: IF  THEN class = {1,810.51} [-41.88, 3,662.90], (p=881, n=175, P=881, N=175)
2026-04-14 12:05:20,793 - INFO - *****STOP GROWING RR RULE*****
2026-04-14 12:05:20,793 - INFO - ***RR NOT FOUND***
2026-04-14 12:05:20,802 - INFO - Iteracja 4: condition_best: X1 >= 2.75, quality_best: 0.618, coverage_best: (p=183, n=78, P=193, N=863)
2026-04-14 12:05:20,802 - INFO - Regula po iteracji 4: IF X3 >= 30.80 AND X4 <= 153.75 AND X4 >= 11.25 AND X4 >= 12.75 AND X1 >= 2.75 THEN class = {4,364.03} [2,843.20, 5,884.87], (p=183, n=78, P=193, N=863)
2026-04-14 12:05:20,803 - INFO - *****GROWING RR RULE*****
2026-04-14 12:05:20,863 - INFO - Iteracja 0: condition_best: None, quality_best: -inf, coverage_best: (p=0, n=0, P=0, N=0), p_value: 0
2026-04-14 12:05:20,863 - INFO - Regula po iteracji 0: IF  THEN class = {1,810.51} [-41.88, 3,662.90], (p=881, n=175, P=881, N=175)
2026-04-14 12:05:20,863 - INFO - *****STOP GROWING RR RULE*****
2026-04-14 12:05:20,863 - INFO - ***RR NOT FOUND***
2026-04-14 12:05:20,863 - INFO - *******STOP GROWING CR RULE*******
2026-04-14 12:05:20,864 - INFO - *******GROWING CR RULE*******
2026-04-14 12:05:20,898 - INFO - Iteracja 0: condition_best: X3 >= 30.80, quality_best: 0.598, coverage_best: (p=195, n=87, P=207, N=849)
2026-04-14 12:05:20,899 - INFO - Regula po iteracji 0: IF X3 >= 30.80 THEN class = {4,358.45} [2,755.40, 5,961.49], (p=195, n=87, P=207, N=849)
2026-04-14 12:05:20,899 - INFO - *****GROWING RR RULE*****
2026-04-14 12:05:20,960 - INFO - Iteracja 0: condition_best: None, quality_best: -inf, coverage_best: (p=0, n=0, P=0, N=0), p_value: 0
2026-04-14 12:05:20,960 - INFO - Regula po iteracji 0: IF  THEN class = {1,810.51} [-41.88, 3,662.90], (p=881, n=175, P=881, N=175)
2026-04-14 12:05:20,960 - INFO - *****STOP GROWING RR RULE*****
2026-04-14 12:05:20,960 - INFO - ***RR NOT FOUND***
2026-04-14 12:05:20,970 - INFO - Iteracja 1: condition_best: X3 <= 64.13, quality_best: 0.611, coverage_best: (p=138, n=45, P=186, N=870)
2026-04-14 12:05:20,970 - INFO - Regula po iteracji 1: IF X3 >= 30.80 AND X3 <= 64.13 THEN class = {3,560.71} [2,465.08, 4,656.35], (p=138, n=45, P=186, N=870)
2026-04-14 12:05:20,970 - INFO - *****GROWING RR RULE*****
2026-04-14 12:05:21,030 - INFO - Iteracja 0: condition_best: None, quality_best: -inf, coverage_best: (p=0, n=0, P=0, N=0), p_value: 0
2026-04-14 12:05:21,030 - INFO - Regula po iteracji 0: IF  THEN class = {1,810.51} [-41.88, 3,662.90], (p=881, n=175, P=881, N=175)
2026-04-14 12:05:21,030 - INFO - *****STOP GROWING RR RULE*****
2026-04-14 12:05:21,030 - INFO - ***RR NOT FOUND***
2026-04-14 12:05:21,037 - INFO - Iteracja 2: condition_best: X4 >= 15.50, quality_best: 0.621, coverage_best: (p=126, n=42, P=165, N=891)
2026-04-14 12:05:21,037 - INFO - Regula po iteracji 2: IF X3 >= 30.80 AND X3 <= 64.13 AND X4 >= 15.50 THEN class = {3,682.39} [2,626.71, 4,738.07], (p=126, n=42, P=165, N=891)
2026-04-14 12:05:21,037 - INFO - *****GROWING RR RULE*****
2026-04-14 12:05:21,097 - INFO - Iteracja 0: condition_best: None, quality_best: -inf, coverage_best: (p=0, n=0, P=0, N=0), p_value: 0
2026-04-14 12:05:21,097 - INFO - Regula po iteracji 0: IF  THEN class = {1,810.51} [-41.88, 3,662.90], (p=881, n=175, P=881, N=175)
2026-04-14 12:05:21,097 - INFO - *****STOP GROWING RR RULE*****
2026-04-14 12:05:21,097 - INFO - ***RR NOT FOUND***
2026-04-14 12:05:21,104 - INFO - Iteracja 3: condition_best: X2 <= 5.25, quality_best: 0.622, coverage_best: (p=120, n=36, P=168, N=888)
2026-04-14 12:05:21,104 - INFO - Regula po iteracji 3: IF X3 >= 30.80 AND X3 <= 64.13 AND X4 >= 15.50 AND X2 <= 5.25 THEN class = {3,599.82} [2,593.05, 4,606.58], (p=120, n=36, P=168, N=888)
2026-04-14 12:05:21,104 - INFO - *****GROWING RR RULE*****
2026-04-14 12:05:21,163 - INFO - Iteracja 0: condition_best: None, quality_best: -inf, coverage_best: (p=0, n=0, P=0, N=0), p_value: 0
2026-04-14 12:05:21,164 - INFO - Regula po iteracji 0: IF  THEN class = {1,810.51} [-41.88, 3,662.90], (p=881, n=175, P=881, N=175)
2026-04-14 12:05:21,164 - INFO - *****STOP GROWING RR RULE*****
2026-04-14 12:05:21,164 - INFO - ***RR NOT FOUND***
2026-04-14 12:05:21,170 - INFO - Iteracja 4: condition_best: X3 >= 32.02, quality_best: 0.635, coverage_best: (p=113, n=31, P=161, N=895)
2026-04-14 12:05:21,170 - INFO - Regula po iteracji 4: IF X3 >= 30.80 AND X3 <= 64.13 AND X4 >= 15.50 AND X2 <= 5.25 AND X3 >= 32.02 THEN class = {3,608.00} [2,617.76, 4,598.24], (p=113, n=31, P=161, N=895)
2026-04-14 12:05:21,170 - INFO - *****GROWING RR RULE*****
2026-04-14 12:05:21,230 - INFO - Iteracja 0: condition_best: None, quality_best: -inf, coverage_best: (p=0, n=0, P=0, N=0), p_value: 0
2026-04-14 12:05:21,230 - INFO - Regula po iteracji 0: IF  THEN class = {1,810.51} [-41.88, 3,662.90], (p=881, n=175, P=881, N=175)
2026-04-14 12:05:21,230 - INFO - *****STOP GROWING RR RULE*****
2026-04-14 12:05:21,230 - INFO - ***RR NOT FOUND***
2026-04-14 12:05:21,230 - INFO - *******STOP GROWING CR RULE*******
2026-04-14 12:05:21,231 - INFO - *******GROWING CR RULE*******
2026-04-14 12:05:21,265 - INFO - Iteracja 0: condition_best: X4 <= 35.00, quality_best: 0.592, coverage_best: (p=671, n=109, P=688, N=368)
2026-04-14 12:05:21,265 - INFO - Regula po iteracji 0: IF X4 <= 35.00 THEN class = {959.15} [71.51, 1,846.80], (p=671, n=109, P=688, N=368)
2026-04-14 12:05:21,265 - INFO - *****GROWING RR RULE*****
2026-04-14 12:05:21,326 - INFO - Iteracja 0: condition_best: None, quality_best: -inf, coverage_best: (p=0, n=0, P=0, N=0), p_value: 0
2026-04-14 12:05:21,326 - INFO - Regula po iteracji 0: IF  THEN class = {1,810.51} [-41.88, 3,662.90], (p=881, n=175, P=881, N=175)
2026-04-14 12:05:21,326 - INFO - *****STOP GROWING RR RULE*****
2026-04-14 12:05:21,326 - INFO - ***RR NOT FOUND***
2026-04-14 12:05:21,351 - INFO - Iteracja 1: condition_best: X1 <= 7.25, quality_best: 0.624, coverage_best: (p=647, n=106, P=656, N=400)
2026-04-14 12:05:21,351 - INFO - Regula po iteracji 1: IF X4 <= 35.00 AND X1 <= 7.25 THEN class = {886.89} [81.36, 1,692.43], (p=647, n=106, P=656, N=400)
2026-04-14 12:05:21,352 - INFO - *****GROWING RR RULE*****
2026-04-14 12:05:21,412 - INFO - Iteracja 0: condition_best: None, quality_best: -inf, coverage_best: (p=0, n=0, P=0, N=0), p_value: 0
2026-04-14 12:05:21,412 - INFO - Regula po iteracji 0: IF  THEN class = {1,810.51} [-41.88, 3,662.90], (p=881, n=175, P=881, N=175)
2026-04-14 12:05:21,413 - INFO - *****STOP GROWING RR RULE*****
2026-04-14 12:05:21,413 - INFO - ***RR NOT FOUND***
2026-04-14 12:05:21,435 - INFO - Iteracja 2: condition_best: X3 >= 1.81, quality_best: 0.626, coverage_best: (p=639, n=102, P=658, N=398)
2026-04-14 12:05:21,435 - INFO - Regula po iteracji 2: IF X4 <= 35.00 AND X1 <= 7.25 AND X3 >= 1.81 THEN class = {898.92} [92.53, 1,705.31], (p=639, n=102, P=658, N=398)
2026-04-14 12:05:21,435 - INFO - *****GROWING RR RULE*****
2026-04-14 12:05:21,497 - INFO - Iteracja 0: condition_best: None, quality_best: -inf, coverage_best: (p=0, n=0, P=0, N=0), p_value: 0
2026-04-14 12:05:21,497 - INFO - Regula po iteracji 0: IF  THEN class = {1,810.51} [-41.88, 3,662.90], (p=881, n=175, P=881, N=175)
2026-04-14 12:05:21,497 - INFO - *****STOP GROWING RR RULE*****
2026-04-14 12:05:21,497 - INFO - ***RR NOT FOUND***
2026-04-14 12:05:21,520 - INFO - Iteracja 3: condition_best: X3 >= 2.14, quality_best: 0.606, coverage_best: (p=625, n=104, P=658, N=398)
2026-04-14 12:05:21,520 - INFO - Regula po iteracji 3: IF X4 <= 35.00 AND X1 <= 7.25 AND X3 >= 1.81 AND X3 >= 2.14 THEN class = {910.94} [103.49, 1,718.39], (p=625, n=104, P=658, N=398)
2026-04-14 12:05:21,520 - INFO - *****GROWING RR RULE*****
2026-04-14 12:05:21,581 - INFO - Iteracja 0: condition_best: None, quality_best: -inf, coverage_best: (p=0, n=0, P=0, N=0), p_value: 0
2026-04-14 12:05:21,582 - INFO - Regula po iteracji 0: IF  THEN class = {1,810.51} [-41.88, 3,662.90], (p=881, n=175, P=881, N=175)
2026-04-14 12:05:21,582 - INFO - *****STOP GROWING RR RULE*****
2026-04-14 12:05:21,582 - INFO - ***RR NOT FOUND***
2026-04-14 12:05:21,604 - INFO - Iteracja 4: condition_best: X4 >= 2.75, quality_best: 0.61, coverage_best: (p=526, n=89, P=612, N=444)
2026-04-14 12:05:21,604 - INFO - Regula po iteracji 4: IF X4 <= 35.00 AND X1 <= 7.25 AND X3 >= 1.81 AND X3 >= 2.14 AND X4 >= 2.75 THEN class = {1,030.03} [206.99, 1,853.08], (p=526, n=89, P=612, N=444)
2026-04-14 12:05:21,604 - INFO - *****GROWING RR RULE*****
2026-04-14 12:05:21,666 - INFO - Iteracja 0: condition_best: None, quality_best: -inf, coverage_best: (p=0, n=0, P=0, N=0), p_value: 0
2026-04-14 12:05:21,666 - INFO - Regula po iteracji 0: IF  THEN class = {1,810.51} [-41.88, 3,662.90], (p=881, n=175, P=881, N=175)
2026-04-14 12:05:21,666 - INFO - *****STOP GROWING RR RULE*****
2026-04-14 12:05:21,666 - INFO - ***RR NOT FOUND***
2026-04-14 12:05:21,666 - INFO - *******STOP GROWING CR RULE*******
2026-04-14 12:05:21,667 - INFO - *******GROWING CR RULE*******
2026-04-14 12:05:21,701 - INFO - Iteracja 0: condition_best: X3 >= 24.94, quality_best: 0.587, coverage_best: (p=248, n=106, P=261, N=795)
2026-04-14 12:05:21,701 - INFO - Regula po iteracji 0: IF X3 >= 24.94 THEN class = {3,921.37} [2,227.50, 5,615.24], (p=248, n=106, P=261, N=795)
2026-04-14 12:05:21,702 - INFO - *****GROWING RR RULE*****
2026-04-14 12:05:21,762 - INFO - Iteracja 0: condition_best: None, quality_best: -inf, coverage_best: (p=0, n=0, P=0, N=0), p_value: 0
2026-04-14 12:05:21,762 - INFO - Regula po iteracji 0: IF  THEN class = {1,810.51} [-41.88, 3,662.90], (p=881, n=175, P=881, N=175)
2026-04-14 12:05:21,762 - INFO - *****STOP GROWING RR RULE*****
2026-04-14 12:05:21,763 - INFO - ***RR NOT FOUND***
2026-04-14 12:05:21,774 - INFO - Iteracja 1: condition_best: X3 <= 77.46, quality_best: 0.632, coverage_best: (p=216, n=78, P=235, N=821)
2026-04-14 12:05:21,774 - INFO - Regula po iteracji 1: IF X3 >= 24.94 AND X3 <= 77.46 THEN class = {3,407.22} [2,133.32, 4,681.11], (p=216, n=78, P=235, N=821)
2026-04-14 12:05:21,774 - INFO - *****GROWING RR RULE*****
2026-04-14 12:05:21,834 - INFO - Iteracja 0: condition_best: None, quality_best: -inf, coverage_best: (p=0, n=0, P=0, N=0), p_value: 0
2026-04-14 12:05:21,834 - INFO - Regula po iteracji 0: IF  THEN class = {1,810.51} [-41.88, 3,662.90], (p=881, n=175, P=881, N=175)
2026-04-14 12:05:21,834 - INFO - *****STOP GROWING RR RULE*****
2026-04-14 12:05:21,834 - INFO - ***RR NOT FOUND***
2026-04-14 12:05:21,844 - INFO - Iteracja 2: condition_best: X2 <= 5.78, quality_best: 0.628, coverage_best: (p=201, n=72, P=226, N=830)
2026-04-14 12:05:21,844 - INFO - Regula po iteracji 2: IF X3 >= 24.94 AND X3 <= 77.46 AND X2 <= 5.78 THEN class = {3,275.33} [2,094.54, 4,456.13], (p=201, n=72, P=226, N=830)
2026-04-14 12:05:21,844 - INFO - *****GROWING RR RULE*****
2026-04-14 12:05:21,904 - INFO - Iteracja 0: condition_best: None, quality_best: -inf, coverage_best: (p=0, n=0, P=0, N=0), p_value: 0
2026-04-14 12:05:21,905 - INFO - Regula po iteracji 0: IF  THEN class = {1,810.51} [-41.88, 3,662.90], (p=881, n=175, P=881, N=175)
2026-04-14 12:05:21,905 - INFO - *****STOP GROWING RR RULE*****
2026-04-14 12:05:21,905 - INFO - ***RR NOT FOUND***
2026-04-14 12:05:21,914 - INFO - Iteracja 3: condition_best: X4 >= 9.00, quality_best: 0.64, coverage_best: (p=200, n=70, P=221, N=835)
2026-04-14 12:05:21,914 - INFO - Regula po iteracji 3: IF X3 >= 24.94 AND X3 <= 77.46 AND X2 <= 5.78 AND X4 >= 9.00 THEN class = {3,297.97} [2,130.54, 4,465.39], (p=200, n=70, P=221, N=835)
2026-04-14 12:05:21,914 - INFO - *****GROWING RR RULE*****
2026-04-14 12:05:21,974 - INFO - Iteracja 0: condition_best: None, quality_best: -inf, coverage_best: (p=0, n=0, P=0, N=0), p_value: 0
2026-04-14 12:05:21,975 - INFO - Regula po iteracji 0: IF  THEN class = {1,810.51} [-41.88, 3,662.90], (p=881, n=175, P=881, N=175)
2026-04-14 12:05:21,975 - INFO - *****STOP GROWING RR RULE*****
2026-04-14 12:05:21,975 - INFO - ***RR NOT FOUND***
2026-04-14 12:05:21,984 - INFO - Iteracja 4: condition_best: X3 <= 69.99, quality_best: 0.641, coverage_best: (p=196, n=65, P=224, N=832)
2026-04-14 12:05:21,984 - INFO - Regula po iteracji 4: IF X3 >= 24.94 AND X3 <= 77.46 AND X2 <= 5.78 AND X4 >= 9.00 AND X3 <= 69.99 THEN class = {3,252.20} [2,094.19, 4,410.22], (p=196, n=65, P=224, N=832)
2026-04-14 12:05:21,984 - INFO - *****GROWING RR RULE*****
2026-04-14 12:05:22,045 - INFO - Iteracja 0: condition_best: None, quality_best: -inf, coverage_best: (p=0, n=0, P=0, N=0), p_value: 0
2026-04-14 12:05:22,046 - INFO - Regula po iteracji 0: IF  THEN class = {1,810.51} [-41.88, 3,662.90], (p=881, n=175, P=881, N=175)
2026-04-14 12:05:22,046 - INFO - *****STOP GROWING RR RULE*****
2026-04-14 12:05:22,046 - INFO - ***RR NOT FOUND***
2026-04-14 12:05:22,046 - INFO - *******STOP GROWING CR RULE*******
2026-04-14 12:05:22,046 - INFO - *******GROWING CR RULE*******
2026-04-14 12:05:22,079 - INFO - Iteracja 0: condition_best: X3 >= 23.71, quality_best: 0.587, coverage_best: (p=256, n=107, P=271, N=785)
2026-04-14 12:05:22,079 - INFO - Regula po iteracji 0: IF X3 >= 23.71 THEN class = {3,871.05} [2,168.47, 5,573.64], (p=256, n=107, P=271, N=785)
2026-04-14 12:05:22,080 - INFO - *****GROWING RR RULE*****
2026-04-14 12:05:22,140 - INFO - Iteracja 0: condition_best: None, quality_best: -inf, coverage_best: (p=0, n=0, P=0, N=0), p_value: 0
2026-04-14 12:05:22,140 - INFO - Regula po iteracji 0: IF  THEN class = {1,810.51} [-41.88, 3,662.90], (p=881, n=175, P=881, N=175)
2026-04-14 12:05:22,140 - INFO - *****STOP GROWING RR RULE*****
2026-04-14 12:05:22,140 - INFO - ***RR NOT FOUND***
2026-04-14 12:05:22,151 - INFO - Iteracja 1: condition_best: X3 <= 77.46, quality_best: 0.609, coverage_best: (p=217, n=86, P=236, N=820)
2026-04-14 12:05:22,151 - INFO - Regula po iteracji 1: IF X3 >= 23.71 AND X3 <= 77.46 THEN class = {3,362.21} [2,080.74, 4,643.69], (p=217, n=86, P=236, N=820)
2026-04-14 12:05:22,151 - INFO - *****GROWING RR RULE*****
2026-04-14 12:05:22,212 - INFO - Iteracja 0: condition_best: None, quality_best: -inf, coverage_best: (p=0, n=0, P=0, N=0), p_value: 0
2026-04-14 12:05:22,212 - INFO - Regula po iteracji 0: IF  THEN class = {1,810.51} [-41.88, 3,662.90], (p=881, n=175, P=881, N=175)
2026-04-14 12:05:22,212 - INFO - *****STOP GROWING RR RULE*****
2026-04-14 12:05:22,212 - INFO - ***RR NOT FOUND***
2026-04-14 12:05:22,222 - INFO - Iteracja 2: condition_best: X2 >= 1.65, quality_best: 0.613, coverage_best: (p=204, n=78, P=228, N=828)
2026-04-14 12:05:22,222 - INFO - Regula po iteracji 2: IF X3 >= 23.71 AND X3 <= 77.46 AND X2 >= 1.65 THEN class = {3,456.32} [2,183.54, 4,729.09], (p=204, n=78, P=228, N=828)
2026-04-14 12:05:22,222 - INFO - *****GROWING RR RULE*****
2026-04-14 12:05:22,282 - INFO - Iteracja 0: condition_best: None, quality_best: -inf, coverage_best: (p=0, n=0, P=0, N=0), p_value: 0
2026-04-14 12:05:22,282 - INFO - Regula po iteracji 0: IF  THEN class = {1,810.51} [-41.88, 3,662.90], (p=881, n=175, P=881, N=175)
2026-04-14 12:05:22,282 - INFO - *****STOP GROWING RR RULE*****
2026-04-14 12:05:22,282 - INFO - ***RR NOT FOUND***
2026-04-14 12:05:22,292 - INFO - Iteracja 3: condition_best: X4 >= 9.00, quality_best: 0.602, coverage_best: (p=199, n=80, P=223, N=833)
2026-04-14 12:05:22,292 - INFO - Regula po iteracji 3: IF X3 >= 23.71 AND X3 <= 77.46 AND X2 >= 1.65 AND X4 >= 9.00 THEN class = {3,480.16} [2,221.73, 4,738.59], (p=199, n=80, P=223, N=833)
2026-04-14 12:05:22,292 - INFO - *****GROWING RR RULE*****
2026-04-14 12:05:22,353 - INFO - Iteracja 0: condition_best: None, quality_best: -inf, coverage_best: (p=0, n=0, P=0, N=0), p_value: 0
2026-04-14 12:05:22,353 - INFO - Regula po iteracji 0: IF  THEN class = {1,810.51} [-41.88, 3,662.90], (p=881, n=175, P=881, N=175)
2026-04-14 12:05:22,353 - INFO - *****STOP GROWING RR RULE*****
2026-04-14 12:05:22,353 - INFO - ***RR NOT FOUND***
2026-04-14 12:05:22,363 - INFO - Iteracja 4: condition_best: X3 <= 74.13, quality_best: 0.618, coverage_best: (p=198, n=72, P=227, N=829)
2026-04-14 12:05:22,363 - INFO - Regula po iteracji 4: IF X3 >= 23.71 AND X3 <= 77.46 AND X2 >= 1.65 AND X4 >= 9.00 AND X3 <= 74.13 THEN class = {3,442.00} [2,182.87, 4,701.14], (p=198, n=72, P=227, N=829)
2026-04-14 12:05:22,363 - INFO - *****GROWING RR RULE*****
2026-04-14 12:05:22,423 - INFO - Iteracja 0: condition_best: None, quality_best: -inf, coverage_best: (p=0, n=0, P=0, N=0), p_value: 0
2026-04-14 12:05:22,424 - INFO - Regula po iteracji 0: IF  THEN class = {1,810.51} [-41.88, 3,662.90], (p=881, n=175, P=881, N=175)
2026-04-14 12:05:22,424 - INFO - *****STOP GROWING RR RULE*****
2026-04-14 12:05:22,424 - INFO - ***RR NOT FOUND***
2026-04-14 12:05:22,424 - INFO - *******STOP GROWING CR RULE*******
2026-04-14 12:05:22,424 - INFO - *******GROWING CR RULE*******
2026-04-14 12:05:22,457 - INFO - Iteracja 0: condition_best: X3 >= 18.99, quality_best: 0.573, coverage_best: (p=303, n=125, P=315, N=741)
2026-04-14 12:05:22,457 - INFO - Regula po iteracji 0: IF X3 >= 18.99 THEN class = {3,537.95} [1,767.00, 5,308.90], (p=303, n=125, P=315, N=741)
2026-04-14 12:05:22,458 - INFO - *****GROWING RR RULE*****
2026-04-14 12:05:22,518 - INFO - Iteracja 0: condition_best: None, quality_best: -inf, coverage_best: (p=0, n=0, P=0, N=0), p_value: 0
2026-04-14 12:05:22,519 - INFO - Regula po iteracji 0: IF  THEN class = {1,810.51} [-41.88, 3,662.90], (p=881, n=175, P=881, N=175)
2026-04-14 12:05:22,519 - INFO - *****STOP GROWING RR RULE*****
2026-04-14 12:05:22,519 - INFO - ***RR NOT FOUND***
2026-04-14 12:05:22,532 - INFO - Iteracja 1: condition_best: X3 <= 46.23, quality_best: 0.61, coverage_best: (p=192, n=62, P=244, N=812)
2026-04-14 12:05:22,532 - INFO - Regula po iteracji 1: IF X3 >= 18.99 AND X3 <= 46.23 THEN class = {2,451.69} [1,483.67, 3,419.71], (p=192, n=62, P=244, N=812)
2026-04-14 12:05:22,532 - INFO - *****GROWING RR RULE*****
2026-04-14 12:05:22,594 - INFO - Iteracja 0: condition_best: None, quality_best: -inf, coverage_best: (p=0, n=0, P=0, N=0), p_value: 0
2026-04-14 12:05:22,594 - INFO - Regula po iteracji 0: IF  THEN class = {1,810.51} [-41.88, 3,662.90], (p=881, n=175, P=881, N=175)
2026-04-14 12:05:22,594 - INFO - *****STOP GROWING RR RULE*****
2026-04-14 12:05:22,594 - INFO - ***RR NOT FOUND***
2026-04-14 12:05:22,603 - INFO - Iteracja 2: condition_best: X4 >= 12.75, quality_best: 0.668, coverage_best: (p=169, n=47, P=204, N=852)
2026-04-14 12:05:22,603 - INFO - Regula po iteracji 2: IF X3 >= 18.99 AND X3 <= 46.23 AND X4 >= 12.75 THEN class = {2,658.42} [1,770.97, 3,545.87], (p=169, n=47, P=204, N=852)
2026-04-14 12:05:22,603 - INFO - *****GROWING RR RULE*****
2026-04-14 12:05:22,664 - INFO - Iteracja 0: condition_best: None, quality_best: -inf, coverage_best: (p=0, n=0, P=0, N=0), p_value: 0
2026-04-14 12:05:22,664 - INFO - Regula po iteracji 0: IF  THEN class = {1,810.51} [-41.88, 3,662.90], (p=881, n=175, P=881, N=175)
2026-04-14 12:05:22,664 - INFO - *****STOP GROWING RR RULE*****
2026-04-14 12:05:22,664 - INFO - ***RR NOT FOUND***
2026-04-14 12:05:22,672 - INFO - Iteracja 3: condition_best: X2 <= 3.75, quality_best: 0.666, coverage_best: (p=162, n=42, P=205, N=851)
2026-04-14 12:05:22,672 - INFO - Regula po iteracji 3: IF X3 >= 18.99 AND X3 <= 46.23 AND X4 >= 12.75 AND X2 <= 3.75 THEN class = {2,623.08} [1,734.44, 3,511.72], (p=162, n=42, P=205, N=851)
2026-04-14 12:05:22,673 - INFO - *****GROWING RR RULE*****
2026-04-14 12:05:22,733 - INFO - Iteracja 0: condition_best: None, quality_best: -inf, coverage_best: (p=0, n=0, P=0, N=0), p_value: 0
2026-04-14 12:05:22,733 - INFO - Regula po iteracji 0: IF  THEN class = {1,810.51} [-41.88, 3,662.90], (p=881, n=175, P=881, N=175)
2026-04-14 12:05:22,733 - INFO - *****STOP GROWING RR RULE*****
2026-04-14 12:05:22,733 - INFO - ***RR NOT FOUND***
2026-04-14 12:05:22,741 - INFO - Iteracja 4: condition_best: X4 >= 14.00, quality_best: 0.669, coverage_best: (p=159, n=39, P=206, N=850)
2026-04-14 12:05:22,741 - INFO - Regula po iteracji 4: IF X3 >= 18.99 AND X3 <= 46.23 AND X4 >= 12.75 AND X2 <= 3.75 AND X4 >= 14.00 THEN class = {2,644.46} [1,752.66, 3,536.25], (p=159, n=39, P=206, N=850)
2026-04-14 12:05:22,741 - INFO - *****GROWING RR RULE*****
2026-04-14 12:05:22,801 - INFO - Iteracja 0: condition_best: None, quality_best: -inf, coverage_best: (p=0, n=0, P=0, N=0), p_value: 0
2026-04-14 12:05:22,802 - INFO - Regula po iteracji 0: IF  THEN class = {1,810.51} [-41.88, 3,662.90], (p=881, n=175, P=881, N=175)
2026-04-14 12:05:22,802 - INFO - *****STOP GROWING RR RULE*****
2026-04-14 12:05:22,802 - INFO - ***RR NOT FOUND***
2026-04-14 12:05:22,802 - INFO - *******STOP GROWING CR RULE*******
2026-04-14 12:05:22,802 - INFO - *******GROWING CR RULE*******
2026-04-14 12:05:22,835 - INFO - Iteracja 0: condition_best: X2 >= 1.43, quality_best: 0.564, coverage_best: (p=298, n=124, P=316, N=740)
2026-04-14 12:05:22,835 - INFO - Regula po iteracji 0: IF X2 >= 1.43 THEN class = {3,563.99} [1,792.55, 5,335.43], (p=298, n=124, P=316, N=740)
2026-04-14 12:05:22,835 - INFO - *****GROWING RR RULE*****
2026-04-14 12:05:22,896 - INFO - Iteracja 0: condition_best: None, quality_best: -inf, coverage_best: (p=0, n=0, P=0, N=0), p_value: 0
2026-04-14 12:05:22,897 - INFO - Regula po iteracji 0: IF  THEN class = {1,810.51} [-41.88, 3,662.90], (p=881, n=175, P=881, N=175)
2026-04-14 12:05:22,897 - INFO - *****STOP GROWING RR RULE*****
2026-04-14 12:05:22,897 - INFO - ***RR NOT FOUND***
2026-04-14 12:05:22,910 - INFO - Iteracja 1: condition_best: X3 <= 46.23, quality_best: 0.599, coverage_best: (p=187, n=61, P=245, N=811)
2026-04-14 12:05:22,910 - INFO - Regula po iteracji 1: IF X2 >= 1.43 AND X3 <= 46.23 THEN class = {2,469.73} [1,492.30, 3,447.15], (p=187, n=61, P=245, N=811)
2026-04-14 12:05:22,910 - INFO - *****GROWING RR RULE*****
2026-04-14 12:05:22,971 - INFO - Iteracja 0: condition_best: None, quality_best: -inf, coverage_best: (p=0, n=0, P=0, N=0), p_value: 0
2026-04-14 12:05:22,971 - INFO - Regula po iteracji 0: IF  THEN class = {1,810.51} [-41.88, 3,662.90], (p=881, n=175, P=881, N=175)
2026-04-14 12:05:22,971 - INFO - *****STOP GROWING RR RULE*****
2026-04-14 12:05:22,971 - INFO - ***RR NOT FOUND***
2026-04-14 12:05:22,979 - INFO - Iteracja 2: condition_best: X4 >= 12.75, quality_best: 0.641, coverage_best: (p=162, n=48, P=205, N=851)
2026-04-14 12:05:22,979 - INFO - Regula po iteracji 2: IF X2 >= 1.43 AND X3 <= 46.23 AND X4 >= 12.75 THEN class = {2,688.79} [1,804.62, 3,572.97], (p=162, n=48, P=205, N=851)
2026-04-14 12:05:22,979 - INFO - *****GROWING RR RULE*****
2026-04-14 12:05:23,040 - INFO - Iteracja 0: condition_best: None, quality_best: -inf, coverage_best: (p=0, n=0, P=0, N=0), p_value: 0
2026-04-14 12:05:23,040 - INFO - Regula po iteracji 0: IF  THEN class = {1,810.51} [-41.88, 3,662.90], (p=881, n=175, P=881, N=175)
2026-04-14 12:05:23,040 - INFO - *****STOP GROWING RR RULE*****
2026-04-14 12:05:23,040 - INFO - ***RR NOT FOUND***
2026-04-14 12:05:23,047 - INFO - Iteracja 3: condition_best: X2 <= 3.75, quality_best: 0.636, coverage_best: (p=154, n=44, P=204, N=852)
2026-04-14 12:05:23,047 - INFO - Regula po iteracji 3: IF X2 >= 1.43 AND X3 <= 46.23 AND X4 >= 12.75 AND X2 <= 3.75 THEN class = {2,654.22} [1,767.75, 3,540.69], (p=154, n=44, P=204, N=852)
2026-04-14 12:05:23,048 - INFO - *****GROWING RR RULE*****
2026-04-14 12:05:23,107 - INFO - Iteracja 0: condition_best: None, quality_best: -inf, coverage_best: (p=0, n=0, P=0, N=0), p_value: 0
2026-04-14 12:05:23,108 - INFO - Regula po iteracji 0: IF  THEN class = {1,810.51} [-41.88, 3,662.90], (p=881, n=175, P=881, N=175)
2026-04-14 12:05:23,108 - INFO - *****STOP GROWING RR RULE*****
2026-04-14 12:05:23,108 - INFO - ***RR NOT FOUND***
2026-04-14 12:05:23,115 - INFO - Iteracja 4: condition_best: X4 >= 14.00, quality_best: 0.632, coverage_best: (p=150, n=42, P=204, N=852)
2026-04-14 12:05:23,115 - INFO - Regula po iteracji 4: IF X2 >= 1.43 AND X3 <= 46.23 AND X4 >= 12.75 AND X2 <= 3.75 AND X4 >= 14.00 THEN class = {2,677.24} [1,788.40, 3,566.08], (p=150, n=42, P=204, N=852)
2026-04-14 12:05:23,115 - INFO - *****GROWING RR RULE*****
2026-04-14 12:05:23,175 - INFO - Iteracja 0: condition_best: None, quality_best: -inf, coverage_best: (p=0, n=0, P=0, N=0), p_value: 0
2026-04-14 12:05:23,175 - INFO - Regula po iteracji 0: IF  THEN class = {1,810.51} [-41.88, 3,662.90], (p=881, n=175, P=881, N=175)
2026-04-14 12:05:23,175 - INFO - *****STOP GROWING RR RULE*****
2026-04-14 12:05:23,175 - INFO - ***RR NOT FOUND***
2026-04-14 12:05:23,175 - INFO - *******STOP GROWING CR RULE*******
2026-04-14 12:05:23,176 - INFO - *******GROWING CR RULE*******
2026-04-14 12:05:23,209 - INFO - Iteracja 0: condition_best: X4 <= 38.75, quality_best: 0.561, coverage_best: (p=676, n=122, P=685, N=371)
2026-04-14 12:05:23,209 - INFO - Regula po iteracji 0: IF X4 <= 38.75 THEN class = {981.93} [89.04, 1,874.81], (p=676, n=122, P=685, N=371)
2026-04-14 12:05:23,209 - INFO - *****GROWING RR RULE*****
2026-04-14 12:05:23,270 - INFO - Iteracja 0: condition_best: None, quality_best: -inf, coverage_best: (p=0, n=0, P=0, N=0), p_value: 0
2026-04-14 12:05:23,270 - INFO - Regula po iteracji 0: IF  THEN class = {1,810.51} [-41.88, 3,662.90], (p=881, n=175, P=881, N=175)
2026-04-14 12:05:23,270 - INFO - *****STOP GROWING RR RULE*****
2026-04-14 12:05:23,270 - INFO - ***RR NOT FOUND***
2026-04-14 12:05:23,296 - INFO - Iteracja 1: condition_best: X1 <= 7.25, quality_best: 0.598, coverage_best: (p=656, n=115, P=662, N=394)
2026-04-14 12:05:23,296 - INFO - Regula po iteracji 1: IF X4 <= 38.75 AND X1 <= 7.25 THEN class = {912.15} [96.54, 1,727.76], (p=656, n=115, P=662, N=394)
2026-04-14 12:05:23,296 - INFO - *****GROWING RR RULE*****
2026-04-14 12:05:23,357 - INFO - Iteracja 0: condition_best: None, quality_best: -inf, coverage_best: (p=0, n=0, P=0, N=0), p_value: 0
2026-04-14 12:05:23,357 - INFO - Regula po iteracji 0: IF  THEN class = {1,810.51} [-41.88, 3,662.90], (p=881, n=175, P=881, N=175)
2026-04-14 12:05:23,357 - INFO - *****STOP GROWING RR RULE*****
2026-04-14 12:05:23,357 - INFO - ***RR NOT FOUND***
2026-04-14 12:05:23,379 - INFO - Iteracja 2: condition_best: X4 >= 9.50, quality_best: 0.594, coverage_best: (p=238, n=77, P=297, N=759)
2026-04-14 12:05:23,379 - INFO - Regula po iteracji 2: IF X4 <= 38.75 AND X1 <= 7.25 AND X4 >= 9.50 THEN class = {1,634.75} [816.63, 2,452.87], (p=238, n=77, P=297, N=759)
2026-04-14 12:05:23,379 - INFO - *****GROWING RR RULE*****
2026-04-14 12:05:23,441 - INFO - Iteracja 0: condition_best: None, quality_best: -inf, coverage_best: (p=0, n=0, P=0, N=0), p_value: 0
2026-04-14 12:05:23,441 - INFO - Regula po iteracji 0: IF  THEN class = {1,810.51} [-41.88, 3,662.90], (p=881, n=175, P=881, N=175)
2026-04-14 12:05:23,441 - INFO - *****STOP GROWING RR RULE*****
2026-04-14 12:05:23,441 - INFO - ***RR NOT FOUND***
2026-04-14 12:05:23,454 - INFO - Iteracja 3: condition_best: X3 >= 6.30, quality_best: 0.652, coverage_best: (p=228, n=57, P=286, N=770)
2026-04-14 12:05:23,454 - INFO - Regula po iteracji 3: IF X4 <= 38.75 AND X1 <= 7.25 AND X4 >= 9.50 AND X3 >= 6.30 THEN class = {1,724.59} [916.14, 2,533.03], (p=228, n=57, P=286, N=770)
2026-04-14 12:05:23,454 - INFO - *****GROWING RR RULE*****
2026-04-14 12:05:23,517 - INFO - Iteracja 0: condition_best: None, quality_best: -inf, coverage_best: (p=0, n=0, P=0, N=0), p_value: 0
2026-04-14 12:05:23,517 - INFO - Regula po iteracji 0: IF  THEN class = {1,810.51} [-41.88, 3,662.90], (p=881, n=175, P=881, N=175)
2026-04-14 12:05:23,517 - INFO - *****STOP GROWING RR RULE*****
2026-04-14 12:05:23,517 - INFO - ***RR NOT FOUND***
2026-04-14 12:05:23,528 - INFO - Iteracja 4: condition_best: X2 >= 0.22, quality_best: 0.643, coverage_best: (p=224, n=58, P=284, N=772)
2026-04-14 12:05:23,528 - INFO - Regula po iteracji 4: IF X4 <= 38.75 AND X1 <= 7.25 AND X4 >= 9.50 AND X3 >= 6.30 AND X2 >= 0.22 THEN class = {1,732.93} [924.27, 2,541.58], (p=224, n=58, P=284, N=772)
2026-04-14 12:05:23,529 - INFO - *****GROWING RR RULE*****
2026-04-14 12:05:23,590 - INFO - Iteracja 0: condition_best: None, quality_best: -inf, coverage_best: (p=0, n=0, P=0, N=0), p_value: 0
2026-04-14 12:05:23,590 - INFO - Regula po iteracji 0: IF  THEN class = {1,810.51} [-41.88, 3,662.90], (p=881, n=175, P=881, N=175)
2026-04-14 12:05:23,590 - INFO - *****STOP GROWING RR RULE*****
2026-04-14 12:05:23,590 - INFO - ***RR NOT FOUND***
2026-04-14 12:05:23,590 - INFO - *******STOP GROWING CR RULE*******
2026-04-14 12:05:23,590 - INFO - *******GROWING CR RULE*******
2026-04-14 12:05:23,623 - INFO - Iteracja 0: condition_best: X3 <= 22.05, quality_best: 0.547, coverage_best: (p=534, n=150, P=541, N=515)
2026-04-14 12:05:23,623 - INFO - Regula po iteracji 0: IF X3 <= 22.05 THEN class = {721.97} [158.78, 1,285.17], (p=534, n=150, P=541, N=515)
2026-04-14 12:05:23,624 - INFO - *****GROWING RR RULE*****
2026-04-14 12:05:23,686 - INFO - Iteracja 0: condition_best: None, quality_best: -inf, coverage_best: (p=0, n=0, P=0, N=0), p_value: 0
2026-04-14 12:05:23,686 - INFO - Regula po iteracji 0: IF  THEN class = {1,810.51} [-41.88, 3,662.90], (p=881, n=175, P=881, N=175)
2026-04-14 12:05:23,686 - INFO - *****STOP GROWING RR RULE*****
2026-04-14 12:05:23,686 - INFO - ***RR NOT FOUND***
2026-04-14 12:05:23,704 - INFO - Iteracja 1: condition_best: X4 >= 9.50, quality_best: 0.586, coverage_best: (p=171, n=63, P=220, N=836)
2026-04-14 12:05:23,704 - INFO - Regula po iteracji 1: IF X3 <= 22.05 AND X4 >= 9.50 THEN class = {1,333.54} [814.62, 1,852.46], (p=171, n=63, P=220, N=836)
2026-04-14 12:05:23,705 - INFO - *****GROWING RR RULE*****
2026-04-14 12:05:23,766 - INFO - Iteracja 0: condition_best: None, quality_best: -inf, coverage_best: (p=0, n=0, P=0, N=0), p_value: 0
2026-04-14 12:05:23,766 - INFO - Regula po iteracji 0: IF  THEN class = {1,810.51} [-41.88, 3,662.90], (p=881, n=175, P=881, N=175)
2026-04-14 12:05:23,766 - INFO - *****STOP GROWING RR RULE*****
2026-04-14 12:05:23,766 - INFO - ***RR NOT FOUND***
2026-04-14 12:05:23,776 - INFO - Iteracja 2: condition_best: X3 >= 6.30, quality_best: 0.631, coverage_best: (p=158, n=46, P=209, N=847)
2026-04-14 12:05:23,776 - INFO - Regula po iteracji 2: IF X3 <= 22.05 AND X4 >= 9.50 AND X3 >= 6.30 THEN class = {1,414.75} [909.38, 1,920.12], (p=158, n=46, P=209, N=847)
2026-04-14 12:05:23,776 - INFO - *****GROWING RR RULE*****
2026-04-14 12:05:23,836 - INFO - Iteracja 0: condition_best: None, quality_best: -inf, coverage_best: (p=0, n=0, P=0, N=0), p_value: 0
2026-04-14 12:05:23,837 - INFO - Regula po iteracji 0: IF  THEN class = {1,810.51} [-41.88, 3,662.90], (p=881, n=175, P=881, N=175)
2026-04-14 12:05:23,837 - INFO - *****STOP GROWING RR RULE*****
2026-04-14 12:05:23,837 - INFO - ***RR NOT FOUND***
2026-04-14 12:05:23,845 - INFO - Iteracja 3: condition_best: X2 <= 1.65, quality_best: 0.629, coverage_best: (p=134, n=40, P=181, N=875)
2026-04-14 12:05:23,845 - INFO - Regula po iteracji 3: IF X3 <= 22.05 AND X4 >= 9.50 AND X3 >= 6.30 AND X2 <= 1.65 THEN class = {1,328.13} [910.48, 1,745.78], (p=134, n=40, P=181, N=875)
2026-04-14 12:05:23,845 - INFO - *****GROWING RR RULE*****
2026-04-14 12:05:23,906 - INFO - Iteracja 0: condition_best: None, quality_best: -inf, coverage_best: (p=0, n=0, P=0, N=0), p_value: 0
2026-04-14 12:05:23,907 - INFO - Regula po iteracji 0: IF  THEN class = {1,810.51} [-41.88, 3,662.90], (p=881, n=175, P=881, N=175)
2026-04-14 12:05:23,907 - INFO - *****STOP GROWING RR RULE*****
2026-04-14 12:05:23,907 - INFO - ***RR NOT FOUND***
2026-04-14 12:05:23,914 - INFO - Iteracja 4: condition_best: X2 >= 0.22, quality_best: 0.622, coverage_best: (p=131, n=40, P=179, N=877)
2026-04-14 12:05:23,914 - INFO - Regula po iteracji 4: IF X3 <= 22.05 AND X4 >= 9.50 AND X3 >= 6.30 AND X2 <= 1.65 AND X2 >= 0.22 THEN class = {1,334.93} [916.84, 1,753.03], (p=131, n=40, P=179, N=877)
2026-04-14 12:05:23,914 - INFO - *****GROWING RR RULE*****
2026-04-14 12:05:23,974 - INFO - Iteracja 0: condition_best: None, quality_best: -inf, coverage_best: (p=0, n=0, P=0, N=0), p_value: 0
2026-04-14 12:05:23,974 - INFO - Regula po iteracji 0: IF  THEN class = {1,810.51} [-41.88, 3,662.90], (p=881, n=175, P=881, N=175)
2026-04-14 12:05:23,974 - INFO - *****STOP GROWING RR RULE*****
2026-04-14 12:05:23,975 - INFO - ***RR NOT FOUND***
2026-04-14 12:05:23,975 - INFO - *******STOP GROWING CR RULE*******
2026-04-14 12:05:23,975 - INFO - *******GROWING CR RULE*******
2026-04-14 12:05:24,007 - INFO - Iteracja 0: condition_best: X4 <= 19.50, quality_best: 0.72, coverage_best: (p=553, n=77, P=573, N=483)
2026-04-14 12:05:24,007 - INFO - Regula po iteracji 0: IF X4 <= 19.50 THEN class = {671.23} [92.51, 1,249.95], (p=553, n=77, P=573, N=483)
2026-04-14 12:05:24,008 - INFO - *****GROWING RR RULE*****
2026-04-14 12:05:24,070 - INFO - Iteracja 0: condition_best: None, quality_best: -inf, coverage_best: (p=0, n=0, P=0, N=0), p_value: 0
2026-04-14 12:05:24,070 - INFO - Regula po iteracji 0: IF  THEN class = {1,810.51} [-41.88, 3,662.90], (p=881, n=175, P=881, N=175)
2026-04-14 12:05:24,070 - INFO - *****STOP GROWING RR RULE*****
2026-04-14 12:05:24,070 - INFO - ***RR NOT FOUND***
2026-04-14 12:05:24,089 - INFO - Iteracja 1: condition_best: X4 >= 1.10, quality_best: 0.712, coverage_best: (p=535, n=74, P=571, N=485)
2026-04-14 12:05:24,089 - INFO - Regula po iteracji 1: IF X4 <= 19.50 AND X4 >= 1.10 THEN class = {688.69} [108.15, 1,269.24], (p=535, n=74, P=571, N=485)
2026-04-14 12:05:24,090 - INFO - *****GROWING RR RULE*****
2026-04-14 12:05:24,151 - INFO - Iteracja 0: condition_best: None, quality_best: -inf, coverage_best: (p=0, n=0, P=0, N=0), p_value: 0
2026-04-14 12:05:24,151 - INFO - Regula po iteracji 0: IF  THEN class = {1,810.51} [-41.88, 3,662.90], (p=881, n=175, P=881, N=175)
2026-04-14 12:05:24,151 - INFO - *****STOP GROWING RR RULE*****
2026-04-14 12:05:24,151 - INFO - ***RR NOT FOUND***
2026-04-14 12:05:24,171 - INFO - Iteracja 2: condition_best: X3 >= 1.81, quality_best: 0.698, coverage_best: (p=524, n=76, P=568, N=488)
2026-04-14 12:05:24,171 - INFO - Regula po iteracji 2: IF X4 <= 19.50 AND X4 >= 1.10 AND X3 >= 1.81 THEN class = {696.49} [115.15, 1,277.82], (p=524, n=76, P=568, N=488)
2026-04-14 12:05:24,171 - INFO - *****GROWING RR RULE*****
2026-04-14 12:05:24,233 - INFO - Iteracja 0: condition_best: None, quality_best: -inf, coverage_best: (p=0, n=0, P=0, N=0), p_value: 0
2026-04-14 12:05:24,233 - INFO - Regula po iteracji 0: IF  THEN class = {1,810.51} [-41.88, 3,662.90], (p=881, n=175, P=881, N=175)
2026-04-14 12:05:24,233 - INFO - *****STOP GROWING RR RULE*****
2026-04-14 12:05:24,233 - INFO - ***RR NOT FOUND***
2026-04-14 12:05:24,253 - INFO - Iteracja 3: condition_best: X4 >= 1.30, quality_best: 0.695, coverage_best: (p=504, n=73, P=559, N=497)
2026-04-14 12:05:24,253 - INFO - Regula po iteracji 3: IF X4 <= 19.50 AND X4 >= 1.10 AND X3 >= 1.81 AND X4 >= 1.30 THEN class = {715.08} [130.82, 1,299.35], (p=504, n=73, P=559, N=497)
2026-04-14 12:05:24,253 - INFO - *****GROWING RR RULE*****
2026-04-14 12:05:24,315 - INFO - Iteracja 0: condition_best: None, quality_best: -inf, coverage_best: (p=0, n=0, P=0, N=0), p_value: 0
2026-04-14 12:05:24,315 - INFO - Regula po iteracji 0: IF  THEN class = {1,810.51} [-41.88, 3,662.90], (p=881, n=175, P=881, N=175)
2026-04-14 12:05:24,315 - INFO - *****STOP GROWING RR RULE*****
2026-04-14 12:05:24,315 - INFO - ***RR NOT FOUND***
2026-04-14 12:05:24,334 - INFO - Iteracja 4: condition_best: X4 >= 1.50, quality_best: 0.687, coverage_best: (p=487, n=72, P=552, N=504)
2026-04-14 12:05:24,334 - INFO - Regula po iteracji 4: IF X4 <= 19.50 AND X4 >= 1.10 AND X3 >= 1.81 AND X4 >= 1.30 AND X4 >= 1.50 THEN class = {731.00} [144.72, 1,317.28], (p=487, n=72, P=552, N=504)
2026-04-14 12:05:24,335 - INFO - *****GROWING RR RULE*****
2026-04-14 12:05:24,397 - INFO - Iteracja 0: condition_best: None, quality_best: -inf, coverage_best: (p=0, n=0, P=0, N=0), p_value: 0
2026-04-14 12:05:24,398 - INFO - Regula po iteracji 0: IF  THEN class = {1,810.51} [-41.88, 3,662.90], (p=881, n=175, P=881, N=175)
2026-04-14 12:05:24,398 - INFO - *****STOP GROWING RR RULE*****
2026-04-14 12:05:24,398 - INFO - ***RR NOT FOUND***
2026-04-14 12:05:24,398 - INFO - *******STOP GROWING CR RULE*******
2026-04-14 12:05:24,404 - INFO - ************************Finished experiment for ele-2.arff with algorithm************************
2026-04-14 12:05:24,404 - INFO - *************************************************************************************************************************
2026-04-14 12:05:24,404 - INFO - *************************************************************************************************************************
2026-04-14 12:05:24,404 - INFO - *************************************************************************************************************************
