2026-04-14 12:03:10,070 - INFO - **********Starting experiment for cpu.arff with algorithm_rulekit**********
2026-04-14 12:03:10,148 - INFO - ************************Finished experiment for cpu.arff with algorithm_rulekit************************
2026-04-14 12:03:10,148 - INFO - *************************************************************************************************************************
2026-04-14 12:03:10,148 - INFO - *************************************************************************************************************************
2026-04-14 12:03:10,148 - INFO - *************************************************************************************************************************
2026-04-14 12:03:10,149 - INFO - **********Starting experiment for cpu.arff with algorithm_rer**********
2026-04-14 12:03:10,157 - INFO - *******GROWING CR RULE*******
2026-04-14 12:03:10,183 - INFO - Iteracja 0: condition_best: MMAX <= 5,500.00, quality_best: 0.874, coverage_best: (p=51, n=1, P=63, N=83)
2026-04-14 12:03:10,183 - INFO - Regula po iteracji 0: IF MMAX <= 5,500.00 THEN class = {25.71} [14.01, 37.41], (p=51, n=1, P=63, N=83)
2026-04-14 12:03:10,192 - INFO - Iteracja 1: condition_best: MMIN >= 80.00, quality_best: 0.866, coverage_best: (p=50, n=1, P=63, N=83)
2026-04-14 12:03:10,192 - INFO - Regula po iteracji 1: IF MMAX <= 5,500.00 AND MMIN >= 80.00 THEN class = {25.92} [14.21, 37.64], (p=50, n=1, P=63, N=83)
2026-04-14 12:03:10,201 - INFO - Iteracja 2: condition_best: MMIN >= 144.00, quality_best: 0.858, coverage_best: (p=49, n=1, P=63, N=83)
2026-04-14 12:03:10,201 - INFO - Regula po iteracji 2: IF MMAX <= 5,500.00 AND MMIN >= 80.00 AND MMIN >= 144.00 THEN class = {26.14} [14.41, 37.87], (p=49, n=1, P=63, N=83)
2026-04-14 12:03:10,209 - INFO - Iteracja 3: condition_best: CHMAX <= 96.00, quality_best: 0.849, coverage_best: (p=48, n=1, P=63, N=83)
2026-04-14 12:03:10,209 - INFO - Regula po iteracji 3: IF MMAX <= 5,500.00 AND MMIN >= 80.00 AND MMIN >= 144.00 AND CHMAX <= 96.00 THEN class = {26.00} [14.19, 37.81], (p=48, n=1, P=63, N=83)
2026-04-14 12:03:10,217 - INFO - Iteracja 4: condition_best: CHMAX <= 48.00, quality_best: 0.841, coverage_best: (p=47, n=1, P=63, N=83)
2026-04-14 12:03:10,217 - INFO - Regula po iteracji 4: IF MMAX <= 5,500.00 AND MMIN >= 80.00 AND MMIN >= 144.00 AND CHMAX <= 96.00 AND CHMAX <= 48.00 THEN class = {25.92} [14.00, 37.83], (p=47, n=1, P=63, N=83)
2026-04-14 12:03:10,217 - INFO - *******STOP GROWING CR RULE*******
2026-04-14 12:03:10,218 - INFO - *******GROWING CR RULE*******
2026-04-14 12:03:10,236 - INFO - Iteracja 0: condition_best: MMAX <= 9,240.00, quality_best: 0.845, coverage_best: (p=86, n=5, P=89, N=57)
2026-04-14 12:03:10,236 - INFO - Regula po iteracji 0: IF MMAX <= 9,240.00 THEN class = {35.65} [12.90, 58.40], (p=86, n=5, P=89, N=57)
2026-04-14 12:03:10,248 - INFO - Iteracja 1: condition_best: MMIN <= 3,550.00, quality_best: 0.865, coverage_best: (p=85, n=4, P=89, N=57)
2026-04-14 12:03:10,248 - INFO - Regula po iteracji 1: IF MMAX <= 9,240.00 AND MMIN <= 3,550.00 THEN class = {35.04} [12.55, 57.54], (p=85, n=4, P=89, N=57)
2026-04-14 12:03:10,260 - INFO - Iteracja 2: condition_best: MMIN >= 80.00, quality_best: 0.859, coverage_best: (p=84, n=4, P=89, N=57)
2026-04-14 12:03:10,260 - INFO - Regula po iteracji 2: IF MMAX <= 9,240.00 AND MMIN <= 3,550.00 AND MMIN >= 80.00 THEN class = {35.27} [12.76, 57.79], (p=84, n=4, P=89, N=57)
2026-04-14 12:03:10,272 - INFO - Iteracja 3: condition_best: MMIN >= 144.00, quality_best: 0.852, coverage_best: (p=83, n=4, P=89, N=57)
2026-04-14 12:03:10,272 - INFO - Regula po iteracji 3: IF MMAX <= 9,240.00 AND MMIN <= 3,550.00 AND MMIN >= 80.00 AND MMIN >= 144.00 THEN class = {35.51} [12.97, 58.05], (p=83, n=4, P=89, N=57)
2026-04-14 12:03:10,284 - INFO - Iteracja 4: condition_best: MYCT >= 37.50, quality_best: 0.853, coverage_best: (p=82, n=4, P=88, N=58)
2026-04-14 12:03:10,284 - INFO - Regula po iteracji 4: IF MMAX <= 9,240.00 AND MMIN <= 3,550.00 AND MMIN >= 80.00 AND MMIN >= 144.00 AND MYCT >= 37.50 THEN class = {34.73} [13.24, 56.23], (p=82, n=4, P=88, N=58)
2026-04-14 12:03:10,284 - INFO - *******STOP GROWING CR RULE*******
2026-04-14 12:03:10,285 - INFO - *******GROWING CR RULE*******
2026-04-14 12:03:10,301 - INFO - Iteracja 0: condition_best: MMAX >= 28,000.00, quality_best: 0.802, coverage_best: (p=14, n=1, P=19, N=127)
2026-04-14 12:03:10,302 - INFO - Regula po iteracji 0: IF MMAX >= 28,000.00 THEN class = {312.87} [170.27, 455.46], (p=14, n=1, P=19, N=127)
2026-04-14 12:03:10,305 - INFO - Iteracja 1: condition_best: MMIN >= 3,000.00, quality_best: 0.861, coverage_best: (p=10, n=1, P=11, N=135)
2026-04-14 12:03:10,305 - INFO - Regula po iteracji 1: IF MMAX >= 28,000.00 AND MMIN >= 3,000.00 THEN class = {361.27} [223.66, 498.88], (p=10, n=1, P=11, N=135)
2026-04-14 12:03:10,307 - INFO - Iteracja 2: condition_best: CHMIN >= 12.00, quality_best: 0.827, coverage_best: (p=5, n=1, P=5, N=141)
2026-04-14 12:03:10,307 - INFO - Regula po iteracji 2: IF MMAX >= 28,000.00 AND MMIN >= 3,000.00 AND CHMIN >= 12.00 THEN class = {446.50} [309.78, 583.22], (p=5, n=1, P=5, N=141)
2026-04-14 12:03:10,309 - INFO - Iteracja 3: condition_best: MYCT <= 44.00, quality_best: 0.714, coverage_best: (p=4, n=1, P=5, N=141)
2026-04-14 12:03:10,309 - INFO - Regula po iteracji 3: IF MMAX >= 28,000.00 AND MMIN >= 3,000.00 AND CHMIN >= 12.00 AND MYCT <= 44.00 THEN class = {463.80} [320.15, 607.45], (p=4, n=1, P=5, N=141)
2026-04-14 12:03:10,310 - INFO - Iteracja 4: condition_best: None, quality_best: -inf, coverage_best: (p=0, n=0, P=0, N=0)
2026-04-14 12:03:10,310 - INFO - Regula po iteracji 4: IF MMAX >= 28,000.00 AND MMIN >= 3,000.00 AND CHMIN >= 12.00 AND MYCT <= 44.00 THEN class = {463.80} [320.15, 607.45], (p=4, n=1, P=5, N=141)
2026-04-14 12:03:10,310 - INFO - *******STOP GROWING CR RULE*******
2026-04-14 12:03:10,311 - INFO - *******GROWING CR RULE*******
2026-04-14 12:03:10,327 - INFO - Iteracja 0: condition_best: MMAX >= 28,000.00, quality_best: 0.802, coverage_best: (p=14, n=1, P=19, N=127)
2026-04-14 12:03:10,328 - INFO - Regula po iteracji 0: IF MMAX >= 28,000.00 THEN class = {312.87} [170.27, 455.46], (p=14, n=1, P=19, N=127)
2026-04-14 12:03:10,330 - INFO - Iteracja 1: condition_best: MMIN >= 3,000.00, quality_best: 0.861, coverage_best: (p=10, n=1, P=11, N=135)
2026-04-14 12:03:10,330 - INFO - Regula po iteracji 1: IF MMAX >= 28,000.00 AND MMIN >= 3,000.00 THEN class = {361.27} [223.66, 498.88], (p=10, n=1, P=11, N=135)
2026-04-14 12:03:10,332 - INFO - Iteracja 2: condition_best: MYCT <= 45.00, quality_best: 0.811, coverage_best: (p=9, n=1, P=11, N=135)
2026-04-14 12:03:10,332 - INFO - Regula po iteracji 2: IF MMAX >= 28,000.00 AND MMIN >= 3,000.00 AND MYCT <= 45.00 THEN class = {361.40} [217.07, 505.73], (p=9, n=1, P=11, N=135)
2026-04-14 12:03:10,334 - INFO - Iteracja 3: condition_best: CHMIN <= 12.00, quality_best: 0.794, coverage_best: (p=4, n=1, P=4, N=142)
2026-04-14 12:03:10,334 - INFO - Regula po iteracji 3: IF MMAX >= 28,000.00 AND MMIN >= 3,000.00 AND MYCT <= 45.00 AND CHMIN <= 12.00 THEN class = {259.00} [251.54, 266.46], (p=4, n=1, P=4, N=142)
2026-04-14 12:03:10,335 - INFO - Iteracja 4: condition_best: None, quality_best: -inf, coverage_best: (p=0, n=0, P=0, N=0)
2026-04-14 12:03:10,335 - INFO - Regula po iteracji 4: IF MMAX >= 28,000.00 AND MMIN >= 3,000.00 AND MYCT <= 45.00 AND CHMIN <= 12.00 THEN class = {259.00} [251.54, 266.46], (p=4, n=1, P=4, N=142)
2026-04-14 12:03:10,335 - INFO - *******STOP GROWING CR RULE*******
2026-04-14 12:03:10,336 - INFO - *******GROWING CR RULE*******
2026-04-14 12:03:10,352 - INFO - Iteracja 0: condition_best: MMAX >= 28,000.00, quality_best: 0.802, coverage_best: (p=14, n=1, P=19, N=127)
2026-04-14 12:03:10,353 - INFO - Regula po iteracji 0: IF MMAX >= 28,000.00 THEN class = {312.87} [170.27, 455.46], (p=14, n=1, P=19, N=127)
2026-04-14 12:03:10,355 - INFO - Iteracja 1: condition_best: CACH <= 120.00, quality_best: 0.729, coverage_best: (p=12, n=1, P=20, N=126)
2026-04-14 12:03:10,355 - INFO - Regula po iteracji 1: IF MMAX >= 28,000.00 AND CACH <= 120.00 THEN class = {298.85} [150.82, 446.87], (p=12, n=1, P=20, N=126)
2026-04-14 12:03:10,358 - INFO - Iteracja 2: condition_best: MYCT >= 32.00, quality_best: 0.601, coverage_best: (p=6, n=1, P=14, N=132)
2026-04-14 12:03:10,358 - INFO - Regula po iteracji 2: IF MMAX >= 28,000.00 AND CACH <= 120.00 AND MYCT >= 32.00 THEN class = {230.71} [165.33, 296.10], (p=6, n=1, P=14, N=132)
2026-04-14 12:03:10,360 - INFO - Iteracja 3: condition_best: MYCT >= 37.50, quality_best: 0.553, coverage_best: (p=5, n=1, P=14, N=132)
2026-04-14 12:03:10,360 - INFO - Regula po iteracji 3: IF MMAX >= 28,000.00 AND CACH <= 120.00 AND MYCT >= 32.00 AND MYCT >= 37.50 THEN class = {224.17} [155.70, 292.63], (p=5, n=1, P=14, N=132)
2026-04-14 12:03:10,362 - INFO - Iteracja 4: condition_best: MYCT >= 45.00, quality_best: 0.485, coverage_best: (p=4, n=1, P=16, N=130)
2026-04-14 12:03:10,362 - INFO - Regula po iteracji 4: IF MMAX >= 28,000.00 AND CACH <= 120.00 AND MYCT >= 32.00 AND MYCT >= 37.50 AND MYCT >= 45.00 THEN class = {215.80} [143.66, 287.94], (p=4, n=1, P=16, N=130)
2026-04-14 12:03:10,362 - INFO - *******STOP GROWING CR RULE*******
2026-04-14 12:03:10,363 - INFO - *******GROWING CR RULE*******
2026-04-14 12:03:10,379 - INFO - Iteracja 0: condition_best: MMAX <= 11,240.00, quality_best: 0.786, coverage_best: (p=86, n=7, P=90, N=56)
2026-04-14 12:03:10,379 - INFO - Regula po iteracji 0: IF MMAX <= 11,240.00 THEN class = {36.47} [13.29, 59.66], (p=86, n=7, P=90, N=56)
2026-04-14 12:03:10,391 - INFO - Iteracja 1: condition_best: MYCT >= 44.00, quality_best: 0.845, coverage_best: (p=86, n=5, P=89, N=57)
2026-04-14 12:03:10,391 - INFO - Regula po iteracji 1: IF MMAX <= 11,240.00 AND MYCT >= 44.00 THEN class = {35.27} [13.37, 57.18], (p=86, n=5, P=89, N=57)
2026-04-14 12:03:10,403 - INFO - Iteracja 2: condition_best: MYCT <= 1,300.00, quality_best: 0.832, coverage_best: (p=84, n=5, P=89, N=57)
2026-04-14 12:03:10,403 - INFO - Regula po iteracji 2: IF MMAX <= 11,240.00 AND MYCT >= 44.00 AND MYCT <= 1,300.00 THEN class = {35.64} [13.63, 57.65], (p=84, n=5, P=89, N=57)
2026-04-14 12:03:10,415 - INFO - Iteracja 3: condition_best: MYCT <= 1,000.00, quality_best: 0.819, coverage_best: (p=82, n=5, P=89, N=57)
2026-04-14 12:03:10,415 - INFO - Regula po iteracji 3: IF MMAX <= 11,240.00 AND MYCT >= 44.00 AND MYCT <= 1,300.00 AND MYCT <= 1,000.00 THEN class = {36.02} [13.91, 58.14], (p=82, n=5, P=89, N=57)
2026-04-14 12:03:10,427 - INFO - Iteracja 4: condition_best: CHMIN >= 0.50, quality_best: 0.806, coverage_best: (p=80, n=5, P=89, N=57)
2026-04-14 12:03:10,427 - INFO - Regula po iteracji 4: IF MMAX <= 11,240.00 AND MYCT >= 44.00 AND MYCT <= 1,300.00 AND MYCT <= 1,000.00 AND CHMIN >= 0.50 THEN class = {36.34} [14.07, 58.61], (p=80, n=5, P=89, N=57)
2026-04-14 12:03:10,427 - INFO - *******STOP GROWING CR RULE*******
2026-04-14 12:03:10,427 - INFO - *******GROWING CR RULE*******
2026-04-14 12:03:10,444 - INFO - Iteracja 0: condition_best: MMAX >= 18,485.00, quality_best: 0.774, coverage_best: (p=18, n=3, P=21, N=125)
2026-04-14 12:03:10,444 - INFO - Regula po iteracji 0: IF MMAX >= 18,485.00 THEN class = {273.95} [136.07, 411.84], (p=18, n=3, P=21, N=125)
2026-04-14 12:03:10,448 - INFO - Iteracja 1: condition_best: CACH <= 144.00, quality_best: 0.802, coverage_best: (p=18, n=2, P=22, N=124)
2026-04-14 12:03:10,449 - INFO - Regula po iteracji 1: IF MMAX >= 18,485.00 AND CACH <= 144.00 THEN class = {273.60} [132.32, 414.88], (p=18, n=2, P=22, N=124)
2026-04-14 12:03:10,452 - INFO - Iteracja 2: condition_best: CACH <= 120.00, quality_best: 0.784, coverage_best: (p=17, n=1, P=25, N=121)
2026-04-14 12:03:10,452 - INFO - Regula po iteracji 2: IF MMAX >= 18,485.00 AND CACH <= 144.00 AND CACH <= 120.00 THEN class = {259.11} [117.60, 400.62], (p=17, n=1, P=25, N=121)
2026-04-14 12:03:10,456 - INFO - Iteracja 3: condition_best: CACH >= 27.00, quality_best: 0.762, coverage_best: (p=16, n=1, P=25, N=121)
2026-04-14 12:03:10,456 - INFO - Regula po iteracji 3: IF MMAX >= 18,485.00 AND CACH <= 144.00 AND CACH <= 120.00 AND CACH >= 27.00 THEN class = {263.65} [119.31, 407.98], (p=16, n=1, P=25, N=121)
2026-04-14 12:03:10,459 - INFO - Iteracja 4: condition_best: MYCT <= 102.00, quality_best: 0.705, coverage_best: (p=13, n=1, P=24, N=122)
2026-04-14 12:03:10,459 - INFO - Regula po iteracji 4: IF MMAX >= 18,485.00 AND CACH <= 144.00 AND CACH <= 120.00 AND CACH >= 27.00 AND MYCT <= 102.00 THEN class = {281.79} [128.71, 434.86], (p=13, n=1, P=24, N=122)
2026-04-14 12:03:10,459 - INFO - *******STOP GROWING CR RULE*******
2026-04-14 12:03:10,460 - INFO - *******GROWING CR RULE*******
2026-04-14 12:03:10,477 - INFO - Iteracja 0: condition_best: MMIN <= 1,155.00, quality_best: 0.752, coverage_best: (p=61, n=3, P=87, N=59)
2026-04-14 12:03:10,477 - INFO - Regula po iteracji 0: IF MMIN <= 1,155.00 THEN class = {32.00} [8.00, 56.00], (p=61, n=3, P=87, N=59)
2026-04-14 12:03:10,486 - INFO - Iteracja 1: condition_best: MMIN >= 80.00, quality_best: 0.74, coverage_best: (p=60, n=3, P=88, N=58)
2026-04-14 12:03:10,486 - INFO - Regula po iteracji 1: IF MMIN <= 1,155.00 AND MMIN >= 80.00 THEN class = {32.27} [8.18, 56.36], (p=60, n=3, P=88, N=58)
2026-04-14 12:03:10,495 - INFO - Iteracja 2: condition_best: MMIN >= 144.00, quality_best: 0.733, coverage_best: (p=59, n=3, P=88, N=58)
2026-04-14 12:03:10,495 - INFO - Regula po iteracji 2: IF MMIN <= 1,155.00 AND MMIN >= 80.00 AND MMIN >= 144.00 THEN class = {32.55} [8.36, 56.73], (p=59, n=3, P=88, N=58)
2026-04-14 12:03:10,504 - INFO - Iteracja 3: condition_best: MMIN >= 224.00, quality_best: 0.722, coverage_best: (p=58, n=3, P=89, N=57)
2026-04-14 12:03:10,504 - INFO - Regula po iteracji 3: IF MMIN <= 1,155.00 AND MMIN >= 80.00 AND MMIN >= 144.00 AND MMIN >= 224.00 THEN class = {32.79} [8.48, 57.10], (p=58, n=3, P=89, N=57)
2026-04-14 12:03:10,513 - INFO - Iteracja 4: condition_best: MMAX >= 756.00, quality_best: 0.715, coverage_best: (p=57, n=3, P=89, N=57)
2026-04-14 12:03:10,513 - INFO - Regula po iteracji 4: IF MMIN <= 1,155.00 AND MMIN >= 80.00 AND MMIN >= 144.00 AND MMIN >= 224.00 AND MMAX >= 756.00 THEN class = {33.03} [8.60, 57.47], (p=57, n=3, P=89, N=57)
2026-04-14 12:03:10,513 - INFO - *******STOP GROWING CR RULE*******
2026-04-14 12:03:10,513 - INFO - *******GROWING CR RULE*******
2026-04-14 12:03:10,530 - INFO - Iteracja 0: condition_best: MMIN <= 3,550.00, quality_best: 0.691, coverage_best: (p=104, n=8, P=110, N=36)
2026-04-14 12:03:10,530 - INFO - Regula po iteracji 0: IF MMIN <= 3,550.00 THEN class = {46.79} [10.62, 82.97], (p=104, n=8, P=110, N=36)
2026-04-14 12:03:10,543 - INFO - Iteracja 1: condition_best: MYCT >= 37.50, quality_best: 0.713, coverage_best: (p=102, n=7, P=110, N=36)
2026-04-14 12:03:10,543 - INFO - Regula po iteracji 1: IF MMIN <= 3,550.00 AND MYCT >= 37.50 THEN class = {46.01} [9.79, 82.22], (p=102, n=7, P=110, N=36)
2026-04-14 12:03:10,556 - INFO - Iteracja 2: condition_best: MMIN >= 80.00, quality_best: 0.707, coverage_best: (p=101, n=7, P=110, N=36)
2026-04-14 12:03:10,556 - INFO - Regula po iteracji 2: IF MMIN <= 3,550.00 AND MYCT >= 37.50 AND MMIN >= 80.00 THEN class = {46.30} [10.04, 82.56], (p=101, n=7, P=110, N=36)
2026-04-14 12:03:10,568 - INFO - Iteracja 3: condition_best: MMIN >= 144.00, quality_best: 0.701, coverage_best: (p=100, n=7, P=110, N=36)
2026-04-14 12:03:10,569 - INFO - Regula po iteracji 3: IF MMIN <= 3,550.00 AND MYCT >= 37.50 AND MMIN >= 80.00 AND MMIN >= 144.00 THEN class = {46.59} [10.29, 82.89], (p=100, n=7, P=110, N=36)
2026-04-14 12:03:10,581 - INFO - Iteracja 4: condition_best: MMIN >= 224.00, quality_best: 0.696, coverage_best: (p=99, n=7, P=110, N=36)
2026-04-14 12:03:10,581 - INFO - Regula po iteracji 4: IF MMIN <= 3,550.00 AND MYCT >= 37.50 AND MMIN >= 80.00 AND MMIN >= 144.00 AND MMIN >= 224.00 THEN class = {46.86} [10.49, 83.22], (p=99, n=7, P=110, N=36)
2026-04-14 12:03:10,581 - INFO - *******STOP GROWING CR RULE*******
2026-04-14 12:03:10,582 - INFO - *******GROWING CR RULE*******
2026-04-14 12:03:10,598 - INFO - Iteracja 0: condition_best: MMAX <= 14,000.00, quality_best: 0.676, coverage_best: (p=88, n=13, P=88, N=58)
2026-04-14 12:03:10,598 - INFO - Regula po iteracji 0: IF MMAX <= 14,000.00 THEN class = {38.45} [15.06, 61.83], (p=88, n=13, P=88, N=58)
2026-04-14 12:03:10,611 - INFO - Iteracja 1: condition_best: MMAX >= 4,250.00, quality_best: 0.764, coverage_best: (p=50, n=3, P=70, N=76)
2026-04-14 12:03:10,611 - INFO - Regula po iteracji 1: IF MMAX <= 14,000.00 AND MMAX >= 4,250.00 THEN class = {50.15} [25.25, 75.06], (p=50, n=3, P=70, N=76)
2026-04-14 12:03:10,620 - INFO - Iteracja 2: condition_best: MYCT <= 250.00, quality_best: 0.758, coverage_best: (p=40, n=1, P=68, N=78)
2026-04-14 12:03:10,620 - INFO - Regula po iteracji 2: IF MMAX <= 14,000.00 AND MMAX >= 4,250.00 AND MYCT <= 250.00 THEN class = {54.78} [28.44, 81.12], (p=40, n=1, P=68, N=78)
2026-04-14 12:03:10,628 - INFO - Iteracja 3: condition_best: MMAX >= 5,500.00, quality_best: 0.764, coverage_best: (p=39, n=1, P=65, N=81)
2026-04-14 12:03:10,628 - INFO - Regula po iteracji 3: IF MMAX <= 14,000.00 AND MMAX >= 4,250.00 AND MYCT <= 250.00 AND MMAX >= 5,500.00 THEN class = {55.42} [29.07, 81.78], (p=39, n=1, P=65, N=81)
2026-04-14 12:03:10,636 - INFO - Iteracja 4: condition_best: CHMAX >= 2.50, quality_best: 0.746, coverage_best: (p=38, n=1, P=67, N=79)
2026-04-14 12:03:10,637 - INFO - Regula po iteracji 4: IF MMAX <= 14,000.00 AND MMAX >= 4,250.00 AND MYCT <= 250.00 AND MMAX >= 5,500.00 AND CHMAX >= 2.50 THEN class = {55.92} [29.42, 82.42], (p=38, n=1, P=67, N=79)
2026-04-14 12:03:10,637 - INFO - *******STOP GROWING CR RULE*******
2026-04-14 12:03:10,637 - INFO - *******GROWING CR RULE*******
2026-04-14 12:03:10,653 - INFO - Iteracja 0: condition_best: MMAX >= 14,000.00, quality_best: 0.645, coverage_best: (p=39, n=6, P=59, N=87)
2026-04-14 12:03:10,653 - INFO - Regula po iteracji 0: IF MMAX >= 14,000.00 THEN class = {181.16} [51.29, 311.03], (p=39, n=6, P=59, N=87)
2026-04-14 12:03:10,660 - INFO - Iteracja 1: condition_best: MYCT >= 44.00, quality_best: 0.796, coverage_best: (p=27, n=1, P=40, N=106)
2026-04-14 12:03:10,660 - INFO - Regula po iteracji 1: IF MMAX >= 14,000.00 AND MYCT >= 44.00 THEN class = {122.21} [62.23, 182.20], (p=27, n=1, P=40, N=106)
2026-04-14 12:03:10,666 - INFO - Iteracja 2: condition_best: MYCT <= 217.50, quality_best: 0.783, coverage_best: (p=26, n=1, P=40, N=106)
2026-04-14 12:03:10,666 - INFO - Regula po iteracji 2: IF MMAX >= 14,000.00 AND MYCT >= 44.00 AND MYCT <= 217.50 THEN class = {124.37} [64.36, 184.38], (p=26, n=1, P=40, N=106)
2026-04-14 12:03:10,671 - INFO - Iteracja 3: condition_best: MYCT <= 182.50, quality_best: 0.777, coverage_best: (p=25, n=1, P=39, N=107)
2026-04-14 12:03:10,671 - INFO - Regula po iteracji 3: IF MMAX >= 14,000.00 AND MYCT >= 44.00 AND MYCT <= 217.50 AND MYCT <= 182.50 THEN class = {126.23} [65.85, 186.61], (p=25, n=1, P=39, N=107)
2026-04-14 12:03:10,676 - INFO - Iteracja 4: condition_best: MYCT <= 160.00, quality_best: 0.772, coverage_best: (p=24, n=1, P=38, N=108)
2026-04-14 12:03:10,676 - INFO - Regula po iteracji 4: IF MMAX >= 14,000.00 AND MYCT >= 44.00 AND MYCT <= 217.50 AND MYCT <= 182.50 AND MYCT <= 160.00 THEN class = {128.24} [67.52, 188.96], (p=24, n=1, P=38, N=108)
2026-04-14 12:03:10,676 - INFO - *******STOP GROWING CR RULE*******
2026-04-14 12:03:10,676 - INFO - *******GROWING CR RULE*******
2026-04-14 12:03:10,692 - INFO - Iteracja 0: condition_best: MMAX >= 14,000.00, quality_best: 0.645, coverage_best: (p=39, n=6, P=59, N=87)
2026-04-14 12:03:10,692 - INFO - Regula po iteracji 0: IF MMAX >= 14,000.00 THEN class = {181.16} [51.29, 311.03], (p=39, n=6, P=59, N=87)
2026-04-14 12:03:10,699 - INFO - Iteracja 1: condition_best: CHMIN >= 4.50, quality_best: 0.761, coverage_best: (p=23, n=2, P=33, N=113)
2026-04-14 12:03:10,699 - INFO - Regula po iteracji 1: IF MMAX >= 14,000.00 AND CHMIN >= 4.50 THEN class = {238.52} [94.87, 382.17], (p=23, n=2, P=33, N=113)
2026-04-14 12:03:10,703 - INFO - Iteracja 2: condition_best: MYCT <= 68.00, quality_best: 0.754, coverage_best: (p=22, n=2, P=32, N=114)
2026-04-14 12:03:10,703 - INFO - Regula po iteracji 2: IF MMAX >= 14,000.00 AND CHMIN >= 4.50 AND MYCT <= 68.00 THEN class = {243.46} [98.94, 387.98], (p=22, n=2, P=32, N=114)
2026-04-14 12:03:10,707 - INFO - Iteracja 3: condition_best: CHMIN <= 38.00, quality_best: 0.726, coverage_best: (p=21, n=2, P=33, N=113)
2026-04-14 12:03:10,707 - INFO - Regula po iteracji 3: IF MMAX >= 14,000.00 AND CHMIN >= 4.50 AND MYCT <= 68.00 AND CHMIN <= 38.00 THEN class = {238.39} [92.86, 383.92], (p=21, n=2, P=33, N=113)
2026-04-14 12:03:10,712 - INFO - Iteracja 4: condition_best: MYCT <= 62.00, quality_best: 0.718, coverage_best: (p=20, n=2, P=32, N=114)
2026-04-14 12:03:10,712 - INFO - Regula po iteracji 4: IF MMAX >= 14,000.00 AND CHMIN >= 4.50 AND MYCT <= 68.00 AND CHMIN <= 38.00 AND MYCT <= 62.00 THEN class = {243.05} [95.93, 390.16], (p=20, n=2, P=32, N=114)
2026-04-14 12:03:10,712 - INFO - *******STOP GROWING CR RULE*******
2026-04-14 12:03:10,712 - INFO - *******GROWING CR RULE*******
2026-04-14 12:03:10,728 - INFO - Iteracja 0: condition_best: MMIN <= 144.00, quality_best: 1.0, coverage_best: (p=2, n=0, P=2, N=144)
2026-04-14 12:03:10,728 - INFO - Regula po iteracji 0: IF MMIN <= 144.00 THEN class = {15.00} [15.00, 15.00], (p=2, n=0, P=2, N=144)
2026-04-14 12:03:10,729 - INFO - Iteracja 1: condition_best: vendor = {bti}, quality_best: 0.75, coverage_best: (p=1, n=0, P=2, N=144)
2026-04-14 12:03:10,729 - INFO - Regula po iteracji 1: IF MMIN <= 144.00 AND vendor = {bti} THEN class = {15.00} [15.00, 15.00], (p=1, n=0, P=2, N=144)
2026-04-14 12:03:10,729 - INFO - Iteracja 2: condition_best: None, quality_best: -inf, coverage_best: (p=0, n=0, P=0, N=0)
2026-04-14 12:03:10,729 - INFO - Regula po iteracji 2: IF MMIN <= 144.00 AND vendor = {bti} THEN class = {15.00} [15.00, 15.00], (p=1, n=0, P=2, N=144)
2026-04-14 12:03:10,729 - INFO - *******STOP GROWING CR RULE*******
2026-04-14 12:03:10,737 - INFO - ************************Finished experiment for cpu.arff with algorithm_rer************************
2026-04-14 12:03:10,738 - INFO - *************************************************************************************************************************
2026-04-14 12:03:10,738 - INFO - *************************************************************************************************************************
2026-04-14 12:03:10,738 - INFO - *************************************************************************************************************************
2026-04-14 12:03:10,738 - INFO - **********Starting experiment for cpu.arff with algorithm_rer_with_exceptions**********
2026-04-14 12:03:10,743 - INFO - *******GROWING CR RULE*******
2026-04-14 12:03:10,769 - INFO - Iteracja 0: condition_best: MMAX <= 5,500.00, quality_best: 0.874, coverage_best: (p=51, n=1, P=63, N=83)
2026-04-14 12:03:10,769 - INFO - Regula po iteracji 0: IF MMAX <= 5,500.00 THEN class = {25.71} [14.01, 37.41], (p=51, n=1, P=63, N=83)
2026-04-14 12:03:10,769 - INFO - *****GROWING RR RULE*****
2026-04-14 12:03:10,800 - INFO - Iteracja 0: condition_best: None, quality_best: -inf, coverage_best: (p=0, n=0, P=0, N=0), p_value: 0
2026-04-14 12:03:10,800 - INFO - Regula po iteracji 0: IF  THEN class = {82.43} [-17.16, 182.03], (p=131, n=15, P=131, N=15)
2026-04-14 12:03:10,800 - INFO - *****STOP GROWING RR RULE*****
2026-04-14 12:03:10,800 - INFO - ***RR NOT FOUND***
2026-04-14 12:03:10,809 - INFO - Iteracja 1: condition_best: MMIN >= 80.00, quality_best: 0.866, coverage_best: (p=50, n=1, P=63, N=83)
2026-04-14 12:03:10,809 - INFO - Regula po iteracji 1: IF MMAX <= 5,500.00 AND MMIN >= 80.00 THEN class = {25.92} [14.21, 37.64], (p=50, n=1, P=63, N=83)
2026-04-14 12:03:10,810 - INFO - *****GROWING RR RULE*****
2026-04-14 12:03:10,841 - INFO - Iteracja 0: condition_best: None, quality_best: -inf, coverage_best: (p=0, n=0, P=0, N=0), p_value: 0
2026-04-14 12:03:10,841 - INFO - Regula po iteracji 0: IF  THEN class = {82.43} [-17.16, 182.03], (p=131, n=15, P=131, N=15)
2026-04-14 12:03:10,841 - INFO - *****STOP GROWING RR RULE*****
2026-04-14 12:03:10,841 - INFO - ***RR NOT FOUND***
2026-04-14 12:03:10,849 - INFO - Iteracja 2: condition_best: MMIN >= 144.00, quality_best: 0.858, coverage_best: (p=49, n=1, P=63, N=83)
2026-04-14 12:03:10,849 - INFO - Regula po iteracji 2: IF MMAX <= 5,500.00 AND MMIN >= 80.00 AND MMIN >= 144.00 THEN class = {26.14} [14.41, 37.87], (p=49, n=1, P=63, N=83)
2026-04-14 12:03:10,850 - INFO - *****GROWING RR RULE*****
2026-04-14 12:03:10,881 - INFO - Iteracja 0: condition_best: None, quality_best: -inf, coverage_best: (p=0, n=0, P=0, N=0), p_value: 0
2026-04-14 12:03:10,881 - INFO - Regula po iteracji 0: IF  THEN class = {82.43} [-17.16, 182.03], (p=131, n=15, P=131, N=15)
2026-04-14 12:03:10,881 - INFO - *****STOP GROWING RR RULE*****
2026-04-14 12:03:10,881 - INFO - ***RR NOT FOUND***
2026-04-14 12:03:10,889 - INFO - Iteracja 3: condition_best: CHMAX <= 96.00, quality_best: 0.849, coverage_best: (p=48, n=1, P=63, N=83)
2026-04-14 12:03:10,889 - INFO - Regula po iteracji 3: IF MMAX <= 5,500.00 AND MMIN >= 80.00 AND MMIN >= 144.00 AND CHMAX <= 96.00 THEN class = {26.00} [14.19, 37.81], (p=48, n=1, P=63, N=83)
2026-04-14 12:03:10,890 - INFO - *****GROWING RR RULE*****
2026-04-14 12:03:10,921 - INFO - Iteracja 0: condition_best: None, quality_best: -inf, coverage_best: (p=0, n=0, P=0, N=0), p_value: 0
2026-04-14 12:03:10,921 - INFO - Regula po iteracji 0: IF  THEN class = {82.43} [-17.16, 182.03], (p=131, n=15, P=131, N=15)
2026-04-14 12:03:10,921 - INFO - *****STOP GROWING RR RULE*****
2026-04-14 12:03:10,921 - INFO - ***RR NOT FOUND***
2026-04-14 12:03:10,929 - INFO - Iteracja 4: condition_best: CHMAX <= 48.00, quality_best: 0.841, coverage_best: (p=47, n=1, P=63, N=83)
2026-04-14 12:03:10,930 - INFO - Regula po iteracji 4: IF MMAX <= 5,500.00 AND MMIN >= 80.00 AND MMIN >= 144.00 AND CHMAX <= 96.00 AND CHMAX <= 48.00 THEN class = {25.92} [14.00, 37.83], (p=47, n=1, P=63, N=83)
2026-04-14 12:03:10,930 - INFO - *****GROWING RR RULE*****
2026-04-14 12:03:10,961 - INFO - Iteracja 0: condition_best: None, quality_best: -inf, coverage_best: (p=0, n=0, P=0, N=0), p_value: 0
2026-04-14 12:03:10,961 - INFO - Regula po iteracji 0: IF  THEN class = {82.43} [-17.16, 182.03], (p=131, n=15, P=131, N=15)
2026-04-14 12:03:10,961 - INFO - *****STOP GROWING RR RULE*****
2026-04-14 12:03:10,961 - INFO - ***RR NOT FOUND***
2026-04-14 12:03:10,961 - INFO - *******STOP GROWING CR RULE*******
2026-04-14 12:03:10,962 - INFO - *******GROWING CR RULE*******
2026-04-14 12:03:10,980 - INFO - Iteracja 0: condition_best: MMAX <= 9,240.00, quality_best: 0.845, coverage_best: (p=86, n=5, P=89, N=57)
2026-04-14 12:03:10,980 - INFO - Regula po iteracji 0: IF MMAX <= 9,240.00 THEN class = {35.65} [12.90, 58.40], (p=86, n=5, P=89, N=57)
2026-04-14 12:03:10,980 - INFO - *****GROWING RR RULE*****
2026-04-14 12:03:11,011 - INFO - Iteracja 0: condition_best: None, quality_best: -inf, coverage_best: (p=0, n=0, P=0, N=0), p_value: 0
2026-04-14 12:03:11,011 - INFO - Regula po iteracji 0: IF  THEN class = {82.43} [-17.16, 182.03], (p=131, n=15, P=131, N=15)
2026-04-14 12:03:11,011 - INFO - *****STOP GROWING RR RULE*****
2026-04-14 12:03:11,011 - INFO - ***RR NOT FOUND***
2026-04-14 12:03:11,024 - INFO - Iteracja 1: condition_best: MMIN <= 3,550.00, quality_best: 0.865, coverage_best: (p=85, n=4, P=89, N=57)
2026-04-14 12:03:11,024 - INFO - Regula po iteracji 1: IF MMAX <= 9,240.00 AND MMIN <= 3,550.00 THEN class = {35.04} [12.55, 57.54], (p=85, n=4, P=89, N=57)
2026-04-14 12:03:11,024 - INFO - *****GROWING RR RULE*****
2026-04-14 12:03:11,055 - INFO - Iteracja 0: condition_best: None, quality_best: -inf, coverage_best: (p=0, n=0, P=0, N=0), p_value: 0
2026-04-14 12:03:11,055 - INFO - Regula po iteracji 0: IF  THEN class = {82.43} [-17.16, 182.03], (p=131, n=15, P=131, N=15)
2026-04-14 12:03:11,055 - INFO - *****STOP GROWING RR RULE*****
2026-04-14 12:03:11,056 - INFO - ***RR NOT FOUND***
2026-04-14 12:03:11,068 - INFO - Iteracja 2: condition_best: MMIN >= 80.00, quality_best: 0.859, coverage_best: (p=84, n=4, P=89, N=57)
2026-04-14 12:03:11,068 - INFO - Regula po iteracji 2: IF MMAX <= 9,240.00 AND MMIN <= 3,550.00 AND MMIN >= 80.00 THEN class = {35.27} [12.76, 57.79], (p=84, n=4, P=89, N=57)
2026-04-14 12:03:11,068 - INFO - *****GROWING RR RULE*****
2026-04-14 12:03:11,099 - INFO - Iteracja 0: condition_best: None, quality_best: -inf, coverage_best: (p=0, n=0, P=0, N=0), p_value: 0
2026-04-14 12:03:11,099 - INFO - Regula po iteracji 0: IF  THEN class = {82.43} [-17.16, 182.03], (p=131, n=15, P=131, N=15)
2026-04-14 12:03:11,099 - INFO - *****STOP GROWING RR RULE*****
2026-04-14 12:03:11,099 - INFO - ***RR NOT FOUND***
2026-04-14 12:03:11,111 - INFO - Iteracja 3: condition_best: MMIN >= 144.00, quality_best: 0.852, coverage_best: (p=83, n=4, P=89, N=57)
2026-04-14 12:03:11,111 - INFO - Regula po iteracji 3: IF MMAX <= 9,240.00 AND MMIN <= 3,550.00 AND MMIN >= 80.00 AND MMIN >= 144.00 THEN class = {35.51} [12.97, 58.05], (p=83, n=4, P=89, N=57)
2026-04-14 12:03:11,111 - INFO - *****GROWING RR RULE*****
2026-04-14 12:03:11,142 - INFO - Iteracja 0: condition_best: None, quality_best: -inf, coverage_best: (p=0, n=0, P=0, N=0), p_value: 0
2026-04-14 12:03:11,142 - INFO - Regula po iteracji 0: IF  THEN class = {82.43} [-17.16, 182.03], (p=131, n=15, P=131, N=15)
2026-04-14 12:03:11,143 - INFO - *****STOP GROWING RR RULE*****
2026-04-14 12:03:11,143 - INFO - ***RR NOT FOUND***
2026-04-14 12:03:11,154 - INFO - Iteracja 4: condition_best: MYCT >= 37.50, quality_best: 0.853, coverage_best: (p=82, n=4, P=88, N=58)
2026-04-14 12:03:11,155 - INFO - Regula po iteracji 4: IF MMAX <= 9,240.00 AND MMIN <= 3,550.00 AND MMIN >= 80.00 AND MMIN >= 144.00 AND MYCT >= 37.50 THEN class = {34.73} [13.24, 56.23], (p=82, n=4, P=88, N=58)
2026-04-14 12:03:11,155 - INFO - *****GROWING RR RULE*****
2026-04-14 12:03:11,186 - INFO - Iteracja 0: condition_best: None, quality_best: -inf, coverage_best: (p=0, n=0, P=0, N=0), p_value: 0
2026-04-14 12:03:11,186 - INFO - Regula po iteracji 0: IF  THEN class = {82.43} [-17.16, 182.03], (p=131, n=15, P=131, N=15)
2026-04-14 12:03:11,186 - INFO - *****STOP GROWING RR RULE*****
2026-04-14 12:03:11,186 - INFO - ***RR NOT FOUND***
2026-04-14 12:03:11,186 - INFO - *******STOP GROWING CR RULE*******
2026-04-14 12:03:11,187 - INFO - *******GROWING CR RULE*******
2026-04-14 12:03:11,204 - INFO - Iteracja 0: condition_best: MMAX >= 28,000.00, quality_best: 0.802, coverage_best: (p=14, n=1, P=19, N=127)
2026-04-14 12:03:11,204 - INFO - Regula po iteracji 0: IF MMAX >= 28,000.00 THEN class = {312.87} [170.27, 455.46], (p=14, n=1, P=19, N=127)
2026-04-14 12:03:11,204 - INFO - *****GROWING RR RULE*****
2026-04-14 12:03:11,239 - INFO - Iteracja 0: condition_best: None, quality_best: -inf, coverage_best: (p=0, n=0, P=0, N=0), p_value: 0
2026-04-14 12:03:11,239 - INFO - Regula po iteracji 0: IF  THEN class = {82.43} [-17.16, 182.03], (p=131, n=15, P=131, N=15)
2026-04-14 12:03:11,239 - INFO - *****STOP GROWING RR RULE*****
2026-04-14 12:03:11,239 - INFO - ***RR NOT FOUND***
2026-04-14 12:03:11,242 - INFO - Iteracja 1: condition_best: MMIN >= 3,000.00, quality_best: 0.861, coverage_best: (p=10, n=1, P=11, N=135)
2026-04-14 12:03:11,242 - INFO - Regula po iteracji 1: IF MMAX >= 28,000.00 AND MMIN >= 3,000.00 THEN class = {361.27} [223.66, 498.88], (p=10, n=1, P=11, N=135)
2026-04-14 12:03:11,243 - INFO - *****GROWING RR RULE*****
2026-04-14 12:03:11,276 - INFO - Iteracja 0: condition_best: None, quality_best: -inf, coverage_best: (p=0, n=0, P=0, N=0), p_value: 0
2026-04-14 12:03:11,276 - INFO - Regula po iteracji 0: IF  THEN class = {82.43} [-17.16, 182.03], (p=131, n=15, P=131, N=15)
2026-04-14 12:03:11,276 - INFO - *****STOP GROWING RR RULE*****
2026-04-14 12:03:11,276 - INFO - ***RR NOT FOUND***
2026-04-14 12:03:11,278 - INFO - Iteracja 2: condition_best: CHMIN >= 12.00, quality_best: 0.827, coverage_best: (p=5, n=1, P=5, N=141)
2026-04-14 12:03:11,278 - INFO - Regula po iteracji 2: IF MMAX >= 28,000.00 AND MMIN >= 3,000.00 AND CHMIN >= 12.00 THEN class = {446.50} [309.78, 583.22], (p=5, n=1, P=5, N=141)
2026-04-14 12:03:11,278 - INFO - *****GROWING RR RULE*****
2026-04-14 12:03:11,310 - INFO - Iteracja 0: condition_best: None, quality_best: -inf, coverage_best: (p=0, n=0, P=0, N=0), p_value: 0
2026-04-14 12:03:11,310 - INFO - Regula po iteracji 0: IF  THEN class = {82.43} [-17.16, 182.03], (p=131, n=15, P=131, N=15)
2026-04-14 12:03:11,310 - INFO - *****STOP GROWING RR RULE*****
2026-04-14 12:03:11,310 - INFO - ***RR NOT FOUND***
2026-04-14 12:03:11,311 - INFO - Iteracja 3: condition_best: MYCT <= 44.00, quality_best: 0.714, coverage_best: (p=4, n=1, P=5, N=141)
2026-04-14 12:03:11,312 - INFO - Regula po iteracji 3: IF MMAX >= 28,000.00 AND MMIN >= 3,000.00 AND CHMIN >= 12.00 AND MYCT <= 44.00 THEN class = {463.80} [320.15, 607.45], (p=4, n=1, P=5, N=141)
2026-04-14 12:03:11,312 - INFO - *****GROWING RR RULE*****
2026-04-14 12:03:11,343 - INFO - Iteracja 0: condition_best: None, quality_best: -inf, coverage_best: (p=0, n=0, P=0, N=0), p_value: 0
2026-04-14 12:03:11,343 - INFO - Regula po iteracji 0: IF  THEN class = {82.43} [-17.16, 182.03], (p=131, n=15, P=131, N=15)
2026-04-14 12:03:11,343 - INFO - *****STOP GROWING RR RULE*****
2026-04-14 12:03:11,343 - INFO - ***RR NOT FOUND***
2026-04-14 12:03:11,345 - INFO - Iteracja 4: condition_best: None, quality_best: -inf, coverage_best: (p=0, n=0, P=0, N=0)
2026-04-14 12:03:11,345 - INFO - Regula po iteracji 4: IF MMAX >= 28,000.00 AND MMIN >= 3,000.00 AND CHMIN >= 12.00 AND MYCT <= 44.00 THEN class = {463.80} [320.15, 607.45], (p=4, n=1, P=5, N=141)
2026-04-14 12:03:11,345 - INFO - *******STOP GROWING CR RULE*******
2026-04-14 12:03:11,345 - INFO - *******GROWING CR RULE*******
2026-04-14 12:03:11,362 - INFO - Iteracja 0: condition_best: MMAX >= 28,000.00, quality_best: 0.802, coverage_best: (p=14, n=1, P=19, N=127)
2026-04-14 12:03:11,362 - INFO - Regula po iteracji 0: IF MMAX >= 28,000.00 THEN class = {312.87} [170.27, 455.46], (p=14, n=1, P=19, N=127)
2026-04-14 12:03:11,362 - INFO - *****GROWING RR RULE*****
2026-04-14 12:03:11,397 - INFO - Iteracja 0: condition_best: None, quality_best: -inf, coverage_best: (p=0, n=0, P=0, N=0), p_value: 0
2026-04-14 12:03:11,397 - INFO - Regula po iteracji 0: IF  THEN class = {82.43} [-17.16, 182.03], (p=131, n=15, P=131, N=15)
2026-04-14 12:03:11,397 - INFO - *****STOP GROWING RR RULE*****
2026-04-14 12:03:11,397 - INFO - ***RR NOT FOUND***
2026-04-14 12:03:11,400 - INFO - Iteracja 1: condition_best: MMIN >= 3,000.00, quality_best: 0.861, coverage_best: (p=10, n=1, P=11, N=135)
2026-04-14 12:03:11,400 - INFO - Regula po iteracji 1: IF MMAX >= 28,000.00 AND MMIN >= 3,000.00 THEN class = {361.27} [223.66, 498.88], (p=10, n=1, P=11, N=135)
2026-04-14 12:03:11,400 - INFO - *****GROWING RR RULE*****
2026-04-14 12:03:11,433 - INFO - Iteracja 0: condition_best: None, quality_best: -inf, coverage_best: (p=0, n=0, P=0, N=0), p_value: 0
2026-04-14 12:03:11,434 - INFO - Regula po iteracji 0: IF  THEN class = {82.43} [-17.16, 182.03], (p=131, n=15, P=131, N=15)
2026-04-14 12:03:11,434 - INFO - *****STOP GROWING RR RULE*****
2026-04-14 12:03:11,434 - INFO - ***RR NOT FOUND***
2026-04-14 12:03:11,436 - INFO - Iteracja 2: condition_best: MYCT <= 45.00, quality_best: 0.811, coverage_best: (p=9, n=1, P=11, N=135)
2026-04-14 12:03:11,436 - INFO - Regula po iteracji 2: IF MMAX >= 28,000.00 AND MMIN >= 3,000.00 AND MYCT <= 45.00 THEN class = {361.40} [217.07, 505.73], (p=9, n=1, P=11, N=135)
2026-04-14 12:03:11,436 - INFO - *****GROWING RR RULE*****
2026-04-14 12:03:11,467 - INFO - Iteracja 0: condition_best: None, quality_best: -inf, coverage_best: (p=0, n=0, P=0, N=0), p_value: 0
2026-04-14 12:03:11,468 - INFO - Regula po iteracji 0: IF  THEN class = {82.43} [-17.16, 182.03], (p=131, n=15, P=131, N=15)
2026-04-14 12:03:11,468 - INFO - *****STOP GROWING RR RULE*****
2026-04-14 12:03:11,468 - INFO - ***RR NOT FOUND***
2026-04-14 12:03:11,469 - INFO - Iteracja 3: condition_best: CHMIN <= 12.00, quality_best: 0.794, coverage_best: (p=4, n=1, P=4, N=142)
2026-04-14 12:03:11,469 - INFO - Regula po iteracji 3: IF MMAX >= 28,000.00 AND MMIN >= 3,000.00 AND MYCT <= 45.00 AND CHMIN <= 12.00 THEN class = {259.00} [251.54, 266.46], (p=4, n=1, P=4, N=142)
2026-04-14 12:03:11,470 - INFO - *****GROWING RR RULE*****
2026-04-14 12:03:11,501 - INFO - Iteracja 0: condition_best: None, quality_best: -inf, coverage_best: (p=0, n=0, P=0, N=0), p_value: 0
2026-04-14 12:03:11,501 - INFO - Regula po iteracji 0: IF  THEN class = {82.43} [-17.16, 182.03], (p=131, n=15, P=131, N=15)
2026-04-14 12:03:11,501 - INFO - *****STOP GROWING RR RULE*****
2026-04-14 12:03:11,501 - INFO - ***RR NOT FOUND***
2026-04-14 12:03:11,502 - INFO - Iteracja 4: condition_best: None, quality_best: -inf, coverage_best: (p=0, n=0, P=0, N=0)
2026-04-14 12:03:11,502 - INFO - Regula po iteracji 4: IF MMAX >= 28,000.00 AND MMIN >= 3,000.00 AND MYCT <= 45.00 AND CHMIN <= 12.00 THEN class = {259.00} [251.54, 266.46], (p=4, n=1, P=4, N=142)
2026-04-14 12:03:11,502 - INFO - *******STOP GROWING CR RULE*******
2026-04-14 12:03:11,503 - INFO - *******GROWING CR RULE*******
2026-04-14 12:03:11,520 - INFO - Iteracja 0: condition_best: MMAX >= 28,000.00, quality_best: 0.802, coverage_best: (p=14, n=1, P=19, N=127)
2026-04-14 12:03:11,520 - INFO - Regula po iteracji 0: IF MMAX >= 28,000.00 THEN class = {312.87} [170.27, 455.46], (p=14, n=1, P=19, N=127)
2026-04-14 12:03:11,520 - INFO - *****GROWING RR RULE*****
2026-04-14 12:03:11,555 - INFO - Iteracja 0: condition_best: None, quality_best: -inf, coverage_best: (p=0, n=0, P=0, N=0), p_value: 0
2026-04-14 12:03:11,555 - INFO - Regula po iteracji 0: IF  THEN class = {82.43} [-17.16, 182.03], (p=131, n=15, P=131, N=15)
2026-04-14 12:03:11,555 - INFO - *****STOP GROWING RR RULE*****
2026-04-14 12:03:11,555 - INFO - ***RR NOT FOUND***
2026-04-14 12:03:11,558 - INFO - Iteracja 1: condition_best: CACH <= 120.00, quality_best: 0.729, coverage_best: (p=12, n=1, P=20, N=126)
2026-04-14 12:03:11,558 - INFO - Regula po iteracji 1: IF MMAX >= 28,000.00 AND CACH <= 120.00 THEN class = {298.85} [150.82, 446.87], (p=12, n=1, P=20, N=126)
2026-04-14 12:03:11,558 - INFO - *****GROWING RR RULE*****
2026-04-14 12:03:11,595 - INFO - Iteracja 0: condition_best: CHMIN >= 10.00, quality_best: 0.588, coverage_best: (p=15, n=1, P=50, N=96), p_value: 4
2026-04-14 12:03:11,595 - INFO - Regula po iteracji 0: IF CHMIN >= 10.00 THEN class = {82.43} [-17.16, 182.03], (p=15, n=1, P=50, N=96)
2026-04-14 12:03:11,602 - INFO - Iteracja 1: condition_best: None, quality_best: -inf, coverage_best: (p=0, n=0, P=0, N=0), p_value: 4
2026-04-14 12:03:11,603 - INFO - Regula po iteracji 1: IF CHMIN >= 10.00 THEN class = {249.50} [71.88, 427.12], (p=15, n=1, P=50, N=96)
2026-04-14 12:03:11,603 - INFO - *****STOP GROWING RR RULE*****
2026-04-14 12:03:11,603 - INFO - ***RR FOUND***
2026-04-14 12:03:11,603 - INFO - Reference rule: IF CHMIN >= 10.00 THEN class = {249.50} [71.88, 427.12]
2026-04-14 12:03:11,603 - INFO - ***CHECKING EXCEPTION***
2026-04-14 12:03:11,604 - INFO - *******STOP GROWING CR RULE*******
2026-04-14 12:03:11,605 - INFO - *******GROWING CR RULE*******
2026-04-14 12:03:11,622 - INFO - Iteracja 0: condition_best: MMAX <= 11,240.00, quality_best: 0.786, coverage_best: (p=86, n=7, P=90, N=56)
2026-04-14 12:03:11,622 - INFO - Regula po iteracji 0: IF MMAX <= 11,240.00 THEN class = {36.47} [13.29, 59.66], (p=86, n=7, P=90, N=56)
2026-04-14 12:03:11,622 - INFO - *****GROWING RR RULE*****
2026-04-14 12:03:11,653 - INFO - Iteracja 0: condition_best: None, quality_best: -inf, coverage_best: (p=0, n=0, P=0, N=0), p_value: 0
2026-04-14 12:03:11,653 - INFO - Regula po iteracji 0: IF  THEN class = {82.43} [-17.16, 182.03], (p=131, n=15, P=131, N=15)
2026-04-14 12:03:11,653 - INFO - *****STOP GROWING RR RULE*****
2026-04-14 12:03:11,653 - INFO - ***RR NOT FOUND***
2026-04-14 12:03:11,665 - INFO - Iteracja 1: condition_best: MYCT >= 44.00, quality_best: 0.845, coverage_best: (p=86, n=5, P=89, N=57)
2026-04-14 12:03:11,665 - INFO - Regula po iteracji 1: IF MMAX <= 11,240.00 AND MYCT >= 44.00 THEN class = {35.27} [13.37, 57.18], (p=86, n=5, P=89, N=57)
2026-04-14 12:03:11,665 - INFO - *****GROWING RR RULE*****
2026-04-14 12:03:11,696 - INFO - Iteracja 0: condition_best: None, quality_best: -inf, coverage_best: (p=0, n=0, P=0, N=0), p_value: 0
2026-04-14 12:03:11,696 - INFO - Regula po iteracji 0: IF  THEN class = {82.43} [-17.16, 182.03], (p=131, n=15, P=131, N=15)
2026-04-14 12:03:11,697 - INFO - *****STOP GROWING RR RULE*****
2026-04-14 12:03:11,697 - INFO - ***RR NOT FOUND***
2026-04-14 12:03:11,708 - INFO - Iteracja 2: condition_best: MYCT <= 1,300.00, quality_best: 0.832, coverage_best: (p=84, n=5, P=89, N=57)
2026-04-14 12:03:11,709 - INFO - Regula po iteracji 2: IF MMAX <= 11,240.00 AND MYCT >= 44.00 AND MYCT <= 1,300.00 THEN class = {35.64} [13.63, 57.65], (p=84, n=5, P=89, N=57)
2026-04-14 12:03:11,709 - INFO - *****GROWING RR RULE*****
2026-04-14 12:03:11,740 - INFO - Iteracja 0: condition_best: None, quality_best: -inf, coverage_best: (p=0, n=0, P=0, N=0), p_value: 0
2026-04-14 12:03:11,740 - INFO - Regula po iteracji 0: IF  THEN class = {82.43} [-17.16, 182.03], (p=131, n=15, P=131, N=15)
2026-04-14 12:03:11,740 - INFO - *****STOP GROWING RR RULE*****
2026-04-14 12:03:11,740 - INFO - ***RR NOT FOUND***
2026-04-14 12:03:11,752 - INFO - Iteracja 3: condition_best: MYCT <= 1,000.00, quality_best: 0.819, coverage_best: (p=82, n=5, P=89, N=57)
2026-04-14 12:03:11,752 - INFO - Regula po iteracji 3: IF MMAX <= 11,240.00 AND MYCT >= 44.00 AND MYCT <= 1,300.00 AND MYCT <= 1,000.00 THEN class = {36.02} [13.91, 58.14], (p=82, n=5, P=89, N=57)
2026-04-14 12:03:11,752 - INFO - *****GROWING RR RULE*****
2026-04-14 12:03:11,783 - INFO - Iteracja 0: condition_best: None, quality_best: -inf, coverage_best: (p=0, n=0, P=0, N=0), p_value: 0
2026-04-14 12:03:11,783 - INFO - Regula po iteracji 0: IF  THEN class = {82.43} [-17.16, 182.03], (p=131, n=15, P=131, N=15)
2026-04-14 12:03:11,783 - INFO - *****STOP GROWING RR RULE*****
2026-04-14 12:03:11,783 - INFO - ***RR NOT FOUND***
2026-04-14 12:03:11,795 - INFO - Iteracja 4: condition_best: CHMIN >= 0.50, quality_best: 0.806, coverage_best: (p=80, n=5, P=89, N=57)
2026-04-14 12:03:11,795 - INFO - Regula po iteracji 4: IF MMAX <= 11,240.00 AND MYCT >= 44.00 AND MYCT <= 1,300.00 AND MYCT <= 1,000.00 AND CHMIN >= 0.50 THEN class = {36.34} [14.07, 58.61], (p=80, n=5, P=89, N=57)
2026-04-14 12:03:11,795 - INFO - *****GROWING RR RULE*****
2026-04-14 12:03:11,826 - INFO - Iteracja 0: condition_best: None, quality_best: -inf, coverage_best: (p=0, n=0, P=0, N=0), p_value: 0
2026-04-14 12:03:11,826 - INFO - Regula po iteracji 0: IF  THEN class = {82.43} [-17.16, 182.03], (p=131, n=15, P=131, N=15)
2026-04-14 12:03:11,826 - INFO - *****STOP GROWING RR RULE*****
2026-04-14 12:03:11,826 - INFO - ***RR NOT FOUND***
2026-04-14 12:03:11,826 - INFO - *******STOP GROWING CR RULE*******
2026-04-14 12:03:11,827 - INFO - *******GROWING CR RULE*******
2026-04-14 12:03:11,843 - INFO - Iteracja 0: condition_best: MMAX >= 18,485.00, quality_best: 0.774, coverage_best: (p=18, n=3, P=21, N=125)
2026-04-14 12:03:11,843 - INFO - Regula po iteracji 0: IF MMAX >= 18,485.00 THEN class = {273.95} [136.07, 411.84], (p=18, n=3, P=21, N=125)
2026-04-14 12:03:11,844 - INFO - *****GROWING RR RULE*****
2026-04-14 12:03:11,876 - INFO - Iteracja 0: condition_best: None, quality_best: -inf, coverage_best: (p=0, n=0, P=0, N=0), p_value: 0
2026-04-14 12:03:11,876 - INFO - Regula po iteracji 0: IF  THEN class = {82.43} [-17.16, 182.03], (p=131, n=15, P=131, N=15)
2026-04-14 12:03:11,876 - INFO - *****STOP GROWING RR RULE*****
2026-04-14 12:03:11,876 - INFO - ***RR NOT FOUND***
2026-04-14 12:03:11,881 - INFO - Iteracja 1: condition_best: CACH <= 144.00, quality_best: 0.802, coverage_best: (p=18, n=2, P=22, N=124)
2026-04-14 12:03:11,881 - INFO - Regula po iteracji 1: IF MMAX >= 18,485.00 AND CACH <= 144.00 THEN class = {273.60} [132.32, 414.88], (p=18, n=2, P=22, N=124)
2026-04-14 12:03:11,881 - INFO - *****GROWING RR RULE*****
2026-04-14 12:03:11,914 - INFO - Iteracja 0: condition_best: None, quality_best: -inf, coverage_best: (p=0, n=0, P=0, N=0), p_value: 0
2026-04-14 12:03:11,914 - INFO - Regula po iteracji 0: IF  THEN class = {82.43} [-17.16, 182.03], (p=131, n=15, P=131, N=15)
2026-04-14 12:03:11,914 - INFO - *****STOP GROWING RR RULE*****
2026-04-14 12:03:11,914 - INFO - ***RR NOT FOUND***
2026-04-14 12:03:11,918 - INFO - Iteracja 2: condition_best: CACH <= 120.00, quality_best: 0.784, coverage_best: (p=17, n=1, P=25, N=121)
2026-04-14 12:03:11,918 - INFO - Regula po iteracji 2: IF MMAX >= 18,485.00 AND CACH <= 144.00 AND CACH <= 120.00 THEN class = {259.11} [117.60, 400.62], (p=17, n=1, P=25, N=121)
2026-04-14 12:03:11,918 - INFO - *****GROWING RR RULE*****
2026-04-14 12:03:11,951 - INFO - Iteracja 0: condition_best: None, quality_best: -inf, coverage_best: (p=0, n=0, P=0, N=0), p_value: 0
2026-04-14 12:03:11,951 - INFO - Regula po iteracji 0: IF  THEN class = {82.43} [-17.16, 182.03], (p=131, n=15, P=131, N=15)
2026-04-14 12:03:11,951 - INFO - *****STOP GROWING RR RULE*****
2026-04-14 12:03:11,951 - INFO - ***RR NOT FOUND***
2026-04-14 12:03:11,955 - INFO - Iteracja 3: condition_best: CACH >= 27.00, quality_best: 0.762, coverage_best: (p=16, n=1, P=25, N=121)
2026-04-14 12:03:11,955 - INFO - Regula po iteracji 3: IF MMAX >= 18,485.00 AND CACH <= 144.00 AND CACH <= 120.00 AND CACH >= 27.00 THEN class = {263.65} [119.31, 407.98], (p=16, n=1, P=25, N=121)
2026-04-14 12:03:11,955 - INFO - *****GROWING RR RULE*****
2026-04-14 12:03:11,988 - INFO - Iteracja 0: condition_best: None, quality_best: -inf, coverage_best: (p=0, n=0, P=0, N=0), p_value: 0
2026-04-14 12:03:11,988 - INFO - Regula po iteracji 0: IF  THEN class = {82.43} [-17.16, 182.03], (p=131, n=15, P=131, N=15)
2026-04-14 12:03:11,988 - INFO - *****STOP GROWING RR RULE*****
2026-04-14 12:03:11,988 - INFO - ***RR NOT FOUND***
2026-04-14 12:03:11,992 - INFO - Iteracja 4: condition_best: MYCT <= 102.00, quality_best: 0.705, coverage_best: (p=13, n=1, P=24, N=122)
2026-04-14 12:03:11,992 - INFO - Regula po iteracji 4: IF MMAX >= 18,485.00 AND CACH <= 144.00 AND CACH <= 120.00 AND CACH >= 27.00 AND MYCT <= 102.00 THEN class = {281.79} [128.71, 434.86], (p=13, n=1, P=24, N=122)
2026-04-14 12:03:11,992 - INFO - *****GROWING RR RULE*****
2026-04-14 12:03:12,025 - INFO - Iteracja 0: condition_best: None, quality_best: -inf, coverage_best: (p=0, n=0, P=0, N=0), p_value: 0
2026-04-14 12:03:12,025 - INFO - Regula po iteracji 0: IF  THEN class = {82.43} [-17.16, 182.03], (p=131, n=15, P=131, N=15)
2026-04-14 12:03:12,025 - INFO - *****STOP GROWING RR RULE*****
2026-04-14 12:03:12,025 - INFO - ***RR NOT FOUND***
2026-04-14 12:03:12,025 - INFO - *******STOP GROWING CR RULE*******
2026-04-14 12:03:12,026 - INFO - *******GROWING CR RULE*******
2026-04-14 12:03:12,042 - INFO - Iteracja 0: condition_best: MMIN <= 1,155.00, quality_best: 0.752, coverage_best: (p=61, n=3, P=87, N=59)
2026-04-14 12:03:12,042 - INFO - Regula po iteracji 0: IF MMIN <= 1,155.00 THEN class = {32.00} [8.00, 56.00], (p=61, n=3, P=87, N=59)
2026-04-14 12:03:12,042 - INFO - *****GROWING RR RULE*****
2026-04-14 12:03:12,073 - INFO - Iteracja 0: condition_best: None, quality_best: -inf, coverage_best: (p=0, n=0, P=0, N=0), p_value: 0
2026-04-14 12:03:12,073 - INFO - Regula po iteracji 0: IF  THEN class = {82.43} [-17.16, 182.03], (p=131, n=15, P=131, N=15)
2026-04-14 12:03:12,073 - INFO - *****STOP GROWING RR RULE*****
2026-04-14 12:03:12,073 - INFO - ***RR NOT FOUND***
2026-04-14 12:03:12,083 - INFO - Iteracja 1: condition_best: MMIN >= 80.00, quality_best: 0.74, coverage_best: (p=60, n=3, P=88, N=58)
2026-04-14 12:03:12,083 - INFO - Regula po iteracji 1: IF MMIN <= 1,155.00 AND MMIN >= 80.00 THEN class = {32.27} [8.18, 56.36], (p=60, n=3, P=88, N=58)
2026-04-14 12:03:12,083 - INFO - *****GROWING RR RULE*****
2026-04-14 12:03:12,114 - INFO - Iteracja 0: condition_best: None, quality_best: -inf, coverage_best: (p=0, n=0, P=0, N=0), p_value: 0
2026-04-14 12:03:12,114 - INFO - Regula po iteracji 0: IF  THEN class = {82.43} [-17.16, 182.03], (p=131, n=15, P=131, N=15)
2026-04-14 12:03:12,114 - INFO - *****STOP GROWING RR RULE*****
2026-04-14 12:03:12,114 - INFO - ***RR NOT FOUND***
2026-04-14 12:03:12,123 - INFO - Iteracja 2: condition_best: MMIN >= 144.00, quality_best: 0.733, coverage_best: (p=59, n=3, P=88, N=58)
2026-04-14 12:03:12,123 - INFO - Regula po iteracji 2: IF MMIN <= 1,155.00 AND MMIN >= 80.00 AND MMIN >= 144.00 THEN class = {32.55} [8.36, 56.73], (p=59, n=3, P=88, N=58)
2026-04-14 12:03:12,123 - INFO - *****GROWING RR RULE*****
2026-04-14 12:03:12,154 - INFO - Iteracja 0: condition_best: None, quality_best: -inf, coverage_best: (p=0, n=0, P=0, N=0), p_value: 0
2026-04-14 12:03:12,154 - INFO - Regula po iteracji 0: IF  THEN class = {82.43} [-17.16, 182.03], (p=131, n=15, P=131, N=15)
2026-04-14 12:03:12,155 - INFO - *****STOP GROWING RR RULE*****
2026-04-14 12:03:12,155 - INFO - ***RR NOT FOUND***
2026-04-14 12:03:12,163 - INFO - Iteracja 3: condition_best: MMIN >= 224.00, quality_best: 0.722, coverage_best: (p=58, n=3, P=89, N=57)
2026-04-14 12:03:12,163 - INFO - Regula po iteracji 3: IF MMIN <= 1,155.00 AND MMIN >= 80.00 AND MMIN >= 144.00 AND MMIN >= 224.00 THEN class = {32.79} [8.48, 57.10], (p=58, n=3, P=89, N=57)
2026-04-14 12:03:12,164 - INFO - *****GROWING RR RULE*****
2026-04-14 12:03:12,195 - INFO - Iteracja 0: condition_best: None, quality_best: -inf, coverage_best: (p=0, n=0, P=0, N=0), p_value: 0
2026-04-14 12:03:12,195 - INFO - Regula po iteracji 0: IF  THEN class = {82.43} [-17.16, 182.03], (p=131, n=15, P=131, N=15)
2026-04-14 12:03:12,195 - INFO - *****STOP GROWING RR RULE*****
2026-04-14 12:03:12,195 - INFO - ***RR NOT FOUND***
2026-04-14 12:03:12,204 - INFO - Iteracja 4: condition_best: MMAX >= 756.00, quality_best: 0.715, coverage_best: (p=57, n=3, P=89, N=57)
2026-04-14 12:03:12,204 - INFO - Regula po iteracji 4: IF MMIN <= 1,155.00 AND MMIN >= 80.00 AND MMIN >= 144.00 AND MMIN >= 224.00 AND MMAX >= 756.00 THEN class = {33.03} [8.60, 57.47], (p=57, n=3, P=89, N=57)
2026-04-14 12:03:12,204 - INFO - *****GROWING RR RULE*****
2026-04-14 12:03:12,235 - INFO - Iteracja 0: condition_best: None, quality_best: -inf, coverage_best: (p=0, n=0, P=0, N=0), p_value: 0
2026-04-14 12:03:12,235 - INFO - Regula po iteracji 0: IF  THEN class = {82.43} [-17.16, 182.03], (p=131, n=15, P=131, N=15)
2026-04-14 12:03:12,235 - INFO - *****STOP GROWING RR RULE*****
2026-04-14 12:03:12,235 - INFO - ***RR NOT FOUND***
2026-04-14 12:03:12,235 - INFO - *******STOP GROWING CR RULE*******
2026-04-14 12:03:12,236 - INFO - *******GROWING CR RULE*******
2026-04-14 12:03:12,252 - INFO - Iteracja 0: condition_best: MMIN <= 3,550.00, quality_best: 0.691, coverage_best: (p=104, n=8, P=110, N=36)
2026-04-14 12:03:12,252 - INFO - Regula po iteracji 0: IF MMIN <= 3,550.00 THEN class = {46.79} [10.62, 82.97], (p=104, n=8, P=110, N=36)
2026-04-14 12:03:12,253 - INFO - *****GROWING RR RULE*****
2026-04-14 12:03:12,283 - INFO - Iteracja 0: condition_best: None, quality_best: -inf, coverage_best: (p=0, n=0, P=0, N=0), p_value: 0
2026-04-14 12:03:12,284 - INFO - Regula po iteracji 0: IF  THEN class = {82.43} [-17.16, 182.03], (p=131, n=15, P=131, N=15)
2026-04-14 12:03:12,284 - INFO - *****STOP GROWING RR RULE*****
2026-04-14 12:03:12,284 - INFO - ***RR NOT FOUND***
2026-04-14 12:03:12,297 - INFO - Iteracja 1: condition_best: MYCT >= 37.50, quality_best: 0.713, coverage_best: (p=102, n=7, P=110, N=36)
2026-04-14 12:03:12,297 - INFO - Regula po iteracji 1: IF MMIN <= 3,550.00 AND MYCT >= 37.50 THEN class = {46.01} [9.79, 82.22], (p=102, n=7, P=110, N=36)
2026-04-14 12:03:12,297 - INFO - *****GROWING RR RULE*****
2026-04-14 12:03:12,328 - INFO - Iteracja 0: condition_best: None, quality_best: -inf, coverage_best: (p=0, n=0, P=0, N=0), p_value: 0
2026-04-14 12:03:12,328 - INFO - Regula po iteracji 0: IF  THEN class = {82.43} [-17.16, 182.03], (p=131, n=15, P=131, N=15)
2026-04-14 12:03:12,328 - INFO - *****STOP GROWING RR RULE*****
2026-04-14 12:03:12,328 - INFO - ***RR NOT FOUND***
2026-04-14 12:03:12,341 - INFO - Iteracja 2: condition_best: MMIN >= 80.00, quality_best: 0.707, coverage_best: (p=101, n=7, P=110, N=36)
2026-04-14 12:03:12,341 - INFO - Regula po iteracji 2: IF MMIN <= 3,550.00 AND MYCT >= 37.50 AND MMIN >= 80.00 THEN class = {46.30} [10.04, 82.56], (p=101, n=7, P=110, N=36)
2026-04-14 12:03:12,341 - INFO - *****GROWING RR RULE*****
2026-04-14 12:03:12,372 - INFO - Iteracja 0: condition_best: None, quality_best: -inf, coverage_best: (p=0, n=0, P=0, N=0), p_value: 0
2026-04-14 12:03:12,372 - INFO - Regula po iteracji 0: IF  THEN class = {82.43} [-17.16, 182.03], (p=131, n=15, P=131, N=15)
2026-04-14 12:03:12,372 - INFO - *****STOP GROWING RR RULE*****
2026-04-14 12:03:12,372 - INFO - ***RR NOT FOUND***
2026-04-14 12:03:12,385 - INFO - Iteracja 3: condition_best: MMIN >= 144.00, quality_best: 0.701, coverage_best: (p=100, n=7, P=110, N=36)
2026-04-14 12:03:12,385 - INFO - Regula po iteracji 3: IF MMIN <= 3,550.00 AND MYCT >= 37.50 AND MMIN >= 80.00 AND MMIN >= 144.00 THEN class = {46.59} [10.29, 82.89], (p=100, n=7, P=110, N=36)
2026-04-14 12:03:12,385 - INFO - *****GROWING RR RULE*****
2026-04-14 12:03:12,416 - INFO - Iteracja 0: condition_best: None, quality_best: -inf, coverage_best: (p=0, n=0, P=0, N=0), p_value: 0
2026-04-14 12:03:12,416 - INFO - Regula po iteracji 0: IF  THEN class = {82.43} [-17.16, 182.03], (p=131, n=15, P=131, N=15)
2026-04-14 12:03:12,416 - INFO - *****STOP GROWING RR RULE*****
2026-04-14 12:03:12,416 - INFO - ***RR NOT FOUND***
2026-04-14 12:03:12,429 - INFO - Iteracja 4: condition_best: MMIN >= 224.00, quality_best: 0.696, coverage_best: (p=99, n=7, P=110, N=36)
2026-04-14 12:03:12,429 - INFO - Regula po iteracji 4: IF MMIN <= 3,550.00 AND MYCT >= 37.50 AND MMIN >= 80.00 AND MMIN >= 144.00 AND MMIN >= 224.00 THEN class = {46.86} [10.49, 83.22], (p=99, n=7, P=110, N=36)
2026-04-14 12:03:12,429 - INFO - *****GROWING RR RULE*****
2026-04-14 12:03:12,460 - INFO - Iteracja 0: condition_best: None, quality_best: -inf, coverage_best: (p=0, n=0, P=0, N=0), p_value: 0
2026-04-14 12:03:12,460 - INFO - Regula po iteracji 0: IF  THEN class = {82.43} [-17.16, 182.03], (p=131, n=15, P=131, N=15)
2026-04-14 12:03:12,460 - INFO - *****STOP GROWING RR RULE*****
2026-04-14 12:03:12,460 - INFO - ***RR NOT FOUND***
2026-04-14 12:03:12,460 - INFO - *******STOP GROWING CR RULE*******
2026-04-14 12:03:12,461 - INFO - *******GROWING CR RULE*******
2026-04-14 12:03:12,477 - INFO - Iteracja 0: condition_best: MMAX <= 14,000.00, quality_best: 0.676, coverage_best: (p=88, n=13, P=88, N=58)
2026-04-14 12:03:12,477 - INFO - Regula po iteracji 0: IF MMAX <= 14,000.00 THEN class = {38.45} [15.06, 61.83], (p=88, n=13, P=88, N=58)
2026-04-14 12:03:12,477 - INFO - *****GROWING RR RULE*****
2026-04-14 12:03:12,508 - INFO - Iteracja 0: condition_best: None, quality_best: -inf, coverage_best: (p=0, n=0, P=0, N=0), p_value: 0
2026-04-14 12:03:12,508 - INFO - Regula po iteracji 0: IF  THEN class = {82.43} [-17.16, 182.03], (p=131, n=15, P=131, N=15)
2026-04-14 12:03:12,508 - INFO - *****STOP GROWING RR RULE*****
2026-04-14 12:03:12,508 - INFO - ***RR NOT FOUND***
2026-04-14 12:03:12,521 - INFO - Iteracja 1: condition_best: MMAX >= 4,250.00, quality_best: 0.764, coverage_best: (p=50, n=3, P=70, N=76)
2026-04-14 12:03:12,521 - INFO - Regula po iteracji 1: IF MMAX <= 14,000.00 AND MMAX >= 4,250.00 THEN class = {50.15} [25.25, 75.06], (p=50, n=3, P=70, N=76)
2026-04-14 12:03:12,521 - INFO - *****GROWING RR RULE*****
2026-04-14 12:03:12,552 - INFO - Iteracja 0: condition_best: None, quality_best: -inf, coverage_best: (p=0, n=0, P=0, N=0), p_value: 0
2026-04-14 12:03:12,552 - INFO - Regula po iteracji 0: IF  THEN class = {82.43} [-17.16, 182.03], (p=131, n=15, P=131, N=15)
2026-04-14 12:03:12,552 - INFO - *****STOP GROWING RR RULE*****
2026-04-14 12:03:12,552 - INFO - ***RR NOT FOUND***
2026-04-14 12:03:12,562 - INFO - Iteracja 2: condition_best: MYCT <= 250.00, quality_best: 0.758, coverage_best: (p=40, n=1, P=68, N=78)
2026-04-14 12:03:12,562 - INFO - Regula po iteracji 2: IF MMAX <= 14,000.00 AND MMAX >= 4,250.00 AND MYCT <= 250.00 THEN class = {54.78} [28.44, 81.12], (p=40, n=1, P=68, N=78)
2026-04-14 12:03:12,562 - INFO - *****GROWING RR RULE*****
2026-04-14 12:03:12,602 - INFO - Iteracja 0: condition_best: None, quality_best: -inf, coverage_best: (p=0, n=0, P=0, N=0), p_value: 0
2026-04-14 12:03:12,602 - INFO - Regula po iteracji 0: IF  THEN class = {82.43} [-17.16, 182.03], (p=131, n=15, P=131, N=15)
2026-04-14 12:03:12,602 - INFO - *****STOP GROWING RR RULE*****
2026-04-14 12:03:12,602 - INFO - ***RR NOT FOUND***
2026-04-14 12:03:12,610 - INFO - Iteracja 3: condition_best: MMAX >= 5,500.00, quality_best: 0.764, coverage_best: (p=39, n=1, P=65, N=81)
2026-04-14 12:03:12,610 - INFO - Regula po iteracji 3: IF MMAX <= 14,000.00 AND MMAX >= 4,250.00 AND MYCT <= 250.00 AND MMAX >= 5,500.00 THEN class = {55.42} [29.07, 81.78], (p=39, n=1, P=65, N=81)
2026-04-14 12:03:12,611 - INFO - *****GROWING RR RULE*****
2026-04-14 12:03:12,653 - INFO - Iteracja 0: condition_best: None, quality_best: -inf, coverage_best: (p=0, n=0, P=0, N=0), p_value: 0
2026-04-14 12:03:12,653 - INFO - Regula po iteracji 0: IF  THEN class = {82.43} [-17.16, 182.03], (p=131, n=15, P=131, N=15)
2026-04-14 12:03:12,653 - INFO - *****STOP GROWING RR RULE*****
2026-04-14 12:03:12,654 - INFO - ***RR NOT FOUND***
2026-04-14 12:03:12,662 - INFO - Iteracja 4: condition_best: CHMAX >= 2.50, quality_best: 0.746, coverage_best: (p=38, n=1, P=67, N=79)
2026-04-14 12:03:12,662 - INFO - Regula po iteracji 4: IF MMAX <= 14,000.00 AND MMAX >= 4,250.00 AND MYCT <= 250.00 AND MMAX >= 5,500.00 AND CHMAX >= 2.50 THEN class = {55.92} [29.42, 82.42], (p=38, n=1, P=67, N=79)
2026-04-14 12:03:12,662 - INFO - *****GROWING RR RULE*****
2026-04-14 12:03:12,703 - INFO - Iteracja 0: condition_best: None, quality_best: -inf, coverage_best: (p=0, n=0, P=0, N=0), p_value: 0
2026-04-14 12:03:12,703 - INFO - Regula po iteracji 0: IF  THEN class = {82.43} [-17.16, 182.03], (p=131, n=15, P=131, N=15)
2026-04-14 12:03:12,703 - INFO - *****STOP GROWING RR RULE*****
2026-04-14 12:03:12,703 - INFO - ***RR NOT FOUND***
2026-04-14 12:03:12,703 - INFO - *******STOP GROWING CR RULE*******
2026-04-14 12:03:12,704 - INFO - *******GROWING CR RULE*******
2026-04-14 12:03:12,720 - INFO - Iteracja 0: condition_best: MMAX >= 14,000.00, quality_best: 0.645, coverage_best: (p=39, n=6, P=59, N=87)
2026-04-14 12:03:12,720 - INFO - Regula po iteracji 0: IF MMAX >= 14,000.00 THEN class = {181.16} [51.29, 311.03], (p=39, n=6, P=59, N=87)
2026-04-14 12:03:12,720 - INFO - *****GROWING RR RULE*****
2026-04-14 12:03:12,753 - INFO - Iteracja 0: condition_best: None, quality_best: -inf, coverage_best: (p=0, n=0, P=0, N=0), p_value: 0
2026-04-14 12:03:12,753 - INFO - Regula po iteracji 0: IF  THEN class = {82.43} [-17.16, 182.03], (p=131, n=15, P=131, N=15)
2026-04-14 12:03:12,753 - INFO - *****STOP GROWING RR RULE*****
2026-04-14 12:03:12,753 - INFO - ***RR NOT FOUND***
2026-04-14 12:03:12,760 - INFO - Iteracja 1: condition_best: MYCT >= 44.00, quality_best: 0.796, coverage_best: (p=27, n=1, P=40, N=106)
2026-04-14 12:03:12,760 - INFO - Regula po iteracji 1: IF MMAX >= 14,000.00 AND MYCT >= 44.00 THEN class = {122.21} [62.23, 182.20], (p=27, n=1, P=40, N=106)
2026-04-14 12:03:12,761 - INFO - *****GROWING RR RULE*****
2026-04-14 12:03:12,798 - INFO - Iteracja 0: condition_best: None, quality_best: -inf, coverage_best: (p=0, n=0, P=0, N=0), p_value: 0
2026-04-14 12:03:12,798 - INFO - Regula po iteracji 0: IF  THEN class = {82.43} [-17.16, 182.03], (p=131, n=15, P=131, N=15)
2026-04-14 12:03:12,799 - INFO - *****STOP GROWING RR RULE*****
2026-04-14 12:03:12,799 - INFO - ***RR NOT FOUND***
2026-04-14 12:03:12,804 - INFO - Iteracja 2: condition_best: MYCT <= 217.50, quality_best: 0.783, coverage_best: (p=26, n=1, P=40, N=106)
2026-04-14 12:03:12,804 - INFO - Regula po iteracji 2: IF MMAX >= 14,000.00 AND MYCT >= 44.00 AND MYCT <= 217.50 THEN class = {124.37} [64.36, 184.38], (p=26, n=1, P=40, N=106)
2026-04-14 12:03:12,804 - INFO - *****GROWING RR RULE*****
2026-04-14 12:03:12,842 - INFO - Iteracja 0: condition_best: None, quality_best: -inf, coverage_best: (p=0, n=0, P=0, N=0), p_value: 0
2026-04-14 12:03:12,842 - INFO - Regula po iteracji 0: IF  THEN class = {82.43} [-17.16, 182.03], (p=131, n=15, P=131, N=15)
2026-04-14 12:03:12,842 - INFO - *****STOP GROWING RR RULE*****
2026-04-14 12:03:12,842 - INFO - ***RR NOT FOUND***
2026-04-14 12:03:12,847 - INFO - Iteracja 3: condition_best: MYCT <= 182.50, quality_best: 0.777, coverage_best: (p=25, n=1, P=39, N=107)
2026-04-14 12:03:12,847 - INFO - Regula po iteracji 3: IF MMAX >= 14,000.00 AND MYCT >= 44.00 AND MYCT <= 217.50 AND MYCT <= 182.50 THEN class = {126.23} [65.85, 186.61], (p=25, n=1, P=39, N=107)
2026-04-14 12:03:12,848 - INFO - *****GROWING RR RULE*****
2026-04-14 12:03:12,885 - INFO - Iteracja 0: condition_best: None, quality_best: -inf, coverage_best: (p=0, n=0, P=0, N=0), p_value: 0
2026-04-14 12:03:12,885 - INFO - Regula po iteracji 0: IF  THEN class = {82.43} [-17.16, 182.03], (p=131, n=15, P=131, N=15)
2026-04-14 12:03:12,885 - INFO - *****STOP GROWING RR RULE*****
2026-04-14 12:03:12,886 - INFO - ***RR NOT FOUND***
2026-04-14 12:03:12,891 - INFO - Iteracja 4: condition_best: MYCT <= 160.00, quality_best: 0.772, coverage_best: (p=24, n=1, P=38, N=108)
2026-04-14 12:03:12,891 - INFO - Regula po iteracji 4: IF MMAX >= 14,000.00 AND MYCT >= 44.00 AND MYCT <= 217.50 AND MYCT <= 182.50 AND MYCT <= 160.00 THEN class = {128.24} [67.52, 188.96], (p=24, n=1, P=38, N=108)
2026-04-14 12:03:12,891 - INFO - *****GROWING RR RULE*****
2026-04-14 12:03:12,929 - INFO - Iteracja 0: condition_best: None, quality_best: -inf, coverage_best: (p=0, n=0, P=0, N=0), p_value: 0
2026-04-14 12:03:12,929 - INFO - Regula po iteracji 0: IF  THEN class = {82.43} [-17.16, 182.03], (p=131, n=15, P=131, N=15)
2026-04-14 12:03:12,929 - INFO - *****STOP GROWING RR RULE*****
2026-04-14 12:03:12,929 - INFO - ***RR NOT FOUND***
2026-04-14 12:03:12,929 - INFO - *******STOP GROWING CR RULE*******
2026-04-14 12:03:12,929 - INFO - *******GROWING CR RULE*******
2026-04-14 12:03:12,946 - INFO - Iteracja 0: condition_best: MMAX >= 14,000.00, quality_best: 0.645, coverage_best: (p=39, n=6, P=59, N=87)
2026-04-14 12:03:12,946 - INFO - Regula po iteracji 0: IF MMAX >= 14,000.00 THEN class = {181.16} [51.29, 311.03], (p=39, n=6, P=59, N=87)
2026-04-14 12:03:12,946 - INFO - *****GROWING RR RULE*****
2026-04-14 12:03:12,979 - INFO - Iteracja 0: condition_best: None, quality_best: -inf, coverage_best: (p=0, n=0, P=0, N=0), p_value: 0
2026-04-14 12:03:12,979 - INFO - Regula po iteracji 0: IF  THEN class = {82.43} [-17.16, 182.03], (p=131, n=15, P=131, N=15)
2026-04-14 12:03:12,979 - INFO - *****STOP GROWING RR RULE*****
2026-04-14 12:03:12,979 - INFO - ***RR NOT FOUND***
2026-04-14 12:03:12,986 - INFO - Iteracja 1: condition_best: CHMIN >= 4.50, quality_best: 0.761, coverage_best: (p=23, n=2, P=33, N=113)
2026-04-14 12:03:12,986 - INFO - Regula po iteracji 1: IF MMAX >= 14,000.00 AND CHMIN >= 4.50 THEN class = {238.52} [94.87, 382.17], (p=23, n=2, P=33, N=113)
2026-04-14 12:03:12,986 - INFO - *****GROWING RR RULE*****
2026-04-14 12:03:13,017 - INFO - Iteracja 0: condition_best: None, quality_best: -inf, coverage_best: (p=0, n=0, P=0, N=0), p_value: 0
2026-04-14 12:03:13,017 - INFO - Regula po iteracji 0: IF  THEN class = {82.43} [-17.16, 182.03], (p=131, n=15, P=131, N=15)
2026-04-14 12:03:13,017 - INFO - *****STOP GROWING RR RULE*****
2026-04-14 12:03:13,017 - INFO - ***RR NOT FOUND***
2026-04-14 12:03:13,022 - INFO - Iteracja 2: condition_best: MYCT <= 68.00, quality_best: 0.754, coverage_best: (p=22, n=2, P=32, N=114)
2026-04-14 12:03:13,022 - INFO - Regula po iteracji 2: IF MMAX >= 14,000.00 AND CHMIN >= 4.50 AND MYCT <= 68.00 THEN class = {243.46} [98.94, 387.98], (p=22, n=2, P=32, N=114)
2026-04-14 12:03:13,022 - INFO - *****GROWING RR RULE*****
2026-04-14 12:03:13,053 - INFO - Iteracja 0: condition_best: None, quality_best: -inf, coverage_best: (p=0, n=0, P=0, N=0), p_value: 0
2026-04-14 12:03:13,054 - INFO - Regula po iteracji 0: IF  THEN class = {82.43} [-17.16, 182.03], (p=131, n=15, P=131, N=15)
2026-04-14 12:03:13,054 - INFO - *****STOP GROWING RR RULE*****
2026-04-14 12:03:13,054 - INFO - ***RR NOT FOUND***
2026-04-14 12:03:13,058 - INFO - Iteracja 3: condition_best: CHMIN <= 38.00, quality_best: 0.726, coverage_best: (p=21, n=2, P=33, N=113)
2026-04-14 12:03:13,058 - INFO - Regula po iteracji 3: IF MMAX >= 14,000.00 AND CHMIN >= 4.50 AND MYCT <= 68.00 AND CHMIN <= 38.00 THEN class = {238.39} [92.86, 383.92], (p=21, n=2, P=33, N=113)
2026-04-14 12:03:13,058 - INFO - *****GROWING RR RULE*****
2026-04-14 12:03:13,090 - INFO - Iteracja 0: condition_best: None, quality_best: -inf, coverage_best: (p=0, n=0, P=0, N=0), p_value: 0
2026-04-14 12:03:13,090 - INFO - Regula po iteracji 0: IF  THEN class = {82.43} [-17.16, 182.03], (p=131, n=15, P=131, N=15)
2026-04-14 12:03:13,090 - INFO - *****STOP GROWING RR RULE*****
2026-04-14 12:03:13,090 - INFO - ***RR NOT FOUND***
2026-04-14 12:03:13,094 - INFO - Iteracja 4: condition_best: MYCT <= 62.00, quality_best: 0.718, coverage_best: (p=20, n=2, P=32, N=114)
2026-04-14 12:03:13,094 - INFO - Regula po iteracji 4: IF MMAX >= 14,000.00 AND CHMIN >= 4.50 AND MYCT <= 68.00 AND CHMIN <= 38.00 AND MYCT <= 62.00 THEN class = {243.05} [95.93, 390.16], (p=20, n=2, P=32, N=114)
2026-04-14 12:03:13,095 - INFO - *****GROWING RR RULE*****
2026-04-14 12:03:13,126 - INFO - Iteracja 0: condition_best: None, quality_best: -inf, coverage_best: (p=0, n=0, P=0, N=0), p_value: 0
2026-04-14 12:03:13,126 - INFO - Regula po iteracji 0: IF  THEN class = {82.43} [-17.16, 182.03], (p=131, n=15, P=131, N=15)
2026-04-14 12:03:13,126 - INFO - *****STOP GROWING RR RULE*****
2026-04-14 12:03:13,126 - INFO - ***RR NOT FOUND***
2026-04-14 12:03:13,126 - INFO - *******STOP GROWING CR RULE*******
2026-04-14 12:03:13,126 - INFO - *******GROWING CR RULE*******
2026-04-14 12:03:13,142 - INFO - Iteracja 0: condition_best: MMIN <= 144.00, quality_best: 1.0, coverage_best: (p=2, n=0, P=2, N=144)
2026-04-14 12:03:13,143 - INFO - Regula po iteracji 0: IF MMIN <= 144.00 THEN class = {15.00} [15.00, 15.00], (p=2, n=0, P=2, N=144)
2026-04-14 12:03:13,143 - INFO - *****GROWING RR RULE*****
2026-04-14 12:03:13,174 - INFO - Iteracja 0: condition_best: None, quality_best: -inf, coverage_best: (p=0, n=0, P=0, N=0), p_value: 0
2026-04-14 12:03:13,174 - INFO - Regula po iteracji 0: IF  THEN class = {82.43} [-17.16, 182.03], (p=131, n=15, P=131, N=15)
2026-04-14 12:03:13,174 - INFO - *****STOP GROWING RR RULE*****
2026-04-14 12:03:13,174 - INFO - ***RR NOT FOUND***
2026-04-14 12:03:13,175 - INFO - Iteracja 1: condition_best: vendor = {bti}, quality_best: 0.75, coverage_best: (p=1, n=0, P=2, N=144)
2026-04-14 12:03:13,175 - INFO - Regula po iteracji 1: IF MMIN <= 144.00 AND vendor = {bti} THEN class = {15.00} [15.00, 15.00], (p=1, n=0, P=2, N=144)
2026-04-14 12:03:13,176 - INFO - *****GROWING RR RULE*****
2026-04-14 12:03:13,207 - INFO - Iteracja 0: condition_best: None, quality_best: -inf, coverage_best: (p=0, n=0, P=0, N=0), p_value: 0
2026-04-14 12:03:13,207 - INFO - Regula po iteracji 0: IF  THEN class = {82.43} [-17.16, 182.03], (p=131, n=15, P=131, N=15)
2026-04-14 12:03:13,207 - INFO - *****STOP GROWING RR RULE*****
2026-04-14 12:03:13,207 - INFO - ***RR NOT FOUND***
2026-04-14 12:03:13,208 - INFO - Iteracja 2: condition_best: None, quality_best: -inf, coverage_best: (p=0, n=0, P=0, N=0)
2026-04-14 12:03:13,208 - INFO - Regula po iteracji 2: IF MMIN <= 144.00 AND vendor = {bti} THEN class = {15.00} [15.00, 15.00], (p=1, n=0, P=2, N=144)
2026-04-14 12:03:13,208 - INFO - *******STOP GROWING CR RULE*******
2026-04-14 12:03:13,702 - INFO - ************************Finished experiment for cpu.arff with algorithm_rer_with_exceptions************************
2026-04-14 12:03:13,703 - INFO - *************************************************************************************************************************
2026-04-14 12:03:13,703 - INFO - *************************************************************************************************************************
2026-04-14 12:03:13,703 - INFO - *************************************************************************************************************************
2026-04-14 12:03:13,703 - INFO - **********Starting experiment for cpu.arff with decision_tree**********
2026-04-14 12:03:13,732 - INFO - ************************Finished experiment for cpu.arff with decision_tree************************
2026-04-14 12:03:13,732 - INFO - *************************************************************************************************************************
2026-04-14 12:03:13,732 - INFO - *************************************************************************************************************************
2026-04-14 12:03:13,732 - INFO - *************************************************************************************************************************
