2026-04-08 12:13:17,560 - INFO - **********Starting experiment for 25_TRACE.arff with algorithm_rulekit**********
2026-04-08 12:13:44,282 - INFO - ************************Finished experiment for 25_TRACE.arff with algorithm_rulekit************************
2026-04-08 12:13:44,282 - INFO - *************************************************************************************************************************
2026-04-08 12:13:44,282 - INFO - *************************************************************************************************************************
2026-04-08 12:13:44,282 - INFO - *************************************************************************************************************************
2026-04-08 12:13:44,283 - INFO - **********Starting experiment for 25_TRACE.arff with algorithm_log_rank**********
2026-04-08 12:13:44,302 - INFO - *******GROWING CR RULE*******
2026-04-08 12:14:19,669 - INFO - Iteracja 0: condition_best: age <= 86.42, quality_best: 1.0, coverage_best: (p=1286, n=0, P=1314, N=0)
2026-04-08 12:14:19,682 - INFO - Regula po iteracji 0: IF age <= 86.42 THEN survival_status = {nan}, (p=1286, n=0, P=1314, N=0)
2026-04-08 12:14:54,797 - INFO - Iteracja 1: condition_best: wmi >= 0.35, quality_best: 1.0, coverage_best: (p=1284, n=0, P=1314, N=0)
2026-04-08 12:14:54,809 - INFO - Regula po iteracji 1: IF age <= 86.42 AND wmi >= 0.35 THEN survival_status = {6.877}, (p=1284, n=0, P=1314, N=0)
2026-04-08 12:15:29,860 - INFO - Iteracja 2: condition_best: age <= 86.26, quality_best: 1.0, coverage_best: (p=1283, n=0, P=1314, N=0)
2026-04-08 12:15:29,872 - INFO - Regula po iteracji 2: IF age <= 86.42 AND wmi >= 0.35 AND age <= 86.26 THEN survival_status = {6.877}, (p=1283, n=0, P=1314, N=0)
2026-04-08 12:16:04,873 - INFO - Iteracja 3: condition_best: wmi >= 0.45, quality_best: 1.0, coverage_best: (p=1277, n=0, P=1314, N=0)
2026-04-08 12:16:04,886 - INFO - Regula po iteracji 3: IF age <= 86.42 AND wmi >= 0.35 AND age <= 86.26 AND wmi >= 0.45 THEN survival_status = {7.044}, (p=1277, n=0, P=1314, N=0)
2026-04-08 12:16:39,956 - INFO - Iteracja 4: condition_best: wmi >= 0.55, quality_best: 1.0, coverage_best: (p=1270, n=0, P=1314, N=0)
2026-04-08 12:16:39,968 - INFO - Regula po iteracji 4: IF age <= 86.42 AND wmi >= 0.35 AND age <= 86.26 AND wmi >= 0.45 AND wmi >= 0.55 THEN survival_status = {7.044}, (p=1270, n=0, P=1314, N=0)
2026-04-08 12:16:39,968 - INFO - *******STOP GROWING CR RULE*******
2026-04-08 12:16:39,986 - INFO - *******GROWING CR RULE*******
2026-04-08 12:17:02,848 - INFO - Iteracja 0: condition_best: wmi >= 0.75, quality_best: 1.0, coverage_best: (p=1225, n=0, P=1314, N=0)
2026-04-08 12:17:02,861 - INFO - Regula po iteracji 0: IF wmi >= 0.75 THEN survival_status = {nan}, (p=1225, n=0, P=1314, N=0)
2026-04-08 12:17:24,851 - INFO - Iteracja 1: condition_best: wmi <= 2.60, quality_best: 1.0, coverage_best: (p=1224, n=0, P=1314, N=0)
2026-04-08 12:17:24,864 - INFO - Regula po iteracji 1: IF wmi >= 0.75 AND wmi <= 2.60 THEN survival_status = {7.376}, (p=1224, n=0, P=1314, N=0)
2026-04-08 12:17:46,771 - INFO - Iteracja 2: condition_best: age <= 94.38, quality_best: 1.0, coverage_best: (p=1223, n=0, P=1314, N=0)
2026-04-08 12:17:46,784 - INFO - Regula po iteracji 2: IF wmi >= 0.75 AND wmi <= 2.60 AND age <= 94.38 THEN survival_status = {7.376}, (p=1223, n=0, P=1314, N=0)
2026-04-08 12:18:08,660 - INFO - Iteracja 3: condition_best: age <= 92.27, quality_best: 1.0, coverage_best: (p=1222, n=0, P=1314, N=0)
2026-04-08 12:18:08,673 - INFO - Regula po iteracji 3: IF wmi >= 0.75 AND wmi <= 2.60 AND age <= 94.38 AND age <= 92.27 THEN survival_status = {7.376}, (p=1222, n=0, P=1314, N=0)
2026-04-08 12:18:30,743 - INFO - Iteracja 4: condition_best: age <= 91.86, quality_best: 1.0, coverage_best: (p=1221, n=0, P=1314, N=0)
2026-04-08 12:18:30,756 - INFO - Regula po iteracji 4: IF wmi >= 0.75 AND wmi <= 2.60 AND age <= 94.38 AND age <= 92.27 AND age <= 91.86 THEN survival_status = {7.376}, (p=1221, n=0, P=1314, N=0)
2026-04-08 12:18:30,757 - INFO - *******STOP GROWING CR RULE*******
2026-04-08 12:18:30,769 - INFO - *******GROWING CR RULE*******
2026-04-08 12:18:53,248 - INFO - Iteracja 0: condition_best: age <= 86.42, quality_best: 1.0, coverage_best: (p=1286, n=0, P=1314, N=0)
2026-04-08 12:18:53,261 - INFO - Regula po iteracji 0: IF age <= 86.42 THEN survival_status = {nan}, (p=1286, n=0, P=1314, N=0)
2026-04-08 12:19:15,731 - INFO - Iteracja 1: condition_best: wmi >= 0.35, quality_best: 1.0, coverage_best: (p=1284, n=0, P=1314, N=0)
2026-04-08 12:19:15,743 - INFO - Regula po iteracji 1: IF age <= 86.42 AND wmi >= 0.35 THEN survival_status = {6.877}, (p=1284, n=0, P=1314, N=0)
2026-04-08 12:19:38,397 - INFO - Iteracja 2: condition_best: age <= 86.26, quality_best: 1.0, coverage_best: (p=1283, n=0, P=1314, N=0)
2026-04-08 12:19:38,409 - INFO - Regula po iteracji 2: IF age <= 86.42 AND wmi >= 0.35 AND age <= 86.26 THEN survival_status = {6.877}, (p=1283, n=0, P=1314, N=0)
2026-04-08 12:20:00,994 - INFO - Iteracja 3: condition_best: wmi >= 0.45, quality_best: 1.0, coverage_best: (p=1277, n=0, P=1314, N=0)
2026-04-08 12:20:01,006 - INFO - Regula po iteracji 3: IF age <= 86.42 AND wmi >= 0.35 AND age <= 86.26 AND wmi >= 0.45 THEN survival_status = {7.044}, (p=1277, n=0, P=1314, N=0)
2026-04-08 12:20:23,700 - INFO - Iteracja 4: condition_best: wmi >= 0.55, quality_best: 1.0, coverage_best: (p=1270, n=0, P=1314, N=0)
2026-04-08 12:20:23,713 - INFO - Regula po iteracji 4: IF age <= 86.42 AND wmi >= 0.35 AND age <= 86.26 AND wmi >= 0.45 AND wmi >= 0.55 THEN survival_status = {7.044}, (p=1270, n=0, P=1314, N=0)
2026-04-08 12:20:23,713 - INFO - *******STOP GROWING CR RULE*******
2026-04-08 12:20:45,848 - INFO - ************************Finished experiment for 25_TRACE.arff with algorithm_log_rank************************
2026-04-08 12:20:45,848 - INFO - *************************************************************************************************************************
2026-04-08 12:20:45,848 - INFO - *************************************************************************************************************************
2026-04-08 12:20:45,848 - INFO - *************************************************************************************************************************
2026-04-08 12:20:45,848 - INFO - **********Starting experiment for 25_TRACE.arff with algorithm_log_rank_with_exceptions**********
2026-04-08 12:20:45,867 - INFO - *******GROWING CR RULE*******
2026-04-08 12:21:21,035 - INFO - Iteracja 0: condition_best: age <= 86.42, quality_best: 1.0, coverage_best: (p=1286, n=0, P=1314, N=0)
2026-04-08 12:21:21,047 - INFO - Regula po iteracji 0: IF age <= 86.42 THEN survival_status = {nan}, (p=1286, n=0, P=1314, N=0)
2026-04-08 12:21:21,048 - INFO - *****GROWING RR RULE*****
2026-04-08 12:23:04,124 - INFO - Iteracja 0: condition_best: None, quality_best: -inf, coverage_best: (p=0, n=0, P=0, N=0), p_value: 0
2026-04-08 12:23:04,130 - INFO - Regula po iteracji 0: IF  THEN survival_status = {nan}, (p=1314, n=0, P=1314, N=0)
2026-04-08 12:23:04,130 - INFO - *****STOP GROWING RR RULE*****
2026-04-08 12:23:04,130 - INFO - ***RR NOT FOUND***
2026-04-08 12:23:39,073 - INFO - Iteracja 1: condition_best: wmi >= 0.35, quality_best: 1.0, coverage_best: (p=1284, n=0, P=1314, N=0)
2026-04-08 12:23:39,086 - INFO - Regula po iteracji 1: IF age <= 86.42 AND wmi >= 0.35 THEN survival_status = {6.877}, (p=1284, n=0, P=1314, N=0)
2026-04-08 12:23:39,086 - INFO - *****GROWING RR RULE*****
2026-04-08 12:25:21,711 - INFO - Iteracja 0: condition_best: None, quality_best: -inf, coverage_best: (p=0, n=0, P=0, N=0), p_value: 0
2026-04-08 12:25:21,717 - INFO - Regula po iteracji 0: IF  THEN survival_status = {nan}, (p=1314, n=0, P=1314, N=0)
2026-04-08 12:25:21,717 - INFO - *****STOP GROWING RR RULE*****
2026-04-08 12:25:21,718 - INFO - ***RR NOT FOUND***
2026-04-08 12:25:56,664 - INFO - Iteracja 2: condition_best: age <= 86.26, quality_best: 1.0, coverage_best: (p=1283, n=0, P=1314, N=0)
2026-04-08 12:25:56,676 - INFO - Regula po iteracji 2: IF age <= 86.42 AND wmi >= 0.35 AND age <= 86.26 THEN survival_status = {6.877}, (p=1283, n=0, P=1314, N=0)
2026-04-08 12:25:56,677 - INFO - *****GROWING RR RULE*****
2026-04-08 12:27:39,193 - INFO - Iteracja 0: condition_best: None, quality_best: -inf, coverage_best: (p=0, n=0, P=0, N=0), p_value: 0
2026-04-08 12:27:39,199 - INFO - Regula po iteracji 0: IF  THEN survival_status = {nan}, (p=1314, n=0, P=1314, N=0)
2026-04-08 12:27:39,199 - INFO - *****STOP GROWING RR RULE*****
2026-04-08 12:27:39,199 - INFO - ***RR NOT FOUND***
2026-04-08 12:28:14,333 - INFO - Iteracja 3: condition_best: wmi >= 0.45, quality_best: 1.0, coverage_best: (p=1277, n=0, P=1314, N=0)
2026-04-08 12:28:14,346 - INFO - Regula po iteracji 3: IF age <= 86.42 AND wmi >= 0.35 AND age <= 86.26 AND wmi >= 0.45 THEN survival_status = {7.044}, (p=1277, n=0, P=1314, N=0)
2026-04-08 12:28:14,346 - INFO - *****GROWING RR RULE*****
2026-04-08 12:29:56,699 - INFO - Iteracja 0: condition_best: None, quality_best: -inf, coverage_best: (p=0, n=0, P=0, N=0), p_value: 0
2026-04-08 12:29:56,705 - INFO - Regula po iteracji 0: IF  THEN survival_status = {nan}, (p=1314, n=0, P=1314, N=0)
2026-04-08 12:29:56,705 - INFO - *****STOP GROWING RR RULE*****
2026-04-08 12:29:56,705 - INFO - ***RR NOT FOUND***
2026-04-08 12:30:31,668 - INFO - Iteracja 4: condition_best: wmi >= 0.55, quality_best: 1.0, coverage_best: (p=1270, n=0, P=1314, N=0)
2026-04-08 12:30:31,681 - INFO - Regula po iteracji 4: IF age <= 86.42 AND wmi >= 0.35 AND age <= 86.26 AND wmi >= 0.45 AND wmi >= 0.55 THEN survival_status = {7.044}, (p=1270, n=0, P=1314, N=0)
2026-04-08 12:30:31,681 - INFO - *****GROWING RR RULE*****
2026-04-08 12:32:13,475 - INFO - Iteracja 0: condition_best: None, quality_best: -inf, coverage_best: (p=0, n=0, P=0, N=0), p_value: 0
2026-04-08 12:32:13,481 - INFO - Regula po iteracji 0: IF  THEN survival_status = {nan}, (p=1314, n=0, P=1314, N=0)
2026-04-08 12:32:13,481 - INFO - *****STOP GROWING RR RULE*****
2026-04-08 12:32:13,481 - INFO - ***RR NOT FOUND***
2026-04-08 12:32:13,481 - INFO - *******STOP GROWING CR RULE*******
2026-04-08 12:32:13,498 - INFO - *******GROWING CR RULE*******
2026-04-08 12:32:36,406 - INFO - Iteracja 0: condition_best: wmi >= 0.75, quality_best: 1.0, coverage_best: (p=1225, n=0, P=1314, N=0)
2026-04-08 12:32:36,419 - INFO - Regula po iteracji 0: IF wmi >= 0.75 THEN survival_status = {nan}, (p=1225, n=0, P=1314, N=0)
2026-04-08 12:32:36,419 - INFO - *****GROWING RR RULE*****
2026-04-08 12:34:17,705 - INFO - Iteracja 0: condition_best: None, quality_best: -inf, coverage_best: (p=0, n=0, P=0, N=0), p_value: 0
2026-04-08 12:34:17,711 - INFO - Regula po iteracji 0: IF  THEN survival_status = {nan}, (p=1314, n=0, P=1314, N=0)
2026-04-08 12:34:17,711 - INFO - *****STOP GROWING RR RULE*****
2026-04-08 12:34:17,711 - INFO - ***RR NOT FOUND***
2026-04-08 12:34:39,416 - INFO - Iteracja 1: condition_best: wmi <= 2.60, quality_best: 1.0, coverage_best: (p=1224, n=0, P=1314, N=0)
2026-04-08 12:34:39,429 - INFO - Regula po iteracji 1: IF wmi >= 0.75 AND wmi <= 2.60 THEN survival_status = {7.376}, (p=1224, n=0, P=1314, N=0)
2026-04-08 12:34:39,429 - INFO - *****GROWING RR RULE*****
2026-04-08 12:36:21,153 - INFO - Iteracja 0: condition_best: None, quality_best: -inf, coverage_best: (p=0, n=0, P=0, N=0), p_value: 0
2026-04-08 12:36:21,159 - INFO - Regula po iteracji 0: IF  THEN survival_status = {nan}, (p=1314, n=0, P=1314, N=0)
2026-04-08 12:36:21,159 - INFO - *****STOP GROWING RR RULE*****
2026-04-08 12:36:21,159 - INFO - ***RR NOT FOUND***
2026-04-08 12:36:43,030 - INFO - Iteracja 2: condition_best: age <= 94.38, quality_best: 1.0, coverage_best: (p=1223, n=0, P=1314, N=0)
2026-04-08 12:36:43,043 - INFO - Regula po iteracji 2: IF wmi >= 0.75 AND wmi <= 2.60 AND age <= 94.38 THEN survival_status = {7.376}, (p=1223, n=0, P=1314, N=0)
2026-04-08 12:36:43,043 - INFO - *****GROWING RR RULE*****
2026-04-08 12:38:25,447 - INFO - Iteracja 0: condition_best: None, quality_best: -inf, coverage_best: (p=0, n=0, P=0, N=0), p_value: 0
2026-04-08 12:38:25,453 - INFO - Regula po iteracji 0: IF  THEN survival_status = {nan}, (p=1314, n=0, P=1314, N=0)
2026-04-08 12:38:25,453 - INFO - *****STOP GROWING RR RULE*****
2026-04-08 12:38:25,453 - INFO - ***RR NOT FOUND***
2026-04-08 12:38:47,379 - INFO - Iteracja 3: condition_best: age <= 92.27, quality_best: 1.0, coverage_best: (p=1222, n=0, P=1314, N=0)
2026-04-08 12:38:47,392 - INFO - Regula po iteracji 3: IF wmi >= 0.75 AND wmi <= 2.60 AND age <= 94.38 AND age <= 92.27 THEN survival_status = {7.376}, (p=1222, n=0, P=1314, N=0)
2026-04-08 12:38:47,393 - INFO - *****GROWING RR RULE*****
2026-04-08 12:40:28,822 - INFO - Iteracja 0: condition_best: None, quality_best: -inf, coverage_best: (p=0, n=0, P=0, N=0), p_value: 0
2026-04-08 12:40:28,828 - INFO - Regula po iteracji 0: IF  THEN survival_status = {nan}, (p=1314, n=0, P=1314, N=0)
2026-04-08 12:40:28,828 - INFO - *****STOP GROWING RR RULE*****
2026-04-08 12:40:28,828 - INFO - ***RR NOT FOUND***
2026-04-08 12:40:50,910 - INFO - Iteracja 4: condition_best: age <= 91.86, quality_best: 1.0, coverage_best: (p=1221, n=0, P=1314, N=0)
2026-04-08 12:40:50,923 - INFO - Regula po iteracji 4: IF wmi >= 0.75 AND wmi <= 2.60 AND age <= 94.38 AND age <= 92.27 AND age <= 91.86 THEN survival_status = {7.376}, (p=1221, n=0, P=1314, N=0)
2026-04-08 12:40:50,924 - INFO - *****GROWING RR RULE*****
2026-04-08 12:42:32,822 - INFO - Iteracja 0: condition_best: None, quality_best: -inf, coverage_best: (p=0, n=0, P=0, N=0), p_value: 0
2026-04-08 12:42:32,828 - INFO - Regula po iteracji 0: IF  THEN survival_status = {nan}, (p=1314, n=0, P=1314, N=0)
2026-04-08 12:42:32,828 - INFO - *****STOP GROWING RR RULE*****
2026-04-08 12:42:32,828 - INFO - ***RR NOT FOUND***
2026-04-08 12:42:32,828 - INFO - *******STOP GROWING CR RULE*******
2026-04-08 12:42:32,840 - INFO - *******GROWING CR RULE*******
2026-04-08 12:42:55,549 - INFO - Iteracja 0: condition_best: age <= 86.42, quality_best: 1.0, coverage_best: (p=1286, n=0, P=1314, N=0)
2026-04-08 12:42:55,562 - INFO - Regula po iteracji 0: IF age <= 86.42 THEN survival_status = {nan}, (p=1286, n=0, P=1314, N=0)
2026-04-08 12:42:55,562 - INFO - *****GROWING RR RULE*****
2026-04-08 12:44:38,787 - INFO - Iteracja 0: condition_best: None, quality_best: -inf, coverage_best: (p=0, n=0, P=0, N=0), p_value: 0
2026-04-08 12:44:38,793 - INFO - Regula po iteracji 0: IF  THEN survival_status = {nan}, (p=1314, n=0, P=1314, N=0)
2026-04-08 12:44:38,794 - INFO - *****STOP GROWING RR RULE*****
2026-04-08 12:44:38,794 - INFO - ***RR NOT FOUND***
2026-04-08 12:45:01,334 - INFO - Iteracja 1: condition_best: wmi >= 0.35, quality_best: 1.0, coverage_best: (p=1284, n=0, P=1314, N=0)
2026-04-08 12:45:01,346 - INFO - Regula po iteracji 1: IF age <= 86.42 AND wmi >= 0.35 THEN survival_status = {6.877}, (p=1284, n=0, P=1314, N=0)
2026-04-08 12:45:01,346 - INFO - *****GROWING RR RULE*****
2026-04-08 12:46:44,077 - INFO - Iteracja 0: condition_best: None, quality_best: -inf, coverage_best: (p=0, n=0, P=0, N=0), p_value: 0
2026-04-08 12:46:44,083 - INFO - Regula po iteracji 0: IF  THEN survival_status = {nan}, (p=1314, n=0, P=1314, N=0)
2026-04-08 12:46:44,083 - INFO - *****STOP GROWING RR RULE*****
2026-04-08 12:46:44,084 - INFO - ***RR NOT FOUND***
2026-04-08 12:47:06,718 - INFO - Iteracja 2: condition_best: age <= 86.26, quality_best: 1.0, coverage_best: (p=1283, n=0, P=1314, N=0)
2026-04-08 12:47:06,730 - INFO - Regula po iteracji 2: IF age <= 86.42 AND wmi >= 0.35 AND age <= 86.26 THEN survival_status = {6.877}, (p=1283, n=0, P=1314, N=0)
2026-04-08 12:47:06,730 - INFO - *****GROWING RR RULE*****
2026-04-08 12:48:49,520 - INFO - Iteracja 0: condition_best: None, quality_best: -inf, coverage_best: (p=0, n=0, P=0, N=0), p_value: 0
2026-04-08 12:48:49,527 - INFO - Regula po iteracji 0: IF  THEN survival_status = {nan}, (p=1314, n=0, P=1314, N=0)
2026-04-08 12:48:49,527 - INFO - *****STOP GROWING RR RULE*****
2026-04-08 12:48:49,527 - INFO - ***RR NOT FOUND***
2026-04-08 12:49:12,272 - INFO - Iteracja 3: condition_best: wmi >= 0.45, quality_best: 1.0, coverage_best: (p=1277, n=0, P=1314, N=0)
2026-04-08 12:49:12,284 - INFO - Regula po iteracji 3: IF age <= 86.42 AND wmi >= 0.35 AND age <= 86.26 AND wmi >= 0.45 THEN survival_status = {7.044}, (p=1277, n=0, P=1314, N=0)
2026-04-08 12:49:12,284 - INFO - *****GROWING RR RULE*****
2026-04-08 12:50:54,862 - INFO - Iteracja 0: condition_best: None, quality_best: -inf, coverage_best: (p=0, n=0, P=0, N=0), p_value: 0
2026-04-08 12:50:54,868 - INFO - Regula po iteracji 0: IF  THEN survival_status = {nan}, (p=1314, n=0, P=1314, N=0)
2026-04-08 12:50:54,868 - INFO - *****STOP GROWING RR RULE*****
2026-04-08 12:50:54,868 - INFO - ***RR NOT FOUND***
2026-04-08 12:51:17,594 - INFO - Iteracja 4: condition_best: wmi >= 0.55, quality_best: 1.0, coverage_best: (p=1270, n=0, P=1314, N=0)
2026-04-08 12:51:17,607 - INFO - Regula po iteracji 4: IF age <= 86.42 AND wmi >= 0.35 AND age <= 86.26 AND wmi >= 0.45 AND wmi >= 0.55 THEN survival_status = {7.044}, (p=1270, n=0, P=1314, N=0)
2026-04-08 12:51:17,607 - INFO - *****GROWING RR RULE*****
2026-04-08 12:52:59,447 - INFO - Iteracja 0: condition_best: None, quality_best: -inf, coverage_best: (p=0, n=0, P=0, N=0), p_value: 0
2026-04-08 12:52:59,453 - INFO - Regula po iteracji 0: IF  THEN survival_status = {nan}, (p=1314, n=0, P=1314, N=0)
2026-04-08 12:52:59,454 - INFO - *****STOP GROWING RR RULE*****
2026-04-08 12:52:59,454 - INFO - ***RR NOT FOUND***
2026-04-08 12:52:59,454 - INFO - *******STOP GROWING CR RULE*******
2026-04-08 12:53:21,352 - INFO - ************************Finished experiment for 25_TRACE.arff with algorithm_log_rank_with_exceptions************************
2026-04-08 12:53:21,352 - INFO - *************************************************************************************************************************
2026-04-08 12:53:21,352 - INFO - *************************************************************************************************************************
2026-04-08 12:53:21,352 - INFO - *************************************************************************************************************************
2026-04-08 12:53:21,353 - INFO - **********Starting experiment for 25_TRACE.arff with survival_tree**********
2026-04-08 12:53:21,520 - INFO - ************************Finished experiment for 25_TRACE.arff with survival_tree************************
2026-04-08 12:53:21,520 - INFO - *************************************************************************************************************************
2026-04-08 12:53:21,520 - INFO - *************************************************************************************************************************
2026-04-08 12:53:21,520 - INFO - *************************************************************************************************************************
