2026-04-08 10:51:20,027 - INFO - **********Starting experiment for 18_zinc.arff with algorithm_rulekit**********
2026-04-08 10:51:22,712 - INFO - ************************Finished experiment for 18_zinc.arff with algorithm_rulekit************************
2026-04-08 10:51:22,712 - INFO - *************************************************************************************************************************
2026-04-08 10:51:22,712 - INFO - *************************************************************************************************************************
2026-04-08 10:51:22,712 - INFO - *************************************************************************************************************************
2026-04-08 10:51:22,713 - INFO - **********Starting experiment for 18_zinc.arff with algorithm_log_rank**********
2026-04-08 10:51:22,733 - INFO - *******GROWING CR RULE*******
2026-04-08 10:51:25,559 - INFO - Iteracja 0: condition_best: sevdysp = {Worst isn\t severe'}, quality_best: 1.0, coverage_best: (p=291, n=0, P=301, N=0)
2026-04-08 10:51:25,564 - INFO - Regula po iteracji 0: IF sevdysp = {Worst isn\t severe'} THEN survival_status = {nan}, (p=291, n=0, P=301, N=0)
2026-04-08 10:51:28,562 - INFO - Iteracja 1: condition_best: agepill <= 70.50, quality_best: 1.0, coverage_best: (p=290, n=0, P=301, N=0)
2026-04-08 10:51:28,566 - INFO - Regula po iteracji 1: IF sevdysp = {Worst isn\t severe'} AND agepill <= 70.50 THEN survival_status = {inf}, (p=290, n=0, P=301, N=0)
2026-04-08 10:51:31,628 - INFO - Iteracja 2: condition_best: agepill <= 69.00, quality_best: 1.0, coverage_best: (p=289, n=0, P=301, N=0)
2026-04-08 10:51:31,632 - INFO - Regula po iteracji 2: IF sevdysp = {Worst isn\t severe'} AND agepill <= 70.50 AND agepill <= 69.00 THEN survival_status = {inf}, (p=289, n=0, P=301, N=0)
2026-04-08 10:51:34,783 - INFO - Iteracja 3: condition_best: agepill <= 67.50, quality_best: 1.0, coverage_best: (p=288, n=0, P=301, N=0)
2026-04-08 10:51:34,788 - INFO - Regula po iteracji 3: IF sevdysp = {Worst isn\t severe'} AND agepill <= 70.50 AND agepill <= 69.00 AND agepill <= 67.50 THEN survival_status = {inf}, (p=288, n=0, P=301, N=0)
2026-04-08 10:51:38,035 - INFO - Iteracja 4: condition_best: dysp1 <= 2.50, quality_best: 1.0, coverage_best: (p=237, n=0, P=301, N=0)
2026-04-08 10:51:38,039 - INFO - Regula po iteracji 4: IF sevdysp = {Worst isn\t severe'} AND agepill <= 70.50 AND agepill <= 69.00 AND agepill <= 67.50 AND dysp1 <= 2.50 THEN survival_status = {inf}, (p=237, n=0, P=301, N=0)
2026-04-08 10:51:38,039 - INFO - *******STOP GROWING CR RULE*******
2026-04-08 10:51:38,044 - INFO - *******GROWING CR RULE*******
2026-04-08 10:51:39,360 - INFO - Iteracja 0: condition_best: sevdysp = {Severe Dysplasia}, quality_best: 1.0, coverage_best: (p=10, n=0, P=301, N=0)
2026-04-08 10:51:39,364 - INFO - Regula po iteracji 0: IF sevdysp = {Severe Dysplasia} THEN survival_status = {nan}, (p=10, n=0, P=301, N=0)
2026-04-08 10:51:39,663 - INFO - Iteracja 1: condition_best: mildysp = {Worst isn\t mild'}, quality_best: 1.0, coverage_best: (p=10, n=0, P=301, N=0)
2026-04-08 10:51:39,666 - INFO - Regula po iteracji 1: IF sevdysp = {Severe Dysplasia} AND mildysp = {Worst isn\t mild'} THEN survival_status = {1061.0}, (p=10, n=0, P=301, N=0)
2026-04-08 10:51:40,003 - INFO - Iteracja 2: condition_best: moddysp = {Worst isn\t moderate'}, quality_best: 1.0, coverage_best: (p=10, n=0, P=301, N=0)
2026-04-08 10:51:40,007 - INFO - Regula po iteracji 2: IF sevdysp = {Severe Dysplasia} AND mildysp = {Worst isn\t mild'} AND moddysp = {Worst isn\t moderate'} THEN survival_status = {1061.0}, (p=10, n=0, P=301, N=0)
2026-04-08 10:51:40,381 - INFO - Iteracja 3: condition_best: stdagepill >= 0.00, quality_best: 1.0, coverage_best: (p=10, n=0, P=301, N=0)
2026-04-08 10:51:40,385 - INFO - Regula po iteracji 3: IF sevdysp = {Severe Dysplasia} AND mildysp = {Worst isn\t mild'} AND moddysp = {Worst isn\t moderate'} AND stdagepill >= 0.00 THEN survival_status = {1061.0}, (p=10, n=0, P=301, N=0)
2026-04-08 10:51:40,778 - INFO - Iteracja 4: condition_best: agepill >= 47.50, quality_best: 1.0, coverage_best: (p=9, n=0, P=301, N=0)
2026-04-08 10:51:40,782 - INFO - Regula po iteracji 4: IF sevdysp = {Severe Dysplasia} AND mildysp = {Worst isn\t mild'} AND moddysp = {Worst isn\t moderate'} AND stdagepill >= 0.00 AND agepill >= 47.50 THEN survival_status = {1061.0}, (p=9, n=0, P=301, N=0)
2026-04-08 10:51:40,782 - INFO - *******STOP GROWING CR RULE*******
2026-04-08 10:51:40,786 - INFO - *******GROWING CR RULE*******
2026-04-08 10:51:42,044 - INFO - Iteracja 0: condition_best: sevdysp = {Worst isn\t severe'}, quality_best: 1.0, coverage_best: (p=291, n=0, P=301, N=0)
2026-04-08 10:51:42,049 - INFO - Regula po iteracji 0: IF sevdysp = {Worst isn\t severe'} THEN survival_status = {nan}, (p=291, n=0, P=301, N=0)
2026-04-08 10:51:43,628 - INFO - Iteracja 1: condition_best: agepill <= 70.50, quality_best: 1.0, coverage_best: (p=290, n=0, P=301, N=0)
2026-04-08 10:51:43,633 - INFO - Regula po iteracji 1: IF sevdysp = {Worst isn\t severe'} AND agepill <= 70.50 THEN survival_status = {inf}, (p=290, n=0, P=301, N=0)
2026-04-08 10:51:45,451 - INFO - Iteracja 2: condition_best: agepill <= 69.00, quality_best: 1.0, coverage_best: (p=289, n=0, P=301, N=0)
2026-04-08 10:51:45,456 - INFO - Regula po iteracji 2: IF sevdysp = {Worst isn\t severe'} AND agepill <= 70.50 AND agepill <= 69.00 THEN survival_status = {inf}, (p=289, n=0, P=301, N=0)
2026-04-08 10:51:47,224 - INFO - Iteracja 3: condition_best: agepill <= 67.50, quality_best: 1.0, coverage_best: (p=288, n=0, P=301, N=0)
2026-04-08 10:51:47,229 - INFO - Regula po iteracji 3: IF sevdysp = {Worst isn\t severe'} AND agepill <= 70.50 AND agepill <= 69.00 AND agepill <= 67.50 THEN survival_status = {inf}, (p=288, n=0, P=301, N=0)
2026-04-08 10:51:49,081 - INFO - Iteracja 4: condition_best: dysp1 <= 2.50, quality_best: 1.0, coverage_best: (p=237, n=0, P=301, N=0)
2026-04-08 10:51:49,086 - INFO - Regula po iteracji 4: IF sevdysp = {Worst isn\t severe'} AND agepill <= 70.50 AND agepill <= 69.00 AND agepill <= 67.50 AND dysp1 <= 2.50 THEN survival_status = {inf}, (p=237, n=0, P=301, N=0)
2026-04-08 10:51:49,086 - INFO - *******STOP GROWING CR RULE*******
2026-04-08 10:51:51,027 - INFO - ************************Finished experiment for 18_zinc.arff with algorithm_log_rank************************
2026-04-08 10:51:51,027 - INFO - *************************************************************************************************************************
2026-04-08 10:51:51,027 - INFO - *************************************************************************************************************************
2026-04-08 10:51:51,027 - INFO - *************************************************************************************************************************
2026-04-08 10:51:51,028 - INFO - **********Starting experiment for 18_zinc.arff with algorithm_log_rank_with_exceptions**********
2026-04-08 10:51:51,047 - INFO - *******GROWING CR RULE*******
2026-04-08 10:51:53,861 - INFO - Iteracja 0: condition_best: sevdysp = {Worst isn\t severe'}, quality_best: 1.0, coverage_best: (p=291, n=0, P=301, N=0)
2026-04-08 10:51:53,866 - INFO - Regula po iteracji 0: IF sevdysp = {Worst isn\t severe'} THEN survival_status = {nan}, (p=291, n=0, P=301, N=0)
2026-04-08 10:51:53,866 - INFO - *****GROWING RR RULE*****
2026-04-08 10:52:01,660 - INFO - Iteracja 0: condition_best: None, quality_best: -inf, coverage_best: (p=0, n=0, P=0, N=0), p_value: 0
2026-04-08 10:52:01,664 - INFO - Regula po iteracji 0: IF  THEN survival_status = {nan}, (p=301, n=0, P=301, N=0)
2026-04-08 10:52:01,664 - INFO - *****STOP GROWING RR RULE*****
2026-04-08 10:52:01,664 - INFO - ***RR NOT FOUND***
2026-04-08 10:52:04,680 - INFO - Iteracja 1: condition_best: agepill <= 70.50, quality_best: 1.0, coverage_best: (p=290, n=0, P=301, N=0)
2026-04-08 10:52:04,684 - INFO - Regula po iteracji 1: IF sevdysp = {Worst isn\t severe'} AND agepill <= 70.50 THEN survival_status = {inf}, (p=290, n=0, P=301, N=0)
2026-04-08 10:52:04,685 - INFO - *****GROWING RR RULE*****
2026-04-08 10:52:12,462 - INFO - Iteracja 0: condition_best: None, quality_best: -inf, coverage_best: (p=0, n=0, P=0, N=0), p_value: 0
2026-04-08 10:52:12,466 - INFO - Regula po iteracji 0: IF  THEN survival_status = {nan}, (p=301, n=0, P=301, N=0)
2026-04-08 10:52:12,466 - INFO - *****STOP GROWING RR RULE*****
2026-04-08 10:52:12,466 - INFO - ***RR NOT FOUND***
2026-04-08 10:52:15,543 - INFO - Iteracja 2: condition_best: agepill <= 69.00, quality_best: 1.0, coverage_best: (p=289, n=0, P=301, N=0)
2026-04-08 10:52:15,548 - INFO - Regula po iteracji 2: IF sevdysp = {Worst isn\t severe'} AND agepill <= 70.50 AND agepill <= 69.00 THEN survival_status = {inf}, (p=289, n=0, P=301, N=0)
2026-04-08 10:52:15,548 - INFO - *****GROWING RR RULE*****
2026-04-08 10:52:23,302 - INFO - Iteracja 0: condition_best: None, quality_best: -inf, coverage_best: (p=0, n=0, P=0, N=0), p_value: 0
2026-04-08 10:52:23,306 - INFO - Regula po iteracji 0: IF  THEN survival_status = {nan}, (p=301, n=0, P=301, N=0)
2026-04-08 10:52:23,306 - INFO - *****STOP GROWING RR RULE*****
2026-04-08 10:52:23,306 - INFO - ***RR NOT FOUND***
2026-04-08 10:52:26,494 - INFO - Iteracja 3: condition_best: agepill <= 67.50, quality_best: 1.0, coverage_best: (p=288, n=0, P=301, N=0)
2026-04-08 10:52:26,499 - INFO - Regula po iteracji 3: IF sevdysp = {Worst isn\t severe'} AND agepill <= 70.50 AND agepill <= 69.00 AND agepill <= 67.50 THEN survival_status = {inf}, (p=288, n=0, P=301, N=0)
2026-04-08 10:52:26,499 - INFO - *****GROWING RR RULE*****
2026-04-08 10:52:34,254 - INFO - Iteracja 0: condition_best: None, quality_best: -inf, coverage_best: (p=0, n=0, P=0, N=0), p_value: 0
2026-04-08 10:52:34,258 - INFO - Regula po iteracji 0: IF  THEN survival_status = {nan}, (p=301, n=0, P=301, N=0)
2026-04-08 10:52:34,258 - INFO - *****STOP GROWING RR RULE*****
2026-04-08 10:52:34,258 - INFO - ***RR NOT FOUND***
2026-04-08 10:52:37,667 - INFO - Iteracja 4: condition_best: dysp1 <= 2.50, quality_best: 1.0, coverage_best: (p=237, n=0, P=301, N=0)
2026-04-08 10:52:37,672 - INFO - Regula po iteracji 4: IF sevdysp = {Worst isn\t severe'} AND agepill <= 70.50 AND agepill <= 69.00 AND agepill <= 67.50 AND dysp1 <= 2.50 THEN survival_status = {inf}, (p=237, n=0, P=301, N=0)
2026-04-08 10:52:37,672 - INFO - *****GROWING RR RULE*****
2026-04-08 10:52:44,918 - INFO - Iteracja 0: condition_best: None, quality_best: -inf, coverage_best: (p=0, n=0, P=0, N=0), p_value: 0
2026-04-08 10:52:44,922 - INFO - Regula po iteracji 0: IF  THEN survival_status = {nan}, (p=301, n=0, P=301, N=0)
2026-04-08 10:52:44,922 - INFO - *****STOP GROWING RR RULE*****
2026-04-08 10:52:44,922 - INFO - ***RR NOT FOUND***
2026-04-08 10:52:44,922 - INFO - *******STOP GROWING CR RULE*******
2026-04-08 10:52:44,927 - INFO - *******GROWING CR RULE*******
2026-04-08 10:52:46,250 - INFO - Iteracja 0: condition_best: sevdysp = {Severe Dysplasia}, quality_best: 1.0, coverage_best: (p=10, n=0, P=301, N=0)
2026-04-08 10:52:46,254 - INFO - Regula po iteracji 0: IF sevdysp = {Severe Dysplasia} THEN survival_status = {nan}, (p=10, n=0, P=301, N=0)
2026-04-08 10:52:46,254 - INFO - *****GROWING RR RULE*****
2026-04-08 10:52:51,972 - INFO - Iteracja 0: condition_best: None, quality_best: -inf, coverage_best: (p=0, n=0, P=0, N=0), p_value: 0
2026-04-08 10:52:51,976 - INFO - Regula po iteracji 0: IF  THEN survival_status = {nan}, (p=301, n=0, P=301, N=0)
2026-04-08 10:52:51,976 - INFO - *****STOP GROWING RR RULE*****
2026-04-08 10:52:51,976 - INFO - ***RR NOT FOUND***
2026-04-08 10:52:52,279 - INFO - Iteracja 1: condition_best: mildysp = {Worst isn\t mild'}, quality_best: 1.0, coverage_best: (p=10, n=0, P=301, N=0)
2026-04-08 10:52:52,284 - INFO - Regula po iteracji 1: IF sevdysp = {Severe Dysplasia} AND mildysp = {Worst isn\t mild'} THEN survival_status = {1061.0}, (p=10, n=0, P=301, N=0)
2026-04-08 10:52:52,284 - INFO - *****GROWING RR RULE*****
2026-04-08 10:52:57,992 - INFO - Iteracja 0: condition_best: None, quality_best: -inf, coverage_best: (p=0, n=0, P=0, N=0), p_value: 0
2026-04-08 10:52:57,996 - INFO - Regula po iteracji 0: IF  THEN survival_status = {nan}, (p=301, n=0, P=301, N=0)
2026-04-08 10:52:57,996 - INFO - *****STOP GROWING RR RULE*****
2026-04-08 10:52:57,996 - INFO - ***RR NOT FOUND***
2026-04-08 10:52:58,337 - INFO - Iteracja 2: condition_best: moddysp = {Worst isn\t moderate'}, quality_best: 1.0, coverage_best: (p=10, n=0, P=301, N=0)
2026-04-08 10:52:58,341 - INFO - Regula po iteracji 2: IF sevdysp = {Severe Dysplasia} AND mildysp = {Worst isn\t mild'} AND moddysp = {Worst isn\t moderate'} THEN survival_status = {1061.0}, (p=10, n=0, P=301, N=0)
2026-04-08 10:52:58,342 - INFO - *****GROWING RR RULE*****
2026-04-08 10:53:04,043 - INFO - Iteracja 0: condition_best: None, quality_best: -inf, coverage_best: (p=0, n=0, P=0, N=0), p_value: 0
2026-04-08 10:53:04,047 - INFO - Regula po iteracji 0: IF  THEN survival_status = {nan}, (p=301, n=0, P=301, N=0)
2026-04-08 10:53:04,047 - INFO - *****STOP GROWING RR RULE*****
2026-04-08 10:53:04,047 - INFO - ***RR NOT FOUND***
2026-04-08 10:53:04,426 - INFO - Iteracja 3: condition_best: stdagepill >= 0.00, quality_best: 1.0, coverage_best: (p=10, n=0, P=301, N=0)
2026-04-08 10:53:04,430 - INFO - Regula po iteracji 3: IF sevdysp = {Severe Dysplasia} AND mildysp = {Worst isn\t mild'} AND moddysp = {Worst isn\t moderate'} AND stdagepill >= 0.00 THEN survival_status = {1061.0}, (p=10, n=0, P=301, N=0)
2026-04-08 10:53:04,431 - INFO - *****GROWING RR RULE*****
2026-04-08 10:53:10,130 - INFO - Iteracja 0: condition_best: None, quality_best: -inf, coverage_best: (p=0, n=0, P=0, N=0), p_value: 0
2026-04-08 10:53:10,134 - INFO - Regula po iteracji 0: IF  THEN survival_status = {nan}, (p=301, n=0, P=301, N=0)
2026-04-08 10:53:10,134 - INFO - *****STOP GROWING RR RULE*****
2026-04-08 10:53:10,134 - INFO - ***RR NOT FOUND***
2026-04-08 10:53:10,531 - INFO - Iteracja 4: condition_best: agepill >= 47.50, quality_best: 1.0, coverage_best: (p=9, n=0, P=301, N=0)
2026-04-08 10:53:10,535 - INFO - Regula po iteracji 4: IF sevdysp = {Severe Dysplasia} AND mildysp = {Worst isn\t mild'} AND moddysp = {Worst isn\t moderate'} AND stdagepill >= 0.00 AND agepill >= 47.50 THEN survival_status = {1061.0}, (p=9, n=0, P=301, N=0)
2026-04-08 10:53:10,536 - INFO - *****GROWING RR RULE*****
2026-04-08 10:53:16,206 - INFO - Iteracja 0: condition_best: None, quality_best: -inf, coverage_best: (p=0, n=0, P=0, N=0), p_value: 0
2026-04-08 10:53:16,210 - INFO - Regula po iteracji 0: IF  THEN survival_status = {nan}, (p=301, n=0, P=301, N=0)
2026-04-08 10:53:16,210 - INFO - *****STOP GROWING RR RULE*****
2026-04-08 10:53:16,210 - INFO - ***RR NOT FOUND***
2026-04-08 10:53:16,210 - INFO - *******STOP GROWING CR RULE*******
2026-04-08 10:53:16,214 - INFO - *******GROWING CR RULE*******
2026-04-08 10:53:17,464 - INFO - Iteracja 0: condition_best: sevdysp = {Worst isn\t severe'}, quality_best: 1.0, coverage_best: (p=291, n=0, P=301, N=0)
2026-04-08 10:53:17,468 - INFO - Regula po iteracji 0: IF sevdysp = {Worst isn\t severe'} THEN survival_status = {nan}, (p=291, n=0, P=301, N=0)
2026-04-08 10:53:17,469 - INFO - *****GROWING RR RULE*****
2026-04-08 10:53:25,212 - INFO - Iteracja 0: condition_best: None, quality_best: -inf, coverage_best: (p=0, n=0, P=0, N=0), p_value: 0
2026-04-08 10:53:25,216 - INFO - Regula po iteracji 0: IF  THEN survival_status = {nan}, (p=301, n=0, P=301, N=0)
2026-04-08 10:53:25,216 - INFO - *****STOP GROWING RR RULE*****
2026-04-08 10:53:25,216 - INFO - ***RR NOT FOUND***
2026-04-08 10:53:26,788 - INFO - Iteracja 1: condition_best: agepill <= 70.50, quality_best: 1.0, coverage_best: (p=290, n=0, P=301, N=0)
2026-04-08 10:53:26,793 - INFO - Regula po iteracji 1: IF sevdysp = {Worst isn\t severe'} AND agepill <= 70.50 THEN survival_status = {inf}, (p=290, n=0, P=301, N=0)
2026-04-08 10:53:26,793 - INFO - *****GROWING RR RULE*****
2026-04-08 10:53:34,554 - INFO - Iteracja 0: condition_best: None, quality_best: -inf, coverage_best: (p=0, n=0, P=0, N=0), p_value: 0
2026-04-08 10:53:34,558 - INFO - Regula po iteracji 0: IF  THEN survival_status = {nan}, (p=301, n=0, P=301, N=0)
2026-04-08 10:53:34,558 - INFO - *****STOP GROWING RR RULE*****
2026-04-08 10:53:34,558 - INFO - ***RR NOT FOUND***
2026-04-08 10:53:36,231 - INFO - Iteracja 2: condition_best: agepill <= 69.00, quality_best: 1.0, coverage_best: (p=289, n=0, P=301, N=0)
2026-04-08 10:53:36,235 - INFO - Regula po iteracji 2: IF sevdysp = {Worst isn\t severe'} AND agepill <= 70.50 AND agepill <= 69.00 THEN survival_status = {inf}, (p=289, n=0, P=301, N=0)
2026-04-08 10:53:36,236 - INFO - *****GROWING RR RULE*****
2026-04-08 10:53:44,019 - INFO - Iteracja 0: condition_best: None, quality_best: -inf, coverage_best: (p=0, n=0, P=0, N=0), p_value: 0
2026-04-08 10:53:44,023 - INFO - Regula po iteracji 0: IF  THEN survival_status = {nan}, (p=301, n=0, P=301, N=0)
2026-04-08 10:53:44,023 - INFO - *****STOP GROWING RR RULE*****
2026-04-08 10:53:44,023 - INFO - ***RR NOT FOUND***
2026-04-08 10:53:45,788 - INFO - Iteracja 3: condition_best: agepill <= 67.50, quality_best: 1.0, coverage_best: (p=288, n=0, P=301, N=0)
2026-04-08 10:53:45,792 - INFO - Regula po iteracji 3: IF sevdysp = {Worst isn\t severe'} AND agepill <= 70.50 AND agepill <= 69.00 AND agepill <= 67.50 THEN survival_status = {inf}, (p=288, n=0, P=301, N=0)
2026-04-08 10:53:45,793 - INFO - *****GROWING RR RULE*****
2026-04-08 10:53:53,558 - INFO - Iteracja 0: condition_best: None, quality_best: -inf, coverage_best: (p=0, n=0, P=0, N=0), p_value: 0
2026-04-08 10:53:53,562 - INFO - Regula po iteracji 0: IF  THEN survival_status = {nan}, (p=301, n=0, P=301, N=0)
2026-04-08 10:53:53,562 - INFO - *****STOP GROWING RR RULE*****
2026-04-08 10:53:53,562 - INFO - ***RR NOT FOUND***
2026-04-08 10:53:55,418 - INFO - Iteracja 4: condition_best: dysp1 <= 2.50, quality_best: 1.0, coverage_best: (p=237, n=0, P=301, N=0)
2026-04-08 10:53:55,423 - INFO - Regula po iteracji 4: IF sevdysp = {Worst isn\t severe'} AND agepill <= 70.50 AND agepill <= 69.00 AND agepill <= 67.50 AND dysp1 <= 2.50 THEN survival_status = {inf}, (p=237, n=0, P=301, N=0)
2026-04-08 10:53:55,423 - INFO - *****GROWING RR RULE*****
2026-04-08 10:54:02,688 - INFO - Iteracja 0: condition_best: None, quality_best: -inf, coverage_best: (p=0, n=0, P=0, N=0), p_value: 0
2026-04-08 10:54:02,692 - INFO - Regula po iteracji 0: IF  THEN survival_status = {nan}, (p=301, n=0, P=301, N=0)
2026-04-08 10:54:02,692 - INFO - *****STOP GROWING RR RULE*****
2026-04-08 10:54:02,692 - INFO - ***RR NOT FOUND***
2026-04-08 10:54:02,692 - INFO - *******STOP GROWING CR RULE*******
2026-04-08 10:54:04,642 - INFO - ************************Finished experiment for 18_zinc.arff with algorithm_log_rank_with_exceptions************************
2026-04-08 10:54:04,642 - INFO - *************************************************************************************************************************
2026-04-08 10:54:04,642 - INFO - *************************************************************************************************************************
2026-04-08 10:54:04,642 - INFO - *************************************************************************************************************************
2026-04-08 10:54:04,643 - INFO - **********Starting experiment for 18_zinc.arff with survival_tree**********
2026-04-08 10:54:04,870 - INFO - ************************Finished experiment for 18_zinc.arff with survival_tree************************
2026-04-08 10:54:04,870 - INFO - *************************************************************************************************************************
2026-04-08 10:54:04,870 - INFO - *************************************************************************************************************************
2026-04-08 10:54:04,870 - INFO - *************************************************************************************************************************
