2026-04-14 12:03:20,801 - INFO - **********Starting experiment for concrete.arff with algorithm**********
2026-04-14 12:03:20,804 - INFO - *******GROWING CR RULE*******
2026-04-14 12:03:20,877 - INFO - Iteracja 0: condition_best: Water <= 169.25, quality_best: 0.52, coverage_best: (p=9, n=1, P=38, N=65)
2026-04-14 12:03:20,877 - INFO - Regula po iteracji 0: IF Water <= 169.25 THEN class = {44.40} [37.62, 51.19], (p=9, n=1, P=38, N=65)
2026-04-14 12:03:20,877 - INFO - *****GROWING RR RULE*****
2026-04-14 12:03:20,979 - INFO - Iteracja 0: condition_best: Cement >= 178.55, quality_best: 0.049, coverage_best: (p=35, n=20, P=63, N=40), p_value: 4
2026-04-14 12:03:20,979 - INFO - Regula po iteracji 0: IF Cement >= 178.55 THEN class = {36.04} [28.24, 43.84], (p=35, n=20, P=63, N=40)
2026-04-14 12:03:21,038 - INFO - Iteracja 1: condition_best: None, quality_best: -inf, coverage_best: (p=0, n=0, P=0, N=0), p_value: 4
2026-04-14 12:03:21,038 - INFO - Regula po iteracji 1: IF Cement >= 178.55 THEN class = {39.37} [31.90, 46.84], (p=35, n=20, P=63, N=40)
2026-04-14 12:03:21,039 - INFO - *****STOP GROWING RR RULE*****
2026-04-14 12:03:21,039 - INFO - ***RR FOUND***
2026-04-14 12:03:21,039 - INFO - Reference rule: IF Cement >= 178.55 THEN class = {39.37} [31.90, 46.84]
2026-04-14 12:03:21,039 - INFO - ***CHECKING EXCEPTION***
2026-04-14 12:03:21,040 - INFO - *******STOP GROWING CR RULE*******
2026-04-14 12:03:21,040 - INFO - *******GROWING CR RULE*******
2026-04-14 12:03:21,095 - INFO - Iteracja 0: condition_best: Fly ash >= 239.95, quality_best: 0.456, coverage_best: (p=6, n=2, P=19, N=84)
2026-04-14 12:03:21,095 - INFO - Regula po iteracji 0: IF Fly ash >= 239.95 THEN class = {36.54} [34.54, 38.54], (p=6, n=2, P=19, N=84)
2026-04-14 12:03:21,095 - INFO - *****GROWING RR RULE*****
2026-04-14 12:03:21,195 - INFO - Iteracja 0: condition_best: None, quality_best: -inf, coverage_best: (p=0, n=0, P=0, N=0), p_value: 0
2026-04-14 12:03:21,195 - INFO - Regula po iteracji 0: IF  THEN class = {36.04} [28.24, 43.84], (p=71, n=32, P=71, N=32)
2026-04-14 12:03:21,195 - INFO - *****STOP GROWING RR RULE*****
2026-04-14 12:03:21,195 - INFO - ***RR NOT FOUND***
2026-04-14 12:03:21,201 - INFO - Iteracja 1: condition_best: Cement <= 180.15, quality_best: 0.418, coverage_best: (p=5, n=2, P=18, N=85)
2026-04-14 12:03:21,201 - INFO - Regula po iteracji 1: IF Fly ash >= 239.95 AND Cement <= 180.15 THEN class = {36.27} [34.28, 38.26], (p=5, n=2, P=18, N=85)
2026-04-14 12:03:21,201 - INFO - *****GROWING RR RULE*****
2026-04-14 12:03:21,301 - INFO - Iteracja 0: condition_best: None, quality_best: -inf, coverage_best: (p=0, n=0, P=0, N=0), p_value: 0
2026-04-14 12:03:21,301 - INFO - Regula po iteracji 0: IF  THEN class = {36.04} [28.24, 43.84], (p=71, n=32, P=71, N=32)
2026-04-14 12:03:21,301 - INFO - *****STOP GROWING RR RULE*****
2026-04-14 12:03:21,301 - INFO - ***RR NOT FOUND***
2026-04-14 12:03:21,305 - INFO - Iteracja 2: condition_best: Fly ash <= 249.00, quality_best: 0.408, coverage_best: (p=3, n=2, P=7, N=96)
2026-04-14 12:03:21,305 - INFO - Regula po iteracji 2: IF Fly ash >= 239.95 AND Cement <= 180.15 AND Fly ash <= 249.00 THEN class = {35.17} [34.38, 35.97], (p=3, n=2, P=7, N=96)
2026-04-14 12:03:21,306 - INFO - *****GROWING RR RULE*****
2026-04-14 12:03:21,406 - INFO - Iteracja 0: condition_best: None, quality_best: -inf, coverage_best: (p=0, n=0, P=0, N=0), p_value: 0
2026-04-14 12:03:21,406 - INFO - Regula po iteracji 0: IF  THEN class = {36.04} [28.24, 43.84], (p=71, n=32, P=71, N=32)
2026-04-14 12:03:21,406 - INFO - *****STOP GROWING RR RULE*****
2026-04-14 12:03:21,406 - INFO - ***RR NOT FOUND***
2026-04-14 12:03:21,409 - INFO - Iteracja 3: condition_best: None, quality_best: -inf, coverage_best: (p=0, n=0, P=0, N=0)
2026-04-14 12:03:21,409 - INFO - Regula po iteracji 3: IF Fly ash >= 239.95 AND Cement <= 180.15 AND Fly ash <= 249.00 THEN class = {35.17} [34.38, 35.97], (p=3, n=2, P=7, N=96)
2026-04-14 12:03:21,409 - INFO - *******STOP GROWING CR RULE*******
2026-04-14 12:03:21,410 - INFO - *******GROWING CR RULE*******
2026-04-14 12:03:21,464 - INFO - Iteracja 0: condition_best: Coarse Aggr. >= 1,021.45, quality_best: 0.428, coverage_best: (p=8, n=1, P=57, N=46)
2026-04-14 12:03:21,464 - INFO - Regula po iteracji 0: IF Coarse Aggr. >= 1,021.45 THEN class = {31.94} [26.18, 37.70], (p=8, n=1, P=57, N=46)
2026-04-14 12:03:21,464 - INFO - *****GROWING RR RULE*****
2026-04-14 12:03:21,696 - INFO - Iteracja 0: condition_best: Fly ash <= 219.50, quality_best: -0.018, coverage_best: (p=52, n=20, P=75, N=28), p_value: 3
2026-04-14 12:03:21,696 - INFO - Regula po iteracji 0: IF Fly ash <= 219.50 THEN class = {36.04} [28.24, 43.84], (p=52, n=20, P=75, N=28)
2026-04-14 12:03:21,766 - INFO - Iteracja 1: condition_best: None, quality_best: -inf, coverage_best: (p=0, n=0, P=0, N=0), p_value: 3
2026-04-14 12:03:21,766 - INFO - Regula po iteracji 1: IF Fly ash <= 219.50 THEN class = {35.03} [26.96, 43.11], (p=52, n=20, P=75, N=28)
2026-04-14 12:03:21,766 - INFO - *****STOP GROWING RR RULE*****
2026-04-14 12:03:21,766 - INFO - ***RR FOUND***
2026-04-14 12:03:21,766 - INFO - Reference rule: IF Fly ash <= 219.50 THEN class = {35.03} [26.96, 43.11]
2026-04-14 12:03:21,766 - INFO - ***CHECKING EXCEPTION***
2026-04-14 12:03:21,767 - INFO - *******STOP GROWING CR RULE*******
2026-04-14 12:03:21,768 - INFO - *******GROWING CR RULE*******
2026-04-14 12:03:21,822 - INFO - Iteracja 0: condition_best: SLUMP(cm) <= 2.25, quality_best: 0.428, coverage_best: (p=12, n=2, P=54, N=49)
2026-04-14 12:03:21,822 - INFO - Regula po iteracji 0: IF SLUMP(cm) <= 2.25 THEN class = {42.93} [34.16, 51.71], (p=12, n=2, P=54, N=49)
2026-04-14 12:03:21,822 - INFO - *****GROWING RR RULE*****
2026-04-14 12:03:22,017 - INFO - Iteracja 0: condition_best: None, quality_best: -inf, coverage_best: (p=0, n=0, P=0, N=0), p_value: 0
2026-04-14 12:03:22,017 - INFO - Regula po iteracji 0: IF  THEN class = {36.04} [28.24, 43.84], (p=71, n=32, P=71, N=32)
2026-04-14 12:03:22,017 - INFO - *****STOP GROWING RR RULE*****
2026-04-14 12:03:22,017 - INFO - ***RR NOT FOUND***
2026-04-14 12:03:22,026 - INFO - Iteracja 1: condition_best: Cement >= 157.00, quality_best: 0.601, coverage_best: (p=10, n=1, P=27, N=76)
2026-04-14 12:03:22,026 - INFO - Regula po iteracji 1: IF SLUMP(cm) <= 2.25 AND Cement >= 157.00 THEN class = {46.09} [40.71, 51.47], (p=10, n=1, P=27, N=76)
2026-04-14 12:03:22,026 - INFO - *****GROWING RR RULE*****
2026-04-14 12:03:22,137 - INFO - Iteracja 0: condition_best: None, quality_best: -inf, coverage_best: (p=0, n=0, P=0, N=0), p_value: 0
2026-04-14 12:03:22,137 - INFO - Regula po iteracji 0: IF  THEN class = {36.04} [28.24, 43.84], (p=71, n=32, P=71, N=32)
2026-04-14 12:03:22,137 - INFO - *****STOP GROWING RR RULE*****
2026-04-14 12:03:22,137 - INFO - ***RR NOT FOUND***
2026-04-14 12:03:22,143 - INFO - Iteracja 2: condition_best: Fly ash >= 140.00, quality_best: 0.576, coverage_best: (p=9, n=1, P=27, N=76)
2026-04-14 12:03:22,143 - INFO - Regula po iteracji 2: IF SLUMP(cm) <= 2.25 AND Cement >= 157.00 AND Fly ash >= 140.00 THEN class = {46.29} [40.69, 51.89], (p=9, n=1, P=27, N=76)
2026-04-14 12:03:22,143 - INFO - *****GROWING RR RULE*****
2026-04-14 12:03:22,254 - INFO - Iteracja 0: condition_best: None, quality_best: -inf, coverage_best: (p=0, n=0, P=0, N=0), p_value: 0
2026-04-14 12:03:22,255 - INFO - Regula po iteracji 0: IF  THEN class = {36.04} [28.24, 43.84], (p=71, n=32, P=71, N=32)
2026-04-14 12:03:22,255 - INFO - *****STOP GROWING RR RULE*****
2026-04-14 12:03:22,255 - INFO - ***RR NOT FOUND***
2026-04-14 12:03:22,260 - INFO - Iteracja 3: condition_best: Fly ash <= 239.75, quality_best: 0.545, coverage_best: (p=8, n=1, P=28, N=75)
2026-04-14 12:03:22,260 - INFO - Regula po iteracji 3: IF SLUMP(cm) <= 2.25 AND Cement >= 157.00 AND Fly ash >= 140.00 AND Fly ash <= 239.75 THEN class = {45.85} [40.11, 51.59], (p=8, n=1, P=28, N=75)
2026-04-14 12:03:22,261 - INFO - *****GROWING RR RULE*****
2026-04-14 12:03:22,387 - INFO - Iteracja 0: condition_best: None, quality_best: -inf, coverage_best: (p=0, n=0, P=0, N=0), p_value: 0
2026-04-14 12:03:22,387 - INFO - Regula po iteracji 0: IF  THEN class = {36.04} [28.24, 43.84], (p=71, n=32, P=71, N=32)
2026-04-14 12:03:22,387 - INFO - *****STOP GROWING RR RULE*****
2026-04-14 12:03:22,387 - INFO - ***RR NOT FOUND***
2026-04-14 12:03:22,392 - INFO - Iteracja 4: condition_best: Slag <= 160.20, quality_best: 0.523, coverage_best: (p=7, n=1, P=27, N=76)
2026-04-14 12:03:22,392 - INFO - Regula po iteracji 4: IF SLUMP(cm) <= 2.25 AND Cement >= 157.00 AND Fly ash >= 140.00 AND Fly ash <= 239.75 AND Slag <= 160.20 THEN class = {46.39} [40.52, 52.26], (p=7, n=1, P=27, N=76)
2026-04-14 12:03:22,392 - INFO - *****GROWING RR RULE*****
2026-04-14 12:03:22,509 - INFO - Iteracja 0: condition_best: None, quality_best: -inf, coverage_best: (p=0, n=0, P=0, N=0), p_value: 0
2026-04-14 12:03:22,509 - INFO - Regula po iteracji 0: IF  THEN class = {36.04} [28.24, 43.84], (p=71, n=32, P=71, N=32)
2026-04-14 12:03:22,509 - INFO - *****STOP GROWING RR RULE*****
2026-04-14 12:03:22,509 - INFO - ***RR NOT FOUND***
2026-04-14 12:03:22,509 - INFO - *******STOP GROWING CR RULE*******
2026-04-14 12:03:22,510 - INFO - *******GROWING CR RULE*******
2026-04-14 12:03:22,563 - INFO - Iteracja 0: condition_best: Fly ash <= 102.50, quality_best: 0.425, coverage_best: (p=17, n=5, P=43, N=60)
2026-04-14 12:03:22,563 - INFO - Regula po iteracji 0: IF Fly ash <= 102.50 THEN class = {28.83} [23.45, 34.22], (p=17, n=5, P=43, N=60)
2026-04-14 12:03:22,563 - INFO - *****GROWING RR RULE*****
2026-04-14 12:03:22,693 - INFO - Iteracja 0: condition_best: Cement <= 165.15, quality_best: 0.336, coverage_best: (p=33, n=11, P=58, N=45), p_value: 4
2026-04-14 12:03:22,693 - INFO - Regula po iteracji 0: IF Cement <= 165.15 THEN class = {36.04} [28.24, 43.84], (p=33, n=11, P=58, N=45)
2026-04-14 12:03:22,744 - INFO - Iteracja 1: condition_best: None, quality_best: -inf, coverage_best: (p=0, n=0, P=0, N=0), p_value: 4
2026-04-14 12:03:22,744 - INFO - Regula po iteracji 1: IF Cement <= 165.15 THEN class = {31.60} [25.52, 37.68], (p=33, n=11, P=58, N=45)
2026-04-14 12:03:22,744 - INFO - *****STOP GROWING RR RULE*****
2026-04-14 12:03:22,744 - INFO - ***RR FOUND***
2026-04-14 12:03:22,744 - INFO - Reference rule: IF Cement <= 165.15 THEN class = {31.60} [25.52, 37.68]
2026-04-14 12:03:22,744 - INFO - ***CHECKING EXCEPTION***
2026-04-14 12:03:22,745 - INFO - *******STOP GROWING CR RULE*******
2026-04-14 12:03:22,746 - INFO - *******GROWING CR RULE*******
2026-04-14 12:03:22,799 - INFO - Iteracja 0: condition_best: Cement <= 162.50, quality_best: 0.387, coverage_best: (p=32, n=10, P=55, N=48)
2026-04-14 12:03:22,799 - INFO - Regula po iteracji 0: IF Cement <= 162.50 THEN class = {31.69} [26.00, 37.37], (p=32, n=10, P=55, N=48)
2026-04-14 12:03:22,799 - INFO - *****GROWING RR RULE*****
2026-04-14 12:03:22,911 - INFO - Iteracja 0: condition_best: Fly ash <= 155.00, quality_best: 0.106, coverage_best: (p=34, n=14, P=68, N=35), p_value: 10
2026-04-14 12:03:22,911 - INFO - Regula po iteracji 0: IF Fly ash <= 155.00 THEN class = {36.04} [28.24, 43.84], (p=34, n=14, P=68, N=35)
2026-04-14 12:03:22,958 - INFO - Iteracja 1: condition_best: None, quality_best: -inf, coverage_best: (p=0, n=0, P=0, N=0), p_value: 10
2026-04-14 12:03:22,958 - INFO - Regula po iteracji 1: IF Fly ash <= 155.00 THEN class = {33.18} [25.99, 40.37], (p=34, n=14, P=68, N=35)
2026-04-14 12:03:22,958 - INFO - *****STOP GROWING RR RULE*****
2026-04-14 12:03:22,958 - INFO - ***RR FOUND***
2026-04-14 12:03:22,958 - INFO - Reference rule: IF Fly ash <= 155.00 THEN class = {33.18} [25.99, 40.37]
2026-04-14 12:03:22,958 - INFO - ***CHECKING EXCEPTION***
2026-04-14 12:03:22,959 - INFO - *******STOP GROWING CR RULE*******
2026-04-14 12:03:22,960 - INFO - *******GROWING CR RULE*******
2026-04-14 12:03:23,011 - INFO - Iteracja 0: condition_best: Fly ash <= 117.50, quality_best: 0.365, coverage_best: (p=21, n=7, P=50, N=53)
2026-04-14 12:03:23,011 - INFO - Regula po iteracji 0: IF Fly ash <= 117.50 THEN class = {30.15} [24.16, 36.14], (p=21, n=7, P=50, N=53)
2026-04-14 12:03:23,012 - INFO - *****GROWING RR RULE*****
2026-04-14 12:03:23,123 - INFO - Iteracja 0: condition_best: Cement <= 263.00, quality_best: 0.164, coverage_best: (p=40, n=16, P=66, N=37), p_value: 7
2026-04-14 12:03:23,123 - INFO - Regula po iteracji 0: IF Cement <= 263.00 THEN class = {36.04} [28.24, 43.84], (p=40, n=16, P=66, N=37)
2026-04-14 12:03:23,186 - INFO - Iteracja 1: condition_best: None, quality_best: -inf, coverage_best: (p=0, n=0, P=0, N=0), p_value: 7
2026-04-14 12:03:23,186 - INFO - Regula po iteracji 1: IF Cement <= 263.00 THEN class = {33.63} [26.41, 40.85], (p=40, n=16, P=66, N=37)
2026-04-14 12:03:23,186 - INFO - *****STOP GROWING RR RULE*****
2026-04-14 12:03:23,186 - INFO - ***RR FOUND***
2026-04-14 12:03:23,186 - INFO - Reference rule: IF Cement <= 263.00 THEN class = {33.63} [26.41, 40.85]
2026-04-14 12:03:23,186 - INFO - ***CHECKING EXCEPTION***
2026-04-14 12:03:23,187 - INFO - *******STOP GROWING CR RULE*******
2026-04-14 12:03:23,187 - INFO - *******GROWING CR RULE*******
2026-04-14 12:03:23,239 - INFO - Iteracja 0: condition_best: Fly ash >= 239.65, quality_best: 0.344, coverage_best: (p=11, n=3, P=52, N=51)
2026-04-14 12:03:23,239 - INFO - Regula po iteracji 0: IF Fly ash >= 239.65 THEN class = {38.95} [32.92, 44.98], (p=11, n=3, P=52, N=51)
2026-04-14 12:03:23,239 - INFO - *****GROWING RR RULE*****
2026-04-14 12:03:23,341 - INFO - Iteracja 0: condition_best: Cement >= 204.95, quality_best: 0.041, coverage_best: (p=34, n=19, P=64, N=39), p_value: 4
2026-04-14 12:03:23,341 - INFO - Regula po iteracji 0: IF Cement >= 204.95 THEN class = {36.04} [28.24, 43.84], (p=34, n=19, P=64, N=39)
2026-04-14 12:03:23,395 - INFO - Iteracja 1: condition_best: None, quality_best: -inf, coverage_best: (p=0, n=0, P=0, N=0), p_value: 4
2026-04-14 12:03:23,395 - INFO - Regula po iteracji 1: IF Cement >= 204.95 THEN class = {39.36} [31.75, 46.96], (p=34, n=19, P=64, N=39)
2026-04-14 12:03:23,395 - INFO - *****STOP GROWING RR RULE*****
2026-04-14 12:03:23,395 - INFO - ***RR FOUND***
2026-04-14 12:03:23,395 - INFO - Reference rule: IF Cement >= 204.95 THEN class = {39.36} [31.75, 46.96]
2026-04-14 12:03:23,395 - INFO - ***CHECKING EXCEPTION***
2026-04-14 12:03:23,396 - INFO - *******STOP GROWING CR RULE*******
2026-04-14 12:03:23,396 - INFO - *******GROWING CR RULE*******
2026-04-14 12:03:23,448 - INFO - Iteracja 0: condition_best: FLOW(cm) >= 67.50, quality_best: 0.318, coverage_best: (p=10, n=3, P=52, N=51)
2026-04-14 12:03:23,448 - INFO - Regula po iteracji 0: IF FLOW(cm) >= 67.50 THEN class = {38.86} [32.90, 44.83], (p=10, n=3, P=52, N=51)
2026-04-14 12:03:23,448 - INFO - *****GROWING RR RULE*****
2026-04-14 12:03:23,561 - INFO - Iteracja 0: condition_best: None, quality_best: -inf, coverage_best: (p=0, n=0, P=0, N=0), p_value: 0
2026-04-14 12:03:23,561 - INFO - Regula po iteracji 0: IF  THEN class = {36.04} [28.24, 43.84], (p=71, n=32, P=71, N=32)
2026-04-14 12:03:23,561 - INFO - *****STOP GROWING RR RULE*****
2026-04-14 12:03:23,561 - INFO - ***RR NOT FOUND***
2026-04-14 12:03:23,570 - INFO - Iteracja 1: condition_best: Cement >= 151.60, quality_best: 0.435, coverage_best: (p=9, n=2, P=39, N=64)
2026-04-14 12:03:23,570 - INFO - Regula po iteracji 1: IF FLOW(cm) >= 67.50 AND Cement >= 151.60 THEN class = {40.40} [35.52, 45.28], (p=9, n=2, P=39, N=64)
2026-04-14 12:03:23,570 - INFO - *****GROWING RR RULE*****
2026-04-14 12:03:23,670 - INFO - Iteracja 0: condition_best: None, quality_best: -inf, coverage_best: (p=0, n=0, P=0, N=0), p_value: 0
2026-04-14 12:03:23,670 - INFO - Regula po iteracji 0: IF  THEN class = {36.04} [28.24, 43.84], (p=71, n=32, P=71, N=32)
2026-04-14 12:03:23,670 - INFO - *****STOP GROWING RR RULE*****
2026-04-14 12:03:23,670 - INFO - ***RR NOT FOUND***
2026-04-14 12:03:23,677 - INFO - Iteracja 2: condition_best: Water >= 204.00, quality_best: 0.413, coverage_best: (p=8, n=2, P=38, N=65)
2026-04-14 12:03:23,677 - INFO - Regula po iteracji 2: IF FLOW(cm) >= 67.50 AND Cement >= 151.60 AND Water >= 204.00 THEN class = {40.88} [36.03, 45.74], (p=8, n=2, P=38, N=65)
2026-04-14 12:03:23,677 - INFO - *****GROWING RR RULE*****
2026-04-14 12:03:23,776 - INFO - Iteracja 0: condition_best: None, quality_best: -inf, coverage_best: (p=0, n=0, P=0, N=0), p_value: 0
2026-04-14 12:03:23,777 - INFO - Regula po iteracji 0: IF  THEN class = {36.04} [28.24, 43.84], (p=71, n=32, P=71, N=32)
2026-04-14 12:03:23,777 - INFO - *****STOP GROWING RR RULE*****
2026-04-14 12:03:23,777 - INFO - ***RR NOT FOUND***
2026-04-14 12:03:23,783 - INFO - Iteracja 3: condition_best: Cement >= 293.00, quality_best: 0.403, coverage_best: (p=5, n=2, P=20, N=83)
2026-04-14 12:03:23,783 - INFO - Regula po iteracji 3: IF FLOW(cm) >= 67.50 AND Cement >= 151.60 AND Water >= 204.00 AND Cement >= 293.00 THEN class = {43.40} [40.61, 46.18], (p=5, n=2, P=20, N=83)
2026-04-14 12:03:23,783 - INFO - *****GROWING RR RULE*****
2026-04-14 12:03:23,883 - INFO - Iteracja 0: condition_best: None, quality_best: -inf, coverage_best: (p=0, n=0, P=0, N=0), p_value: 0
2026-04-14 12:03:23,883 - INFO - Regula po iteracji 0: IF  THEN class = {36.04} [28.24, 43.84], (p=71, n=32, P=71, N=32)
2026-04-14 12:03:23,883 - INFO - *****STOP GROWING RR RULE*****
2026-04-14 12:03:23,883 - INFO - ***RR NOT FOUND***
2026-04-14 12:03:23,887 - INFO - Iteracja 4: condition_best: Fly ash <= 239.85, quality_best: 0.346, coverage_best: (p=4, n=2, P=21, N=82)
2026-04-14 12:03:23,887 - INFO - Regula po iteracji 4: IF FLOW(cm) >= 67.50 AND Cement >= 151.60 AND Water >= 204.00 AND Cement >= 293.00 AND Fly ash <= 239.85 THEN class = {43.28} [40.29, 46.27], (p=4, n=2, P=21, N=82)
2026-04-14 12:03:23,887 - INFO - *****GROWING RR RULE*****
2026-04-14 12:03:23,987 - INFO - Iteracja 0: condition_best: None, quality_best: -inf, coverage_best: (p=0, n=0, P=0, N=0), p_value: 0
2026-04-14 12:03:23,987 - INFO - Regula po iteracji 0: IF  THEN class = {36.04} [28.24, 43.84], (p=71, n=32, P=71, N=32)
2026-04-14 12:03:23,987 - INFO - *****STOP GROWING RR RULE*****
2026-04-14 12:03:23,987 - INFO - ***RR NOT FOUND***
2026-04-14 12:03:23,987 - INFO - *******STOP GROWING CR RULE*******
2026-04-14 12:03:23,987 - INFO - *******GROWING CR RULE*******
2026-04-14 12:03:24,038 - INFO - Iteracja 0: condition_best: Water <= 190.50, quality_best: 0.259, coverage_best: (p=33, n=9, P=69, N=34)
2026-04-14 12:03:24,038 - INFO - Regula po iteracji 0: IF Water <= 190.50 THEN class = {38.84} [30.80, 46.89], (p=33, n=9, P=69, N=34)
2026-04-14 12:03:24,038 - INFO - *****GROWING RR RULE*****
2026-04-14 12:03:24,138 - INFO - Iteracja 0: condition_best: None, quality_best: -inf, coverage_best: (p=0, n=0, P=0, N=0), p_value: 0
2026-04-14 12:03:24,139 - INFO - Regula po iteracji 0: IF  THEN class = {36.04} [28.24, 43.84], (p=71, n=32, P=71, N=32)
2026-04-14 12:03:24,139 - INFO - *****STOP GROWING RR RULE*****
2026-04-14 12:03:24,139 - INFO - ***RR NOT FOUND***
2026-04-14 12:03:24,164 - INFO - Iteracja 1: condition_best: FLOW(cm) >= 58.50, quality_best: 0.431, coverage_best: (p=5, n=1, P=34, N=69)
2026-04-14 12:03:24,164 - INFO - Regula po iteracji 1: IF Water <= 190.50 AND FLOW(cm) >= 58.50 THEN class = {42.41} [37.18, 47.64], (p=5, n=1, P=34, N=69)
2026-04-14 12:03:24,164 - INFO - *****GROWING RR RULE*****
2026-04-14 12:03:24,294 - INFO - Iteracja 0: condition_best: None, quality_best: -inf, coverage_best: (p=0, n=0, P=0, N=0), p_value: 0
2026-04-14 12:03:24,294 - INFO - Regula po iteracji 0: IF  THEN class = {36.04} [28.24, 43.84], (p=71, n=32, P=71, N=32)
2026-04-14 12:03:24,294 - INFO - *****STOP GROWING RR RULE*****
2026-04-14 12:03:24,294 - INFO - ***RR NOT FOUND***
2026-04-14 12:03:24,298 - INFO - Iteracja 2: condition_best: Cement >= 207.75, quality_best: 0.587, coverage_best: (p=4, n=1, P=8, N=95)
2026-04-14 12:03:24,298 - INFO - Regula po iteracji 2: IF Water <= 190.50 AND FLOW(cm) >= 58.50 AND Cement >= 207.75 THEN class = {44.70} [43.52, 45.88], (p=4, n=1, P=8, N=95)
2026-04-14 12:03:24,299 - INFO - *****GROWING RR RULE*****
2026-04-14 12:03:24,399 - INFO - Iteracja 0: condition_best: None, quality_best: -inf, coverage_best: (p=0, n=0, P=0, N=0), p_value: 0
2026-04-14 12:03:24,399 - INFO - Regula po iteracji 0: IF  THEN class = {36.04} [28.24, 43.84], (p=71, n=32, P=71, N=32)
2026-04-14 12:03:24,399 - INFO - *****STOP GROWING RR RULE*****
2026-04-14 12:03:24,399 - INFO - ***RR NOT FOUND***
2026-04-14 12:03:24,402 - INFO - Iteracja 3: condition_best: None, quality_best: -inf, coverage_best: (p=0, n=0, P=0, N=0)
2026-04-14 12:03:24,402 - INFO - Regula po iteracji 3: IF Water <= 190.50 AND FLOW(cm) >= 58.50 AND Cement >= 207.75 THEN class = {44.70} [43.52, 45.88], (p=4, n=1, P=8, N=95)
2026-04-14 12:03:24,402 - INFO - *******STOP GROWING CR RULE*******
2026-04-14 12:03:24,402 - INFO - *******GROWING CR RULE*******
2026-04-14 12:03:24,453 - INFO - Iteracja 0: condition_best: Slag <= 2.80, quality_best: 0.226, coverage_best: (p=23, n=9, P=60, N=43)
2026-04-14 12:03:24,453 - INFO - Regula po iteracji 0: IF Slag <= 2.80 THEN class = {39.78} [32.53, 47.03], (p=23, n=9, P=60, N=43)
2026-04-14 12:03:24,453 - INFO - *****GROWING RR RULE*****
2026-04-14 12:03:24,574 - INFO - Iteracja 0: condition_best: None, quality_best: -inf, coverage_best: (p=0, n=0, P=0, N=0), p_value: 0
2026-04-14 12:03:24,574 - INFO - Regula po iteracji 0: IF  THEN class = {36.04} [28.24, 43.84], (p=71, n=32, P=71, N=32)
2026-04-14 12:03:24,574 - INFO - *****STOP GROWING RR RULE*****
2026-04-14 12:03:24,574 - INFO - ***RR NOT FOUND***
2026-04-14 12:03:24,593 - INFO - Iteracja 1: condition_best: Coarse Aggr. <= 932.50, quality_best: 0.406, coverage_best: (p=16, n=5, P=43, N=60)
2026-04-14 12:03:24,593 - INFO - Regula po iteracji 1: IF Slag <= 2.80 AND Coarse Aggr. <= 932.50 THEN class = {42.73} [36.02, 49.43], (p=16, n=5, P=43, N=60)
2026-04-14 12:03:24,594 - INFO - *****GROWING RR RULE*****
2026-04-14 12:03:24,709 - INFO - Iteracja 0: condition_best: Water <= 178.00, quality_best: 0.144, coverage_best: (p=13, n=8, P=52, N=51), p_value: 4
2026-04-14 12:03:24,710 - INFO - Regula po iteracji 0: IF Water <= 178.00 THEN class = {36.04} [28.24, 43.84], (p=13, n=8, P=52, N=51)
2026-04-14 12:03:24,735 - INFO - Iteracja 1: condition_best: None, quality_best: -inf, coverage_best: (p=0, n=0, P=0, N=0), p_value: 4
2026-04-14 12:03:24,735 - INFO - Regula po iteracji 1: IF Water <= 178.00 THEN class = {41.04} [33.52, 48.55], (p=13, n=8, P=52, N=51)
2026-04-14 12:03:24,735 - INFO - *****STOP GROWING RR RULE*****
2026-04-14 12:03:24,735 - INFO - ***RR FOUND***
2026-04-14 12:03:24,735 - INFO - Reference rule: IF Water <= 178.00 THEN class = {41.04} [33.52, 48.55]
2026-04-14 12:03:24,735 - INFO - ***CHECKING EXCEPTION***
2026-04-14 12:03:24,736 - INFO - *******STOP GROWING CR RULE*******
2026-04-14 12:03:24,737 - INFO - *******GROWING CR RULE*******
2026-04-14 12:03:24,787 - INFO - Iteracja 0: condition_best: Cement <= 138.50, quality_best: 1.0, coverage_best: (p=1, n=0, P=1, N=102)
2026-04-14 12:03:24,787 - INFO - Regula po iteracji 0: IF Cement <= 138.50 THEN class = {34.45} [34.45, 34.45], (p=1, n=0, P=1, N=102)
2026-04-14 12:03:24,787 - INFO - *****GROWING RR RULE*****
2026-04-14 12:03:24,888 - INFO - Iteracja 0: condition_best: None, quality_best: -inf, coverage_best: (p=0, n=0, P=0, N=0), p_value: 0
2026-04-14 12:03:24,888 - INFO - Regula po iteracji 0: IF  THEN class = {36.04} [28.24, 43.84], (p=71, n=32, P=71, N=32)
2026-04-14 12:03:24,889 - INFO - *****STOP GROWING RR RULE*****
2026-04-14 12:03:24,889 - INFO - ***RR NOT FOUND***
2026-04-14 12:03:24,889 - INFO - Iteracja 1: condition_best: None, quality_best: -inf, coverage_best: (p=0, n=0, P=0, N=0)
2026-04-14 12:03:24,889 - INFO - Regula po iteracji 1: IF Cement <= 138.50 THEN class = {34.45} [34.45, 34.45], (p=1, n=0, P=1, N=102)
2026-04-14 12:03:24,889 - INFO - *******STOP GROWING CR RULE*******
2026-04-14 12:03:25,973 - INFO - ************************Finished experiment for concrete.arff with algorithm************************
2026-04-14 12:03:25,973 - INFO - *************************************************************************************************************************
2026-04-14 12:03:25,973 - INFO - *************************************************************************************************************************
2026-04-14 12:03:25,973 - INFO - *************************************************************************************************************************
