2026-04-12 13:58:46,840 - INFO - **********Starting experiment for 21_actg320.arff with algorithm**********
2026-04-12 13:58:46,853 - INFO - *******GROWING CR RULE*******
2026-04-12 13:58:55,668 - INFO - Iteracja 0: condition_best: cd4 >= 18.75, quality_best: 1.0, coverage_best: (p=898, n=0, P=1151, N=0)
2026-04-12 13:58:55,675 - INFO - Regula po iteracji 0: IF cd4 >= 18.75 THEN survival_status = {nan}, (p=898, n=0, P=1151, N=0)
2026-04-12 13:58:55,675 - INFO - *****GROWING RR RULE*****
2026-04-12 13:59:16,777 - INFO - Iteracja 0: condition_best: None, quality_best: -inf, coverage_best: (p=0, n=0, P=0, N=0), p_value: 0
2026-04-12 13:59:16,782 - INFO - Regula po iteracji 0: IF  THEN survival_status = {nan}, (p=1151, n=0, P=1151, N=0)
2026-04-12 13:59:16,782 - INFO - *****STOP GROWING RR RULE*****
2026-04-12 13:59:16,782 - INFO - ***RR NOT FOUND***
2026-04-12 13:59:24,779 - INFO - Iteracja 1: condition_best: karnof >= 75.00, quality_best: 1.0, coverage_best: (p=881, n=0, P=1151, N=0)
2026-04-12 13:59:24,786 - INFO - Regula po iteracji 1: IF cd4 >= 18.75 AND karnof >= 75.00 THEN survival_status = {inf}, (p=881, n=0, P=1151, N=0)
2026-04-12 13:59:24,786 - INFO - *****GROWING RR RULE*****
2026-04-12 13:59:45,859 - INFO - Iteracja 0: condition_best: None, quality_best: -inf, coverage_best: (p=0, n=0, P=0, N=0), p_value: 0
2026-04-12 13:59:45,864 - INFO - Regula po iteracji 0: IF  THEN survival_status = {nan}, (p=1151, n=0, P=1151, N=0)
2026-04-12 13:59:45,864 - INFO - *****STOP GROWING RR RULE*****
2026-04-12 13:59:45,864 - INFO - ***RR NOT FOUND***
2026-04-12 13:59:53,873 - INFO - Iteracja 2: condition_best: age <= 66.50, quality_best: 1.0, coverage_best: (p=876, n=0, P=1151, N=0)
2026-04-12 13:59:53,879 - INFO - Regula po iteracji 2: IF cd4 >= 18.75 AND karnof >= 75.00 AND age <= 66.50 THEN survival_status = {inf}, (p=876, n=0, P=1151, N=0)
2026-04-12 13:59:53,880 - INFO - *****GROWING RR RULE*****
2026-04-12 14:00:14,998 - INFO - Iteracja 0: condition_best: None, quality_best: -inf, coverage_best: (p=0, n=0, P=0, N=0), p_value: 0
2026-04-12 14:00:15,004 - INFO - Regula po iteracji 0: IF  THEN survival_status = {nan}, (p=1151, n=0, P=1151, N=0)
2026-04-12 14:00:15,004 - INFO - *****STOP GROWING RR RULE*****
2026-04-12 14:00:15,004 - INFO - ***RR NOT FOUND***
2026-04-12 14:00:23,021 - INFO - Iteracja 3: condition_best: txgrp <= 3.50, quality_best: 1.0, coverage_best: (p=875, n=0, P=1151, N=0)
2026-04-12 14:00:23,028 - INFO - Regula po iteracji 3: IF cd4 >= 18.75 AND karnof >= 75.00 AND age <= 66.50 AND txgrp <= 3.50 THEN survival_status = {inf}, (p=875, n=0, P=1151, N=0)
2026-04-12 14:00:23,028 - INFO - *****GROWING RR RULE*****
2026-04-12 14:00:44,091 - INFO - Iteracja 0: condition_best: None, quality_best: -inf, coverage_best: (p=0, n=0, P=0, N=0), p_value: 0
2026-04-12 14:00:44,097 - INFO - Regula po iteracji 0: IF  THEN survival_status = {nan}, (p=1151, n=0, P=1151, N=0)
2026-04-12 14:00:44,097 - INFO - *****STOP GROWING RR RULE*****
2026-04-12 14:00:44,097 - INFO - ***RR NOT FOUND***
2026-04-12 14:00:52,154 - INFO - Iteracja 4: condition_best: age <= 62.50, quality_best: 1.0, coverage_best: (p=868, n=0, P=1151, N=0)
2026-04-12 14:00:52,161 - INFO - Regula po iteracji 4: IF cd4 >= 18.75 AND karnof >= 75.00 AND age <= 66.50 AND txgrp <= 3.50 AND age <= 62.50 THEN survival_status = {inf}, (p=868, n=0, P=1151, N=0)
2026-04-12 14:00:52,161 - INFO - *****GROWING RR RULE*****
2026-04-12 14:01:13,246 - INFO - Iteracja 0: condition_best: None, quality_best: -inf, coverage_best: (p=0, n=0, P=0, N=0), p_value: 0
2026-04-12 14:01:13,251 - INFO - Regula po iteracji 0: IF  THEN survival_status = {nan}, (p=1151, n=0, P=1151, N=0)
2026-04-12 14:01:13,251 - INFO - *****STOP GROWING RR RULE*****
2026-04-12 14:01:13,251 - INFO - ***RR NOT FOUND***
2026-04-12 14:01:13,251 - INFO - *******STOP GROWING CR RULE*******
2026-04-12 14:01:13,274 - INFO - *******GROWING CR RULE*******
2026-04-12 14:01:17,870 - INFO - Iteracja 0: condition_best: cd4 >= 18.75, quality_best: 1.0, coverage_best: (p=898, n=0, P=1151, N=0)
2026-04-12 14:01:17,876 - INFO - Regula po iteracji 0: IF cd4 >= 18.75 THEN survival_status = {nan}, (p=898, n=0, P=1151, N=0)
2026-04-12 14:01:17,876 - INFO - *****GROWING RR RULE*****
2026-04-12 14:01:39,074 - INFO - Iteracja 0: condition_best: None, quality_best: -inf, coverage_best: (p=0, n=0, P=0, N=0), p_value: 0
2026-04-12 14:01:39,079 - INFO - Regula po iteracji 0: IF  THEN survival_status = {nan}, (p=1151, n=0, P=1151, N=0)
2026-04-12 14:01:39,079 - INFO - *****STOP GROWING RR RULE*****
2026-04-12 14:01:39,079 - INFO - ***RR NOT FOUND***
2026-04-12 14:01:43,495 - INFO - Iteracja 1: condition_best: karnof >= 75.00, quality_best: 1.0, coverage_best: (p=881, n=0, P=1151, N=0)
2026-04-12 14:01:43,501 - INFO - Regula po iteracji 1: IF cd4 >= 18.75 AND karnof >= 75.00 THEN survival_status = {inf}, (p=881, n=0, P=1151, N=0)
2026-04-12 14:01:43,501 - INFO - *****GROWING RR RULE*****
2026-04-12 14:02:04,627 - INFO - Iteracja 0: condition_best: None, quality_best: -inf, coverage_best: (p=0, n=0, P=0, N=0), p_value: 0
2026-04-12 14:02:04,632 - INFO - Regula po iteracji 0: IF  THEN survival_status = {nan}, (p=1151, n=0, P=1151, N=0)
2026-04-12 14:02:04,632 - INFO - *****STOP GROWING RR RULE*****
2026-04-12 14:02:04,632 - INFO - ***RR NOT FOUND***
2026-04-12 14:02:09,078 - INFO - Iteracja 2: condition_best: txgrp <= 3.50, quality_best: 1.0, coverage_best: (p=880, n=0, P=1151, N=0)
2026-04-12 14:02:09,084 - INFO - Regula po iteracji 2: IF cd4 >= 18.75 AND karnof >= 75.00 AND txgrp <= 3.50 THEN survival_status = {inf}, (p=880, n=0, P=1151, N=0)
2026-04-12 14:02:09,084 - INFO - *****GROWING RR RULE*****
2026-04-12 14:02:30,147 - INFO - Iteracja 0: condition_best: None, quality_best: -inf, coverage_best: (p=0, n=0, P=0, N=0), p_value: 0
2026-04-12 14:02:30,152 - INFO - Regula po iteracji 0: IF  THEN survival_status = {nan}, (p=1151, n=0, P=1151, N=0)
2026-04-12 14:02:30,152 - INFO - *****STOP GROWING RR RULE*****
2026-04-12 14:02:30,152 - INFO - ***RR NOT FOUND***
2026-04-12 14:02:34,644 - INFO - Iteracja 3: condition_best: txgrp <= 2.50, quality_best: 1.0, coverage_best: (p=879, n=0, P=1151, N=0)
2026-04-12 14:02:34,650 - INFO - Regula po iteracji 3: IF cd4 >= 18.75 AND karnof >= 75.00 AND txgrp <= 3.50 AND txgrp <= 2.50 THEN survival_status = {inf}, (p=879, n=0, P=1151, N=0)
2026-04-12 14:02:34,650 - INFO - *****GROWING RR RULE*****
2026-04-12 14:02:55,667 - INFO - Iteracja 0: condition_best: None, quality_best: -inf, coverage_best: (p=0, n=0, P=0, N=0), p_value: 0
2026-04-12 14:02:55,673 - INFO - Regula po iteracji 0: IF  THEN survival_status = {nan}, (p=1151, n=0, P=1151, N=0)
2026-04-12 14:02:55,673 - INFO - *****STOP GROWING RR RULE*****
2026-04-12 14:02:55,673 - INFO - ***RR NOT FOUND***
2026-04-12 14:03:00,206 - INFO - Iteracja 4: condition_best: cd4 <= 370.00, quality_best: 1.0, coverage_best: (p=878, n=0, P=1151, N=0)
2026-04-12 14:03:00,212 - INFO - Regula po iteracji 4: IF cd4 >= 18.75 AND karnof >= 75.00 AND txgrp <= 3.50 AND txgrp <= 2.50 AND cd4 <= 370.00 THEN survival_status = {inf}, (p=878, n=0, P=1151, N=0)
2026-04-12 14:03:00,213 - INFO - *****GROWING RR RULE*****
2026-04-12 14:03:21,208 - INFO - Iteracja 0: condition_best: None, quality_best: -inf, coverage_best: (p=0, n=0, P=0, N=0), p_value: 0
2026-04-12 14:03:21,214 - INFO - Regula po iteracji 0: IF  THEN survival_status = {nan}, (p=1151, n=0, P=1151, N=0)
2026-04-12 14:03:21,214 - INFO - *****STOP GROWING RR RULE*****
2026-04-12 14:03:21,214 - INFO - ***RR NOT FOUND***
2026-04-12 14:03:21,214 - INFO - *******STOP GROWING CR RULE*******
2026-04-12 14:03:21,230 - INFO - *******GROWING CR RULE*******
2026-04-12 14:03:25,805 - INFO - Iteracja 0: condition_best: cd4 >= 18.75, quality_best: 1.0, coverage_best: (p=898, n=0, P=1151, N=0)
2026-04-12 14:03:25,811 - INFO - Regula po iteracji 0: IF cd4 >= 18.75 THEN survival_status = {nan}, (p=898, n=0, P=1151, N=0)
2026-04-12 14:03:25,811 - INFO - *****GROWING RR RULE*****
2026-04-12 14:03:46,854 - INFO - Iteracja 0: condition_best: None, quality_best: -inf, coverage_best: (p=0, n=0, P=0, N=0), p_value: 0
2026-04-12 14:03:46,860 - INFO - Regula po iteracji 0: IF  THEN survival_status = {nan}, (p=1151, n=0, P=1151, N=0)
2026-04-12 14:03:46,860 - INFO - *****STOP GROWING RR RULE*****
2026-04-12 14:03:46,860 - INFO - ***RR NOT FOUND***
2026-04-12 14:03:51,249 - INFO - Iteracja 1: condition_best: age <= 66.50, quality_best: 1.0, coverage_best: (p=893, n=0, P=1151, N=0)
2026-04-12 14:03:51,255 - INFO - Regula po iteracji 1: IF cd4 >= 18.75 AND age <= 66.50 THEN survival_status = {inf}, (p=893, n=0, P=1151, N=0)
2026-04-12 14:03:51,256 - INFO - *****GROWING RR RULE*****
2026-04-12 14:04:12,309 - INFO - Iteracja 0: condition_best: None, quality_best: -inf, coverage_best: (p=0, n=0, P=0, N=0), p_value: 0
2026-04-12 14:04:12,315 - INFO - Regula po iteracji 0: IF  THEN survival_status = {nan}, (p=1151, n=0, P=1151, N=0)
2026-04-12 14:04:12,315 - INFO - *****STOP GROWING RR RULE*****
2026-04-12 14:04:12,315 - INFO - ***RR NOT FOUND***
2026-04-12 14:04:16,744 - INFO - Iteracja 2: condition_best: age <= 62.50, quality_best: 1.0, coverage_best: (p=886, n=0, P=1151, N=0)
2026-04-12 14:04:16,751 - INFO - Regula po iteracji 2: IF cd4 >= 18.75 AND age <= 66.50 AND age <= 62.50 THEN survival_status = {inf}, (p=886, n=0, P=1151, N=0)
2026-04-12 14:04:16,751 - INFO - *****GROWING RR RULE*****
2026-04-12 14:04:37,793 - INFO - Iteracja 0: condition_best: None, quality_best: -inf, coverage_best: (p=0, n=0, P=0, N=0), p_value: 0
2026-04-12 14:04:37,799 - INFO - Regula po iteracji 0: IF  THEN survival_status = {nan}, (p=1151, n=0, P=1151, N=0)
2026-04-12 14:04:37,799 - INFO - *****STOP GROWING RR RULE*****
2026-04-12 14:04:37,799 - INFO - ***RR NOT FOUND***
2026-04-12 14:04:42,233 - INFO - Iteracja 3: condition_best: txgrp <= 3.50, quality_best: 1.0, coverage_best: (p=885, n=0, P=1151, N=0)
2026-04-12 14:04:42,240 - INFO - Regula po iteracji 3: IF cd4 >= 18.75 AND age <= 66.50 AND age <= 62.50 AND txgrp <= 3.50 THEN survival_status = {inf}, (p=885, n=0, P=1151, N=0)
2026-04-12 14:04:42,240 - INFO - *****GROWING RR RULE*****
2026-04-12 14:05:03,320 - INFO - Iteracja 0: condition_best: None, quality_best: -inf, coverage_best: (p=0, n=0, P=0, N=0), p_value: 0
2026-04-12 14:05:03,325 - INFO - Regula po iteracji 0: IF  THEN survival_status = {nan}, (p=1151, n=0, P=1151, N=0)
2026-04-12 14:05:03,325 - INFO - *****STOP GROWING RR RULE*****
2026-04-12 14:05:03,325 - INFO - ***RR NOT FOUND***
2026-04-12 14:05:07,809 - INFO - Iteracja 4: condition_best: txgrp <= 2.50, quality_best: 1.0, coverage_best: (p=884, n=0, P=1151, N=0)
2026-04-12 14:05:07,816 - INFO - Regula po iteracji 4: IF cd4 >= 18.75 AND age <= 66.50 AND age <= 62.50 AND txgrp <= 3.50 AND txgrp <= 2.50 THEN survival_status = {inf}, (p=884, n=0, P=1151, N=0)
2026-04-12 14:05:07,816 - INFO - *****GROWING RR RULE*****
2026-04-12 14:05:28,878 - INFO - Iteracja 0: condition_best: None, quality_best: -inf, coverage_best: (p=0, n=0, P=0, N=0), p_value: 0
2026-04-12 14:05:28,883 - INFO - Regula po iteracji 0: IF  THEN survival_status = {nan}, (p=1151, n=0, P=1151, N=0)
2026-04-12 14:05:28,883 - INFO - *****STOP GROWING RR RULE*****
2026-04-12 14:05:28,883 - INFO - ***RR NOT FOUND***
2026-04-12 14:05:28,883 - INFO - *******STOP GROWING CR RULE*******
2026-04-12 14:05:28,899 - INFO - *******GROWING CR RULE*******
2026-04-12 14:05:33,401 - INFO - Iteracja 0: condition_best: cd4 <= 18.75, quality_best: 1.0, coverage_best: (p=253, n=0, P=1151, N=0)
2026-04-12 14:05:33,407 - INFO - Regula po iteracji 0: IF cd4 <= 18.75 THEN survival_status = {nan}, (p=253, n=0, P=1151, N=0)
2026-04-12 14:05:33,407 - INFO - *****GROWING RR RULE*****
2026-04-12 14:05:51,485 - INFO - Iteracja 0: condition_best: karnof <= 85.00, quality_best: 1.0, coverage_best: (p=214, n=0, P=1151, N=0), p_value: 0.983
2026-04-12 14:05:51,491 - INFO - Regula po iteracji 0: IF karnof <= 85.00 THEN survival_status = {nan}, (p=214, n=0, P=1151, N=0)
2026-04-12 14:05:58,783 - INFO - Iteracja 1: condition_best: priorzdv <= 73.50, quality_best: 1.0, coverage_best: (p=197, n=0, P=1151, N=0), p_value: 0.999
2026-04-12 14:05:58,789 - INFO - Regula po iteracji 1: IF karnof <= 85.00 AND priorzdv <= 73.50 THEN survival_status = {inf}, (p=197, n=0, P=1151, N=0)
2026-04-12 14:06:05,399 - INFO - Iteracja 2: condition_best: age <= 57.50, quality_best: 1.0, coverage_best: (p=187, n=0, P=1151, N=0), p_value: 0.999
2026-04-12 14:06:05,404 - INFO - Regula po iteracji 2: IF karnof <= 85.00 AND priorzdv <= 73.50 AND age <= 57.50 THEN survival_status = {inf}, (p=187, n=0, P=1151, N=0)
2026-04-12 14:06:11,639 - INFO - Iteracja 3: condition_best: None, quality_best: -inf, coverage_best: (p=0, n=0, P=0, N=0), p_value: 0.999
2026-04-12 14:06:11,645 - INFO - Regula po iteracji 3: IF karnof <= 85.00 AND priorzdv <= 73.50 AND age <= 57.50 THEN survival_status = {inf}, (p=187, n=0, P=1151, N=0)
2026-04-12 14:06:11,645 - INFO - *****STOP GROWING RR RULE*****
2026-04-12 14:06:11,645 - INFO - ***RR FOUND***
2026-04-12 14:06:11,645 - INFO - Reference rule: IF karnof <= 85.00 THEN survival_status = {inf}
2026-04-12 14:06:11,645 - INFO - ***CHECKING EXCEPTION***
2026-04-12 14:06:11,648 - INFO - ER vs CR p_value: 0.03077503586950958
2026-04-12 14:06:11,648 - INFO - ER vs RR p_value: 0.03517076986317558
2026-04-12 14:06:11,667 - INFO - ***ER FOUND***
2026-04-12 14:06:11,667 - INFO - Exception rule: IF cd4 <= 18.75 AND karnof <= 85.00 THEN survival_status = {inf} (p=80, n=0, P=1151, N=0)
2026-04-12 14:06:11,667 - INFO - *******STOP GROWING CR RULE*******
2026-04-12 14:06:11,673 - INFO - *******GROWING CR RULE*******
2026-04-12 14:06:15,009 - INFO - Iteracja 0: condition_best: cd4 >= 18.75, quality_best: 1.0, coverage_best: (p=898, n=0, P=1151, N=0)
2026-04-12 14:06:15,016 - INFO - Regula po iteracji 0: IF cd4 >= 18.75 THEN survival_status = {nan}, (p=898, n=0, P=1151, N=0)
2026-04-12 14:06:15,016 - INFO - *****GROWING RR RULE*****
2026-04-12 14:06:36,095 - INFO - Iteracja 0: condition_best: None, quality_best: -inf, coverage_best: (p=0, n=0, P=0, N=0), p_value: 0
2026-04-12 14:06:36,100 - INFO - Regula po iteracji 0: IF  THEN survival_status = {nan}, (p=1151, n=0, P=1151, N=0)
2026-04-12 14:06:36,100 - INFO - *****STOP GROWING RR RULE*****
2026-04-12 14:06:36,100 - INFO - ***RR NOT FOUND***
2026-04-12 14:06:39,378 - INFO - Iteracja 1: condition_best: karnof >= 75.00, quality_best: 1.0, coverage_best: (p=881, n=0, P=1151, N=0)
2026-04-12 14:06:39,385 - INFO - Regula po iteracji 1: IF cd4 >= 18.75 AND karnof >= 75.00 THEN survival_status = {inf}, (p=881, n=0, P=1151, N=0)
2026-04-12 14:06:39,385 - INFO - *****GROWING RR RULE*****
2026-04-12 14:07:00,408 - INFO - Iteracja 0: condition_best: None, quality_best: -inf, coverage_best: (p=0, n=0, P=0, N=0), p_value: 0
2026-04-12 14:07:00,413 - INFO - Regula po iteracji 0: IF  THEN survival_status = {nan}, (p=1151, n=0, P=1151, N=0)
2026-04-12 14:07:00,413 - INFO - *****STOP GROWING RR RULE*****
2026-04-12 14:07:00,413 - INFO - ***RR NOT FOUND***
2026-04-12 14:07:03,730 - INFO - Iteracja 2: condition_best: age <= 66.50, quality_best: 1.0, coverage_best: (p=876, n=0, P=1151, N=0)
2026-04-12 14:07:03,737 - INFO - Regula po iteracji 2: IF cd4 >= 18.75 AND karnof >= 75.00 AND age <= 66.50 THEN survival_status = {inf}, (p=876, n=0, P=1151, N=0)
2026-04-12 14:07:03,737 - INFO - *****GROWING RR RULE*****
2026-04-12 14:07:24,759 - INFO - Iteracja 0: condition_best: None, quality_best: -inf, coverage_best: (p=0, n=0, P=0, N=0), p_value: 0
2026-04-12 14:07:24,764 - INFO - Regula po iteracji 0: IF  THEN survival_status = {nan}, (p=1151, n=0, P=1151, N=0)
2026-04-12 14:07:24,764 - INFO - *****STOP GROWING RR RULE*****
2026-04-12 14:07:24,764 - INFO - ***RR NOT FOUND***
2026-04-12 14:07:28,120 - INFO - Iteracja 3: condition_best: txgrp <= 3.50, quality_best: 1.0, coverage_best: (p=875, n=0, P=1151, N=0)
2026-04-12 14:07:28,127 - INFO - Regula po iteracji 3: IF cd4 >= 18.75 AND karnof >= 75.00 AND age <= 66.50 AND txgrp <= 3.50 THEN survival_status = {inf}, (p=875, n=0, P=1151, N=0)
2026-04-12 14:07:28,127 - INFO - *****GROWING RR RULE*****
2026-04-12 14:07:49,100 - INFO - Iteracja 0: condition_best: None, quality_best: -inf, coverage_best: (p=0, n=0, P=0, N=0), p_value: 0
2026-04-12 14:07:49,104 - INFO - Regula po iteracji 0: IF  THEN survival_status = {nan}, (p=1151, n=0, P=1151, N=0)
2026-04-12 14:07:49,104 - INFO - *****STOP GROWING RR RULE*****
2026-04-12 14:07:49,104 - INFO - ***RR NOT FOUND***
2026-04-12 14:07:52,507 - INFO - Iteracja 4: condition_best: age <= 62.50, quality_best: 1.0, coverage_best: (p=868, n=0, P=1151, N=0)
2026-04-12 14:07:52,513 - INFO - Regula po iteracji 4: IF cd4 >= 18.75 AND karnof >= 75.00 AND age <= 66.50 AND txgrp <= 3.50 AND age <= 62.50 THEN survival_status = {inf}, (p=868, n=0, P=1151, N=0)
2026-04-12 14:07:52,513 - INFO - *****GROWING RR RULE*****
2026-04-12 14:08:13,518 - INFO - Iteracja 0: condition_best: None, quality_best: -inf, coverage_best: (p=0, n=0, P=0, N=0), p_value: 0
2026-04-12 14:08:13,523 - INFO - Regula po iteracji 0: IF  THEN survival_status = {nan}, (p=1151, n=0, P=1151, N=0)
2026-04-12 14:08:13,523 - INFO - *****STOP GROWING RR RULE*****
2026-04-12 14:08:13,523 - INFO - ***RR NOT FOUND***
2026-04-12 14:08:13,523 - INFO - *******STOP GROWING CR RULE*******
2026-04-12 14:08:13,704 - INFO - ************************Finished experiment for 21_actg320.arff with algorithm************************
2026-04-12 14:08:13,704 - INFO - *************************************************************************************************************************
2026-04-12 14:08:13,704 - INFO - *************************************************************************************************************************
2026-04-12 14:08:13,704 - INFO - *************************************************************************************************************************
