2026-04-08 10:39:19,640 - INFO - **********Starting experiment for 14_whas1.arff with algorithm_rulekit**********
2026-04-08 10:39:22,549 - INFO - ************************Finished experiment for 14_whas1.arff with algorithm_rulekit************************
2026-04-08 10:39:22,550 - INFO - *************************************************************************************************************************
2026-04-08 10:39:22,550 - INFO - *************************************************************************************************************************
2026-04-08 10:39:22,550 - INFO - *************************************************************************************************************************
2026-04-08 10:39:22,550 - INFO - **********Starting experiment for 14_whas1.arff with algorithm_log_rank**********
2026-04-08 10:39:22,557 - INFO - *******GROWING CR RULE*******
2026-04-08 10:39:25,078 - INFO - Iteracja 0: condition_best: SHO <= 0.50, quality_best: 1.0, coverage_best: (p=307, n=0, P=336, N=0)
2026-04-08 10:39:25,083 - INFO - Regula po iteracji 0: IF SHO <= 0.50 THEN survival_status = {nan}, (p=307, n=0, P=336, N=0)
2026-04-08 10:39:27,521 - INFO - Iteracja 1: condition_best: AGE <= 97.50, quality_best: 1.0, coverage_best: (p=306, n=0, P=336, N=0)
2026-04-08 10:39:27,527 - INFO - Regula po iteracji 1: IF SHO <= 0.50 AND AGE <= 97.50 THEN survival_status = {2827.0}, (p=306, n=0, P=336, N=0)
2026-04-08 10:39:29,997 - INFO - Iteracja 2: condition_best: AGE <= 96.00, quality_best: 1.0, coverage_best: (p=305, n=0, P=336, N=0)
2026-04-08 10:39:30,003 - INFO - Regula po iteracji 2: IF SHO <= 0.50 AND AGE <= 97.50 AND AGE <= 96.00 THEN survival_status = {2827.0}, (p=305, n=0, P=336, N=0)
2026-04-08 10:39:32,481 - INFO - Iteracja 3: condition_best: AGE <= 94.50, quality_best: 1.0, coverage_best: (p=304, n=0, P=336, N=0)
2026-04-08 10:39:32,487 - INFO - Regula po iteracji 3: IF SHO <= 0.50 AND AGE <= 97.50 AND AGE <= 96.00 AND AGE <= 94.50 THEN survival_status = {2922.0}, (p=304, n=0, P=336, N=0)
2026-04-08 10:39:34,980 - INFO - Iteracja 4: condition_best: AGE <= 93.50, quality_best: 1.0, coverage_best: (p=303, n=0, P=336, N=0)
2026-04-08 10:39:34,985 - INFO - Regula po iteracji 4: IF SHO <= 0.50 AND AGE <= 97.50 AND AGE <= 96.00 AND AGE <= 94.50 AND AGE <= 93.50 THEN survival_status = {2922.0}, (p=303, n=0, P=336, N=0)
2026-04-08 10:39:34,985 - INFO - *******STOP GROWING CR RULE*******
2026-04-08 10:39:34,991 - INFO - *******GROWING CR RULE*******
2026-04-08 10:39:36,705 - INFO - Iteracja 0: condition_best: SHO >= 0.50, quality_best: 1.0, coverage_best: (p=29, n=0, P=336, N=0)
2026-04-08 10:39:36,710 - INFO - Regula po iteracji 0: IF SHO >= 0.50 THEN survival_status = {nan}, (p=29, n=0, P=336, N=0)
2026-04-08 10:39:36,951 - INFO - Iteracja 1: condition_best: AGE <= 87.50, quality_best: 1.0, coverage_best: (p=28, n=0, P=336, N=0)
2026-04-08 10:39:36,956 - INFO - Regula po iteracji 1: IF SHO >= 0.50 AND AGE <= 87.50 THEN survival_status = {5.0}, (p=28, n=0, P=336, N=0)
2026-04-08 10:39:37,192 - INFO - Iteracja 2: condition_best: AGE >= 53.00, quality_best: 1.0, coverage_best: (p=27, n=0, P=336, N=0)
2026-04-08 10:39:37,196 - INFO - Regula po iteracji 2: IF SHO >= 0.50 AND AGE <= 87.50 AND AGE >= 53.00 THEN survival_status = {5.0}, (p=27, n=0, P=336, N=0)
2026-04-08 10:39:37,430 - INFO - Iteracja 3: condition_best: AGE >= 58.00, quality_best: 1.0, coverage_best: (p=26, n=0, P=336, N=0)
2026-04-08 10:39:37,434 - INFO - Regula po iteracji 3: IF SHO >= 0.50 AND AGE <= 87.50 AND AGE >= 53.00 AND AGE >= 58.00 THEN survival_status = {5.0}, (p=26, n=0, P=336, N=0)
2026-04-08 10:39:37,662 - INFO - Iteracja 4: condition_best: AGE >= 62.00, quality_best: 1.0, coverage_best: (p=25, n=0, P=336, N=0)
2026-04-08 10:39:37,666 - INFO - Regula po iteracji 4: IF SHO >= 0.50 AND AGE <= 87.50 AND AGE >= 53.00 AND AGE >= 58.00 AND AGE >= 62.00 THEN survival_status = {5.0}, (p=25, n=0, P=336, N=0)
2026-04-08 10:39:37,666 - INFO - *******STOP GROWING CR RULE*******
2026-04-08 10:39:37,671 - INFO - *******GROWING CR RULE*******
2026-04-08 10:39:39,329 - INFO - Iteracja 0: condition_best: SHO <= 0.50, quality_best: 1.0, coverage_best: (p=307, n=0, P=336, N=0)
2026-04-08 10:39:39,334 - INFO - Regula po iteracji 0: IF SHO <= 0.50 THEN survival_status = {nan}, (p=307, n=0, P=336, N=0)
2026-04-08 10:39:40,975 - INFO - Iteracja 1: condition_best: AGE <= 97.50, quality_best: 1.0, coverage_best: (p=306, n=0, P=336, N=0)
2026-04-08 10:39:40,980 - INFO - Regula po iteracji 1: IF SHO <= 0.50 AND AGE <= 97.50 THEN survival_status = {2827.0}, (p=306, n=0, P=336, N=0)
2026-04-08 10:39:42,635 - INFO - Iteracja 2: condition_best: AGE <= 96.00, quality_best: 1.0, coverage_best: (p=305, n=0, P=336, N=0)
2026-04-08 10:39:42,640 - INFO - Regula po iteracji 2: IF SHO <= 0.50 AND AGE <= 97.50 AND AGE <= 96.00 THEN survival_status = {2827.0}, (p=305, n=0, P=336, N=0)
2026-04-08 10:39:44,319 - INFO - Iteracja 3: condition_best: AGE <= 94.50, quality_best: 1.0, coverage_best: (p=304, n=0, P=336, N=0)
2026-04-08 10:39:44,324 - INFO - Regula po iteracji 3: IF SHO <= 0.50 AND AGE <= 97.50 AND AGE <= 96.00 AND AGE <= 94.50 THEN survival_status = {2922.0}, (p=304, n=0, P=336, N=0)
2026-04-08 10:39:46,040 - INFO - Iteracja 4: condition_best: AGE <= 93.50, quality_best: 1.0, coverage_best: (p=303, n=0, P=336, N=0)
2026-04-08 10:39:46,045 - INFO - Regula po iteracji 4: IF SHO <= 0.50 AND AGE <= 97.50 AND AGE <= 96.00 AND AGE <= 94.50 AND AGE <= 93.50 THEN survival_status = {2922.0}, (p=303, n=0, P=336, N=0)
2026-04-08 10:39:46,045 - INFO - *******STOP GROWING CR RULE*******
2026-04-08 10:39:48,728 - INFO - ************************Finished experiment for 14_whas1.arff with algorithm_log_rank************************
2026-04-08 10:39:48,728 - INFO - *************************************************************************************************************************
2026-04-08 10:39:48,728 - INFO - *************************************************************************************************************************
2026-04-08 10:39:48,728 - INFO - *************************************************************************************************************************
2026-04-08 10:39:48,729 - INFO - **********Starting experiment for 14_whas1.arff with algorithm_log_rank_with_exceptions**********
2026-04-08 10:39:48,736 - INFO - *******GROWING CR RULE*******
2026-04-08 10:39:51,260 - INFO - Iteracja 0: condition_best: SHO <= 0.50, quality_best: 1.0, coverage_best: (p=307, n=0, P=336, N=0)
2026-04-08 10:39:51,265 - INFO - Regula po iteracji 0: IF SHO <= 0.50 THEN survival_status = {nan}, (p=307, n=0, P=336, N=0)
2026-04-08 10:39:51,265 - INFO - *****GROWING RR RULE*****
2026-04-08 10:39:58,386 - INFO - Iteracja 0: condition_best: None, quality_best: -inf, coverage_best: (p=0, n=0, P=0, N=0), p_value: 0
2026-04-08 10:39:58,390 - INFO - Regula po iteracji 0: IF  THEN survival_status = {nan}, (p=336, n=0, P=336, N=0)
2026-04-08 10:39:58,390 - INFO - *****STOP GROWING RR RULE*****
2026-04-08 10:39:58,390 - INFO - ***RR NOT FOUND***
2026-04-08 10:40:00,829 - INFO - Iteracja 1: condition_best: AGE <= 97.50, quality_best: 1.0, coverage_best: (p=306, n=0, P=336, N=0)
2026-04-08 10:40:00,835 - INFO - Regula po iteracji 1: IF SHO <= 0.50 AND AGE <= 97.50 THEN survival_status = {2827.0}, (p=306, n=0, P=336, N=0)
2026-04-08 10:40:00,835 - INFO - *****GROWING RR RULE*****
2026-04-08 10:40:07,912 - INFO - Iteracja 0: condition_best: None, quality_best: -inf, coverage_best: (p=0, n=0, P=0, N=0), p_value: 0
2026-04-08 10:40:07,917 - INFO - Regula po iteracji 0: IF  THEN survival_status = {nan}, (p=336, n=0, P=336, N=0)
2026-04-08 10:40:07,917 - INFO - *****STOP GROWING RR RULE*****
2026-04-08 10:40:07,917 - INFO - ***RR NOT FOUND***
2026-04-08 10:40:10,363 - INFO - Iteracja 2: condition_best: AGE <= 96.00, quality_best: 1.0, coverage_best: (p=305, n=0, P=336, N=0)
2026-04-08 10:40:10,369 - INFO - Regula po iteracji 2: IF SHO <= 0.50 AND AGE <= 97.50 AND AGE <= 96.00 THEN survival_status = {2827.0}, (p=305, n=0, P=336, N=0)
2026-04-08 10:40:10,369 - INFO - *****GROWING RR RULE*****
2026-04-08 10:40:17,440 - INFO - Iteracja 0: condition_best: CPK >= 1,262.00, quality_best: 0.402, coverage_best: (p=72, n=0, P=336, N=0), p_value: 0.671
2026-04-08 10:40:17,446 - INFO - Regula po iteracji 0: IF CPK >= 1,262.00 THEN survival_status = {nan}, (p=72, n=0, P=336, N=0)
2026-04-08 10:40:19,351 - INFO - Iteracja 1: condition_best: None, quality_best: -inf, coverage_best: (p=0, n=0, P=0, N=0), p_value: 0.671
2026-04-08 10:40:19,356 - INFO - Regula po iteracji 1: IF CPK >= 1,262.00 THEN survival_status = {inf}, (p=72, n=0, P=336, N=0)
2026-04-08 10:40:19,356 - INFO - *****STOP GROWING RR RULE*****
2026-04-08 10:40:19,356 - INFO - ***RR FOUND***
2026-04-08 10:40:19,356 - INFO - Reference rule: IF CPK >= 1,262.00 THEN survival_status = {inf}
2026-04-08 10:40:19,356 - INFO - ***CHECKING EXCEPTION***
2026-04-08 10:40:19,359 - INFO - ER vs CR p_value: 0.033098678649281066
2026-04-08 10:40:19,359 - INFO - ER vs RR p_value: 0.04930397998367397
2026-04-08 10:40:19,375 - INFO - ***ER FOUND***
2026-04-08 10:40:19,375 - INFO - Exception rule: IF SHO <= 0.50 AND AGE <= 97.50 AND AGE <= 96.00 AND CPK >= 1,262.00 THEN survival_status = {inf} (p=56, n=0, P=336, N=0)
2026-04-08 10:40:19,375 - INFO - *******STOP GROWING CR RULE*******
2026-04-08 10:40:19,381 - INFO - *******GROWING CR RULE*******
2026-04-08 10:40:21,093 - INFO - Iteracja 0: condition_best: SHO >= 0.50, quality_best: 1.0, coverage_best: (p=29, n=0, P=336, N=0)
2026-04-08 10:40:21,098 - INFO - Regula po iteracji 0: IF SHO >= 0.50 THEN survival_status = {nan}, (p=29, n=0, P=336, N=0)
2026-04-08 10:40:21,098 - INFO - *****GROWING RR RULE*****
2026-04-08 10:40:26,109 - INFO - Iteracja 0: condition_best: None, quality_best: -inf, coverage_best: (p=0, n=0, P=0, N=0), p_value: 0
2026-04-08 10:40:26,113 - INFO - Regula po iteracji 0: IF  THEN survival_status = {nan}, (p=336, n=0, P=336, N=0)
2026-04-08 10:40:26,113 - INFO - *****STOP GROWING RR RULE*****
2026-04-08 10:40:26,113 - INFO - ***RR NOT FOUND***
2026-04-08 10:40:26,359 - INFO - Iteracja 1: condition_best: AGE <= 87.50, quality_best: 1.0, coverage_best: (p=28, n=0, P=336, N=0)
2026-04-08 10:40:26,363 - INFO - Regula po iteracji 1: IF SHO >= 0.50 AND AGE <= 87.50 THEN survival_status = {5.0}, (p=28, n=0, P=336, N=0)
2026-04-08 10:40:26,363 - INFO - *****GROWING RR RULE*****
2026-04-08 10:40:31,402 - INFO - Iteracja 0: condition_best: None, quality_best: -inf, coverage_best: (p=0, n=0, P=0, N=0), p_value: 0
2026-04-08 10:40:31,406 - INFO - Regula po iteracji 0: IF  THEN survival_status = {nan}, (p=336, n=0, P=336, N=0)
2026-04-08 10:40:31,406 - INFO - *****STOP GROWING RR RULE*****
2026-04-08 10:40:31,406 - INFO - ***RR NOT FOUND***
2026-04-08 10:40:31,643 - INFO - Iteracja 2: condition_best: AGE >= 53.00, quality_best: 1.0, coverage_best: (p=27, n=0, P=336, N=0)
2026-04-08 10:40:31,648 - INFO - Regula po iteracji 2: IF SHO >= 0.50 AND AGE <= 87.50 AND AGE >= 53.00 THEN survival_status = {5.0}, (p=27, n=0, P=336, N=0)
2026-04-08 10:40:31,648 - INFO - *****GROWING RR RULE*****
2026-04-08 10:40:36,685 - INFO - Iteracja 0: condition_best: None, quality_best: -inf, coverage_best: (p=0, n=0, P=0, N=0), p_value: 0
2026-04-08 10:40:36,689 - INFO - Regula po iteracji 0: IF  THEN survival_status = {nan}, (p=336, n=0, P=336, N=0)
2026-04-08 10:40:36,689 - INFO - *****STOP GROWING RR RULE*****
2026-04-08 10:40:36,689 - INFO - ***RR NOT FOUND***
2026-04-08 10:40:36,923 - INFO - Iteracja 3: condition_best: AGE >= 58.00, quality_best: 1.0, coverage_best: (p=26, n=0, P=336, N=0)
2026-04-08 10:40:36,928 - INFO - Regula po iteracji 3: IF SHO >= 0.50 AND AGE <= 87.50 AND AGE >= 53.00 AND AGE >= 58.00 THEN survival_status = {5.0}, (p=26, n=0, P=336, N=0)
2026-04-08 10:40:36,928 - INFO - *****GROWING RR RULE*****
2026-04-08 10:40:41,931 - INFO - Iteracja 0: condition_best: None, quality_best: -inf, coverage_best: (p=0, n=0, P=0, N=0), p_value: 0
2026-04-08 10:40:41,935 - INFO - Regula po iteracji 0: IF  THEN survival_status = {nan}, (p=336, n=0, P=336, N=0)
2026-04-08 10:40:41,935 - INFO - *****STOP GROWING RR RULE*****
2026-04-08 10:40:41,935 - INFO - ***RR NOT FOUND***
2026-04-08 10:40:42,165 - INFO - Iteracja 4: condition_best: AGE >= 62.00, quality_best: 1.0, coverage_best: (p=25, n=0, P=336, N=0)
2026-04-08 10:40:42,170 - INFO - Regula po iteracji 4: IF SHO >= 0.50 AND AGE <= 87.50 AND AGE >= 53.00 AND AGE >= 58.00 AND AGE >= 62.00 THEN survival_status = {5.0}, (p=25, n=0, P=336, N=0)
2026-04-08 10:40:42,170 - INFO - *****GROWING RR RULE*****
2026-04-08 10:40:47,171 - INFO - Iteracja 0: condition_best: None, quality_best: -inf, coverage_best: (p=0, n=0, P=0, N=0), p_value: 0
2026-04-08 10:40:47,175 - INFO - Regula po iteracji 0: IF  THEN survival_status = {nan}, (p=336, n=0, P=336, N=0)
2026-04-08 10:40:47,175 - INFO - *****STOP GROWING RR RULE*****
2026-04-08 10:40:47,175 - INFO - ***RR NOT FOUND***
2026-04-08 10:40:47,175 - INFO - *******STOP GROWING CR RULE*******
2026-04-08 10:40:47,180 - INFO - *******GROWING CR RULE*******
2026-04-08 10:40:48,810 - INFO - Iteracja 0: condition_best: SHO <= 0.50, quality_best: 1.0, coverage_best: (p=307, n=0, P=336, N=0)
2026-04-08 10:40:48,816 - INFO - Regula po iteracji 0: IF SHO <= 0.50 THEN survival_status = {nan}, (p=307, n=0, P=336, N=0)
2026-04-08 10:40:48,816 - INFO - *****GROWING RR RULE*****
2026-04-08 10:40:55,924 - INFO - Iteracja 0: condition_best: None, quality_best: -inf, coverage_best: (p=0, n=0, P=0, N=0), p_value: 0
2026-04-08 10:40:55,928 - INFO - Regula po iteracji 0: IF  THEN survival_status = {nan}, (p=336, n=0, P=336, N=0)
2026-04-08 10:40:55,928 - INFO - *****STOP GROWING RR RULE*****
2026-04-08 10:40:55,928 - INFO - ***RR NOT FOUND***
2026-04-08 10:40:57,590 - INFO - Iteracja 1: condition_best: AGE <= 97.50, quality_best: 1.0, coverage_best: (p=306, n=0, P=336, N=0)
2026-04-08 10:40:57,595 - INFO - Regula po iteracji 1: IF SHO <= 0.50 AND AGE <= 97.50 THEN survival_status = {2827.0}, (p=306, n=0, P=336, N=0)
2026-04-08 10:40:57,596 - INFO - *****GROWING RR RULE*****
2026-04-08 10:41:04,743 - INFO - Iteracja 0: condition_best: None, quality_best: -inf, coverage_best: (p=0, n=0, P=0, N=0), p_value: 0
2026-04-08 10:41:04,747 - INFO - Regula po iteracji 0: IF  THEN survival_status = {nan}, (p=336, n=0, P=336, N=0)
2026-04-08 10:41:04,747 - INFO - *****STOP GROWING RR RULE*****
2026-04-08 10:41:04,747 - INFO - ***RR NOT FOUND***
2026-04-08 10:41:06,429 - INFO - Iteracja 2: condition_best: AGE <= 96.00, quality_best: 1.0, coverage_best: (p=305, n=0, P=336, N=0)
2026-04-08 10:41:06,434 - INFO - Regula po iteracji 2: IF SHO <= 0.50 AND AGE <= 97.50 AND AGE <= 96.00 THEN survival_status = {2827.0}, (p=305, n=0, P=336, N=0)
2026-04-08 10:41:06,434 - INFO - *****GROWING RR RULE*****
2026-04-08 10:41:13,519 - INFO - Iteracja 0: condition_best: CPK >= 1,262.00, quality_best: 0.402, coverage_best: (p=72, n=0, P=336, N=0), p_value: 0.671
2026-04-08 10:41:13,525 - INFO - Regula po iteracji 0: IF CPK >= 1,262.00 THEN survival_status = {nan}, (p=72, n=0, P=336, N=0)
2026-04-08 10:41:15,439 - INFO - Iteracja 1: condition_best: None, quality_best: -inf, coverage_best: (p=0, n=0, P=0, N=0), p_value: 0.671
2026-04-08 10:41:15,445 - INFO - Regula po iteracji 1: IF CPK >= 1,262.00 THEN survival_status = {inf}, (p=72, n=0, P=336, N=0)
2026-04-08 10:41:15,445 - INFO - *****STOP GROWING RR RULE*****
2026-04-08 10:41:15,445 - INFO - ***RR FOUND***
2026-04-08 10:41:15,445 - INFO - Reference rule: IF CPK >= 1,262.00 THEN survival_status = {inf}
2026-04-08 10:41:15,445 - INFO - ***CHECKING EXCEPTION***
2026-04-08 10:41:15,448 - INFO - ER vs CR p_value: 0.033098678649281066
2026-04-08 10:41:15,448 - INFO - ER vs RR p_value: 0.04930397998367397
2026-04-08 10:41:15,465 - INFO - ***ER FOUND***
2026-04-08 10:41:15,465 - INFO - Exception rule: IF SHO <= 0.50 AND AGE <= 97.50 AND AGE <= 96.00 AND CPK >= 1,262.00 THEN survival_status = {inf} (p=56, n=0, P=336, N=0)
2026-04-08 10:41:15,465 - INFO - *******STOP GROWING CR RULE*******
2026-04-08 10:41:17,875 - INFO - ************************Finished experiment for 14_whas1.arff with algorithm_log_rank_with_exceptions************************
2026-04-08 10:41:17,876 - INFO - *************************************************************************************************************************
2026-04-08 10:41:17,876 - INFO - *************************************************************************************************************************
2026-04-08 10:41:17,876 - INFO - *************************************************************************************************************************
2026-04-08 10:41:17,876 - INFO - **********Starting experiment for 14_whas1.arff with survival_tree**********
2026-04-08 10:41:17,929 - INFO - ************************Finished experiment for 14_whas1.arff with survival_tree************************
2026-04-08 10:41:17,929 - INFO - *************************************************************************************************************************
2026-04-08 10:41:17,929 - INFO - *************************************************************************************************************************
2026-04-08 10:41:17,929 - INFO - *************************************************************************************************************************
