2026-04-08 12:08:42,549 - INFO - **********Starting experiment for 24_pbc.arff with algorithm_rulekit**********
2026-04-08 12:08:45,199 - INFO - ************************Finished experiment for 24_pbc.arff with algorithm_rulekit************************
2026-04-08 12:08:45,199 - INFO - *************************************************************************************************************************
2026-04-08 12:08:45,199 - INFO - *************************************************************************************************************************
2026-04-08 12:08:45,199 - INFO - *************************************************************************************************************************
2026-04-08 12:08:45,200 - INFO - **********Starting experiment for 24_pbc.arff with algorithm_log_rank**********
2026-04-08 12:08:45,209 - INFO - *******GROWING CR RULE*******
2026-04-08 12:08:53,961 - INFO - Iteracja 0: condition_best: bili <= 3.95, quality_best: 1.0, coverage_best: (p=234, n=0, P=292, N=0)
2026-04-08 12:08:53,967 - INFO - Regula po iteracji 0: IF bili <= 3.95 THEN survival_status = {nan}, (p=234, n=0, P=292, N=0)
2026-04-08 12:09:01,609 - INFO - Iteracja 1: condition_best: age <= 75.86, quality_best: 1.0, coverage_best: (p=233, n=0, P=292, N=0)
2026-04-08 12:09:01,615 - INFO - Regula po iteracji 1: IF bili <= 3.95 AND age <= 75.86 THEN survival_status = {3853.0}, (p=233, n=0, P=292, N=0)
2026-04-08 12:09:09,393 - INFO - Iteracja 2: condition_best: age <= 75.01, quality_best: 1.0, coverage_best: (p=232, n=0, P=292, N=0)
2026-04-08 12:09:09,399 - INFO - Regula po iteracji 2: IF bili <= 3.95 AND age <= 75.86 AND age <= 75.01 THEN survival_status = {3853.0}, (p=232, n=0, P=292, N=0)
2026-04-08 12:09:17,339 - INFO - Iteracja 3: condition_best: age <= 73.89, quality_best: 1.0, coverage_best: (p=231, n=0, P=292, N=0)
2026-04-08 12:09:17,345 - INFO - Regula po iteracji 3: IF bili <= 3.95 AND age <= 75.86 AND age <= 75.01 AND age <= 73.89 THEN survival_status = {3853.0}, (p=231, n=0, P=292, N=0)
2026-04-08 12:09:25,431 - INFO - Iteracja 4: condition_best: age >= 27.58, quality_best: 1.0, coverage_best: (p=230, n=0, P=292, N=0)
2026-04-08 12:09:25,437 - INFO - Regula po iteracji 4: IF bili <= 3.95 AND age <= 75.86 AND age <= 75.01 AND age <= 73.89 AND age >= 27.58 THEN survival_status = {3853.0}, (p=230, n=0, P=292, N=0)
2026-04-08 12:09:25,437 - INFO - *******STOP GROWING CR RULE*******
2026-04-08 12:09:25,443 - INFO - *******GROWING CR RULE*******
2026-04-08 12:09:31,781 - INFO - Iteracja 0: condition_best: bili >= 1.65, quality_best: 1.0, coverage_best: (p=124, n=0, P=292, N=0)
2026-04-08 12:09:31,787 - INFO - Regula po iteracji 0: IF bili >= 1.65 THEN survival_status = {nan}, (p=124, n=0, P=292, N=0)
2026-04-08 12:09:35,614 - INFO - Iteracja 1: condition_best: age <= 76.48, quality_best: 1.0, coverage_best: (p=123, n=0, P=292, N=0)
2026-04-08 12:09:35,619 - INFO - Regula po iteracji 1: IF bili >= 1.65 AND age <= 76.48 THEN survival_status = {1576.0}, (p=123, n=0, P=292, N=0)
2026-04-08 12:09:39,499 - INFO - Iteracja 2: condition_best: age <= 73.21, quality_best: 1.0, coverage_best: (p=122, n=0, P=292, N=0)
2026-04-08 12:09:39,504 - INFO - Regula po iteracji 2: IF bili >= 1.65 AND age <= 76.48 AND age <= 73.21 THEN survival_status = {1576.0}, (p=122, n=0, P=292, N=0)
2026-04-08 12:09:43,647 - INFO - Iteracja 3: condition_best: age <= 71.36, quality_best: 1.0, coverage_best: (p=121, n=0, P=292, N=0)
2026-04-08 12:09:43,652 - INFO - Regula po iteracji 3: IF bili >= 1.65 AND age <= 76.48 AND age <= 73.21 AND age <= 71.36 THEN survival_status = {1576.0}, (p=121, n=0, P=292, N=0)
2026-04-08 12:09:47,698 - INFO - Iteracja 4: condition_best: age >= 29.92, quality_best: 1.0, coverage_best: (p=120, n=0, P=292, N=0)
2026-04-08 12:09:47,704 - INFO - Regula po iteracji 4: IF bili >= 1.65 AND age <= 76.48 AND age <= 73.21 AND age <= 71.36 AND age >= 29.92 THEN survival_status = {1576.0}, (p=120, n=0, P=292, N=0)
2026-04-08 12:09:47,704 - INFO - *******STOP GROWING CR RULE*******
2026-04-08 12:09:47,709 - INFO - *******GROWING CR RULE*******
2026-04-08 12:09:53,511 - INFO - Iteracja 0: condition_best: bili <= 3.95, quality_best: 1.0, coverage_best: (p=234, n=0, P=292, N=0)
2026-04-08 12:09:53,517 - INFO - Regula po iteracji 0: IF bili <= 3.95 THEN survival_status = {nan}, (p=234, n=0, P=292, N=0)
2026-04-08 12:09:58,673 - INFO - Iteracja 1: condition_best: age <= 75.86, quality_best: 1.0, coverage_best: (p=233, n=0, P=292, N=0)
2026-04-08 12:09:58,679 - INFO - Regula po iteracji 1: IF bili <= 3.95 AND age <= 75.86 THEN survival_status = {3853.0}, (p=233, n=0, P=292, N=0)
2026-04-08 12:10:04,005 - INFO - Iteracja 2: condition_best: age <= 75.01, quality_best: 1.0, coverage_best: (p=232, n=0, P=292, N=0)
2026-04-08 12:10:04,010 - INFO - Regula po iteracji 2: IF bili <= 3.95 AND age <= 75.86 AND age <= 75.01 THEN survival_status = {3853.0}, (p=232, n=0, P=292, N=0)
2026-04-08 12:10:09,512 - INFO - Iteracja 3: condition_best: age <= 73.89, quality_best: 1.0, coverage_best: (p=231, n=0, P=292, N=0)
2026-04-08 12:10:09,518 - INFO - Regula po iteracji 3: IF bili <= 3.95 AND age <= 75.86 AND age <= 75.01 AND age <= 73.89 THEN survival_status = {3853.0}, (p=231, n=0, P=292, N=0)
2026-04-08 12:10:15,168 - INFO - Iteracja 4: condition_best: age >= 27.58, quality_best: 1.0, coverage_best: (p=230, n=0, P=292, N=0)
2026-04-08 12:10:15,174 - INFO - Regula po iteracji 4: IF bili <= 3.95 AND age <= 75.86 AND age <= 75.01 AND age <= 73.89 AND age >= 27.58 THEN survival_status = {3853.0}, (p=230, n=0, P=292, N=0)
2026-04-08 12:10:15,174 - INFO - *******STOP GROWING CR RULE*******
2026-04-08 12:10:17,554 - INFO - ************************Finished experiment for 24_pbc.arff with algorithm_log_rank************************
2026-04-08 12:10:17,554 - INFO - *************************************************************************************************************************
2026-04-08 12:10:17,554 - INFO - *************************************************************************************************************************
2026-04-08 12:10:17,554 - INFO - *************************************************************************************************************************
2026-04-08 12:10:17,555 - INFO - **********Starting experiment for 24_pbc.arff with algorithm_log_rank_with_exceptions**********
2026-04-08 12:10:17,564 - INFO - *******GROWING CR RULE*******
2026-04-08 12:10:26,351 - INFO - Iteracja 0: condition_best: bili <= 3.95, quality_best: 1.0, coverage_best: (p=234, n=0, P=292, N=0)
2026-04-08 12:10:26,357 - INFO - Regula po iteracji 0: IF bili <= 3.95 THEN survival_status = {nan}, (p=234, n=0, P=292, N=0)
2026-04-08 12:10:26,357 - INFO - *****GROWING RR RULE*****
2026-04-08 12:10:50,825 - INFO - Iteracja 0: condition_best: age <= 45.91, quality_best: 0.987, coverage_best: (p=99, n=0, P=292, N=0), p_value: 0.955
2026-04-08 12:10:50,831 - INFO - Regula po iteracji 0: IF age <= 45.91 THEN survival_status = {nan}, (p=99, n=0, P=292, N=0)
2026-04-08 12:11:01,260 - INFO - Iteracja 1: condition_best: platelet <= 483.50, quality_best: 0.985, coverage_best: (p=97, n=0, P=292, N=0), p_value: 0.996
2026-04-08 12:11:01,266 - INFO - Regula po iteracji 1: IF age <= 45.91 AND platelet <= 483.50 THEN survival_status = {4079.0}, (p=97, n=0, P=292, N=0)
2026-04-08 12:11:11,574 - INFO - Iteracja 2: condition_best: albumin <= 4.05, quality_best: 0.975, coverage_best: (p=87, n=0, P=292, N=0), p_value: 0.997
2026-04-08 12:11:11,580 - INFO - Regula po iteracji 2: IF age <= 45.91 AND platelet <= 483.50 AND albumin <= 4.05 THEN survival_status = {4079.0}, (p=87, n=0, P=292, N=0)
2026-04-08 12:11:21,024 - INFO - Iteracja 3: condition_best: None, quality_best: -inf, coverage_best: (p=0, n=0, P=0, N=0), p_value: 0.997
2026-04-08 12:11:21,030 - INFO - Regula po iteracji 3: IF age <= 45.91 AND platelet <= 483.50 AND albumin <= 4.05 THEN survival_status = {4079.0}, (p=87, n=0, P=292, N=0)
2026-04-08 12:11:21,030 - INFO - *****STOP GROWING RR RULE*****
2026-04-08 12:11:21,030 - INFO - ***RR FOUND***
2026-04-08 12:11:21,030 - INFO - Reference rule: IF age <= 45.91 THEN survival_status = {4079.0}
2026-04-08 12:11:21,030 - INFO - ***CHECKING EXCEPTION***
2026-04-08 12:11:21,033 - INFO - ER vs CR p_value: 0.03199693578955798
2026-04-08 12:11:21,033 - INFO - ER vs RR p_value: 0.04739167210579076
2026-04-08 12:11:21,050 - INFO - ***ER FOUND***
2026-04-08 12:11:21,050 - INFO - Exception rule: IF bili <= 3.95 AND age <= 45.91 THEN survival_status = {4079.0} (p=77, n=0, P=292, N=0)
2026-04-08 12:11:21,050 - INFO - *******STOP GROWING CR RULE*******
2026-04-08 12:11:21,056 - INFO - *******GROWING CR RULE*******
2026-04-08 12:11:27,436 - INFO - Iteracja 0: condition_best: bili >= 1.65, quality_best: 1.0, coverage_best: (p=124, n=0, P=292, N=0)
2026-04-08 12:11:27,442 - INFO - Regula po iteracji 0: IF bili >= 1.65 THEN survival_status = {nan}, (p=124, n=0, P=292, N=0)
2026-04-08 12:11:27,442 - INFO - *****GROWING RR RULE*****
2026-04-08 12:11:48,504 - INFO - Iteracja 0: condition_best: albumin <= 3.35, quality_best: 1.0, coverage_best: (p=95, n=0, P=292, N=0), p_value: 0.916
2026-04-08 12:11:48,510 - INFO - Regula po iteracji 0: IF albumin <= 3.35 THEN survival_status = {nan}, (p=95, n=0, P=292, N=0)
2026-04-08 12:11:56,183 - INFO - Iteracja 1: condition_best: copper >= 17.00, quality_best: 1.0, coverage_best: (p=64, n=0, P=292, N=0), p_value: 0.994
2026-04-08 12:11:56,189 - INFO - Regula po iteracji 1: IF albumin <= 3.35 AND copper >= 17.00 THEN survival_status = {1690.0}, (p=64, n=0, P=292, N=0)
2026-04-08 12:12:02,446 - INFO - Iteracja 2: condition_best: age <= 74.30, quality_best: 1.0, coverage_best: (p=62, n=0, P=292, N=0), p_value: 0.994
2026-04-08 12:12:02,451 - INFO - Regula po iteracji 2: IF albumin <= 3.35 AND copper >= 17.00 AND age <= 74.30 THEN survival_status = {1690.0}, (p=62, n=0, P=292, N=0)
2026-04-08 12:12:08,604 - INFO - Iteracja 3: condition_best: alk.phos <= 10,662.80, quality_best: 1.0, coverage_best: (p=61, n=0, P=292, N=0), p_value: 0.999
2026-04-08 12:12:08,610 - INFO - Regula po iteracji 3: IF albumin <= 3.35 AND copper >= 17.00 AND age <= 74.30 AND alk.phos <= 10,662.80 THEN survival_status = {1690.0}, (p=61, n=0, P=292, N=0)
2026-04-08 12:12:14,740 - INFO - Iteracja 4: condition_best: None, quality_best: -inf, coverage_best: (p=0, n=0, P=0, N=0), p_value: 0.999
2026-04-08 12:12:14,746 - INFO - Regula po iteracji 4: IF albumin <= 3.35 AND copper >= 17.00 AND age <= 74.30 AND alk.phos <= 10,662.80 THEN survival_status = {1690.0}, (p=61, n=0, P=292, N=0)
2026-04-08 12:12:14,746 - INFO - *****STOP GROWING RR RULE*****
2026-04-08 12:12:14,746 - INFO - ***RR FOUND***
2026-04-08 12:12:14,746 - INFO - Reference rule: IF albumin <= 3.35 THEN survival_status = {1690.0}
2026-04-08 12:12:14,746 - INFO - ***CHECKING EXCEPTION***
2026-04-08 12:12:14,748 - INFO - ER vs CR p_value: 0.012397876561267562
2026-04-08 12:12:14,748 - INFO - ER vs RR p_value: 0.01009107791842323
2026-04-08 12:12:14,765 - INFO - ***ER FOUND***
2026-04-08 12:12:14,765 - INFO - Exception rule: IF bili >= 1.65 AND albumin <= 3.35 THEN survival_status = {1152.0} (p=55, n=0, P=292, N=0)
2026-04-08 12:12:14,765 - INFO - *******STOP GROWING CR RULE*******
2026-04-08 12:12:14,770 - INFO - *******GROWING CR RULE*******
2026-04-08 12:12:20,589 - INFO - Iteracja 0: condition_best: bili <= 3.95, quality_best: 1.0, coverage_best: (p=234, n=0, P=292, N=0)
2026-04-08 12:12:20,595 - INFO - Regula po iteracji 0: IF bili <= 3.95 THEN survival_status = {nan}, (p=234, n=0, P=292, N=0)
2026-04-08 12:12:20,595 - INFO - *****GROWING RR RULE*****
2026-04-08 12:12:44,909 - INFO - Iteracja 0: condition_best: age <= 45.91, quality_best: 0.987, coverage_best: (p=99, n=0, P=292, N=0), p_value: 0.955
2026-04-08 12:12:44,915 - INFO - Regula po iteracji 0: IF age <= 45.91 THEN survival_status = {nan}, (p=99, n=0, P=292, N=0)
2026-04-08 12:12:55,293 - INFO - Iteracja 1: condition_best: platelet <= 483.50, quality_best: 0.985, coverage_best: (p=97, n=0, P=292, N=0), p_value: 0.996
2026-04-08 12:12:55,298 - INFO - Regula po iteracji 1: IF age <= 45.91 AND platelet <= 483.50 THEN survival_status = {4079.0}, (p=97, n=0, P=292, N=0)
2026-04-08 12:13:05,629 - INFO - Iteracja 2: condition_best: albumin <= 4.05, quality_best: 0.975, coverage_best: (p=87, n=0, P=292, N=0), p_value: 0.997
2026-04-08 12:13:05,635 - INFO - Regula po iteracji 2: IF age <= 45.91 AND platelet <= 483.50 AND albumin <= 4.05 THEN survival_status = {4079.0}, (p=87, n=0, P=292, N=0)
2026-04-08 12:13:15,115 - INFO - Iteracja 3: condition_best: None, quality_best: -inf, coverage_best: (p=0, n=0, P=0, N=0), p_value: 0.997
2026-04-08 12:13:15,121 - INFO - Regula po iteracji 3: IF age <= 45.91 AND platelet <= 483.50 AND albumin <= 4.05 THEN survival_status = {4079.0}, (p=87, n=0, P=292, N=0)
2026-04-08 12:13:15,121 - INFO - *****STOP GROWING RR RULE*****
2026-04-08 12:13:15,121 - INFO - ***RR FOUND***
2026-04-08 12:13:15,121 - INFO - Reference rule: IF age <= 45.91 THEN survival_status = {4079.0}
2026-04-08 12:13:15,121 - INFO - ***CHECKING EXCEPTION***
2026-04-08 12:13:15,124 - INFO - ER vs CR p_value: 0.03199693578955798
2026-04-08 12:13:15,124 - INFO - ER vs RR p_value: 0.04739167210579076
2026-04-08 12:13:15,141 - INFO - ***ER FOUND***
2026-04-08 12:13:15,141 - INFO - Exception rule: IF bili <= 3.95 AND age <= 45.91 THEN survival_status = {4079.0} (p=77, n=0, P=292, N=0)
2026-04-08 12:13:15,141 - INFO - *******STOP GROWING CR RULE*******
2026-04-08 12:13:17,492 - INFO - ************************Finished experiment for 24_pbc.arff with algorithm_log_rank_with_exceptions************************
2026-04-08 12:13:17,492 - INFO - *************************************************************************************************************************
2026-04-08 12:13:17,492 - INFO - *************************************************************************************************************************
2026-04-08 12:13:17,492 - INFO - *************************************************************************************************************************
2026-04-08 12:13:17,493 - INFO - **********Starting experiment for 24_pbc.arff with survival_tree**********
2026-04-08 12:13:17,560 - INFO - ************************Finished experiment for 24_pbc.arff with survival_tree************************
2026-04-08 12:13:17,560 - INFO - *************************************************************************************************************************
2026-04-08 12:13:17,560 - INFO - *************************************************************************************************************************
2026-04-08 12:13:17,560 - INFO - *************************************************************************************************************************
