2026-04-14 12:18:41,106 - INFO - **********Starting experiment for gascons.arff with algorithm_rulekit**********
2026-04-14 12:18:41,125 - INFO - ************************Finished experiment for gascons.arff with algorithm_rulekit************************
2026-04-14 12:18:41,125 - INFO - *************************************************************************************************************************
2026-04-14 12:18:41,125 - INFO - *************************************************************************************************************************
2026-04-14 12:18:41,125 - INFO - *************************************************************************************************************************
2026-04-14 12:18:41,126 - INFO - **********Starting experiment for gascons.arff with algorithm_rer**********
2026-04-14 12:18:41,128 - INFO - *******GROWING CR RULE*******
2026-04-14 12:18:41,138 - INFO - Iteracja 0: condition_best: disposable_income >= 8,500.50, quality_best: 0.65, coverage_best: (p=6, n=1, P=8, N=10)
2026-04-14 12:18:41,138 - INFO - Regula po iteracji 0: IF disposable_income >= 8,500.50 THEN class = {237.66} [225.39, 249.93], (p=6, n=1, P=8, N=10)
2026-04-14 12:18:41,140 - INFO - Iteracja 1: condition_best: year <= 1,982.50, quality_best: 0.569, coverage_best: (p=5, n=1, P=8, N=10)
2026-04-14 12:18:41,140 - INFO - Regula po iteracji 1: IF disposable_income >= 8,500.50 AND year <= 1,982.50 THEN class = {237.33} [224.11, 250.56], (p=5, n=1, P=8, N=10)
2026-04-14 12:18:41,142 - INFO - Iteracja 2: condition_best: year >= 1,974.50, quality_best: 0.529, coverage_best: (p=4, n=1, P=7, N=11)
2026-04-14 12:18:41,142 - INFO - Regula po iteracji 2: IF disposable_income >= 8,500.50 AND year <= 1,982.50 AND year >= 1,974.50 THEN class = {239.64} [226.30, 252.98], (p=4, n=1, P=7, N=11)
2026-04-14 12:18:41,144 - INFO - Iteracja 3: condition_best: None, quality_best: -inf, coverage_best: (p=0, n=0, P=0, N=0)
2026-04-14 12:18:41,144 - INFO - Regula po iteracji 3: IF disposable_income >= 8,500.50 AND year <= 1,982.50 AND year >= 1,974.50 THEN class = {239.64} [226.30, 252.98], (p=4, n=1, P=7, N=11)
2026-04-14 12:18:41,144 - INFO - *******STOP GROWING CR RULE*******
2026-04-14 12:18:41,144 - INFO - *******GROWING CR RULE*******
2026-04-14 12:18:41,150 - INFO - Iteracja 0: condition_best: year <= 1,972.00, quality_best: 0.625, coverage_best: (p=6, n=2, P=6, N=12)
2026-04-14 12:18:41,150 - INFO - Regula po iteracji 0: IF year <= 1,972.00 THEN class = {157.25} [134.45, 180.05], (p=6, n=2, P=6, N=12)
2026-04-14 12:18:41,153 - INFO - Iteracja 1: condition_best: year >= 1,961.50, quality_best: 0.604, coverage_best: (p=5, n=2, P=5, N=13)
2026-04-14 12:18:41,153 - INFO - Regula po iteracji 1: IF year <= 1,972.00 AND year >= 1,961.50 THEN class = {160.96} [138.95, 182.97], (p=5, n=2, P=5, N=13)
2026-04-14 12:18:41,155 - INFO - Iteracja 2: condition_best: year <= 1,968.50, quality_best: 0.571, coverage_best: (p=4, n=2, P=4, N=14)
2026-04-14 12:18:41,155 - INFO - Regula po iteracji 2: IF year <= 1,972.00 AND year >= 1,961.50 AND year <= 1,968.50 THEN class = {153.22} [141.15, 165.29], (p=4, n=2, P=4, N=14)
2026-04-14 12:18:41,157 - INFO - Iteracja 3: condition_best: year <= 1,966.50, quality_best: 0.52, coverage_best: (p=3, n=2, P=3, N=15)
2026-04-14 12:18:41,157 - INFO - Regula po iteracji 3: IF year <= 1,972.00 AND year >= 1,961.50 AND year <= 1,968.50 AND year <= 1,966.50 THEN class = {149.66} [139.71, 159.61], (p=3, n=2, P=3, N=15)
2026-04-14 12:18:41,159 - INFO - Iteracja 4: condition_best: None, quality_best: -inf, coverage_best: (p=0, n=0, P=0, N=0)
2026-04-14 12:18:41,159 - INFO - Regula po iteracji 4: IF year <= 1,972.00 AND year >= 1,961.50 AND year <= 1,968.50 AND year <= 1,966.50 THEN class = {149.66} [139.71, 159.61], (p=3, n=2, P=3, N=15)
2026-04-14 12:18:41,159 - INFO - *******STOP GROWING CR RULE*******
2026-04-14 12:18:41,159 - INFO - *******GROWING CR RULE*******
2026-04-14 12:18:41,165 - INFO - Iteracja 0: condition_best: year >= 1,968.50, quality_best: 0.509, coverage_best: (p=8, n=3, P=8, N=10)
2026-04-14 12:18:41,165 - INFO - Regula po iteracji 0: IF year >= 1,968.50 THEN class = {239.17} [222.47, 255.87], (p=8, n=3, P=8, N=10)
2026-04-14 12:18:41,169 - INFO - Iteracja 1: condition_best: year <= 1,985.50, quality_best: 0.64, coverage_best: (p=8, n=2, P=8, N=10)
2026-04-14 12:18:41,169 - INFO - Regula po iteracji 1: IF year >= 1,968.50 AND year <= 1,985.50 THEN class = {236.15} [221.79, 250.51], (p=8, n=2, P=8, N=10)
2026-04-14 12:18:41,172 - INFO - Iteracja 2: condition_best: price_index_for_casoline <= 3.83, quality_best: 0.562, coverage_best: (p=7, n=2, P=8, N=10)
2026-04-14 12:18:41,172 - INFO - Regula po iteracji 2: IF year >= 1,968.50 AND year <= 1,985.50 AND price_index_for_casoline <= 3.83 THEN class = {236.97} [222.05, 251.88], (p=7, n=2, P=8, N=10)
2026-04-14 12:18:41,175 - INFO - Iteracja 3: condition_best: None, quality_best: -inf, coverage_best: (p=0, n=0, P=0, N=0)
2026-04-14 12:18:41,175 - INFO - Regula po iteracji 3: IF year >= 1,968.50 AND year <= 1,985.50 AND price_index_for_casoline <= 3.83 THEN class = {236.97} [222.05, 251.88], (p=7, n=2, P=8, N=10)
2026-04-14 12:18:41,175 - INFO - *******STOP GROWING CR RULE*******
2026-04-14 12:18:41,176 - INFO - *******GROWING CR RULE*******
2026-04-14 12:18:41,181 - INFO - Iteracja 0: condition_best: year <= 1,962.50, quality_best: 1.0, coverage_best: (p=2, n=0, P=2, N=16)
2026-04-14 12:18:41,181 - INFO - Regula po iteracji 0: IF year <= 1,962.50 THEN class = {134.20} [131.30, 137.10], (p=2, n=0, P=2, N=16)
2026-04-14 12:18:41,182 - INFO - Iteracja 1: condition_best: year <= 1,961.50, quality_best: 1.0, coverage_best: (p=1, n=0, P=1, N=17)
2026-04-14 12:18:41,182 - INFO - Regula po iteracji 1: IF year <= 1,962.50 AND year <= 1,961.50 THEN class = {131.30} [131.30, 131.30], (p=1, n=0, P=1, N=17)
2026-04-14 12:18:41,182 - INFO - Iteracja 2: condition_best: None, quality_best: -inf, coverage_best: (p=0, n=0, P=0, N=0)
2026-04-14 12:18:41,182 - INFO - Regula po iteracji 2: IF year <= 1,962.50 AND year <= 1,961.50 THEN class = {131.30} [131.30, 131.30], (p=1, n=0, P=1, N=17)
2026-04-14 12:18:41,182 - INFO - *******STOP GROWING CR RULE*******
2026-04-14 12:18:41,182 - INFO - *******GROWING CR RULE*******
2026-04-14 12:18:41,188 - INFO - Iteracja 0: condition_best: year <= 1,962.50, quality_best: 1.0, coverage_best: (p=2, n=0, P=2, N=16)
2026-04-14 12:18:41,188 - INFO - Regula po iteracji 0: IF year <= 1,962.50 THEN class = {134.20} [131.30, 137.10], (p=2, n=0, P=2, N=16)
2026-04-14 12:18:41,189 - INFO - Iteracja 1: condition_best: year <= 1,961.50, quality_best: 1.0, coverage_best: (p=1, n=0, P=1, N=17)
2026-04-14 12:18:41,189 - INFO - Regula po iteracji 1: IF year <= 1,962.50 AND year <= 1,961.50 THEN class = {131.30} [131.30, 131.30], (p=1, n=0, P=1, N=17)
2026-04-14 12:18:41,189 - INFO - Iteracja 2: condition_best: None, quality_best: -inf, coverage_best: (p=0, n=0, P=0, N=0)
2026-04-14 12:18:41,189 - INFO - Regula po iteracji 2: IF year <= 1,962.50 AND year <= 1,961.50 THEN class = {131.30} [131.30, 131.30], (p=1, n=0, P=1, N=17)
2026-04-14 12:18:41,189 - INFO - *******STOP GROWING CR RULE*******
2026-04-14 12:18:41,194 - INFO - ************************Finished experiment for gascons.arff with algorithm_rer************************
2026-04-14 12:18:41,194 - INFO - *************************************************************************************************************************
2026-04-14 12:18:41,194 - INFO - *************************************************************************************************************************
2026-04-14 12:18:41,194 - INFO - *************************************************************************************************************************
2026-04-14 12:18:41,194 - INFO - **********Starting experiment for gascons.arff with algorithm_rer_with_exceptions**********
2026-04-14 12:18:41,196 - INFO - *******GROWING CR RULE*******
2026-04-14 12:18:41,204 - INFO - Iteracja 0: condition_best: disposable_income >= 8,500.50, quality_best: 0.65, coverage_best: (p=6, n=1, P=8, N=10)
2026-04-14 12:18:41,204 - INFO - Regula po iteracji 0: IF disposable_income >= 8,500.50 THEN class = {237.66} [225.39, 249.93], (p=6, n=1, P=8, N=10)
2026-04-14 12:18:41,204 - INFO - *****GROWING RR RULE*****
2026-04-14 12:18:41,215 - INFO - Iteracja 0: condition_best: None, quality_best: -inf, coverage_best: (p=0, n=0, P=0, N=0), p_value: 0
2026-04-14 12:18:41,215 - INFO - Regula po iteracji 0: IF  THEN class = {204.53} [158.40, 250.66], (p=11, n=7, P=11, N=7)
2026-04-14 12:18:41,216 - INFO - *****STOP GROWING RR RULE*****
2026-04-14 12:18:41,216 - INFO - ***RR NOT FOUND***
2026-04-14 12:18:41,218 - INFO - Iteracja 1: condition_best: year <= 1,982.50, quality_best: 0.569, coverage_best: (p=5, n=1, P=8, N=10)
2026-04-14 12:18:41,218 - INFO - Regula po iteracji 1: IF disposable_income >= 8,500.50 AND year <= 1,982.50 THEN class = {237.33} [224.11, 250.56], (p=5, n=1, P=8, N=10)
2026-04-14 12:18:41,218 - INFO - *****GROWING RR RULE*****
2026-04-14 12:18:41,229 - INFO - Iteracja 0: condition_best: None, quality_best: -inf, coverage_best: (p=0, n=0, P=0, N=0), p_value: 0
2026-04-14 12:18:41,229 - INFO - Regula po iteracji 0: IF  THEN class = {204.53} [158.40, 250.66], (p=11, n=7, P=11, N=7)
2026-04-14 12:18:41,229 - INFO - *****STOP GROWING RR RULE*****
2026-04-14 12:18:41,230 - INFO - ***RR NOT FOUND***
2026-04-14 12:18:41,232 - INFO - Iteracja 2: condition_best: year >= 1,974.50, quality_best: 0.529, coverage_best: (p=4, n=1, P=7, N=11)
2026-04-14 12:18:41,232 - INFO - Regula po iteracji 2: IF disposable_income >= 8,500.50 AND year <= 1,982.50 AND year >= 1,974.50 THEN class = {239.64} [226.30, 252.98], (p=4, n=1, P=7, N=11)
2026-04-14 12:18:41,232 - INFO - *****GROWING RR RULE*****
2026-04-14 12:18:41,243 - INFO - Iteracja 0: condition_best: None, quality_best: -inf, coverage_best: (p=0, n=0, P=0, N=0), p_value: 0
2026-04-14 12:18:41,243 - INFO - Regula po iteracji 0: IF  THEN class = {204.53} [158.40, 250.66], (p=11, n=7, P=11, N=7)
2026-04-14 12:18:41,243 - INFO - *****STOP GROWING RR RULE*****
2026-04-14 12:18:41,243 - INFO - ***RR NOT FOUND***
2026-04-14 12:18:41,245 - INFO - Iteracja 3: condition_best: None, quality_best: -inf, coverage_best: (p=0, n=0, P=0, N=0)
2026-04-14 12:18:41,245 - INFO - Regula po iteracji 3: IF disposable_income >= 8,500.50 AND year <= 1,982.50 AND year >= 1,974.50 THEN class = {239.64} [226.30, 252.98], (p=4, n=1, P=7, N=11)
2026-04-14 12:18:41,245 - INFO - *******STOP GROWING CR RULE*******
2026-04-14 12:18:41,245 - INFO - *******GROWING CR RULE*******
2026-04-14 12:18:41,251 - INFO - Iteracja 0: condition_best: year <= 1,972.00, quality_best: 0.625, coverage_best: (p=6, n=2, P=6, N=12)
2026-04-14 12:18:41,251 - INFO - Regula po iteracji 0: IF year <= 1,972.00 THEN class = {157.25} [134.45, 180.05], (p=6, n=2, P=6, N=12)
2026-04-14 12:18:41,251 - INFO - *****GROWING RR RULE*****
2026-04-14 12:18:41,262 - INFO - Iteracja 0: condition_best: None, quality_best: -inf, coverage_best: (p=0, n=0, P=0, N=0), p_value: 0
2026-04-14 12:18:41,262 - INFO - Regula po iteracji 0: IF  THEN class = {204.53} [158.40, 250.66], (p=11, n=7, P=11, N=7)
2026-04-14 12:18:41,263 - INFO - *****STOP GROWING RR RULE*****
2026-04-14 12:18:41,263 - INFO - ***RR NOT FOUND***
2026-04-14 12:18:41,265 - INFO - Iteracja 1: condition_best: year >= 1,961.50, quality_best: 0.604, coverage_best: (p=5, n=2, P=5, N=13)
2026-04-14 12:18:41,265 - INFO - Regula po iteracji 1: IF year <= 1,972.00 AND year >= 1,961.50 THEN class = {160.96} [138.95, 182.97], (p=5, n=2, P=5, N=13)
2026-04-14 12:18:41,265 - INFO - *****GROWING RR RULE*****
2026-04-14 12:18:41,276 - INFO - Iteracja 0: condition_best: None, quality_best: -inf, coverage_best: (p=0, n=0, P=0, N=0), p_value: 0
2026-04-14 12:18:41,277 - INFO - Regula po iteracji 0: IF  THEN class = {204.53} [158.40, 250.66], (p=11, n=7, P=11, N=7)
2026-04-14 12:18:41,277 - INFO - *****STOP GROWING RR RULE*****
2026-04-14 12:18:41,277 - INFO - ***RR NOT FOUND***
2026-04-14 12:18:41,279 - INFO - Iteracja 2: condition_best: year <= 1,968.50, quality_best: 0.571, coverage_best: (p=4, n=2, P=4, N=14)
2026-04-14 12:18:41,279 - INFO - Regula po iteracji 2: IF year <= 1,972.00 AND year >= 1,961.50 AND year <= 1,968.50 THEN class = {153.22} [141.15, 165.29], (p=4, n=2, P=4, N=14)
2026-04-14 12:18:41,279 - INFO - *****GROWING RR RULE*****
2026-04-14 12:18:41,291 - INFO - Iteracja 0: condition_best: None, quality_best: -inf, coverage_best: (p=0, n=0, P=0, N=0), p_value: 0
2026-04-14 12:18:41,291 - INFO - Regula po iteracji 0: IF  THEN class = {204.53} [158.40, 250.66], (p=11, n=7, P=11, N=7)
2026-04-14 12:18:41,291 - INFO - *****STOP GROWING RR RULE*****
2026-04-14 12:18:41,291 - INFO - ***RR NOT FOUND***
2026-04-14 12:18:41,293 - INFO - Iteracja 3: condition_best: year <= 1,966.50, quality_best: 0.52, coverage_best: (p=3, n=2, P=3, N=15)
2026-04-14 12:18:41,293 - INFO - Regula po iteracji 3: IF year <= 1,972.00 AND year >= 1,961.50 AND year <= 1,968.50 AND year <= 1,966.50 THEN class = {149.66} [139.71, 159.61], (p=3, n=2, P=3, N=15)
2026-04-14 12:18:41,293 - INFO - *****GROWING RR RULE*****
2026-04-14 12:18:41,304 - INFO - Iteracja 0: condition_best: None, quality_best: -inf, coverage_best: (p=0, n=0, P=0, N=0), p_value: 0
2026-04-14 12:18:41,304 - INFO - Regula po iteracji 0: IF  THEN class = {204.53} [158.40, 250.66], (p=11, n=7, P=11, N=7)
2026-04-14 12:18:41,304 - INFO - *****STOP GROWING RR RULE*****
2026-04-14 12:18:41,305 - INFO - ***RR NOT FOUND***
2026-04-14 12:18:41,306 - INFO - Iteracja 4: condition_best: None, quality_best: -inf, coverage_best: (p=0, n=0, P=0, N=0)
2026-04-14 12:18:41,306 - INFO - Regula po iteracji 4: IF year <= 1,972.00 AND year >= 1,961.50 AND year <= 1,968.50 AND year <= 1,966.50 THEN class = {149.66} [139.71, 159.61], (p=3, n=2, P=3, N=15)
2026-04-14 12:18:41,306 - INFO - *******STOP GROWING CR RULE*******
2026-04-14 12:18:41,307 - INFO - *******GROWING CR RULE*******
2026-04-14 12:18:41,312 - INFO - Iteracja 0: condition_best: year >= 1,968.50, quality_best: 0.509, coverage_best: (p=8, n=3, P=8, N=10)
2026-04-14 12:18:41,312 - INFO - Regula po iteracji 0: IF year >= 1,968.50 THEN class = {239.17} [222.47, 255.87], (p=8, n=3, P=8, N=10)
2026-04-14 12:18:41,313 - INFO - *****GROWING RR RULE*****
2026-04-14 12:18:41,324 - INFO - Iteracja 0: condition_best: None, quality_best: -inf, coverage_best: (p=0, n=0, P=0, N=0), p_value: 0
2026-04-14 12:18:41,324 - INFO - Regula po iteracji 0: IF  THEN class = {204.53} [158.40, 250.66], (p=11, n=7, P=11, N=7)
2026-04-14 12:18:41,324 - INFO - *****STOP GROWING RR RULE*****
2026-04-14 12:18:41,324 - INFO - ***RR NOT FOUND***
2026-04-14 12:18:41,327 - INFO - Iteracja 1: condition_best: year <= 1,985.50, quality_best: 0.64, coverage_best: (p=8, n=2, P=8, N=10)
2026-04-14 12:18:41,327 - INFO - Regula po iteracji 1: IF year >= 1,968.50 AND year <= 1,985.50 THEN class = {236.15} [221.79, 250.51], (p=8, n=2, P=8, N=10)
2026-04-14 12:18:41,328 - INFO - *****GROWING RR RULE*****
2026-04-14 12:18:41,339 - INFO - Iteracja 0: condition_best: None, quality_best: -inf, coverage_best: (p=0, n=0, P=0, N=0), p_value: 0
2026-04-14 12:18:41,339 - INFO - Regula po iteracji 0: IF  THEN class = {204.53} [158.40, 250.66], (p=11, n=7, P=11, N=7)
2026-04-14 12:18:41,339 - INFO - *****STOP GROWING RR RULE*****
2026-04-14 12:18:41,339 - INFO - ***RR NOT FOUND***
2026-04-14 12:18:41,342 - INFO - Iteracja 2: condition_best: price_index_for_casoline <= 3.83, quality_best: 0.562, coverage_best: (p=7, n=2, P=8, N=10)
2026-04-14 12:18:41,342 - INFO - Regula po iteracji 2: IF year >= 1,968.50 AND year <= 1,985.50 AND price_index_for_casoline <= 3.83 THEN class = {236.97} [222.05, 251.88], (p=7, n=2, P=8, N=10)
2026-04-14 12:18:41,343 - INFO - *****GROWING RR RULE*****
2026-04-14 12:18:41,354 - INFO - Iteracja 0: condition_best: None, quality_best: -inf, coverage_best: (p=0, n=0, P=0, N=0), p_value: 0
2026-04-14 12:18:41,354 - INFO - Regula po iteracji 0: IF  THEN class = {204.53} [158.40, 250.66], (p=11, n=7, P=11, N=7)
2026-04-14 12:18:41,354 - INFO - *****STOP GROWING RR RULE*****
2026-04-14 12:18:41,354 - INFO - ***RR NOT FOUND***
2026-04-14 12:18:41,357 - INFO - Iteracja 3: condition_best: None, quality_best: -inf, coverage_best: (p=0, n=0, P=0, N=0)
2026-04-14 12:18:41,357 - INFO - Regula po iteracji 3: IF year >= 1,968.50 AND year <= 1,985.50 AND price_index_for_casoline <= 3.83 THEN class = {236.97} [222.05, 251.88], (p=7, n=2, P=8, N=10)
2026-04-14 12:18:41,357 - INFO - *******STOP GROWING CR RULE*******
2026-04-14 12:18:41,357 - INFO - *******GROWING CR RULE*******
2026-04-14 12:18:41,363 - INFO - Iteracja 0: condition_best: year <= 1,962.50, quality_best: 1.0, coverage_best: (p=2, n=0, P=2, N=16)
2026-04-14 12:18:41,363 - INFO - Regula po iteracji 0: IF year <= 1,962.50 THEN class = {134.20} [131.30, 137.10], (p=2, n=0, P=2, N=16)
2026-04-14 12:18:41,363 - INFO - *****GROWING RR RULE*****
2026-04-14 12:18:41,374 - INFO - Iteracja 0: condition_best: None, quality_best: -inf, coverage_best: (p=0, n=0, P=0, N=0), p_value: 0
2026-04-14 12:18:41,374 - INFO - Regula po iteracji 0: IF  THEN class = {204.53} [158.40, 250.66], (p=11, n=7, P=11, N=7)
2026-04-14 12:18:41,375 - INFO - *****STOP GROWING RR RULE*****
2026-04-14 12:18:41,375 - INFO - ***RR NOT FOUND***
2026-04-14 12:18:41,375 - INFO - Iteracja 1: condition_best: year <= 1,961.50, quality_best: 1.0, coverage_best: (p=1, n=0, P=1, N=17)
2026-04-14 12:18:41,375 - INFO - Regula po iteracji 1: IF year <= 1,962.50 AND year <= 1,961.50 THEN class = {131.30} [131.30, 131.30], (p=1, n=0, P=1, N=17)
2026-04-14 12:18:41,376 - INFO - *****GROWING RR RULE*****
2026-04-14 12:18:41,387 - INFO - Iteracja 0: condition_best: None, quality_best: -inf, coverage_best: (p=0, n=0, P=0, N=0), p_value: 0
2026-04-14 12:18:41,387 - INFO - Regula po iteracji 0: IF  THEN class = {204.53} [158.40, 250.66], (p=11, n=7, P=11, N=7)
2026-04-14 12:18:41,387 - INFO - *****STOP GROWING RR RULE*****
2026-04-14 12:18:41,387 - INFO - ***RR NOT FOUND***
2026-04-14 12:18:41,387 - INFO - Iteracja 2: condition_best: None, quality_best: -inf, coverage_best: (p=0, n=0, P=0, N=0)
2026-04-14 12:18:41,387 - INFO - Regula po iteracji 2: IF year <= 1,962.50 AND year <= 1,961.50 THEN class = {131.30} [131.30, 131.30], (p=1, n=0, P=1, N=17)
2026-04-14 12:18:41,387 - INFO - *******STOP GROWING CR RULE*******
2026-04-14 12:18:41,388 - INFO - *******GROWING CR RULE*******
2026-04-14 12:18:41,393 - INFO - Iteracja 0: condition_best: year <= 1,962.50, quality_best: 1.0, coverage_best: (p=2, n=0, P=2, N=16)
2026-04-14 12:18:41,393 - INFO - Regula po iteracji 0: IF year <= 1,962.50 THEN class = {134.20} [131.30, 137.10], (p=2, n=0, P=2, N=16)
2026-04-14 12:18:41,393 - INFO - *****GROWING RR RULE*****
2026-04-14 12:18:41,405 - INFO - Iteracja 0: condition_best: None, quality_best: -inf, coverage_best: (p=0, n=0, P=0, N=0), p_value: 0
2026-04-14 12:18:41,405 - INFO - Regula po iteracji 0: IF  THEN class = {204.53} [158.40, 250.66], (p=11, n=7, P=11, N=7)
2026-04-14 12:18:41,405 - INFO - *****STOP GROWING RR RULE*****
2026-04-14 12:18:41,405 - INFO - ***RR NOT FOUND***
2026-04-14 12:18:41,405 - INFO - Iteracja 1: condition_best: year <= 1,961.50, quality_best: 1.0, coverage_best: (p=1, n=0, P=1, N=17)
2026-04-14 12:18:41,405 - INFO - Regula po iteracji 1: IF year <= 1,962.50 AND year <= 1,961.50 THEN class = {131.30} [131.30, 131.30], (p=1, n=0, P=1, N=17)
2026-04-14 12:18:41,406 - INFO - *****GROWING RR RULE*****
2026-04-14 12:18:41,417 - INFO - Iteracja 0: condition_best: None, quality_best: -inf, coverage_best: (p=0, n=0, P=0, N=0), p_value: 0
2026-04-14 12:18:41,417 - INFO - Regula po iteracji 0: IF  THEN class = {204.53} [158.40, 250.66], (p=11, n=7, P=11, N=7)
2026-04-14 12:18:41,417 - INFO - *****STOP GROWING RR RULE*****
2026-04-14 12:18:41,417 - INFO - ***RR NOT FOUND***
2026-04-14 12:18:41,417 - INFO - Iteracja 2: condition_best: None, quality_best: -inf, coverage_best: (p=0, n=0, P=0, N=0)
2026-04-14 12:18:41,417 - INFO - Regula po iteracji 2: IF year <= 1,962.50 AND year <= 1,961.50 THEN class = {131.30} [131.30, 131.30], (p=1, n=0, P=1, N=17)
2026-04-14 12:18:41,417 - INFO - *******STOP GROWING CR RULE*******
2026-04-14 12:18:41,422 - INFO - ************************Finished experiment for gascons.arff with algorithm_rer_with_exceptions************************
2026-04-14 12:18:41,422 - INFO - *************************************************************************************************************************
2026-04-14 12:18:41,422 - INFO - *************************************************************************************************************************
2026-04-14 12:18:41,422 - INFO - *************************************************************************************************************************
2026-04-14 12:18:41,422 - INFO - **********Starting experiment for gascons.arff with decision_tree**********
2026-04-14 12:18:41,434 - INFO - ************************Finished experiment for gascons.arff with decision_tree************************
2026-04-14 12:18:41,434 - INFO - *************************************************************************************************************************
2026-04-14 12:18:41,434 - INFO - *************************************************************************************************************************
2026-04-14 12:18:41,434 - INFO - *************************************************************************************************************************
