2026-04-14 11:58:00,093 - INFO - **********Starting experiment for auto-price.arff with algorithm**********
2026-04-14 11:58:00,097 - INFO - *******GROWING CR RULE*******
2026-04-14 11:58:00,188 - INFO - Iteracja 0: condition_best: length <= 171.85, quality_best: 0.771, coverage_best: (p=71, n=3, P=98, N=61)
2026-04-14 11:58:00,189 - INFO - Regula po iteracji 0: IF length <= 171.85 THEN class = {7,809.51} [5,074.14, 10,544.89], (p=71, n=3, P=98, N=61)
2026-04-14 11:58:00,189 - INFO - *****GROWING RR RULE*****
2026-04-14 11:58:00,300 - INFO - Iteracja 0: condition_best: None, quality_best: -inf, coverage_best: (p=0, n=0, P=0, N=0), p_value: 0
2026-04-14 11:58:00,300 - INFO - Regula po iteracji 0: IF  THEN class = {11,445.73} [5,586.39, 17,305.07], (p=124, n=35, P=124, N=35)
2026-04-14 11:58:00,300 - INFO - *****STOP GROWING RR RULE*****
2026-04-14 11:58:00,300 - INFO - ***RR NOT FOUND***
2026-04-14 11:58:00,330 - INFO - Iteracja 1: condition_best: length <= 169.00, quality_best: 0.77, coverage_best: (p=57, n=2, P=86, N=73)
2026-04-14 11:58:00,331 - INFO - Regula po iteracji 1: IF length <= 171.85 AND length <= 169.00 THEN class = {7,318.54} [5,089.20, 9,547.89], (p=57, n=2, P=86, N=73)
2026-04-14 11:58:00,331 - INFO - *****GROWING RR RULE*****
2026-04-14 11:58:00,442 - INFO - Iteracja 0: condition_best: None, quality_best: -inf, coverage_best: (p=0, n=0, P=0, N=0), p_value: 0
2026-04-14 11:58:00,442 - INFO - Regula po iteracji 0: IF  THEN class = {11,445.73} [5,586.39, 17,305.07], (p=124, n=35, P=124, N=35)
2026-04-14 11:58:00,442 - INFO - *****STOP GROWING RR RULE*****
2026-04-14 11:58:00,442 - INFO - ***RR NOT FOUND***
2026-04-14 11:58:00,466 - INFO - Iteracja 2: condition_best: normalized-losses <= 221.00, quality_best: 0.772, coverage_best: (p=56, n=2, P=84, N=75)
2026-04-14 11:58:00,466 - INFO - Regula po iteracji 2: IF length <= 171.85 AND length <= 169.00 AND normalized-losses <= 221.00 THEN class = {7,272.66} [5,051.97, 9,493.34], (p=56, n=2, P=84, N=75)
2026-04-14 11:58:00,466 - INFO - *****GROWING RR RULE*****
2026-04-14 11:58:00,576 - INFO - Iteracja 0: condition_best: None, quality_best: -inf, coverage_best: (p=0, n=0, P=0, N=0), p_value: 0
2026-04-14 11:58:00,576 - INFO - Regula po iteracji 0: IF  THEN class = {11,445.73} [5,586.39, 17,305.07], (p=124, n=35, P=124, N=35)
2026-04-14 11:58:00,576 - INFO - *****STOP GROWING RR RULE*****
2026-04-14 11:58:00,576 - INFO - ***RR NOT FOUND***
2026-04-14 11:58:00,598 - INFO - Iteracja 3: condition_best: peak-rpm <= 6,300.00, quality_best: 0.796, coverage_best: (p=55, n=1, P=84, N=75)
2026-04-14 11:58:00,598 - INFO - Regula po iteracji 3: IF length <= 171.85 AND length <= 169.00 AND normalized-losses <= 221.00 AND peak-rpm <= 6,300.00 THEN class = {7,196.04} [4,974.15, 9,417.92], (p=55, n=1, P=84, N=75)
2026-04-14 11:58:00,598 - INFO - *****GROWING RR RULE*****
2026-04-14 11:58:00,709 - INFO - Iteracja 0: condition_best: None, quality_best: -inf, coverage_best: (p=0, n=0, P=0, N=0), p_value: 0
2026-04-14 11:58:00,709 - INFO - Regula po iteracji 0: IF  THEN class = {11,445.73} [5,586.39, 17,305.07], (p=124, n=35, P=124, N=35)
2026-04-14 11:58:00,709 - INFO - *****STOP GROWING RR RULE*****
2026-04-14 11:58:00,709 - INFO - ***RR NOT FOUND***
2026-04-14 11:58:00,730 - INFO - Iteracja 4: condition_best: normalized-losses >= 76.00, quality_best: 0.79, coverage_best: (p=54, n=1, P=84, N=75)
2026-04-14 11:58:00,730 - INFO - Regula po iteracji 4: IF length <= 171.85 AND length <= 169.00 AND normalized-losses <= 221.00 AND peak-rpm <= 6,300.00 AND normalized-losses >= 76.00 THEN class = {7,208.91} [4,968.98, 9,448.84], (p=54, n=1, P=84, N=75)
2026-04-14 11:58:00,731 - INFO - *****GROWING RR RULE*****
2026-04-14 11:58:00,841 - INFO - Iteracja 0: condition_best: None, quality_best: -inf, coverage_best: (p=0, n=0, P=0, N=0), p_value: 0
2026-04-14 11:58:00,841 - INFO - Regula po iteracji 0: IF  THEN class = {11,445.73} [5,586.39, 17,305.07], (p=124, n=35, P=124, N=35)
2026-04-14 11:58:00,841 - INFO - *****STOP GROWING RR RULE*****
2026-04-14 11:58:00,841 - INFO - ***RR NOT FOUND***
2026-04-14 11:58:00,841 - INFO - *******STOP GROWING CR RULE*******
2026-04-14 11:58:00,843 - INFO - *******GROWING CR RULE*******
2026-04-14 11:58:00,903 - INFO - Iteracja 0: condition_best: length <= 171.85, quality_best: 0.771, coverage_best: (p=71, n=3, P=98, N=61)
2026-04-14 11:58:00,903 - INFO - Regula po iteracji 0: IF length <= 171.85 THEN class = {7,809.51} [5,074.14, 10,544.89], (p=71, n=3, P=98, N=61)
2026-04-14 11:58:00,903 - INFO - *****GROWING RR RULE*****
2026-04-14 11:58:01,013 - INFO - Iteracja 0: condition_best: None, quality_best: -inf, coverage_best: (p=0, n=0, P=0, N=0), p_value: 0
2026-04-14 11:58:01,013 - INFO - Regula po iteracji 0: IF  THEN class = {11,445.73} [5,586.39, 17,305.07], (p=124, n=35, P=124, N=35)
2026-04-14 11:58:01,013 - INFO - *****STOP GROWING RR RULE*****
2026-04-14 11:58:01,014 - INFO - ***RR NOT FOUND***
2026-04-14 11:58:01,040 - INFO - Iteracja 1: condition_best: normalized-losses <= 225.00, quality_best: 0.765, coverage_best: (p=70, n=3, P=98, N=61)
2026-04-14 11:58:01,040 - INFO - Regula po iteracji 1: IF length <= 171.85 AND normalized-losses <= 225.00 THEN class = {7,779.78} [5,037.64, 10,521.93], (p=70, n=3, P=98, N=61)
2026-04-14 11:58:01,040 - INFO - *****GROWING RR RULE*****
2026-04-14 11:58:01,150 - INFO - Iteracja 0: condition_best: None, quality_best: -inf, coverage_best: (p=0, n=0, P=0, N=0), p_value: 0
2026-04-14 11:58:01,150 - INFO - Regula po iteracji 0: IF  THEN class = {11,445.73} [5,586.39, 17,305.07], (p=124, n=35, P=124, N=35)
2026-04-14 11:58:01,150 - INFO - *****STOP GROWING RR RULE*****
2026-04-14 11:58:01,150 - INFO - ***RR NOT FOUND***
2026-04-14 11:58:01,177 - INFO - Iteracja 2: condition_best: normalized-losses >= 75.50, quality_best: 0.76, coverage_best: (p=69, n=3, P=98, N=61)
2026-04-14 11:58:01,177 - INFO - Regula po iteracji 2: IF length <= 171.85 AND normalized-losses <= 225.00 AND normalized-losses >= 75.50 THEN class = {7,797.72} [5,040.86, 10,554.59], (p=69, n=3, P=98, N=61)
2026-04-14 11:58:01,177 - INFO - *****GROWING RR RULE*****
2026-04-14 11:58:01,288 - INFO - Iteracja 0: condition_best: None, quality_best: -inf, coverage_best: (p=0, n=0, P=0, N=0), p_value: 0
2026-04-14 11:58:01,288 - INFO - Regula po iteracji 0: IF  THEN class = {11,445.73} [5,586.39, 17,305.07], (p=124, n=35, P=124, N=35)
2026-04-14 11:58:01,288 - INFO - *****STOP GROWING RR RULE*****
2026-04-14 11:58:01,288 - INFO - ***RR NOT FOUND***
2026-04-14 11:58:01,314 - INFO - Iteracja 3: condition_best: normalized-losses >= 77.50, quality_best: 0.754, coverage_best: (p=68, n=3, P=98, N=61)
2026-04-14 11:58:01,314 - INFO - Regula po iteracji 3: IF length <= 171.85 AND normalized-losses <= 225.00 AND normalized-losses >= 75.50 AND normalized-losses >= 77.50 THEN class = {7,810.11} [5,035.89, 10,584.33], (p=68, n=3, P=98, N=61)
2026-04-14 11:58:01,314 - INFO - *****GROWING RR RULE*****
2026-04-14 11:58:01,424 - INFO - Iteracja 0: condition_best: None, quality_best: -inf, coverage_best: (p=0, n=0, P=0, N=0), p_value: 0
2026-04-14 11:58:01,424 - INFO - Regula po iteracji 0: IF  THEN class = {11,445.73} [5,586.39, 17,305.07], (p=124, n=35, P=124, N=35)
2026-04-14 11:58:01,424 - INFO - *****STOP GROWING RR RULE*****
2026-04-14 11:58:01,424 - INFO - ***RR NOT FOUND***
2026-04-14 11:58:01,450 - INFO - Iteracja 4: condition_best: normalized-losses >= 79.50, quality_best: 0.743, coverage_best: (p=67, n=3, P=99, N=60)
2026-04-14 11:58:01,450 - INFO - Regula po iteracji 4: IF length <= 171.85 AND normalized-losses <= 225.00 AND normalized-losses >= 75.50 AND normalized-losses >= 77.50 AND normalized-losses >= 79.50 THEN class = {7,817.47} [5,024.20, 10,610.75], (p=67, n=3, P=99, N=60)
2026-04-14 11:58:01,451 - INFO - *****GROWING RR RULE*****
2026-04-14 11:58:01,560 - INFO - Iteracja 0: condition_best: None, quality_best: -inf, coverage_best: (p=0, n=0, P=0, N=0), p_value: 0
2026-04-14 11:58:01,560 - INFO - Regula po iteracji 0: IF  THEN class = {11,445.73} [5,586.39, 17,305.07], (p=124, n=35, P=124, N=35)
2026-04-14 11:58:01,561 - INFO - *****STOP GROWING RR RULE*****
2026-04-14 11:58:01,561 - INFO - ***RR NOT FOUND***
2026-04-14 11:58:01,561 - INFO - *******STOP GROWING CR RULE*******
2026-04-14 11:58:01,562 - INFO - *******GROWING CR RULE*******
2026-04-14 11:58:01,621 - INFO - Iteracja 0: condition_best: wheel-base <= 98.95, quality_best: 0.752, coverage_best: (p=100, n=7, P=110, N=49)
2026-04-14 11:58:01,621 - INFO - Regula po iteracji 0: IF wheel-base <= 98.95 THEN class = {8,685.43} [4,957.65, 12,413.21], (p=100, n=7, P=110, N=49)
2026-04-14 11:58:01,622 - INFO - *****GROWING RR RULE*****
2026-04-14 11:58:01,731 - INFO - Iteracja 0: condition_best: None, quality_best: -inf, coverage_best: (p=0, n=0, P=0, N=0), p_value: 0
2026-04-14 11:58:01,732 - INFO - Regula po iteracji 0: IF  THEN class = {11,445.73} [5,586.39, 17,305.07], (p=124, n=35, P=124, N=35)
2026-04-14 11:58:01,732 - INFO - *****STOP GROWING RR RULE*****
2026-04-14 11:58:01,732 - INFO - ***RR NOT FOUND***
2026-04-14 11:58:01,771 - INFO - Iteracja 1: condition_best: height >= 50.40, quality_best: 0.844, coverage_best: (p=97, n=4, P=106, N=53)
2026-04-14 11:58:01,771 - INFO - Regula po iteracji 1: IF wheel-base <= 98.95 AND height >= 50.40 THEN class = {8,306.96} [5,035.51, 11,578.41], (p=97, n=4, P=106, N=53)
2026-04-14 11:58:01,772 - INFO - *****GROWING RR RULE*****
2026-04-14 11:58:01,882 - INFO - Iteracja 0: condition_best: None, quality_best: -inf, coverage_best: (p=0, n=0, P=0, N=0), p_value: 0
2026-04-14 11:58:01,882 - INFO - Regula po iteracji 0: IF  THEN class = {11,445.73} [5,586.39, 17,305.07], (p=124, n=35, P=124, N=35)
2026-04-14 11:58:01,882 - INFO - *****STOP GROWING RR RULE*****
2026-04-14 11:58:01,882 - INFO - ***RR NOT FOUND***
2026-04-14 11:58:01,916 - INFO - Iteracja 2: condition_best: curb-weight >= 1,855.50, quality_best: 0.85, coverage_best: (p=94, n=3, P=107, N=52)
2026-04-14 11:58:01,916 - INFO - Regula po iteracji 2: IF wheel-base <= 98.95 AND height >= 50.40 AND curb-weight >= 1,855.50 THEN class = {8,403.29} [5,103.53, 11,703.05], (p=94, n=3, P=107, N=52)
2026-04-14 11:58:01,917 - INFO - *****GROWING RR RULE*****
2026-04-14 11:58:02,027 - INFO - Iteracja 0: condition_best: None, quality_best: -inf, coverage_best: (p=0, n=0, P=0, N=0), p_value: 0
2026-04-14 11:58:02,027 - INFO - Regula po iteracji 0: IF  THEN class = {11,445.73} [5,586.39, 17,305.07], (p=124, n=35, P=124, N=35)
2026-04-14 11:58:02,028 - INFO - *****STOP GROWING RR RULE*****
2026-04-14 11:58:02,028 - INFO - ***RR NOT FOUND***
2026-04-14 11:58:02,060 - INFO - Iteracja 3: condition_best: stroke >= 2.50, quality_best: 0.851, coverage_best: (p=93, n=3, P=106, N=53)
2026-04-14 11:58:02,060 - INFO - Regula po iteracji 3: IF wheel-base <= 98.95 AND height >= 50.40 AND curb-weight >= 1,855.50 AND stroke >= 2.50 THEN class = {8,437.51} [5,137.78, 11,737.25], (p=93, n=3, P=106, N=53)
2026-04-14 11:58:02,060 - INFO - *****GROWING RR RULE*****
2026-04-14 11:58:02,171 - INFO - Iteracja 0: condition_best: None, quality_best: -inf, coverage_best: (p=0, n=0, P=0, N=0), p_value: 0
2026-04-14 11:58:02,171 - INFO - Regula po iteracji 0: IF  THEN class = {11,445.73} [5,586.39, 17,305.07], (p=124, n=35, P=124, N=35)
2026-04-14 11:58:02,171 - INFO - *****STOP GROWING RR RULE*****
2026-04-14 11:58:02,171 - INFO - ***RR NOT FOUND***
2026-04-14 11:58:02,203 - INFO - Iteracja 4: condition_best: stroke <= 3.54, quality_best: 0.849, coverage_best: (p=88, n=2, P=107, N=52)
2026-04-14 11:58:02,203 - INFO - Regula po iteracji 4: IF wheel-base <= 98.95 AND height >= 50.40 AND curb-weight >= 1,855.50 AND stroke >= 2.50 AND stroke <= 3.54 THEN class = {8,339.79} [4,979.71, 11,699.87], (p=88, n=2, P=107, N=52)
2026-04-14 11:58:02,203 - INFO - *****GROWING RR RULE*****
2026-04-14 11:58:02,314 - INFO - Iteracja 0: condition_best: None, quality_best: -inf, coverage_best: (p=0, n=0, P=0, N=0), p_value: 0
2026-04-14 11:58:02,314 - INFO - Regula po iteracji 0: IF  THEN class = {11,445.73} [5,586.39, 17,305.07], (p=124, n=35, P=124, N=35)
2026-04-14 11:58:02,314 - INFO - *****STOP GROWING RR RULE*****
2026-04-14 11:58:02,314 - INFO - ***RR NOT FOUND***
2026-04-14 11:58:02,314 - INFO - *******STOP GROWING CR RULE*******
2026-04-14 11:58:02,315 - INFO - *******GROWING CR RULE*******
2026-04-14 11:58:02,374 - INFO - Iteracja 0: condition_best: wheel-base <= 98.95, quality_best: 0.752, coverage_best: (p=100, n=7, P=110, N=49)
2026-04-14 11:58:02,374 - INFO - Regula po iteracji 0: IF wheel-base <= 98.95 THEN class = {8,685.43} [4,957.65, 12,413.21], (p=100, n=7, P=110, N=49)
2026-04-14 11:58:02,374 - INFO - *****GROWING RR RULE*****
2026-04-14 11:58:02,484 - INFO - Iteracja 0: condition_best: None, quality_best: -inf, coverage_best: (p=0, n=0, P=0, N=0), p_value: 0
2026-04-14 11:58:02,484 - INFO - Regula po iteracji 0: IF  THEN class = {11,445.73} [5,586.39, 17,305.07], (p=124, n=35, P=124, N=35)
2026-04-14 11:58:02,484 - INFO - *****STOP GROWING RR RULE*****
2026-04-14 11:58:02,484 - INFO - ***RR NOT FOUND***
2026-04-14 11:58:02,520 - INFO - Iteracja 1: condition_best: normalized-losses <= 177.00, quality_best: 0.822, coverage_best: (p=98, n=5, P=106, N=53)
2026-04-14 11:58:02,521 - INFO - Regula po iteracji 1: IF wheel-base <= 98.95 AND normalized-losses <= 177.00 THEN class = {8,353.83} [5,082.35, 11,625.32], (p=98, n=5, P=106, N=53)
2026-04-14 11:58:02,521 - INFO - *****GROWING RR RULE*****
2026-04-14 11:58:02,630 - INFO - Iteracja 0: condition_best: None, quality_best: -inf, coverage_best: (p=0, n=0, P=0, N=0), p_value: 0
2026-04-14 11:58:02,631 - INFO - Regula po iteracji 0: IF  THEN class = {11,445.73} [5,586.39, 17,305.07], (p=124, n=35, P=124, N=35)
2026-04-14 11:58:02,631 - INFO - *****STOP GROWING RR RULE*****
2026-04-14 11:58:02,631 - INFO - ***RR NOT FOUND***
2026-04-14 11:58:02,665 - INFO - Iteracja 2: condition_best: stroke <= 3.74, quality_best: 0.849, coverage_best: (p=98, n=4, P=106, N=53)
2026-04-14 11:58:02,665 - INFO - Regula po iteracji 2: IF wheel-base <= 98.95 AND normalized-losses <= 177.00 AND stroke <= 3.74 THEN class = {8,308.64} [5,053.31, 11,563.97], (p=98, n=4, P=106, N=53)
2026-04-14 11:58:02,666 - INFO - *****GROWING RR RULE*****
2026-04-14 11:58:02,776 - INFO - Iteracja 0: condition_best: None, quality_best: -inf, coverage_best: (p=0, n=0, P=0, N=0), p_value: 0
2026-04-14 11:58:02,776 - INFO - Regula po iteracji 0: IF  THEN class = {11,445.73} [5,586.39, 17,305.07], (p=124, n=35, P=124, N=35)
2026-04-14 11:58:02,776 - INFO - *****STOP GROWING RR RULE*****
2026-04-14 11:58:02,776 - INFO - ***RR NOT FOUND***
2026-04-14 11:58:02,809 - INFO - Iteracja 3: condition_best: normalized-losses >= 82.00, quality_best: 0.85, coverage_best: (p=94, n=3, P=107, N=52)
2026-04-14 11:58:02,809 - INFO - Regula po iteracji 3: IF wheel-base <= 98.95 AND normalized-losses <= 177.00 AND stroke <= 3.74 AND normalized-losses >= 82.00 THEN class = {8,374.30} [5,051.40, 11,697.20], (p=94, n=3, P=107, N=52)
2026-04-14 11:58:02,810 - INFO - *****GROWING RR RULE*****
2026-04-14 11:58:02,920 - INFO - Iteracja 0: condition_best: None, quality_best: -inf, coverage_best: (p=0, n=0, P=0, N=0), p_value: 0
2026-04-14 11:58:02,920 - INFO - Regula po iteracji 0: IF  THEN class = {11,445.73} [5,586.39, 17,305.07], (p=124, n=35, P=124, N=35)
2026-04-14 11:58:02,920 - INFO - *****STOP GROWING RR RULE*****
2026-04-14 11:58:02,920 - INFO - ***RR NOT FOUND***
2026-04-14 11:58:02,953 - INFO - Iteracja 4: condition_best: length >= 142.85, quality_best: 0.845, coverage_best: (p=93, n=3, P=107, N=52)
2026-04-14 11:58:02,953 - INFO - Regula po iteracji 4: IF wheel-base <= 98.95 AND normalized-losses <= 177.00 AND stroke <= 3.74 AND normalized-losses >= 82.00 AND length >= 142.85 THEN class = {8,407.88} [5,084.12, 11,731.63], (p=93, n=3, P=107, N=52)
2026-04-14 11:58:02,953 - INFO - *****GROWING RR RULE*****
2026-04-14 11:58:03,064 - INFO - Iteracja 0: condition_best: None, quality_best: -inf, coverage_best: (p=0, n=0, P=0, N=0), p_value: 0
2026-04-14 11:58:03,064 - INFO - Regula po iteracji 0: IF  THEN class = {11,445.73} [5,586.39, 17,305.07], (p=124, n=35, P=124, N=35)
2026-04-14 11:58:03,064 - INFO - *****STOP GROWING RR RULE*****
2026-04-14 11:58:03,064 - INFO - ***RR NOT FOUND***
2026-04-14 11:58:03,064 - INFO - *******STOP GROWING CR RULE*******
2026-04-14 11:58:03,065 - INFO - *******GROWING CR RULE*******
2026-04-14 11:58:03,123 - INFO - Iteracja 0: condition_best: width >= 69.25, quality_best: 0.74, coverage_best: (p=6, n=2, P=6, N=153)
2026-04-14 11:58:03,123 - INFO - Regula po iteracji 0: IF width >= 69.25 THEN class = {27,808.38} [22,690.99, 32,925.76], (p=6, n=2, P=6, N=153)
2026-04-14 11:58:03,123 - INFO - *****GROWING RR RULE*****
2026-04-14 11:58:03,233 - INFO - Iteracja 0: condition_best: None, quality_best: -inf, coverage_best: (p=0, n=0, P=0, N=0), p_value: 0
2026-04-14 11:58:03,233 - INFO - Regula po iteracji 0: IF  THEN class = {11,445.73} [5,586.39, 17,305.07], (p=124, n=35, P=124, N=35)
2026-04-14 11:58:03,233 - INFO - *****STOP GROWING RR RULE*****
2026-04-14 11:58:03,233 - INFO - ***RR NOT FOUND***
2026-04-14 11:58:03,240 - INFO - Iteracja 1: condition_best: normalized-losses <= 151.50, quality_best: 0.658, coverage_best: (p=4, n=2, P=4, N=155)
2026-04-14 11:58:03,240 - INFO - Regula po iteracji 1: IF width >= 69.25 AND normalized-losses <= 151.50 THEN class = {30,147.00} [27,004.89, 33,289.11], (p=4, n=2, P=4, N=155)
2026-04-14 11:58:03,240 - INFO - *****GROWING RR RULE*****
2026-04-14 11:58:03,351 - INFO - Iteracja 0: condition_best: None, quality_best: -inf, coverage_best: (p=0, n=0, P=0, N=0), p_value: 0
2026-04-14 11:58:03,351 - INFO - Regula po iteracji 0: IF  THEN class = {11,445.73} [5,586.39, 17,305.07], (p=124, n=35, P=124, N=35)
2026-04-14 11:58:03,351 - INFO - *****STOP GROWING RR RULE*****
2026-04-14 11:58:03,351 - INFO - ***RR NOT FOUND***
2026-04-14 11:58:03,356 - INFO - Iteracja 2: condition_best: wheel-base >= 101.65, quality_best: 0.592, coverage_best: (p=3, n=2, P=3, N=156)
2026-04-14 11:58:03,356 - INFO - Regula po iteracji 2: IF width >= 69.25 AND normalized-losses <= 151.50 AND wheel-base >= 101.65 THEN class = {29,165.20} [26,702.71, 31,627.69], (p=3, n=2, P=3, N=156)
2026-04-14 11:58:03,356 - INFO - *****GROWING RR RULE*****
2026-04-14 11:58:03,466 - INFO - Iteracja 0: condition_best: None, quality_best: -inf, coverage_best: (p=0, n=0, P=0, N=0), p_value: 0
2026-04-14 11:58:03,466 - INFO - Regula po iteracji 0: IF  THEN class = {11,445.73} [5,586.39, 17,305.07], (p=124, n=35, P=124, N=35)
2026-04-14 11:58:03,466 - INFO - *****STOP GROWING RR RULE*****
2026-04-14 11:58:03,466 - INFO - ***RR NOT FOUND***
2026-04-14 11:58:03,469 - INFO - Iteracja 3: condition_best: None, quality_best: -inf, coverage_best: (p=0, n=0, P=0, N=0)
2026-04-14 11:58:03,469 - INFO - Regula po iteracji 3: IF width >= 69.25 AND normalized-losses <= 151.50 AND wheel-base >= 101.65 THEN class = {29,165.20} [26,702.71, 31,627.69], (p=3, n=2, P=3, N=156)
2026-04-14 11:58:03,469 - INFO - *******STOP GROWING CR RULE*******
2026-04-14 11:58:03,470 - INFO - *******GROWING CR RULE*******
2026-04-14 11:58:03,528 - INFO - Iteracja 0: condition_best: wheel-base <= 99.15, quality_best: 0.696, coverage_best: (p=104, n=9, P=113, N=46)
2026-04-14 11:58:03,528 - INFO - Regula po iteracji 0: IF wheel-base <= 99.15 THEN class = {9,032.58} [5,074.07, 12,991.08], (p=104, n=9, P=113, N=46)
2026-04-14 11:58:03,528 - INFO - *****GROWING RR RULE*****
2026-04-14 11:58:03,638 - INFO - Iteracja 0: condition_best: None, quality_best: -inf, coverage_best: (p=0, n=0, P=0, N=0), p_value: 0
2026-04-14 11:58:03,638 - INFO - Regula po iteracji 0: IF  THEN class = {11,445.73} [5,586.39, 17,305.07], (p=124, n=35, P=124, N=35)
2026-04-14 11:58:03,638 - INFO - *****STOP GROWING RR RULE*****
2026-04-14 11:58:03,638 - INFO - ***RR NOT FOUND***
2026-04-14 11:58:03,677 - INFO - Iteracja 1: condition_best: horsepower <= 157.50, quality_best: 0.763, coverage_best: (p=102, n=7, P=110, N=49)
2026-04-14 11:58:03,677 - INFO - Regula po iteracji 1: IF wheel-base <= 99.15 AND horsepower <= 157.50 THEN class = {8,688.19} [5,101.47, 12,274.92], (p=102, n=7, P=110, N=49)
2026-04-14 11:58:03,677 - INFO - *****GROWING RR RULE*****
2026-04-14 11:58:03,786 - INFO - Iteracja 0: condition_best: None, quality_best: -inf, coverage_best: (p=0, n=0, P=0, N=0), p_value: 0
2026-04-14 11:58:03,787 - INFO - Regula po iteracji 0: IF  THEN class = {11,445.73} [5,586.39, 17,305.07], (p=124, n=35, P=124, N=35)
2026-04-14 11:58:03,787 - INFO - *****STOP GROWING RR RULE*****
2026-04-14 11:58:03,787 - INFO - ***RR NOT FOUND***
2026-04-14 11:58:03,824 - INFO - Iteracja 2: condition_best: normalized-losses <= 221.00, quality_best: 0.757, coverage_best: (p=101, n=7, P=110, N=49)
2026-04-14 11:58:03,824 - INFO - Regula po iteracji 2: IF wheel-base <= 99.15 AND horsepower <= 157.50 AND normalized-losses <= 221.00 THEN class = {8,676.23} [5,075.10, 12,277.36], (p=101, n=7, P=110, N=49)
2026-04-14 11:58:03,824 - INFO - *****GROWING RR RULE*****
2026-04-14 11:58:03,934 - INFO - Iteracja 0: condition_best: None, quality_best: -inf, coverage_best: (p=0, n=0, P=0, N=0), p_value: 0
2026-04-14 11:58:03,935 - INFO - Regula po iteracji 0: IF  THEN class = {11,445.73} [5,586.39, 17,305.07], (p=124, n=35, P=124, N=35)
2026-04-14 11:58:03,935 - INFO - *****STOP GROWING RR RULE*****
2026-04-14 11:58:03,935 - INFO - ***RR NOT FOUND***
2026-04-14 11:58:03,972 - INFO - Iteracja 3: condition_best: normalized-losses >= 75.50, quality_best: 0.752, coverage_best: (p=100, n=7, P=110, N=49)
2026-04-14 11:58:03,972 - INFO - Regula po iteracji 3: IF wheel-base <= 99.15 AND horsepower <= 157.50 AND normalized-losses <= 221.00 AND normalized-losses >= 75.50 THEN class = {8,696.68} [5,085.01, 12,308.35], (p=100, n=7, P=110, N=49)
2026-04-14 11:58:03,972 - INFO - *****GROWING RR RULE*****
2026-04-14 11:58:04,082 - INFO - Iteracja 0: condition_best: None, quality_best: -inf, coverage_best: (p=0, n=0, P=0, N=0), p_value: 0
2026-04-14 11:58:04,082 - INFO - Regula po iteracji 0: IF  THEN class = {11,445.73} [5,586.39, 17,305.07], (p=124, n=35, P=124, N=35)
2026-04-14 11:58:04,082 - INFO - *****STOP GROWING RR RULE*****
2026-04-14 11:58:04,082 - INFO - ***RR NOT FOUND***
2026-04-14 11:58:04,120 - INFO - Iteracja 4: condition_best: normalized-losses >= 77.50, quality_best: 0.746, coverage_best: (p=99, n=7, P=110, N=49)
2026-04-14 11:58:04,120 - INFO - Regula po iteracji 4: IF wheel-base <= 99.15 AND horsepower <= 157.50 AND normalized-losses <= 221.00 AND normalized-losses >= 75.50 AND normalized-losses >= 77.50 THEN class = {8,713.46} [5,088.95, 12,337.97], (p=99, n=7, P=110, N=49)
2026-04-14 11:58:04,120 - INFO - *****GROWING RR RULE*****
2026-04-14 11:58:04,230 - INFO - Iteracja 0: condition_best: None, quality_best: -inf, coverage_best: (p=0, n=0, P=0, N=0), p_value: 0
2026-04-14 11:58:04,231 - INFO - Regula po iteracji 0: IF  THEN class = {11,445.73} [5,586.39, 17,305.07], (p=124, n=35, P=124, N=35)
2026-04-14 11:58:04,231 - INFO - *****STOP GROWING RR RULE*****
2026-04-14 11:58:04,231 - INFO - ***RR NOT FOUND***
2026-04-14 11:58:04,231 - INFO - *******STOP GROWING CR RULE*******
2026-04-14 11:58:04,231 - INFO - *******GROWING CR RULE*******
2026-04-14 11:58:04,289 - INFO - Iteracja 0: condition_best: width <= 65.00, quality_best: 0.69, coverage_best: (p=64, n=4, P=100, N=59)
2026-04-14 11:58:04,289 - INFO - Regula po iteracji 0: IF width <= 65.00 THEN class = {7,871.99} [4,848.42, 10,895.56], (p=64, n=4, P=100, N=59)
2026-04-14 11:58:04,290 - INFO - *****GROWING RR RULE*****
2026-04-14 11:58:04,400 - INFO - Iteracja 0: condition_best: None, quality_best: -inf, coverage_best: (p=0, n=0, P=0, N=0), p_value: 0
2026-04-14 11:58:04,400 - INFO - Regula po iteracji 0: IF  THEN class = {11,445.73} [5,586.39, 17,305.07], (p=124, n=35, P=124, N=35)
2026-04-14 11:58:04,400 - INFO - *****STOP GROWING RR RULE*****
2026-04-14 11:58:04,400 - INFO - ***RR NOT FOUND***
2026-04-14 11:58:04,425 - INFO - Iteracja 1: condition_best: curb-weight <= 2,737.50, quality_best: 0.697, coverage_best: (p=62, n=4, P=96, N=63)
2026-04-14 11:58:04,425 - INFO - Regula po iteracji 1: IF width <= 65.00 AND curb-weight <= 2,737.50 THEN class = {7,657.76} [5,067.88, 10,247.63], (p=62, n=4, P=96, N=63)
2026-04-14 11:58:04,425 - INFO - *****GROWING RR RULE*****
2026-04-14 11:58:04,534 - INFO - Iteracja 0: condition_best: None, quality_best: -inf, coverage_best: (p=0, n=0, P=0, N=0), p_value: 0
2026-04-14 11:58:04,534 - INFO - Regula po iteracji 0: IF  THEN class = {11,445.73} [5,586.39, 17,305.07], (p=124, n=35, P=124, N=35)
2026-04-14 11:58:04,534 - INFO - *****STOP GROWING RR RULE*****
2026-04-14 11:58:04,534 - INFO - ***RR NOT FOUND***
2026-04-14 11:58:04,558 - INFO - Iteracja 2: condition_best: stroke <= 3.53, quality_best: 0.732, coverage_best: (p=62, n=3, P=95, N=64)
2026-04-14 11:58:04,558 - INFO - Regula po iteracji 2: IF width <= 65.00 AND curb-weight <= 2,737.50 AND stroke <= 3.53 THEN class = {7,617.18} [5,028.36, 10,206.01], (p=62, n=3, P=95, N=64)
2026-04-14 11:58:04,558 - INFO - *****GROWING RR RULE*****
2026-04-14 11:58:04,668 - INFO - Iteracja 0: condition_best: None, quality_best: -inf, coverage_best: (p=0, n=0, P=0, N=0), p_value: 0
2026-04-14 11:58:04,668 - INFO - Regula po iteracji 0: IF  THEN class = {11,445.73} [5,586.39, 17,305.07], (p=124, n=35, P=124, N=35)
2026-04-14 11:58:04,668 - INFO - *****STOP GROWING RR RULE*****
2026-04-14 11:58:04,668 - INFO - ***RR NOT FOUND***
2026-04-14 11:58:04,692 - INFO - Iteracja 3: condition_best: normalized-losses <= 224.00, quality_best: 0.73, coverage_best: (p=61, n=3, P=94, N=65)
2026-04-14 11:58:04,692 - INFO - Regula po iteracji 3: IF width <= 65.00 AND curb-weight <= 2,737.50 AND stroke <= 3.53 AND normalized-losses <= 224.00 THEN class = {7,580.27} [4,988.33, 10,172.20], (p=61, n=3, P=94, N=65)
2026-04-14 11:58:04,693 - INFO - *****GROWING RR RULE*****
2026-04-14 11:58:04,802 - INFO - Iteracja 0: condition_best: None, quality_best: -inf, coverage_best: (p=0, n=0, P=0, N=0), p_value: 0
2026-04-14 11:58:04,802 - INFO - Regula po iteracji 0: IF  THEN class = {11,445.73} [5,586.39, 17,305.07], (p=124, n=35, P=124, N=35)
2026-04-14 11:58:04,802 - INFO - *****STOP GROWING RR RULE*****
2026-04-14 11:58:04,802 - INFO - ***RR NOT FOUND***
2026-04-14 11:58:04,826 - INFO - Iteracja 4: condition_best: length >= 142.85, quality_best: 0.719, coverage_best: (p=60, n=3, P=95, N=64)
2026-04-14 11:58:04,826 - INFO - Regula po iteracji 4: IF width <= 65.00 AND curb-weight <= 2,737.50 AND stroke <= 3.53 AND normalized-losses <= 224.00 AND length >= 142.85 THEN class = {7,618.83} [5,024.68, 10,212.97], (p=60, n=3, P=95, N=64)
2026-04-14 11:58:04,826 - INFO - *****GROWING RR RULE*****
2026-04-14 11:58:04,936 - INFO - Iteracja 0: condition_best: None, quality_best: -inf, coverage_best: (p=0, n=0, P=0, N=0), p_value: 0
2026-04-14 11:58:04,936 - INFO - Regula po iteracji 0: IF  THEN class = {11,445.73} [5,586.39, 17,305.07], (p=124, n=35, P=124, N=35)
2026-04-14 11:58:04,936 - INFO - *****STOP GROWING RR RULE*****
2026-04-14 11:58:04,936 - INFO - ***RR NOT FOUND***
2026-04-14 11:58:04,936 - INFO - *******STOP GROWING CR RULE*******
2026-04-14 11:58:04,937 - INFO - *******GROWING CR RULE*******
2026-04-14 11:58:04,994 - INFO - Iteracja 0: condition_best: curb-weight >= 2,701.00, quality_best: 0.653, coverage_best: (p=36, n=11, P=40, N=119)
2026-04-14 11:58:04,994 - INFO - Regula po iteracji 0: IF curb-weight >= 2,701.00 THEN class = {18,643.30} [13,166.42, 24,120.18], (p=36, n=11, P=40, N=119)
2026-04-14 11:58:04,995 - INFO - *****GROWING RR RULE*****
2026-04-14 11:58:05,109 - INFO - Iteracja 0: condition_best: None, quality_best: -inf, coverage_best: (p=0, n=0, P=0, N=0), p_value: 0
2026-04-14 11:58:05,109 - INFO - Regula po iteracji 0: IF  THEN class = {11,445.73} [5,586.39, 17,305.07], (p=124, n=35, P=124, N=35)
2026-04-14 11:58:05,109 - INFO - *****STOP GROWING RR RULE*****
2026-04-14 11:58:05,109 - INFO - ***RR NOT FOUND***
2026-04-14 11:58:05,136 - INFO - Iteracja 1: condition_best: compression-ratio <= 21.25, quality_best: 0.729, coverage_best: (p=35, n=7, P=40, N=119)
2026-04-14 11:58:05,136 - INFO - Regula po iteracji 1: IF curb-weight >= 2,701.00 AND compression-ratio <= 21.25 THEN class = {17,623.55} [12,860.66, 22,386.43], (p=35, n=7, P=40, N=119)
2026-04-14 11:58:05,137 - INFO - *****GROWING RR RULE*****
2026-04-14 11:58:05,247 - INFO - Iteracja 0: condition_best: None, quality_best: -inf, coverage_best: (p=0, n=0, P=0, N=0), p_value: 0
2026-04-14 11:58:05,247 - INFO - Regula po iteracji 0: IF  THEN class = {11,445.73} [5,586.39, 17,305.07], (p=124, n=35, P=124, N=35)
2026-04-14 11:58:05,247 - INFO - *****STOP GROWING RR RULE*****
2026-04-14 11:58:05,247 - INFO - ***RR NOT FOUND***
2026-04-14 11:58:05,270 - INFO - Iteracja 2: condition_best: width <= 70.95, quality_best: 0.74, coverage_best: (p=34, n=6, P=40, N=119)
2026-04-14 11:58:05,270 - INFO - Regula po iteracji 2: IF curb-weight >= 2,701.00 AND compression-ratio <= 21.25 AND width <= 70.95 THEN class = {17,465.10} [12,688.38, 22,241.82], (p=34, n=6, P=40, N=119)
2026-04-14 11:58:05,271 - INFO - *****GROWING RR RULE*****
2026-04-14 11:58:05,381 - INFO - Iteracja 0: condition_best: None, quality_best: -inf, coverage_best: (p=0, n=0, P=0, N=0), p_value: 0
2026-04-14 11:58:05,381 - INFO - Regula po iteracji 0: IF  THEN class = {11,445.73} [5,586.39, 17,305.07], (p=124, n=35, P=124, N=35)
2026-04-14 11:58:05,381 - INFO - *****STOP GROWING RR RULE*****
2026-04-14 11:58:05,381 - INFO - ***RR NOT FOUND***
2026-04-14 11:58:05,403 - INFO - Iteracja 3: condition_best: length >= 170.20, quality_best: 0.752, coverage_best: (p=33, n=5, P=40, N=119)
2026-04-14 11:58:05,403 - INFO - Regula po iteracji 3: IF curb-weight >= 2,701.00 AND compression-ratio <= 21.25 AND width <= 70.95 AND length >= 170.20 THEN class = {17,573.89} [12,939.82, 22,207.97], (p=33, n=5, P=40, N=119)
2026-04-14 11:58:05,403 - INFO - *****GROWING RR RULE*****
2026-04-14 11:58:05,513 - INFO - Iteracja 0: condition_best: None, quality_best: -inf, coverage_best: (p=0, n=0, P=0, N=0), p_value: 0
2026-04-14 11:58:05,513 - INFO - Regula po iteracji 0: IF  THEN class = {11,445.73} [5,586.39, 17,305.07], (p=124, n=35, P=124, N=35)
2026-04-14 11:58:05,513 - INFO - *****STOP GROWING RR RULE*****
2026-04-14 11:58:05,513 - INFO - ***RR NOT FOUND***
2026-04-14 11:58:05,605 - INFO - Iteracja 4: condition_best: normalized-losses <= 214.00, quality_best: 0.737, coverage_best: (p=32, n=5, P=40, N=119)
2026-04-14 11:58:05,605 - INFO - Regula po iteracji 4: IF curb-weight >= 2,701.00 AND compression-ratio <= 21.25 AND width <= 70.95 AND length >= 170.20 AND normalized-losses <= 214.00 THEN class = {17,551.59} [12,857.33, 22,245.86], (p=32, n=5, P=40, N=119)
2026-04-14 11:58:05,605 - INFO - *****GROWING RR RULE*****
2026-04-14 11:58:05,717 - INFO - Iteracja 0: condition_best: None, quality_best: -inf, coverage_best: (p=0, n=0, P=0, N=0), p_value: 0
2026-04-14 11:58:05,717 - INFO - Regula po iteracji 0: IF  THEN class = {11,445.73} [5,586.39, 17,305.07], (p=124, n=35, P=124, N=35)
2026-04-14 11:58:05,717 - INFO - *****STOP GROWING RR RULE*****
2026-04-14 11:58:05,717 - INFO - ***RR NOT FOUND***
2026-04-14 11:58:05,717 - INFO - *******STOP GROWING CR RULE*******
2026-04-14 11:58:05,718 - INFO - *******GROWING CR RULE*******
2026-04-14 11:58:05,774 - INFO - Iteracja 0: condition_best: curb-weight >= 2,664.00, quality_best: 0.642, coverage_best: (p=38, n=12, P=42, N=117)
2026-04-14 11:58:05,774 - INFO - Regula po iteracji 0: IF curb-weight >= 2,664.00 THEN class = {18,357.68} [12,874.62, 23,840.74], (p=38, n=12, P=42, N=117)
2026-04-14 11:58:05,775 - INFO - *****GROWING RR RULE*****
2026-04-14 11:58:05,890 - INFO - Iteracja 0: condition_best: None, quality_best: -inf, coverage_best: (p=0, n=0, P=0, N=0), p_value: 0
2026-04-14 11:58:05,891 - INFO - Regula po iteracji 0: IF  THEN class = {11,445.73} [5,586.39, 17,305.07], (p=124, n=35, P=124, N=35)
2026-04-14 11:58:05,891 - INFO - *****STOP GROWING RR RULE*****
2026-04-14 11:58:05,891 - INFO - ***RR NOT FOUND***
2026-04-14 11:58:05,916 - INFO - Iteracja 1: condition_best: wheel-base <= 114.30, quality_best: 0.662, coverage_best: (p=38, n=11, P=42, N=117)
2026-04-14 11:58:05,916 - INFO - Regula po iteracji 1: IF curb-weight >= 2,664.00 AND wheel-base <= 114.30 THEN class = {18,087.43} [12,888.81, 23,286.05], (p=38, n=11, P=42, N=117)
2026-04-14 11:58:05,917 - INFO - *****GROWING RR RULE*****
2026-04-14 11:58:06,031 - INFO - Iteracja 0: condition_best: None, quality_best: -inf, coverage_best: (p=0, n=0, P=0, N=0), p_value: 0
2026-04-14 11:58:06,031 - INFO - Regula po iteracji 0: IF  THEN class = {11,445.73} [5,586.39, 17,305.07], (p=124, n=35, P=124, N=35)
2026-04-14 11:58:06,031 - INFO - *****STOP GROWING RR RULE*****
2026-04-14 11:58:06,031 - INFO - ***RR NOT FOUND***
2026-04-14 11:58:06,056 - INFO - Iteracja 2: condition_best: height <= 58.10, quality_best: 0.663, coverage_best: (p=36, n=11, P=39, N=120)
2026-04-14 11:58:06,056 - INFO - Regula po iteracji 2: IF curb-weight >= 2,664.00 AND wheel-base <= 114.30 AND height <= 58.10 THEN class = {18,069.32} [13,156.59, 22,982.04], (p=36, n=11, P=39, N=120)
2026-04-14 11:58:06,056 - INFO - *****GROWING RR RULE*****
2026-04-14 11:58:06,167 - INFO - Iteracja 0: condition_best: None, quality_best: -inf, coverage_best: (p=0, n=0, P=0, N=0), p_value: 0
2026-04-14 11:58:06,167 - INFO - Regula po iteracji 0: IF  THEN class = {11,445.73} [5,586.39, 17,305.07], (p=124, n=35, P=124, N=35)
2026-04-14 11:58:06,167 - INFO - *****STOP GROWING RR RULE*****
2026-04-14 11:58:06,167 - INFO - ***RR NOT FOUND***
2026-04-14 11:58:06,191 - INFO - Iteracja 3: condition_best: wheel-base >= 95.20, quality_best: 0.662, coverage_best: (p=35, n=9, P=42, N=117)
2026-04-14 11:58:06,191 - INFO - Regula po iteracji 3: IF curb-weight >= 2,664.00 AND wheel-base <= 114.30 AND height <= 58.10 AND wheel-base >= 95.20 THEN class = {17,962.32} [12,928.73, 22,995.91], (p=35, n=9, P=42, N=117)
2026-04-14 11:58:06,192 - INFO - *****GROWING RR RULE*****
2026-04-14 11:58:06,302 - INFO - Iteracja 0: condition_best: None, quality_best: -inf, coverage_best: (p=0, n=0, P=0, N=0), p_value: 0
2026-04-14 11:58:06,302 - INFO - Regula po iteracji 0: IF  THEN class = {11,445.73} [5,586.39, 17,305.07], (p=124, n=35, P=124, N=35)
2026-04-14 11:58:06,302 - INFO - *****STOP GROWING RR RULE*****
2026-04-14 11:58:06,302 - INFO - ***RR NOT FOUND***
2026-04-14 11:58:06,325 - INFO - Iteracja 4: condition_best: peak-rpm <= 5,550.00, quality_best: 0.647, coverage_best: (p=34, n=9, P=42, N=117)
2026-04-14 11:58:06,325 - INFO - Regula po iteracji 4: IF curb-weight >= 2,664.00 AND wheel-base <= 114.30 AND height <= 58.10 AND wheel-base >= 95.20 AND peak-rpm <= 5,550.00 THEN class = {17,957.95} [12,866.25, 23,049.66], (p=34, n=9, P=42, N=117)
2026-04-14 11:58:06,326 - INFO - *****GROWING RR RULE*****
2026-04-14 11:58:06,436 - INFO - Iteracja 0: condition_best: None, quality_best: -inf, coverage_best: (p=0, n=0, P=0, N=0), p_value: 0
2026-04-14 11:58:06,436 - INFO - Regula po iteracji 0: IF  THEN class = {11,445.73} [5,586.39, 17,305.07], (p=124, n=35, P=124, N=35)
2026-04-14 11:58:06,436 - INFO - *****STOP GROWING RR RULE*****
2026-04-14 11:58:06,436 - INFO - ***RR NOT FOUND***
2026-04-14 11:58:06,436 - INFO - *******STOP GROWING CR RULE*******
2026-04-14 11:58:06,437 - INFO - *******GROWING CR RULE*******
2026-04-14 11:58:06,493 - INFO - Iteracja 0: condition_best: city-mpg >= 21.50, quality_best: 0.582, coverage_best: (p=112, n=13, P=118, N=41)
2026-04-14 11:58:06,493 - INFO - Regula po iteracji 0: IF city-mpg >= 21.50 THEN class = {9,593.02} [5,006.83, 14,179.22], (p=112, n=13, P=118, N=41)
2026-04-14 11:58:06,494 - INFO - *****GROWING RR RULE*****
2026-04-14 11:58:06,604 - INFO - Iteracja 0: condition_best: None, quality_best: -inf, coverage_best: (p=0, n=0, P=0, N=0), p_value: 0
2026-04-14 11:58:06,604 - INFO - Regula po iteracji 0: IF  THEN class = {11,445.73} [5,586.39, 17,305.07], (p=124, n=35, P=124, N=35)
2026-04-14 11:58:06,604 - INFO - *****STOP GROWING RR RULE*****
2026-04-14 11:58:06,604 - INFO - ***RR NOT FOUND***
2026-04-14 11:58:06,646 - INFO - Iteracja 1: condition_best: height <= 56.40, quality_best: 0.69, coverage_best: (p=103, n=9, P=113, N=46)
2026-04-14 11:58:06,646 - INFO - Regula po iteracji 1: IF city-mpg >= 21.50 AND height <= 56.40 THEN class = {9,094.79} [5,104.84, 13,084.75], (p=103, n=9, P=113, N=46)
2026-04-14 11:58:06,646 - INFO - *****GROWING RR RULE*****
2026-04-14 11:58:06,756 - INFO - Iteracja 0: condition_best: None, quality_best: -inf, coverage_best: (p=0, n=0, P=0, N=0), p_value: 0
2026-04-14 11:58:06,756 - INFO - Regula po iteracji 0: IF  THEN class = {11,445.73} [5,586.39, 17,305.07], (p=124, n=35, P=124, N=35)
2026-04-14 11:58:06,756 - INFO - *****STOP GROWING RR RULE*****
2026-04-14 11:58:06,756 - INFO - ***RR NOT FOUND***
2026-04-14 11:58:06,794 - INFO - Iteracja 2: condition_best: bore <= 3.70, quality_best: 0.731, coverage_best: (p=101, n=8, P=110, N=49)
2026-04-14 11:58:06,794 - INFO - Regula po iteracji 2: IF city-mpg >= 21.50 AND height <= 56.40 AND bore <= 3.70 THEN class = {8,925.20} [5,025.61, 12,824.80], (p=101, n=8, P=110, N=49)
2026-04-14 11:58:06,795 - INFO - *****GROWING RR RULE*****
2026-04-14 11:58:06,905 - INFO - Iteracja 0: condition_best: None, quality_best: -inf, coverage_best: (p=0, n=0, P=0, N=0), p_value: 0
2026-04-14 11:58:06,905 - INFO - Regula po iteracji 0: IF  THEN class = {11,445.73} [5,586.39, 17,305.07], (p=124, n=35, P=124, N=35)
2026-04-14 11:58:06,905 - INFO - *****STOP GROWING RR RULE*****
2026-04-14 11:58:06,905 - INFO - ***RR NOT FOUND***
2026-04-14 11:58:06,942 - INFO - Iteracja 3: condition_best: normalized-losses <= 162.50, quality_best: 0.781, coverage_best: (p=95, n=5, P=110, N=49)
2026-04-14 11:58:06,942 - INFO - Regula po iteracji 3: IF city-mpg >= 21.50 AND height <= 56.40 AND bore <= 3.70 AND normalized-losses <= 162.50 THEN class = {8,721.81} [4,842.98, 12,600.64], (p=95, n=5, P=110, N=49)
2026-04-14 11:58:06,942 - INFO - *****GROWING RR RULE*****
2026-04-14 11:58:07,053 - INFO - Iteracja 0: condition_best: None, quality_best: -inf, coverage_best: (p=0, n=0, P=0, N=0), p_value: 0
2026-04-14 11:58:07,053 - INFO - Regula po iteracji 0: IF  THEN class = {11,445.73} [5,586.39, 17,305.07], (p=124, n=35, P=124, N=35)
2026-04-14 11:58:07,053 - INFO - *****STOP GROWING RR RULE*****
2026-04-14 11:58:07,053 - INFO - ***RR NOT FOUND***
2026-04-14 11:58:07,088 - INFO - Iteracja 4: condition_best: compression-ratio <= 22.75, quality_best: 0.794, coverage_best: (p=92, n=4, P=110, N=49)
2026-04-14 11:58:07,088 - INFO - Regula po iteracji 4: IF city-mpg >= 21.50 AND height <= 56.40 AND bore <= 3.70 AND normalized-losses <= 162.50 AND compression-ratio <= 22.75 THEN class = {8,587.98} [4,891.45, 12,284.51], (p=92, n=4, P=110, N=49)
2026-04-14 11:58:07,088 - INFO - *****GROWING RR RULE*****
2026-04-14 11:58:07,199 - INFO - Iteracja 0: condition_best: None, quality_best: -inf, coverage_best: (p=0, n=0, P=0, N=0), p_value: 0
2026-04-14 11:58:07,199 - INFO - Regula po iteracji 0: IF  THEN class = {11,445.73} [5,586.39, 17,305.07], (p=124, n=35, P=124, N=35)
2026-04-14 11:58:07,199 - INFO - *****STOP GROWING RR RULE*****
2026-04-14 11:58:07,199 - INFO - ***RR NOT FOUND***
2026-04-14 11:58:07,199 - INFO - *******STOP GROWING CR RULE*******
2026-04-14 11:58:07,200 - INFO - *******GROWING CR RULE*******
2026-04-14 11:58:07,256 - INFO - Iteracja 0: condition_best: wheel-base >= 111.50, quality_best: 1.0, coverage_best: (p=2, n=0, P=2, N=157)
2026-04-14 11:58:07,256 - INFO - Regula po iteracji 0: IF wheel-base >= 111.50 THEN class = {31,925.00} [31,600.00, 32,250.00], (p=2, n=0, P=2, N=157)
2026-04-14 11:58:07,257 - INFO - *****GROWING RR RULE*****
2026-04-14 11:58:07,368 - INFO - Iteracja 0: condition_best: None, quality_best: -inf, coverage_best: (p=0, n=0, P=0, N=0), p_value: 0
2026-04-14 11:58:07,368 - INFO - Regula po iteracji 0: IF  THEN class = {11,445.73} [5,586.39, 17,305.07], (p=124, n=35, P=124, N=35)
2026-04-14 11:58:07,368 - INFO - *****STOP GROWING RR RULE*****
2026-04-14 11:58:07,368 - INFO - ***RR NOT FOUND***
2026-04-14 11:58:07,370 - INFO - Iteracja 1: condition_best: symboling = {-1}, quality_best: 1.0, coverage_best: (p=1, n=0, P=1, N=158)
2026-04-14 11:58:07,370 - INFO - Regula po iteracji 1: IF wheel-base >= 111.50 AND symboling = {-1} THEN class = {31,600.00} [31,600.00, 31,600.00], (p=1, n=0, P=1, N=158)
2026-04-14 11:58:07,370 - INFO - *****GROWING RR RULE*****
2026-04-14 11:58:07,481 - INFO - Iteracja 0: condition_best: None, quality_best: -inf, coverage_best: (p=0, n=0, P=0, N=0), p_value: 0
2026-04-14 11:58:07,481 - INFO - Regula po iteracji 0: IF  THEN class = {11,445.73} [5,586.39, 17,305.07], (p=124, n=35, P=124, N=35)
2026-04-14 11:58:07,481 - INFO - *****STOP GROWING RR RULE*****
2026-04-14 11:58:07,481 - INFO - ***RR NOT FOUND***
2026-04-14 11:58:07,482 - INFO - Iteracja 2: condition_best: None, quality_best: -inf, coverage_best: (p=0, n=0, P=0, N=0)
2026-04-14 11:58:07,482 - INFO - Regula po iteracji 2: IF wheel-base >= 111.50 AND symboling = {-1} THEN class = {31,600.00} [31,600.00, 31,600.00], (p=1, n=0, P=1, N=158)
2026-04-14 11:58:07,482 - INFO - *******STOP GROWING CR RULE*******
2026-04-14 11:58:07,487 - INFO - ************************Finished experiment for auto-price.arff with algorithm************************
2026-04-14 11:58:07,487 - INFO - *************************************************************************************************************************
2026-04-14 11:58:07,487 - INFO - *************************************************************************************************************************
2026-04-14 11:58:07,487 - INFO - *************************************************************************************************************************
