2026-04-14 12:20:30,504 - INFO - **********Starting experiment for mbagrade.arff with algorithm**********
2026-04-14 12:20:30,507 - INFO - *******GROWING CR RULE*******
2026-04-14 12:20:30,511 - INFO - Iteracja 0: condition_best: GMAT >= 635.00, quality_best: 0.435, coverage_best: (p=9, n=1, P=40, N=21)
2026-04-14 12:20:30,511 - INFO - Regula po iteracji 0: IF GMAT >= 635.00 THEN class = {3.54} [3.18, 3.90], (p=9, n=1, P=40, N=21)
2026-04-14 12:20:30,511 - INFO - *****GROWING RR RULE*****
2026-04-14 12:20:30,516 - INFO - Iteracja 0: condition_best: None, quality_best: -inf, coverage_best: (p=0, n=0, P=0, N=0), p_value: 0
2026-04-14 12:20:30,516 - INFO - Regula po iteracji 0: IF  THEN class = {3.29} [2.96, 3.62], (p=42, n=19, P=42, N=19)
2026-04-14 12:20:30,516 - INFO - *****STOP GROWING RR RULE*****
2026-04-14 12:20:30,516 - INFO - ***RR NOT FOUND***
2026-04-14 12:20:30,517 - INFO - Iteracja 1: condition_best: sex = {0}, quality_best: 0.374, coverage_best: (p=7, n=1, P=40, N=21)
2026-04-14 12:20:30,517 - INFO - Regula po iteracji 1: IF GMAT >= 635.00 AND sex = {0} THEN class = {3.59} [3.21, 3.97], (p=7, n=1, P=40, N=21)
2026-04-14 12:20:30,517 - INFO - *****GROWING RR RULE*****
2026-04-14 12:20:30,522 - INFO - Iteracja 0: condition_best: None, quality_best: -inf, coverage_best: (p=0, n=0, P=0, N=0), p_value: 0
2026-04-14 12:20:30,522 - INFO - Regula po iteracji 0: IF  THEN class = {3.29} [2.96, 3.62], (p=42, n=19, P=42, N=19)
2026-04-14 12:20:30,522 - INFO - *****STOP GROWING RR RULE*****
2026-04-14 12:20:30,522 - INFO - ***RR NOT FOUND***
2026-04-14 12:20:30,523 - INFO - Iteracja 2: condition_best: GMAT >= 665.00, quality_best: 0.354, coverage_best: (p=3, n=2, P=9, N=52)
2026-04-14 12:20:30,523 - INFO - Regula po iteracji 2: IF GMAT >= 635.00 AND sex = {0} AND GMAT >= 665.00 THEN class = {3.69} [3.55, 3.83], (p=3, n=2, P=9, N=52)
2026-04-14 12:20:30,523 - INFO - *****GROWING RR RULE*****
2026-04-14 12:20:30,528 - INFO - Iteracja 0: condition_best: None, quality_best: -inf, coverage_best: (p=0, n=0, P=0, N=0), p_value: 0
2026-04-14 12:20:30,528 - INFO - Regula po iteracji 0: IF  THEN class = {3.29} [2.96, 3.62], (p=42, n=19, P=42, N=19)
2026-04-14 12:20:30,528 - INFO - *****STOP GROWING RR RULE*****
2026-04-14 12:20:30,528 - INFO - ***RR NOT FOUND***
2026-04-14 12:20:30,529 - INFO - Iteracja 3: condition_best: None, quality_best: -inf, coverage_best: (p=0, n=0, P=0, N=0)
2026-04-14 12:20:30,529 - INFO - Regula po iteracji 3: IF GMAT >= 635.00 AND sex = {0} AND GMAT >= 665.00 THEN class = {3.69} [3.55, 3.83], (p=3, n=2, P=9, N=52)
2026-04-14 12:20:30,529 - INFO - *******STOP GROWING CR RULE*******
2026-04-14 12:20:30,529 - INFO - *******GROWING CR RULE*******
2026-04-14 12:20:30,532 - INFO - Iteracja 0: condition_best: GMAT >= 635.00, quality_best: 0.435, coverage_best: (p=9, n=1, P=40, N=21)
2026-04-14 12:20:30,532 - INFO - Regula po iteracji 0: IF GMAT >= 635.00 THEN class = {3.54} [3.18, 3.90], (p=9, n=1, P=40, N=21)
2026-04-14 12:20:30,532 - INFO - *****GROWING RR RULE*****
2026-04-14 12:20:30,537 - INFO - Iteracja 0: condition_best: None, quality_best: -inf, coverage_best: (p=0, n=0, P=0, N=0), p_value: 0
2026-04-14 12:20:30,537 - INFO - Regula po iteracji 0: IF  THEN class = {3.29} [2.96, 3.62], (p=42, n=19, P=42, N=19)
2026-04-14 12:20:30,537 - INFO - *****STOP GROWING RR RULE*****
2026-04-14 12:20:30,537 - INFO - ***RR NOT FOUND***
2026-04-14 12:20:30,538 - INFO - Iteracja 1: condition_best: GMAT <= 715.00, quality_best: 0.335, coverage_best: (p=7, n=1, P=43, N=18)
2026-04-14 12:20:30,538 - INFO - Regula po iteracji 1: IF GMAT >= 635.00 AND GMAT <= 715.00 THEN class = {3.53} [3.13, 3.92], (p=7, n=1, P=43, N=18)
2026-04-14 12:20:30,538 - INFO - *****GROWING RR RULE*****
2026-04-14 12:20:30,543 - INFO - Iteracja 0: condition_best: None, quality_best: -inf, coverage_best: (p=0, n=0, P=0, N=0), p_value: 0
2026-04-14 12:20:30,543 - INFO - Regula po iteracji 0: IF  THEN class = {3.29} [2.96, 3.62], (p=42, n=19, P=42, N=19)
2026-04-14 12:20:30,543 - INFO - *****STOP GROWING RR RULE*****
2026-04-14 12:20:30,543 - INFO - ***RR NOT FOUND***
2026-04-14 12:20:30,544 - INFO - Iteracja 2: condition_best: GMAT <= 695.00, quality_best: 0.237, coverage_best: (p=6, n=1, P=46, N=15)
2026-04-14 12:20:30,544 - INFO - Regula po iteracji 2: IF GMAT >= 635.00 AND GMAT <= 715.00 AND GMAT <= 695.00 THEN class = {3.51} [3.10, 3.93], (p=6, n=1, P=46, N=15)
2026-04-14 12:20:30,544 - INFO - *****GROWING RR RULE*****
2026-04-14 12:20:30,549 - INFO - Iteracja 0: condition_best: None, quality_best: -inf, coverage_best: (p=0, n=0, P=0, N=0), p_value: 0
2026-04-14 12:20:30,549 - INFO - Regula po iteracji 0: IF  THEN class = {3.29} [2.96, 3.62], (p=42, n=19, P=42, N=19)
2026-04-14 12:20:30,549 - INFO - *****STOP GROWING RR RULE*****
2026-04-14 12:20:30,549 - INFO - ***RR NOT FOUND***
2026-04-14 12:20:30,550 - INFO - Iteracja 3: condition_best: None, quality_best: -inf, coverage_best: (p=0, n=0, P=0, N=0)
2026-04-14 12:20:30,550 - INFO - Regula po iteracji 3: IF GMAT >= 635.00 AND GMAT <= 715.00 AND GMAT <= 695.00 THEN class = {3.51} [3.10, 3.93], (p=6, n=1, P=46, N=15)
2026-04-14 12:20:30,550 - INFO - *******STOP GROWING CR RULE*******
2026-04-14 12:20:30,550 - INFO - *******GROWING CR RULE*******
2026-04-14 12:20:30,553 - INFO - Iteracja 0: condition_best: GMAT <= 565.00, quality_best: 0.224, coverage_best: (p=18, n=6, P=39, N=22)
2026-04-14 12:20:30,553 - INFO - Regula po iteracji 0: IF GMAT <= 565.00 THEN class = {3.20} [2.89, 3.51], (p=18, n=6, P=39, N=22)
2026-04-14 12:20:30,553 - INFO - *****GROWING RR RULE*****
2026-04-14 12:20:30,558 - INFO - Iteracja 0: condition_best: None, quality_best: -inf, coverage_best: (p=0, n=0, P=0, N=0), p_value: 0
2026-04-14 12:20:30,558 - INFO - Regula po iteracji 0: IF  THEN class = {3.29} [2.96, 3.62], (p=42, n=19, P=42, N=19)
2026-04-14 12:20:30,558 - INFO - *****STOP GROWING RR RULE*****
2026-04-14 12:20:30,558 - INFO - ***RR NOT FOUND***
2026-04-14 12:20:30,559 - INFO - Iteracja 1: condition_best: GMAT >= 460.00, quality_best: 0.376, coverage_best: (p=17, n=4, P=37, N=24)
2026-04-14 12:20:30,559 - INFO - Regula po iteracji 1: IF GMAT <= 565.00 AND GMAT >= 460.00 THEN class = {3.25} [2.98, 3.53], (p=17, n=4, P=37, N=24)
2026-04-14 12:20:30,560 - INFO - *****GROWING RR RULE*****
2026-04-14 12:20:30,564 - INFO - Iteracja 0: condition_best: None, quality_best: -inf, coverage_best: (p=0, n=0, P=0, N=0), p_value: 0
2026-04-14 12:20:30,564 - INFO - Regula po iteracji 0: IF  THEN class = {3.29} [2.96, 3.62], (p=42, n=19, P=42, N=19)
2026-04-14 12:20:30,564 - INFO - *****STOP GROWING RR RULE*****
2026-04-14 12:20:30,565 - INFO - ***RR NOT FOUND***
2026-04-14 12:20:30,566 - INFO - Iteracja 2: condition_best: sex = {0}, quality_best: 0.355, coverage_best: (p=13, n=4, P=32, N=29)
2026-04-14 12:20:30,566 - INFO - Regula po iteracji 2: IF GMAT <= 565.00 AND GMAT >= 460.00 AND sex = {0} THEN class = {3.33} [3.11, 3.55], (p=13, n=4, P=32, N=29)
2026-04-14 12:20:30,566 - INFO - *****GROWING RR RULE*****
2026-04-14 12:20:30,572 - INFO - Iteracja 0: condition_best: None, quality_best: -inf, coverage_best: (p=0, n=0, P=0, N=0), p_value: 0
2026-04-14 12:20:30,572 - INFO - Regula po iteracji 0: IF  THEN class = {3.29} [2.96, 3.62], (p=42, n=19, P=42, N=19)
2026-04-14 12:20:30,572 - INFO - *****STOP GROWING RR RULE*****
2026-04-14 12:20:30,573 - INFO - ***RR NOT FOUND***
2026-04-14 12:20:30,573 - INFO - Iteracja 3: condition_best: GMAT <= 525.00, quality_best: 0.358, coverage_best: (p=5, n=1, P=34, N=27)
2026-04-14 12:20:30,574 - INFO - Regula po iteracji 3: IF GMAT <= 565.00 AND GMAT >= 460.00 AND sex = {0} AND GMAT <= 525.00 THEN class = {3.37} [3.11, 3.63], (p=5, n=1, P=34, N=27)
2026-04-14 12:20:30,574 - INFO - *****GROWING RR RULE*****
2026-04-14 12:20:30,578 - INFO - Iteracja 0: condition_best: None, quality_best: -inf, coverage_best: (p=0, n=0, P=0, N=0), p_value: 0
2026-04-14 12:20:30,579 - INFO - Regula po iteracji 0: IF  THEN class = {3.29} [2.96, 3.62], (p=42, n=19, P=42, N=19)
2026-04-14 12:20:30,579 - INFO - *****STOP GROWING RR RULE*****
2026-04-14 12:20:30,579 - INFO - ***RR NOT FOUND***
2026-04-14 12:20:30,579 - INFO - Iteracja 4: condition_best: GMAT >= 480.00, quality_best: 0.116, coverage_best: (p=2, n=3, P=15, N=46)
2026-04-14 12:20:30,579 - INFO - Regula po iteracji 4: IF GMAT <= 565.00 AND GMAT >= 460.00 AND sex = {0} AND GMAT <= 525.00 AND GMAT >= 480.00 THEN class = {3.26} [3.17, 3.36], (p=2, n=3, P=15, N=46)
2026-04-14 12:20:30,580 - INFO - *****GROWING RR RULE*****
2026-04-14 12:20:30,584 - INFO - Iteracja 0: condition_best: None, quality_best: -inf, coverage_best: (p=0, n=0, P=0, N=0), p_value: 0
2026-04-14 12:20:30,584 - INFO - Regula po iteracji 0: IF  THEN class = {3.29} [2.96, 3.62], (p=42, n=19, P=42, N=19)
2026-04-14 12:20:30,585 - INFO - *****STOP GROWING RR RULE*****
2026-04-14 12:20:30,585 - INFO - ***RR NOT FOUND***
2026-04-14 12:20:30,585 - INFO - *******STOP GROWING CR RULE*******
2026-04-14 12:20:30,585 - INFO - *******GROWING CR RULE*******
2026-04-14 12:20:30,588 - INFO - Iteracja 0: condition_best: GMAT <= 565.00, quality_best: 0.224, coverage_best: (p=18, n=6, P=39, N=22)
2026-04-14 12:20:30,588 - INFO - Regula po iteracji 0: IF GMAT <= 565.00 THEN class = {3.20} [2.89, 3.51], (p=18, n=6, P=39, N=22)
2026-04-14 12:20:30,588 - INFO - *****GROWING RR RULE*****
2026-04-14 12:20:30,593 - INFO - Iteracja 0: condition_best: None, quality_best: -inf, coverage_best: (p=0, n=0, P=0, N=0), p_value: 0
2026-04-14 12:20:30,593 - INFO - Regula po iteracji 0: IF  THEN class = {3.29} [2.96, 3.62], (p=42, n=19, P=42, N=19)
2026-04-14 12:20:30,593 - INFO - *****STOP GROWING RR RULE*****
2026-04-14 12:20:30,593 - INFO - ***RR NOT FOUND***
2026-04-14 12:20:30,594 - INFO - Iteracja 1: condition_best: GMAT >= 460.00, quality_best: 0.376, coverage_best: (p=17, n=4, P=37, N=24)
2026-04-14 12:20:30,594 - INFO - Regula po iteracji 1: IF GMAT <= 565.00 AND GMAT >= 460.00 THEN class = {3.25} [2.98, 3.53], (p=17, n=4, P=37, N=24)
2026-04-14 12:20:30,594 - INFO - *****GROWING RR RULE*****
2026-04-14 12:20:30,599 - INFO - Iteracja 0: condition_best: None, quality_best: -inf, coverage_best: (p=0, n=0, P=0, N=0), p_value: 0
2026-04-14 12:20:30,599 - INFO - Regula po iteracji 0: IF  THEN class = {3.29} [2.96, 3.62], (p=42, n=19, P=42, N=19)
2026-04-14 12:20:30,599 - INFO - *****STOP GROWING RR RULE*****
2026-04-14 12:20:30,599 - INFO - ***RR NOT FOUND***
2026-04-14 12:20:30,600 - INFO - Iteracja 2: condition_best: sex = {0}, quality_best: 0.355, coverage_best: (p=13, n=4, P=32, N=29)
2026-04-14 12:20:30,600 - INFO - Regula po iteracji 2: IF GMAT <= 565.00 AND GMAT >= 460.00 AND sex = {0} THEN class = {3.33} [3.11, 3.55], (p=13, n=4, P=32, N=29)
2026-04-14 12:20:30,601 - INFO - *****GROWING RR RULE*****
2026-04-14 12:20:30,607 - INFO - Iteracja 0: condition_best: None, quality_best: -inf, coverage_best: (p=0, n=0, P=0, N=0), p_value: 0
2026-04-14 12:20:30,607 - INFO - Regula po iteracji 0: IF  THEN class = {3.29} [2.96, 3.62], (p=42, n=19, P=42, N=19)
2026-04-14 12:20:30,607 - INFO - *****STOP GROWING RR RULE*****
2026-04-14 12:20:30,607 - INFO - ***RR NOT FOUND***
2026-04-14 12:20:30,608 - INFO - Iteracja 3: condition_best: GMAT <= 555.00, quality_best: 0.341, coverage_best: (p=12, n=4, P=31, N=30)
2026-04-14 12:20:30,608 - INFO - Regula po iteracji 3: IF GMAT <= 565.00 AND GMAT >= 460.00 AND sex = {0} AND GMAT <= 555.00 THEN class = {3.35} [3.15, 3.56], (p=12, n=4, P=31, N=30)
2026-04-14 12:20:30,608 - INFO - *****GROWING RR RULE*****
2026-04-14 12:20:30,613 - INFO - Iteracja 0: condition_best: None, quality_best: -inf, coverage_best: (p=0, n=0, P=0, N=0), p_value: 0
2026-04-14 12:20:30,613 - INFO - Regula po iteracji 0: IF  THEN class = {3.29} [2.96, 3.62], (p=42, n=19, P=42, N=19)
2026-04-14 12:20:30,613 - INFO - *****STOP GROWING RR RULE*****
2026-04-14 12:20:30,613 - INFO - ***RR NOT FOUND***
2026-04-14 12:20:30,614 - INFO - Iteracja 4: condition_best: GMAT >= 535.00, quality_best: 0.377, coverage_best: (p=4, n=2, P=13, N=48)
2026-04-14 12:20:30,614 - INFO - Regula po iteracji 4: IF GMAT <= 565.00 AND GMAT >= 460.00 AND sex = {0} AND GMAT <= 555.00 AND GMAT >= 535.00 THEN class = {3.44} [3.35, 3.53], (p=4, n=2, P=13, N=48)
2026-04-14 12:20:30,615 - INFO - *****GROWING RR RULE*****
2026-04-14 12:20:30,619 - INFO - Iteracja 0: condition_best: None, quality_best: -inf, coverage_best: (p=0, n=0, P=0, N=0), p_value: 0
2026-04-14 12:20:30,619 - INFO - Regula po iteracji 0: IF  THEN class = {3.29} [2.96, 3.62], (p=42, n=19, P=42, N=19)
2026-04-14 12:20:30,619 - INFO - *****STOP GROWING RR RULE*****
2026-04-14 12:20:30,619 - INFO - ***RR NOT FOUND***
2026-04-14 12:20:30,619 - INFO - *******STOP GROWING CR RULE*******
2026-04-14 12:20:30,620 - INFO - *******GROWING CR RULE*******
2026-04-14 12:20:30,623 - INFO - Iteracja 0: condition_best: GMAT <= 565.00, quality_best: 0.224, coverage_best: (p=18, n=6, P=39, N=22)
2026-04-14 12:20:30,623 - INFO - Regula po iteracji 0: IF GMAT <= 565.00 THEN class = {3.20} [2.89, 3.51], (p=18, n=6, P=39, N=22)
2026-04-14 12:20:30,623 - INFO - *****GROWING RR RULE*****
2026-04-14 12:20:30,627 - INFO - Iteracja 0: condition_best: None, quality_best: -inf, coverage_best: (p=0, n=0, P=0, N=0), p_value: 0
2026-04-14 12:20:30,627 - INFO - Regula po iteracji 0: IF  THEN class = {3.29} [2.96, 3.62], (p=42, n=19, P=42, N=19)
2026-04-14 12:20:30,628 - INFO - *****STOP GROWING RR RULE*****
2026-04-14 12:20:30,628 - INFO - ***RR NOT FOUND***
2026-04-14 12:20:30,629 - INFO - Iteracja 1: condition_best: GMAT >= 460.00, quality_best: 0.376, coverage_best: (p=17, n=4, P=37, N=24)
2026-04-14 12:20:30,629 - INFO - Regula po iteracji 1: IF GMAT <= 565.00 AND GMAT >= 460.00 THEN class = {3.25} [2.98, 3.53], (p=17, n=4, P=37, N=24)
2026-04-14 12:20:30,629 - INFO - *****GROWING RR RULE*****
2026-04-14 12:20:30,634 - INFO - Iteracja 0: condition_best: None, quality_best: -inf, coverage_best: (p=0, n=0, P=0, N=0), p_value: 0
2026-04-14 12:20:30,634 - INFO - Regula po iteracji 0: IF  THEN class = {3.29} [2.96, 3.62], (p=42, n=19, P=42, N=19)
2026-04-14 12:20:30,634 - INFO - *****STOP GROWING RR RULE*****
2026-04-14 12:20:30,634 - INFO - ***RR NOT FOUND***
2026-04-14 12:20:30,635 - INFO - Iteracja 2: condition_best: sex = {0}, quality_best: 0.355, coverage_best: (p=13, n=4, P=32, N=29)
2026-04-14 12:20:30,635 - INFO - Regula po iteracji 2: IF GMAT <= 565.00 AND GMAT >= 460.00 AND sex = {0} THEN class = {3.33} [3.11, 3.55], (p=13, n=4, P=32, N=29)
2026-04-14 12:20:30,635 - INFO - *****GROWING RR RULE*****
2026-04-14 12:20:30,642 - INFO - Iteracja 0: condition_best: None, quality_best: -inf, coverage_best: (p=0, n=0, P=0, N=0), p_value: 0
2026-04-14 12:20:30,642 - INFO - Regula po iteracji 0: IF  THEN class = {3.29} [2.96, 3.62], (p=42, n=19, P=42, N=19)
2026-04-14 12:20:30,642 - INFO - *****STOP GROWING RR RULE*****
2026-04-14 12:20:30,642 - INFO - ***RR NOT FOUND***
2026-04-14 12:20:30,643 - INFO - Iteracja 3: condition_best: GMAT <= 555.00, quality_best: 0.341, coverage_best: (p=12, n=4, P=31, N=30)
2026-04-14 12:20:30,643 - INFO - Regula po iteracji 3: IF GMAT <= 565.00 AND GMAT >= 460.00 AND sex = {0} AND GMAT <= 555.00 THEN class = {3.35} [3.15, 3.56], (p=12, n=4, P=31, N=30)
2026-04-14 12:20:30,643 - INFO - *****GROWING RR RULE*****
2026-04-14 12:20:30,648 - INFO - Iteracja 0: condition_best: None, quality_best: -inf, coverage_best: (p=0, n=0, P=0, N=0), p_value: 0
2026-04-14 12:20:30,648 - INFO - Regula po iteracji 0: IF  THEN class = {3.29} [2.96, 3.62], (p=42, n=19, P=42, N=19)
2026-04-14 12:20:30,648 - INFO - *****STOP GROWING RR RULE*****
2026-04-14 12:20:30,648 - INFO - ***RR NOT FOUND***
2026-04-14 12:20:30,649 - INFO - Iteracja 4: condition_best: GMAT <= 535.00, quality_best: 0.339, coverage_best: (p=8, n=2, P=34, N=27)
2026-04-14 12:20:30,649 - INFO - Regula po iteracji 4: IF GMAT <= 565.00 AND GMAT >= 460.00 AND sex = {0} AND GMAT <= 555.00 AND GMAT <= 535.00 THEN class = {3.30} [3.06, 3.54], (p=8, n=2, P=34, N=27)
2026-04-14 12:20:30,649 - INFO - *****GROWING RR RULE*****
2026-04-14 12:20:30,654 - INFO - Iteracja 0: condition_best: None, quality_best: -inf, coverage_best: (p=0, n=0, P=0, N=0), p_value: 0
2026-04-14 12:20:30,654 - INFO - Regula po iteracji 0: IF  THEN class = {3.29} [2.96, 3.62], (p=42, n=19, P=42, N=19)
2026-04-14 12:20:30,654 - INFO - *****STOP GROWING RR RULE*****
2026-04-14 12:20:30,654 - INFO - ***RR NOT FOUND***
2026-04-14 12:20:30,654 - INFO - *******STOP GROWING CR RULE*******
2026-04-14 12:20:30,655 - INFO - *******GROWING CR RULE*******
2026-04-14 12:20:30,657 - INFO - Iteracja 0: condition_best: GMAT <= 565.00, quality_best: 0.224, coverage_best: (p=18, n=6, P=39, N=22)
2026-04-14 12:20:30,657 - INFO - Regula po iteracji 0: IF GMAT <= 565.00 THEN class = {3.20} [2.89, 3.51], (p=18, n=6, P=39, N=22)
2026-04-14 12:20:30,658 - INFO - *****GROWING RR RULE*****
2026-04-14 12:20:30,662 - INFO - Iteracja 0: condition_best: None, quality_best: -inf, coverage_best: (p=0, n=0, P=0, N=0), p_value: 0
2026-04-14 12:20:30,662 - INFO - Regula po iteracji 0: IF  THEN class = {3.29} [2.96, 3.62], (p=42, n=19, P=42, N=19)
2026-04-14 12:20:30,662 - INFO - *****STOP GROWING RR RULE*****
2026-04-14 12:20:30,662 - INFO - ***RR NOT FOUND***
2026-04-14 12:20:30,664 - INFO - Iteracja 1: condition_best: GMAT >= 460.00, quality_best: 0.376, coverage_best: (p=17, n=4, P=37, N=24)
2026-04-14 12:20:30,664 - INFO - Regula po iteracji 1: IF GMAT <= 565.00 AND GMAT >= 460.00 THEN class = {3.25} [2.98, 3.53], (p=17, n=4, P=37, N=24)
2026-04-14 12:20:30,664 - INFO - *****GROWING RR RULE*****
2026-04-14 12:20:30,668 - INFO - Iteracja 0: condition_best: None, quality_best: -inf, coverage_best: (p=0, n=0, P=0, N=0), p_value: 0
2026-04-14 12:20:30,669 - INFO - Regula po iteracji 0: IF  THEN class = {3.29} [2.96, 3.62], (p=42, n=19, P=42, N=19)
2026-04-14 12:20:30,669 - INFO - *****STOP GROWING RR RULE*****
2026-04-14 12:20:30,669 - INFO - ***RR NOT FOUND***
2026-04-14 12:20:30,670 - INFO - Iteracja 2: condition_best: GMAT >= 475.00, quality_best: 0.247, coverage_best: (p=14, n=6, P=33, N=28)
2026-04-14 12:20:30,670 - INFO - Regula po iteracji 2: IF GMAT <= 565.00 AND GMAT >= 460.00 AND GMAT >= 475.00 THEN class = {3.22} [2.98, 3.46], (p=14, n=6, P=33, N=28)
2026-04-14 12:20:30,670 - INFO - *****GROWING RR RULE*****
2026-04-14 12:20:30,675 - INFO - Iteracja 0: condition_best: None, quality_best: -inf, coverage_best: (p=0, n=0, P=0, N=0), p_value: 0
2026-04-14 12:20:30,675 - INFO - Regula po iteracji 0: IF  THEN class = {3.29} [2.96, 3.62], (p=42, n=19, P=42, N=19)
2026-04-14 12:20:30,675 - INFO - *****STOP GROWING RR RULE*****
2026-04-14 12:20:30,675 - INFO - ***RR NOT FOUND***
2026-04-14 12:20:30,676 - INFO - Iteracja 3: condition_best: None, quality_best: -inf, coverage_best: (p=0, n=0, P=0, N=0)
2026-04-14 12:20:30,676 - INFO - Regula po iteracji 3: IF GMAT <= 565.00 AND GMAT >= 460.00 AND GMAT >= 475.00 THEN class = {3.22} [2.98, 3.46], (p=14, n=6, P=33, N=28)
2026-04-14 12:20:30,676 - INFO - *******STOP GROWING CR RULE*******
2026-04-14 12:20:30,676 - INFO - *******GROWING CR RULE*******
2026-04-14 12:20:30,679 - INFO - Iteracja 0: condition_best: GMAT <= 635.00, quality_best: 0.195, coverage_best: (p=37, n=14, P=40, N=21)
2026-04-14 12:20:30,679 - INFO - Regula po iteracji 0: IF GMAT <= 635.00 THEN class = {3.24} [2.95, 3.54], (p=37, n=14, P=40, N=21)
2026-04-14 12:20:30,679 - INFO - *****GROWING RR RULE*****
2026-04-14 12:20:30,684 - INFO - Iteracja 0: condition_best: None, quality_best: -inf, coverage_best: (p=0, n=0, P=0, N=0), p_value: 0
2026-04-14 12:20:30,684 - INFO - Regula po iteracji 0: IF  THEN class = {3.29} [2.96, 3.62], (p=42, n=19, P=42, N=19)
2026-04-14 12:20:30,684 - INFO - *****STOP GROWING RR RULE*****
2026-04-14 12:20:30,684 - INFO - ***RR NOT FOUND***
2026-04-14 12:20:30,686 - INFO - Iteracja 1: condition_best: sex = {1}, quality_best: 0.259, coverage_best: (p=7, n=4, P=24, N=37)
2026-04-14 12:20:30,686 - INFO - Regula po iteracji 1: IF GMAT <= 635.00 AND sex = {1} THEN class = {3.02} [2.76, 3.28], (p=7, n=4, P=24, N=37)
2026-04-14 12:20:30,686 - INFO - *****GROWING RR RULE*****
2026-04-14 12:20:30,693 - INFO - Iteracja 0: condition_best: None, quality_best: -inf, coverage_best: (p=0, n=0, P=0, N=0), p_value: 0
2026-04-14 12:20:30,693 - INFO - Regula po iteracji 0: IF  THEN class = {3.29} [2.96, 3.62], (p=42, n=19, P=42, N=19)
2026-04-14 12:20:30,693 - INFO - *****STOP GROWING RR RULE*****
2026-04-14 12:20:30,693 - INFO - ***RR NOT FOUND***
2026-04-14 12:20:30,694 - INFO - Iteracja 2: condition_best: GMAT >= 490.00, quality_best: 0.441, coverage_best: (p=7, n=2, P=21, N=40)
2026-04-14 12:20:30,694 - INFO - Regula po iteracji 2: IF GMAT <= 635.00 AND sex = {1} AND GMAT >= 490.00 THEN class = {3.11} [2.90, 3.31], (p=7, n=2, P=21, N=40)
2026-04-14 12:20:30,695 - INFO - *****GROWING RR RULE*****
2026-04-14 12:20:30,699 - INFO - Iteracja 0: condition_best: None, quality_best: -inf, coverage_best: (p=0, n=0, P=0, N=0), p_value: 0
2026-04-14 12:20:30,699 - INFO - Regula po iteracji 0: IF  THEN class = {3.29} [2.96, 3.62], (p=42, n=19, P=42, N=19)
2026-04-14 12:20:30,699 - INFO - *****STOP GROWING RR RULE*****
2026-04-14 12:20:30,699 - INFO - ***RR NOT FOUND***
2026-04-14 12:20:30,700 - INFO - Iteracja 3: condition_best: GMAT <= 620.00, quality_best: 0.398, coverage_best: (p=6, n=2, P=21, N=40)
2026-04-14 12:20:30,700 - INFO - Regula po iteracji 3: IF GMAT <= 635.00 AND sex = {1} AND GMAT >= 490.00 AND GMAT <= 620.00 THEN class = {3.09} [2.88, 3.29], (p=6, n=2, P=21, N=40)
2026-04-14 12:20:30,701 - INFO - *****GROWING RR RULE*****
2026-04-14 12:20:30,705 - INFO - Iteracja 0: condition_best: None, quality_best: -inf, coverage_best: (p=0, n=0, P=0, N=0), p_value: 0
2026-04-14 12:20:30,705 - INFO - Regula po iteracji 0: IF  THEN class = {3.29} [2.96, 3.62], (p=42, n=19, P=42, N=19)
2026-04-14 12:20:30,705 - INFO - *****STOP GROWING RR RULE*****
2026-04-14 12:20:30,705 - INFO - ***RR NOT FOUND***
2026-04-14 12:20:30,706 - INFO - Iteracja 4: condition_best: GMAT >= 525.00, quality_best: 0.353, coverage_best: (p=4, n=2, P=15, N=46)
2026-04-14 12:20:30,706 - INFO - Regula po iteracji 4: IF GMAT <= 635.00 AND sex = {1} AND GMAT >= 490.00 AND GMAT <= 620.00 AND GMAT >= 525.00 THEN class = {3.13} [3.00, 3.26], (p=4, n=2, P=15, N=46)
2026-04-14 12:20:30,707 - INFO - *****GROWING RR RULE*****
2026-04-14 12:20:30,711 - INFO - Iteracja 0: condition_best: None, quality_best: -inf, coverage_best: (p=0, n=0, P=0, N=0), p_value: 0
2026-04-14 12:20:30,711 - INFO - Regula po iteracji 0: IF  THEN class = {3.29} [2.96, 3.62], (p=42, n=19, P=42, N=19)
2026-04-14 12:20:30,712 - INFO - *****STOP GROWING RR RULE*****
2026-04-14 12:20:30,712 - INFO - ***RR NOT FOUND***
2026-04-14 12:20:30,712 - INFO - *******STOP GROWING CR RULE*******
2026-04-14 12:20:30,712 - INFO - *******GROWING CR RULE*******
2026-04-14 12:20:30,715 - INFO - Iteracja 0: condition_best: GMAT <= 635.00, quality_best: 0.195, coverage_best: (p=37, n=14, P=40, N=21)
2026-04-14 12:20:30,715 - INFO - Regula po iteracji 0: IF GMAT <= 635.00 THEN class = {3.24} [2.95, 3.54], (p=37, n=14, P=40, N=21)
2026-04-14 12:20:30,715 - INFO - *****GROWING RR RULE*****
2026-04-14 12:20:30,719 - INFO - Iteracja 0: condition_best: None, quality_best: -inf, coverage_best: (p=0, n=0, P=0, N=0), p_value: 0
2026-04-14 12:20:30,719 - INFO - Regula po iteracji 0: IF  THEN class = {3.29} [2.96, 3.62], (p=42, n=19, P=42, N=19)
2026-04-14 12:20:30,720 - INFO - *****STOP GROWING RR RULE*****
2026-04-14 12:20:30,720 - INFO - ***RR NOT FOUND***
2026-04-14 12:20:30,722 - INFO - Iteracja 1: condition_best: GMAT >= 430.00, quality_best: 0.196, coverage_best: (p=35, n=15, P=38, N=23)
2026-04-14 12:20:30,722 - INFO - Regula po iteracji 1: IF GMAT <= 635.00 AND GMAT >= 430.00 THEN class = {3.26} [2.97, 3.54], (p=35, n=15, P=38, N=23)
2026-04-14 12:20:30,722 - INFO - *****GROWING RR RULE*****
2026-04-14 12:20:30,726 - INFO - Iteracja 0: condition_best: None, quality_best: -inf, coverage_best: (p=0, n=0, P=0, N=0), p_value: 0
2026-04-14 12:20:30,727 - INFO - Regula po iteracji 0: IF  THEN class = {3.29} [2.96, 3.62], (p=42, n=19, P=42, N=19)
2026-04-14 12:20:30,727 - INFO - *****STOP GROWING RR RULE*****
2026-04-14 12:20:30,727 - INFO - ***RR NOT FOUND***
2026-04-14 12:20:30,729 - INFO - Iteracja 2: condition_best: GMAT <= 605.00, quality_best: 0.246, coverage_best: (p=31, n=11, P=39, N=22)
2026-04-14 12:20:30,729 - INFO - Regula po iteracji 2: IF GMAT <= 635.00 AND GMAT >= 430.00 AND GMAT <= 605.00 THEN class = {3.25} [2.97, 3.54], (p=31, n=11, P=39, N=22)
2026-04-14 12:20:30,729 - INFO - *****GROWING RR RULE*****
2026-04-14 12:20:30,733 - INFO - Iteracja 0: condition_best: None, quality_best: -inf, coverage_best: (p=0, n=0, P=0, N=0), p_value: 0
2026-04-14 12:20:30,734 - INFO - Regula po iteracji 0: IF  THEN class = {3.29} [2.96, 3.62], (p=42, n=19, P=42, N=19)
2026-04-14 12:20:30,734 - INFO - *****STOP GROWING RR RULE*****
2026-04-14 12:20:30,734 - INFO - ***RR NOT FOUND***
2026-04-14 12:20:30,735 - INFO - Iteracja 3: condition_best: GMAT <= 595.00, quality_best: 0.232, coverage_best: (p=28, n=10, P=39, N=22)
2026-04-14 12:20:30,735 - INFO - Regula po iteracji 3: IF GMAT <= 635.00 AND GMAT >= 430.00 AND GMAT <= 605.00 AND GMAT <= 595.00 THEN class = {3.25} [2.96, 3.55], (p=28, n=10, P=39, N=22)
2026-04-14 12:20:30,736 - INFO - *****GROWING RR RULE*****
2026-04-14 12:20:30,740 - INFO - Iteracja 0: condition_best: None, quality_best: -inf, coverage_best: (p=0, n=0, P=0, N=0), p_value: 0
2026-04-14 12:20:30,740 - INFO - Regula po iteracji 0: IF  THEN class = {3.29} [2.96, 3.62], (p=42, n=19, P=42, N=19)
2026-04-14 12:20:30,741 - INFO - *****STOP GROWING RR RULE*****
2026-04-14 12:20:30,741 - INFO - ***RR NOT FOUND***
2026-04-14 12:20:30,742 - INFO - Iteracja 4: condition_best: sex = {0}, quality_best: 0.282, coverage_best: (p=23, n=9, P=35, N=26)
2026-04-14 12:20:30,742 - INFO - Regula po iteracji 4: IF GMAT <= 635.00 AND GMAT >= 430.00 AND GMAT <= 605.00 AND GMAT <= 595.00 AND sex = {0} THEN class = {3.31} [3.04, 3.58], (p=23, n=9, P=35, N=26)
2026-04-14 12:20:30,743 - INFO - *****GROWING RR RULE*****
2026-04-14 12:20:30,747 - INFO - Iteracja 0: condition_best: None, quality_best: -inf, coverage_best: (p=0, n=0, P=0, N=0), p_value: 0
2026-04-14 12:20:30,747 - INFO - Regula po iteracji 0: IF  THEN class = {3.29} [2.96, 3.62], (p=42, n=19, P=42, N=19)
2026-04-14 12:20:30,747 - INFO - *****STOP GROWING RR RULE*****
2026-04-14 12:20:30,747 - INFO - ***RR NOT FOUND***
2026-04-14 12:20:30,747 - INFO - *******STOP GROWING CR RULE*******
2026-04-14 12:20:30,748 - INFO - *******GROWING CR RULE*******
2026-04-14 12:20:30,750 - INFO - Iteracja 0: condition_best: GMAT <= 635.00, quality_best: 0.195, coverage_best: (p=37, n=14, P=40, N=21)
2026-04-14 12:20:30,750 - INFO - Regula po iteracji 0: IF GMAT <= 635.00 THEN class = {3.24} [2.95, 3.54], (p=37, n=14, P=40, N=21)
2026-04-14 12:20:30,751 - INFO - *****GROWING RR RULE*****
2026-04-14 12:20:30,755 - INFO - Iteracja 0: condition_best: None, quality_best: -inf, coverage_best: (p=0, n=0, P=0, N=0), p_value: 0
2026-04-14 12:20:30,755 - INFO - Regula po iteracji 0: IF  THEN class = {3.29} [2.96, 3.62], (p=42, n=19, P=42, N=19)
2026-04-14 12:20:30,755 - INFO - *****STOP GROWING RR RULE*****
2026-04-14 12:20:30,755 - INFO - ***RR NOT FOUND***
2026-04-14 12:20:30,758 - INFO - Iteracja 1: condition_best: GMAT >= 430.00, quality_best: 0.196, coverage_best: (p=35, n=15, P=38, N=23)
2026-04-14 12:20:30,758 - INFO - Regula po iteracji 1: IF GMAT <= 635.00 AND GMAT >= 430.00 THEN class = {3.26} [2.97, 3.54], (p=35, n=15, P=38, N=23)
2026-04-14 12:20:30,758 - INFO - *****GROWING RR RULE*****
2026-04-14 12:20:30,763 - INFO - Iteracja 0: condition_best: None, quality_best: -inf, coverage_best: (p=0, n=0, P=0, N=0), p_value: 0
2026-04-14 12:20:30,763 - INFO - Regula po iteracji 0: IF  THEN class = {3.29} [2.96, 3.62], (p=42, n=19, P=42, N=19)
2026-04-14 12:20:30,763 - INFO - *****STOP GROWING RR RULE*****
2026-04-14 12:20:30,763 - INFO - ***RR NOT FOUND***
2026-04-14 12:20:30,765 - INFO - Iteracja 2: condition_best: GMAT <= 615.00, quality_best: 0.196, coverage_best: (p=33, n=14, P=38, N=23)
2026-04-14 12:20:30,765 - INFO - Regula po iteracji 2: IF GMAT <= 635.00 AND GMAT >= 430.00 AND GMAT <= 615.00 THEN class = {3.26} [2.97, 3.54], (p=33, n=14, P=38, N=23)
2026-04-14 12:20:30,765 - INFO - *****GROWING RR RULE*****
2026-04-14 12:20:30,770 - INFO - Iteracja 0: condition_best: None, quality_best: -inf, coverage_best: (p=0, n=0, P=0, N=0), p_value: 0
2026-04-14 12:20:30,770 - INFO - Regula po iteracji 0: IF  THEN class = {3.29} [2.96, 3.62], (p=42, n=19, P=42, N=19)
2026-04-14 12:20:30,770 - INFO - *****STOP GROWING RR RULE*****
2026-04-14 12:20:30,770 - INFO - ***RR NOT FOUND***
2026-04-14 12:20:30,772 - INFO - Iteracja 3: condition_best: GMAT >= 445.00, quality_best: 0.178, coverage_best: (p=32, n=14, P=38, N=23)
2026-04-14 12:20:30,772 - INFO - Regula po iteracji 3: IF GMAT <= 635.00 AND GMAT >= 430.00 AND GMAT <= 615.00 AND GMAT >= 445.00 THEN class = {3.26} [2.97, 3.55], (p=32, n=14, P=38, N=23)
2026-04-14 12:20:30,772 - INFO - *****GROWING RR RULE*****
2026-04-14 12:20:30,777 - INFO - Iteracja 0: condition_best: None, quality_best: -inf, coverage_best: (p=0, n=0, P=0, N=0), p_value: 0
2026-04-14 12:20:30,778 - INFO - Regula po iteracji 0: IF  THEN class = {3.29} [2.96, 3.62], (p=42, n=19, P=42, N=19)
2026-04-14 12:20:30,778 - INFO - *****STOP GROWING RR RULE*****
2026-04-14 12:20:30,778 - INFO - ***RR NOT FOUND***
2026-04-14 12:20:30,779 - INFO - Iteracja 4: condition_best: sex = {0}, quality_best: 0.177, coverage_best: (p=25, n=12, P=36, N=25)
2026-04-14 12:20:30,779 - INFO - Regula po iteracji 4: IF GMAT <= 635.00 AND GMAT >= 430.00 AND GMAT <= 615.00 AND GMAT >= 445.00 AND sex = {0} THEN class = {3.31} [3.03, 3.59], (p=25, n=12, P=36, N=25)
2026-04-14 12:20:30,780 - INFO - *****GROWING RR RULE*****
2026-04-14 12:20:30,784 - INFO - Iteracja 0: condition_best: None, quality_best: -inf, coverage_best: (p=0, n=0, P=0, N=0), p_value: 0
2026-04-14 12:20:30,784 - INFO - Regula po iteracji 0: IF  THEN class = {3.29} [2.96, 3.62], (p=42, n=19, P=42, N=19)
2026-04-14 12:20:30,785 - INFO - *****STOP GROWING RR RULE*****
2026-04-14 12:20:30,785 - INFO - ***RR NOT FOUND***
2026-04-14 12:20:30,785 - INFO - *******STOP GROWING CR RULE*******
2026-04-14 12:20:30,785 - INFO - *******GROWING CR RULE*******
2026-04-14 12:20:30,787 - INFO - Iteracja 0: condition_best: GMAT <= 430.00, quality_best: 1.0, coverage_best: (p=1, n=0, P=1, N=60)
2026-04-14 12:20:30,787 - INFO - Regula po iteracji 0: IF GMAT <= 430.00 THEN class = {2.53} [2.53, 2.53], (p=1, n=0, P=1, N=60)
2026-04-14 12:20:30,788 - INFO - *****GROWING RR RULE*****
2026-04-14 12:20:30,792 - INFO - Iteracja 0: condition_best: None, quality_best: -inf, coverage_best: (p=0, n=0, P=0, N=0), p_value: 0
2026-04-14 12:20:30,792 - INFO - Regula po iteracji 0: IF  THEN class = {3.29} [2.96, 3.62], (p=42, n=19, P=42, N=19)
2026-04-14 12:20:30,792 - INFO - *****STOP GROWING RR RULE*****
2026-04-14 12:20:30,792 - INFO - ***RR NOT FOUND***
2026-04-14 12:20:30,793 - INFO - Iteracja 1: condition_best: sex = {1}, quality_best: 1.0, coverage_best: (p=1, n=0, P=1, N=60)
2026-04-14 12:20:30,793 - INFO - Regula po iteracji 1: IF GMAT <= 430.00 AND sex = {1} THEN class = {2.53} [2.53, 2.53], (p=1, n=0, P=1, N=60)
2026-04-14 12:20:30,793 - INFO - *****GROWING RR RULE*****
2026-04-14 12:20:30,798 - INFO - Iteracja 0: condition_best: None, quality_best: -inf, coverage_best: (p=0, n=0, P=0, N=0), p_value: 0
2026-04-14 12:20:30,798 - INFO - Regula po iteracji 0: IF  THEN class = {3.29} [2.96, 3.62], (p=42, n=19, P=42, N=19)
2026-04-14 12:20:30,798 - INFO - *****STOP GROWING RR RULE*****
2026-04-14 12:20:30,798 - INFO - ***RR NOT FOUND***
2026-04-14 12:20:30,798 - INFO - Iteracja 2: condition_best: None, quality_best: -inf, coverage_best: (p=0, n=0, P=0, N=0)
2026-04-14 12:20:30,798 - INFO - Regula po iteracji 2: IF GMAT <= 430.00 AND sex = {1} THEN class = {2.53} [2.53, 2.53], (p=1, n=0, P=1, N=60)
2026-04-14 12:20:30,798 - INFO - *******STOP GROWING CR RULE*******
2026-04-14 12:20:30,799 - INFO - *******GROWING CR RULE*******
2026-04-14 12:20:30,801 - INFO - Iteracja 0: condition_best: GMAT <= 430.00, quality_best: 1.0, coverage_best: (p=1, n=0, P=1, N=60)
2026-04-14 12:20:30,801 - INFO - Regula po iteracji 0: IF GMAT <= 430.00 THEN class = {2.53} [2.53, 2.53], (p=1, n=0, P=1, N=60)
2026-04-14 12:20:30,801 - INFO - *****GROWING RR RULE*****
2026-04-14 12:20:30,806 - INFO - Iteracja 0: condition_best: None, quality_best: -inf, coverage_best: (p=0, n=0, P=0, N=0), p_value: 0
2026-04-14 12:20:30,806 - INFO - Regula po iteracji 0: IF  THEN class = {3.29} [2.96, 3.62], (p=42, n=19, P=42, N=19)
2026-04-14 12:20:30,806 - INFO - *****STOP GROWING RR RULE*****
2026-04-14 12:20:30,806 - INFO - ***RR NOT FOUND***
2026-04-14 12:20:30,806 - INFO - Iteracja 1: condition_best: sex = {1}, quality_best: 1.0, coverage_best: (p=1, n=0, P=1, N=60)
2026-04-14 12:20:30,806 - INFO - Regula po iteracji 1: IF GMAT <= 430.00 AND sex = {1} THEN class = {2.53} [2.53, 2.53], (p=1, n=0, P=1, N=60)
2026-04-14 12:20:30,807 - INFO - *****GROWING RR RULE*****
2026-04-14 12:20:30,811 - INFO - Iteracja 0: condition_best: None, quality_best: -inf, coverage_best: (p=0, n=0, P=0, N=0), p_value: 0
2026-04-14 12:20:30,812 - INFO - Regula po iteracji 0: IF  THEN class = {3.29} [2.96, 3.62], (p=42, n=19, P=42, N=19)
2026-04-14 12:20:30,812 - INFO - *****STOP GROWING RR RULE*****
2026-04-14 12:20:30,812 - INFO - ***RR NOT FOUND***
2026-04-14 12:20:30,812 - INFO - Iteracja 2: condition_best: None, quality_best: -inf, coverage_best: (p=0, n=0, P=0, N=0)
2026-04-14 12:20:30,812 - INFO - Regula po iteracji 2: IF GMAT <= 430.00 AND sex = {1} THEN class = {2.53} [2.53, 2.53], (p=1, n=0, P=1, N=60)
2026-04-14 12:20:30,812 - INFO - *******STOP GROWING CR RULE*******
2026-04-14 12:20:30,816 - INFO - ************************Finished experiment for mbagrade.arff with algorithm************************
2026-04-14 12:20:30,816 - INFO - *************************************************************************************************************************
2026-04-14 12:20:30,816 - INFO - *************************************************************************************************************************
2026-04-14 12:20:30,816 - INFO - *************************************************************************************************************************
