2026-04-14 12:00:20,771 - INFO - **********Starting experiment for cloud.arff with algorithm_rulekit**********
2026-04-14 12:00:20,812 - INFO - ************************Finished experiment for cloud.arff with algorithm_rulekit************************
2026-04-14 12:00:20,812 - INFO - *************************************************************************************************************************
2026-04-14 12:00:20,812 - INFO - *************************************************************************************************************************
2026-04-14 12:00:20,812 - INFO - *************************************************************************************************************************
2026-04-14 12:00:20,813 - INFO - **********Starting experiment for cloud.arff with algorithm_rer**********
2026-04-14 12:00:20,818 - INFO - *******GROWING CR RULE*******
2026-04-14 12:00:20,859 - INFO - Iteracja 0: condition_best: NC <= 1.48, quality_best: 0.745, coverage_best: (p=42, n=2, P=54, N=21)
2026-04-14 12:00:20,859 - INFO - Regula po iteracji 0: IF NC <= 1.48 THEN class = {0.74} [-0.00, 1.48], (p=42, n=2, P=54, N=21)
2026-04-14 12:00:20,877 - INFO - Iteracja 1: condition_best: SC >= 0.12, quality_best: 0.746, coverage_best: (p=41, n=2, P=53, N=22)
2026-04-14 12:00:20,877 - INFO - Regula po iteracji 1: IF NC <= 1.48 AND SC >= 0.12 THEN class = {0.76} [0.01, 1.50], (p=41, n=2, P=53, N=22)
2026-04-14 12:00:20,892 - INFO - Iteracja 2: condition_best: period <= 192.50, quality_best: 0.735, coverage_best: (p=40, n=2, P=53, N=22)
2026-04-14 12:00:20,892 - INFO - Regula po iteracji 2: IF NC <= 1.48 AND SC >= 0.12 AND period <= 192.50 THEN class = {0.75} [0.00, 1.50], (p=40, n=2, P=53, N=22)
2026-04-14 12:00:20,908 - INFO - Iteracja 3: condition_best: NC >= 0.01, quality_best: 0.724, coverage_best: (p=39, n=2, P=53, N=22)
2026-04-14 12:00:20,908 - INFO - Regula po iteracji 3: IF NC <= 1.48 AND SC >= 0.12 AND period <= 192.50 AND NC >= 0.01 THEN class = {0.76} [0.00, 1.52], (p=39, n=2, P=53, N=22)
2026-04-14 12:00:20,923 - INFO - Iteracja 4: condition_best: NWC >= 0.61, quality_best: 0.702, coverage_best: (p=33, n=1, P=56, N=19)
2026-04-14 12:00:20,923 - INFO - Regula po iteracji 4: IF NC <= 1.48 AND SC >= 0.12 AND period <= 192.50 AND NC >= 0.01 AND NWC >= 0.61 THEN class = {0.84} [0.04, 1.63], (p=33, n=1, P=56, N=19)
2026-04-14 12:00:20,923 - INFO - *******STOP GROWING CR RULE*******
2026-04-14 12:00:20,924 - INFO - *******GROWING CR RULE*******
2026-04-14 12:00:20,950 - INFO - Iteracja 0: condition_best: NC <= 1.48, quality_best: 0.745, coverage_best: (p=42, n=2, P=54, N=21)
2026-04-14 12:00:20,950 - INFO - Regula po iteracji 0: IF NC <= 1.48 THEN class = {0.74} [-0.00, 1.48], (p=42, n=2, P=54, N=21)
2026-04-14 12:00:20,965 - INFO - Iteracja 1: condition_best: SC >= 0.12, quality_best: 0.746, coverage_best: (p=41, n=2, P=53, N=22)
2026-04-14 12:00:20,966 - INFO - Regula po iteracji 1: IF NC <= 1.48 AND SC >= 0.12 THEN class = {0.76} [0.01, 1.50], (p=41, n=2, P=53, N=22)
2026-04-14 12:00:20,981 - INFO - Iteracja 2: condition_best: period <= 192.50, quality_best: 0.735, coverage_best: (p=40, n=2, P=53, N=22)
2026-04-14 12:00:20,981 - INFO - Regula po iteracji 2: IF NC <= 1.48 AND SC >= 0.12 AND period <= 192.50 THEN class = {0.75} [0.00, 1.50], (p=40, n=2, P=53, N=22)
2026-04-14 12:00:20,996 - INFO - Iteracja 3: condition_best: NC >= 0.01, quality_best: 0.724, coverage_best: (p=39, n=2, P=53, N=22)
2026-04-14 12:00:20,996 - INFO - Regula po iteracji 3: IF NC <= 1.48 AND SC >= 0.12 AND period <= 192.50 AND NC >= 0.01 THEN class = {0.76} [0.00, 1.52], (p=39, n=2, P=53, N=22)
2026-04-14 12:00:21,011 - INFO - Iteracja 4: condition_best: period <= 190.50, quality_best: 0.7, coverage_best: (p=38, n=2, P=54, N=21)
2026-04-14 12:00:21,011 - INFO - Regula po iteracji 4: IF NC <= 1.48 AND SC >= 0.12 AND period <= 192.50 AND NC >= 0.01 AND period <= 190.50 THEN class = {0.75} [-0.01, 1.51], (p=38, n=2, P=54, N=21)
2026-04-14 12:00:21,011 - INFO - *******STOP GROWING CR RULE*******
2026-04-14 12:00:21,011 - INFO - *******GROWING CR RULE*******
2026-04-14 12:00:21,038 - INFO - Iteracja 0: condition_best: SC >= 1.56, quality_best: 0.665, coverage_best: (p=19, n=2, P=32, N=43)
2026-04-14 12:00:21,038 - INFO - Regula po iteracji 0: IF SC >= 1.56 THEN class = {2.26} [1.05, 3.48], (p=19, n=2, P=32, N=43)
2026-04-14 12:00:21,047 - INFO - Iteracja 1: condition_best: NC >= 1.48, quality_best: 0.745, coverage_best: (p=13, n=1, P=20, N=55)
2026-04-14 12:00:21,047 - INFO - Regula po iteracji 1: IF SC >= 1.56 AND NC >= 1.48 THEN class = {2.50} [1.42, 3.59], (p=13, n=1, P=20, N=55)
2026-04-14 12:00:21,052 - INFO - Iteracja 2: condition_best: NC >= 1.61, quality_best: 0.732, coverage_best: (p=12, n=1, P=19, N=56)
2026-04-14 12:00:21,052 - INFO - Regula po iteracji 2: IF SC >= 1.56 AND NC >= 1.48 AND NC >= 1.61 THEN class = {2.58} [1.49, 3.67], (p=12, n=1, P=19, N=56)
2026-04-14 12:00:21,057 - INFO - Iteracja 3: condition_best: SC >= 1.65, quality_best: 0.717, coverage_best: (p=11, n=1, P=18, N=57)
2026-04-14 12:00:21,057 - INFO - Regula po iteracji 3: IF SC >= 1.56 AND NC >= 1.48 AND NC >= 1.61 AND SC >= 1.65 THEN class = {2.64} [1.53, 3.75], (p=11, n=1, P=18, N=57)
2026-04-14 12:00:21,062 - INFO - Iteracja 4: condition_best: NC >= 1.77, quality_best: 0.685, coverage_best: (p=10, n=1, P=18, N=57)
2026-04-14 12:00:21,062 - INFO - Regula po iteracji 4: IF SC >= 1.56 AND NC >= 1.48 AND NC >= 1.61 AND SC >= 1.65 AND NC >= 1.77 THEN class = {2.71} [1.57, 3.84], (p=10, n=1, P=18, N=57)
2026-04-14 12:00:21,062 - INFO - *******STOP GROWING CR RULE*******
2026-04-14 12:00:21,062 - INFO - *******GROWING CR RULE*******
2026-04-14 12:00:21,088 - INFO - Iteracja 0: condition_best: NC >= 1.31, quality_best: 0.645, coverage_best: (p=32, n=4, P=43, N=32)
2026-04-14 12:00:21,089 - INFO - Regula po iteracji 0: IF NC >= 1.31 THEN class = {1.85} [0.75, 2.94], (p=32, n=4, P=43, N=32)
2026-04-14 12:00:21,102 - INFO - Iteracja 1: condition_best: SC >= 0.30, quality_best: 0.709, coverage_best: (p=32, n=3, P=42, N=33)
2026-04-14 12:00:21,102 - INFO - Regula po iteracji 1: IF NC >= 1.31 AND SC >= 0.30 THEN class = {1.88} [0.79, 2.97], (p=32, n=3, P=42, N=33)
2026-04-14 12:00:21,114 - INFO - Iteracja 2: condition_best: NC <= 2.80, quality_best: 0.709, coverage_best: (p=26, n=2, P=39, N=36)
2026-04-14 12:00:21,114 - INFO - Regula po iteracji 2: IF NC >= 1.31 AND SC >= 0.30 AND NC <= 2.80 THEN class = {1.62} [0.79, 2.45], (p=26, n=2, P=39, N=36)
2026-04-14 12:00:21,124 - INFO - Iteracja 3: condition_best: SC <= 3.58, quality_best: 0.769, coverage_best: (p=26, n=1, P=39, N=36)
2026-04-14 12:00:21,124 - INFO - Regula po iteracji 3: IF NC >= 1.31 AND SC >= 0.30 AND NC <= 2.80 AND SC <= 3.58 THEN class = {1.58} [0.76, 2.39], (p=26, n=1, P=39, N=36)
2026-04-14 12:00:21,134 - INFO - Iteracja 4: condition_best: period >= 4.50, quality_best: 0.755, coverage_best: (p=25, n=1, P=39, N=36)
2026-04-14 12:00:21,134 - INFO - Regula po iteracji 4: IF NC >= 1.31 AND SC >= 0.30 AND NC <= 2.80 AND SC <= 3.58 AND period >= 4.50 THEN class = {1.61} [0.79, 2.42], (p=25, n=1, P=39, N=36)
2026-04-14 12:00:21,134 - INFO - *******STOP GROWING CR RULE*******
2026-04-14 12:00:21,135 - INFO - *******GROWING CR RULE*******
2026-04-14 12:00:21,160 - INFO - Iteracja 0: condition_best: SC <= 1.02, quality_best: 0.598, coverage_best: (p=32, n=8, P=35, N=40)
2026-04-14 12:00:21,160 - INFO - Regula po iteracji 0: IF SC <= 1.02 THEN class = {0.62} [0.20, 1.03], (p=32, n=8, P=35, N=40)
2026-04-14 12:00:21,175 - INFO - Iteracja 1: condition_best: NC <= 2.52, quality_best: 0.601, coverage_best: (p=31, n=7, P=36, N=39)
2026-04-14 12:00:21,175 - INFO - Regula po iteracji 1: IF SC <= 1.02 AND NC <= 2.52 THEN class = {0.60} [0.18, 1.02], (p=31, n=7, P=36, N=39)
2026-04-14 12:00:21,188 - INFO - Iteracja 2: condition_best: SC <= 0.99, quality_best: 0.654, coverage_best: (p=30, n=6, P=34, N=41)
2026-04-14 12:00:21,188 - INFO - Regula po iteracji 2: IF SC <= 1.02 AND NC <= 2.52 AND SC <= 0.99 THEN class = {0.56} [0.18, 0.93], (p=30, n=6, P=34, N=41)
2026-04-14 12:00:21,201 - INFO - Iteracja 3: condition_best: NWC <= 2.71, quality_best: 0.662, coverage_best: (p=29, n=5, P=35, N=40)
2026-04-14 12:00:21,201 - INFO - Regula po iteracji 3: IF SC <= 1.02 AND NC <= 2.52 AND SC <= 0.99 AND NWC <= 2.71 THEN class = {0.55} [0.17, 0.93], (p=29, n=5, P=35, N=40)
2026-04-14 12:00:21,213 - INFO - Iteracja 4: condition_best: period >= 2.50, quality_best: 0.644, coverage_best: (p=28, n=5, P=35, N=40)
2026-04-14 12:00:21,213 - INFO - Regula po iteracji 4: IF SC <= 1.02 AND NC <= 2.52 AND SC <= 0.99 AND NWC <= 2.71 AND period >= 2.50 THEN class = {0.55} [0.16, 0.93], (p=28, n=5, P=35, N=40)
2026-04-14 12:00:21,213 - INFO - *******STOP GROWING CR RULE*******
2026-04-14 12:00:21,213 - INFO - *******GROWING CR RULE*******
2026-04-14 12:00:21,239 - INFO - Iteracja 0: condition_best: period <= 2.50, quality_best: 1.0, coverage_best: (p=1, n=0, P=1, N=74)
2026-04-14 12:00:21,239 - INFO - Regula po iteracji 0: IF period <= 2.50 THEN class = {0.74} [0.74, 0.74], (p=1, n=0, P=1, N=74)
2026-04-14 12:00:21,239 - INFO - Iteracja 1: condition_best: seeded = {U}, quality_best: 1.0, coverage_best: (p=1, n=0, P=1, N=74)
2026-04-14 12:00:21,239 - INFO - Regula po iteracji 1: IF period <= 2.50 AND seeded = {U} THEN class = {0.74} [0.74, 0.74], (p=1, n=0, P=1, N=74)
2026-04-14 12:00:21,240 - INFO - Iteracja 2: condition_best: season = {AUTUMN}, quality_best: 1.0, coverage_best: (p=1, n=0, P=1, N=74)
2026-04-14 12:00:21,240 - INFO - Regula po iteracji 2: IF period <= 2.50 AND seeded = {U} AND season = {AUTUMN} THEN class = {0.74} [0.74, 0.74], (p=1, n=0, P=1, N=74)
2026-04-14 12:00:21,240 - INFO - Iteracja 3: condition_best: None, quality_best: -inf, coverage_best: (p=0, n=0, P=0, N=0)
2026-04-14 12:00:21,240 - INFO - Regula po iteracji 3: IF period <= 2.50 AND seeded = {U} AND season = {AUTUMN} THEN class = {0.74} [0.74, 0.74], (p=1, n=0, P=1, N=74)
2026-04-14 12:00:21,240 - INFO - *******STOP GROWING CR RULE*******
2026-04-14 12:00:21,246 - INFO - ************************Finished experiment for cloud.arff with algorithm_rer************************
2026-04-14 12:00:21,246 - INFO - *************************************************************************************************************************
2026-04-14 12:00:21,246 - INFO - *************************************************************************************************************************
2026-04-14 12:00:21,246 - INFO - *************************************************************************************************************************
2026-04-14 12:00:21,247 - INFO - **********Starting experiment for cloud.arff with algorithm_rer_with_exceptions**********
2026-04-14 12:00:21,252 - INFO - *******GROWING CR RULE*******
2026-04-14 12:00:21,291 - INFO - Iteracja 0: condition_best: NC <= 1.48, quality_best: 0.745, coverage_best: (p=42, n=2, P=54, N=21)
2026-04-14 12:00:21,291 - INFO - Regula po iteracji 0: IF NC <= 1.48 THEN class = {0.74} [-0.00, 1.48], (p=42, n=2, P=54, N=21)
2026-04-14 12:00:21,291 - INFO - *****GROWING RR RULE*****
2026-04-14 12:00:21,341 - INFO - Iteracja 0: condition_best: None, quality_best: -inf, coverage_best: (p=0, n=0, P=0, N=0), p_value: 0
2026-04-14 12:00:21,341 - INFO - Regula po iteracji 0: IF  THEN class = {1.19} [0.18, 2.21], (p=61, n=14, P=61, N=14)
2026-04-14 12:00:21,342 - INFO - *****STOP GROWING RR RULE*****
2026-04-14 12:00:21,342 - INFO - ***RR NOT FOUND***
2026-04-14 12:00:21,359 - INFO - Iteracja 1: condition_best: SC >= 0.12, quality_best: 0.746, coverage_best: (p=41, n=2, P=53, N=22)
2026-04-14 12:00:21,359 - INFO - Regula po iteracji 1: IF NC <= 1.48 AND SC >= 0.12 THEN class = {0.76} [0.01, 1.50], (p=41, n=2, P=53, N=22)
2026-04-14 12:00:21,360 - INFO - *****GROWING RR RULE*****
2026-04-14 12:00:21,410 - INFO - Iteracja 0: condition_best: None, quality_best: -inf, coverage_best: (p=0, n=0, P=0, N=0), p_value: 0
2026-04-14 12:00:21,410 - INFO - Regula po iteracji 0: IF  THEN class = {1.19} [0.18, 2.21], (p=61, n=14, P=61, N=14)
2026-04-14 12:00:21,410 - INFO - *****STOP GROWING RR RULE*****
2026-04-14 12:00:21,410 - INFO - ***RR NOT FOUND***
2026-04-14 12:00:21,426 - INFO - Iteracja 2: condition_best: period <= 192.50, quality_best: 0.735, coverage_best: (p=40, n=2, P=53, N=22)
2026-04-14 12:00:21,426 - INFO - Regula po iteracji 2: IF NC <= 1.48 AND SC >= 0.12 AND period <= 192.50 THEN class = {0.75} [0.00, 1.50], (p=40, n=2, P=53, N=22)
2026-04-14 12:00:21,426 - INFO - *****GROWING RR RULE*****
2026-04-14 12:00:21,476 - INFO - Iteracja 0: condition_best: None, quality_best: -inf, coverage_best: (p=0, n=0, P=0, N=0), p_value: 0
2026-04-14 12:00:21,476 - INFO - Regula po iteracji 0: IF  THEN class = {1.19} [0.18, 2.21], (p=61, n=14, P=61, N=14)
2026-04-14 12:00:21,476 - INFO - *****STOP GROWING RR RULE*****
2026-04-14 12:00:21,476 - INFO - ***RR NOT FOUND***
2026-04-14 12:00:21,492 - INFO - Iteracja 3: condition_best: NC >= 0.01, quality_best: 0.724, coverage_best: (p=39, n=2, P=53, N=22)
2026-04-14 12:00:21,492 - INFO - Regula po iteracji 3: IF NC <= 1.48 AND SC >= 0.12 AND period <= 192.50 AND NC >= 0.01 THEN class = {0.76} [0.00, 1.52], (p=39, n=2, P=53, N=22)
2026-04-14 12:00:21,492 - INFO - *****GROWING RR RULE*****
2026-04-14 12:00:21,542 - INFO - Iteracja 0: condition_best: None, quality_best: -inf, coverage_best: (p=0, n=0, P=0, N=0), p_value: 0
2026-04-14 12:00:21,542 - INFO - Regula po iteracji 0: IF  THEN class = {1.19} [0.18, 2.21], (p=61, n=14, P=61, N=14)
2026-04-14 12:00:21,542 - INFO - *****STOP GROWING RR RULE*****
2026-04-14 12:00:21,542 - INFO - ***RR NOT FOUND***
2026-04-14 12:00:21,557 - INFO - Iteracja 4: condition_best: NWC >= 0.61, quality_best: 0.702, coverage_best: (p=33, n=1, P=56, N=19)
2026-04-14 12:00:21,557 - INFO - Regula po iteracji 4: IF NC <= 1.48 AND SC >= 0.12 AND period <= 192.50 AND NC >= 0.01 AND NWC >= 0.61 THEN class = {0.84} [0.04, 1.63], (p=33, n=1, P=56, N=19)
2026-04-14 12:00:21,558 - INFO - *****GROWING RR RULE*****
2026-04-14 12:00:21,607 - INFO - Iteracja 0: condition_best: None, quality_best: -inf, coverage_best: (p=0, n=0, P=0, N=0), p_value: 0
2026-04-14 12:00:21,608 - INFO - Regula po iteracji 0: IF  THEN class = {1.19} [0.18, 2.21], (p=61, n=14, P=61, N=14)
2026-04-14 12:00:21,608 - INFO - *****STOP GROWING RR RULE*****
2026-04-14 12:00:21,608 - INFO - ***RR NOT FOUND***
2026-04-14 12:00:21,608 - INFO - *******STOP GROWING CR RULE*******
2026-04-14 12:00:21,608 - INFO - *******GROWING CR RULE*******
2026-04-14 12:00:21,635 - INFO - Iteracja 0: condition_best: NC <= 1.48, quality_best: 0.745, coverage_best: (p=42, n=2, P=54, N=21)
2026-04-14 12:00:21,635 - INFO - Regula po iteracji 0: IF NC <= 1.48 THEN class = {0.74} [-0.00, 1.48], (p=42, n=2, P=54, N=21)
2026-04-14 12:00:21,635 - INFO - *****GROWING RR RULE*****
2026-04-14 12:00:21,685 - INFO - Iteracja 0: condition_best: None, quality_best: -inf, coverage_best: (p=0, n=0, P=0, N=0), p_value: 0
2026-04-14 12:00:21,685 - INFO - Regula po iteracji 0: IF  THEN class = {1.19} [0.18, 2.21], (p=61, n=14, P=61, N=14)
2026-04-14 12:00:21,685 - INFO - *****STOP GROWING RR RULE*****
2026-04-14 12:00:21,685 - INFO - ***RR NOT FOUND***
2026-04-14 12:00:21,700 - INFO - Iteracja 1: condition_best: SC >= 0.12, quality_best: 0.746, coverage_best: (p=41, n=2, P=53, N=22)
2026-04-14 12:00:21,700 - INFO - Regula po iteracji 1: IF NC <= 1.48 AND SC >= 0.12 THEN class = {0.76} [0.01, 1.50], (p=41, n=2, P=53, N=22)
2026-04-14 12:00:21,700 - INFO - *****GROWING RR RULE*****
2026-04-14 12:00:21,750 - INFO - Iteracja 0: condition_best: None, quality_best: -inf, coverage_best: (p=0, n=0, P=0, N=0), p_value: 0
2026-04-14 12:00:21,750 - INFO - Regula po iteracji 0: IF  THEN class = {1.19} [0.18, 2.21], (p=61, n=14, P=61, N=14)
2026-04-14 12:00:21,750 - INFO - *****STOP GROWING RR RULE*****
2026-04-14 12:00:21,750 - INFO - ***RR NOT FOUND***
2026-04-14 12:00:21,765 - INFO - Iteracja 2: condition_best: period <= 192.50, quality_best: 0.735, coverage_best: (p=40, n=2, P=53, N=22)
2026-04-14 12:00:21,766 - INFO - Regula po iteracji 2: IF NC <= 1.48 AND SC >= 0.12 AND period <= 192.50 THEN class = {0.75} [0.00, 1.50], (p=40, n=2, P=53, N=22)
2026-04-14 12:00:21,766 - INFO - *****GROWING RR RULE*****
2026-04-14 12:00:21,816 - INFO - Iteracja 0: condition_best: None, quality_best: -inf, coverage_best: (p=0, n=0, P=0, N=0), p_value: 0
2026-04-14 12:00:21,816 - INFO - Regula po iteracji 0: IF  THEN class = {1.19} [0.18, 2.21], (p=61, n=14, P=61, N=14)
2026-04-14 12:00:21,816 - INFO - *****STOP GROWING RR RULE*****
2026-04-14 12:00:21,816 - INFO - ***RR NOT FOUND***
2026-04-14 12:00:21,831 - INFO - Iteracja 3: condition_best: NC >= 0.01, quality_best: 0.724, coverage_best: (p=39, n=2, P=53, N=22)
2026-04-14 12:00:21,831 - INFO - Regula po iteracji 3: IF NC <= 1.48 AND SC >= 0.12 AND period <= 192.50 AND NC >= 0.01 THEN class = {0.76} [0.00, 1.52], (p=39, n=2, P=53, N=22)
2026-04-14 12:00:21,831 - INFO - *****GROWING RR RULE*****
2026-04-14 12:00:21,881 - INFO - Iteracja 0: condition_best: None, quality_best: -inf, coverage_best: (p=0, n=0, P=0, N=0), p_value: 0
2026-04-14 12:00:21,881 - INFO - Regula po iteracji 0: IF  THEN class = {1.19} [0.18, 2.21], (p=61, n=14, P=61, N=14)
2026-04-14 12:00:21,881 - INFO - *****STOP GROWING RR RULE*****
2026-04-14 12:00:21,881 - INFO - ***RR NOT FOUND***
2026-04-14 12:00:21,896 - INFO - Iteracja 4: condition_best: period <= 190.50, quality_best: 0.7, coverage_best: (p=38, n=2, P=54, N=21)
2026-04-14 12:00:21,896 - INFO - Regula po iteracji 4: IF NC <= 1.48 AND SC >= 0.12 AND period <= 192.50 AND NC >= 0.01 AND period <= 190.50 THEN class = {0.75} [-0.01, 1.51], (p=38, n=2, P=54, N=21)
2026-04-14 12:00:21,896 - INFO - *****GROWING RR RULE*****
2026-04-14 12:00:21,946 - INFO - Iteracja 0: condition_best: None, quality_best: -inf, coverage_best: (p=0, n=0, P=0, N=0), p_value: 0
2026-04-14 12:00:21,946 - INFO - Regula po iteracji 0: IF  THEN class = {1.19} [0.18, 2.21], (p=61, n=14, P=61, N=14)
2026-04-14 12:00:21,947 - INFO - *****STOP GROWING RR RULE*****
2026-04-14 12:00:21,947 - INFO - ***RR NOT FOUND***
2026-04-14 12:00:21,947 - INFO - *******STOP GROWING CR RULE*******
2026-04-14 12:00:21,947 - INFO - *******GROWING CR RULE*******
2026-04-14 12:00:21,973 - INFO - Iteracja 0: condition_best: SC >= 1.56, quality_best: 0.665, coverage_best: (p=19, n=2, P=32, N=43)
2026-04-14 12:00:21,973 - INFO - Regula po iteracji 0: IF SC >= 1.56 THEN class = {2.26} [1.05, 3.48], (p=19, n=2, P=32, N=43)
2026-04-14 12:00:21,974 - INFO - *****GROWING RR RULE*****
2026-04-14 12:00:22,023 - INFO - Iteracja 0: condition_best: None, quality_best: -inf, coverage_best: (p=0, n=0, P=0, N=0), p_value: 0
2026-04-14 12:00:22,023 - INFO - Regula po iteracji 0: IF  THEN class = {1.19} [0.18, 2.21], (p=61, n=14, P=61, N=14)
2026-04-14 12:00:22,023 - INFO - *****STOP GROWING RR RULE*****
2026-04-14 12:00:22,023 - INFO - ***RR NOT FOUND***
2026-04-14 12:00:22,032 - INFO - Iteracja 1: condition_best: NC >= 1.48, quality_best: 0.745, coverage_best: (p=13, n=1, P=20, N=55)
2026-04-14 12:00:22,032 - INFO - Regula po iteracji 1: IF SC >= 1.56 AND NC >= 1.48 THEN class = {2.50} [1.42, 3.59], (p=13, n=1, P=20, N=55)
2026-04-14 12:00:22,033 - INFO - *****GROWING RR RULE*****
2026-04-14 12:00:22,086 - INFO - Iteracja 0: condition_best: None, quality_best: -inf, coverage_best: (p=0, n=0, P=0, N=0), p_value: 0
2026-04-14 12:00:22,086 - INFO - Regula po iteracji 0: IF  THEN class = {1.19} [0.18, 2.21], (p=61, n=14, P=61, N=14)
2026-04-14 12:00:22,087 - INFO - *****STOP GROWING RR RULE*****
2026-04-14 12:00:22,087 - INFO - ***RR NOT FOUND***
2026-04-14 12:00:22,092 - INFO - Iteracja 2: condition_best: NC >= 1.61, quality_best: 0.732, coverage_best: (p=12, n=1, P=19, N=56)
2026-04-14 12:00:22,092 - INFO - Regula po iteracji 2: IF SC >= 1.56 AND NC >= 1.48 AND NC >= 1.61 THEN class = {2.58} [1.49, 3.67], (p=12, n=1, P=19, N=56)
2026-04-14 12:00:22,092 - INFO - *****GROWING RR RULE*****
2026-04-14 12:00:22,146 - INFO - Iteracja 0: condition_best: None, quality_best: -inf, coverage_best: (p=0, n=0, P=0, N=0), p_value: 0
2026-04-14 12:00:22,146 - INFO - Regula po iteracji 0: IF  THEN class = {1.19} [0.18, 2.21], (p=61, n=14, P=61, N=14)
2026-04-14 12:00:22,146 - INFO - *****STOP GROWING RR RULE*****
2026-04-14 12:00:22,146 - INFO - ***RR NOT FOUND***
2026-04-14 12:00:22,151 - INFO - Iteracja 3: condition_best: SC >= 1.65, quality_best: 0.717, coverage_best: (p=11, n=1, P=18, N=57)
2026-04-14 12:00:22,151 - INFO - Regula po iteracji 3: IF SC >= 1.56 AND NC >= 1.48 AND NC >= 1.61 AND SC >= 1.65 THEN class = {2.64} [1.53, 3.75], (p=11, n=1, P=18, N=57)
2026-04-14 12:00:22,152 - INFO - *****GROWING RR RULE*****
2026-04-14 12:00:22,205 - INFO - Iteracja 0: condition_best: None, quality_best: -inf, coverage_best: (p=0, n=0, P=0, N=0), p_value: 0
2026-04-14 12:00:22,205 - INFO - Regula po iteracji 0: IF  THEN class = {1.19} [0.18, 2.21], (p=61, n=14, P=61, N=14)
2026-04-14 12:00:22,205 - INFO - *****STOP GROWING RR RULE*****
2026-04-14 12:00:22,205 - INFO - ***RR NOT FOUND***
2026-04-14 12:00:22,210 - INFO - Iteracja 4: condition_best: NC >= 1.77, quality_best: 0.685, coverage_best: (p=10, n=1, P=18, N=57)
2026-04-14 12:00:22,210 - INFO - Regula po iteracji 4: IF SC >= 1.56 AND NC >= 1.48 AND NC >= 1.61 AND SC >= 1.65 AND NC >= 1.77 THEN class = {2.71} [1.57, 3.84], (p=10, n=1, P=18, N=57)
2026-04-14 12:00:22,210 - INFO - *****GROWING RR RULE*****
2026-04-14 12:00:22,264 - INFO - Iteracja 0: condition_best: None, quality_best: -inf, coverage_best: (p=0, n=0, P=0, N=0), p_value: 0
2026-04-14 12:00:22,264 - INFO - Regula po iteracji 0: IF  THEN class = {1.19} [0.18, 2.21], (p=61, n=14, P=61, N=14)
2026-04-14 12:00:22,264 - INFO - *****STOP GROWING RR RULE*****
2026-04-14 12:00:22,264 - INFO - ***RR NOT FOUND***
2026-04-14 12:00:22,264 - INFO - *******STOP GROWING CR RULE*******
2026-04-14 12:00:22,264 - INFO - *******GROWING CR RULE*******
2026-04-14 12:00:22,291 - INFO - Iteracja 0: condition_best: NC >= 1.31, quality_best: 0.645, coverage_best: (p=32, n=4, P=43, N=32)
2026-04-14 12:00:22,291 - INFO - Regula po iteracji 0: IF NC >= 1.31 THEN class = {1.85} [0.75, 2.94], (p=32, n=4, P=43, N=32)
2026-04-14 12:00:22,291 - INFO - *****GROWING RR RULE*****
2026-04-14 12:00:22,341 - INFO - Iteracja 0: condition_best: None, quality_best: -inf, coverage_best: (p=0, n=0, P=0, N=0), p_value: 0
2026-04-14 12:00:22,341 - INFO - Regula po iteracji 0: IF  THEN class = {1.19} [0.18, 2.21], (p=61, n=14, P=61, N=14)
2026-04-14 12:00:22,341 - INFO - *****STOP GROWING RR RULE*****
2026-04-14 12:00:22,341 - INFO - ***RR NOT FOUND***
2026-04-14 12:00:22,354 - INFO - Iteracja 1: condition_best: SC >= 0.30, quality_best: 0.709, coverage_best: (p=32, n=3, P=42, N=33)
2026-04-14 12:00:22,354 - INFO - Regula po iteracji 1: IF NC >= 1.31 AND SC >= 0.30 THEN class = {1.88} [0.79, 2.97], (p=32, n=3, P=42, N=33)
2026-04-14 12:00:22,355 - INFO - *****GROWING RR RULE*****
2026-04-14 12:00:22,405 - INFO - Iteracja 0: condition_best: None, quality_best: -inf, coverage_best: (p=0, n=0, P=0, N=0), p_value: 0
2026-04-14 12:00:22,405 - INFO - Regula po iteracji 0: IF  THEN class = {1.19} [0.18, 2.21], (p=61, n=14, P=61, N=14)
2026-04-14 12:00:22,405 - INFO - *****STOP GROWING RR RULE*****
2026-04-14 12:00:22,405 - INFO - ***RR NOT FOUND***
2026-04-14 12:00:22,418 - INFO - Iteracja 2: condition_best: NC <= 2.80, quality_best: 0.709, coverage_best: (p=26, n=2, P=39, N=36)
2026-04-14 12:00:22,418 - INFO - Regula po iteracji 2: IF NC >= 1.31 AND SC >= 0.30 AND NC <= 2.80 THEN class = {1.62} [0.79, 2.45], (p=26, n=2, P=39, N=36)
2026-04-14 12:00:22,418 - INFO - *****GROWING RR RULE*****
2026-04-14 12:00:22,469 - INFO - Iteracja 0: condition_best: None, quality_best: -inf, coverage_best: (p=0, n=0, P=0, N=0), p_value: 0
2026-04-14 12:00:22,469 - INFO - Regula po iteracji 0: IF  THEN class = {1.19} [0.18, 2.21], (p=61, n=14, P=61, N=14)
2026-04-14 12:00:22,469 - INFO - *****STOP GROWING RR RULE*****
2026-04-14 12:00:22,469 - INFO - ***RR NOT FOUND***
2026-04-14 12:00:22,480 - INFO - Iteracja 3: condition_best: SC <= 3.58, quality_best: 0.769, coverage_best: (p=26, n=1, P=39, N=36)
2026-04-14 12:00:22,480 - INFO - Regula po iteracji 3: IF NC >= 1.31 AND SC >= 0.30 AND NC <= 2.80 AND SC <= 3.58 THEN class = {1.58} [0.76, 2.39], (p=26, n=1, P=39, N=36)
2026-04-14 12:00:22,480 - INFO - *****GROWING RR RULE*****
2026-04-14 12:00:22,530 - INFO - Iteracja 0: condition_best: None, quality_best: -inf, coverage_best: (p=0, n=0, P=0, N=0), p_value: 0
2026-04-14 12:00:22,530 - INFO - Regula po iteracji 0: IF  THEN class = {1.19} [0.18, 2.21], (p=61, n=14, P=61, N=14)
2026-04-14 12:00:22,530 - INFO - *****STOP GROWING RR RULE*****
2026-04-14 12:00:22,530 - INFO - ***RR NOT FOUND***
2026-04-14 12:00:22,540 - INFO - Iteracja 4: condition_best: period >= 4.50, quality_best: 0.755, coverage_best: (p=25, n=1, P=39, N=36)
2026-04-14 12:00:22,540 - INFO - Regula po iteracji 4: IF NC >= 1.31 AND SC >= 0.30 AND NC <= 2.80 AND SC <= 3.58 AND period >= 4.50 THEN class = {1.61} [0.79, 2.42], (p=25, n=1, P=39, N=36)
2026-04-14 12:00:22,540 - INFO - *****GROWING RR RULE*****
2026-04-14 12:00:22,590 - INFO - Iteracja 0: condition_best: None, quality_best: -inf, coverage_best: (p=0, n=0, P=0, N=0), p_value: 0
2026-04-14 12:00:22,590 - INFO - Regula po iteracji 0: IF  THEN class = {1.19} [0.18, 2.21], (p=61, n=14, P=61, N=14)
2026-04-14 12:00:22,590 - INFO - *****STOP GROWING RR RULE*****
2026-04-14 12:00:22,590 - INFO - ***RR NOT FOUND***
2026-04-14 12:00:22,590 - INFO - *******STOP GROWING CR RULE*******
2026-04-14 12:00:22,590 - INFO - *******GROWING CR RULE*******
2026-04-14 12:00:22,616 - INFO - Iteracja 0: condition_best: SC <= 1.02, quality_best: 0.598, coverage_best: (p=32, n=8, P=35, N=40)
2026-04-14 12:00:22,616 - INFO - Regula po iteracji 0: IF SC <= 1.02 THEN class = {0.62} [0.20, 1.03], (p=32, n=8, P=35, N=40)
2026-04-14 12:00:22,616 - INFO - *****GROWING RR RULE*****
2026-04-14 12:00:22,665 - INFO - Iteracja 0: condition_best: None, quality_best: -inf, coverage_best: (p=0, n=0, P=0, N=0), p_value: 0
2026-04-14 12:00:22,665 - INFO - Regula po iteracji 0: IF  THEN class = {1.19} [0.18, 2.21], (p=61, n=14, P=61, N=14)
2026-04-14 12:00:22,665 - INFO - *****STOP GROWING RR RULE*****
2026-04-14 12:00:22,665 - INFO - ***RR NOT FOUND***
2026-04-14 12:00:22,818 - INFO - Iteracja 1: condition_best: NC <= 2.52, quality_best: 0.601, coverage_best: (p=31, n=7, P=36, N=39)
2026-04-14 12:00:22,818 - INFO - Regula po iteracji 1: IF SC <= 1.02 AND NC <= 2.52 THEN class = {0.60} [0.18, 1.02], (p=31, n=7, P=36, N=39)
2026-04-14 12:00:22,818 - INFO - *****GROWING RR RULE*****
2026-04-14 12:00:22,868 - INFO - Iteracja 0: condition_best: None, quality_best: -inf, coverage_best: (p=0, n=0, P=0, N=0), p_value: 0
2026-04-14 12:00:22,868 - INFO - Regula po iteracji 0: IF  THEN class = {1.19} [0.18, 2.21], (p=61, n=14, P=61, N=14)
2026-04-14 12:00:22,869 - INFO - *****STOP GROWING RR RULE*****
2026-04-14 12:00:22,869 - INFO - ***RR NOT FOUND***
2026-04-14 12:00:22,882 - INFO - Iteracja 2: condition_best: SC <= 0.99, quality_best: 0.654, coverage_best: (p=30, n=6, P=34, N=41)
2026-04-14 12:00:22,882 - INFO - Regula po iteracji 2: IF SC <= 1.02 AND NC <= 2.52 AND SC <= 0.99 THEN class = {0.56} [0.18, 0.93], (p=30, n=6, P=34, N=41)
2026-04-14 12:00:22,882 - INFO - *****GROWING RR RULE*****
2026-04-14 12:00:22,932 - INFO - Iteracja 0: condition_best: None, quality_best: -inf, coverage_best: (p=0, n=0, P=0, N=0), p_value: 0
2026-04-14 12:00:22,932 - INFO - Regula po iteracji 0: IF  THEN class = {1.19} [0.18, 2.21], (p=61, n=14, P=61, N=14)
2026-04-14 12:00:22,932 - INFO - *****STOP GROWING RR RULE*****
2026-04-14 12:00:22,932 - INFO - ***RR NOT FOUND***
2026-04-14 12:00:22,945 - INFO - Iteracja 3: condition_best: NWC <= 2.71, quality_best: 0.662, coverage_best: (p=29, n=5, P=35, N=40)
2026-04-14 12:00:22,945 - INFO - Regula po iteracji 3: IF SC <= 1.02 AND NC <= 2.52 AND SC <= 0.99 AND NWC <= 2.71 THEN class = {0.55} [0.17, 0.93], (p=29, n=5, P=35, N=40)
2026-04-14 12:00:22,945 - INFO - *****GROWING RR RULE*****
2026-04-14 12:00:22,995 - INFO - Iteracja 0: condition_best: None, quality_best: -inf, coverage_best: (p=0, n=0, P=0, N=0), p_value: 0
2026-04-14 12:00:22,995 - INFO - Regula po iteracji 0: IF  THEN class = {1.19} [0.18, 2.21], (p=61, n=14, P=61, N=14)
2026-04-14 12:00:22,995 - INFO - *****STOP GROWING RR RULE*****
2026-04-14 12:00:22,995 - INFO - ***RR NOT FOUND***
2026-04-14 12:00:23,007 - INFO - Iteracja 4: condition_best: period >= 2.50, quality_best: 0.644, coverage_best: (p=28, n=5, P=35, N=40)
2026-04-14 12:00:23,008 - INFO - Regula po iteracji 4: IF SC <= 1.02 AND NC <= 2.52 AND SC <= 0.99 AND NWC <= 2.71 AND period >= 2.50 THEN class = {0.55} [0.16, 0.93], (p=28, n=5, P=35, N=40)
2026-04-14 12:00:23,008 - INFO - *****GROWING RR RULE*****
2026-04-14 12:00:23,058 - INFO - Iteracja 0: condition_best: None, quality_best: -inf, coverage_best: (p=0, n=0, P=0, N=0), p_value: 0
2026-04-14 12:00:23,058 - INFO - Regula po iteracji 0: IF  THEN class = {1.19} [0.18, 2.21], (p=61, n=14, P=61, N=14)
2026-04-14 12:00:23,058 - INFO - *****STOP GROWING RR RULE*****
2026-04-14 12:00:23,058 - INFO - ***RR NOT FOUND***
2026-04-14 12:00:23,058 - INFO - *******STOP GROWING CR RULE*******
2026-04-14 12:00:23,059 - INFO - *******GROWING CR RULE*******
2026-04-14 12:00:23,084 - INFO - Iteracja 0: condition_best: period <= 2.50, quality_best: 1.0, coverage_best: (p=1, n=0, P=1, N=74)
2026-04-14 12:00:23,084 - INFO - Regula po iteracji 0: IF period <= 2.50 THEN class = {0.74} [0.74, 0.74], (p=1, n=0, P=1, N=74)
2026-04-14 12:00:23,085 - INFO - *****GROWING RR RULE*****
2026-04-14 12:00:23,135 - INFO - Iteracja 0: condition_best: None, quality_best: -inf, coverage_best: (p=0, n=0, P=0, N=0), p_value: 0
2026-04-14 12:00:23,135 - INFO - Regula po iteracji 0: IF  THEN class = {1.19} [0.18, 2.21], (p=61, n=14, P=61, N=14)
2026-04-14 12:00:23,135 - INFO - *****STOP GROWING RR RULE*****
2026-04-14 12:00:23,136 - INFO - ***RR NOT FOUND***
2026-04-14 12:00:23,136 - INFO - Iteracja 1: condition_best: seeded = {U}, quality_best: 1.0, coverage_best: (p=1, n=0, P=1, N=74)
2026-04-14 12:00:23,136 - INFO - Regula po iteracji 1: IF period <= 2.50 AND seeded = {U} THEN class = {0.74} [0.74, 0.74], (p=1, n=0, P=1, N=74)
2026-04-14 12:00:23,136 - INFO - *****GROWING RR RULE*****
2026-04-14 12:00:23,187 - INFO - Iteracja 0: condition_best: None, quality_best: -inf, coverage_best: (p=0, n=0, P=0, N=0), p_value: 0
2026-04-14 12:00:23,187 - INFO - Regula po iteracji 0: IF  THEN class = {1.19} [0.18, 2.21], (p=61, n=14, P=61, N=14)
2026-04-14 12:00:23,187 - INFO - *****STOP GROWING RR RULE*****
2026-04-14 12:00:23,187 - INFO - ***RR NOT FOUND***
2026-04-14 12:00:23,188 - INFO - Iteracja 2: condition_best: season = {AUTUMN}, quality_best: 1.0, coverage_best: (p=1, n=0, P=1, N=74)
2026-04-14 12:00:23,188 - INFO - Regula po iteracji 2: IF period <= 2.50 AND seeded = {U} AND season = {AUTUMN} THEN class = {0.74} [0.74, 0.74], (p=1, n=0, P=1, N=74)
2026-04-14 12:00:23,188 - INFO - *****GROWING RR RULE*****
2026-04-14 12:00:23,238 - INFO - Iteracja 0: condition_best: None, quality_best: -inf, coverage_best: (p=0, n=0, P=0, N=0), p_value: 0
2026-04-14 12:00:23,239 - INFO - Regula po iteracji 0: IF  THEN class = {1.19} [0.18, 2.21], (p=61, n=14, P=61, N=14)
2026-04-14 12:00:23,239 - INFO - *****STOP GROWING RR RULE*****
2026-04-14 12:00:23,239 - INFO - ***RR NOT FOUND***
2026-04-14 12:00:23,239 - INFO - Iteracja 3: condition_best: None, quality_best: -inf, coverage_best: (p=0, n=0, P=0, N=0)
2026-04-14 12:00:23,239 - INFO - Regula po iteracji 3: IF period <= 2.50 AND seeded = {U} AND season = {AUTUMN} THEN class = {0.74} [0.74, 0.74], (p=1, n=0, P=1, N=74)
2026-04-14 12:00:23,239 - INFO - *******STOP GROWING CR RULE*******
2026-04-14 12:00:23,246 - INFO - ************************Finished experiment for cloud.arff with algorithm_rer_with_exceptions************************
2026-04-14 12:00:23,246 - INFO - *************************************************************************************************************************
2026-04-14 12:00:23,246 - INFO - *************************************************************************************************************************
2026-04-14 12:00:23,246 - INFO - *************************************************************************************************************************
2026-04-14 12:00:23,247 - INFO - **********Starting experiment for cloud.arff with decision_tree**********
2026-04-14 12:00:23,271 - INFO - ************************Finished experiment for cloud.arff with decision_tree************************
2026-04-14 12:00:23,271 - INFO - *************************************************************************************************************************
2026-04-14 12:00:23,271 - INFO - *************************************************************************************************************************
2026-04-14 12:00:23,271 - INFO - *************************************************************************************************************************
