2026-04-12 13:38:10,412 - INFO - **********Starting experiment for 17_przeszczepy.arff with algorithm**********
2026-04-12 13:38:10,427 - INFO - *******GROWING CR RULE*******
2026-04-12 13:38:15,175 - INFO - Iteracja 0: condition_best: PLTrecovery <= 500,142.50, quality_best: 1.0, coverage_best: (p=170, n=0, P=187, N=0)
2026-04-12 13:38:15,180 - INFO - Regula po iteracji 0: IF PLTrecovery <= 500,142.50 THEN survival_status = {nan}, (p=170, n=0, P=187, N=0)
2026-04-12 13:38:15,180 - INFO - *****GROWING RR RULE*****
2026-04-12 13:38:28,214 - INFO - Iteracja 0: condition_best: None, quality_best: -inf, coverage_best: (p=0, n=0, P=0, N=0), p_value: 0
2026-04-12 13:38:28,218 - INFO - Regula po iteracji 0: IF  THEN survival_status = {nan}, (p=187, n=0, P=187, N=0)
2026-04-12 13:38:28,218 - INFO - *****STOP GROWING RR RULE*****
2026-04-12 13:38:28,218 - INFO - ***RR NOT FOUND***
2026-04-12 13:38:33,073 - INFO - Iteracja 1: condition_best: Donorage <= 55.48, quality_best: 1.0, coverage_best: (p=169, n=0, P=187, N=0)
2026-04-12 13:38:33,077 - INFO - Regula po iteracji 1: IF PLTrecovery <= 500,142.50 AND Donorage <= 55.48 THEN survival_status = {inf}, (p=169, n=0, P=187, N=0)
2026-04-12 13:38:33,077 - INFO - *****GROWING RR RULE*****
2026-04-12 13:38:46,097 - INFO - Iteracja 0: condition_best: None, quality_best: -inf, coverage_best: (p=0, n=0, P=0, N=0), p_value: 0
2026-04-12 13:38:46,101 - INFO - Regula po iteracji 0: IF  THEN survival_status = {nan}, (p=187, n=0, P=187, N=0)
2026-04-12 13:38:46,101 - INFO - *****STOP GROWING RR RULE*****
2026-04-12 13:38:46,101 - INFO - ***RR NOT FOUND***
2026-04-12 13:38:51,078 - INFO - Iteracja 2: condition_best: Donorage <= 53.94, quality_best: 1.0, coverage_best: (p=168, n=0, P=187, N=0)
2026-04-12 13:38:51,082 - INFO - Regula po iteracji 2: IF PLTrecovery <= 500,142.50 AND Donorage <= 55.48 AND Donorage <= 53.94 THEN survival_status = {inf}, (p=168, n=0, P=187, N=0)
2026-04-12 13:38:51,082 - INFO - *****GROWING RR RULE*****
2026-04-12 13:39:04,067 - INFO - Iteracja 0: condition_best: None, quality_best: -inf, coverage_best: (p=0, n=0, P=0, N=0), p_value: 0
2026-04-12 13:39:04,071 - INFO - Regula po iteracji 0: IF  THEN survival_status = {nan}, (p=187, n=0, P=187, N=0)
2026-04-12 13:39:04,071 - INFO - *****STOP GROWING RR RULE*****
2026-04-12 13:39:04,071 - INFO - ***RR NOT FOUND***
2026-04-12 13:39:09,151 - INFO - Iteracja 3: condition_best: Donorage <= 52.23, quality_best: 1.0, coverage_best: (p=167, n=0, P=187, N=0)
2026-04-12 13:39:09,156 - INFO - Regula po iteracji 3: IF PLTrecovery <= 500,142.50 AND Donorage <= 55.48 AND Donorage <= 53.94 AND Donorage <= 52.23 THEN survival_status = {inf}, (p=167, n=0, P=187, N=0)
2026-04-12 13:39:09,156 - INFO - *****GROWING RR RULE*****
2026-04-12 13:39:22,117 - INFO - Iteracja 0: condition_best: None, quality_best: -inf, coverage_best: (p=0, n=0, P=0, N=0), p_value: 0
2026-04-12 13:39:22,121 - INFO - Regula po iteracji 0: IF  THEN survival_status = {nan}, (p=187, n=0, P=187, N=0)
2026-04-12 13:39:22,121 - INFO - *****STOP GROWING RR RULE*****
2026-04-12 13:39:22,121 - INFO - ***RR NOT FOUND***
2026-04-12 13:39:27,312 - INFO - Iteracja 4: condition_best: Donorage <= 50.93, quality_best: 1.0, coverage_best: (p=166, n=0, P=187, N=0)
2026-04-12 13:39:27,317 - INFO - Regula po iteracji 4: IF PLTrecovery <= 500,142.50 AND Donorage <= 55.48 AND Donorage <= 53.94 AND Donorage <= 52.23 AND Donorage <= 50.93 THEN survival_status = {inf}, (p=166, n=0, P=187, N=0)
2026-04-12 13:39:27,317 - INFO - *****GROWING RR RULE*****
2026-04-12 13:39:40,452 - INFO - Iteracja 0: condition_best: None, quality_best: -inf, coverage_best: (p=0, n=0, P=0, N=0), p_value: 0
2026-04-12 13:39:40,456 - INFO - Regula po iteracji 0: IF  THEN survival_status = {nan}, (p=187, n=0, P=187, N=0)
2026-04-12 13:39:40,456 - INFO - *****STOP GROWING RR RULE*****
2026-04-12 13:39:40,456 - INFO - ***RR NOT FOUND***
2026-04-12 13:39:40,456 - INFO - *******STOP GROWING CR RULE*******
2026-04-12 13:39:40,461 - INFO - *******GROWING CR RULE*******
2026-04-12 13:39:43,911 - INFO - Iteracja 0: condition_best: PLTrecovery >= 266.00, quality_best: 1.0, coverage_best: (p=18, n=0, P=187, N=0)
2026-04-12 13:39:43,915 - INFO - Regula po iteracji 0: IF PLTrecovery >= 266.00 THEN survival_status = {nan}, (p=18, n=0, P=187, N=0)
2026-04-12 13:39:43,915 - INFO - *****GROWING RR RULE*****
2026-04-12 13:39:53,547 - INFO - Iteracja 0: condition_best: None, quality_best: -inf, coverage_best: (p=0, n=0, P=0, N=0), p_value: 0
2026-04-12 13:39:53,550 - INFO - Regula po iteracji 0: IF  THEN survival_status = {nan}, (p=187, n=0, P=187, N=0)
2026-04-12 13:39:53,550 - INFO - *****STOP GROWING RR RULE*****
2026-04-12 13:39:53,550 - INFO - ***RR NOT FOUND***
2026-04-12 13:39:54,068 - INFO - Iteracja 1: condition_best: Txpostrelapse = {0}, quality_best: 1.0, coverage_best: (p=17, n=0, P=187, N=0)
2026-04-12 13:39:54,072 - INFO - Regula po iteracji 1: IF PLTrecovery >= 266.00 AND Txpostrelapse = {0} THEN survival_status = {42.0}, (p=17, n=0, P=187, N=0)
2026-04-12 13:39:54,072 - INFO - *****GROWING RR RULE*****
2026-04-12 13:40:03,669 - INFO - Iteracja 0: condition_best: None, quality_best: -inf, coverage_best: (p=0, n=0, P=0, N=0), p_value: 0
2026-04-12 13:40:03,673 - INFO - Regula po iteracji 0: IF  THEN survival_status = {nan}, (p=187, n=0, P=187, N=0)
2026-04-12 13:40:03,673 - INFO - *****STOP GROWING RR RULE*****
2026-04-12 13:40:03,673 - INFO - ***RR NOT FOUND***
2026-04-12 13:40:04,194 - INFO - Iteracja 2: condition_best: Relapse = {0}, quality_best: 1.0, coverage_best: (p=16, n=0, P=187, N=0)
2026-04-12 13:40:04,198 - INFO - Regula po iteracji 2: IF PLTrecovery >= 266.00 AND Txpostrelapse = {0} AND Relapse = {0} THEN survival_status = {42.0}, (p=16, n=0, P=187, N=0)
2026-04-12 13:40:04,198 - INFO - *****GROWING RR RULE*****
2026-04-12 13:40:13,786 - INFO - Iteracja 0: condition_best: None, quality_best: -inf, coverage_best: (p=0, n=0, P=0, N=0), p_value: 0
2026-04-12 13:40:13,789 - INFO - Regula po iteracji 0: IF  THEN survival_status = {nan}, (p=187, n=0, P=187, N=0)
2026-04-12 13:40:13,790 - INFO - *****STOP GROWING RR RULE*****
2026-04-12 13:40:13,790 - INFO - ***RR NOT FOUND***
2026-04-12 13:40:14,308 - INFO - Iteracja 3: condition_best: Gendermatch = {0}, quality_best: 1.0, coverage_best: (p=15, n=0, P=187, N=0)
2026-04-12 13:40:14,312 - INFO - Regula po iteracji 3: IF PLTrecovery >= 266.00 AND Txpostrelapse = {0} AND Relapse = {0} AND Gendermatch = {0} THEN survival_status = {41.0}, (p=15, n=0, P=187, N=0)
2026-04-12 13:40:14,313 - INFO - *****GROWING RR RULE*****
2026-04-12 13:40:23,791 - INFO - Iteracja 0: condition_best: None, quality_best: -inf, coverage_best: (p=0, n=0, P=0, N=0), p_value: 0
2026-04-12 13:40:23,794 - INFO - Regula po iteracji 0: IF  THEN survival_status = {nan}, (p=187, n=0, P=187, N=0)
2026-04-12 13:40:23,795 - INFO - *****STOP GROWING RR RULE*****
2026-04-12 13:40:23,795 - INFO - ***RR NOT FOUND***
2026-04-12 13:40:24,303 - INFO - Iteracja 4: condition_best: Donorage <= 48.50, quality_best: 1.0, coverage_best: (p=14, n=0, P=187, N=0)
2026-04-12 13:40:24,307 - INFO - Regula po iteracji 4: IF PLTrecovery >= 266.00 AND Txpostrelapse = {0} AND Relapse = {0} AND Gendermatch = {0} AND Donorage <= 48.50 THEN survival_status = {41.0}, (p=14, n=0, P=187, N=0)
2026-04-12 13:40:24,307 - INFO - *****GROWING RR RULE*****
2026-04-12 13:40:33,746 - INFO - Iteracja 0: condition_best: None, quality_best: -inf, coverage_best: (p=0, n=0, P=0, N=0), p_value: 0
2026-04-12 13:40:33,749 - INFO - Regula po iteracji 0: IF  THEN survival_status = {nan}, (p=187, n=0, P=187, N=0)
2026-04-12 13:40:33,749 - INFO - *****STOP GROWING RR RULE*****
2026-04-12 13:40:33,749 - INFO - ***RR NOT FOUND***
2026-04-12 13:40:33,749 - INFO - *******STOP GROWING CR RULE*******
2026-04-12 13:40:33,753 - INFO - *******GROWING CR RULE*******
2026-04-12 13:40:37,042 - INFO - Iteracja 0: condition_best: PLTrecovery <= 500,142.50, quality_best: 1.0, coverage_best: (p=170, n=0, P=187, N=0)
2026-04-12 13:40:37,046 - INFO - Regula po iteracji 0: IF PLTrecovery <= 500,142.50 THEN survival_status = {nan}, (p=170, n=0, P=187, N=0)
2026-04-12 13:40:37,046 - INFO - *****GROWING RR RULE*****
2026-04-12 13:40:50,030 - INFO - Iteracja 0: condition_best: None, quality_best: -inf, coverage_best: (p=0, n=0, P=0, N=0), p_value: 0
2026-04-12 13:40:50,034 - INFO - Regula po iteracji 0: IF  THEN survival_status = {nan}, (p=187, n=0, P=187, N=0)
2026-04-12 13:40:50,034 - INFO - *****STOP GROWING RR RULE*****
2026-04-12 13:40:50,034 - INFO - ***RR NOT FOUND***
2026-04-12 13:40:53,522 - INFO - Iteracja 1: condition_best: Donorage <= 55.48, quality_best: 1.0, coverage_best: (p=169, n=0, P=187, N=0)
2026-04-12 13:40:53,526 - INFO - Regula po iteracji 1: IF PLTrecovery <= 500,142.50 AND Donorage <= 55.48 THEN survival_status = {inf}, (p=169, n=0, P=187, N=0)
2026-04-12 13:40:53,526 - INFO - *****GROWING RR RULE*****
2026-04-12 13:41:06,470 - INFO - Iteracja 0: condition_best: None, quality_best: -inf, coverage_best: (p=0, n=0, P=0, N=0), p_value: 0
2026-04-12 13:41:06,474 - INFO - Regula po iteracji 0: IF  THEN survival_status = {nan}, (p=187, n=0, P=187, N=0)
2026-04-12 13:41:06,474 - INFO - *****STOP GROWING RR RULE*****
2026-04-12 13:41:06,474 - INFO - ***RR NOT FOUND***
2026-04-12 13:41:10,077 - INFO - Iteracja 2: condition_best: Donorage <= 53.94, quality_best: 1.0, coverage_best: (p=168, n=0, P=187, N=0)
2026-04-12 13:41:10,081 - INFO - Regula po iteracji 2: IF PLTrecovery <= 500,142.50 AND Donorage <= 55.48 AND Donorage <= 53.94 THEN survival_status = {inf}, (p=168, n=0, P=187, N=0)
2026-04-12 13:41:10,081 - INFO - *****GROWING RR RULE*****
2026-04-12 13:41:23,001 - INFO - Iteracja 0: condition_best: None, quality_best: -inf, coverage_best: (p=0, n=0, P=0, N=0), p_value: 0
2026-04-12 13:41:23,005 - INFO - Regula po iteracji 0: IF  THEN survival_status = {nan}, (p=187, n=0, P=187, N=0)
2026-04-12 13:41:23,005 - INFO - *****STOP GROWING RR RULE*****
2026-04-12 13:41:23,005 - INFO - ***RR NOT FOUND***
2026-04-12 13:41:26,756 - INFO - Iteracja 3: condition_best: Donorage <= 52.23, quality_best: 1.0, coverage_best: (p=167, n=0, P=187, N=0)
2026-04-12 13:41:26,760 - INFO - Regula po iteracji 3: IF PLTrecovery <= 500,142.50 AND Donorage <= 55.48 AND Donorage <= 53.94 AND Donorage <= 52.23 THEN survival_status = {inf}, (p=167, n=0, P=187, N=0)
2026-04-12 13:41:26,760 - INFO - *****GROWING RR RULE*****
2026-04-12 13:41:39,688 - INFO - Iteracja 0: condition_best: None, quality_best: -inf, coverage_best: (p=0, n=0, P=0, N=0), p_value: 0
2026-04-12 13:41:39,692 - INFO - Regula po iteracji 0: IF  THEN survival_status = {nan}, (p=187, n=0, P=187, N=0)
2026-04-12 13:41:39,692 - INFO - *****STOP GROWING RR RULE*****
2026-04-12 13:41:39,692 - INFO - ***RR NOT FOUND***
2026-04-12 13:41:43,561 - INFO - Iteracja 4: condition_best: Donorage <= 50.93, quality_best: 1.0, coverage_best: (p=166, n=0, P=187, N=0)
2026-04-12 13:41:43,565 - INFO - Regula po iteracji 4: IF PLTrecovery <= 500,142.50 AND Donorage <= 55.48 AND Donorage <= 53.94 AND Donorage <= 52.23 AND Donorage <= 50.93 THEN survival_status = {inf}, (p=166, n=0, P=187, N=0)
2026-04-12 13:41:43,566 - INFO - *****GROWING RR RULE*****
2026-04-12 13:41:56,477 - INFO - Iteracja 0: condition_best: None, quality_best: -inf, coverage_best: (p=0, n=0, P=0, N=0), p_value: 0
2026-04-12 13:41:56,481 - INFO - Regula po iteracji 0: IF  THEN survival_status = {nan}, (p=187, n=0, P=187, N=0)
2026-04-12 13:41:56,481 - INFO - *****STOP GROWING RR RULE*****
2026-04-12 13:41:56,481 - INFO - ***RR NOT FOUND***
2026-04-12 13:41:56,481 - INFO - *******STOP GROWING CR RULE*******
2026-04-12 13:41:56,494 - INFO - ************************Finished experiment for 17_przeszczepy.arff with algorithm************************
2026-04-12 13:41:56,494 - INFO - *************************************************************************************************************************
2026-04-12 13:41:56,494 - INFO - *************************************************************************************************************************
2026-04-12 13:41:56,494 - INFO - *************************************************************************************************************************
