2026-04-14 12:41:14,433 - INFO - **********Starting experiment for pyrim.arff with algorithm_rulekit**********
2026-04-14 12:41:14,503 - INFO - ************************Finished experiment for pyrim.arff with algorithm_rulekit************************
2026-04-14 12:41:14,503 - INFO - *************************************************************************************************************************
2026-04-14 12:41:14,504 - INFO - *************************************************************************************************************************
2026-04-14 12:41:14,504 - INFO - *************************************************************************************************************************
2026-04-14 12:41:14,505 - INFO - **********Starting experiment for pyrim.arff with algorithm_rer**********
2026-04-14 12:41:14,509 - INFO - *******GROWING CR RULE*******
2026-04-14 12:41:14,521 - INFO - Iteracja 0: condition_best: p2_h_doner >= 0.70, quality_best: 0.572, coverage_best: (p=4, n=1, P=8, N=43)
2026-04-14 12:41:14,522 - INFO - Regula po iteracji 0: IF p2_h_doner >= 0.70 THEN class = {0.86} [0.79, 0.93], (p=4, n=1, P=8, N=43)
2026-04-14 12:41:14,524 - INFO - Iteracja 1: condition_best: None, quality_best: -inf, coverage_best: (p=0, n=0, P=0, N=0)
2026-04-14 12:41:14,524 - INFO - Regula po iteracji 1: IF p2_h_doner >= 0.70 THEN class = {0.86} [0.79, 0.93], (p=4, n=1, P=8, N=43)
2026-04-14 12:41:14,524 - INFO - *******STOP GROWING CR RULE*******
2026-04-14 12:41:14,524 - INFO - *******GROWING CR RULE*******
2026-04-14 12:41:14,532 - INFO - Iteracja 0: condition_best: p3_size >= 0.50, quality_best: 0.526, coverage_best: (p=6, n=2, P=11, N=40)
2026-04-14 12:41:14,532 - INFO - Regula po iteracji 0: IF p3_size >= 0.50 THEN class = {0.78} [0.72, 0.85], (p=6, n=2, P=11, N=40)
2026-04-14 12:41:14,535 - INFO - Iteracja 1: condition_best: p2_size >= 0.18, quality_best: 0.519, coverage_best: (p=4, n=2, P=6, N=45)
2026-04-14 12:41:14,535 - INFO - Regula po iteracji 1: IF p3_size >= 0.50 AND p2_size >= 0.18 THEN class = {0.80} [0.75, 0.84], (p=4, n=2, P=6, N=45)
2026-04-14 12:41:14,538 - INFO - Iteracja 2: condition_best: p1_polar >= 0.20, quality_best: 0.445, coverage_best: (p=3, n=2, P=5, N=46)
2026-04-14 12:41:14,538 - INFO - Regula po iteracji 2: IF p3_size >= 0.50 AND p2_size >= 0.18 AND p1_polar >= 0.20 THEN class = {0.81} [0.76, 0.85], (p=3, n=2, P=5, N=46)
2026-04-14 12:41:14,539 - INFO - Iteracja 3: condition_best: None, quality_best: -inf, coverage_best: (p=0, n=0, P=0, N=0)
2026-04-14 12:41:14,540 - INFO - Regula po iteracji 3: IF p3_size >= 0.50 AND p2_size >= 0.18 AND p1_polar >= 0.20 THEN class = {0.81} [0.76, 0.85], (p=3, n=2, P=5, N=46)
2026-04-14 12:41:14,540 - INFO - *******STOP GROWING CR RULE*******
2026-04-14 12:41:14,540 - INFO - *******GROWING CR RULE*******
2026-04-14 12:41:14,547 - INFO - Iteracja 0: condition_best: p1_pi_doner <= 0.30, quality_best: 0.469, coverage_best: (p=18, n=4, P=29, N=22)
2026-04-14 12:41:14,547 - INFO - Regula po iteracji 0: IF p1_pi_doner <= 0.30 THEN class = {0.60} [0.53, 0.67], (p=18, n=4, P=29, N=22)
2026-04-14 12:41:14,553 - INFO - Iteracja 1: condition_best: p1_flex <= 0.15, quality_best: 0.592, coverage_best: (p=16, n=2, P=28, N=23)
2026-04-14 12:41:14,553 - INFO - Regula po iteracji 1: IF p1_pi_doner <= 0.30 AND p1_flex <= 0.15 THEN class = {0.59} [0.53, 0.65], (p=16, n=2, P=28, N=23)
2026-04-14 12:41:14,557 - INFO - Iteracja 2: condition_best: p1_size <= 0.34, quality_best: 0.568, coverage_best: (p=15, n=2, P=28, N=23)
2026-04-14 12:41:14,557 - INFO - Regula po iteracji 2: IF p1_pi_doner <= 0.30 AND p1_flex <= 0.15 AND p1_size <= 0.34 THEN class = {0.59} [0.53, 0.65], (p=15, n=2, P=28, N=23)
2026-04-14 12:41:14,560 - INFO - Iteracja 3: condition_best: p1_polar <= 0.70, quality_best: 0.542, coverage_best: (p=14, n=2, P=28, N=23)
2026-04-14 12:41:14,560 - INFO - Regula po iteracji 3: IF p1_pi_doner <= 0.30 AND p1_flex <= 0.15 AND p1_size <= 0.34 AND p1_polar <= 0.70 THEN class = {0.59} [0.53, 0.65], (p=14, n=2, P=28, N=23)
2026-04-14 12:41:14,564 - INFO - Iteracja 4: condition_best: p1_polar <= 0.30, quality_best: 0.516, coverage_best: (p=13, n=2, P=28, N=23)
2026-04-14 12:41:14,564 - INFO - Regula po iteracji 4: IF p1_pi_doner <= 0.30 AND p1_flex <= 0.15 AND p1_size <= 0.34 AND p1_polar <= 0.70 AND p1_polar <= 0.30 THEN class = {0.59} [0.52, 0.65], (p=13, n=2, P=28, N=23)
2026-04-14 12:41:14,564 - INFO - *******STOP GROWING CR RULE*******
2026-04-14 12:41:14,564 - INFO - *******GROWING CR RULE*******
2026-04-14 12:41:14,572 - INFO - Iteracja 0: condition_best: p1_pi_doner <= 0.30, quality_best: 0.469, coverage_best: (p=18, n=4, P=29, N=22)
2026-04-14 12:41:14,572 - INFO - Regula po iteracji 0: IF p1_pi_doner <= 0.30 THEN class = {0.60} [0.53, 0.67], (p=18, n=4, P=29, N=22)
2026-04-14 12:41:14,577 - INFO - Iteracja 1: condition_best: p3_size <= 0.50, quality_best: 0.58, coverage_best: (p=18, n=3, P=27, N=24)
2026-04-14 12:41:14,577 - INFO - Regula po iteracji 1: IF p1_pi_doner <= 0.30 AND p3_size <= 0.50 THEN class = {0.59} [0.53, 0.65], (p=18, n=3, P=27, N=24)
2026-04-14 12:41:14,581 - INFO - Iteracja 2: condition_best: p1_size <= 0.66, quality_best: 0.639, coverage_best: (p=18, n=2, P=28, N=23)
2026-04-14 12:41:14,581 - INFO - Regula po iteracji 2: IF p1_pi_doner <= 0.30 AND p3_size <= 0.50 AND p1_size <= 0.66 THEN class = {0.59} [0.53, 0.65], (p=18, n=2, P=28, N=23)
2026-04-14 12:41:14,586 - INFO - Iteracja 3: condition_best: p2_polar >= 0.18, quality_best: 0.616, coverage_best: (p=17, n=2, P=28, N=23)
2026-04-14 12:41:14,586 - INFO - Regula po iteracji 3: IF p1_pi_doner <= 0.30 AND p3_size <= 0.50 AND p1_size <= 0.66 AND p2_polar >= 0.18 THEN class = {0.59} [0.53, 0.65], (p=17, n=2, P=28, N=23)
2026-04-14 12:41:14,591 - INFO - Iteracja 4: condition_best: p2_h_acceptor <= 0.70, quality_best: 0.592, coverage_best: (p=16, n=2, P=28, N=23)
2026-04-14 12:41:14,591 - INFO - Regula po iteracji 4: IF p1_pi_doner <= 0.30 AND p3_size <= 0.50 AND p1_size <= 0.66 AND p2_polar >= 0.18 AND p2_h_acceptor <= 0.70 THEN class = {0.59} [0.53, 0.65], (p=16, n=2, P=28, N=23)
2026-04-14 12:41:14,591 - INFO - *******STOP GROWING CR RULE*******
2026-04-14 12:41:14,591 - INFO - *******GROWING CR RULE*******
2026-04-14 12:41:14,598 - INFO - Iteracja 0: condition_best: p2_pi_doner <= 0.30, quality_best: 0.336, coverage_best: (p=22, n=8, P=29, N=22)
2026-04-14 12:41:14,599 - INFO - Regula po iteracji 0: IF p2_pi_doner <= 0.30 THEN class = {0.63} [0.54, 0.71], (p=22, n=8, P=29, N=22)
2026-04-14 12:41:14,604 - INFO - Iteracja 1: condition_best: p2_size <= 0.34, quality_best: 0.453, coverage_best: (p=20, n=5, P=29, N=22)
2026-04-14 12:41:14,604 - INFO - Regula po iteracji 1: IF p2_pi_doner <= 0.30 AND p2_size <= 0.34 THEN class = {0.62} [0.54, 0.70], (p=20, n=5, P=29, N=22)
2026-04-14 12:41:14,609 - INFO - Iteracja 2: condition_best: p1_polarisable <= 0.50, quality_best: 0.526, coverage_best: (p=19, n=3, P=31, N=20)
2026-04-14 12:41:14,609 - INFO - Regula po iteracji 2: IF p2_pi_doner <= 0.30 AND p2_size <= 0.34 AND p1_polarisable <= 0.50 THEN class = {0.62} [0.54, 0.70], (p=19, n=3, P=31, N=20)
2026-04-14 12:41:14,613 - INFO - Iteracja 3: condition_best: p1_pi_acceptor <= 0.30, quality_best: 0.482, coverage_best: (p=18, n=3, P=32, N=19)
2026-04-14 12:41:14,613 - INFO - Regula po iteracji 3: IF p2_pi_doner <= 0.30 AND p2_size <= 0.34 AND p1_polarisable <= 0.50 AND p1_pi_acceptor <= 0.30 THEN class = {0.62} [0.53, 0.70], (p=18, n=3, P=32, N=19)
2026-04-14 12:41:14,617 - INFO - Iteracja 4: condition_best: p2_polar >= 0.18, quality_best: 0.554, coverage_best: (p=18, n=2, P=33, N=18)
2026-04-14 12:41:14,618 - INFO - Regula po iteracji 4: IF p2_pi_doner <= 0.30 AND p2_size <= 0.34 AND p1_polarisable <= 0.50 AND p1_pi_acceptor <= 0.30 AND p2_polar >= 0.18 THEN class = {0.62} [0.53, 0.71], (p=18, n=2, P=33, N=18)
2026-04-14 12:41:14,618 - INFO - *******STOP GROWING CR RULE*******
2026-04-14 12:41:14,618 - INFO - *******GROWING CR RULE*******
2026-04-14 12:41:14,625 - INFO - Iteracja 0: condition_best: p3_size <= 0.23, quality_best: 0.299, coverage_best: (p=25, n=12, P=27, N=24)
2026-04-14 12:41:14,625 - INFO - Regula po iteracji 0: IF p3_size <= 0.23 THEN class = {0.62} [0.55, 0.69], (p=25, n=12, P=27, N=24)
2026-04-14 12:41:14,631 - INFO - Iteracja 1: condition_best: p3_polar >= 0.23, quality_best: 0.37, coverage_best: (p=26, n=10, P=28, N=23)
2026-04-14 12:41:14,631 - INFO - Regula po iteracji 1: IF p3_size <= 0.23 AND p3_polar >= 0.23 THEN class = {0.61} [0.54, 0.68], (p=26, n=10, P=28, N=23)
2026-04-14 12:41:14,636 - INFO - Iteracja 2: condition_best: p2_h_doner <= 0.70, quality_best: 0.414, coverage_best: (p=26, n=9, P=28, N=23)
2026-04-14 12:41:14,636 - INFO - Regula po iteracji 2: IF p3_size <= 0.23 AND p3_polar >= 0.23 AND p2_h_doner <= 0.70 THEN class = {0.61} [0.54, 0.68], (p=26, n=9, P=28, N=23)
2026-04-14 12:41:14,642 - INFO - Iteracja 3: condition_best: p1_polar <= 0.80, quality_best: 0.438, coverage_best: (p=25, n=8, P=28, N=23)
2026-04-14 12:41:14,642 - INFO - Regula po iteracji 3: IF p3_size <= 0.23 AND p3_polar >= 0.23 AND p2_h_doner <= 0.70 AND p1_polar <= 0.80 THEN class = {0.61} [0.54, 0.68], (p=25, n=8, P=28, N=23)
2026-04-14 12:41:14,647 - INFO - Iteracja 4: condition_best: p1_flex <= 0.85, quality_best: 0.464, coverage_best: (p=24, n=7, P=28, N=23)
2026-04-14 12:41:14,647 - INFO - Regula po iteracji 4: IF p3_size <= 0.23 AND p3_polar >= 0.23 AND p2_h_doner <= 0.70 AND p1_polar <= 0.80 AND p1_flex <= 0.85 THEN class = {0.61} [0.54, 0.68], (p=24, n=7, P=28, N=23)
2026-04-14 12:41:14,647 - INFO - *******STOP GROWING CR RULE*******
2026-04-14 12:41:14,647 - INFO - *******GROWING CR RULE*******
2026-04-14 12:41:14,654 - INFO - Iteracja 0: condition_best: p3_polarisable >= 0.50, quality_best: 1.0, coverage_best: (p=2, n=0, P=2, N=49)
2026-04-14 12:41:14,654 - INFO - Regula po iteracji 0: IF p3_polarisable >= 0.50 THEN class = {0.90} [0.89, 0.90], (p=2, n=0, P=2, N=49)
2026-04-14 12:41:14,656 - INFO - Iteracja 1: condition_best: p1_polar <= 0.40, quality_best: 1.0, coverage_best: (p=1, n=0, P=1, N=50)
2026-04-14 12:41:14,656 - INFO - Regula po iteracji 1: IF p3_polarisable >= 0.50 AND p1_polar <= 0.40 THEN class = {0.89} [0.89, 0.89], (p=1, n=0, P=1, N=50)
2026-04-14 12:41:14,656 - INFO - Iteracja 2: condition_best: None, quality_best: -inf, coverage_best: (p=0, n=0, P=0, N=0)
2026-04-14 12:41:14,656 - INFO - Regula po iteracji 2: IF p3_polarisable >= 0.50 AND p1_polar <= 0.40 THEN class = {0.89} [0.89, 0.89], (p=1, n=0, P=1, N=50)
2026-04-14 12:41:14,656 - INFO - *******STOP GROWING CR RULE*******
2026-04-14 12:41:14,661 - INFO - ************************Finished experiment for pyrim.arff with algorithm_rer************************
2026-04-14 12:41:14,661 - INFO - *************************************************************************************************************************
2026-04-14 12:41:14,661 - INFO - *************************************************************************************************************************
2026-04-14 12:41:14,661 - INFO - *************************************************************************************************************************
2026-04-14 12:41:14,662 - INFO - **********Starting experiment for pyrim.arff with algorithm_rer_with_exceptions**********
2026-04-14 12:41:14,665 - INFO - *******GROWING CR RULE*******
2026-04-14 12:41:14,675 - INFO - Iteracja 0: condition_best: p2_h_doner >= 0.70, quality_best: 0.572, coverage_best: (p=4, n=1, P=8, N=43)
2026-04-14 12:41:14,675 - INFO - Regula po iteracji 0: IF p2_h_doner >= 0.70 THEN class = {0.86} [0.79, 0.93], (p=4, n=1, P=8, N=43)
2026-04-14 12:41:14,675 - INFO - *****GROWING RR RULE*****
2026-04-14 12:41:14,689 - INFO - Iteracja 0: condition_best: None, quality_best: -inf, coverage_best: (p=0, n=0, P=0, N=0), p_value: 0
2026-04-14 12:41:14,689 - INFO - Regula po iteracji 0: IF  THEN class = {0.67} [0.56, 0.78], (p=36, n=15, P=36, N=15)
2026-04-14 12:41:14,689 - INFO - *****STOP GROWING RR RULE*****
2026-04-14 12:41:14,689 - INFO - ***RR NOT FOUND***
2026-04-14 12:41:14,691 - INFO - Iteracja 1: condition_best: None, quality_best: -inf, coverage_best: (p=0, n=0, P=0, N=0)
2026-04-14 12:41:14,691 - INFO - Regula po iteracji 1: IF p2_h_doner >= 0.70 THEN class = {0.86} [0.79, 0.93], (p=4, n=1, P=8, N=43)
2026-04-14 12:41:14,691 - INFO - *******STOP GROWING CR RULE*******
2026-04-14 12:41:14,692 - INFO - *******GROWING CR RULE*******
2026-04-14 12:41:14,699 - INFO - Iteracja 0: condition_best: p3_size >= 0.50, quality_best: 0.526, coverage_best: (p=6, n=2, P=11, N=40)
2026-04-14 12:41:14,699 - INFO - Regula po iteracji 0: IF p3_size >= 0.50 THEN class = {0.78} [0.72, 0.85], (p=6, n=2, P=11, N=40)
2026-04-14 12:41:14,699 - INFO - *****GROWING RR RULE*****
2026-04-14 12:41:14,713 - INFO - Iteracja 0: condition_best: None, quality_best: -inf, coverage_best: (p=0, n=0, P=0, N=0), p_value: 0
2026-04-14 12:41:14,713 - INFO - Regula po iteracji 0: IF  THEN class = {0.67} [0.56, 0.78], (p=36, n=15, P=36, N=15)
2026-04-14 12:41:14,713 - INFO - *****STOP GROWING RR RULE*****
2026-04-14 12:41:14,713 - INFO - ***RR NOT FOUND***
2026-04-14 12:41:14,716 - INFO - Iteracja 1: condition_best: p2_size >= 0.18, quality_best: 0.519, coverage_best: (p=4, n=2, P=6, N=45)
2026-04-14 12:41:14,716 - INFO - Regula po iteracji 1: IF p3_size >= 0.50 AND p2_size >= 0.18 THEN class = {0.80} [0.75, 0.84], (p=4, n=2, P=6, N=45)
2026-04-14 12:41:14,717 - INFO - *****GROWING RR RULE*****
2026-04-14 12:41:14,732 - INFO - Iteracja 0: condition_best: None, quality_best: -inf, coverage_best: (p=0, n=0, P=0, N=0), p_value: 0
2026-04-14 12:41:14,732 - INFO - Regula po iteracji 0: IF  THEN class = {0.67} [0.56, 0.78], (p=36, n=15, P=36, N=15)
2026-04-14 12:41:14,732 - INFO - *****STOP GROWING RR RULE*****
2026-04-14 12:41:14,733 - INFO - ***RR NOT FOUND***
2026-04-14 12:41:14,735 - INFO - Iteracja 2: condition_best: p1_polar >= 0.20, quality_best: 0.445, coverage_best: (p=3, n=2, P=5, N=46)
2026-04-14 12:41:14,735 - INFO - Regula po iteracji 2: IF p3_size >= 0.50 AND p2_size >= 0.18 AND p1_polar >= 0.20 THEN class = {0.81} [0.76, 0.85], (p=3, n=2, P=5, N=46)
2026-04-14 12:41:14,735 - INFO - *****GROWING RR RULE*****
2026-04-14 12:41:14,751 - INFO - Iteracja 0: condition_best: None, quality_best: -inf, coverage_best: (p=0, n=0, P=0, N=0), p_value: 0
2026-04-14 12:41:14,751 - INFO - Regula po iteracji 0: IF  THEN class = {0.67} [0.56, 0.78], (p=36, n=15, P=36, N=15)
2026-04-14 12:41:14,751 - INFO - *****STOP GROWING RR RULE*****
2026-04-14 12:41:14,751 - INFO - ***RR NOT FOUND***
2026-04-14 12:41:14,753 - INFO - Iteracja 3: condition_best: None, quality_best: -inf, coverage_best: (p=0, n=0, P=0, N=0)
2026-04-14 12:41:14,753 - INFO - Regula po iteracji 3: IF p3_size >= 0.50 AND p2_size >= 0.18 AND p1_polar >= 0.20 THEN class = {0.81} [0.76, 0.85], (p=3, n=2, P=5, N=46)
2026-04-14 12:41:14,753 - INFO - *******STOP GROWING CR RULE*******
2026-04-14 12:41:14,753 - INFO - *******GROWING CR RULE*******
2026-04-14 12:41:14,761 - INFO - Iteracja 0: condition_best: p1_pi_doner <= 0.30, quality_best: 0.469, coverage_best: (p=18, n=4, P=29, N=22)
2026-04-14 12:41:14,761 - INFO - Regula po iteracji 0: IF p1_pi_doner <= 0.30 THEN class = {0.60} [0.53, 0.67], (p=18, n=4, P=29, N=22)
2026-04-14 12:41:14,761 - INFO - *****GROWING RR RULE*****
2026-04-14 12:41:14,774 - INFO - Iteracja 0: condition_best: None, quality_best: -inf, coverage_best: (p=0, n=0, P=0, N=0), p_value: 0
2026-04-14 12:41:14,774 - INFO - Regula po iteracji 0: IF  THEN class = {0.67} [0.56, 0.78], (p=36, n=15, P=36, N=15)
2026-04-14 12:41:14,775 - INFO - *****STOP GROWING RR RULE*****
2026-04-14 12:41:14,775 - INFO - ***RR NOT FOUND***
2026-04-14 12:41:14,780 - INFO - Iteracja 1: condition_best: p1_flex <= 0.15, quality_best: 0.592, coverage_best: (p=16, n=2, P=28, N=23)
2026-04-14 12:41:14,780 - INFO - Regula po iteracji 1: IF p1_pi_doner <= 0.30 AND p1_flex <= 0.15 THEN class = {0.59} [0.53, 0.65], (p=16, n=2, P=28, N=23)
2026-04-14 12:41:14,780 - INFO - *****GROWING RR RULE*****
2026-04-14 12:41:14,793 - INFO - Iteracja 0: condition_best: None, quality_best: -inf, coverage_best: (p=0, n=0, P=0, N=0), p_value: 0
2026-04-14 12:41:14,793 - INFO - Regula po iteracji 0: IF  THEN class = {0.67} [0.56, 0.78], (p=36, n=15, P=36, N=15)
2026-04-14 12:41:14,794 - INFO - *****STOP GROWING RR RULE*****
2026-04-14 12:41:14,794 - INFO - ***RR NOT FOUND***
2026-04-14 12:41:14,798 - INFO - Iteracja 2: condition_best: p1_size <= 0.34, quality_best: 0.568, coverage_best: (p=15, n=2, P=28, N=23)
2026-04-14 12:41:14,798 - INFO - Regula po iteracji 2: IF p1_pi_doner <= 0.30 AND p1_flex <= 0.15 AND p1_size <= 0.34 THEN class = {0.59} [0.53, 0.65], (p=15, n=2, P=28, N=23)
2026-04-14 12:41:14,798 - INFO - *****GROWING RR RULE*****
2026-04-14 12:41:14,811 - INFO - Iteracja 0: condition_best: None, quality_best: -inf, coverage_best: (p=0, n=0, P=0, N=0), p_value: 0
2026-04-14 12:41:14,811 - INFO - Regula po iteracji 0: IF  THEN class = {0.67} [0.56, 0.78], (p=36, n=15, P=36, N=15)
2026-04-14 12:41:14,811 - INFO - *****STOP GROWING RR RULE*****
2026-04-14 12:41:14,812 - INFO - ***RR NOT FOUND***
2026-04-14 12:41:14,815 - INFO - Iteracja 3: condition_best: p1_polar <= 0.70, quality_best: 0.542, coverage_best: (p=14, n=2, P=28, N=23)
2026-04-14 12:41:14,815 - INFO - Regula po iteracji 3: IF p1_pi_doner <= 0.30 AND p1_flex <= 0.15 AND p1_size <= 0.34 AND p1_polar <= 0.70 THEN class = {0.59} [0.53, 0.65], (p=14, n=2, P=28, N=23)
2026-04-14 12:41:14,815 - INFO - *****GROWING RR RULE*****
2026-04-14 12:41:14,829 - INFO - Iteracja 0: condition_best: None, quality_best: -inf, coverage_best: (p=0, n=0, P=0, N=0), p_value: 0
2026-04-14 12:41:14,829 - INFO - Regula po iteracji 0: IF  THEN class = {0.67} [0.56, 0.78], (p=36, n=15, P=36, N=15)
2026-04-14 12:41:14,829 - INFO - *****STOP GROWING RR RULE*****
2026-04-14 12:41:14,829 - INFO - ***RR NOT FOUND***
2026-04-14 12:41:14,833 - INFO - Iteracja 4: condition_best: p1_polar <= 0.30, quality_best: 0.516, coverage_best: (p=13, n=2, P=28, N=23)
2026-04-14 12:41:14,833 - INFO - Regula po iteracji 4: IF p1_pi_doner <= 0.30 AND p1_flex <= 0.15 AND p1_size <= 0.34 AND p1_polar <= 0.70 AND p1_polar <= 0.30 THEN class = {0.59} [0.52, 0.65], (p=13, n=2, P=28, N=23)
2026-04-14 12:41:14,833 - INFO - *****GROWING RR RULE*****
2026-04-14 12:41:14,847 - INFO - Iteracja 0: condition_best: None, quality_best: -inf, coverage_best: (p=0, n=0, P=0, N=0), p_value: 0
2026-04-14 12:41:14,847 - INFO - Regula po iteracji 0: IF  THEN class = {0.67} [0.56, 0.78], (p=36, n=15, P=36, N=15)
2026-04-14 12:41:14,847 - INFO - *****STOP GROWING RR RULE*****
2026-04-14 12:41:14,847 - INFO - ***RR NOT FOUND***
2026-04-14 12:41:14,847 - INFO - *******STOP GROWING CR RULE*******
2026-04-14 12:41:14,847 - INFO - *******GROWING CR RULE*******
2026-04-14 12:41:14,855 - INFO - Iteracja 0: condition_best: p1_pi_doner <= 0.30, quality_best: 0.469, coverage_best: (p=18, n=4, P=29, N=22)
2026-04-14 12:41:14,855 - INFO - Regula po iteracji 0: IF p1_pi_doner <= 0.30 THEN class = {0.60} [0.53, 0.67], (p=18, n=4, P=29, N=22)
2026-04-14 12:41:14,855 - INFO - *****GROWING RR RULE*****
2026-04-14 12:41:14,868 - INFO - Iteracja 0: condition_best: None, quality_best: -inf, coverage_best: (p=0, n=0, P=0, N=0), p_value: 0
2026-04-14 12:41:14,868 - INFO - Regula po iteracji 0: IF  THEN class = {0.67} [0.56, 0.78], (p=36, n=15, P=36, N=15)
2026-04-14 12:41:14,868 - INFO - *****STOP GROWING RR RULE*****
2026-04-14 12:41:14,868 - INFO - ***RR NOT FOUND***
2026-04-14 12:41:14,873 - INFO - Iteracja 1: condition_best: p3_size <= 0.50, quality_best: 0.58, coverage_best: (p=18, n=3, P=27, N=24)
2026-04-14 12:41:14,873 - INFO - Regula po iteracji 1: IF p1_pi_doner <= 0.30 AND p3_size <= 0.50 THEN class = {0.59} [0.53, 0.65], (p=18, n=3, P=27, N=24)
2026-04-14 12:41:14,874 - INFO - *****GROWING RR RULE*****
2026-04-14 12:41:14,887 - INFO - Iteracja 0: condition_best: None, quality_best: -inf, coverage_best: (p=0, n=0, P=0, N=0), p_value: 0
2026-04-14 12:41:14,887 - INFO - Regula po iteracji 0: IF  THEN class = {0.67} [0.56, 0.78], (p=36, n=15, P=36, N=15)
2026-04-14 12:41:14,887 - INFO - *****STOP GROWING RR RULE*****
2026-04-14 12:41:14,887 - INFO - ***RR NOT FOUND***
2026-04-14 12:41:14,892 - INFO - Iteracja 2: condition_best: p1_size <= 0.66, quality_best: 0.639, coverage_best: (p=18, n=2, P=28, N=23)
2026-04-14 12:41:14,892 - INFO - Regula po iteracji 2: IF p1_pi_doner <= 0.30 AND p3_size <= 0.50 AND p1_size <= 0.66 THEN class = {0.59} [0.53, 0.65], (p=18, n=2, P=28, N=23)
2026-04-14 12:41:14,893 - INFO - *****GROWING RR RULE*****
2026-04-14 12:41:14,906 - INFO - Iteracja 0: condition_best: None, quality_best: -inf, coverage_best: (p=0, n=0, P=0, N=0), p_value: 0
2026-04-14 12:41:14,906 - INFO - Regula po iteracji 0: IF  THEN class = {0.67} [0.56, 0.78], (p=36, n=15, P=36, N=15)
2026-04-14 12:41:14,906 - INFO - *****STOP GROWING RR RULE*****
2026-04-14 12:41:14,906 - INFO - ***RR NOT FOUND***
2026-04-14 12:41:14,911 - INFO - Iteracja 3: condition_best: p2_polar >= 0.18, quality_best: 0.616, coverage_best: (p=17, n=2, P=28, N=23)
2026-04-14 12:41:14,911 - INFO - Regula po iteracji 3: IF p1_pi_doner <= 0.30 AND p3_size <= 0.50 AND p1_size <= 0.66 AND p2_polar >= 0.18 THEN class = {0.59} [0.53, 0.65], (p=17, n=2, P=28, N=23)
2026-04-14 12:41:14,911 - INFO - *****GROWING RR RULE*****
2026-04-14 12:41:14,925 - INFO - Iteracja 0: condition_best: None, quality_best: -inf, coverage_best: (p=0, n=0, P=0, N=0), p_value: 0
2026-04-14 12:41:14,925 - INFO - Regula po iteracji 0: IF  THEN class = {0.67} [0.56, 0.78], (p=36, n=15, P=36, N=15)
2026-04-14 12:41:14,925 - INFO - *****STOP GROWING RR RULE*****
2026-04-14 12:41:14,925 - INFO - ***RR NOT FOUND***
2026-04-14 12:41:14,930 - INFO - Iteracja 4: condition_best: p2_h_acceptor <= 0.70, quality_best: 0.592, coverage_best: (p=16, n=2, P=28, N=23)
2026-04-14 12:41:14,930 - INFO - Regula po iteracji 4: IF p1_pi_doner <= 0.30 AND p3_size <= 0.50 AND p1_size <= 0.66 AND p2_polar >= 0.18 AND p2_h_acceptor <= 0.70 THEN class = {0.59} [0.53, 0.65], (p=16, n=2, P=28, N=23)
2026-04-14 12:41:14,930 - INFO - *****GROWING RR RULE*****
2026-04-14 12:41:14,943 - INFO - Iteracja 0: condition_best: None, quality_best: -inf, coverage_best: (p=0, n=0, P=0, N=0), p_value: 0
2026-04-14 12:41:14,944 - INFO - Regula po iteracji 0: IF  THEN class = {0.67} [0.56, 0.78], (p=36, n=15, P=36, N=15)
2026-04-14 12:41:14,944 - INFO - *****STOP GROWING RR RULE*****
2026-04-14 12:41:14,944 - INFO - ***RR NOT FOUND***
2026-04-14 12:41:14,944 - INFO - *******STOP GROWING CR RULE*******
2026-04-14 12:41:14,944 - INFO - *******GROWING CR RULE*******
2026-04-14 12:41:14,951 - INFO - Iteracja 0: condition_best: p2_pi_doner <= 0.30, quality_best: 0.336, coverage_best: (p=22, n=8, P=29, N=22)
2026-04-14 12:41:14,951 - INFO - Regula po iteracji 0: IF p2_pi_doner <= 0.30 THEN class = {0.63} [0.54, 0.71], (p=22, n=8, P=29, N=22)
2026-04-14 12:41:14,952 - INFO - *****GROWING RR RULE*****
2026-04-14 12:41:14,965 - INFO - Iteracja 0: condition_best: None, quality_best: -inf, coverage_best: (p=0, n=0, P=0, N=0), p_value: 0
2026-04-14 12:41:14,965 - INFO - Regula po iteracji 0: IF  THEN class = {0.67} [0.56, 0.78], (p=36, n=15, P=36, N=15)
2026-04-14 12:41:14,965 - INFO - *****STOP GROWING RR RULE*****
2026-04-14 12:41:14,965 - INFO - ***RR NOT FOUND***
2026-04-14 12:41:14,971 - INFO - Iteracja 1: condition_best: p2_size <= 0.34, quality_best: 0.453, coverage_best: (p=20, n=5, P=29, N=22)
2026-04-14 12:41:14,971 - INFO - Regula po iteracji 1: IF p2_pi_doner <= 0.30 AND p2_size <= 0.34 THEN class = {0.62} [0.54, 0.70], (p=20, n=5, P=29, N=22)
2026-04-14 12:41:14,971 - INFO - *****GROWING RR RULE*****
2026-04-14 12:41:14,984 - INFO - Iteracja 0: condition_best: None, quality_best: -inf, coverage_best: (p=0, n=0, P=0, N=0), p_value: 0
2026-04-14 12:41:14,984 - INFO - Regula po iteracji 0: IF  THEN class = {0.67} [0.56, 0.78], (p=36, n=15, P=36, N=15)
2026-04-14 12:41:14,985 - INFO - *****STOP GROWING RR RULE*****
2026-04-14 12:41:14,985 - INFO - ***RR NOT FOUND***
2026-04-14 12:41:14,989 - INFO - Iteracja 2: condition_best: p1_polarisable <= 0.50, quality_best: 0.526, coverage_best: (p=19, n=3, P=31, N=20)
2026-04-14 12:41:14,989 - INFO - Regula po iteracji 2: IF p2_pi_doner <= 0.30 AND p2_size <= 0.34 AND p1_polarisable <= 0.50 THEN class = {0.62} [0.54, 0.70], (p=19, n=3, P=31, N=20)
2026-04-14 12:41:14,990 - INFO - *****GROWING RR RULE*****
2026-04-14 12:41:15,003 - INFO - Iteracja 0: condition_best: None, quality_best: -inf, coverage_best: (p=0, n=0, P=0, N=0), p_value: 0
2026-04-14 12:41:15,003 - INFO - Regula po iteracji 0: IF  THEN class = {0.67} [0.56, 0.78], (p=36, n=15, P=36, N=15)
2026-04-14 12:41:15,003 - INFO - *****STOP GROWING RR RULE*****
2026-04-14 12:41:15,003 - INFO - ***RR NOT FOUND***
2026-04-14 12:41:15,008 - INFO - Iteracja 3: condition_best: p1_pi_acceptor <= 0.30, quality_best: 0.482, coverage_best: (p=18, n=3, P=32, N=19)
2026-04-14 12:41:15,008 - INFO - Regula po iteracji 3: IF p2_pi_doner <= 0.30 AND p2_size <= 0.34 AND p1_polarisable <= 0.50 AND p1_pi_acceptor <= 0.30 THEN class = {0.62} [0.53, 0.70], (p=18, n=3, P=32, N=19)
2026-04-14 12:41:15,008 - INFO - *****GROWING RR RULE*****
2026-04-14 12:41:15,021 - INFO - Iteracja 0: condition_best: None, quality_best: -inf, coverage_best: (p=0, n=0, P=0, N=0), p_value: 0
2026-04-14 12:41:15,021 - INFO - Regula po iteracji 0: IF  THEN class = {0.67} [0.56, 0.78], (p=36, n=15, P=36, N=15)
2026-04-14 12:41:15,022 - INFO - *****STOP GROWING RR RULE*****
2026-04-14 12:41:15,022 - INFO - ***RR NOT FOUND***
2026-04-14 12:41:15,026 - INFO - Iteracja 4: condition_best: p2_polar >= 0.18, quality_best: 0.554, coverage_best: (p=18, n=2, P=33, N=18)
2026-04-14 12:41:15,026 - INFO - Regula po iteracji 4: IF p2_pi_doner <= 0.30 AND p2_size <= 0.34 AND p1_polarisable <= 0.50 AND p1_pi_acceptor <= 0.30 AND p2_polar >= 0.18 THEN class = {0.62} [0.53, 0.71], (p=18, n=2, P=33, N=18)
2026-04-14 12:41:15,026 - INFO - *****GROWING RR RULE*****
2026-04-14 12:41:15,040 - INFO - Iteracja 0: condition_best: None, quality_best: -inf, coverage_best: (p=0, n=0, P=0, N=0), p_value: 0
2026-04-14 12:41:15,040 - INFO - Regula po iteracji 0: IF  THEN class = {0.67} [0.56, 0.78], (p=36, n=15, P=36, N=15)
2026-04-14 12:41:15,040 - INFO - *****STOP GROWING RR RULE*****
2026-04-14 12:41:15,040 - INFO - ***RR NOT FOUND***
2026-04-14 12:41:15,040 - INFO - *******STOP GROWING CR RULE*******
2026-04-14 12:41:15,040 - INFO - *******GROWING CR RULE*******
2026-04-14 12:41:15,047 - INFO - Iteracja 0: condition_best: p3_size <= 0.23, quality_best: 0.299, coverage_best: (p=25, n=12, P=27, N=24)
2026-04-14 12:41:15,047 - INFO - Regula po iteracji 0: IF p3_size <= 0.23 THEN class = {0.62} [0.55, 0.69], (p=25, n=12, P=27, N=24)
2026-04-14 12:41:15,048 - INFO - *****GROWING RR RULE*****
2026-04-14 12:41:15,061 - INFO - Iteracja 0: condition_best: None, quality_best: -inf, coverage_best: (p=0, n=0, P=0, N=0), p_value: 0
2026-04-14 12:41:15,061 - INFO - Regula po iteracji 0: IF  THEN class = {0.67} [0.56, 0.78], (p=36, n=15, P=36, N=15)
2026-04-14 12:41:15,061 - INFO - *****STOP GROWING RR RULE*****
2026-04-14 12:41:15,061 - INFO - ***RR NOT FOUND***
2026-04-14 12:41:15,067 - INFO - Iteracja 1: condition_best: p3_polar >= 0.23, quality_best: 0.37, coverage_best: (p=26, n=10, P=28, N=23)
2026-04-14 12:41:15,067 - INFO - Regula po iteracji 1: IF p3_size <= 0.23 AND p3_polar >= 0.23 THEN class = {0.61} [0.54, 0.68], (p=26, n=10, P=28, N=23)
2026-04-14 12:41:15,067 - INFO - *****GROWING RR RULE*****
2026-04-14 12:41:15,080 - INFO - Iteracja 0: condition_best: None, quality_best: -inf, coverage_best: (p=0, n=0, P=0, N=0), p_value: 0
2026-04-14 12:41:15,080 - INFO - Regula po iteracji 0: IF  THEN class = {0.67} [0.56, 0.78], (p=36, n=15, P=36, N=15)
2026-04-14 12:41:15,081 - INFO - *****STOP GROWING RR RULE*****
2026-04-14 12:41:15,081 - INFO - ***RR NOT FOUND***
2026-04-14 12:41:15,086 - INFO - Iteracja 2: condition_best: p2_h_doner <= 0.70, quality_best: 0.414, coverage_best: (p=26, n=9, P=28, N=23)
2026-04-14 12:41:15,086 - INFO - Regula po iteracji 2: IF p3_size <= 0.23 AND p3_polar >= 0.23 AND p2_h_doner <= 0.70 THEN class = {0.61} [0.54, 0.68], (p=26, n=9, P=28, N=23)
2026-04-14 12:41:15,087 - INFO - *****GROWING RR RULE*****
2026-04-14 12:41:15,100 - INFO - Iteracja 0: condition_best: None, quality_best: -inf, coverage_best: (p=0, n=0, P=0, N=0), p_value: 0
2026-04-14 12:41:15,100 - INFO - Regula po iteracji 0: IF  THEN class = {0.67} [0.56, 0.78], (p=36, n=15, P=36, N=15)
2026-04-14 12:41:15,100 - INFO - *****STOP GROWING RR RULE*****
2026-04-14 12:41:15,100 - INFO - ***RR NOT FOUND***
2026-04-14 12:41:15,106 - INFO - Iteracja 3: condition_best: p1_polar <= 0.80, quality_best: 0.438, coverage_best: (p=25, n=8, P=28, N=23)
2026-04-14 12:41:15,106 - INFO - Regula po iteracji 3: IF p3_size <= 0.23 AND p3_polar >= 0.23 AND p2_h_doner <= 0.70 AND p1_polar <= 0.80 THEN class = {0.61} [0.54, 0.68], (p=25, n=8, P=28, N=23)
2026-04-14 12:41:15,106 - INFO - *****GROWING RR RULE*****
2026-04-14 12:41:15,119 - INFO - Iteracja 0: condition_best: None, quality_best: -inf, coverage_best: (p=0, n=0, P=0, N=0), p_value: 0
2026-04-14 12:41:15,119 - INFO - Regula po iteracji 0: IF  THEN class = {0.67} [0.56, 0.78], (p=36, n=15, P=36, N=15)
2026-04-14 12:41:15,119 - INFO - *****STOP GROWING RR RULE*****
2026-04-14 12:41:15,120 - INFO - ***RR NOT FOUND***
2026-04-14 12:41:15,125 - INFO - Iteracja 4: condition_best: p1_flex <= 0.85, quality_best: 0.464, coverage_best: (p=24, n=7, P=28, N=23)
2026-04-14 12:41:15,125 - INFO - Regula po iteracji 4: IF p3_size <= 0.23 AND p3_polar >= 0.23 AND p2_h_doner <= 0.70 AND p1_polar <= 0.80 AND p1_flex <= 0.85 THEN class = {0.61} [0.54, 0.68], (p=24, n=7, P=28, N=23)
2026-04-14 12:41:15,125 - INFO - *****GROWING RR RULE*****
2026-04-14 12:41:15,138 - INFO - Iteracja 0: condition_best: None, quality_best: -inf, coverage_best: (p=0, n=0, P=0, N=0), p_value: 0
2026-04-14 12:41:15,139 - INFO - Regula po iteracji 0: IF  THEN class = {0.67} [0.56, 0.78], (p=36, n=15, P=36, N=15)
2026-04-14 12:41:15,139 - INFO - *****STOP GROWING RR RULE*****
2026-04-14 12:41:15,139 - INFO - ***RR NOT FOUND***
2026-04-14 12:41:15,139 - INFO - *******STOP GROWING CR RULE*******
2026-04-14 12:41:15,139 - INFO - *******GROWING CR RULE*******
2026-04-14 12:41:15,146 - INFO - Iteracja 0: condition_best: p3_polarisable >= 0.50, quality_best: 1.0, coverage_best: (p=2, n=0, P=2, N=49)
2026-04-14 12:41:15,146 - INFO - Regula po iteracji 0: IF p3_polarisable >= 0.50 THEN class = {0.90} [0.89, 0.90], (p=2, n=0, P=2, N=49)
2026-04-14 12:41:15,146 - INFO - *****GROWING RR RULE*****
2026-04-14 12:41:15,160 - INFO - Iteracja 0: condition_best: None, quality_best: -inf, coverage_best: (p=0, n=0, P=0, N=0), p_value: 0
2026-04-14 12:41:15,160 - INFO - Regula po iteracji 0: IF  THEN class = {0.67} [0.56, 0.78], (p=36, n=15, P=36, N=15)
2026-04-14 12:41:15,160 - INFO - *****STOP GROWING RR RULE*****
2026-04-14 12:41:15,160 - INFO - ***RR NOT FOUND***
2026-04-14 12:41:15,161 - INFO - Iteracja 1: condition_best: p1_polar <= 0.40, quality_best: 1.0, coverage_best: (p=1, n=0, P=1, N=50)
2026-04-14 12:41:15,162 - INFO - Regula po iteracji 1: IF p3_polarisable >= 0.50 AND p1_polar <= 0.40 THEN class = {0.89} [0.89, 0.89], (p=1, n=0, P=1, N=50)
2026-04-14 12:41:15,162 - INFO - *****GROWING RR RULE*****
2026-04-14 12:41:15,175 - INFO - Iteracja 0: condition_best: None, quality_best: -inf, coverage_best: (p=0, n=0, P=0, N=0), p_value: 0
2026-04-14 12:41:15,175 - INFO - Regula po iteracji 0: IF  THEN class = {0.67} [0.56, 0.78], (p=36, n=15, P=36, N=15)
2026-04-14 12:41:15,176 - INFO - *****STOP GROWING RR RULE*****
2026-04-14 12:41:15,176 - INFO - ***RR NOT FOUND***
2026-04-14 12:41:15,176 - INFO - Iteracja 2: condition_best: None, quality_best: -inf, coverage_best: (p=0, n=0, P=0, N=0)
2026-04-14 12:41:15,176 - INFO - Regula po iteracji 2: IF p3_polarisable >= 0.50 AND p1_polar <= 0.40 THEN class = {0.89} [0.89, 0.89], (p=1, n=0, P=1, N=50)
2026-04-14 12:41:15,176 - INFO - *******STOP GROWING CR RULE*******
2026-04-14 12:41:15,181 - INFO - ************************Finished experiment for pyrim.arff with algorithm_rer_with_exceptions************************
2026-04-14 12:41:15,181 - INFO - *************************************************************************************************************************
2026-04-14 12:41:15,181 - INFO - *************************************************************************************************************************
2026-04-14 12:41:15,181 - INFO - *************************************************************************************************************************
2026-04-14 12:41:15,182 - INFO - **********Starting experiment for pyrim.arff with decision_tree**********
2026-04-14 12:41:15,201 - INFO - ************************Finished experiment for pyrim.arff with decision_tree************************
2026-04-14 12:41:15,201 - INFO - *************************************************************************************************************************
2026-04-14 12:41:15,201 - INFO - *************************************************************************************************************************
2026-04-14 12:41:15,201 - INFO - *************************************************************************************************************************
