2026-04-12 13:34:25,660 - INFO - **********Starting experiment for 16_bmt-ch.arff with algorithm**********
2026-04-12 13:34:25,677 - INFO - *******GROWING CR RULE*******
2026-04-12 13:34:30,600 - INFO - Iteracja 0: condition_best: PLTrecovery <= 500,142.50, quality_best: 1.0, coverage_best: (p=170, n=0, P=187, N=0)
2026-04-12 13:34:30,605 - INFO - Regula po iteracji 0: IF PLTrecovery <= 500,142.50 THEN survival_status = {nan}, (p=170, n=0, P=187, N=0)
2026-04-12 13:34:30,605 - INFO - *****GROWING RR RULE*****
2026-04-12 13:34:43,549 - INFO - Iteracja 0: condition_best: None, quality_best: -inf, coverage_best: (p=0, n=0, P=0, N=0), p_value: 0
2026-04-12 13:34:43,553 - INFO - Regula po iteracji 0: IF  THEN survival_status = {nan}, (p=187, n=0, P=187, N=0)
2026-04-12 13:34:43,553 - INFO - *****STOP GROWING RR RULE*****
2026-04-12 13:34:43,553 - INFO - ***RR NOT FOUND***
2026-04-12 13:34:48,362 - INFO - Iteracja 1: condition_best: Donorage <= 55.48, quality_best: 1.0, coverage_best: (p=169, n=0, P=187, N=0)
2026-04-12 13:34:48,367 - INFO - Regula po iteracji 1: IF PLTrecovery <= 500,142.50 AND Donorage <= 55.48 THEN survival_status = {inf}, (p=169, n=0, P=187, N=0)
2026-04-12 13:34:48,367 - INFO - *****GROWING RR RULE*****
2026-04-12 13:35:01,276 - INFO - Iteracja 0: condition_best: None, quality_best: -inf, coverage_best: (p=0, n=0, P=0, N=0), p_value: 0
2026-04-12 13:35:01,280 - INFO - Regula po iteracji 0: IF  THEN survival_status = {nan}, (p=187, n=0, P=187, N=0)
2026-04-12 13:35:01,280 - INFO - *****STOP GROWING RR RULE*****
2026-04-12 13:35:01,280 - INFO - ***RR NOT FOUND***
2026-04-12 13:35:06,205 - INFO - Iteracja 2: condition_best: Donorage <= 53.94, quality_best: 1.0, coverage_best: (p=168, n=0, P=187, N=0)
2026-04-12 13:35:06,210 - INFO - Regula po iteracji 2: IF PLTrecovery <= 500,142.50 AND Donorage <= 55.48 AND Donorage <= 53.94 THEN survival_status = {inf}, (p=168, n=0, P=187, N=0)
2026-04-12 13:35:06,210 - INFO - *****GROWING RR RULE*****
2026-04-12 13:35:19,083 - INFO - Iteracja 0: condition_best: None, quality_best: -inf, coverage_best: (p=0, n=0, P=0, N=0), p_value: 0
2026-04-12 13:35:19,086 - INFO - Regula po iteracji 0: IF  THEN survival_status = {nan}, (p=187, n=0, P=187, N=0)
2026-04-12 13:35:19,086 - INFO - *****STOP GROWING RR RULE*****
2026-04-12 13:35:19,086 - INFO - ***RR NOT FOUND***
2026-04-12 13:35:24,121 - INFO - Iteracja 3: condition_best: Donorage <= 52.23, quality_best: 1.0, coverage_best: (p=167, n=0, P=187, N=0)
2026-04-12 13:35:24,126 - INFO - Regula po iteracji 3: IF PLTrecovery <= 500,142.50 AND Donorage <= 55.48 AND Donorage <= 53.94 AND Donorage <= 52.23 THEN survival_status = {inf}, (p=167, n=0, P=187, N=0)
2026-04-12 13:35:24,126 - INFO - *****GROWING RR RULE*****
2026-04-12 13:35:36,993 - INFO - Iteracja 0: condition_best: None, quality_best: -inf, coverage_best: (p=0, n=0, P=0, N=0), p_value: 0
2026-04-12 13:35:36,997 - INFO - Regula po iteracji 0: IF  THEN survival_status = {nan}, (p=187, n=0, P=187, N=0)
2026-04-12 13:35:36,997 - INFO - *****STOP GROWING RR RULE*****
2026-04-12 13:35:36,997 - INFO - ***RR NOT FOUND***
2026-04-12 13:35:42,126 - INFO - Iteracja 4: condition_best: Donorage <= 50.93, quality_best: 1.0, coverage_best: (p=166, n=0, P=187, N=0)
2026-04-12 13:35:42,131 - INFO - Regula po iteracji 4: IF PLTrecovery <= 500,142.50 AND Donorage <= 55.48 AND Donorage <= 53.94 AND Donorage <= 52.23 AND Donorage <= 50.93 THEN survival_status = {inf}, (p=166, n=0, P=187, N=0)
2026-04-12 13:35:42,131 - INFO - *****GROWING RR RULE*****
2026-04-12 13:35:55,003 - INFO - Iteracja 0: condition_best: None, quality_best: -inf, coverage_best: (p=0, n=0, P=0, N=0), p_value: 0
2026-04-12 13:35:55,007 - INFO - Regula po iteracji 0: IF  THEN survival_status = {nan}, (p=187, n=0, P=187, N=0)
2026-04-12 13:35:55,008 - INFO - *****STOP GROWING RR RULE*****
2026-04-12 13:35:55,008 - INFO - ***RR NOT FOUND***
2026-04-12 13:35:55,008 - INFO - *******STOP GROWING CR RULE*******
2026-04-12 13:35:55,012 - INFO - *******GROWING CR RULE*******
2026-04-12 13:35:58,420 - INFO - Iteracja 0: condition_best: PLTrecovery >= 266.00, quality_best: 1.0, coverage_best: (p=18, n=0, P=187, N=0)
2026-04-12 13:35:58,425 - INFO - Regula po iteracji 0: IF PLTrecovery >= 266.00 THEN survival_status = {nan}, (p=18, n=0, P=187, N=0)
2026-04-12 13:35:58,426 - INFO - *****GROWING RR RULE*****
2026-04-12 13:36:07,973 - INFO - Iteracja 0: condition_best: None, quality_best: -inf, coverage_best: (p=0, n=0, P=0, N=0), p_value: 0
2026-04-12 13:36:07,976 - INFO - Regula po iteracji 0: IF  THEN survival_status = {nan}, (p=187, n=0, P=187, N=0)
2026-04-12 13:36:07,976 - INFO - *****STOP GROWING RR RULE*****
2026-04-12 13:36:07,976 - INFO - ***RR NOT FOUND***
2026-04-12 13:36:08,482 - INFO - Iteracja 1: condition_best: Txpostrelapse = {0}, quality_best: 1.0, coverage_best: (p=17, n=0, P=187, N=0)
2026-04-12 13:36:08,486 - INFO - Regula po iteracji 1: IF PLTrecovery >= 266.00 AND Txpostrelapse = {0} THEN survival_status = {42.0}, (p=17, n=0, P=187, N=0)
2026-04-12 13:36:08,486 - INFO - *****GROWING RR RULE*****
2026-04-12 13:36:18,015 - INFO - Iteracja 0: condition_best: None, quality_best: -inf, coverage_best: (p=0, n=0, P=0, N=0), p_value: 0
2026-04-12 13:36:18,019 - INFO - Regula po iteracji 0: IF  THEN survival_status = {nan}, (p=187, n=0, P=187, N=0)
2026-04-12 13:36:18,019 - INFO - *****STOP GROWING RR RULE*****
2026-04-12 13:36:18,019 - INFO - ***RR NOT FOUND***
2026-04-12 13:36:18,530 - INFO - Iteracja 2: condition_best: Relapse = {0}, quality_best: 1.0, coverage_best: (p=16, n=0, P=187, N=0)
2026-04-12 13:36:18,534 - INFO - Regula po iteracji 2: IF PLTrecovery >= 266.00 AND Txpostrelapse = {0} AND Relapse = {0} THEN survival_status = {42.0}, (p=16, n=0, P=187, N=0)
2026-04-12 13:36:18,534 - INFO - *****GROWING RR RULE*****
2026-04-12 13:36:28,015 - INFO - Iteracja 0: condition_best: None, quality_best: -inf, coverage_best: (p=0, n=0, P=0, N=0), p_value: 0
2026-04-12 13:36:28,018 - INFO - Regula po iteracji 0: IF  THEN survival_status = {nan}, (p=187, n=0, P=187, N=0)
2026-04-12 13:36:28,018 - INFO - *****STOP GROWING RR RULE*****
2026-04-12 13:36:28,018 - INFO - ***RR NOT FOUND***
2026-04-12 13:36:28,525 - INFO - Iteracja 3: condition_best: Gendermatch = {0}, quality_best: 1.0, coverage_best: (p=15, n=0, P=187, N=0)
2026-04-12 13:36:28,529 - INFO - Regula po iteracji 3: IF PLTrecovery >= 266.00 AND Txpostrelapse = {0} AND Relapse = {0} AND Gendermatch = {0} THEN survival_status = {41.0}, (p=15, n=0, P=187, N=0)
2026-04-12 13:36:28,529 - INFO - *****GROWING RR RULE*****
2026-04-12 13:36:37,931 - INFO - Iteracja 0: condition_best: None, quality_best: -inf, coverage_best: (p=0, n=0, P=0, N=0), p_value: 0
2026-04-12 13:36:37,935 - INFO - Regula po iteracji 0: IF  THEN survival_status = {nan}, (p=187, n=0, P=187, N=0)
2026-04-12 13:36:37,935 - INFO - *****STOP GROWING RR RULE*****
2026-04-12 13:36:37,935 - INFO - ***RR NOT FOUND***
2026-04-12 13:36:38,431 - INFO - Iteracja 4: condition_best: Donorage <= 48.50, quality_best: 1.0, coverage_best: (p=14, n=0, P=187, N=0)
2026-04-12 13:36:38,435 - INFO - Regula po iteracji 4: IF PLTrecovery >= 266.00 AND Txpostrelapse = {0} AND Relapse = {0} AND Gendermatch = {0} AND Donorage <= 48.50 THEN survival_status = {41.0}, (p=14, n=0, P=187, N=0)
2026-04-12 13:36:38,435 - INFO - *****GROWING RR RULE*****
2026-04-12 13:36:47,804 - INFO - Iteracja 0: condition_best: None, quality_best: -inf, coverage_best: (p=0, n=0, P=0, N=0), p_value: 0
2026-04-12 13:36:47,808 - INFO - Regula po iteracji 0: IF  THEN survival_status = {nan}, (p=187, n=0, P=187, N=0)
2026-04-12 13:36:47,808 - INFO - *****STOP GROWING RR RULE*****
2026-04-12 13:36:47,808 - INFO - ***RR NOT FOUND***
2026-04-12 13:36:47,808 - INFO - *******STOP GROWING CR RULE*******
2026-04-12 13:36:47,812 - INFO - *******GROWING CR RULE*******
2026-04-12 13:36:51,066 - INFO - Iteracja 0: condition_best: PLTrecovery <= 500,142.50, quality_best: 1.0, coverage_best: (p=170, n=0, P=187, N=0)
2026-04-12 13:36:51,070 - INFO - Regula po iteracji 0: IF PLTrecovery <= 500,142.50 THEN survival_status = {nan}, (p=170, n=0, P=187, N=0)
2026-04-12 13:36:51,070 - INFO - *****GROWING RR RULE*****
2026-04-12 13:37:03,999 - INFO - Iteracja 0: condition_best: None, quality_best: -inf, coverage_best: (p=0, n=0, P=0, N=0), p_value: 0
2026-04-12 13:37:04,003 - INFO - Regula po iteracji 0: IF  THEN survival_status = {nan}, (p=187, n=0, P=187, N=0)
2026-04-12 13:37:04,003 - INFO - *****STOP GROWING RR RULE*****
2026-04-12 13:37:04,003 - INFO - ***RR NOT FOUND***
2026-04-12 13:37:07,667 - INFO - Iteracja 1: condition_best: Donorage <= 55.48, quality_best: 1.0, coverage_best: (p=169, n=0, P=187, N=0)
2026-04-12 13:37:07,672 - INFO - Regula po iteracji 1: IF PLTrecovery <= 500,142.50 AND Donorage <= 55.48 THEN survival_status = {inf}, (p=169, n=0, P=187, N=0)
2026-04-12 13:37:07,672 - INFO - *****GROWING RR RULE*****
2026-04-12 13:37:20,595 - INFO - Iteracja 0: condition_best: None, quality_best: -inf, coverage_best: (p=0, n=0, P=0, N=0), p_value: 0
2026-04-12 13:37:20,599 - INFO - Regula po iteracji 0: IF  THEN survival_status = {nan}, (p=187, n=0, P=187, N=0)
2026-04-12 13:37:20,599 - INFO - *****STOP GROWING RR RULE*****
2026-04-12 13:37:20,599 - INFO - ***RR NOT FOUND***
2026-04-12 13:37:24,200 - INFO - Iteracja 2: condition_best: Donorage <= 53.94, quality_best: 1.0, coverage_best: (p=168, n=0, P=187, N=0)
2026-04-12 13:37:24,204 - INFO - Regula po iteracji 2: IF PLTrecovery <= 500,142.50 AND Donorage <= 55.48 AND Donorage <= 53.94 THEN survival_status = {inf}, (p=168, n=0, P=187, N=0)
2026-04-12 13:37:24,204 - INFO - *****GROWING RR RULE*****
2026-04-12 13:37:37,105 - INFO - Iteracja 0: condition_best: None, quality_best: -inf, coverage_best: (p=0, n=0, P=0, N=0), p_value: 0
2026-04-12 13:37:37,109 - INFO - Regula po iteracji 0: IF  THEN survival_status = {nan}, (p=187, n=0, P=187, N=0)
2026-04-12 13:37:37,109 - INFO - *****STOP GROWING RR RULE*****
2026-04-12 13:37:37,109 - INFO - ***RR NOT FOUND***
2026-04-12 13:37:40,827 - INFO - Iteracja 3: condition_best: Donorage <= 52.23, quality_best: 1.0, coverage_best: (p=167, n=0, P=187, N=0)
2026-04-12 13:37:40,831 - INFO - Regula po iteracji 3: IF PLTrecovery <= 500,142.50 AND Donorage <= 55.48 AND Donorage <= 53.94 AND Donorage <= 52.23 THEN survival_status = {inf}, (p=167, n=0, P=187, N=0)
2026-04-12 13:37:40,831 - INFO - *****GROWING RR RULE*****
2026-04-12 13:37:53,693 - INFO - Iteracja 0: condition_best: None, quality_best: -inf, coverage_best: (p=0, n=0, P=0, N=0), p_value: 0
2026-04-12 13:37:53,697 - INFO - Regula po iteracji 0: IF  THEN survival_status = {nan}, (p=187, n=0, P=187, N=0)
2026-04-12 13:37:53,697 - INFO - *****STOP GROWING RR RULE*****
2026-04-12 13:37:53,697 - INFO - ***RR NOT FOUND***
2026-04-12 13:37:57,528 - INFO - Iteracja 4: condition_best: Donorage <= 50.93, quality_best: 1.0, coverage_best: (p=166, n=0, P=187, N=0)
2026-04-12 13:37:57,533 - INFO - Regula po iteracji 4: IF PLTrecovery <= 500,142.50 AND Donorage <= 55.48 AND Donorage <= 53.94 AND Donorage <= 52.23 AND Donorage <= 50.93 THEN survival_status = {inf}, (p=166, n=0, P=187, N=0)
2026-04-12 13:37:57,533 - INFO - *****GROWING RR RULE*****
2026-04-12 13:38:10,394 - INFO - Iteracja 0: condition_best: None, quality_best: -inf, coverage_best: (p=0, n=0, P=0, N=0), p_value: 0
2026-04-12 13:38:10,398 - INFO - Regula po iteracji 0: IF  THEN survival_status = {nan}, (p=187, n=0, P=187, N=0)
2026-04-12 13:38:10,398 - INFO - *****STOP GROWING RR RULE*****
2026-04-12 13:38:10,398 - INFO - ***RR NOT FOUND***
2026-04-12 13:38:10,398 - INFO - *******STOP GROWING CR RULE*******
2026-04-12 13:38:10,411 - INFO - ************************Finished experiment for 16_bmt-ch.arff with algorithm************************
2026-04-12 13:38:10,411 - INFO - *************************************************************************************************************************
2026-04-12 13:38:10,411 - INFO - *************************************************************************************************************************
2026-04-12 13:38:10,411 - INFO - *************************************************************************************************************************
