2026-04-12 14:33:13,952 - INFO - **********Starting experiment for 24_pbc.arff with algorithm**********
2026-04-12 14:33:13,960 - INFO - *******GROWING CR RULE*******
2026-04-12 14:33:29,453 - INFO - Iteracja 0: condition_best: edema <= 0.75, quality_best: 1.0, coverage_best: (p=398, n=0, P=418, N=0)
2026-04-12 14:33:29,460 - INFO - Regula po iteracji 0: IF edema <= 0.75 THEN survival_status = {nan}, (p=398, n=0, P=418, N=0)
2026-04-12 14:33:29,460 - INFO - *****GROWING RR RULE*****
2026-04-12 14:34:15,518 - INFO - Iteracja 0: condition_best: None, quality_best: -inf, coverage_best: (p=0, n=0, P=0, N=0), p_value: 0
2026-04-12 14:34:15,523 - INFO - Regula po iteracji 0: IF  THEN survival_status = {nan}, (p=418, n=0, P=418, N=0)
2026-04-12 14:34:15,523 - INFO - *****STOP GROWING RR RULE*****
2026-04-12 14:34:15,523 - INFO - ***RR NOT FOUND***
2026-04-12 14:34:31,272 - INFO - Iteracja 1: condition_best: age <= 76.73, quality_best: 1.0, coverage_best: (p=397, n=0, P=418, N=0)
2026-04-12 14:34:31,279 - INFO - Regula po iteracji 1: IF edema <= 0.75 AND age <= 76.73 THEN survival_status = {3561.0}, (p=397, n=0, P=418, N=0)
2026-04-12 14:34:31,279 - INFO - *****GROWING RR RULE*****
2026-04-12 14:35:17,112 - INFO - Iteracja 0: condition_best: None, quality_best: -inf, coverage_best: (p=0, n=0, P=0, N=0), p_value: 0
2026-04-12 14:35:17,117 - INFO - Regula po iteracji 0: IF  THEN survival_status = {nan}, (p=418, n=0, P=418, N=0)
2026-04-12 14:35:17,117 - INFO - *****STOP GROWING RR RULE*****
2026-04-12 14:35:17,117 - INFO - ***RR NOT FOUND***
2026-04-12 14:35:32,844 - INFO - Iteracja 2: condition_best: age >= 27.58, quality_best: 1.0, coverage_best: (p=396, n=0, P=418, N=0)
2026-04-12 14:35:32,851 - INFO - Regula po iteracji 2: IF edema <= 0.75 AND age <= 76.73 AND age >= 27.58 THEN survival_status = {3561.0}, (p=396, n=0, P=418, N=0)
2026-04-12 14:35:32,851 - INFO - *****GROWING RR RULE*****
2026-04-12 14:36:18,666 - INFO - Iteracja 0: condition_best: None, quality_best: -inf, coverage_best: (p=0, n=0, P=0, N=0), p_value: 0
2026-04-12 14:36:18,671 - INFO - Regula po iteracji 0: IF  THEN survival_status = {nan}, (p=418, n=0, P=418, N=0)
2026-04-12 14:36:18,671 - INFO - *****STOP GROWING RR RULE*****
2026-04-12 14:36:18,671 - INFO - ***RR NOT FOUND***
2026-04-12 14:36:34,664 - INFO - Iteracja 3: condition_best: bili <= 26.75, quality_best: 1.0, coverage_best: (p=395, n=0, P=418, N=0)
2026-04-12 14:36:34,671 - INFO - Regula po iteracji 3: IF edema <= 0.75 AND age <= 76.73 AND age >= 27.58 AND bili <= 26.75 THEN survival_status = {3561.0}, (p=395, n=0, P=418, N=0)
2026-04-12 14:36:34,671 - INFO - *****GROWING RR RULE*****
2026-04-12 14:37:20,570 - INFO - Iteracja 0: condition_best: None, quality_best: -inf, coverage_best: (p=0, n=0, P=0, N=0), p_value: 0
2026-04-12 14:37:20,575 - INFO - Regula po iteracji 0: IF  THEN survival_status = {nan}, (p=418, n=0, P=418, N=0)
2026-04-12 14:37:20,575 - INFO - *****STOP GROWING RR RULE*****
2026-04-12 14:37:20,575 - INFO - ***RR NOT FOUND***
2026-04-12 14:37:36,862 - INFO - Iteracja 4: condition_best: bili <= 25.00, quality_best: 1.0, coverage_best: (p=394, n=0, P=418, N=0)
2026-04-12 14:37:36,869 - INFO - Regula po iteracji 4: IF edema <= 0.75 AND age <= 76.73 AND age >= 27.58 AND bili <= 26.75 AND bili <= 25.00 THEN survival_status = {3561.0}, (p=394, n=0, P=418, N=0)
2026-04-12 14:37:36,869 - INFO - *****GROWING RR RULE*****
2026-04-12 14:38:22,678 - INFO - Iteracja 0: condition_best: None, quality_best: -inf, coverage_best: (p=0, n=0, P=0, N=0), p_value: 0
2026-04-12 14:38:22,682 - INFO - Regula po iteracji 0: IF  THEN survival_status = {nan}, (p=418, n=0, P=418, N=0)
2026-04-12 14:38:22,683 - INFO - *****STOP GROWING RR RULE*****
2026-04-12 14:38:22,683 - INFO - ***RR NOT FOUND***
2026-04-12 14:38:22,683 - INFO - *******STOP GROWING CR RULE*******
2026-04-12 14:38:22,690 - INFO - *******GROWING CR RULE*******
2026-04-12 14:38:32,828 - INFO - Iteracja 0: condition_best: bili <= 13.90, quality_best: 1.0, coverage_best: (p=396, n=0, P=418, N=0)
2026-04-12 14:38:32,835 - INFO - Regula po iteracji 0: IF bili <= 13.90 THEN survival_status = {nan}, (p=396, n=0, P=418, N=0)
2026-04-12 14:38:32,835 - INFO - *****GROWING RR RULE*****
2026-04-12 14:39:18,961 - INFO - Iteracja 0: condition_best: None, quality_best: -inf, coverage_best: (p=0, n=0, P=0, N=0), p_value: 0
2026-04-12 14:39:18,965 - INFO - Regula po iteracji 0: IF  THEN survival_status = {nan}, (p=418, n=0, P=418, N=0)
2026-04-12 14:39:18,966 - INFO - *****STOP GROWING RR RULE*****
2026-04-12 14:39:18,966 - INFO - ***RR NOT FOUND***
2026-04-12 14:39:29,423 - INFO - Iteracja 1: condition_best: bili <= 13.70, quality_best: 1.0, coverage_best: (p=395, n=0, P=418, N=0)
2026-04-12 14:39:29,430 - INFO - Regula po iteracji 1: IF bili <= 13.90 AND bili <= 13.70 THEN survival_status = {3561.0}, (p=395, n=0, P=418, N=0)
2026-04-12 14:39:29,430 - INFO - *****GROWING RR RULE*****
2026-04-12 14:40:15,138 - INFO - Iteracja 0: condition_best: None, quality_best: -inf, coverage_best: (p=0, n=0, P=0, N=0), p_value: 0
2026-04-12 14:40:15,143 - INFO - Regula po iteracji 0: IF  THEN survival_status = {nan}, (p=418, n=0, P=418, N=0)
2026-04-12 14:40:15,143 - INFO - *****STOP GROWING RR RULE*****
2026-04-12 14:40:15,143 - INFO - ***RR NOT FOUND***
2026-04-12 14:40:25,808 - INFO - Iteracja 2: condition_best: age <= 77.57, quality_best: 1.0, coverage_best: (p=394, n=0, P=418, N=0)
2026-04-12 14:40:25,815 - INFO - Regula po iteracji 2: IF bili <= 13.90 AND bili <= 13.70 AND age <= 77.57 THEN survival_status = {3561.0}, (p=394, n=0, P=418, N=0)
2026-04-12 14:40:25,815 - INFO - *****GROWING RR RULE*****
2026-04-12 14:41:11,253 - INFO - Iteracja 0: condition_best: None, quality_best: -inf, coverage_best: (p=0, n=0, P=0, N=0), p_value: 0
2026-04-12 14:41:11,258 - INFO - Regula po iteracji 0: IF  THEN survival_status = {nan}, (p=418, n=0, P=418, N=0)
2026-04-12 14:41:11,258 - INFO - *****STOP GROWING RR RULE*****
2026-04-12 14:41:11,258 - INFO - ***RR NOT FOUND***
2026-04-12 14:41:22,202 - INFO - Iteracja 3: condition_best: age <= 75.86, quality_best: 1.0, coverage_best: (p=393, n=0, P=418, N=0)
2026-04-12 14:41:22,209 - INFO - Regula po iteracji 3: IF bili <= 13.90 AND bili <= 13.70 AND age <= 77.57 AND age <= 75.86 THEN survival_status = {3561.0}, (p=393, n=0, P=418, N=0)
2026-04-12 14:41:22,209 - INFO - *****GROWING RR RULE*****
2026-04-12 14:42:07,730 - INFO - Iteracja 0: condition_best: None, quality_best: -inf, coverage_best: (p=0, n=0, P=0, N=0), p_value: 0
2026-04-12 14:42:07,735 - INFO - Regula po iteracji 0: IF  THEN survival_status = {nan}, (p=418, n=0, P=418, N=0)
2026-04-12 14:42:07,735 - INFO - *****STOP GROWING RR RULE*****
2026-04-12 14:42:07,735 - INFO - ***RR NOT FOUND***
2026-04-12 14:42:19,032 - INFO - Iteracja 4: condition_best: age >= 27.58, quality_best: 1.0, coverage_best: (p=392, n=0, P=418, N=0)
2026-04-12 14:42:19,039 - INFO - Regula po iteracji 4: IF bili <= 13.90 AND bili <= 13.70 AND age <= 77.57 AND age <= 75.86 AND age >= 27.58 THEN survival_status = {3561.0}, (p=392, n=0, P=418, N=0)
2026-04-12 14:42:19,039 - INFO - *****GROWING RR RULE*****
2026-04-12 14:43:04,920 - INFO - Iteracja 0: condition_best: None, quality_best: -inf, coverage_best: (p=0, n=0, P=0, N=0), p_value: 0
2026-04-12 14:43:04,924 - INFO - Regula po iteracji 0: IF  THEN survival_status = {nan}, (p=418, n=0, P=418, N=0)
2026-04-12 14:43:04,924 - INFO - *****STOP GROWING RR RULE*****
2026-04-12 14:43:04,924 - INFO - ***RR NOT FOUND***
2026-04-12 14:43:04,924 - INFO - *******STOP GROWING CR RULE*******
2026-04-12 14:43:04,930 - INFO - *******GROWING CR RULE*******
2026-04-12 14:43:14,928 - INFO - Iteracja 0: condition_best: bili >= 1.05, quality_best: 1.0, coverage_best: (p=261, n=0, P=418, N=0)
2026-04-12 14:43:14,935 - INFO - Regula po iteracji 0: IF bili >= 1.05 THEN survival_status = {nan}, (p=261, n=0, P=418, N=0)
2026-04-12 14:43:14,935 - INFO - *****GROWING RR RULE*****
2026-04-12 14:43:55,175 - INFO - Iteracja 0: condition_best: albumin <= 3.55, quality_best: 1.0, coverage_best: (p=219, n=0, P=418, N=0), p_value: 0.999
2026-04-12 14:43:55,182 - INFO - Regula po iteracji 0: IF albumin <= 3.55 THEN survival_status = {nan}, (p=219, n=0, P=418, N=0)
2026-04-12 14:44:18,751 - INFO - Iteracja 1: condition_best: platelet >= 66.50, quality_best: 1.0, coverage_best: (p=216, n=0, P=418, N=0), p_value: 0.999
2026-04-12 14:44:18,758 - INFO - Regula po iteracji 1: IF albumin <= 3.55 AND platelet >= 66.50 THEN survival_status = {2297.0}, (p=216, n=0, P=418, N=0)
2026-04-12 14:44:42,197 - INFO - Iteracja 2: condition_best: None, quality_best: -inf, coverage_best: (p=0, n=0, P=0, N=0), p_value: 0.999
2026-04-12 14:44:42,204 - INFO - Regula po iteracji 2: IF albumin <= 3.55 AND platelet >= 66.50 THEN survival_status = {2297.0}, (p=216, n=0, P=418, N=0)
2026-04-12 14:44:42,204 - INFO - *****STOP GROWING RR RULE*****
2026-04-12 14:44:42,204 - INFO - ***RR FOUND***
2026-04-12 14:44:42,204 - INFO - Reference rule: IF albumin <= 3.55 THEN survival_status = {2297.0}
2026-04-12 14:44:42,204 - INFO - ***CHECKING EXCEPTION***
2026-04-12 14:44:42,208 - INFO - ER vs CR p_value: 0.024309075084166465
2026-04-12 14:44:42,208 - INFO - ER vs RR p_value: 0.032930025898995186
2026-04-12 14:44:42,228 - INFO - ***ER FOUND***
2026-04-12 14:44:42,228 - INFO - Exception rule: IF bili >= 1.05 AND albumin <= 3.55 THEN survival_status = {1536.0} (p=163, n=0, P=418, N=0)
2026-04-12 14:44:42,228 - INFO - *******STOP GROWING CR RULE*******
2026-04-12 14:44:42,234 - INFO - *******GROWING CR RULE*******
2026-04-12 14:44:52,035 - INFO - Iteracja 0: condition_best: edema <= 0.75, quality_best: 1.0, coverage_best: (p=398, n=0, P=418, N=0)
2026-04-12 14:44:52,042 - INFO - Regula po iteracji 0: IF edema <= 0.75 THEN survival_status = {nan}, (p=398, n=0, P=418, N=0)
2026-04-12 14:44:52,042 - INFO - *****GROWING RR RULE*****
2026-04-12 14:45:37,874 - INFO - Iteracja 0: condition_best: None, quality_best: -inf, coverage_best: (p=0, n=0, P=0, N=0), p_value: 0
2026-04-12 14:45:37,879 - INFO - Regula po iteracji 0: IF  THEN survival_status = {nan}, (p=418, n=0, P=418, N=0)
2026-04-12 14:45:37,879 - INFO - *****STOP GROWING RR RULE*****
2026-04-12 14:45:37,879 - INFO - ***RR NOT FOUND***
2026-04-12 14:45:48,011 - INFO - Iteracja 1: condition_best: age <= 76.73, quality_best: 1.0, coverage_best: (p=397, n=0, P=418, N=0)
2026-04-12 14:45:48,018 - INFO - Regula po iteracji 1: IF edema <= 0.75 AND age <= 76.73 THEN survival_status = {3561.0}, (p=397, n=0, P=418, N=0)
2026-04-12 14:45:48,018 - INFO - *****GROWING RR RULE*****
2026-04-12 14:46:33,630 - INFO - Iteracja 0: condition_best: None, quality_best: -inf, coverage_best: (p=0, n=0, P=0, N=0), p_value: 0
2026-04-12 14:46:33,634 - INFO - Regula po iteracji 0: IF  THEN survival_status = {nan}, (p=418, n=0, P=418, N=0)
2026-04-12 14:46:33,634 - INFO - *****STOP GROWING RR RULE*****
2026-04-12 14:46:33,634 - INFO - ***RR NOT FOUND***
2026-04-12 14:46:44,419 - INFO - Iteracja 2: condition_best: age >= 27.58, quality_best: 1.0, coverage_best: (p=396, n=0, P=418, N=0)
2026-04-12 14:46:44,426 - INFO - Regula po iteracji 2: IF edema <= 0.75 AND age <= 76.73 AND age >= 27.58 THEN survival_status = {3561.0}, (p=396, n=0, P=418, N=0)
2026-04-12 14:46:44,426 - INFO - *****GROWING RR RULE*****
2026-04-12 14:47:30,085 - INFO - Iteracja 0: condition_best: None, quality_best: -inf, coverage_best: (p=0, n=0, P=0, N=0), p_value: 0
2026-04-12 14:47:30,090 - INFO - Regula po iteracji 0: IF  THEN survival_status = {nan}, (p=418, n=0, P=418, N=0)
2026-04-12 14:47:30,090 - INFO - *****STOP GROWING RR RULE*****
2026-04-12 14:47:30,090 - INFO - ***RR NOT FOUND***
2026-04-12 14:47:40,799 - INFO - Iteracja 3: condition_best: bili <= 26.75, quality_best: 1.0, coverage_best: (p=395, n=0, P=418, N=0)
2026-04-12 14:47:40,805 - INFO - Regula po iteracji 3: IF edema <= 0.75 AND age <= 76.73 AND age >= 27.58 AND bili <= 26.75 THEN survival_status = {3561.0}, (p=395, n=0, P=418, N=0)
2026-04-12 14:47:40,806 - INFO - *****GROWING RR RULE*****
2026-04-12 14:48:26,281 - INFO - Iteracja 0: condition_best: None, quality_best: -inf, coverage_best: (p=0, n=0, P=0, N=0), p_value: 0
2026-04-12 14:48:26,286 - INFO - Regula po iteracji 0: IF  THEN survival_status = {nan}, (p=418, n=0, P=418, N=0)
2026-04-12 14:48:26,286 - INFO - *****STOP GROWING RR RULE*****
2026-04-12 14:48:26,286 - INFO - ***RR NOT FOUND***
2026-04-12 14:48:37,260 - INFO - Iteracja 4: condition_best: bili <= 25.00, quality_best: 1.0, coverage_best: (p=394, n=0, P=418, N=0)
2026-04-12 14:48:37,267 - INFO - Regula po iteracji 4: IF edema <= 0.75 AND age <= 76.73 AND age >= 27.58 AND bili <= 26.75 AND bili <= 25.00 THEN survival_status = {3561.0}, (p=394, n=0, P=418, N=0)
2026-04-12 14:48:37,267 - INFO - *****GROWING RR RULE*****
2026-04-12 14:49:22,718 - INFO - Iteracja 0: condition_best: None, quality_best: -inf, coverage_best: (p=0, n=0, P=0, N=0), p_value: 0
2026-04-12 14:49:22,722 - INFO - Regula po iteracji 0: IF  THEN survival_status = {nan}, (p=418, n=0, P=418, N=0)
2026-04-12 14:49:22,722 - INFO - *****STOP GROWING RR RULE*****
2026-04-12 14:49:22,722 - INFO - ***RR NOT FOUND***
2026-04-12 14:49:22,722 - INFO - *******STOP GROWING CR RULE*******
2026-04-12 14:49:22,875 - INFO - ************************Finished experiment for 24_pbc.arff with algorithm************************
2026-04-12 14:49:22,875 - INFO - *************************************************************************************************************************
2026-04-12 14:49:22,875 - INFO - *************************************************************************************************************************
2026-04-12 14:49:22,875 - INFO - *************************************************************************************************************************
