2026-04-14 12:00:42,325 - INFO - **********Starting experiment for cloud.arff with algorithm**********
2026-04-14 12:00:42,330 - INFO - *******GROWING CR RULE*******
2026-04-14 12:00:42,387 - INFO - Iteracja 0: condition_best: NWC <= 1.21, quality_best: 0.694, coverage_best: (p=36, n=1, P=71, N=37)
2026-04-14 12:00:42,387 - INFO - Regula po iteracji 0: IF NWC <= 1.21 THEN class = {0.55} [-0.24, 1.34], (p=36, n=1, P=71, N=37)
2026-04-14 12:00:42,387 - INFO - *****GROWING RR RULE*****
2026-04-14 12:00:42,458 - INFO - Iteracja 0: condition_best: None, quality_best: -inf, coverage_best: (p=0, n=0, P=0, N=0), p_value: 0
2026-04-14 12:00:42,459 - INFO - Regula po iteracji 0: IF  THEN class = {1.23} [0.16, 2.30], (p=86, n=22, P=86, N=22)
2026-04-14 12:00:42,459 - INFO - *****STOP GROWING RR RULE*****
2026-04-14 12:00:42,459 - INFO - ***RR NOT FOUND***
2026-04-14 12:00:42,472 - INFO - Iteracja 1: condition_best: NWC <= 1.17, quality_best: 0.691, coverage_best: (p=35, n=1, P=70, N=38)
2026-04-14 12:00:42,472 - INFO - Regula po iteracji 1: IF NWC <= 1.21 AND NWC <= 1.17 THEN class = {0.54} [-0.26, 1.33], (p=35, n=1, P=70, N=38)
2026-04-14 12:00:42,473 - INFO - *****GROWING RR RULE*****
2026-04-14 12:00:42,543 - INFO - Iteracja 0: condition_best: None, quality_best: -inf, coverage_best: (p=0, n=0, P=0, N=0), p_value: 0
2026-04-14 12:00:42,543 - INFO - Regula po iteracji 0: IF  THEN class = {1.23} [0.16, 2.30], (p=86, n=22, P=86, N=22)
2026-04-14 12:00:42,543 - INFO - *****STOP GROWING RR RULE*****
2026-04-14 12:00:42,543 - INFO - ***RR NOT FOUND***
2026-04-14 12:00:42,555 - INFO - Iteracja 2: condition_best: period <= 190.50, quality_best: 0.678, coverage_best: (p=34, n=1, P=71, N=37)
2026-04-14 12:00:42,555 - INFO - Regula po iteracji 2: IF NWC <= 1.21 AND NWC <= 1.17 AND period <= 190.50 THEN class = {0.55} [-0.25, 1.35], (p=34, n=1, P=71, N=37)
2026-04-14 12:00:42,556 - INFO - *****GROWING RR RULE*****
2026-04-14 12:00:42,626 - INFO - Iteracja 0: condition_best: None, quality_best: -inf, coverage_best: (p=0, n=0, P=0, N=0), p_value: 0
2026-04-14 12:00:42,626 - INFO - Regula po iteracji 0: IF  THEN class = {1.23} [0.16, 2.30], (p=86, n=22, P=86, N=22)
2026-04-14 12:00:42,626 - INFO - *****STOP GROWING RR RULE*****
2026-04-14 12:00:42,626 - INFO - ***RR NOT FOUND***
2026-04-14 12:00:42,638 - INFO - Iteracja 3: condition_best: NC <= 1.48, quality_best: 0.67, coverage_best: (p=33, n=1, P=71, N=37)
2026-04-14 12:00:42,638 - INFO - Regula po iteracji 3: IF NWC <= 1.21 AND NWC <= 1.17 AND period <= 190.50 AND NC <= 1.48 THEN class = {0.55} [-0.26, 1.36], (p=33, n=1, P=71, N=37)
2026-04-14 12:00:42,638 - INFO - *****GROWING RR RULE*****
2026-04-14 12:00:42,709 - INFO - Iteracja 0: condition_best: None, quality_best: -inf, coverage_best: (p=0, n=0, P=0, N=0), p_value: 0
2026-04-14 12:00:42,709 - INFO - Regula po iteracji 0: IF  THEN class = {1.23} [0.16, 2.30], (p=86, n=22, P=86, N=22)
2026-04-14 12:00:42,709 - INFO - *****STOP GROWING RR RULE*****
2026-04-14 12:00:42,710 - INFO - ***RR NOT FOUND***
2026-04-14 12:00:42,721 - INFO - Iteracja 4: condition_best: NC <= 1.45, quality_best: 0.661, coverage_best: (p=32, n=1, P=71, N=37)
2026-04-14 12:00:42,721 - INFO - Regula po iteracji 4: IF NWC <= 1.21 AND NWC <= 1.17 AND period <= 190.50 AND NC <= 1.48 AND NC <= 1.45 THEN class = {0.53} [-0.29, 1.35], (p=32, n=1, P=71, N=37)
2026-04-14 12:00:42,721 - INFO - *****GROWING RR RULE*****
2026-04-14 12:00:42,791 - INFO - Iteracja 0: condition_best: None, quality_best: -inf, coverage_best: (p=0, n=0, P=0, N=0), p_value: 0
2026-04-14 12:00:42,792 - INFO - Regula po iteracji 0: IF  THEN class = {1.23} [0.16, 2.30], (p=86, n=22, P=86, N=22)
2026-04-14 12:00:42,792 - INFO - *****STOP GROWING RR RULE*****
2026-04-14 12:00:42,792 - INFO - ***RR NOT FOUND***
2026-04-14 12:00:42,792 - INFO - *******STOP GROWING CR RULE*******
2026-04-14 12:00:42,793 - INFO - *******GROWING CR RULE*******
2026-04-14 12:00:42,830 - INFO - Iteracja 0: condition_best: SC >= 2.73, quality_best: 0.68, coverage_best: (p=6, n=2, P=7, N=101)
2026-04-14 12:00:42,830 - INFO - Regula po iteracji 0: IF SC >= 2.73 THEN class = {3.88} [2.58, 5.18], (p=6, n=2, P=7, N=101)
2026-04-14 12:00:42,830 - INFO - *****GROWING RR RULE*****
2026-04-14 12:00:42,900 - INFO - Iteracja 0: condition_best: None, quality_best: -inf, coverage_best: (p=0, n=0, P=0, N=0), p_value: 0
2026-04-14 12:00:42,900 - INFO - Regula po iteracji 0: IF  THEN class = {1.23} [0.16, 2.30], (p=86, n=22, P=86, N=22)
2026-04-14 12:00:42,900 - INFO - *****STOP GROWING RR RULE*****
2026-04-14 12:00:42,900 - INFO - ***RR NOT FOUND***
2026-04-14 12:00:42,904 - INFO - Iteracja 1: condition_best: period >= 30.00, quality_best: 0.595, coverage_best: (p=5, n=2, P=7, N=101)
2026-04-14 12:00:42,904 - INFO - Regula po iteracji 1: IF SC >= 2.73 AND period >= 30.00 THEN class = {3.95} [2.57, 5.32], (p=5, n=2, P=7, N=101)
2026-04-14 12:00:42,904 - INFO - *****GROWING RR RULE*****
2026-04-14 12:00:42,974 - INFO - Iteracja 0: condition_best: None, quality_best: -inf, coverage_best: (p=0, n=0, P=0, N=0), p_value: 0
2026-04-14 12:00:42,974 - INFO - Regula po iteracji 0: IF  THEN class = {1.23} [0.16, 2.30], (p=86, n=22, P=86, N=22)
2026-04-14 12:00:42,974 - INFO - *****STOP GROWING RR RULE*****
2026-04-14 12:00:42,974 - INFO - ***RR NOT FOUND***
2026-04-14 12:00:42,977 - INFO - Iteracja 2: condition_best: NC >= 1.78, quality_best: 0.417, coverage_best: (p=4, n=2, P=12, N=96)
2026-04-14 12:00:42,977 - INFO - Regula po iteracji 2: IF SC >= 2.73 AND period >= 30.00 AND NC >= 1.78 THEN class = {3.78} [2.36, 5.19], (p=4, n=2, P=12, N=96)
2026-04-14 12:00:42,977 - INFO - *****GROWING RR RULE*****
2026-04-14 12:00:43,046 - INFO - Iteracja 0: condition_best: None, quality_best: -inf, coverage_best: (p=0, n=0, P=0, N=0), p_value: 0
2026-04-14 12:00:43,047 - INFO - Regula po iteracji 0: IF  THEN class = {1.23} [0.16, 2.30], (p=86, n=22, P=86, N=22)
2026-04-14 12:00:43,047 - INFO - *****STOP GROWING RR RULE*****
2026-04-14 12:00:43,047 - INFO - ***RR NOT FOUND***
2026-04-14 12:00:43,049 - INFO - Iteracja 3: condition_best: period <= 186.50, quality_best: 0.409, coverage_best: (p=3, n=2, P=7, N=101)
2026-04-14 12:00:43,049 - INFO - Regula po iteracji 3: IF SC >= 2.73 AND period >= 30.00 AND NC >= 1.78 AND period <= 186.50 THEN class = {4.00} [2.55, 5.45], (p=3, n=2, P=7, N=101)
2026-04-14 12:00:43,050 - INFO - *****GROWING RR RULE*****
2026-04-14 12:00:43,119 - INFO - Iteracja 0: condition_best: None, quality_best: -inf, coverage_best: (p=0, n=0, P=0, N=0), p_value: 0
2026-04-14 12:00:43,120 - INFO - Regula po iteracji 0: IF  THEN class = {1.23} [0.16, 2.30], (p=86, n=22, P=86, N=22)
2026-04-14 12:00:43,120 - INFO - *****STOP GROWING RR RULE*****
2026-04-14 12:00:43,120 - INFO - ***RR NOT FOUND***
2026-04-14 12:00:43,122 - INFO - Iteracja 4: condition_best: None, quality_best: -inf, coverage_best: (p=0, n=0, P=0, N=0)
2026-04-14 12:00:43,122 - INFO - Regula po iteracji 4: IF SC >= 2.73 AND period >= 30.00 AND NC >= 1.78 AND period <= 186.50 THEN class = {4.00} [2.55, 5.45], (p=3, n=2, P=7, N=101)
2026-04-14 12:00:43,122 - INFO - *******STOP GROWING CR RULE*******
2026-04-14 12:00:43,123 - INFO - *******GROWING CR RULE*******
2026-04-14 12:00:43,160 - INFO - Iteracja 0: condition_best: NWC <= 1.69, quality_best: 0.669, coverage_best: (p=46, n=3, P=72, N=36)
2026-04-14 12:00:43,160 - INFO - Regula po iteracji 0: IF NWC <= 1.69 THEN class = {0.66} [-0.07, 1.39], (p=46, n=3, P=72, N=36)
2026-04-14 12:00:43,160 - INFO - *****GROWING RR RULE*****
2026-04-14 12:00:43,230 - INFO - Iteracja 0: condition_best: None, quality_best: -inf, coverage_best: (p=0, n=0, P=0, N=0), p_value: 0
2026-04-14 12:00:43,230 - INFO - Regula po iteracji 0: IF  THEN class = {1.23} [0.16, 2.30], (p=86, n=22, P=86, N=22)
2026-04-14 12:00:43,230 - INFO - *****STOP GROWING RR RULE*****
2026-04-14 12:00:43,230 - INFO - ***RR NOT FOUND***
2026-04-14 12:00:43,247 - INFO - Iteracja 1: condition_best: NC <= 1.88, quality_best: 0.715, coverage_best: (p=45, n=2, P=71, N=37)
2026-04-14 12:00:43,247 - INFO - Regula po iteracji 1: IF NWC <= 1.69 AND NC <= 1.88 THEN class = {0.63} [-0.10, 1.35], (p=45, n=2, P=71, N=37)
2026-04-14 12:00:43,247 - INFO - *****GROWING RR RULE*****
2026-04-14 12:00:43,317 - INFO - Iteracja 0: condition_best: None, quality_best: -inf, coverage_best: (p=0, n=0, P=0, N=0), p_value: 0
2026-04-14 12:00:43,317 - INFO - Regula po iteracji 0: IF  THEN class = {1.23} [0.16, 2.30], (p=86, n=22, P=86, N=22)
2026-04-14 12:00:43,317 - INFO - *****STOP GROWING RR RULE*****
2026-04-14 12:00:43,317 - INFO - ***RR NOT FOUND***
2026-04-14 12:00:43,333 - INFO - Iteracja 2: condition_best: period >= 12.50, quality_best: 0.75, coverage_best: (p=43, n=1, P=71, N=37)
2026-04-14 12:00:43,333 - INFO - Regula po iteracji 2: IF NWC <= 1.69 AND NC <= 1.88 AND period >= 12.50 THEN class = {0.61} [-0.13, 1.35], (p=43, n=1, P=71, N=37)
2026-04-14 12:00:43,333 - INFO - *****GROWING RR RULE*****
2026-04-14 12:00:43,403 - INFO - Iteracja 0: condition_best: None, quality_best: -inf, coverage_best: (p=0, n=0, P=0, N=0), p_value: 0
2026-04-14 12:00:43,403 - INFO - Regula po iteracji 0: IF  THEN class = {1.23} [0.16, 2.30], (p=86, n=22, P=86, N=22)
2026-04-14 12:00:43,403 - INFO - *****STOP GROWING RR RULE*****
2026-04-14 12:00:43,403 - INFO - ***RR NOT FOUND***
2026-04-14 12:00:43,418 - INFO - Iteracja 3: condition_best: period <= 193.50, quality_best: 0.742, coverage_best: (p=42, n=1, P=71, N=37)
2026-04-14 12:00:43,418 - INFO - Regula po iteracji 3: IF NWC <= 1.69 AND NC <= 1.88 AND period >= 12.50 AND period <= 193.50 THEN class = {0.60} [-0.14, 1.35], (p=42, n=1, P=71, N=37)
2026-04-14 12:00:43,418 - INFO - *****GROWING RR RULE*****
2026-04-14 12:00:43,624 - INFO - Iteracja 0: condition_best: None, quality_best: -inf, coverage_best: (p=0, n=0, P=0, N=0), p_value: 0
2026-04-14 12:00:43,624 - INFO - Regula po iteracji 0: IF  THEN class = {1.23} [0.16, 2.30], (p=86, n=22, P=86, N=22)
2026-04-14 12:00:43,624 - INFO - *****STOP GROWING RR RULE*****
2026-04-14 12:00:43,624 - INFO - ***RR NOT FOUND***
2026-04-14 12:00:43,639 - INFO - Iteracja 4: condition_best: NC <= 1.48, quality_best: 0.734, coverage_best: (p=41, n=1, P=71, N=37)
2026-04-14 12:00:43,639 - INFO - Regula po iteracji 4: IF NWC <= 1.69 AND NC <= 1.88 AND period >= 12.50 AND period <= 193.50 AND NC <= 1.48 THEN class = {0.60} [-0.15, 1.36], (p=41, n=1, P=71, N=37)
2026-04-14 12:00:43,639 - INFO - *****GROWING RR RULE*****
2026-04-14 12:00:43,709 - INFO - Iteracja 0: condition_best: None, quality_best: -inf, coverage_best: (p=0, n=0, P=0, N=0), p_value: 0
2026-04-14 12:00:43,709 - INFO - Regula po iteracji 0: IF  THEN class = {1.23} [0.16, 2.30], (p=86, n=22, P=86, N=22)
2026-04-14 12:00:43,709 - INFO - *****STOP GROWING RR RULE*****
2026-04-14 12:00:43,709 - INFO - ***RR NOT FOUND***
2026-04-14 12:00:43,709 - INFO - *******STOP GROWING CR RULE*******
2026-04-14 12:00:43,710 - INFO - *******GROWING CR RULE*******
2026-04-14 12:00:43,747 - INFO - Iteracja 0: condition_best: NWC <= 1.69, quality_best: 0.669, coverage_best: (p=46, n=3, P=72, N=36)
2026-04-14 12:00:43,747 - INFO - Regula po iteracji 0: IF NWC <= 1.69 THEN class = {0.66} [-0.07, 1.39], (p=46, n=3, P=72, N=36)
2026-04-14 12:00:43,747 - INFO - *****GROWING RR RULE*****
2026-04-14 12:00:43,817 - INFO - Iteracja 0: condition_best: None, quality_best: -inf, coverage_best: (p=0, n=0, P=0, N=0), p_value: 0
2026-04-14 12:00:43,817 - INFO - Regula po iteracji 0: IF  THEN class = {1.23} [0.16, 2.30], (p=86, n=22, P=86, N=22)
2026-04-14 12:00:43,817 - INFO - *****STOP GROWING RR RULE*****
2026-04-14 12:00:43,817 - INFO - ***RR NOT FOUND***
2026-04-14 12:00:43,833 - INFO - Iteracja 1: condition_best: SC >= 0.11, quality_best: 0.687, coverage_best: (p=44, n=2, P=74, N=34)
2026-04-14 12:00:43,833 - INFO - Regula po iteracji 1: IF NWC <= 1.69 AND SC >= 0.11 THEN class = {0.70} [-0.04, 1.43], (p=44, n=2, P=74, N=34)
2026-04-14 12:00:43,833 - INFO - *****GROWING RR RULE*****
2026-04-14 12:00:43,903 - INFO - Iteracja 0: condition_best: None, quality_best: -inf, coverage_best: (p=0, n=0, P=0, N=0), p_value: 0
2026-04-14 12:00:43,903 - INFO - Regula po iteracji 0: IF  THEN class = {1.23} [0.16, 2.30], (p=86, n=22, P=86, N=22)
2026-04-14 12:00:43,903 - INFO - *****STOP GROWING RR RULE*****
2026-04-14 12:00:43,903 - INFO - ***RR NOT FOUND***
2026-04-14 12:00:43,918 - INFO - Iteracja 2: condition_best: period <= 192.50, quality_best: 0.679, coverage_best: (p=43, n=2, P=74, N=34)
2026-04-14 12:00:43,918 - INFO - Regula po iteracji 2: IF NWC <= 1.69 AND SC >= 0.11 AND period <= 192.50 THEN class = {0.69} [-0.05, 1.43], (p=43, n=2, P=74, N=34)
2026-04-14 12:00:43,919 - INFO - *****GROWING RR RULE*****
2026-04-14 12:00:43,988 - INFO - Iteracja 0: condition_best: None, quality_best: -inf, coverage_best: (p=0, n=0, P=0, N=0), p_value: 0
2026-04-14 12:00:43,988 - INFO - Regula po iteracji 0: IF  THEN class = {1.23} [0.16, 2.30], (p=86, n=22, P=86, N=22)
2026-04-14 12:00:43,989 - INFO - *****STOP GROWING RR RULE*****
2026-04-14 12:00:43,989 - INFO - ***RR NOT FOUND***
2026-04-14 12:00:44,003 - INFO - Iteracja 3: condition_best: period <= 190.00, quality_best: 0.671, coverage_best: (p=42, n=2, P=74, N=34)
2026-04-14 12:00:44,004 - INFO - Regula po iteracji 3: IF NWC <= 1.69 AND SC >= 0.11 AND period <= 192.50 AND period <= 190.00 THEN class = {0.68} [-0.06, 1.43], (p=42, n=2, P=74, N=34)
2026-04-14 12:00:44,004 - INFO - *****GROWING RR RULE*****
2026-04-14 12:00:44,073 - INFO - Iteracja 0: condition_best: None, quality_best: -inf, coverage_best: (p=0, n=0, P=0, N=0), p_value: 0
2026-04-14 12:00:44,073 - INFO - Regula po iteracji 0: IF  THEN class = {1.23} [0.16, 2.30], (p=86, n=22, P=86, N=22)
2026-04-14 12:00:44,073 - INFO - *****STOP GROWING RR RULE*****
2026-04-14 12:00:44,073 - INFO - ***RR NOT FOUND***
2026-04-14 12:00:44,088 - INFO - Iteracja 4: condition_best: period <= 188.50, quality_best: 0.662, coverage_best: (p=41, n=2, P=74, N=34)
2026-04-14 12:00:44,088 - INFO - Regula po iteracji 4: IF NWC <= 1.69 AND SC >= 0.11 AND period <= 192.50 AND period <= 190.00 AND period <= 188.50 THEN class = {0.68} [-0.07, 1.44], (p=41, n=2, P=74, N=34)
2026-04-14 12:00:44,089 - INFO - *****GROWING RR RULE*****
2026-04-14 12:00:44,158 - INFO - Iteracja 0: condition_best: None, quality_best: -inf, coverage_best: (p=0, n=0, P=0, N=0), p_value: 0
2026-04-14 12:00:44,158 - INFO - Regula po iteracji 0: IF  THEN class = {1.23} [0.16, 2.30], (p=86, n=22, P=86, N=22)
2026-04-14 12:00:44,159 - INFO - *****STOP GROWING RR RULE*****
2026-04-14 12:00:44,159 - INFO - ***RR NOT FOUND***
2026-04-14 12:00:44,159 - INFO - *******STOP GROWING CR RULE*******
2026-04-14 12:00:44,159 - INFO - *******GROWING CR RULE*******
2026-04-14 12:00:44,196 - INFO - Iteracja 0: condition_best: NWC <= 2.17, quality_best: 0.642, coverage_best: (p=54, n=5, P=73, N=35)
2026-04-14 12:00:44,196 - INFO - Regula po iteracji 0: IF NWC <= 2.17 THEN class = {0.70} [-0.00, 1.41], (p=54, n=5, P=73, N=35)
2026-04-14 12:00:44,196 - INFO - *****GROWING RR RULE*****
2026-04-14 12:00:44,266 - INFO - Iteracja 0: condition_best: None, quality_best: -inf, coverage_best: (p=0, n=0, P=0, N=0), p_value: 0
2026-04-14 12:00:44,266 - INFO - Regula po iteracji 0: IF  THEN class = {1.23} [0.16, 2.30], (p=86, n=22, P=86, N=22)
2026-04-14 12:00:44,266 - INFO - *****STOP GROWING RR RULE*****
2026-04-14 12:00:44,266 - INFO - ***RR NOT FOUND***
2026-04-14 12:00:44,286 - INFO - Iteracja 1: condition_best: NC <= 1.99, quality_best: 0.728, coverage_best: (p=52, n=3, P=71, N=37)
2026-04-14 12:00:44,286 - INFO - Regula po iteracji 1: IF NWC <= 2.17 AND NC <= 1.99 THEN class = {0.65} [-0.04, 1.34], (p=52, n=3, P=71, N=37)
2026-04-14 12:00:44,286 - INFO - *****GROWING RR RULE*****
2026-04-14 12:00:44,356 - INFO - Iteracja 0: condition_best: None, quality_best: -inf, coverage_best: (p=0, n=0, P=0, N=0), p_value: 0
2026-04-14 12:00:44,357 - INFO - Regula po iteracji 0: IF  THEN class = {1.23} [0.16, 2.30], (p=86, n=22, P=86, N=22)
2026-04-14 12:00:44,357 - INFO - *****STOP GROWING RR RULE*****
2026-04-14 12:00:44,357 - INFO - ***RR NOT FOUND***
2026-04-14 12:00:44,375 - INFO - Iteracja 2: condition_best: period >= 12.50, quality_best: 0.748, coverage_best: (p=49, n=2, P=71, N=37)
2026-04-14 12:00:44,375 - INFO - Regula po iteracji 2: IF NWC <= 2.17 AND NC <= 1.99 AND period >= 12.50 THEN class = {0.64} [-0.07, 1.35], (p=49, n=2, P=71, N=37)
2026-04-14 12:00:44,375 - INFO - *****GROWING RR RULE*****
2026-04-14 12:00:44,445 - INFO - Iteracja 0: condition_best: None, quality_best: -inf, coverage_best: (p=0, n=0, P=0, N=0), p_value: 0
2026-04-14 12:00:44,445 - INFO - Regula po iteracji 0: IF  THEN class = {1.23} [0.16, 2.30], (p=86, n=22, P=86, N=22)
2026-04-14 12:00:44,445 - INFO - *****STOP GROWING RR RULE*****
2026-04-14 12:00:44,445 - INFO - ***RR NOT FOUND***
2026-04-14 12:00:44,462 - INFO - Iteracja 3: condition_best: period <= 193.50, quality_best: 0.74, coverage_best: (p=48, n=2, P=71, N=37)
2026-04-14 12:00:44,463 - INFO - Regula po iteracji 3: IF NWC <= 2.17 AND NC <= 1.99 AND period >= 12.50 AND period <= 193.50 THEN class = {0.63} [-0.08, 1.35], (p=48, n=2, P=71, N=37)
2026-04-14 12:00:44,463 - INFO - *****GROWING RR RULE*****
2026-04-14 12:00:44,533 - INFO - Iteracja 0: condition_best: None, quality_best: -inf, coverage_best: (p=0, n=0, P=0, N=0), p_value: 0
2026-04-14 12:00:44,533 - INFO - Regula po iteracji 0: IF  THEN class = {1.23} [0.16, 2.30], (p=86, n=22, P=86, N=22)
2026-04-14 12:00:44,533 - INFO - *****STOP GROWING RR RULE*****
2026-04-14 12:00:44,534 - INFO - ***RR NOT FOUND***
2026-04-14 12:00:44,550 - INFO - Iteracja 4: condition_best: period >= 13.50, quality_best: 0.732, coverage_best: (p=47, n=2, P=71, N=37)
2026-04-14 12:00:44,550 - INFO - Regula po iteracji 4: IF NWC <= 2.17 AND NC <= 1.99 AND period >= 12.50 AND period <= 193.50 AND period >= 13.50 THEN class = {0.64} [-0.08, 1.36], (p=47, n=2, P=71, N=37)
2026-04-14 12:00:44,551 - INFO - *****GROWING RR RULE*****
2026-04-14 12:00:44,625 - INFO - Iteracja 0: condition_best: None, quality_best: -inf, coverage_best: (p=0, n=0, P=0, N=0), p_value: 0
2026-04-14 12:00:44,625 - INFO - Regula po iteracji 0: IF  THEN class = {1.23} [0.16, 2.30], (p=86, n=22, P=86, N=22)
2026-04-14 12:00:44,625 - INFO - *****STOP GROWING RR RULE*****
2026-04-14 12:00:44,625 - INFO - ***RR NOT FOUND***
2026-04-14 12:00:44,625 - INFO - *******STOP GROWING CR RULE*******
2026-04-14 12:00:44,626 - INFO - *******GROWING CR RULE*******
2026-04-14 12:00:44,663 - INFO - Iteracja 0: condition_best: NWC <= 2.19, quality_best: 0.633, coverage_best: (p=55, n=6, P=71, N=37)
2026-04-14 12:00:44,663 - INFO - Regula po iteracji 0: IF NWC <= 2.19 THEN class = {0.71} [0.01, 1.41], (p=55, n=6, P=71, N=37)
2026-04-14 12:00:44,663 - INFO - *****GROWING RR RULE*****
2026-04-14 12:00:44,734 - INFO - Iteracja 0: condition_best: None, quality_best: -inf, coverage_best: (p=0, n=0, P=0, N=0), p_value: 0
2026-04-14 12:00:44,734 - INFO - Regula po iteracji 0: IF  THEN class = {1.23} [0.16, 2.30], (p=86, n=22, P=86, N=22)
2026-04-14 12:00:44,734 - INFO - *****STOP GROWING RR RULE*****
2026-04-14 12:00:44,734 - INFO - ***RR NOT FOUND***
2026-04-14 12:00:44,754 - INFO - Iteracja 1: condition_best: SC >= 0.06, quality_best: 0.703, coverage_best: (p=55, n=4, P=72, N=36)
2026-04-14 12:00:44,754 - INFO - Regula po iteracji 1: IF NWC <= 2.19 AND SC >= 0.06 THEN class = {0.73} [0.04, 1.43], (p=55, n=4, P=72, N=36)
2026-04-14 12:00:44,754 - INFO - *****GROWING RR RULE*****
2026-04-14 12:00:44,824 - INFO - Iteracja 0: condition_best: None, quality_best: -inf, coverage_best: (p=0, n=0, P=0, N=0), p_value: 0
2026-04-14 12:00:44,825 - INFO - Regula po iteracji 0: IF  THEN class = {1.23} [0.16, 2.30], (p=86, n=22, P=86, N=22)
2026-04-14 12:00:44,825 - INFO - *****STOP GROWING RR RULE*****
2026-04-14 12:00:44,825 - INFO - ***RR NOT FOUND***
2026-04-14 12:00:44,844 - INFO - Iteracja 2: condition_best: period <= 192.50, quality_best: 0.694, coverage_best: (p=54, n=4, P=72, N=36)
2026-04-14 12:00:44,844 - INFO - Regula po iteracji 2: IF NWC <= 2.19 AND SC >= 0.06 AND period <= 192.50 THEN class = {0.73} [0.03, 1.43], (p=54, n=4, P=72, N=36)
2026-04-14 12:00:44,845 - INFO - *****GROWING RR RULE*****
2026-04-14 12:00:44,915 - INFO - Iteracja 0: condition_best: None, quality_best: -inf, coverage_best: (p=0, n=0, P=0, N=0), p_value: 0
2026-04-14 12:00:44,915 - INFO - Regula po iteracji 0: IF  THEN class = {1.23} [0.16, 2.30], (p=86, n=22, P=86, N=22)
2026-04-14 12:00:44,915 - INFO - *****STOP GROWING RR RULE*****
2026-04-14 12:00:44,915 - INFO - ***RR NOT FOUND***
2026-04-14 12:00:44,934 - INFO - Iteracja 3: condition_best: period >= 2.50, quality_best: 0.685, coverage_best: (p=53, n=4, P=72, N=36)
2026-04-14 12:00:44,934 - INFO - Regula po iteracji 3: IF NWC <= 2.19 AND SC >= 0.06 AND period <= 192.50 AND period >= 2.50 THEN class = {0.73} [0.02, 1.44], (p=53, n=4, P=72, N=36)
2026-04-14 12:00:44,935 - INFO - *****GROWING RR RULE*****
2026-04-14 12:00:45,005 - INFO - Iteracja 0: condition_best: None, quality_best: -inf, coverage_best: (p=0, n=0, P=0, N=0), p_value: 0
2026-04-14 12:00:45,005 - INFO - Regula po iteracji 0: IF  THEN class = {1.23} [0.16, 2.30], (p=86, n=22, P=86, N=22)
2026-04-14 12:00:45,005 - INFO - *****STOP GROWING RR RULE*****
2026-04-14 12:00:45,005 - INFO - ***RR NOT FOUND***
2026-04-14 12:00:45,025 - INFO - Iteracja 4: condition_best: period <= 190.00, quality_best: 0.667, coverage_best: (p=52, n=4, P=73, N=35)
2026-04-14 12:00:45,025 - INFO - Regula po iteracji 4: IF NWC <= 2.19 AND SC >= 0.06 AND period <= 192.50 AND period >= 2.50 AND period <= 190.00 THEN class = {0.72} [0.01, 1.43], (p=52, n=4, P=73, N=35)
2026-04-14 12:00:45,025 - INFO - *****GROWING RR RULE*****
2026-04-14 12:00:45,095 - INFO - Iteracja 0: condition_best: None, quality_best: -inf, coverage_best: (p=0, n=0, P=0, N=0), p_value: 0
2026-04-14 12:00:45,095 - INFO - Regula po iteracji 0: IF  THEN class = {1.23} [0.16, 2.30], (p=86, n=22, P=86, N=22)
2026-04-14 12:00:45,095 - INFO - *****STOP GROWING RR RULE*****
2026-04-14 12:00:45,095 - INFO - ***RR NOT FOUND***
2026-04-14 12:00:45,095 - INFO - *******STOP GROWING CR RULE*******
2026-04-14 12:00:45,096 - INFO - *******GROWING CR RULE*******
2026-04-14 12:00:45,132 - INFO - Iteracja 0: condition_best: SC >= 1.42, quality_best: 0.619, coverage_best: (p=31, n=6, P=44, N=64)
2026-04-14 12:00:45,132 - INFO - Regula po iteracji 0: IF SC >= 1.42 THEN class = {2.24} [1.07, 3.41], (p=31, n=6, P=44, N=64)
2026-04-14 12:00:45,133 - INFO - *****GROWING RR RULE*****
2026-04-14 12:00:45,202 - INFO - Iteracja 0: condition_best: None, quality_best: -inf, coverage_best: (p=0, n=0, P=0, N=0), p_value: 0
2026-04-14 12:00:45,203 - INFO - Regula po iteracji 0: IF  THEN class = {1.23} [0.16, 2.30], (p=86, n=22, P=86, N=22)
2026-04-14 12:00:45,203 - INFO - *****STOP GROWING RR RULE*****
2026-04-14 12:00:45,203 - INFO - ***RR NOT FOUND***
2026-04-14 12:00:45,217 - INFO - Iteracja 1: condition_best: NC >= 1.49, quality_best: 0.674, coverage_best: (p=21, n=4, P=29, N=79)
2026-04-14 12:00:45,218 - INFO - Regula po iteracji 1: IF SC >= 1.42 AND NC >= 1.49 THEN class = {2.55} [1.45, 3.65], (p=21, n=4, P=29, N=79)
2026-04-14 12:00:45,218 - INFO - *****GROWING RR RULE*****
2026-04-14 12:00:45,292 - INFO - Iteracja 0: condition_best: None, quality_best: -inf, coverage_best: (p=0, n=0, P=0, N=0), p_value: 0
2026-04-14 12:00:45,292 - INFO - Regula po iteracji 0: IF  THEN class = {1.23} [0.16, 2.30], (p=86, n=22, P=86, N=22)
2026-04-14 12:00:45,292 - INFO - *****STOP GROWING RR RULE*****
2026-04-14 12:00:45,292 - INFO - ***RR NOT FOUND***
2026-04-14 12:00:45,302 - INFO - Iteracja 2: condition_best: SC >= 1.52, quality_best: 0.715, coverage_best: (p=21, n=3, P=29, N=79)
2026-04-14 12:00:45,302 - INFO - Regula po iteracji 2: IF SC >= 1.42 AND NC >= 1.49 AND SC >= 1.52 THEN class = {2.61} [1.52, 3.69], (p=21, n=3, P=29, N=79)
2026-04-14 12:00:45,302 - INFO - *****GROWING RR RULE*****
2026-04-14 12:00:45,372 - INFO - Iteracja 0: condition_best: None, quality_best: -inf, coverage_best: (p=0, n=0, P=0, N=0), p_value: 0
2026-04-14 12:00:45,372 - INFO - Regula po iteracji 0: IF  THEN class = {1.23} [0.16, 2.30], (p=86, n=22, P=86, N=22)
2026-04-14 12:00:45,372 - INFO - *****STOP GROWING RR RULE*****
2026-04-14 12:00:45,372 - INFO - ***RR NOT FOUND***
2026-04-14 12:00:45,381 - INFO - Iteracja 3: condition_best: SC <= 3.79, quality_best: 0.74, coverage_best: (p=20, n=2, P=29, N=79)
2026-04-14 12:00:45,381 - INFO - Regula po iteracji 3: IF SC >= 1.42 AND NC >= 1.49 AND SC >= 1.52 AND SC <= 3.79 THEN class = {2.49} [1.50, 3.48], (p=20, n=2, P=29, N=79)
2026-04-14 12:00:45,381 - INFO - *****GROWING RR RULE*****
2026-04-14 12:00:45,455 - INFO - Iteracja 0: condition_best: None, quality_best: -inf, coverage_best: (p=0, n=0, P=0, N=0), p_value: 0
2026-04-14 12:00:45,455 - INFO - Regula po iteracji 0: IF  THEN class = {1.23} [0.16, 2.30], (p=86, n=22, P=86, N=22)
2026-04-14 12:00:45,455 - INFO - *****STOP GROWING RR RULE*****
2026-04-14 12:00:45,455 - INFO - ***RR NOT FOUND***
2026-04-14 12:00:45,463 - INFO - Iteracja 4: condition_best: NC >= 1.58, quality_best: 0.731, coverage_best: (p=19, n=2, P=28, N=80)
2026-04-14 12:00:45,464 - INFO - Regula po iteracji 4: IF SC >= 1.42 AND NC >= 1.49 AND SC >= 1.52 AND SC <= 3.79 AND NC >= 1.58 THEN class = {2.53} [1.54, 3.52], (p=19, n=2, P=28, N=80)
2026-04-14 12:00:45,464 - INFO - *****GROWING RR RULE*****
2026-04-14 12:00:45,537 - INFO - Iteracja 0: condition_best: None, quality_best: -inf, coverage_best: (p=0, n=0, P=0, N=0), p_value: 0
2026-04-14 12:00:45,537 - INFO - Regula po iteracji 0: IF  THEN class = {1.23} [0.16, 2.30], (p=86, n=22, P=86, N=22)
2026-04-14 12:00:45,538 - INFO - *****STOP GROWING RR RULE*****
2026-04-14 12:00:45,538 - INFO - ***RR NOT FOUND***
2026-04-14 12:00:45,538 - INFO - *******STOP GROWING CR RULE*******
2026-04-14 12:00:45,538 - INFO - *******GROWING CR RULE*******
2026-04-14 12:00:45,575 - INFO - Iteracja 0: condition_best: SC >= 1.42, quality_best: 0.619, coverage_best: (p=31, n=6, P=44, N=64)
2026-04-14 12:00:45,575 - INFO - Regula po iteracji 0: IF SC >= 1.42 THEN class = {2.24} [1.07, 3.41], (p=31, n=6, P=44, N=64)
2026-04-14 12:00:45,575 - INFO - *****GROWING RR RULE*****
2026-04-14 12:00:45,644 - INFO - Iteracja 0: condition_best: None, quality_best: -inf, coverage_best: (p=0, n=0, P=0, N=0), p_value: 0
2026-04-14 12:00:45,645 - INFO - Regula po iteracji 0: IF  THEN class = {1.23} [0.16, 2.30], (p=86, n=22, P=86, N=22)
2026-04-14 12:00:45,645 - INFO - *****STOP GROWING RR RULE*****
2026-04-14 12:00:45,645 - INFO - ***RR NOT FOUND***
2026-04-14 12:00:45,657 - INFO - Iteracja 1: condition_best: period >= 3.00, quality_best: 0.643, coverage_best: (p=31, n=5, P=45, N=63)
2026-04-14 12:00:45,657 - INFO - Regula po iteracji 1: IF SC >= 1.42 AND period >= 3.00 THEN class = {2.26} [1.07, 3.44], (p=31, n=5, P=45, N=63)
2026-04-14 12:00:45,658 - INFO - *****GROWING RR RULE*****
2026-04-14 12:00:45,727 - INFO - Iteracja 0: condition_best: None, quality_best: -inf, coverage_best: (p=0, n=0, P=0, N=0), p_value: 0
2026-04-14 12:00:45,727 - INFO - Regula po iteracji 0: IF  THEN class = {1.23} [0.16, 2.30], (p=86, n=22, P=86, N=22)
2026-04-14 12:00:45,728 - INFO - *****STOP GROWING RR RULE*****
2026-04-14 12:00:45,728 - INFO - ***RR NOT FOUND***
2026-04-14 12:00:45,740 - INFO - Iteracja 2: condition_best: NC <= 3.46, quality_best: 0.664, coverage_best: (p=26, n=3, P=43, N=65)
2026-04-14 12:00:45,740 - INFO - Regula po iteracji 2: IF SC >= 1.42 AND period >= 3.00 AND NC <= 3.46 THEN class = {1.91} [1.08, 2.74], (p=26, n=3, P=43, N=65)
2026-04-14 12:00:45,741 - INFO - *****GROWING RR RULE*****
2026-04-14 12:00:45,818 - INFO - Iteracja 0: condition_best: None, quality_best: -inf, coverage_best: (p=0, n=0, P=0, N=0), p_value: 0
2026-04-14 12:00:45,818 - INFO - Regula po iteracji 0: IF  THEN class = {1.23} [0.16, 2.30], (p=86, n=22, P=86, N=22)
2026-04-14 12:00:45,819 - INFO - *****STOP GROWING RR RULE*****
2026-04-14 12:00:45,819 - INFO - ***RR NOT FOUND***
2026-04-14 12:00:45,829 - INFO - Iteracja 3: condition_best: period >= 57.00, quality_best: 0.673, coverage_best: (p=23, n=2, P=42, N=66)
2026-04-14 12:00:45,829 - INFO - Regula po iteracji 3: IF SC >= 1.42 AND period >= 3.00 AND NC <= 3.46 AND period >= 57.00 THEN class = {1.86} [1.05, 2.67], (p=23, n=2, P=42, N=66)
2026-04-14 12:00:45,830 - INFO - *****GROWING RR RULE*****
2026-04-14 12:00:45,902 - INFO - Iteracja 0: condition_best: None, quality_best: -inf, coverage_best: (p=0, n=0, P=0, N=0), p_value: 0
2026-04-14 12:00:45,902 - INFO - Regula po iteracji 0: IF  THEN class = {1.23} [0.16, 2.30], (p=86, n=22, P=86, N=22)
2026-04-14 12:00:45,902 - INFO - *****STOP GROWING RR RULE*****
2026-04-14 12:00:45,902 - INFO - ***RR NOT FOUND***
2026-04-14 12:00:45,911 - INFO - Iteracja 4: condition_best: period >= 64.00, quality_best: 0.658, coverage_best: (p=22, n=2, P=42, N=66)
2026-04-14 12:00:45,911 - INFO - Regula po iteracji 4: IF SC >= 1.42 AND period >= 3.00 AND NC <= 3.46 AND period >= 57.00 AND period >= 64.00 THEN class = {1.89} [1.08, 2.71], (p=22, n=2, P=42, N=66)
2026-04-14 12:00:45,912 - INFO - *****GROWING RR RULE*****
2026-04-14 12:00:45,983 - INFO - Iteracja 0: condition_best: None, quality_best: -inf, coverage_best: (p=0, n=0, P=0, N=0), p_value: 0
2026-04-14 12:00:45,984 - INFO - Regula po iteracji 0: IF  THEN class = {1.23} [0.16, 2.30], (p=86, n=22, P=86, N=22)
2026-04-14 12:00:45,984 - INFO - *****STOP GROWING RR RULE*****
2026-04-14 12:00:45,984 - INFO - ***RR NOT FOUND***
2026-04-14 12:00:45,984 - INFO - *******STOP GROWING CR RULE*******
2026-04-14 12:00:45,984 - INFO - *******GROWING CR RULE*******
2026-04-14 12:00:46,020 - INFO - Iteracja 0: condition_best: NC <= 1.44, quality_best: 0.606, coverage_best: (p=55, n=7, P=70, N=38)
2026-04-14 12:00:46,020 - INFO - Regula po iteracji 0: IF NC <= 1.44 THEN class = {0.71} [0.02, 1.39], (p=55, n=7, P=70, N=38)
2026-04-14 12:00:46,020 - INFO - *****GROWING RR RULE*****
2026-04-14 12:00:46,090 - INFO - Iteracja 0: condition_best: None, quality_best: -inf, coverage_best: (p=0, n=0, P=0, N=0), p_value: 0
2026-04-14 12:00:46,090 - INFO - Regula po iteracji 0: IF  THEN class = {1.23} [0.16, 2.30], (p=86, n=22, P=86, N=22)
2026-04-14 12:00:46,090 - INFO - *****STOP GROWING RR RULE*****
2026-04-14 12:00:46,090 - INFO - ***RR NOT FOUND***
2026-04-14 12:00:46,110 - INFO - Iteracja 1: condition_best: NWC >= 0.76, quality_best: 0.695, coverage_best: (p=38, n=1, P=74, N=34)
2026-04-14 12:00:46,110 - INFO - Regula po iteracji 1: IF NC <= 1.44 AND NWC >= 0.76 THEN class = {0.92} [0.17, 1.68], (p=38, n=1, P=74, N=34)
2026-04-14 12:00:46,111 - INFO - *****GROWING RR RULE*****
2026-04-14 12:00:46,182 - INFO - Iteracja 0: condition_best: None, quality_best: -inf, coverage_best: (p=0, n=0, P=0, N=0), p_value: 0
2026-04-14 12:00:46,182 - INFO - Regula po iteracji 0: IF  THEN class = {1.23} [0.16, 2.30], (p=86, n=22, P=86, N=22)
2026-04-14 12:00:46,182 - INFO - *****STOP GROWING RR RULE*****
2026-04-14 12:00:46,183 - INFO - ***RR NOT FOUND***
2026-04-14 12:00:46,196 - INFO - Iteracja 2: condition_best: period >= 4.50, quality_best: 0.682, coverage_best: (p=37, n=1, P=75, N=33)
2026-04-14 12:00:46,196 - INFO - Regula po iteracji 2: IF NC <= 1.44 AND NWC >= 0.76 AND period >= 4.50 THEN class = {0.93} [0.16, 1.70], (p=37, n=1, P=75, N=33)
2026-04-14 12:00:46,197 - INFO - *****GROWING RR RULE*****
2026-04-14 12:00:46,268 - INFO - Iteracja 0: condition_best: None, quality_best: -inf, coverage_best: (p=0, n=0, P=0, N=0), p_value: 0
2026-04-14 12:00:46,268 - INFO - Regula po iteracji 0: IF  THEN class = {1.23} [0.16, 2.30], (p=86, n=22, P=86, N=22)
2026-04-14 12:00:46,269 - INFO - *****STOP GROWING RR RULE*****
2026-04-14 12:00:46,269 - INFO - ***RR NOT FOUND***
2026-04-14 12:00:46,282 - INFO - Iteracja 3: condition_best: NC >= 0.06, quality_best: 0.675, coverage_best: (p=36, n=1, P=75, N=33)
2026-04-14 12:00:46,282 - INFO - Regula po iteracji 3: IF NC <= 1.44 AND NWC >= 0.76 AND period >= 4.50 AND NC >= 0.06 THEN class = {0.95} [0.18, 1.72], (p=36, n=1, P=75, N=33)
2026-04-14 12:00:46,282 - INFO - *****GROWING RR RULE*****
2026-04-14 12:00:46,353 - INFO - Iteracja 0: condition_best: None, quality_best: -inf, coverage_best: (p=0, n=0, P=0, N=0), p_value: 0
2026-04-14 12:00:46,354 - INFO - Regula po iteracji 0: IF  THEN class = {1.23} [0.16, 2.30], (p=86, n=22, P=86, N=22)
2026-04-14 12:00:46,354 - INFO - *****STOP GROWING RR RULE*****
2026-04-14 12:00:46,354 - INFO - ***RR NOT FOUND***
2026-04-14 12:00:46,366 - INFO - Iteracja 4: condition_best: SC >= 0.23, quality_best: 0.672, coverage_best: (p=35, n=1, P=74, N=34)
2026-04-14 12:00:46,367 - INFO - Regula po iteracji 4: IF NC <= 1.44 AND NWC >= 0.76 AND period >= 4.50 AND NC >= 0.06 AND SC >= 0.23 THEN class = {0.97} [0.20, 1.74], (p=35, n=1, P=74, N=34)
2026-04-14 12:00:46,367 - INFO - *****GROWING RR RULE*****
2026-04-14 12:00:46,438 - INFO - Iteracja 0: condition_best: None, quality_best: -inf, coverage_best: (p=0, n=0, P=0, N=0), p_value: 0
2026-04-14 12:00:46,439 - INFO - Regula po iteracji 0: IF  THEN class = {1.23} [0.16, 2.30], (p=86, n=22, P=86, N=22)
2026-04-14 12:00:46,439 - INFO - *****STOP GROWING RR RULE*****
2026-04-14 12:00:46,439 - INFO - ***RR NOT FOUND***
2026-04-14 12:00:46,439 - INFO - *******STOP GROWING CR RULE*******
2026-04-14 12:00:46,439 - INFO - *******GROWING CR RULE*******
2026-04-14 12:00:46,475 - INFO - Iteracja 0: condition_best: NC >= 1.17, quality_best: 0.6, coverage_best: (p=49, n=8, P=62, N=46)
2026-04-14 12:00:46,475 - INFO - Regula po iteracji 0: IF NC >= 1.17 THEN class = {1.85} [0.73, 2.97], (p=49, n=8, P=62, N=46)
2026-04-14 12:00:46,475 - INFO - *****GROWING RR RULE*****
2026-04-14 12:00:46,545 - INFO - Iteracja 0: condition_best: None, quality_best: -inf, coverage_best: (p=0, n=0, P=0, N=0), p_value: 0
2026-04-14 12:00:46,545 - INFO - Regula po iteracji 0: IF  THEN class = {1.23} [0.16, 2.30], (p=86, n=22, P=86, N=22)
2026-04-14 12:00:46,545 - INFO - *****STOP GROWING RR RULE*****
2026-04-14 12:00:46,545 - INFO - ***RR NOT FOUND***
2026-04-14 12:00:46,566 - INFO - Iteracja 1: condition_best: SC >= 0.91, quality_best: 0.633, coverage_best: (p=37, n=8, P=45, N=63)
2026-04-14 12:00:46,566 - INFO - Regula po iteracji 1: IF NC >= 1.17 AND SC >= 0.91 THEN class = {2.11} [1.00, 3.23], (p=37, n=8, P=45, N=63)
2026-04-14 12:00:46,566 - INFO - *****GROWING RR RULE*****
2026-04-14 12:00:46,636 - INFO - Iteracja 0: condition_best: None, quality_best: -inf, coverage_best: (p=0, n=0, P=0, N=0), p_value: 0
2026-04-14 12:00:46,636 - INFO - Regula po iteracji 0: IF  THEN class = {1.23} [0.16, 2.30], (p=86, n=22, P=86, N=22)
2026-04-14 12:00:46,636 - INFO - *****STOP GROWING RR RULE*****
2026-04-14 12:00:46,636 - INFO - ***RR NOT FOUND***
2026-04-14 12:00:46,652 - INFO - Iteracja 2: condition_best: NWC <= 6.20, quality_best: 0.69, coverage_best: (p=36, n=6, P=44, N=64)
2026-04-14 12:00:46,652 - INFO - Regula po iteracji 2: IF NC >= 1.17 AND SC >= 0.91 AND NWC <= 6.20 THEN class = {1.96} [1.04, 2.89], (p=36, n=6, P=44, N=64)
2026-04-14 12:00:46,653 - INFO - *****GROWING RR RULE*****
2026-04-14 12:00:46,723 - INFO - Iteracja 0: condition_best: None, quality_best: -inf, coverage_best: (p=0, n=0, P=0, N=0), p_value: 0
2026-04-14 12:00:46,723 - INFO - Regula po iteracji 0: IF  THEN class = {1.23} [0.16, 2.30], (p=86, n=22, P=86, N=22)
2026-04-14 12:00:46,723 - INFO - *****STOP GROWING RR RULE*****
2026-04-14 12:00:46,723 - INFO - ***RR NOT FOUND***
2026-04-14 12:00:46,738 - INFO - Iteracja 3: condition_best: SC <= 3.56, quality_best: 0.693, coverage_best: (p=34, n=6, P=41, N=67)
2026-04-14 12:00:46,738 - INFO - Regula po iteracji 3: IF NC >= 1.17 AND SC >= 0.91 AND NWC <= 6.20 AND SC <= 3.56 THEN class = {1.86} [1.07, 2.65], (p=34, n=6, P=41, N=67)
2026-04-14 12:00:46,738 - INFO - *****GROWING RR RULE*****
2026-04-14 12:00:46,808 - INFO - Iteracja 0: condition_best: None, quality_best: -inf, coverage_best: (p=0, n=0, P=0, N=0), p_value: 0
2026-04-14 12:00:46,808 - INFO - Regula po iteracji 0: IF  THEN class = {1.23} [0.16, 2.30], (p=86, n=22, P=86, N=22)
2026-04-14 12:00:46,808 - INFO - *****STOP GROWING RR RULE*****
2026-04-14 12:00:46,808 - INFO - ***RR NOT FOUND***
2026-04-14 12:00:46,823 - INFO - Iteracja 4: condition_best: NC <= 4.20, quality_best: 0.735, coverage_best: (p=33, n=4, P=42, N=66)
2026-04-14 12:00:46,823 - INFO - Regula po iteracji 4: IF NC >= 1.17 AND SC >= 0.91 AND NWC <= 6.20 AND SC <= 3.56 AND NC <= 4.20 THEN class = {1.80} [1.03, 2.57], (p=33, n=4, P=42, N=66)
2026-04-14 12:00:46,823 - INFO - *****GROWING RR RULE*****
2026-04-14 12:00:46,893 - INFO - Iteracja 0: condition_best: None, quality_best: -inf, coverage_best: (p=0, n=0, P=0, N=0), p_value: 0
2026-04-14 12:00:46,893 - INFO - Regula po iteracji 0: IF  THEN class = {1.23} [0.16, 2.30], (p=86, n=22, P=86, N=22)
2026-04-14 12:00:46,893 - INFO - *****STOP GROWING RR RULE*****
2026-04-14 12:00:46,893 - INFO - ***RR NOT FOUND***
2026-04-14 12:00:46,893 - INFO - *******STOP GROWING CR RULE*******
2026-04-14 12:00:46,894 - INFO - *******GROWING CR RULE*******
2026-04-14 12:00:46,929 - INFO - Iteracja 0: condition_best: NC >= 1.17, quality_best: 0.6, coverage_best: (p=49, n=8, P=62, N=46)
2026-04-14 12:00:46,929 - INFO - Regula po iteracji 0: IF NC >= 1.17 THEN class = {1.85} [0.73, 2.97], (p=49, n=8, P=62, N=46)
2026-04-14 12:00:46,929 - INFO - *****GROWING RR RULE*****
2026-04-14 12:00:46,999 - INFO - Iteracja 0: condition_best: None, quality_best: -inf, coverage_best: (p=0, n=0, P=0, N=0), p_value: 0
2026-04-14 12:00:46,999 - INFO - Regula po iteracji 0: IF  THEN class = {1.23} [0.16, 2.30], (p=86, n=22, P=86, N=22)
2026-04-14 12:00:46,999 - INFO - *****STOP GROWING RR RULE*****
2026-04-14 12:00:46,999 - INFO - ***RR NOT FOUND***
2026-04-14 12:00:47,018 - INFO - Iteracja 1: condition_best: SC <= 3.79, quality_best: 0.622, coverage_best: (p=48, n=7, P=62, N=46)
2026-04-14 12:00:47,018 - INFO - Regula po iteracji 1: IF NC >= 1.17 AND SC <= 3.79 THEN class = {1.77} [0.73, 2.81], (p=48, n=7, P=62, N=46)
2026-04-14 12:00:47,018 - INFO - *****GROWING RR RULE*****
2026-04-14 12:00:47,088 - INFO - Iteracja 0: condition_best: None, quality_best: -inf, coverage_best: (p=0, n=0, P=0, N=0), p_value: 0
2026-04-14 12:00:47,088 - INFO - Regula po iteracji 0: IF  THEN class = {1.23} [0.16, 2.30], (p=86, n=22, P=86, N=22)
2026-04-14 12:00:47,088 - INFO - *****STOP GROWING RR RULE*****
2026-04-14 12:00:47,088 - INFO - ***RR NOT FOUND***
2026-04-14 12:00:47,107 - INFO - Iteracja 2: condition_best: SC >= 0.29, quality_best: 0.632, coverage_best: (p=47, n=7, P=60, N=48)
2026-04-14 12:00:47,107 - INFO - Regula po iteracji 2: IF NC >= 1.17 AND SC <= 3.79 AND SC >= 0.29 THEN class = {1.79} [0.76, 2.83], (p=47, n=7, P=60, N=48)
2026-04-14 12:00:47,107 - INFO - *****GROWING RR RULE*****
2026-04-14 12:00:47,177 - INFO - Iteracja 0: condition_best: None, quality_best: -inf, coverage_best: (p=0, n=0, P=0, N=0), p_value: 0
2026-04-14 12:00:47,177 - INFO - Regula po iteracji 0: IF  THEN class = {1.23} [0.16, 2.30], (p=86, n=22, P=86, N=22)
2026-04-14 12:00:47,177 - INFO - *****STOP GROWING RR RULE*****
2026-04-14 12:00:47,177 - INFO - ***RR NOT FOUND***
2026-04-14 12:00:47,196 - INFO - Iteracja 3: condition_best: period <= 191.50, quality_best: 0.645, coverage_best: (p=47, n=6, P=62, N=46)
2026-04-14 12:00:47,196 - INFO - Regula po iteracji 3: IF NC >= 1.17 AND SC <= 3.79 AND SC >= 0.29 AND period <= 191.50 THEN class = {1.78} [0.74, 2.83], (p=47, n=6, P=62, N=46)
2026-04-14 12:00:47,196 - INFO - *****GROWING RR RULE*****
2026-04-14 12:00:47,266 - INFO - Iteracja 0: condition_best: None, quality_best: -inf, coverage_best: (p=0, n=0, P=0, N=0), p_value: 0
2026-04-14 12:00:47,266 - INFO - Regula po iteracji 0: IF  THEN class = {1.23} [0.16, 2.30], (p=86, n=22, P=86, N=22)
2026-04-14 12:00:47,266 - INFO - *****STOP GROWING RR RULE*****
2026-04-14 12:00:47,266 - INFO - ***RR NOT FOUND***
2026-04-14 12:00:47,285 - INFO - Iteracja 4: condition_best: NWC <= 4.46, quality_best: 0.674, coverage_best: (p=39, n=5, P=53, N=55)
2026-04-14 12:00:47,285 - INFO - Regula po iteracji 4: IF NC >= 1.17 AND SC <= 3.79 AND SC >= 0.29 AND period <= 191.50 AND NWC <= 4.46 THEN class = {1.52} [0.74, 2.30], (p=39, n=5, P=53, N=55)
2026-04-14 12:00:47,285 - INFO - *****GROWING RR RULE*****
2026-04-14 12:00:47,355 - INFO - Iteracja 0: condition_best: None, quality_best: -inf, coverage_best: (p=0, n=0, P=0, N=0), p_value: 0
2026-04-14 12:00:47,355 - INFO - Regula po iteracji 0: IF  THEN class = {1.23} [0.16, 2.30], (p=86, n=22, P=86, N=22)
2026-04-14 12:00:47,356 - INFO - *****STOP GROWING RR RULE*****
2026-04-14 12:00:47,356 - INFO - ***RR NOT FOUND***
2026-04-14 12:00:47,356 - INFO - *******STOP GROWING CR RULE*******
2026-04-14 12:00:47,356 - INFO - *******GROWING CR RULE*******
2026-04-14 12:00:47,391 - INFO - Iteracja 0: condition_best: SC <= 0.06, quality_best: 1.0, coverage_best: (p=2, n=0, P=2, N=106)
2026-04-14 12:00:47,391 - INFO - Regula po iteracji 0: IF SC <= 0.06 THEN class = {0.01} [0.00, 0.02], (p=2, n=0, P=2, N=106)
2026-04-14 12:00:47,391 - INFO - *****GROWING RR RULE*****
2026-04-14 12:00:47,461 - INFO - Iteracja 0: condition_best: None, quality_best: -inf, coverage_best: (p=0, n=0, P=0, N=0), p_value: 0
2026-04-14 12:00:47,461 - INFO - Regula po iteracji 0: IF  THEN class = {1.23} [0.16, 2.30], (p=86, n=22, P=86, N=22)
2026-04-14 12:00:47,461 - INFO - *****STOP GROWING RR RULE*****
2026-04-14 12:00:47,461 - INFO - ***RR NOT FOUND***
2026-04-14 12:00:47,462 - INFO - Iteracja 1: condition_best: seeded = {S}, quality_best: 1.0, coverage_best: (p=2, n=0, P=2, N=106)
2026-04-14 12:00:47,462 - INFO - Regula po iteracji 1: IF SC <= 0.06 AND seeded = {S} THEN class = {0.01} [0.00, 0.02], (p=2, n=0, P=2, N=106)
2026-04-14 12:00:47,463 - INFO - *****GROWING RR RULE*****
2026-04-14 12:00:47,533 - INFO - Iteracja 0: condition_best: None, quality_best: -inf, coverage_best: (p=0, n=0, P=0, N=0), p_value: 0
2026-04-14 12:00:47,533 - INFO - Regula po iteracji 0: IF  THEN class = {1.23} [0.16, 2.30], (p=86, n=22, P=86, N=22)
2026-04-14 12:00:47,533 - INFO - *****STOP GROWING RR RULE*****
2026-04-14 12:00:47,533 - INFO - ***RR NOT FOUND***
2026-04-14 12:00:47,534 - INFO - Iteracja 2: condition_best: season = {SPRING}, quality_best: 1.0, coverage_best: (p=1, n=0, P=1, N=107)
2026-04-14 12:00:47,534 - INFO - Regula po iteracji 2: IF SC <= 0.06 AND seeded = {S} AND season = {SPRING} THEN class = {0.02} [0.02, 0.02], (p=1, n=0, P=1, N=107)
2026-04-14 12:00:47,535 - INFO - *****GROWING RR RULE*****
2026-04-14 12:00:47,605 - INFO - Iteracja 0: condition_best: None, quality_best: -inf, coverage_best: (p=0, n=0, P=0, N=0), p_value: 0
2026-04-14 12:00:47,605 - INFO - Regula po iteracji 0: IF  THEN class = {1.23} [0.16, 2.30], (p=86, n=22, P=86, N=22)
2026-04-14 12:00:47,605 - INFO - *****STOP GROWING RR RULE*****
2026-04-14 12:00:47,605 - INFO - ***RR NOT FOUND***
2026-04-14 12:00:47,606 - INFO - Iteracja 3: condition_best: None, quality_best: -inf, coverage_best: (p=0, n=0, P=0, N=0)
2026-04-14 12:00:47,606 - INFO - Regula po iteracji 3: IF SC <= 0.06 AND seeded = {S} AND season = {SPRING} THEN class = {0.02} [0.02, 0.02], (p=1, n=0, P=1, N=107)
2026-04-14 12:00:47,606 - INFO - *******STOP GROWING CR RULE*******
2026-04-14 12:00:47,611 - INFO - ************************Finished experiment for cloud.arff with algorithm************************
2026-04-14 12:00:47,611 - INFO - *************************************************************************************************************************
2026-04-14 12:00:47,611 - INFO - *************************************************************************************************************************
2026-04-14 12:00:47,611 - INFO - *************************************************************************************************************************
