2026-04-08 11:54:34,923 - INFO - **********Starting experiment for 23_lac_selected.arff with algorithm_rulekit**********
2026-04-08 11:54:36,095 - INFO - ************************Finished experiment for 23_lac_selected.arff with algorithm_rulekit************************
2026-04-08 11:54:36,096 - INFO - *************************************************************************************************************************
2026-04-08 11:54:36,096 - INFO - *************************************************************************************************************************
2026-04-08 11:54:36,096 - INFO - *************************************************************************************************************************
2026-04-08 11:54:36,096 - INFO - **********Starting experiment for 23_lac_selected.arff with algorithm_log_rank**********
2026-04-08 11:54:36,105 - INFO - *******GROWING CR RULE*******
2026-04-08 11:54:49,121 - INFO - Iteracja 0: condition_best: SLC1A6 >= 9.05, quality_best: 1.0, coverage_best: (p=53, n=0, P=60, N=0)
2026-04-08 11:54:49,125 - INFO - Regula po iteracji 0: IF SLC1A6 >= 9.05 THEN survival_status = {nan}, (p=53, n=0, P=60, N=0)
2026-04-08 11:55:02,857 - INFO - Iteracja 1: condition_best: WNT1 <= 9.78, quality_best: 1.0, coverage_best: (p=49, n=0, P=60, N=0)
2026-04-08 11:55:02,861 - INFO - Regula po iteracji 1: IF SLC1A6 >= 9.05 AND WNT1 <= 9.78 THEN survival_status = {inf}, (p=49, n=0, P=60, N=0)
2026-04-08 11:55:15,837 - INFO - Iteracja 2: condition_best: FADD <= 10.17, quality_best: 1.0, coverage_best: (p=46, n=0, P=60, N=0)
2026-04-08 11:55:15,841 - INFO - Regula po iteracji 2: IF SLC1A6 >= 9.05 AND WNT1 <= 9.78 AND FADD <= 10.17 THEN survival_status = {inf}, (p=46, n=0, P=60, N=0)
2026-04-08 11:55:28,517 - INFO - Iteracja 3: condition_best: ERBB2_a <= 10.66, quality_best: 1.0, coverage_best: (p=44, n=0, P=60, N=0)
2026-04-08 11:55:28,521 - INFO - Regula po iteracji 3: IF SLC1A6 >= 9.05 AND WNT1 <= 9.78 AND FADD <= 10.17 AND ERBB2_a <= 10.66 THEN survival_status = {inf}, (p=44, n=0, P=60, N=0)
2026-04-08 11:55:41,235 - INFO - Iteracja 4: condition_best: FUCA1 >= 9.66, quality_best: 1.0, coverage_best: (p=43, n=0, P=60, N=0)
2026-04-08 11:55:41,239 - INFO - Regula po iteracji 4: IF SLC1A6 >= 9.05 AND WNT1 <= 9.78 AND FADD <= 10.17 AND ERBB2_a <= 10.66 AND FUCA1 >= 9.66 THEN survival_status = {inf}, (p=43, n=0, P=60, N=0)
2026-04-08 11:55:41,239 - INFO - *******STOP GROWING CR RULE*******
2026-04-08 11:55:41,248 - INFO - *******GROWING CR RULE*******
2026-04-08 11:55:52,210 - INFO - Iteracja 0: condition_best: SLC1A6 >= 9.05, quality_best: 1.0, coverage_best: (p=53, n=0, P=60, N=0)
2026-04-08 11:55:52,213 - INFO - Regula po iteracji 0: IF SLC1A6 >= 9.05 THEN survival_status = {nan}, (p=53, n=0, P=60, N=0)
2026-04-08 11:56:04,198 - INFO - Iteracja 1: condition_best: WNT1 <= 9.78, quality_best: 1.0, coverage_best: (p=49, n=0, P=60, N=0)
2026-04-08 11:56:04,202 - INFO - Regula po iteracji 1: IF SLC1A6 >= 9.05 AND WNT1 <= 9.78 THEN survival_status = {inf}, (p=49, n=0, P=60, N=0)
2026-04-08 11:56:15,567 - INFO - Iteracja 2: condition_best: S100P >= 8.74, quality_best: 1.0, coverage_best: (p=48, n=0, P=60, N=0)
2026-04-08 11:56:15,571 - INFO - Regula po iteracji 2: IF SLC1A6 >= 9.05 AND WNT1 <= 9.78 AND S100P >= 8.74 THEN survival_status = {inf}, (p=48, n=0, P=60, N=0)
2026-04-08 11:56:27,237 - INFO - Iteracja 3: condition_best: SERPINE1 <= 11.21, quality_best: 1.0, coverage_best: (p=47, n=0, P=60, N=0)
2026-04-08 11:56:27,241 - INFO - Regula po iteracji 3: IF SLC1A6 >= 9.05 AND WNT1 <= 9.78 AND S100P >= 8.74 AND SERPINE1 <= 11.21 THEN survival_status = {inf}, (p=47, n=0, P=60, N=0)
2026-04-08 11:56:39,278 - INFO - Iteracja 4: condition_best: CSTB <= 13.63, quality_best: 1.0, coverage_best: (p=46, n=0, P=60, N=0)
2026-04-08 11:56:39,282 - INFO - Regula po iteracji 4: IF SLC1A6 >= 9.05 AND WNT1 <= 9.78 AND S100P >= 8.74 AND SERPINE1 <= 11.21 AND CSTB <= 13.63 THEN survival_status = {inf}, (p=46, n=0, P=60, N=0)
2026-04-08 11:56:39,282 - INFO - *******STOP GROWING CR RULE*******
2026-04-08 11:56:39,296 - INFO - *******GROWING CR RULE*******
2026-04-08 11:56:50,073 - INFO - Iteracja 0: condition_best: SLC1A6 >= 9.05, quality_best: 1.0, coverage_best: (p=53, n=0, P=60, N=0)
2026-04-08 11:56:50,077 - INFO - Regula po iteracji 0: IF SLC1A6 >= 9.05 THEN survival_status = {nan}, (p=53, n=0, P=60, N=0)
2026-04-08 11:57:01,834 - INFO - Iteracja 1: condition_best: KRT18 <= 13.02, quality_best: 1.0, coverage_best: (p=51, n=0, P=60, N=0)
2026-04-08 11:57:01,838 - INFO - Regula po iteracji 1: IF SLC1A6 >= 9.05 AND KRT18 <= 13.02 THEN survival_status = {inf}, (p=51, n=0, P=60, N=0)
2026-04-08 11:57:13,473 - INFO - Iteracja 2: condition_best: CSTB <= 13.35, quality_best: 1.0, coverage_best: (p=48, n=0, P=60, N=0)
2026-04-08 11:57:13,477 - INFO - Regula po iteracji 2: IF SLC1A6 >= 9.05 AND KRT18 <= 13.02 AND CSTB <= 13.35 THEN survival_status = {inf}, (p=48, n=0, P=60, N=0)
2026-04-08 11:57:24,908 - INFO - Iteracja 3: condition_best: RPS26 >= 11.18, quality_best: 1.0, coverage_best: (p=47, n=0, P=60, N=0)
2026-04-08 11:57:24,912 - INFO - Regula po iteracji 3: IF SLC1A6 >= 9.05 AND KRT18 <= 13.02 AND CSTB <= 13.35 AND RPS26 >= 11.18 THEN survival_status = {inf}, (p=47, n=0, P=60, N=0)
2026-04-08 11:57:36,791 - INFO - Iteracja 4: condition_best: KIAA0317 >= 8.88, quality_best: 1.0, coverage_best: (p=46, n=0, P=60, N=0)
2026-04-08 11:57:36,795 - INFO - Regula po iteracji 4: IF SLC1A6 >= 9.05 AND KRT18 <= 13.02 AND CSTB <= 13.35 AND RPS26 >= 11.18 AND KIAA0317 >= 8.88 THEN survival_status = {inf}, (p=46, n=0, P=60, N=0)
2026-04-08 11:57:36,795 - INFO - *******STOP GROWING CR RULE*******
2026-04-08 11:57:36,805 - INFO - *******GROWING CR RULE*******
2026-04-08 11:57:47,315 - INFO - Iteracja 0: condition_best: SLC1A6 <= 9.05, quality_best: 1.0, coverage_best: (p=7, n=0, P=60, N=0)
2026-04-08 11:57:47,319 - INFO - Regula po iteracji 0: IF SLC1A6 <= 9.05 THEN survival_status = {nan}, (p=7, n=0, P=60, N=0)
2026-04-08 11:57:48,602 - INFO - Iteracja 1: condition_best: KIAA0317 <= 10.04, quality_best: 1.0, coverage_best: (p=5, n=0, P=60, N=0)
2026-04-08 11:57:48,606 - INFO - Regula po iteracji 1: IF SLC1A6 <= 9.05 AND KIAA0317 <= 10.04 THEN survival_status = {14.9}, (p=5, n=0, P=60, N=0)
2026-04-08 11:57:49,498 - INFO - Iteracja 2: condition_best: None, quality_best: -inf, coverage_best: (p=0, n=0, P=0, N=0)
2026-04-08 11:57:49,502 - INFO - Regula po iteracji 2: IF SLC1A6 <= 9.05 AND KIAA0317 <= 10.04 THEN survival_status = {7.2}, (p=5, n=0, P=60, N=0)
2026-04-08 11:57:49,502 - INFO - *******STOP GROWING CR RULE*******
2026-04-08 11:57:49,507 - INFO - *******GROWING CR RULE*******
2026-04-08 11:57:59,875 - INFO - Iteracja 0: condition_best: SLC1A6 >= 9.05, quality_best: 1.0, coverage_best: (p=53, n=0, P=60, N=0)
2026-04-08 11:57:59,879 - INFO - Regula po iteracji 0: IF SLC1A6 >= 9.05 THEN survival_status = {nan}, (p=53, n=0, P=60, N=0)
2026-04-08 11:58:11,043 - INFO - Iteracja 1: condition_best: WNT1 <= 9.78, quality_best: 1.0, coverage_best: (p=49, n=0, P=60, N=0)
2026-04-08 11:58:11,046 - INFO - Regula po iteracji 1: IF SLC1A6 >= 9.05 AND WNT1 <= 9.78 THEN survival_status = {inf}, (p=49, n=0, P=60, N=0)
2026-04-08 11:58:22,000 - INFO - Iteracja 2: condition_best: FADD <= 10.17, quality_best: 1.0, coverage_best: (p=46, n=0, P=60, N=0)
2026-04-08 11:58:22,004 - INFO - Regula po iteracji 2: IF SLC1A6 >= 9.05 AND WNT1 <= 9.78 AND FADD <= 10.17 THEN survival_status = {inf}, (p=46, n=0, P=60, N=0)
2026-04-08 11:58:32,556 - INFO - Iteracja 3: condition_best: ERBB2_a <= 10.66, quality_best: 1.0, coverage_best: (p=44, n=0, P=60, N=0)
2026-04-08 11:58:32,560 - INFO - Regula po iteracji 3: IF SLC1A6 >= 9.05 AND WNT1 <= 9.78 AND FADD <= 10.17 AND ERBB2_a <= 10.66 THEN survival_status = {inf}, (p=44, n=0, P=60, N=0)
2026-04-08 11:58:43,120 - INFO - Iteracja 4: condition_best: FUCA1 >= 9.66, quality_best: 1.0, coverage_best: (p=43, n=0, P=60, N=0)
2026-04-08 11:58:43,125 - INFO - Regula po iteracji 4: IF SLC1A6 >= 9.05 AND WNT1 <= 9.78 AND FADD <= 10.17 AND ERBB2_a <= 10.66 AND FUCA1 >= 9.66 THEN survival_status = {inf}, (p=43, n=0, P=60, N=0)
2026-04-08 11:58:43,125 - INFO - *******STOP GROWING CR RULE*******
2026-04-08 11:58:43,510 - INFO - ************************Finished experiment for 23_lac_selected.arff with algorithm_log_rank************************
2026-04-08 11:58:43,510 - INFO - *************************************************************************************************************************
2026-04-08 11:58:43,510 - INFO - *************************************************************************************************************************
2026-04-08 11:58:43,510 - INFO - *************************************************************************************************************************
2026-04-08 11:58:43,511 - INFO - **********Starting experiment for 23_lac_selected.arff with algorithm_log_rank_with_exceptions**********
2026-04-08 11:58:43,519 - INFO - *******GROWING CR RULE*******
2026-04-08 11:58:56,659 - INFO - Iteracja 0: condition_best: SLC1A6 >= 9.05, quality_best: 1.0, coverage_best: (p=53, n=0, P=60, N=0)
2026-04-08 11:58:56,663 - INFO - Regula po iteracji 0: IF SLC1A6 >= 9.05 THEN survival_status = {nan}, (p=53, n=0, P=60, N=0)
2026-04-08 11:58:56,663 - INFO - *****GROWING RR RULE*****
2026-04-08 11:59:29,411 - INFO - Iteracja 0: condition_best: None, quality_best: -inf, coverage_best: (p=0, n=0, P=0, N=0), p_value: 0
2026-04-08 11:59:29,414 - INFO - Regula po iteracji 0: IF  THEN survival_status = {nan}, (p=60, n=0, P=60, N=0)
2026-04-08 11:59:29,414 - INFO - *****STOP GROWING RR RULE*****
2026-04-08 11:59:29,414 - INFO - ***RR NOT FOUND***
2026-04-08 11:59:43,179 - INFO - Iteracja 1: condition_best: WNT1 <= 9.78, quality_best: 1.0, coverage_best: (p=49, n=0, P=60, N=0)
2026-04-08 11:59:43,183 - INFO - Regula po iteracji 1: IF SLC1A6 >= 9.05 AND WNT1 <= 9.78 THEN survival_status = {inf}, (p=49, n=0, P=60, N=0)
2026-04-08 11:59:43,183 - INFO - *****GROWING RR RULE*****
2026-04-08 12:00:15,615 - INFO - Iteracja 0: condition_best: FADD <= 9.85, quality_best: 0.994, coverage_best: (p=43, n=0, P=60, N=0), p_value: 0.996
2026-04-08 12:00:15,619 - INFO - Regula po iteracji 0: IF FADD <= 9.85 THEN survival_status = {nan}, (p=43, n=0, P=60, N=0)
2026-04-08 12:00:39,904 - INFO - Iteracja 1: condition_best: ITK >= 7.33, quality_best: 0.993, coverage_best: (p=42, n=0, P=60, N=0), p_value: 0.999
2026-04-08 12:00:39,908 - INFO - Regula po iteracji 1: IF FADD <= 9.85 AND ITK >= 7.33 THEN survival_status = {inf}, (p=42, n=0, P=60, N=0)
2026-04-08 12:01:04,315 - INFO - Iteracja 2: condition_best: SCGB2A2 <= 7.95, quality_best: 0.931, coverage_best: (p=34, n=0, P=60, N=0), p_value: 1.0
2026-04-08 12:01:04,319 - INFO - Regula po iteracji 2: IF FADD <= 9.85 AND ITK >= 7.33 AND SCGB2A2 <= 7.95 THEN survival_status = {inf}, (p=34, n=0, P=60, N=0)
2026-04-08 12:01:23,874 - INFO - Iteracja 3: condition_best: None, quality_best: -inf, coverage_best: (p=0, n=0, P=0, N=0), p_value: 1.0
2026-04-08 12:01:23,878 - INFO - Regula po iteracji 3: IF FADD <= 9.85 AND ITK >= 7.33 AND SCGB2A2 <= 7.95 THEN survival_status = {inf}, (p=34, n=0, P=60, N=0)
2026-04-08 12:01:23,878 - INFO - *****STOP GROWING RR RULE*****
2026-04-08 12:01:23,878 - INFO - ***RR FOUND***
2026-04-08 12:01:23,878 - INFO - Reference rule: IF FADD <= 9.85 THEN survival_status = {inf}
2026-04-08 12:01:23,878 - INFO - ***CHECKING EXCEPTION***
2026-04-08 12:01:23,879 - INFO - ER vs CR p_value: 0.033861061344489185
2026-04-08 12:01:23,879 - INFO - ER vs RR p_value: 0.044806219786387214
2026-04-08 12:01:23,891 - INFO - ***ER FOUND***
2026-04-08 12:01:23,891 - INFO - Exception rule: IF SLC1A6 >= 9.05 AND WNT1 <= 9.78 AND FADD <= 9.85 THEN survival_status = {inf} (p=35, n=0, P=60, N=0)
2026-04-08 12:01:23,891 - INFO - *******STOP GROWING CR RULE*******
2026-04-08 12:01:23,894 - INFO - *******GROWING CR RULE*******
2026-04-08 12:01:34,785 - INFO - Iteracja 0: condition_best: SLC1A6 <= 9.05, quality_best: 1.0, coverage_best: (p=7, n=0, P=60, N=0)
2026-04-08 12:01:34,789 - INFO - Regula po iteracji 0: IF SLC1A6 <= 9.05 THEN survival_status = {nan}, (p=7, n=0, P=60, N=0)
2026-04-08 12:01:34,789 - INFO - *****GROWING RR RULE*****
2026-04-08 12:02:01,131 - INFO - Iteracja 0: condition_best: None, quality_best: -inf, coverage_best: (p=0, n=0, P=0, N=0), p_value: 0
2026-04-08 12:02:01,134 - INFO - Regula po iteracji 0: IF  THEN survival_status = {nan}, (p=60, n=0, P=60, N=0)
2026-04-08 12:02:01,134 - INFO - *****STOP GROWING RR RULE*****
2026-04-08 12:02:01,134 - INFO - ***RR NOT FOUND***
2026-04-08 12:02:02,436 - INFO - Iteracja 1: condition_best: KIAA0317 <= 10.04, quality_best: 1.0, coverage_best: (p=5, n=0, P=60, N=0)
2026-04-08 12:02:02,440 - INFO - Regula po iteracji 1: IF SLC1A6 <= 9.05 AND KIAA0317 <= 10.04 THEN survival_status = {14.9}, (p=5, n=0, P=60, N=0)
2026-04-08 12:02:02,440 - INFO - *****GROWING RR RULE*****
2026-04-08 12:02:28,686 - INFO - Iteracja 0: condition_best: None, quality_best: -inf, coverage_best: (p=0, n=0, P=0, N=0), p_value: 0
2026-04-08 12:02:28,690 - INFO - Regula po iteracji 0: IF  THEN survival_status = {nan}, (p=60, n=0, P=60, N=0)
2026-04-08 12:02:28,690 - INFO - *****STOP GROWING RR RULE*****
2026-04-08 12:02:28,690 - INFO - ***RR NOT FOUND***
2026-04-08 12:02:29,597 - INFO - Iteracja 2: condition_best: None, quality_best: -inf, coverage_best: (p=0, n=0, P=0, N=0)
2026-04-08 12:02:29,600 - INFO - Regula po iteracji 2: IF SLC1A6 <= 9.05 AND KIAA0317 <= 10.04 THEN survival_status = {7.2}, (p=5, n=0, P=60, N=0)
2026-04-08 12:02:29,600 - INFO - *******STOP GROWING CR RULE*******
2026-04-08 12:02:29,606 - INFO - *******GROWING CR RULE*******
2026-04-08 12:02:40,069 - INFO - Iteracja 0: condition_best: MT2A <= 14.64, quality_best: 1.0, coverage_best: (p=52, n=0, P=60, N=0)
2026-04-08 12:02:40,073 - INFO - Regula po iteracji 0: IF MT2A <= 14.64 THEN survival_status = {nan}, (p=52, n=0, P=60, N=0)
2026-04-08 12:02:40,073 - INFO - *****GROWING RR RULE*****
2026-04-08 12:03:12,743 - INFO - Iteracja 0: condition_best: None, quality_best: -inf, coverage_best: (p=0, n=0, P=0, N=0), p_value: 0
2026-04-08 12:03:12,746 - INFO - Regula po iteracji 0: IF  THEN survival_status = {nan}, (p=60, n=0, P=60, N=0)
2026-04-08 12:03:12,746 - INFO - *****STOP GROWING RR RULE*****
2026-04-08 12:03:12,746 - INFO - ***RR NOT FOUND***
2026-04-08 12:03:23,945 - INFO - Iteracja 1: condition_best: FUT3 <= 11.29, quality_best: 1.0, coverage_best: (p=50, n=0, P=60, N=0)
2026-04-08 12:03:23,949 - INFO - Regula po iteracji 1: IF MT2A <= 14.64 AND FUT3 <= 11.29 THEN survival_status = {inf}, (p=50, n=0, P=60, N=0)
2026-04-08 12:03:23,949 - INFO - *****GROWING RR RULE*****
2026-04-08 12:03:56,374 - INFO - Iteracja 0: condition_best: None, quality_best: -inf, coverage_best: (p=0, n=0, P=0, N=0), p_value: 0
2026-04-08 12:03:56,378 - INFO - Regula po iteracji 0: IF  THEN survival_status = {nan}, (p=60, n=0, P=60, N=0)
2026-04-08 12:03:56,378 - INFO - *****STOP GROWING RR RULE*****
2026-04-08 12:03:56,378 - INFO - ***RR NOT FOUND***
2026-04-08 12:04:07,726 - INFO - Iteracja 2: condition_best: FADD <= 10.17, quality_best: 1.0, coverage_best: (p=48, n=0, P=60, N=0)
2026-04-08 12:04:07,730 - INFO - Regula po iteracji 2: IF MT2A <= 14.64 AND FUT3 <= 11.29 AND FADD <= 10.17 THEN survival_status = {inf}, (p=48, n=0, P=60, N=0)
2026-04-08 12:04:07,730 - INFO - *****GROWING RR RULE*****
2026-04-08 12:04:40,081 - INFO - Iteracja 0: condition_best: None, quality_best: -inf, coverage_best: (p=0, n=0, P=0, N=0), p_value: 0
2026-04-08 12:04:40,085 - INFO - Regula po iteracji 0: IF  THEN survival_status = {nan}, (p=60, n=0, P=60, N=0)
2026-04-08 12:04:40,085 - INFO - *****STOP GROWING RR RULE*****
2026-04-08 12:04:40,085 - INFO - ***RR NOT FOUND***
2026-04-08 12:04:51,311 - INFO - Iteracja 3: condition_best: RPS26 >= 11.06, quality_best: 1.0, coverage_best: (p=47, n=0, P=60, N=0)
2026-04-08 12:04:51,315 - INFO - Regula po iteracji 3: IF MT2A <= 14.64 AND FUT3 <= 11.29 AND FADD <= 10.17 AND RPS26 >= 11.06 THEN survival_status = {inf}, (p=47, n=0, P=60, N=0)
2026-04-08 12:04:51,315 - INFO - *****GROWING RR RULE*****
2026-04-08 12:05:23,764 - INFO - Iteracja 0: condition_best: None, quality_best: -inf, coverage_best: (p=0, n=0, P=0, N=0), p_value: 0
2026-04-08 12:05:23,767 - INFO - Regula po iteracji 0: IF  THEN survival_status = {nan}, (p=60, n=0, P=60, N=0)
2026-04-08 12:05:23,767 - INFO - *****STOP GROWING RR RULE*****
2026-04-08 12:05:23,767 - INFO - ***RR NOT FOUND***
2026-04-08 12:05:35,228 - INFO - Iteracja 4: condition_best: CSTB <= 13.35, quality_best: 1.0, coverage_best: (p=45, n=0, P=60, N=0)
2026-04-08 12:05:35,232 - INFO - Regula po iteracji 4: IF MT2A <= 14.64 AND FUT3 <= 11.29 AND FADD <= 10.17 AND RPS26 >= 11.06 AND CSTB <= 13.35 THEN survival_status = {inf}, (p=45, n=0, P=60, N=0)
2026-04-08 12:05:35,232 - INFO - *****GROWING RR RULE*****
2026-04-08 12:06:07,260 - INFO - Iteracja 0: condition_best: None, quality_best: -inf, coverage_best: (p=0, n=0, P=0, N=0), p_value: 0
2026-04-08 12:06:07,263 - INFO - Regula po iteracji 0: IF  THEN survival_status = {nan}, (p=60, n=0, P=60, N=0)
2026-04-08 12:06:07,263 - INFO - *****STOP GROWING RR RULE*****
2026-04-08 12:06:07,263 - INFO - ***RR NOT FOUND***
2026-04-08 12:06:07,263 - INFO - *******STOP GROWING CR RULE*******
2026-04-08 12:06:07,273 - INFO - *******GROWING CR RULE*******
2026-04-08 12:06:17,534 - INFO - Iteracja 0: condition_best: SLC1A6 >= 9.05, quality_best: 1.0, coverage_best: (p=53, n=0, P=60, N=0)
2026-04-08 12:06:17,537 - INFO - Regula po iteracji 0: IF SLC1A6 >= 9.05 THEN survival_status = {nan}, (p=53, n=0, P=60, N=0)
2026-04-08 12:06:17,538 - INFO - *****GROWING RR RULE*****
2026-04-08 12:06:50,545 - INFO - Iteracja 0: condition_best: None, quality_best: -inf, coverage_best: (p=0, n=0, P=0, N=0), p_value: 0
2026-04-08 12:06:50,549 - INFO - Regula po iteracji 0: IF  THEN survival_status = {nan}, (p=60, n=0, P=60, N=0)
2026-04-08 12:06:50,549 - INFO - *****STOP GROWING RR RULE*****
2026-04-08 12:06:50,549 - INFO - ***RR NOT FOUND***
2026-04-08 12:07:01,733 - INFO - Iteracja 1: condition_best: WNT1 <= 9.78, quality_best: 1.0, coverage_best: (p=49, n=0, P=60, N=0)
2026-04-08 12:07:01,737 - INFO - Regula po iteracji 1: IF SLC1A6 >= 9.05 AND WNT1 <= 9.78 THEN survival_status = {inf}, (p=49, n=0, P=60, N=0)
2026-04-08 12:07:01,737 - INFO - *****GROWING RR RULE*****
2026-04-08 12:07:34,124 - INFO - Iteracja 0: condition_best: FADD <= 9.85, quality_best: 0.994, coverage_best: (p=43, n=0, P=60, N=0), p_value: 0.996
2026-04-08 12:07:34,128 - INFO - Regula po iteracji 0: IF FADD <= 9.85 THEN survival_status = {nan}, (p=43, n=0, P=60, N=0)
2026-04-08 12:07:58,481 - INFO - Iteracja 1: condition_best: ITK >= 7.33, quality_best: 0.993, coverage_best: (p=42, n=0, P=60, N=0), p_value: 0.999
2026-04-08 12:07:58,485 - INFO - Regula po iteracji 1: IF FADD <= 9.85 AND ITK >= 7.33 THEN survival_status = {inf}, (p=42, n=0, P=60, N=0)
2026-04-08 12:08:22,492 - INFO - Iteracja 2: condition_best: SCGB2A2 <= 7.95, quality_best: 0.931, coverage_best: (p=34, n=0, P=60, N=0), p_value: 1.0
2026-04-08 12:08:22,496 - INFO - Regula po iteracji 2: IF FADD <= 9.85 AND ITK >= 7.33 AND SCGB2A2 <= 7.95 THEN survival_status = {inf}, (p=34, n=0, P=60, N=0)
2026-04-08 12:08:42,013 - INFO - Iteracja 3: condition_best: None, quality_best: -inf, coverage_best: (p=0, n=0, P=0, N=0), p_value: 1.0
2026-04-08 12:08:42,017 - INFO - Regula po iteracji 3: IF FADD <= 9.85 AND ITK >= 7.33 AND SCGB2A2 <= 7.95 THEN survival_status = {inf}, (p=34, n=0, P=60, N=0)
2026-04-08 12:08:42,017 - INFO - *****STOP GROWING RR RULE*****
2026-04-08 12:08:42,017 - INFO - ***RR FOUND***
2026-04-08 12:08:42,017 - INFO - Reference rule: IF FADD <= 9.85 THEN survival_status = {inf}
2026-04-08 12:08:42,017 - INFO - ***CHECKING EXCEPTION***
2026-04-08 12:08:42,018 - INFO - ER vs CR p_value: 0.033861061344489185
2026-04-08 12:08:42,018 - INFO - ER vs RR p_value: 0.044806219786387214
2026-04-08 12:08:42,029 - INFO - ***ER FOUND***
2026-04-08 12:08:42,030 - INFO - Exception rule: IF SLC1A6 >= 9.05 AND WNT1 <= 9.78 AND FADD <= 9.85 THEN survival_status = {inf} (p=35, n=0, P=60, N=0)
2026-04-08 12:08:42,030 - INFO - *******STOP GROWING CR RULE*******
2026-04-08 12:08:42,484 - INFO - ************************Finished experiment for 23_lac_selected.arff with algorithm_log_rank_with_exceptions************************
2026-04-08 12:08:42,484 - INFO - *************************************************************************************************************************
2026-04-08 12:08:42,484 - INFO - *************************************************************************************************************************
2026-04-08 12:08:42,484 - INFO - *************************************************************************************************************************
2026-04-08 12:08:42,484 - INFO - **********Starting experiment for 23_lac_selected.arff with survival_tree**********
2026-04-08 12:08:42,548 - INFO - ************************Finished experiment for 23_lac_selected.arff with survival_tree************************
2026-04-08 12:08:42,548 - INFO - *************************************************************************************************************************
2026-04-08 12:08:42,548 - INFO - *************************************************************************************************************************
2026-04-08 12:08:42,548 - INFO - *************************************************************************************************************************
