2026-04-14 12:00:21,090 - INFO - **********Starting experiment for bolts.arff with algorithm**********
2026-04-14 12:00:21,092 - INFO - *******GROWING CR RULE*******
2026-04-14 12:00:21,103 - INFO - Iteracja 0: condition_best: TIME >= 29.51, quality_best: 0.735, coverage_best: (p=10, n=2, P=11, N=29)
2026-04-14 12:00:21,103 - INFO - Regula po iteracji 0: IF TIME >= 29.51 THEN class = {70.37} [53.86, 86.88], (p=10, n=2, P=11, N=29)
2026-04-14 12:00:21,103 - INFO - *****GROWING RR RULE*****
2026-04-14 12:00:21,118 - INFO - Iteracja 0: condition_best: None, quality_best: -inf, coverage_best: (p=0, n=0, P=0, N=0), p_value: 0
2026-04-14 12:00:21,118 - INFO - Regula po iteracji 0: IF  THEN class = {33.93} [6.87, 61.00], (p=29, n=11, P=29, N=11)
2026-04-14 12:00:21,118 - INFO - *****STOP GROWING RR RULE*****
2026-04-14 12:00:21,118 - INFO - ***RR NOT FOUND***
2026-04-14 12:00:21,121 - INFO - Iteracja 1: condition_best: TIME <= 120.55, quality_best: 0.823, coverage_best: (p=9, n=1, P=10, N=30)
2026-04-14 12:00:21,121 - INFO - Regula po iteracji 1: IF TIME >= 29.51 AND TIME <= 120.55 THEN class = {66.88} [50.96, 82.81], (p=9, n=1, P=10, N=30)
2026-04-14 12:00:21,121 - INFO - *****GROWING RR RULE*****
2026-04-14 12:00:21,136 - INFO - Iteracja 0: condition_best: None, quality_best: -inf, coverage_best: (p=0, n=0, P=0, N=0), p_value: 0
2026-04-14 12:00:21,136 - INFO - Regula po iteracji 0: IF  THEN class = {33.93} [6.87, 61.00], (p=29, n=11, P=29, N=11)
2026-04-14 12:00:21,137 - INFO - *****STOP GROWING RR RULE*****
2026-04-14 12:00:21,137 - INFO - ***RR NOT FOUND***
2026-04-14 12:00:21,139 - INFO - Iteracja 2: condition_best: RUN <= 30.50, quality_best: 0.767, coverage_best: (p=8, n=1, P=10, N=30)
2026-04-14 12:00:21,139 - INFO - Regula po iteracji 2: IF TIME >= 29.51 AND TIME <= 120.55 AND RUN <= 30.50 THEN class = {66.70} [49.92, 83.48], (p=8, n=1, P=10, N=30)
2026-04-14 12:00:21,139 - INFO - *****GROWING RR RULE*****
2026-04-14 12:00:21,154 - INFO - Iteracja 0: condition_best: None, quality_best: -inf, coverage_best: (p=0, n=0, P=0, N=0), p_value: 0
2026-04-14 12:00:21,154 - INFO - Regula po iteracji 0: IF  THEN class = {33.93} [6.87, 61.00], (p=29, n=11, P=29, N=11)
2026-04-14 12:00:21,155 - INFO - *****STOP GROWING RR RULE*****
2026-04-14 12:00:21,155 - INFO - ***RR NOT FOUND***
2026-04-14 12:00:21,157 - INFO - Iteracja 3: condition_best: RUN <= 23.50, quality_best: 0.708, coverage_best: (p=7, n=1, P=10, N=30)
2026-04-14 12:00:21,157 - INFO - Regula po iteracji 3: IF TIME >= 29.51 AND TIME <= 120.55 AND RUN <= 30.50 AND RUN <= 23.50 THEN class = {65.73} [48.18, 83.29], (p=7, n=1, P=10, N=30)
2026-04-14 12:00:21,157 - INFO - *****GROWING RR RULE*****
2026-04-14 12:00:21,172 - INFO - Iteracja 0: condition_best: None, quality_best: -inf, coverage_best: (p=0, n=0, P=0, N=0), p_value: 0
2026-04-14 12:00:21,172 - INFO - Regula po iteracji 0: IF  THEN class = {33.93} [6.87, 61.00], (p=29, n=11, P=29, N=11)
2026-04-14 12:00:21,173 - INFO - *****STOP GROWING RR RULE*****
2026-04-14 12:00:21,173 - INFO - ***RR NOT FOUND***
2026-04-14 12:00:21,175 - INFO - Iteracja 4: condition_best: TIME >= 70.09, quality_best: 0.694, coverage_best: (p=4, n=1, P=5, N=35)
2026-04-14 12:00:21,175 - INFO - Regula po iteracji 4: IF TIME >= 29.51 AND TIME <= 120.55 AND RUN <= 30.50 AND RUN <= 23.50 AND TIME >= 70.09 THEN class = {71.02} [68.87, 73.17], (p=4, n=1, P=5, N=35)
2026-04-14 12:00:21,175 - INFO - *****GROWING RR RULE*****
2026-04-14 12:00:21,190 - INFO - Iteracja 0: condition_best: None, quality_best: -inf, coverage_best: (p=0, n=0, P=0, N=0), p_value: 0
2026-04-14 12:00:21,190 - INFO - Regula po iteracji 0: IF  THEN class = {33.93} [6.87, 61.00], (p=29, n=11, P=29, N=11)
2026-04-14 12:00:21,190 - INFO - *****STOP GROWING RR RULE*****
2026-04-14 12:00:21,190 - INFO - ***RR NOT FOUND***
2026-04-14 12:00:21,190 - INFO - *******STOP GROWING CR RULE*******
2026-04-14 12:00:21,191 - INFO - *******GROWING CR RULE*******
2026-04-14 12:00:21,199 - INFO - Iteracja 0: condition_best: TIME >= 29.51, quality_best: 0.735, coverage_best: (p=10, n=2, P=11, N=29)
2026-04-14 12:00:21,199 - INFO - Regula po iteracji 0: IF TIME >= 29.51 THEN class = {70.37} [53.86, 86.88], (p=10, n=2, P=11, N=29)
2026-04-14 12:00:21,199 - INFO - *****GROWING RR RULE*****
2026-04-14 12:00:21,214 - INFO - Iteracja 0: condition_best: None, quality_best: -inf, coverage_best: (p=0, n=0, P=0, N=0), p_value: 0
2026-04-14 12:00:21,214 - INFO - Regula po iteracji 0: IF  THEN class = {33.93} [6.87, 61.00], (p=29, n=11, P=29, N=11)
2026-04-14 12:00:21,214 - INFO - *****STOP GROWING RR RULE*****
2026-04-14 12:00:21,214 - INFO - ***RR NOT FOUND***
2026-04-14 12:00:21,217 - INFO - Iteracja 1: condition_best: TIME <= 120.55, quality_best: 0.823, coverage_best: (p=9, n=1, P=10, N=30)
2026-04-14 12:00:21,217 - INFO - Regula po iteracji 1: IF TIME >= 29.51 AND TIME <= 120.55 THEN class = {66.88} [50.96, 82.81], (p=9, n=1, P=10, N=30)
2026-04-14 12:00:21,217 - INFO - *****GROWING RR RULE*****
2026-04-14 12:00:21,232 - INFO - Iteracja 0: condition_best: None, quality_best: -inf, coverage_best: (p=0, n=0, P=0, N=0), p_value: 0
2026-04-14 12:00:21,232 - INFO - Regula po iteracji 0: IF  THEN class = {33.93} [6.87, 61.00], (p=29, n=11, P=29, N=11)
2026-04-14 12:00:21,232 - INFO - *****STOP GROWING RR RULE*****
2026-04-14 12:00:21,232 - INFO - ***RR NOT FOUND***
2026-04-14 12:00:21,235 - INFO - Iteracja 2: condition_best: RUN >= 7.00, quality_best: 0.767, coverage_best: (p=8, n=1, P=10, N=30)
2026-04-14 12:00:21,235 - INFO - Regula po iteracji 2: IF TIME >= 29.51 AND TIME <= 120.55 AND RUN >= 7.00 THEN class = {66.88} [50.09, 83.66], (p=8, n=1, P=10, N=30)
2026-04-14 12:00:21,235 - INFO - *****GROWING RR RULE*****
2026-04-14 12:00:21,250 - INFO - Iteracja 0: condition_best: None, quality_best: -inf, coverage_best: (p=0, n=0, P=0, N=0), p_value: 0
2026-04-14 12:00:21,250 - INFO - Regula po iteracji 0: IF  THEN class = {33.93} [6.87, 61.00], (p=29, n=11, P=29, N=11)
2026-04-14 12:00:21,250 - INFO - *****STOP GROWING RR RULE*****
2026-04-14 12:00:21,250 - INFO - ***RR NOT FOUND***
2026-04-14 12:00:21,253 - INFO - Iteracja 3: condition_best: RUN >= 8.50, quality_best: 0.708, coverage_best: (p=7, n=1, P=10, N=30)
2026-04-14 12:00:21,253 - INFO - Regula po iteracji 3: IF TIME >= 29.51 AND TIME <= 120.55 AND RUN >= 7.00 AND RUN >= 8.50 THEN class = {66.29} [48.57, 84.00], (p=7, n=1, P=10, N=30)
2026-04-14 12:00:21,253 - INFO - *****GROWING RR RULE*****
2026-04-14 12:00:21,268 - INFO - Iteracja 0: condition_best: None, quality_best: -inf, coverage_best: (p=0, n=0, P=0, N=0), p_value: 0
2026-04-14 12:00:21,268 - INFO - Regula po iteracji 0: IF  THEN class = {33.93} [6.87, 61.00], (p=29, n=11, P=29, N=11)
2026-04-14 12:00:21,268 - INFO - *****STOP GROWING RR RULE*****
2026-04-14 12:00:21,268 - INFO - ***RR NOT FOUND***
2026-04-14 12:00:21,270 - INFO - Iteracja 4: condition_best: SENS >= 3.00, quality_best: 0.583, coverage_best: (p=5, n=1, P=10, N=30)
2026-04-14 12:00:21,270 - INFO - Regula po iteracji 4: IF TIME >= 29.51 AND TIME <= 120.55 AND RUN >= 7.00 AND RUN >= 8.50 AND SENS >= 3.00 THEN class = {64.12} [44.12, 84.11], (p=5, n=1, P=10, N=30)
2026-04-14 12:00:21,271 - INFO - *****GROWING RR RULE*****
2026-04-14 12:00:21,286 - INFO - Iteracja 0: condition_best: None, quality_best: -inf, coverage_best: (p=0, n=0, P=0, N=0), p_value: 0
2026-04-14 12:00:21,286 - INFO - Regula po iteracji 0: IF  THEN class = {33.93} [6.87, 61.00], (p=29, n=11, P=29, N=11)
2026-04-14 12:00:21,286 - INFO - *****STOP GROWING RR RULE*****
2026-04-14 12:00:21,286 - INFO - ***RR NOT FOUND***
2026-04-14 12:00:21,286 - INFO - *******STOP GROWING CR RULE*******
2026-04-14 12:00:21,286 - INFO - *******GROWING CR RULE*******
2026-04-14 12:00:21,294 - INFO - Iteracja 0: condition_best: TIME <= 37.67, quality_best: 0.677, coverage_best: (p=28, n=3, P=28, N=12)
2026-04-14 12:00:21,294 - INFO - Regula po iteracji 0: IF TIME <= 37.67 THEN class = {21.70} [5.40, 38.00], (p=28, n=3, P=28, N=12)
2026-04-14 12:00:21,294 - INFO - *****GROWING RR RULE*****
2026-04-14 12:00:21,309 - INFO - Iteracja 0: condition_best: None, quality_best: -inf, coverage_best: (p=0, n=0, P=0, N=0), p_value: 0
2026-04-14 12:00:21,309 - INFO - Regula po iteracji 0: IF  THEN class = {33.93} [6.87, 61.00], (p=29, n=11, P=29, N=11)
2026-04-14 12:00:21,309 - INFO - *****STOP GROWING RR RULE*****
2026-04-14 12:00:21,309 - INFO - ***RR NOT FOUND***
2026-04-14 12:00:21,316 - INFO - Iteracja 1: condition_best: RUN <= 30.50, quality_best: 0.707, coverage_best: (p=21, n=2, P=25, N=15)
2026-04-14 12:00:21,316 - INFO - Regula po iteracji 1: IF TIME <= 37.67 AND RUN <= 30.50 THEN class = {17.38} [4.26, 30.51], (p=21, n=2, P=25, N=15)
2026-04-14 12:00:21,316 - INFO - *****GROWING RR RULE*****
2026-04-14 12:00:21,331 - INFO - Iteracja 0: condition_best: None, quality_best: -inf, coverage_best: (p=0, n=0, P=0, N=0), p_value: 0
2026-04-14 12:00:21,331 - INFO - Regula po iteracji 0: IF  THEN class = {33.93} [6.87, 61.00], (p=29, n=11, P=29, N=11)
2026-04-14 12:00:21,331 - INFO - *****STOP GROWING RR RULE*****
2026-04-14 12:00:21,331 - INFO - ***RR NOT FOUND***
2026-04-14 12:00:21,337 - INFO - Iteracja 2: condition_best: RUN <= 23.50, quality_best: 0.691, coverage_best: (p=16, n=1, P=25, N=15)
2026-04-14 12:00:21,337 - INFO - Regula po iteracji 2: IF TIME <= 37.67 AND RUN <= 30.50 AND RUN <= 23.50 THEN class = {17.25} [2.97, 31.54], (p=16, n=1, P=25, N=15)
2026-04-14 12:00:21,337 - INFO - *****GROWING RR RULE*****
2026-04-14 12:00:21,352 - INFO - Iteracja 0: condition_best: None, quality_best: -inf, coverage_best: (p=0, n=0, P=0, N=0), p_value: 0
2026-04-14 12:00:21,352 - INFO - Regula po iteracji 0: IF  THEN class = {33.93} [6.87, 61.00], (p=29, n=11, P=29, N=11)
2026-04-14 12:00:21,352 - INFO - *****STOP GROWING RR RULE*****
2026-04-14 12:00:21,352 - INFO - ***RR NOT FOUND***
2026-04-14 12:00:21,356 - INFO - Iteracja 3: condition_best: RUN <= 22.50, quality_best: 0.667, coverage_best: (p=15, n=1, P=25, N=15)
2026-04-14 12:00:21,356 - INFO - Regula po iteracji 3: IF TIME <= 37.67 AND RUN <= 30.50 AND RUN <= 23.50 AND RUN <= 22.50 THEN class = {16.65} [2.14, 31.17], (p=15, n=1, P=25, N=15)
2026-04-14 12:00:21,356 - INFO - *****GROWING RR RULE*****
2026-04-14 12:00:21,372 - INFO - Iteracja 0: condition_best: None, quality_best: -inf, coverage_best: (p=0, n=0, P=0, N=0), p_value: 0
2026-04-14 12:00:21,372 - INFO - Regula po iteracji 0: IF  THEN class = {33.93} [6.87, 61.00], (p=29, n=11, P=29, N=11)
2026-04-14 12:00:21,372 - INFO - *****STOP GROWING RR RULE*****
2026-04-14 12:00:21,372 - INFO - ***RR NOT FOUND***
2026-04-14 12:00:21,376 - INFO - Iteracja 4: condition_best: RUN <= 21.50, quality_best: 0.641, coverage_best: (p=14, n=1, P=25, N=15)
2026-04-14 12:00:21,376 - INFO - Regula po iteracji 4: IF TIME <= 37.67 AND RUN <= 30.50 AND RUN <= 23.50 AND RUN <= 22.50 AND RUN <= 21.50 THEN class = {17.24} [2.43, 32.05], (p=14, n=1, P=25, N=15)
2026-04-14 12:00:21,376 - INFO - *****GROWING RR RULE*****
2026-04-14 12:00:21,391 - INFO - Iteracja 0: condition_best: None, quality_best: -inf, coverage_best: (p=0, n=0, P=0, N=0), p_value: 0
2026-04-14 12:00:21,391 - INFO - Regula po iteracji 0: IF  THEN class = {33.93} [6.87, 61.00], (p=29, n=11, P=29, N=11)
2026-04-14 12:00:21,391 - INFO - *****STOP GROWING RR RULE*****
2026-04-14 12:00:21,391 - INFO - ***RR NOT FOUND***
2026-04-14 12:00:21,391 - INFO - *******STOP GROWING CR RULE*******
2026-04-14 12:00:21,392 - INFO - *******GROWING CR RULE*******
2026-04-14 12:00:21,399 - INFO - Iteracja 0: condition_best: TIME <= 37.67, quality_best: 0.677, coverage_best: (p=28, n=3, P=28, N=12)
2026-04-14 12:00:21,400 - INFO - Regula po iteracji 0: IF TIME <= 37.67 THEN class = {21.70} [5.40, 38.00], (p=28, n=3, P=28, N=12)
2026-04-14 12:00:21,400 - INFO - *****GROWING RR RULE*****
2026-04-14 12:00:21,415 - INFO - Iteracja 0: condition_best: None, quality_best: -inf, coverage_best: (p=0, n=0, P=0, N=0), p_value: 0
2026-04-14 12:00:21,415 - INFO - Regula po iteracji 0: IF  THEN class = {33.93} [6.87, 61.00], (p=29, n=11, P=29, N=11)
2026-04-14 12:00:21,415 - INFO - *****STOP GROWING RR RULE*****
2026-04-14 12:00:21,415 - INFO - ***RR NOT FOUND***
2026-04-14 12:00:21,421 - INFO - Iteracja 1: condition_best: RUN <= 30.50, quality_best: 0.707, coverage_best: (p=21, n=2, P=25, N=15)
2026-04-14 12:00:21,421 - INFO - Regula po iteracji 1: IF TIME <= 37.67 AND RUN <= 30.50 THEN class = {17.38} [4.26, 30.51], (p=21, n=2, P=25, N=15)
2026-04-14 12:00:21,421 - INFO - *****GROWING RR RULE*****
2026-04-14 12:00:21,436 - INFO - Iteracja 0: condition_best: None, quality_best: -inf, coverage_best: (p=0, n=0, P=0, N=0), p_value: 0
2026-04-14 12:00:21,437 - INFO - Regula po iteracji 0: IF  THEN class = {33.93} [6.87, 61.00], (p=29, n=11, P=29, N=11)
2026-04-14 12:00:21,437 - INFO - *****STOP GROWING RR RULE*****
2026-04-14 12:00:21,437 - INFO - ***RR NOT FOUND***
2026-04-14 12:00:21,442 - INFO - Iteracja 2: condition_best: RUN <= 29.50, quality_best: 0.682, coverage_best: (p=20, n=2, P=25, N=15)
2026-04-14 12:00:21,442 - INFO - Regula po iteracji 2: IF TIME <= 37.67 AND RUN <= 30.50 AND RUN <= 29.50 THEN class = {17.15} [3.78, 30.52], (p=20, n=2, P=25, N=15)
2026-04-14 12:00:21,442 - INFO - *****GROWING RR RULE*****
2026-04-14 12:00:21,457 - INFO - Iteracja 0: condition_best: None, quality_best: -inf, coverage_best: (p=0, n=0, P=0, N=0), p_value: 0
2026-04-14 12:00:21,457 - INFO - Regula po iteracji 0: IF  THEN class = {33.93} [6.87, 61.00], (p=29, n=11, P=29, N=11)
2026-04-14 12:00:21,457 - INFO - *****STOP GROWING RR RULE*****
2026-04-14 12:00:21,457 - INFO - ***RR NOT FOUND***
2026-04-14 12:00:21,462 - INFO - Iteracja 3: condition_best: TIME <= 23.12, quality_best: 0.675, coverage_best: (p=16, n=2, P=21, N=19)
2026-04-14 12:00:21,462 - INFO - Regula po iteracji 3: IF TIME <= 37.67 AND RUN <= 30.50 AND RUN <= 29.50 AND TIME <= 23.12 THEN class = {14.05} [7.28, 20.83], (p=16, n=2, P=21, N=19)
2026-04-14 12:00:21,462 - INFO - *****GROWING RR RULE*****
2026-04-14 12:00:21,477 - INFO - Iteracja 0: condition_best: None, quality_best: -inf, coverage_best: (p=0, n=0, P=0, N=0), p_value: 0
2026-04-14 12:00:21,477 - INFO - Regula po iteracji 0: IF  THEN class = {33.93} [6.87, 61.00], (p=29, n=11, P=29, N=11)
2026-04-14 12:00:21,477 - INFO - *****STOP GROWING RR RULE*****
2026-04-14 12:00:21,477 - INFO - ***RR NOT FOUND***
2026-04-14 12:00:21,482 - INFO - Iteracja 4: condition_best: SPEED1 <= 5.00, quality_best: 0.766, coverage_best: (p=15, n=1, P=20, N=20)
2026-04-14 12:00:21,482 - INFO - Regula po iteracji 4: IF TIME <= 37.67 AND RUN <= 30.50 AND RUN <= 29.50 AND TIME <= 23.12 AND SPEED1 <= 5.00 THEN class = {13.38} [7.00, 19.76], (p=15, n=1, P=20, N=20)
2026-04-14 12:00:21,482 - INFO - *****GROWING RR RULE*****
2026-04-14 12:00:21,497 - INFO - Iteracja 0: condition_best: None, quality_best: -inf, coverage_best: (p=0, n=0, P=0, N=0), p_value: 0
2026-04-14 12:00:21,497 - INFO - Regula po iteracji 0: IF  THEN class = {33.93} [6.87, 61.00], (p=29, n=11, P=29, N=11)
2026-04-14 12:00:21,497 - INFO - *****STOP GROWING RR RULE*****
2026-04-14 12:00:21,497 - INFO - ***RR NOT FOUND***
2026-04-14 12:00:21,497 - INFO - *******STOP GROWING CR RULE*******
2026-04-14 12:00:21,498 - INFO - *******GROWING CR RULE*******
2026-04-14 12:00:21,505 - INFO - Iteracja 0: condition_best: TIME <= 37.67, quality_best: 0.677, coverage_best: (p=28, n=3, P=28, N=12)
2026-04-14 12:00:21,505 - INFO - Regula po iteracji 0: IF TIME <= 37.67 THEN class = {21.70} [5.40, 38.00], (p=28, n=3, P=28, N=12)
2026-04-14 12:00:21,506 - INFO - *****GROWING RR RULE*****
2026-04-14 12:00:21,521 - INFO - Iteracja 0: condition_best: None, quality_best: -inf, coverage_best: (p=0, n=0, P=0, N=0), p_value: 0
2026-04-14 12:00:21,521 - INFO - Regula po iteracji 0: IF  THEN class = {33.93} [6.87, 61.00], (p=29, n=11, P=29, N=11)
2026-04-14 12:00:21,521 - INFO - *****STOP GROWING RR RULE*****
2026-04-14 12:00:21,521 - INFO - ***RR NOT FOUND***
2026-04-14 12:00:21,527 - INFO - Iteracja 1: condition_best: RUN <= 39.00, quality_best: 0.655, coverage_best: (p=27, n=3, P=28, N=12)
2026-04-14 12:00:21,527 - INFO - Regula po iteracji 1: IF TIME <= 37.67 AND RUN <= 39.00 THEN class = {21.31} [4.88, 37.74], (p=27, n=3, P=28, N=12)
2026-04-14 12:00:21,527 - INFO - *****GROWING RR RULE*****
2026-04-14 12:00:21,542 - INFO - Iteracja 0: condition_best: None, quality_best: -inf, coverage_best: (p=0, n=0, P=0, N=0), p_value: 0
2026-04-14 12:00:21,542 - INFO - Regula po iteracji 0: IF  THEN class = {33.93} [6.87, 61.00], (p=29, n=11, P=29, N=11)
2026-04-14 12:00:21,542 - INFO - *****STOP GROWING RR RULE*****
2026-04-14 12:00:21,542 - INFO - ***RR NOT FOUND***
2026-04-14 12:00:21,549 - INFO - Iteracja 2: condition_best: TIME <= 29.51, quality_best: 0.69, coverage_best: (p=24, n=3, P=25, N=15)
2026-04-14 12:00:21,549 - INFO - Regula po iteracji 2: IF TIME <= 37.67 AND RUN <= 39.00 AND TIME <= 29.51 THEN class = {17.76} [7.16, 28.37], (p=24, n=3, P=25, N=15)
2026-04-14 12:00:21,549 - INFO - *****GROWING RR RULE*****
2026-04-14 12:00:21,564 - INFO - Iteracja 0: condition_best: None, quality_best: -inf, coverage_best: (p=0, n=0, P=0, N=0), p_value: 0
2026-04-14 12:00:21,564 - INFO - Regula po iteracji 0: IF  THEN class = {33.93} [6.87, 61.00], (p=29, n=11, P=29, N=11)
2026-04-14 12:00:21,564 - INFO - *****STOP GROWING RR RULE*****
2026-04-14 12:00:21,564 - INFO - ***RR NOT FOUND***
2026-04-14 12:00:21,570 - INFO - Iteracja 3: condition_best: RUN <= 37.50, quality_best: 0.779, coverage_best: (p=24, n=2, P=25, N=15)
2026-04-14 12:00:21,570 - INFO - Regula po iteracji 3: IF TIME <= 37.67 AND RUN <= 39.00 AND TIME <= 29.51 AND RUN <= 37.50 THEN class = {17.12} [6.84, 27.40], (p=24, n=2, P=25, N=15)
2026-04-14 12:00:21,570 - INFO - *****GROWING RR RULE*****
2026-04-14 12:00:21,585 - INFO - Iteracja 0: condition_best: None, quality_best: -inf, coverage_best: (p=0, n=0, P=0, N=0), p_value: 0
2026-04-14 12:00:21,585 - INFO - Regula po iteracji 0: IF  THEN class = {33.93} [6.87, 61.00], (p=29, n=11, P=29, N=11)
2026-04-14 12:00:21,585 - INFO - *****STOP GROWING RR RULE*****
2026-04-14 12:00:21,585 - INFO - ***RR NOT FOUND***
2026-04-14 12:00:21,591 - INFO - Iteracja 4: condition_best: RUN <= 36.50, quality_best: 0.755, coverage_best: (p=23, n=2, P=25, N=15)
2026-04-14 12:00:21,591 - INFO - Regula po iteracji 4: IF TIME <= 37.67 AND RUN <= 39.00 AND TIME <= 29.51 AND RUN <= 37.50 AND RUN <= 36.50 THEN class = {16.84} [6.45, 27.23], (p=23, n=2, P=25, N=15)
2026-04-14 12:00:21,591 - INFO - *****GROWING RR RULE*****
2026-04-14 12:00:21,606 - INFO - Iteracja 0: condition_best: None, quality_best: -inf, coverage_best: (p=0, n=0, P=0, N=0), p_value: 0
2026-04-14 12:00:21,606 - INFO - Regula po iteracji 0: IF  THEN class = {33.93} [6.87, 61.00], (p=29, n=11, P=29, N=11)
2026-04-14 12:00:21,606 - INFO - *****STOP GROWING RR RULE*****
2026-04-14 12:00:21,606 - INFO - ***RR NOT FOUND***
2026-04-14 12:00:21,606 - INFO - *******STOP GROWING CR RULE*******
2026-04-14 12:00:21,607 - INFO - *******GROWING CR RULE*******
2026-04-14 12:00:21,614 - INFO - Iteracja 0: condition_best: TIME >= 120.55, quality_best: 1.0, coverage_best: (p=2, n=0, P=2, N=38)
2026-04-14 12:00:21,614 - INFO - Regula po iteracji 0: IF TIME >= 120.55 THEN class = {87.82} [86.30, 89.34], (p=2, n=0, P=2, N=38)
2026-04-14 12:00:21,615 - INFO - *****GROWING RR RULE*****
2026-04-14 12:00:21,630 - INFO - Iteracja 0: condition_best: None, quality_best: -inf, coverage_best: (p=0, n=0, P=0, N=0), p_value: 0
2026-04-14 12:00:21,630 - INFO - Regula po iteracji 0: IF  THEN class = {33.93} [6.87, 61.00], (p=29, n=11, P=29, N=11)
2026-04-14 12:00:21,630 - INFO - *****STOP GROWING RR RULE*****
2026-04-14 12:00:21,630 - INFO - ***RR NOT FOUND***
2026-04-14 12:00:21,631 - INFO - Iteracja 1: condition_best: RUN <= 35.50, quality_best: 1.0, coverage_best: (p=1, n=0, P=1, N=39)
2026-04-14 12:00:21,631 - INFO - Regula po iteracji 1: IF TIME >= 120.55 AND RUN <= 35.50 THEN class = {89.34} [89.34, 89.34], (p=1, n=0, P=1, N=39)
2026-04-14 12:00:21,631 - INFO - *****GROWING RR RULE*****
2026-04-14 12:00:21,646 - INFO - Iteracja 0: condition_best: None, quality_best: -inf, coverage_best: (p=0, n=0, P=0, N=0), p_value: 0
2026-04-14 12:00:21,646 - INFO - Regula po iteracji 0: IF  THEN class = {33.93} [6.87, 61.00], (p=29, n=11, P=29, N=11)
2026-04-14 12:00:21,646 - INFO - *****STOP GROWING RR RULE*****
2026-04-14 12:00:21,646 - INFO - ***RR NOT FOUND***
2026-04-14 12:00:21,647 - INFO - Iteracja 2: condition_best: None, quality_best: -inf, coverage_best: (p=0, n=0, P=0, N=0)
2026-04-14 12:00:21,647 - INFO - Regula po iteracji 2: IF TIME >= 120.55 AND RUN <= 35.50 THEN class = {89.34} [89.34, 89.34], (p=1, n=0, P=1, N=39)
2026-04-14 12:00:21,647 - INFO - *******STOP GROWING CR RULE*******
2026-04-14 12:00:21,647 - INFO - *******GROWING CR RULE*******
2026-04-14 12:00:21,655 - INFO - Iteracja 0: condition_best: TIME >= 120.55, quality_best: 1.0, coverage_best: (p=2, n=0, P=2, N=38)
2026-04-14 12:00:21,655 - INFO - Regula po iteracji 0: IF TIME >= 120.55 THEN class = {87.82} [86.30, 89.34], (p=2, n=0, P=2, N=38)
2026-04-14 12:00:21,655 - INFO - *****GROWING RR RULE*****
2026-04-14 12:00:21,670 - INFO - Iteracja 0: condition_best: None, quality_best: -inf, coverage_best: (p=0, n=0, P=0, N=0), p_value: 0
2026-04-14 12:00:21,670 - INFO - Regula po iteracji 0: IF  THEN class = {33.93} [6.87, 61.00], (p=29, n=11, P=29, N=11)
2026-04-14 12:00:21,670 - INFO - *****STOP GROWING RR RULE*****
2026-04-14 12:00:21,670 - INFO - ***RR NOT FOUND***
2026-04-14 12:00:21,671 - INFO - Iteracja 1: condition_best: RUN <= 35.50, quality_best: 1.0, coverage_best: (p=1, n=0, P=1, N=39)
2026-04-14 12:00:21,671 - INFO - Regula po iteracji 1: IF TIME >= 120.55 AND RUN <= 35.50 THEN class = {89.34} [89.34, 89.34], (p=1, n=0, P=1, N=39)
2026-04-14 12:00:21,671 - INFO - *****GROWING RR RULE*****
2026-04-14 12:00:21,686 - INFO - Iteracja 0: condition_best: None, quality_best: -inf, coverage_best: (p=0, n=0, P=0, N=0), p_value: 0
2026-04-14 12:00:21,686 - INFO - Regula po iteracji 0: IF  THEN class = {33.93} [6.87, 61.00], (p=29, n=11, P=29, N=11)
2026-04-14 12:00:21,686 - INFO - *****STOP GROWING RR RULE*****
2026-04-14 12:00:21,687 - INFO - ***RR NOT FOUND***
2026-04-14 12:00:21,687 - INFO - Iteracja 2: condition_best: None, quality_best: -inf, coverage_best: (p=0, n=0, P=0, N=0)
2026-04-14 12:00:21,687 - INFO - Regula po iteracji 2: IF TIME >= 120.55 AND RUN <= 35.50 THEN class = {89.34} [89.34, 89.34], (p=1, n=0, P=1, N=39)
2026-04-14 12:00:21,687 - INFO - *******STOP GROWING CR RULE*******
2026-04-14 12:00:21,689 - INFO - ************************Finished experiment for bolts.arff with algorithm************************
2026-04-14 12:00:21,689 - INFO - *************************************************************************************************************************
2026-04-14 12:00:21,689 - INFO - *************************************************************************************************************************
2026-04-14 12:00:21,689 - INFO - *************************************************************************************************************************
