2026-04-14 12:22:08,559 - INFO - **********Starting experiment for meta.arff with algorithm_rulekit**********
2026-04-14 12:22:09,252 - INFO - ************************Finished experiment for meta.arff with algorithm_rulekit************************
2026-04-14 12:22:09,252 - INFO - *************************************************************************************************************************
2026-04-14 12:22:09,252 - INFO - *************************************************************************************************************************
2026-04-14 12:22:09,252 - INFO - *************************************************************************************************************************
2026-04-14 12:22:09,253 - INFO - **********Starting experiment for meta.arff with algorithm_rer**********
2026-04-14 12:22:09,267 - INFO - *******GROWING CR RULE*******
2026-04-14 12:22:09,337 - INFO - Iteracja 0: condition_best: T <= 2,155.00, quality_best: 0.715, coverage_best: (p=203, n=1, P=350, N=19)
2026-04-14 12:22:09,337 - INFO - Regula po iteracji 0: IF T <= 2,155.00 THEN class = {27.79} [-185.50, 241.07], (p=203, n=1, P=350, N=19)
2026-04-14 12:22:09,363 - INFO - Iteracja 1: condition_best: Hc >= 0.63, quality_best: 0.685, coverage_best: (p=188, n=1, P=351, N=18)
2026-04-14 12:22:09,363 - INFO - Regula po iteracji 1: IF T <= 2,155.00 AND Hc >= 0.63 THEN class = {29.33} [-192.17, 250.84], (p=188, n=1, P=351, N=18)
2026-04-14 12:22:09,385 - INFO - Iteracja 2: condition_best: Bin <= 26.00, quality_best: 0.657, coverage_best: (p=172, n=1, P=351, N=18)
2026-04-14 12:22:09,385 - INFO - Regula po iteracji 2: IF T <= 2,155.00 AND Hc >= 0.63 AND Bin <= 26.00 THEN class = {31.02} [-200.40, 262.44], (p=172, n=1, P=351, N=18)
2026-04-14 12:22:09,404 - INFO - Iteracja 3: condition_best: p <= 108.00, quality_best: 0.613, coverage_best: (p=155, n=1, P=353, N=16)
2026-04-14 12:22:09,404 - INFO - Regula po iteracji 3: IF T <= 2,155.00 AND Hc >= 0.63 AND Bin <= 26.00 AND p <= 108.00 THEN class = {31.32} [-211.79, 274.42], (p=155, n=1, P=353, N=16)
2026-04-14 12:22:09,421 - INFO - Iteracja 4: condition_best: skewness <= 1.83, quality_best: 0.588, coverage_best: (p=142, n=1, P=353, N=16)
2026-04-14 12:22:09,421 - INFO - Regula po iteracji 4: IF T <= 2,155.00 AND Hc >= 0.63 AND Bin <= 26.00 AND p <= 108.00 AND skewness <= 1.83 THEN class = {33.48} [-220.26, 287.23], (p=142, n=1, P=353, N=16)
2026-04-14 12:22:09,421 - INFO - *******STOP GROWING CR RULE*******
2026-04-14 12:22:09,424 - INFO - *******GROWING CR RULE*******
2026-04-14 12:22:09,469 - INFO - Iteracja 0: condition_best: T <= 2,155.00, quality_best: 0.715, coverage_best: (p=203, n=1, P=350, N=19)
2026-04-14 12:22:09,469 - INFO - Regula po iteracji 0: IF T <= 2,155.00 THEN class = {27.79} [-185.50, 241.07], (p=203, n=1, P=350, N=19)
2026-04-14 12:22:09,490 - INFO - Iteracja 1: condition_best: Hc >= 0.63, quality_best: 0.685, coverage_best: (p=188, n=1, P=351, N=18)
2026-04-14 12:22:09,491 - INFO - Regula po iteracji 1: IF T <= 2,155.00 AND Hc >= 0.63 THEN class = {29.33} [-192.17, 250.84], (p=188, n=1, P=351, N=18)
2026-04-14 12:22:09,510 - INFO - Iteracja 2: condition_best: Bin <= 26.00, quality_best: 0.657, coverage_best: (p=172, n=1, P=351, N=18)
2026-04-14 12:22:09,510 - INFO - Regula po iteracji 2: IF T <= 2,155.00 AND Hc >= 0.63 AND Bin <= 26.00 THEN class = {31.02} [-200.40, 262.44], (p=172, n=1, P=351, N=18)
2026-04-14 12:22:09,528 - INFO - Iteracja 3: condition_best: p <= 108.00, quality_best: 0.613, coverage_best: (p=155, n=1, P=353, N=16)
2026-04-14 12:22:09,528 - INFO - Regula po iteracji 3: IF T <= 2,155.00 AND Hc >= 0.63 AND Bin <= 26.00 AND p <= 108.00 THEN class = {31.32} [-211.79, 274.42], (p=155, n=1, P=353, N=16)
2026-04-14 12:22:09,543 - INFO - Iteracja 4: condition_best: Sdratio <= 1.53, quality_best: 0.586, coverage_best: (p=141, n=1, P=353, N=16)
2026-04-14 12:22:09,543 - INFO - Regula po iteracji 4: IF T <= 2,155.00 AND Hc >= 0.63 AND Bin <= 26.00 AND p <= 108.00 AND Sdratio <= 1.53 THEN class = {33.11} [-221.60, 287.82], (p=141, n=1, P=353, N=16)
2026-04-14 12:22:09,543 - INFO - *******STOP GROWING CR RULE*******
2026-04-14 12:22:09,545 - INFO - *******GROWING CR RULE*******
2026-04-14 12:22:09,590 - INFO - Iteracja 0: condition_best: T <= 2,155.00, quality_best: 0.715, coverage_best: (p=203, n=1, P=350, N=19)
2026-04-14 12:22:09,590 - INFO - Regula po iteracji 0: IF T <= 2,155.00 THEN class = {27.79} [-185.50, 241.07], (p=203, n=1, P=350, N=19)
2026-04-14 12:22:09,611 - INFO - Iteracja 1: condition_best: Hc >= 0.63, quality_best: 0.685, coverage_best: (p=188, n=1, P=351, N=18)
2026-04-14 12:22:09,611 - INFO - Regula po iteracji 1: IF T <= 2,155.00 AND Hc >= 0.63 THEN class = {29.33} [-192.17, 250.84], (p=188, n=1, P=351, N=18)
2026-04-14 12:22:09,631 - INFO - Iteracja 2: condition_best: Bin <= 26.00, quality_best: 0.657, coverage_best: (p=172, n=1, P=351, N=18)
2026-04-14 12:22:09,631 - INFO - Regula po iteracji 2: IF T <= 2,155.00 AND Hc >= 0.63 AND Bin <= 26.00 THEN class = {31.02} [-200.40, 262.44], (p=172, n=1, P=351, N=18)
2026-04-14 12:22:09,648 - INFO - Iteracja 3: condition_best: p >= 7.00, quality_best: 0.613, coverage_best: (p=155, n=1, P=353, N=16)
2026-04-14 12:22:09,648 - INFO - Regula po iteracji 3: IF T <= 2,155.00 AND Hc >= 0.63 AND Bin <= 26.00 AND p >= 7.00 THEN class = {33.06} [-210.52, 276.65], (p=155, n=1, P=353, N=16)
2026-04-14 12:22:09,664 - INFO - Iteracja 4: condition_best: p >= 10.50, quality_best: 0.58, coverage_best: (p=138, n=1, P=353, N=16)
2026-04-14 12:22:09,664 - INFO - Regula po iteracji 4: IF T <= 2,155.00 AND Hc >= 0.63 AND Bin <= 26.00 AND p >= 7.00 AND p >= 10.50 THEN class = {36.76} [-221.05, 294.56], (p=138, n=1, P=353, N=16)
2026-04-14 12:22:09,664 - INFO - *******STOP GROWING CR RULE*******
2026-04-14 12:22:09,666 - INFO - *******GROWING CR RULE*******
2026-04-14 12:22:09,711 - INFO - Iteracja 0: condition_best: T <= 2,155.00, quality_best: 0.715, coverage_best: (p=203, n=1, P=350, N=19)
2026-04-14 12:22:09,711 - INFO - Regula po iteracji 0: IF T <= 2,155.00 THEN class = {27.79} [-185.50, 241.07], (p=203, n=1, P=350, N=19)
2026-04-14 12:22:09,732 - INFO - Iteracja 1: condition_best: Hc >= 0.63, quality_best: 0.685, coverage_best: (p=188, n=1, P=351, N=18)
2026-04-14 12:22:09,732 - INFO - Regula po iteracji 1: IF T <= 2,155.00 AND Hc >= 0.63 THEN class = {29.33} [-192.17, 250.84], (p=188, n=1, P=351, N=18)
2026-04-14 12:22:09,751 - INFO - Iteracja 2: condition_best: p <= 112.50, quality_best: 0.655, coverage_best: (p=171, n=1, P=351, N=18)
2026-04-14 12:22:09,751 - INFO - Regula po iteracji 2: IF T <= 2,155.00 AND Hc >= 0.63 AND p <= 112.50 THEN class = {29.44} [-202.19, 261.06], (p=171, n=1, P=351, N=18)
2026-04-14 12:22:09,769 - INFO - Iteracja 3: condition_best: skewness <= 1.93, quality_best: 0.626, coverage_best: (p=158, n=1, P=352, N=17)
2026-04-14 12:22:09,769 - INFO - Regula po iteracji 3: IF T <= 2,155.00 AND Hc >= 0.63 AND p <= 112.50 AND skewness <= 1.93 THEN class = {31.23} [-209.53, 271.99], (p=158, n=1, P=352, N=17)
2026-04-14 12:22:09,785 - INFO - Iteracja 4: condition_best: Sdratio <= 1.53, quality_best: 0.592, coverage_best: (p=144, n=1, P=353, N=16)
2026-04-14 12:22:09,785 - INFO - Regula po iteracji 4: IF T <= 2,155.00 AND Hc >= 0.63 AND p <= 112.50 AND skewness <= 1.93 AND Sdratio <= 1.53 THEN class = {32.98} [-219.05, 285.00], (p=144, n=1, P=353, N=16)
2026-04-14 12:22:09,785 - INFO - *******STOP GROWING CR RULE*******
2026-04-14 12:22:09,787 - INFO - *******GROWING CR RULE*******
2026-04-14 12:22:09,831 - INFO - Iteracja 0: condition_best: T <= 2,155.00, quality_best: 0.715, coverage_best: (p=203, n=1, P=350, N=19)
2026-04-14 12:22:09,831 - INFO - Regula po iteracji 0: IF T <= 2,155.00 THEN class = {27.79} [-185.50, 241.07], (p=203, n=1, P=350, N=19)
2026-04-14 12:22:09,852 - INFO - Iteracja 1: condition_best: Bin <= 26.00, quality_best: 0.683, coverage_best: (p=187, n=1, P=351, N=18)
2026-04-14 12:22:09,852 - INFO - Regula po iteracji 1: IF T <= 2,155.00 AND Bin <= 26.00 THEN class = {29.21} [-192.88, 251.30], (p=187, n=1, P=351, N=18)
2026-04-14 12:22:09,871 - INFO - Iteracja 2: condition_best: p <= 118.50, quality_best: 0.653, coverage_best: (p=170, n=1, P=351, N=18)
2026-04-14 12:22:09,871 - INFO - Regula po iteracji 2: IF T <= 2,155.00 AND Bin <= 26.00 AND p <= 118.50 THEN class = {29.30} [-203.00, 261.60], (p=170, n=1, P=351, N=18)
2026-04-14 12:22:09,888 - INFO - Iteracja 3: condition_best: skewness <= 1.83, quality_best: 0.624, coverage_best: (p=157, n=1, P=352, N=17)
2026-04-14 12:22:09,888 - INFO - Regula po iteracji 3: IF T <= 2,155.00 AND Bin <= 26.00 AND p <= 118.50 AND skewness <= 1.83 THEN class = {31.10} [-210.43, 272.62], (p=157, n=1, P=352, N=17)
2026-04-14 12:22:09,903 - INFO - Iteracja 4: condition_best: Sdratio <= 1.53, quality_best: 0.59, coverage_best: (p=143, n=1, P=353, N=16)
2026-04-14 12:22:09,903 - INFO - Regula po iteracji 4: IF T <= 2,155.00 AND Bin <= 26.00 AND p <= 118.50 AND skewness <= 1.83 AND Sdratio <= 1.53 THEN class = {32.84} [-220.06, 285.74], (p=143, n=1, P=353, N=16)
2026-04-14 12:22:09,904 - INFO - *******STOP GROWING CR RULE*******
2026-04-14 12:22:09,905 - INFO - *******GROWING CR RULE*******
2026-04-14 12:22:09,949 - INFO - Iteracja 0: condition_best: T <= 3,835.00, quality_best: 0.667, coverage_best: (p=254, n=3, P=350, N=19)
2026-04-14 12:22:09,950 - INFO - Regula po iteracji 0: IF T <= 3,835.00 THEN class = {30.15} [-162.05, 222.36], (p=254, n=3, P=350, N=19)
2026-04-14 12:22:09,978 - INFO - Iteracja 1: condition_best: Sdratio <= 3.12, quality_best: 0.773, coverage_best: (p=239, n=1, P=350, N=19)
2026-04-14 12:22:09,978 - INFO - Regula po iteracji 1: IF T <= 3,835.00 AND Sdratio <= 3.12 THEN class = {29.08} [-168.54, 226.70], (p=239, n=1, P=350, N=19)
2026-04-14 12:22:10,004 - INFO - Iteracja 2: condition_best: Hc >= 0.63, quality_best: 0.749, coverage_best: (p=224, n=1, P=350, N=19)
2026-04-14 12:22:10,004 - INFO - Regula po iteracji 2: IF T <= 3,835.00 AND Sdratio <= 3.12 AND Hc >= 0.63 THEN class = {30.46} [-173.55, 234.48], (p=224, n=1, P=350, N=19)
2026-04-14 12:22:10,027 - INFO - Iteracja 3: condition_best: Bin <= 26.00, quality_best: 0.723, coverage_best: (p=208, n=1, P=350, N=19)
2026-04-14 12:22:10,027 - INFO - Regula po iteracji 3: IF T <= 3,835.00 AND Sdratio <= 3.12 AND Hc >= 0.63 AND Bin <= 26.00 THEN class = {31.95} [-179.64, 243.53], (p=208, n=1, P=350, N=19)
2026-04-14 12:22:10,049 - INFO - Iteracja 4: condition_best: p <= 118.00, quality_best: 0.69, coverage_best: (p=191, n=1, P=351, N=18)
2026-04-14 12:22:10,049 - INFO - Regula po iteracji 4: IF T <= 3,835.00 AND Sdratio <= 3.12 AND Hc >= 0.63 AND Bin <= 26.00 AND p <= 118.00 THEN class = {32.27} [-187.94, 252.49], (p=191, n=1, P=351, N=18)
2026-04-14 12:22:10,050 - INFO - *******STOP GROWING CR RULE*******
2026-04-14 12:22:10,051 - INFO - *******GROWING CR RULE*******
2026-04-14 12:22:10,094 - INFO - Iteracja 0: condition_best: T <= 3,835.00, quality_best: 0.667, coverage_best: (p=254, n=3, P=350, N=19)
2026-04-14 12:22:10,095 - INFO - Regula po iteracji 0: IF T <= 3,835.00 THEN class = {30.15} [-162.05, 222.36], (p=254, n=3, P=350, N=19)
2026-04-14 12:22:10,121 - INFO - Iteracja 1: condition_best: T >= 729.00, quality_best: 0.639, coverage_best: (p=207, n=2, P=351, N=18)
2026-04-14 12:22:10,121 - INFO - Regula po iteracji 1: IF T <= 3,835.00 AND T >= 729.00 THEN class = {35.52} [-177.18, 248.22], (p=207, n=2, P=351, N=18)
2026-04-14 12:22:10,144 - INFO - Iteracja 2: condition_best: kurtosis >= 4.25, quality_best: 0.641, coverage_best: (p=170, n=1, P=353, N=16)
2026-04-14 12:22:10,144 - INFO - Regula po iteracji 2: IF T <= 3,835.00 AND T >= 729.00 AND kurtosis >= 4.25 THEN class = {39.31} [-195.18, 273.80], (p=170, n=1, P=353, N=16)
2026-04-14 12:22:10,163 - INFO - Iteracja 3: condition_best: Hc >= 0.63, quality_best: 0.613, coverage_best: (p=155, n=1, P=353, N=16)
2026-04-14 12:22:10,163 - INFO - Regula po iteracji 3: IF T <= 3,835.00 AND T >= 729.00 AND kurtosis >= 4.25 AND Hc >= 0.63 THEN class = {42.29} [-203.00, 287.57], (p=155, n=1, P=353, N=16)
2026-04-14 12:22:10,179 - INFO - Iteracja 4: condition_best: T >= 807.00, quality_best: 0.58, coverage_best: (p=138, n=1, P=353, N=16)
2026-04-14 12:22:10,179 - INFO - Regula po iteracji 4: IF T <= 3,835.00 AND T >= 729.00 AND kurtosis >= 4.25 AND Hc >= 0.63 AND T >= 807.00 THEN class = {47.11} [-212.33, 306.55], (p=138, n=1, P=353, N=16)
2026-04-14 12:22:10,179 - INFO - *******STOP GROWING CR RULE*******
2026-04-14 12:22:10,180 - INFO - *******GROWING CR RULE*******
2026-04-14 12:22:10,223 - INFO - Iteracja 0: condition_best: k <= 6.50, quality_best: 0.652, coverage_best: (p=246, n=3, P=350, N=19)
2026-04-14 12:22:10,223 - INFO - Regula po iteracji 0: IF k <= 6.50 THEN class = {29.89} [-172.68, 232.47], (p=246, n=3, P=350, N=19)
2026-04-14 12:22:10,250 - INFO - Iteracja 1: condition_best: EnAtr <= 114.09, quality_best: 0.701, coverage_best: (p=236, n=2, P=350, N=19)
2026-04-14 12:22:10,250 - INFO - Regula po iteracji 1: IF k <= 6.50 AND EnAtr <= 114.09 THEN class = {29.09} [-176.16, 234.34], (p=236, n=2, P=350, N=19)
2026-04-14 12:22:10,274 - INFO - Iteracja 2: condition_best: NSRatio <= 84.68, quality_best: 0.674, coverage_best: (p=221, n=2, P=350, N=19)
2026-04-14 12:22:10,274 - INFO - Regula po iteracji 2: IF k <= 6.50 AND EnAtr <= 114.09 AND NSRatio <= 84.68 THEN class = {30.48} [-181.48, 242.44], (p=221, n=2, P=350, N=19)
2026-04-14 12:22:10,297 - INFO - Iteracja 3: condition_best: Bin <= 26.00, quality_best: 0.635, coverage_best: (p=205, n=2, P=351, N=18)
2026-04-14 12:22:10,297 - INFO - Regula po iteracji 3: IF k <= 6.50 AND EnAtr <= 114.09 AND NSRatio <= 84.68 AND Bin <= 26.00 THEN class = {31.98} [-187.92, 251.89], (p=205, n=2, P=351, N=18)
2026-04-14 12:22:10,318 - INFO - Iteracja 4: condition_best: p <= 108.00, quality_best: 0.602, coverage_best: (p=188, n=2, P=351, N=18)
2026-04-14 12:22:10,318 - INFO - Regula po iteracji 4: IF k <= 6.50 AND EnAtr <= 114.09 AND NSRatio <= 84.68 AND Bin <= 26.00 AND p <= 108.00 THEN class = {32.31} [-196.69, 261.32], (p=188, n=2, P=351, N=18)
2026-04-14 12:22:10,318 - INFO - *******STOP GROWING CR RULE*******
2026-04-14 12:22:10,319 - INFO - *******GROWING CR RULE*******
2026-04-14 12:22:10,362 - INFO - Iteracja 0: condition_best: k <= 6.50, quality_best: 0.652, coverage_best: (p=246, n=3, P=350, N=19)
2026-04-14 12:22:10,362 - INFO - Regula po iteracji 0: IF k <= 6.50 THEN class = {29.89} [-172.68, 232.47], (p=246, n=3, P=350, N=19)
2026-04-14 12:22:10,387 - INFO - Iteracja 1: condition_best: T <= 11,740.00, quality_best: 0.692, coverage_best: (p=231, n=2, P=350, N=19)
2026-04-14 12:22:10,388 - INFO - Regula po iteracji 1: IF k <= 6.50 AND T <= 11,740.00 THEN class = {27.36} [-174.34, 229.05], (p=231, n=2, P=350, N=19)
2026-04-14 12:22:10,412 - INFO - Iteracja 2: condition_best: Bin <= 26.00, quality_best: 0.663, coverage_best: (p=215, n=2, P=350, N=19)
2026-04-14 12:22:10,412 - INFO - Regula po iteracji 2: IF k <= 6.50 AND T <= 11,740.00 AND Bin <= 26.00 THEN class = {28.56} [-180.37, 237.48], (p=215, n=2, P=350, N=19)
2026-04-14 12:22:10,434 - INFO - Iteracja 3: condition_best: p <= 118.50, quality_best: 0.622, coverage_best: (p=198, n=2, P=351, N=18)
2026-04-14 12:22:10,434 - INFO - Regula po iteracji 3: IF k <= 6.50 AND T <= 11,740.00 AND Bin <= 26.00 AND p <= 118.50 THEN class = {28.58} [-188.52, 245.68], (p=198, n=2, P=351, N=18)
2026-04-14 12:22:10,455 - INFO - Iteracja 4: condition_best: Bin <= 8.50, quality_best: 0.599, coverage_best: (p=174, n=6, P=315, N=54)
2026-04-14 12:22:10,455 - INFO - Regula po iteracji 4: IF k <= 6.50 AND T <= 11,740.00 AND Bin <= 26.00 AND p <= 118.50 AND Bin <= 8.50 THEN class = {14.11} [-26.74, 54.97], (p=174, n=6, P=315, N=54)
2026-04-14 12:22:10,455 - INFO - *******STOP GROWING CR RULE*******
2026-04-14 12:22:10,456 - INFO - *******GROWING CR RULE*******
2026-04-14 12:22:10,498 - INFO - Iteracja 0: condition_best: T <= 6,240.00, quality_best: 0.627, coverage_best: (p=266, n=4, P=350, N=19)
2026-04-14 12:22:10,498 - INFO - Regula po iteracji 0: IF T <= 6,240.00 THEN class = {32.16} [-156.23, 220.55], (p=266, n=4, P=350, N=19)
2026-04-14 12:22:10,527 - INFO - Iteracja 1: condition_best: Sdratio <= 3.12, quality_best: 0.727, coverage_best: (p=251, n=2, P=350, N=19)
2026-04-14 12:22:10,527 - INFO - Regula po iteracji 1: IF T <= 6,240.00 AND Sdratio <= 3.12 THEN class = {31.27} [-162.12, 224.67], (p=251, n=2, P=350, N=19)
2026-04-14 12:22:10,554 - INFO - Iteracja 2: condition_best: Hc >= 0.63, quality_best: 0.701, coverage_best: (p=236, n=2, P=350, N=19)
2026-04-14 12:22:10,554 - INFO - Regula po iteracji 2: IF T <= 6,240.00 AND Sdratio <= 3.12 AND Hc >= 0.63 THEN class = {32.72} [-166.58, 232.01], (p=236, n=2, P=350, N=19)
2026-04-14 12:22:10,579 - INFO - Iteracja 3: condition_best: Bin <= 26.00, quality_best: 0.672, coverage_best: (p=220, n=2, P=350, N=19)
2026-04-14 12:22:10,579 - INFO - Regula po iteracji 3: IF T <= 6,240.00 AND Sdratio <= 3.12 AND Hc >= 0.63 AND Bin <= 26.00 THEN class = {34.28} [-171.97, 240.52], (p=220, n=2, P=350, N=19)
2026-04-14 12:22:10,603 - INFO - Iteracja 4: condition_best: T >= 807.00, quality_best: 0.644, coverage_best: (p=172, n=1, P=353, N=16)
2026-04-14 12:22:10,603 - INFO - Regula po iteracji 4: IF T <= 6,240.00 AND Sdratio <= 3.12 AND Hc >= 0.63 AND Bin <= 26.00 AND T >= 807.00 THEN class = {42.85} [-190.02, 275.71], (p=172, n=1, P=353, N=16)
2026-04-14 12:22:10,603 - INFO - *******STOP GROWING CR RULE*******
2026-04-14 12:22:10,604 - INFO - *******GROWING CR RULE*******
2026-04-14 12:22:10,645 - INFO - Iteracja 0: condition_best: cancor1 <= 0.92, quality_best: 0.581, coverage_best: (p=274, n=5, P=350, N=19)
2026-04-14 12:22:10,645 - INFO - Regula po iteracji 0: IF cancor1 <= 0.92 THEN class = {36.52} [-157.41, 230.45], (p=274, n=5, P=350, N=19)
2026-04-14 12:22:10,677 - INFO - Iteracja 1: condition_best: N <= 18,350.00, quality_best: 0.702, coverage_best: (p=237, n=2, P=350, N=19)
2026-04-14 12:22:10,677 - INFO - Regula po iteracji 1: IF cancor1 <= 0.92 AND N <= 18,350.00 THEN class = {32.07} [-167.14, 231.29], (p=237, n=2, P=350, N=19)
2026-04-14 12:22:10,702 - INFO - Iteracja 2: condition_best: Hc >= 0.63, quality_best: 0.675, coverage_best: (p=222, n=2, P=350, N=19)
2026-04-14 12:22:10,702 - INFO - Regula po iteracji 2: IF cancor1 <= 0.92 AND N <= 18,350.00 AND Hc >= 0.63 THEN class = {33.66} [-172.00, 239.33], (p=222, n=2, P=350, N=19)
2026-04-14 12:22:10,725 - INFO - Iteracja 3: condition_best: k <= 50.50, quality_best: 0.642, coverage_best: (p=204, n=2, P=350, N=19)
2026-04-14 12:22:10,726 - INFO - Regula po iteracji 3: IF cancor1 <= 0.92 AND N <= 18,350.00 AND Hc >= 0.63 AND k <= 50.50 THEN class = {31.14} [-182.40, 244.68], (p=204, n=2, P=350, N=19)
2026-04-14 12:22:10,747 - INFO - Iteracja 4: condition_best: Bin <= 26.00, quality_best: 0.602, coverage_best: (p=188, n=2, P=351, N=18)
2026-04-14 12:22:10,747 - INFO - Regula po iteracji 4: IF cancor1 <= 0.92 AND N <= 18,350.00 AND Hc >= 0.63 AND k <= 50.50 AND Bin <= 26.00 THEN class = {32.83} [-189.42, 255.07], (p=188, n=2, P=351, N=18)
2026-04-14 12:22:10,747 - INFO - *******STOP GROWING CR RULE*******
2026-04-14 12:22:10,748 - INFO - *******GROWING CR RULE*******
2026-04-14 12:22:10,789 - INFO - Iteracja 0: condition_best: N <= 18,350.00, quality_best: 0.546, coverage_best: (p=286, n=6, P=350, N=19)
2026-04-14 12:22:10,789 - INFO - Regula po iteracji 0: IF N <= 18,350.00 THEN class = {37.15} [-151.52, 225.82], (p=286, n=6, P=350, N=19)
2026-04-14 12:22:10,821 - INFO - Iteracja 1: condition_best: Sdratio <= 3.12, quality_best: 0.637, coverage_best: (p=271, n=4, P=350, N=19)
2026-04-14 12:22:10,821 - INFO - Regula po iteracji 1: IF N <= 18,350.00 AND Sdratio <= 3.12 THEN class = {36.65} [-156.66, 229.95], (p=271, n=4, P=350, N=19)
2026-04-14 12:22:10,849 - INFO - Iteracja 2: condition_best: Hx <= 6.07, quality_best: 0.664, coverage_best: (p=252, n=3, P=350, N=19)
2026-04-14 12:22:10,849 - INFO - Regula po iteracji 2: IF N <= 18,350.00 AND Sdratio <= 3.12 AND Hx <= 6.07 THEN class = {35.59} [-163.88, 235.06], (p=252, n=3, P=350, N=19)
2026-04-14 12:22:10,876 - INFO - Iteracja 3: condition_best: Hc >= 0.63, quality_best: 0.635, coverage_best: (p=237, n=3, P=350, N=19)
2026-04-14 12:22:10,876 - INFO - Regula po iteracji 3: IF N <= 18,350.00 AND Sdratio <= 3.12 AND Hx <= 6.07 AND Hc >= 0.63 THEN class = {37.30} [-168.18, 242.77], (p=237, n=3, P=350, N=19)
2026-04-14 12:22:10,902 - INFO - Iteracja 4: condition_best: Bin <= 26.00, quality_best: 0.591, coverage_best: (p=221, n=3, P=351, N=18)
2026-04-14 12:22:10,902 - INFO - Regula po iteracji 4: IF N <= 18,350.00 AND Sdratio <= 3.12 AND Hx <= 6.07 AND Hc >= 0.63 AND Bin <= 26.00 THEN class = {39.17} [-173.38, 251.71], (p=221, n=3, P=351, N=18)
2026-04-14 12:22:10,902 - INFO - *******STOP GROWING CR RULE*******
2026-04-14 12:22:10,903 - INFO - *******GROWING CR RULE*******
2026-04-14 12:22:10,943 - INFO - Iteracja 0: condition_best: Sdratio <= 1.55, quality_best: 0.432, coverage_best: (p=262, n=7, P=350, N=19)
2026-04-14 12:22:10,943 - INFO - Regula po iteracji 0: IF Sdratio <= 1.55 THEN class = {36.59} [-164.35, 237.52], (p=262, n=7, P=350, N=19)
2026-04-14 12:22:10,972 - INFO - Iteracja 1: condition_best: Hc >= 0.36, quality_best: 0.502, coverage_best: (p=237, n=5, P=350, N=19)
2026-04-14 12:22:10,972 - INFO - Regula po iteracji 1: IF Sdratio <= 1.55 AND Hc >= 0.36 THEN class = {34.09} [-168.56, 236.75], (p=237, n=5, P=350, N=19)
2026-04-14 12:22:10,996 - INFO - Iteracja 2: condition_best: Hc >= 0.63, quality_best: 0.468, coverage_best: (p=222, n=5, P=350, N=19)
2026-04-14 12:22:10,996 - INFO - Regula po iteracji 2: IF Sdratio <= 1.55 AND Hc >= 0.36 AND Hc >= 0.63 THEN class = {35.80} [-173.33, 244.92], (p=222, n=5, P=350, N=19)
2026-04-14 12:22:11,019 - INFO - Iteracja 3: condition_best: MCx >= 0.03, quality_best: 0.445, coverage_best: (p=181, n=9, P=328, N=41)
2026-04-14 12:22:11,019 - INFO - Regula po iteracji 3: IF Sdratio <= 1.55 AND Hc >= 0.36 AND Hc >= 0.63 AND MCx >= 0.03 THEN class = {23.52} [-41.38, 88.42], (p=181, n=9, P=328, N=41)
2026-04-14 12:22:11,039 - INFO - Iteracja 4: condition_best: kurtosis >= 3.15, quality_best: 0.429, coverage_best: (p=150, n=7, P=329, N=40)
2026-04-14 12:22:11,039 - INFO - Regula po iteracji 4: IF Sdratio <= 1.55 AND Hc >= 0.36 AND Hc >= 0.63 AND MCx >= 0.03 AND kurtosis >= 3.15 THEN class = {24.88} [-45.31, 95.07], (p=150, n=7, P=329, N=40)
2026-04-14 12:22:11,039 - INFO - *******STOP GROWING CR RULE*******
2026-04-14 12:22:11,040 - INFO - *******GROWING CR RULE*******
2026-04-14 12:22:11,080 - INFO - Iteracja 0: condition_best: cancor1 >= 0.52, quality_best: 0.202, coverage_best: (p=346, n=3, P=365, N=4)
2026-04-14 12:22:11,080 - INFO - Regula po iteracji 0: IF cancor1 >= 0.52 THEN class = {118.56} [-802.47, 1,039.58], (p=346, n=3, P=365, N=4)
2026-04-14 12:22:11,119 - INFO - Iteracja 1: condition_best: EnAtr <= 114.09, quality_best: 0.174, coverage_best: (p=335, n=3, P=365, N=4)
2026-04-14 12:22:11,119 - INFO - Regula po iteracji 1: IF cancor1 >= 0.52 AND EnAtr <= 114.09 THEN class = {120.87} [-814.63, 1,056.37], (p=335, n=3, P=365, N=4)
2026-04-14 12:22:11,156 - INFO - Iteracja 2: condition_best: cancor1 >= 0.54, quality_best: 0.134, coverage_best: (p=320, n=3, P=365, N=4)
2026-04-14 12:22:11,156 - INFO - Regula po iteracji 2: IF cancor1 >= 0.52 AND EnAtr <= 114.09 AND cancor1 >= 0.54 THEN class = {126.10} [-830.56, 1,082.75], (p=320, n=3, P=365, N=4)
2026-04-14 12:22:11,192 - INFO - Iteracja 3: condition_best: skewness >= 0.30, quality_best: 0.093, coverage_best: (p=305, n=3, P=365, N=4)
2026-04-14 12:22:11,192 - INFO - Regula po iteracji 3: IF cancor1 >= 0.52 AND EnAtr <= 114.09 AND cancor1 >= 0.54 AND skewness >= 0.30 THEN class = {125.43} [-853.24, 1,104.11], (p=305, n=3, P=365, N=4)
2026-04-14 12:22:11,226 - INFO - Iteracja 4: condition_best: Bin <= 25.50, quality_best: 0.047, coverage_best: (p=289, n=3, P=365, N=4)
2026-04-14 12:22:11,227 - INFO - Regula po iteracji 4: IF cancor1 >= 0.52 AND EnAtr <= 114.09 AND cancor1 >= 0.54 AND skewness >= 0.30 AND Bin <= 25.50 THEN class = {131.70} [-873.05, 1,136.45], (p=289, n=3, P=365, N=4)
2026-04-14 12:22:11,227 - INFO - *******STOP GROWING CR RULE*******
2026-04-14 12:22:11,227 - INFO - *******GROWING CR RULE*******
2026-04-14 12:22:11,267 - INFO - Iteracja 0: condition_best: T <= 2,155.00, quality_best: 0.715, coverage_best: (p=203, n=1, P=350, N=19)
2026-04-14 12:22:11,267 - INFO - Regula po iteracji 0: IF T <= 2,155.00 THEN class = {27.79} [-185.50, 241.07], (p=203, n=1, P=350, N=19)
2026-04-14 12:22:11,286 - INFO - Iteracja 1: condition_best: Hc >= 0.63, quality_best: 0.685, coverage_best: (p=188, n=1, P=351, N=18)
2026-04-14 12:22:11,287 - INFO - Regula po iteracji 1: IF T <= 2,155.00 AND Hc >= 0.63 THEN class = {29.33} [-192.17, 250.84], (p=188, n=1, P=351, N=18)
2026-04-14 12:22:11,305 - INFO - Iteracja 2: condition_best: Bin <= 26.00, quality_best: 0.657, coverage_best: (p=172, n=1, P=351, N=18)
2026-04-14 12:22:11,305 - INFO - Regula po iteracji 2: IF T <= 2,155.00 AND Hc >= 0.63 AND Bin <= 26.00 THEN class = {31.02} [-200.40, 262.44], (p=172, n=1, P=351, N=18)
2026-04-14 12:22:11,322 - INFO - Iteracja 3: condition_best: p <= 108.00, quality_best: 0.613, coverage_best: (p=155, n=1, P=353, N=16)
2026-04-14 12:22:11,322 - INFO - Regula po iteracji 3: IF T <= 2,155.00 AND Hc >= 0.63 AND Bin <= 26.00 AND p <= 108.00 THEN class = {31.32} [-211.79, 274.42], (p=155, n=1, P=353, N=16)
2026-04-14 12:22:11,336 - INFO - Iteracja 4: condition_best: skewness <= 1.83, quality_best: 0.588, coverage_best: (p=142, n=1, P=353, N=16)
2026-04-14 12:22:11,336 - INFO - Regula po iteracji 4: IF T <= 2,155.00 AND Hc >= 0.63 AND Bin <= 26.00 AND p <= 108.00 AND skewness <= 1.83 THEN class = {33.48} [-220.26, 287.23], (p=142, n=1, P=353, N=16)
2026-04-14 12:22:11,336 - INFO - *******STOP GROWING CR RULE*******
2026-04-14 12:22:11,348 - INFO - ************************Finished experiment for meta.arff with algorithm_rer************************
2026-04-14 12:22:11,348 - INFO - *************************************************************************************************************************
2026-04-14 12:22:11,348 - INFO - *************************************************************************************************************************
2026-04-14 12:22:11,348 - INFO - *************************************************************************************************************************
2026-04-14 12:22:11,349 - INFO - **********Starting experiment for meta.arff with algorithm_rer_with_exceptions**********
2026-04-14 12:22:11,361 - INFO - *******GROWING CR RULE*******
2026-04-14 12:22:11,431 - INFO - Iteracja 0: condition_best: T <= 2,155.00, quality_best: 0.715, coverage_best: (p=203, n=1, P=350, N=19)
2026-04-14 12:22:11,431 - INFO - Regula po iteracji 0: IF T <= 2,155.00 THEN class = {27.79} [-185.50, 241.07], (p=203, n=1, P=350, N=19)
2026-04-14 12:22:11,432 - INFO - *****GROWING RR RULE*****
2026-04-14 12:22:11,510 - INFO - Iteracja 0: condition_best: None, quality_best: -inf, coverage_best: (p=0, n=0, P=0, N=0), p_value: 0
2026-04-14 12:22:11,510 - INFO - Regula po iteracji 0: IF  THEN class = {120.74} [-788.16, 1,029.64], (p=365, n=4, P=365, N=4)
2026-04-14 12:22:11,510 - INFO - *****STOP GROWING RR RULE*****
2026-04-14 12:22:11,511 - INFO - ***RR NOT FOUND***
2026-04-14 12:22:11,537 - INFO - Iteracja 1: condition_best: Hc >= 0.63, quality_best: 0.685, coverage_best: (p=188, n=1, P=351, N=18)
2026-04-14 12:22:11,537 - INFO - Regula po iteracji 1: IF T <= 2,155.00 AND Hc >= 0.63 THEN class = {29.33} [-192.17, 250.84], (p=188, n=1, P=351, N=18)
2026-04-14 12:22:11,537 - INFO - *****GROWING RR RULE*****
2026-04-14 12:22:11,615 - INFO - Iteracja 0: condition_best: None, quality_best: -inf, coverage_best: (p=0, n=0, P=0, N=0), p_value: 0
2026-04-14 12:22:11,616 - INFO - Regula po iteracji 0: IF  THEN class = {120.74} [-788.16, 1,029.64], (p=365, n=4, P=365, N=4)
2026-04-14 12:22:11,616 - INFO - *****STOP GROWING RR RULE*****
2026-04-14 12:22:11,616 - INFO - ***RR NOT FOUND***
2026-04-14 12:22:11,638 - INFO - Iteracja 2: condition_best: Bin <= 26.00, quality_best: 0.657, coverage_best: (p=172, n=1, P=351, N=18)
2026-04-14 12:22:11,638 - INFO - Regula po iteracji 2: IF T <= 2,155.00 AND Hc >= 0.63 AND Bin <= 26.00 THEN class = {31.02} [-200.40, 262.44], (p=172, n=1, P=351, N=18)
2026-04-14 12:22:11,638 - INFO - *****GROWING RR RULE*****
2026-04-14 12:22:11,716 - INFO - Iteracja 0: condition_best: None, quality_best: -inf, coverage_best: (p=0, n=0, P=0, N=0), p_value: 0
2026-04-14 12:22:11,716 - INFO - Regula po iteracji 0: IF  THEN class = {120.74} [-788.16, 1,029.64], (p=365, n=4, P=365, N=4)
2026-04-14 12:22:11,716 - INFO - *****STOP GROWING RR RULE*****
2026-04-14 12:22:11,716 - INFO - ***RR NOT FOUND***
2026-04-14 12:22:11,736 - INFO - Iteracja 3: condition_best: p <= 108.00, quality_best: 0.613, coverage_best: (p=155, n=1, P=353, N=16)
2026-04-14 12:22:11,736 - INFO - Regula po iteracji 3: IF T <= 2,155.00 AND Hc >= 0.63 AND Bin <= 26.00 AND p <= 108.00 THEN class = {31.32} [-211.79, 274.42], (p=155, n=1, P=353, N=16)
2026-04-14 12:22:11,737 - INFO - *****GROWING RR RULE*****
2026-04-14 12:22:11,815 - INFO - Iteracja 0: condition_best: None, quality_best: -inf, coverage_best: (p=0, n=0, P=0, N=0), p_value: 0
2026-04-14 12:22:11,815 - INFO - Regula po iteracji 0: IF  THEN class = {120.74} [-788.16, 1,029.64], (p=365, n=4, P=365, N=4)
2026-04-14 12:22:11,815 - INFO - *****STOP GROWING RR RULE*****
2026-04-14 12:22:11,815 - INFO - ***RR NOT FOUND***
2026-04-14 12:22:11,832 - INFO - Iteracja 4: condition_best: skewness <= 1.83, quality_best: 0.588, coverage_best: (p=142, n=1, P=353, N=16)
2026-04-14 12:22:11,832 - INFO - Regula po iteracji 4: IF T <= 2,155.00 AND Hc >= 0.63 AND Bin <= 26.00 AND p <= 108.00 AND skewness <= 1.83 THEN class = {33.48} [-220.26, 287.23], (p=142, n=1, P=353, N=16)
2026-04-14 12:22:11,833 - INFO - *****GROWING RR RULE*****
2026-04-14 12:22:11,911 - INFO - Iteracja 0: condition_best: None, quality_best: -inf, coverage_best: (p=0, n=0, P=0, N=0), p_value: 0
2026-04-14 12:22:11,911 - INFO - Regula po iteracji 0: IF  THEN class = {120.74} [-788.16, 1,029.64], (p=365, n=4, P=365, N=4)
2026-04-14 12:22:11,911 - INFO - *****STOP GROWING RR RULE*****
2026-04-14 12:22:11,912 - INFO - ***RR NOT FOUND***
2026-04-14 12:22:11,912 - INFO - *******STOP GROWING CR RULE*******
2026-04-14 12:22:11,914 - INFO - *******GROWING CR RULE*******
2026-04-14 12:22:11,960 - INFO - Iteracja 0: condition_best: T <= 2,155.00, quality_best: 0.715, coverage_best: (p=203, n=1, P=350, N=19)
2026-04-14 12:22:11,961 - INFO - Regula po iteracji 0: IF T <= 2,155.00 THEN class = {27.79} [-185.50, 241.07], (p=203, n=1, P=350, N=19)
2026-04-14 12:22:11,961 - INFO - *****GROWING RR RULE*****
2026-04-14 12:22:12,039 - INFO - Iteracja 0: condition_best: None, quality_best: -inf, coverage_best: (p=0, n=0, P=0, N=0), p_value: 0
2026-04-14 12:22:12,039 - INFO - Regula po iteracji 0: IF  THEN class = {120.74} [-788.16, 1,029.64], (p=365, n=4, P=365, N=4)
2026-04-14 12:22:12,039 - INFO - *****STOP GROWING RR RULE*****
2026-04-14 12:22:12,039 - INFO - ***RR NOT FOUND***
2026-04-14 12:22:12,060 - INFO - Iteracja 1: condition_best: Hc >= 0.63, quality_best: 0.685, coverage_best: (p=188, n=1, P=351, N=18)
2026-04-14 12:22:12,061 - INFO - Regula po iteracji 1: IF T <= 2,155.00 AND Hc >= 0.63 THEN class = {29.33} [-192.17, 250.84], (p=188, n=1, P=351, N=18)
2026-04-14 12:22:12,061 - INFO - *****GROWING RR RULE*****
2026-04-14 12:22:12,139 - INFO - Iteracja 0: condition_best: None, quality_best: -inf, coverage_best: (p=0, n=0, P=0, N=0), p_value: 0
2026-04-14 12:22:12,139 - INFO - Regula po iteracji 0: IF  THEN class = {120.74} [-788.16, 1,029.64], (p=365, n=4, P=365, N=4)
2026-04-14 12:22:12,139 - INFO - *****STOP GROWING RR RULE*****
2026-04-14 12:22:12,139 - INFO - ***RR NOT FOUND***
2026-04-14 12:22:12,159 - INFO - Iteracja 2: condition_best: Bin <= 26.00, quality_best: 0.657, coverage_best: (p=172, n=1, P=351, N=18)
2026-04-14 12:22:12,159 - INFO - Regula po iteracji 2: IF T <= 2,155.00 AND Hc >= 0.63 AND Bin <= 26.00 THEN class = {31.02} [-200.40, 262.44], (p=172, n=1, P=351, N=18)
2026-04-14 12:22:12,159 - INFO - *****GROWING RR RULE*****
2026-04-14 12:22:12,237 - INFO - Iteracja 0: condition_best: None, quality_best: -inf, coverage_best: (p=0, n=0, P=0, N=0), p_value: 0
2026-04-14 12:22:12,237 - INFO - Regula po iteracji 0: IF  THEN class = {120.74} [-788.16, 1,029.64], (p=365, n=4, P=365, N=4)
2026-04-14 12:22:12,237 - INFO - *****STOP GROWING RR RULE*****
2026-04-14 12:22:12,238 - INFO - ***RR NOT FOUND***
2026-04-14 12:22:12,255 - INFO - Iteracja 3: condition_best: p <= 108.00, quality_best: 0.613, coverage_best: (p=155, n=1, P=353, N=16)
2026-04-14 12:22:12,255 - INFO - Regula po iteracji 3: IF T <= 2,155.00 AND Hc >= 0.63 AND Bin <= 26.00 AND p <= 108.00 THEN class = {31.32} [-211.79, 274.42], (p=155, n=1, P=353, N=16)
2026-04-14 12:22:12,256 - INFO - *****GROWING RR RULE*****
2026-04-14 12:22:12,334 - INFO - Iteracja 0: condition_best: None, quality_best: -inf, coverage_best: (p=0, n=0, P=0, N=0), p_value: 0
2026-04-14 12:22:12,334 - INFO - Regula po iteracji 0: IF  THEN class = {120.74} [-788.16, 1,029.64], (p=365, n=4, P=365, N=4)
2026-04-14 12:22:12,334 - INFO - *****STOP GROWING RR RULE*****
2026-04-14 12:22:12,334 - INFO - ***RR NOT FOUND***
2026-04-14 12:22:12,349 - INFO - Iteracja 4: condition_best: Sdratio <= 1.53, quality_best: 0.586, coverage_best: (p=141, n=1, P=353, N=16)
2026-04-14 12:22:12,349 - INFO - Regula po iteracji 4: IF T <= 2,155.00 AND Hc >= 0.63 AND Bin <= 26.00 AND p <= 108.00 AND Sdratio <= 1.53 THEN class = {33.11} [-221.60, 287.82], (p=141, n=1, P=353, N=16)
2026-04-14 12:22:12,349 - INFO - *****GROWING RR RULE*****
2026-04-14 12:22:12,427 - INFO - Iteracja 0: condition_best: None, quality_best: -inf, coverage_best: (p=0, n=0, P=0, N=0), p_value: 0
2026-04-14 12:22:12,428 - INFO - Regula po iteracji 0: IF  THEN class = {120.74} [-788.16, 1,029.64], (p=365, n=4, P=365, N=4)
2026-04-14 12:22:12,428 - INFO - *****STOP GROWING RR RULE*****
2026-04-14 12:22:12,428 - INFO - ***RR NOT FOUND***
2026-04-14 12:22:12,428 - INFO - *******STOP GROWING CR RULE*******
2026-04-14 12:22:12,430 - INFO - *******GROWING CR RULE*******
2026-04-14 12:22:12,475 - INFO - Iteracja 0: condition_best: T <= 2,155.00, quality_best: 0.715, coverage_best: (p=203, n=1, P=350, N=19)
2026-04-14 12:22:12,475 - INFO - Regula po iteracji 0: IF T <= 2,155.00 THEN class = {27.79} [-185.50, 241.07], (p=203, n=1, P=350, N=19)
2026-04-14 12:22:12,475 - INFO - *****GROWING RR RULE*****
2026-04-14 12:22:12,554 - INFO - Iteracja 0: condition_best: None, quality_best: -inf, coverage_best: (p=0, n=0, P=0, N=0), p_value: 0
2026-04-14 12:22:12,554 - INFO - Regula po iteracji 0: IF  THEN class = {120.74} [-788.16, 1,029.64], (p=365, n=4, P=365, N=4)
2026-04-14 12:22:12,554 - INFO - *****STOP GROWING RR RULE*****
2026-04-14 12:22:12,554 - INFO - ***RR NOT FOUND***
2026-04-14 12:22:12,575 - INFO - Iteracja 1: condition_best: Hc >= 0.63, quality_best: 0.685, coverage_best: (p=188, n=1, P=351, N=18)
2026-04-14 12:22:12,575 - INFO - Regula po iteracji 1: IF T <= 2,155.00 AND Hc >= 0.63 THEN class = {29.33} [-192.17, 250.84], (p=188, n=1, P=351, N=18)
2026-04-14 12:22:12,575 - INFO - *****GROWING RR RULE*****
2026-04-14 12:22:12,654 - INFO - Iteracja 0: condition_best: None, quality_best: -inf, coverage_best: (p=0, n=0, P=0, N=0), p_value: 0
2026-04-14 12:22:12,654 - INFO - Regula po iteracji 0: IF  THEN class = {120.74} [-788.16, 1,029.64], (p=365, n=4, P=365, N=4)
2026-04-14 12:22:12,654 - INFO - *****STOP GROWING RR RULE*****
2026-04-14 12:22:12,654 - INFO - ***RR NOT FOUND***
2026-04-14 12:22:12,674 - INFO - Iteracja 2: condition_best: Bin <= 26.00, quality_best: 0.657, coverage_best: (p=172, n=1, P=351, N=18)
2026-04-14 12:22:12,674 - INFO - Regula po iteracji 2: IF T <= 2,155.00 AND Hc >= 0.63 AND Bin <= 26.00 THEN class = {31.02} [-200.40, 262.44], (p=172, n=1, P=351, N=18)
2026-04-14 12:22:12,674 - INFO - *****GROWING RR RULE*****
2026-04-14 12:22:12,752 - INFO - Iteracja 0: condition_best: None, quality_best: -inf, coverage_best: (p=0, n=0, P=0, N=0), p_value: 0
2026-04-14 12:22:12,753 - INFO - Regula po iteracji 0: IF  THEN class = {120.74} [-788.16, 1,029.64], (p=365, n=4, P=365, N=4)
2026-04-14 12:22:12,753 - INFO - *****STOP GROWING RR RULE*****
2026-04-14 12:22:12,753 - INFO - ***RR NOT FOUND***
2026-04-14 12:22:12,770 - INFO - Iteracja 3: condition_best: p >= 7.00, quality_best: 0.613, coverage_best: (p=155, n=1, P=353, N=16)
2026-04-14 12:22:12,770 - INFO - Regula po iteracji 3: IF T <= 2,155.00 AND Hc >= 0.63 AND Bin <= 26.00 AND p >= 7.00 THEN class = {33.06} [-210.52, 276.65], (p=155, n=1, P=353, N=16)
2026-04-14 12:22:12,771 - INFO - *****GROWING RR RULE*****
2026-04-14 12:22:12,849 - INFO - Iteracja 0: condition_best: None, quality_best: -inf, coverage_best: (p=0, n=0, P=0, N=0), p_value: 0
2026-04-14 12:22:12,849 - INFO - Regula po iteracji 0: IF  THEN class = {120.74} [-788.16, 1,029.64], (p=365, n=4, P=365, N=4)
2026-04-14 12:22:12,849 - INFO - *****STOP GROWING RR RULE*****
2026-04-14 12:22:12,849 - INFO - ***RR NOT FOUND***
2026-04-14 12:22:12,866 - INFO - Iteracja 4: condition_best: p >= 10.50, quality_best: 0.58, coverage_best: (p=138, n=1, P=353, N=16)
2026-04-14 12:22:12,866 - INFO - Regula po iteracji 4: IF T <= 2,155.00 AND Hc >= 0.63 AND Bin <= 26.00 AND p >= 7.00 AND p >= 10.50 THEN class = {36.76} [-221.05, 294.56], (p=138, n=1, P=353, N=16)
2026-04-14 12:22:12,866 - INFO - *****GROWING RR RULE*****
2026-04-14 12:22:12,944 - INFO - Iteracja 0: condition_best: None, quality_best: -inf, coverage_best: (p=0, n=0, P=0, N=0), p_value: 0
2026-04-14 12:22:12,944 - INFO - Regula po iteracji 0: IF  THEN class = {120.74} [-788.16, 1,029.64], (p=365, n=4, P=365, N=4)
2026-04-14 12:22:12,944 - INFO - *****STOP GROWING RR RULE*****
2026-04-14 12:22:12,944 - INFO - ***RR NOT FOUND***
2026-04-14 12:22:12,944 - INFO - *******STOP GROWING CR RULE*******
2026-04-14 12:22:12,946 - INFO - *******GROWING CR RULE*******
2026-04-14 12:22:12,992 - INFO - Iteracja 0: condition_best: T <= 2,155.00, quality_best: 0.715, coverage_best: (p=203, n=1, P=350, N=19)
2026-04-14 12:22:12,992 - INFO - Regula po iteracji 0: IF T <= 2,155.00 THEN class = {27.79} [-185.50, 241.07], (p=203, n=1, P=350, N=19)
2026-04-14 12:22:12,992 - INFO - *****GROWING RR RULE*****
2026-04-14 12:22:13,070 - INFO - Iteracja 0: condition_best: None, quality_best: -inf, coverage_best: (p=0, n=0, P=0, N=0), p_value: 0
2026-04-14 12:22:13,070 - INFO - Regula po iteracji 0: IF  THEN class = {120.74} [-788.16, 1,029.64], (p=365, n=4, P=365, N=4)
2026-04-14 12:22:13,070 - INFO - *****STOP GROWING RR RULE*****
2026-04-14 12:22:13,070 - INFO - ***RR NOT FOUND***
2026-04-14 12:22:13,091 - INFO - Iteracja 1: condition_best: Hc >= 0.63, quality_best: 0.685, coverage_best: (p=188, n=1, P=351, N=18)
2026-04-14 12:22:13,091 - INFO - Regula po iteracji 1: IF T <= 2,155.00 AND Hc >= 0.63 THEN class = {29.33} [-192.17, 250.84], (p=188, n=1, P=351, N=18)
2026-04-14 12:22:13,091 - INFO - *****GROWING RR RULE*****
2026-04-14 12:22:13,169 - INFO - Iteracja 0: condition_best: None, quality_best: -inf, coverage_best: (p=0, n=0, P=0, N=0), p_value: 0
2026-04-14 12:22:13,169 - INFO - Regula po iteracji 0: IF  THEN class = {120.74} [-788.16, 1,029.64], (p=365, n=4, P=365, N=4)
2026-04-14 12:22:13,170 - INFO - *****STOP GROWING RR RULE*****
2026-04-14 12:22:13,170 - INFO - ***RR NOT FOUND***
2026-04-14 12:22:13,189 - INFO - Iteracja 2: condition_best: p <= 112.50, quality_best: 0.655, coverage_best: (p=171, n=1, P=351, N=18)
2026-04-14 12:22:13,189 - INFO - Regula po iteracji 2: IF T <= 2,155.00 AND Hc >= 0.63 AND p <= 112.50 THEN class = {29.44} [-202.19, 261.06], (p=171, n=1, P=351, N=18)
2026-04-14 12:22:13,189 - INFO - *****GROWING RR RULE*****
2026-04-14 12:22:13,267 - INFO - Iteracja 0: condition_best: None, quality_best: -inf, coverage_best: (p=0, n=0, P=0, N=0), p_value: 0
2026-04-14 12:22:13,267 - INFO - Regula po iteracji 0: IF  THEN class = {120.74} [-788.16, 1,029.64], (p=365, n=4, P=365, N=4)
2026-04-14 12:22:13,268 - INFO - *****STOP GROWING RR RULE*****
2026-04-14 12:22:13,268 - INFO - ***RR NOT FOUND***
2026-04-14 12:22:13,286 - INFO - Iteracja 3: condition_best: skewness <= 1.93, quality_best: 0.626, coverage_best: (p=158, n=1, P=352, N=17)
2026-04-14 12:22:13,286 - INFO - Regula po iteracji 3: IF T <= 2,155.00 AND Hc >= 0.63 AND p <= 112.50 AND skewness <= 1.93 THEN class = {31.23} [-209.53, 271.99], (p=158, n=1, P=352, N=17)
2026-04-14 12:22:13,286 - INFO - *****GROWING RR RULE*****
2026-04-14 12:22:13,364 - INFO - Iteracja 0: condition_best: None, quality_best: -inf, coverage_best: (p=0, n=0, P=0, N=0), p_value: 0
2026-04-14 12:22:13,364 - INFO - Regula po iteracji 0: IF  THEN class = {120.74} [-788.16, 1,029.64], (p=365, n=4, P=365, N=4)
2026-04-14 12:22:13,364 - INFO - *****STOP GROWING RR RULE*****
2026-04-14 12:22:13,364 - INFO - ***RR NOT FOUND***
2026-04-14 12:22:13,380 - INFO - Iteracja 4: condition_best: Sdratio <= 1.53, quality_best: 0.592, coverage_best: (p=144, n=1, P=353, N=16)
2026-04-14 12:22:13,380 - INFO - Regula po iteracji 4: IF T <= 2,155.00 AND Hc >= 0.63 AND p <= 112.50 AND skewness <= 1.93 AND Sdratio <= 1.53 THEN class = {32.98} [-219.05, 285.00], (p=144, n=1, P=353, N=16)
2026-04-14 12:22:13,381 - INFO - *****GROWING RR RULE*****
2026-04-14 12:22:13,459 - INFO - Iteracja 0: condition_best: None, quality_best: -inf, coverage_best: (p=0, n=0, P=0, N=0), p_value: 0
2026-04-14 12:22:13,459 - INFO - Regula po iteracji 0: IF  THEN class = {120.74} [-788.16, 1,029.64], (p=365, n=4, P=365, N=4)
2026-04-14 12:22:13,459 - INFO - *****STOP GROWING RR RULE*****
2026-04-14 12:22:13,459 - INFO - ***RR NOT FOUND***
2026-04-14 12:22:13,459 - INFO - *******STOP GROWING CR RULE*******
2026-04-14 12:22:13,461 - INFO - *******GROWING CR RULE*******
2026-04-14 12:22:13,506 - INFO - Iteracja 0: condition_best: T <= 2,155.00, quality_best: 0.715, coverage_best: (p=203, n=1, P=350, N=19)
2026-04-14 12:22:13,506 - INFO - Regula po iteracji 0: IF T <= 2,155.00 THEN class = {27.79} [-185.50, 241.07], (p=203, n=1, P=350, N=19)
2026-04-14 12:22:13,506 - INFO - *****GROWING RR RULE*****
2026-04-14 12:22:13,584 - INFO - Iteracja 0: condition_best: None, quality_best: -inf, coverage_best: (p=0, n=0, P=0, N=0), p_value: 0
2026-04-14 12:22:13,584 - INFO - Regula po iteracji 0: IF  THEN class = {120.74} [-788.16, 1,029.64], (p=365, n=4, P=365, N=4)
2026-04-14 12:22:13,584 - INFO - *****STOP GROWING RR RULE*****
2026-04-14 12:22:13,585 - INFO - ***RR NOT FOUND***
2026-04-14 12:22:13,605 - INFO - Iteracja 1: condition_best: Bin <= 26.00, quality_best: 0.683, coverage_best: (p=187, n=1, P=351, N=18)
2026-04-14 12:22:13,605 - INFO - Regula po iteracji 1: IF T <= 2,155.00 AND Bin <= 26.00 THEN class = {29.21} [-192.88, 251.30], (p=187, n=1, P=351, N=18)
2026-04-14 12:22:13,606 - INFO - *****GROWING RR RULE*****
2026-04-14 12:22:13,684 - INFO - Iteracja 0: condition_best: None, quality_best: -inf, coverage_best: (p=0, n=0, P=0, N=0), p_value: 0
2026-04-14 12:22:13,684 - INFO - Regula po iteracji 0: IF  THEN class = {120.74} [-788.16, 1,029.64], (p=365, n=4, P=365, N=4)
2026-04-14 12:22:13,684 - INFO - *****STOP GROWING RR RULE*****
2026-04-14 12:22:13,684 - INFO - ***RR NOT FOUND***
2026-04-14 12:22:13,703 - INFO - Iteracja 2: condition_best: p <= 118.50, quality_best: 0.653, coverage_best: (p=170, n=1, P=351, N=18)
2026-04-14 12:22:13,703 - INFO - Regula po iteracji 2: IF T <= 2,155.00 AND Bin <= 26.00 AND p <= 118.50 THEN class = {29.30} [-203.00, 261.60], (p=170, n=1, P=351, N=18)
2026-04-14 12:22:13,703 - INFO - *****GROWING RR RULE*****
2026-04-14 12:22:13,781 - INFO - Iteracja 0: condition_best: None, quality_best: -inf, coverage_best: (p=0, n=0, P=0, N=0), p_value: 0
2026-04-14 12:22:13,782 - INFO - Regula po iteracji 0: IF  THEN class = {120.74} [-788.16, 1,029.64], (p=365, n=4, P=365, N=4)
2026-04-14 12:22:13,782 - INFO - *****STOP GROWING RR RULE*****
2026-04-14 12:22:13,782 - INFO - ***RR NOT FOUND***
2026-04-14 12:22:13,799 - INFO - Iteracja 3: condition_best: skewness <= 1.83, quality_best: 0.624, coverage_best: (p=157, n=1, P=352, N=17)
2026-04-14 12:22:13,799 - INFO - Regula po iteracji 3: IF T <= 2,155.00 AND Bin <= 26.00 AND p <= 118.50 AND skewness <= 1.83 THEN class = {31.10} [-210.43, 272.62], (p=157, n=1, P=352, N=17)
2026-04-14 12:22:13,799 - INFO - *****GROWING RR RULE*****
2026-04-14 12:22:13,878 - INFO - Iteracja 0: condition_best: None, quality_best: -inf, coverage_best: (p=0, n=0, P=0, N=0), p_value: 0
2026-04-14 12:22:13,878 - INFO - Regula po iteracji 0: IF  THEN class = {120.74} [-788.16, 1,029.64], (p=365, n=4, P=365, N=4)
2026-04-14 12:22:13,878 - INFO - *****STOP GROWING RR RULE*****
2026-04-14 12:22:13,878 - INFO - ***RR NOT FOUND***
2026-04-14 12:22:13,894 - INFO - Iteracja 4: condition_best: Sdratio <= 1.53, quality_best: 0.59, coverage_best: (p=143, n=1, P=353, N=16)
2026-04-14 12:22:13,894 - INFO - Regula po iteracji 4: IF T <= 2,155.00 AND Bin <= 26.00 AND p <= 118.50 AND skewness <= 1.83 AND Sdratio <= 1.53 THEN class = {32.84} [-220.06, 285.74], (p=143, n=1, P=353, N=16)
2026-04-14 12:22:13,894 - INFO - *****GROWING RR RULE*****
2026-04-14 12:22:13,972 - INFO - Iteracja 0: condition_best: None, quality_best: -inf, coverage_best: (p=0, n=0, P=0, N=0), p_value: 0
2026-04-14 12:22:13,972 - INFO - Regula po iteracji 0: IF  THEN class = {120.74} [-788.16, 1,029.64], (p=365, n=4, P=365, N=4)
2026-04-14 12:22:13,973 - INFO - *****STOP GROWING RR RULE*****
2026-04-14 12:22:13,973 - INFO - ***RR NOT FOUND***
2026-04-14 12:22:13,973 - INFO - *******STOP GROWING CR RULE*******
2026-04-14 12:22:13,974 - INFO - *******GROWING CR RULE*******
2026-04-14 12:22:14,018 - INFO - Iteracja 0: condition_best: T <= 3,835.00, quality_best: 0.667, coverage_best: (p=254, n=3, P=350, N=19)
2026-04-14 12:22:14,018 - INFO - Regula po iteracji 0: IF T <= 3,835.00 THEN class = {30.15} [-162.05, 222.36], (p=254, n=3, P=350, N=19)
2026-04-14 12:22:14,018 - INFO - *****GROWING RR RULE*****
2026-04-14 12:22:14,096 - INFO - Iteracja 0: condition_best: None, quality_best: -inf, coverage_best: (p=0, n=0, P=0, N=0), p_value: 0
2026-04-14 12:22:14,096 - INFO - Regula po iteracji 0: IF  THEN class = {120.74} [-788.16, 1,029.64], (p=365, n=4, P=365, N=4)
2026-04-14 12:22:14,096 - INFO - *****STOP GROWING RR RULE*****
2026-04-14 12:22:14,096 - INFO - ***RR NOT FOUND***
2026-04-14 12:22:14,125 - INFO - Iteracja 1: condition_best: Sdratio <= 3.12, quality_best: 0.773, coverage_best: (p=239, n=1, P=350, N=19)
2026-04-14 12:22:14,125 - INFO - Regula po iteracji 1: IF T <= 3,835.00 AND Sdratio <= 3.12 THEN class = {29.08} [-168.54, 226.70], (p=239, n=1, P=350, N=19)
2026-04-14 12:22:14,125 - INFO - *****GROWING RR RULE*****
2026-04-14 12:22:14,203 - INFO - Iteracja 0: condition_best: None, quality_best: -inf, coverage_best: (p=0, n=0, P=0, N=0), p_value: 0
2026-04-14 12:22:14,203 - INFO - Regula po iteracji 0: IF  THEN class = {120.74} [-788.16, 1,029.64], (p=365, n=4, P=365, N=4)
2026-04-14 12:22:14,203 - INFO - *****STOP GROWING RR RULE*****
2026-04-14 12:22:14,203 - INFO - ***RR NOT FOUND***
2026-04-14 12:22:14,228 - INFO - Iteracja 2: condition_best: Hc >= 0.63, quality_best: 0.749, coverage_best: (p=224, n=1, P=350, N=19)
2026-04-14 12:22:14,229 - INFO - Regula po iteracji 2: IF T <= 3,835.00 AND Sdratio <= 3.12 AND Hc >= 0.63 THEN class = {30.46} [-173.55, 234.48], (p=224, n=1, P=350, N=19)
2026-04-14 12:22:14,229 - INFO - *****GROWING RR RULE*****
2026-04-14 12:22:14,307 - INFO - Iteracja 0: condition_best: None, quality_best: -inf, coverage_best: (p=0, n=0, P=0, N=0), p_value: 0
2026-04-14 12:22:14,307 - INFO - Regula po iteracji 0: IF  THEN class = {120.74} [-788.16, 1,029.64], (p=365, n=4, P=365, N=4)
2026-04-14 12:22:14,307 - INFO - *****STOP GROWING RR RULE*****
2026-04-14 12:22:14,307 - INFO - ***RR NOT FOUND***
2026-04-14 12:22:14,331 - INFO - Iteracja 3: condition_best: Bin <= 26.00, quality_best: 0.723, coverage_best: (p=208, n=1, P=350, N=19)
2026-04-14 12:22:14,331 - INFO - Regula po iteracji 3: IF T <= 3,835.00 AND Sdratio <= 3.12 AND Hc >= 0.63 AND Bin <= 26.00 THEN class = {31.95} [-179.64, 243.53], (p=208, n=1, P=350, N=19)
2026-04-14 12:22:14,331 - INFO - *****GROWING RR RULE*****
2026-04-14 12:22:14,409 - INFO - Iteracja 0: condition_best: None, quality_best: -inf, coverage_best: (p=0, n=0, P=0, N=0), p_value: 0
2026-04-14 12:22:14,409 - INFO - Regula po iteracji 0: IF  THEN class = {120.74} [-788.16, 1,029.64], (p=365, n=4, P=365, N=4)
2026-04-14 12:22:14,409 - INFO - *****STOP GROWING RR RULE*****
2026-04-14 12:22:14,409 - INFO - ***RR NOT FOUND***
2026-04-14 12:22:14,431 - INFO - Iteracja 4: condition_best: p <= 118.00, quality_best: 0.69, coverage_best: (p=191, n=1, P=351, N=18)
2026-04-14 12:22:14,431 - INFO - Regula po iteracji 4: IF T <= 3,835.00 AND Sdratio <= 3.12 AND Hc >= 0.63 AND Bin <= 26.00 AND p <= 118.00 THEN class = {32.27} [-187.94, 252.49], (p=191, n=1, P=351, N=18)
2026-04-14 12:22:14,432 - INFO - *****GROWING RR RULE*****
2026-04-14 12:22:14,510 - INFO - Iteracja 0: condition_best: None, quality_best: -inf, coverage_best: (p=0, n=0, P=0, N=0), p_value: 0
2026-04-14 12:22:14,510 - INFO - Regula po iteracji 0: IF  THEN class = {120.74} [-788.16, 1,029.64], (p=365, n=4, P=365, N=4)
2026-04-14 12:22:14,510 - INFO - *****STOP GROWING RR RULE*****
2026-04-14 12:22:14,510 - INFO - ***RR NOT FOUND***
2026-04-14 12:22:14,510 - INFO - *******STOP GROWING CR RULE*******
2026-04-14 12:22:14,512 - INFO - *******GROWING CR RULE*******
2026-04-14 12:22:14,555 - INFO - Iteracja 0: condition_best: T <= 3,835.00, quality_best: 0.667, coverage_best: (p=254, n=3, P=350, N=19)
2026-04-14 12:22:14,555 - INFO - Regula po iteracji 0: IF T <= 3,835.00 THEN class = {30.15} [-162.05, 222.36], (p=254, n=3, P=350, N=19)
2026-04-14 12:22:14,555 - INFO - *****GROWING RR RULE*****
2026-04-14 12:22:14,633 - INFO - Iteracja 0: condition_best: None, quality_best: -inf, coverage_best: (p=0, n=0, P=0, N=0), p_value: 0
2026-04-14 12:22:14,634 - INFO - Regula po iteracji 0: IF  THEN class = {120.74} [-788.16, 1,029.64], (p=365, n=4, P=365, N=4)
2026-04-14 12:22:14,634 - INFO - *****STOP GROWING RR RULE*****
2026-04-14 12:22:14,634 - INFO - ***RR NOT FOUND***
2026-04-14 12:22:14,660 - INFO - Iteracja 1: condition_best: T >= 729.00, quality_best: 0.639, coverage_best: (p=207, n=2, P=351, N=18)
2026-04-14 12:22:14,660 - INFO - Regula po iteracji 1: IF T <= 3,835.00 AND T >= 729.00 THEN class = {35.52} [-177.18, 248.22], (p=207, n=2, P=351, N=18)
2026-04-14 12:22:14,661 - INFO - *****GROWING RR RULE*****
2026-04-14 12:22:14,739 - INFO - Iteracja 0: condition_best: None, quality_best: -inf, coverage_best: (p=0, n=0, P=0, N=0), p_value: 0
2026-04-14 12:22:14,739 - INFO - Regula po iteracji 0: IF  THEN class = {120.74} [-788.16, 1,029.64], (p=365, n=4, P=365, N=4)
2026-04-14 12:22:14,739 - INFO - *****STOP GROWING RR RULE*****
2026-04-14 12:22:14,739 - INFO - ***RR NOT FOUND***
2026-04-14 12:22:14,762 - INFO - Iteracja 2: condition_best: kurtosis >= 4.25, quality_best: 0.641, coverage_best: (p=170, n=1, P=353, N=16)
2026-04-14 12:22:14,762 - INFO - Regula po iteracji 2: IF T <= 3,835.00 AND T >= 729.00 AND kurtosis >= 4.25 THEN class = {39.31} [-195.18, 273.80], (p=170, n=1, P=353, N=16)
2026-04-14 12:22:14,762 - INFO - *****GROWING RR RULE*****
2026-04-14 12:22:14,840 - INFO - Iteracja 0: condition_best: None, quality_best: -inf, coverage_best: (p=0, n=0, P=0, N=0), p_value: 0
2026-04-14 12:22:14,840 - INFO - Regula po iteracji 0: IF  THEN class = {120.74} [-788.16, 1,029.64], (p=365, n=4, P=365, N=4)
2026-04-14 12:22:14,841 - INFO - *****STOP GROWING RR RULE*****
2026-04-14 12:22:14,841 - INFO - ***RR NOT FOUND***
2026-04-14 12:22:14,859 - INFO - Iteracja 3: condition_best: Hc >= 0.63, quality_best: 0.613, coverage_best: (p=155, n=1, P=353, N=16)
2026-04-14 12:22:14,860 - INFO - Regula po iteracji 3: IF T <= 3,835.00 AND T >= 729.00 AND kurtosis >= 4.25 AND Hc >= 0.63 THEN class = {42.29} [-203.00, 287.57], (p=155, n=1, P=353, N=16)
2026-04-14 12:22:14,860 - INFO - *****GROWING RR RULE*****
2026-04-14 12:22:14,938 - INFO - Iteracja 0: condition_best: None, quality_best: -inf, coverage_best: (p=0, n=0, P=0, N=0), p_value: 0
2026-04-14 12:22:14,938 - INFO - Regula po iteracji 0: IF  THEN class = {120.74} [-788.16, 1,029.64], (p=365, n=4, P=365, N=4)
2026-04-14 12:22:14,938 - INFO - *****STOP GROWING RR RULE*****
2026-04-14 12:22:14,938 - INFO - ***RR NOT FOUND***
2026-04-14 12:22:14,954 - INFO - Iteracja 4: condition_best: T >= 807.00, quality_best: 0.58, coverage_best: (p=138, n=1, P=353, N=16)
2026-04-14 12:22:14,954 - INFO - Regula po iteracji 4: IF T <= 3,835.00 AND T >= 729.00 AND kurtosis >= 4.25 AND Hc >= 0.63 AND T >= 807.00 THEN class = {47.11} [-212.33, 306.55], (p=138, n=1, P=353, N=16)
2026-04-14 12:22:14,955 - INFO - *****GROWING RR RULE*****
2026-04-14 12:22:15,032 - INFO - Iteracja 0: condition_best: None, quality_best: -inf, coverage_best: (p=0, n=0, P=0, N=0), p_value: 0
2026-04-14 12:22:15,033 - INFO - Regula po iteracji 0: IF  THEN class = {120.74} [-788.16, 1,029.64], (p=365, n=4, P=365, N=4)
2026-04-14 12:22:15,033 - INFO - *****STOP GROWING RR RULE*****
2026-04-14 12:22:15,033 - INFO - ***RR NOT FOUND***
2026-04-14 12:22:15,033 - INFO - *******STOP GROWING CR RULE*******
2026-04-14 12:22:15,034 - INFO - *******GROWING CR RULE*******
2026-04-14 12:22:15,077 - INFO - Iteracja 0: condition_best: k <= 6.50, quality_best: 0.652, coverage_best: (p=246, n=3, P=350, N=19)
2026-04-14 12:22:15,077 - INFO - Regula po iteracji 0: IF k <= 6.50 THEN class = {29.89} [-172.68, 232.47], (p=246, n=3, P=350, N=19)
2026-04-14 12:22:15,077 - INFO - *****GROWING RR RULE*****
2026-04-14 12:22:15,155 - INFO - Iteracja 0: condition_best: None, quality_best: -inf, coverage_best: (p=0, n=0, P=0, N=0), p_value: 0
2026-04-14 12:22:15,155 - INFO - Regula po iteracji 0: IF  THEN class = {120.74} [-788.16, 1,029.64], (p=365, n=4, P=365, N=4)
2026-04-14 12:22:15,155 - INFO - *****STOP GROWING RR RULE*****
2026-04-14 12:22:15,155 - INFO - ***RR NOT FOUND***
2026-04-14 12:22:15,182 - INFO - Iteracja 1: condition_best: EnAtr <= 114.09, quality_best: 0.701, coverage_best: (p=236, n=2, P=350, N=19)
2026-04-14 12:22:15,182 - INFO - Regula po iteracji 1: IF k <= 6.50 AND EnAtr <= 114.09 THEN class = {29.09} [-176.16, 234.34], (p=236, n=2, P=350, N=19)
2026-04-14 12:22:15,182 - INFO - *****GROWING RR RULE*****
2026-04-14 12:22:15,260 - INFO - Iteracja 0: condition_best: None, quality_best: -inf, coverage_best: (p=0, n=0, P=0, N=0), p_value: 0
2026-04-14 12:22:15,260 - INFO - Regula po iteracji 0: IF  THEN class = {120.74} [-788.16, 1,029.64], (p=365, n=4, P=365, N=4)
2026-04-14 12:22:15,260 - INFO - *****STOP GROWING RR RULE*****
2026-04-14 12:22:15,260 - INFO - ***RR NOT FOUND***
2026-04-14 12:22:15,285 - INFO - Iteracja 2: condition_best: NSRatio <= 84.68, quality_best: 0.674, coverage_best: (p=221, n=2, P=350, N=19)
2026-04-14 12:22:15,285 - INFO - Regula po iteracji 2: IF k <= 6.50 AND EnAtr <= 114.09 AND NSRatio <= 84.68 THEN class = {30.48} [-181.48, 242.44], (p=221, n=2, P=350, N=19)
2026-04-14 12:22:15,285 - INFO - *****GROWING RR RULE*****
2026-04-14 12:22:15,363 - INFO - Iteracja 0: condition_best: None, quality_best: -inf, coverage_best: (p=0, n=0, P=0, N=0), p_value: 0
2026-04-14 12:22:15,363 - INFO - Regula po iteracji 0: IF  THEN class = {120.74} [-788.16, 1,029.64], (p=365, n=4, P=365, N=4)
2026-04-14 12:22:15,363 - INFO - *****STOP GROWING RR RULE*****
2026-04-14 12:22:15,363 - INFO - ***RR NOT FOUND***
2026-04-14 12:22:15,386 - INFO - Iteracja 3: condition_best: Bin <= 26.00, quality_best: 0.635, coverage_best: (p=205, n=2, P=351, N=18)
2026-04-14 12:22:15,386 - INFO - Regula po iteracji 3: IF k <= 6.50 AND EnAtr <= 114.09 AND NSRatio <= 84.68 AND Bin <= 26.00 THEN class = {31.98} [-187.92, 251.89], (p=205, n=2, P=351, N=18)
2026-04-14 12:22:15,387 - INFO - *****GROWING RR RULE*****
2026-04-14 12:22:15,465 - INFO - Iteracja 0: condition_best: None, quality_best: -inf, coverage_best: (p=0, n=0, P=0, N=0), p_value: 0
2026-04-14 12:22:15,465 - INFO - Regula po iteracji 0: IF  THEN class = {120.74} [-788.16, 1,029.64], (p=365, n=4, P=365, N=4)
2026-04-14 12:22:15,465 - INFO - *****STOP GROWING RR RULE*****
2026-04-14 12:22:15,465 - INFO - ***RR NOT FOUND***
2026-04-14 12:22:15,486 - INFO - Iteracja 4: condition_best: p <= 108.00, quality_best: 0.602, coverage_best: (p=188, n=2, P=351, N=18)
2026-04-14 12:22:15,486 - INFO - Regula po iteracji 4: IF k <= 6.50 AND EnAtr <= 114.09 AND NSRatio <= 84.68 AND Bin <= 26.00 AND p <= 108.00 THEN class = {32.31} [-196.69, 261.32], (p=188, n=2, P=351, N=18)
2026-04-14 12:22:15,487 - INFO - *****GROWING RR RULE*****
2026-04-14 12:22:15,565 - INFO - Iteracja 0: condition_best: None, quality_best: -inf, coverage_best: (p=0, n=0, P=0, N=0), p_value: 0
2026-04-14 12:22:15,565 - INFO - Regula po iteracji 0: IF  THEN class = {120.74} [-788.16, 1,029.64], (p=365, n=4, P=365, N=4)
2026-04-14 12:22:15,565 - INFO - *****STOP GROWING RR RULE*****
2026-04-14 12:22:15,565 - INFO - ***RR NOT FOUND***
2026-04-14 12:22:15,565 - INFO - *******STOP GROWING CR RULE*******
2026-04-14 12:22:15,566 - INFO - *******GROWING CR RULE*******
2026-04-14 12:22:15,610 - INFO - Iteracja 0: condition_best: k <= 6.50, quality_best: 0.652, coverage_best: (p=246, n=3, P=350, N=19)
2026-04-14 12:22:15,610 - INFO - Regula po iteracji 0: IF k <= 6.50 THEN class = {29.89} [-172.68, 232.47], (p=246, n=3, P=350, N=19)
2026-04-14 12:22:15,610 - INFO - *****GROWING RR RULE*****
2026-04-14 12:22:15,688 - INFO - Iteracja 0: condition_best: None, quality_best: -inf, coverage_best: (p=0, n=0, P=0, N=0), p_value: 0
2026-04-14 12:22:15,688 - INFO - Regula po iteracji 0: IF  THEN class = {120.74} [-788.16, 1,029.64], (p=365, n=4, P=365, N=4)
2026-04-14 12:22:15,688 - INFO - *****STOP GROWING RR RULE*****
2026-04-14 12:22:15,689 - INFO - ***RR NOT FOUND***
2026-04-14 12:22:15,714 - INFO - Iteracja 1: condition_best: T <= 11,740.00, quality_best: 0.692, coverage_best: (p=231, n=2, P=350, N=19)
2026-04-14 12:22:15,714 - INFO - Regula po iteracji 1: IF k <= 6.50 AND T <= 11,740.00 THEN class = {27.36} [-174.34, 229.05], (p=231, n=2, P=350, N=19)
2026-04-14 12:22:15,715 - INFO - *****GROWING RR RULE*****
2026-04-14 12:22:15,793 - INFO - Iteracja 0: condition_best: None, quality_best: -inf, coverage_best: (p=0, n=0, P=0, N=0), p_value: 0
2026-04-14 12:22:15,793 - INFO - Regula po iteracji 0: IF  THEN class = {120.74} [-788.16, 1,029.64], (p=365, n=4, P=365, N=4)
2026-04-14 12:22:15,793 - INFO - *****STOP GROWING RR RULE*****
2026-04-14 12:22:15,794 - INFO - ***RR NOT FOUND***
2026-04-14 12:22:15,821 - INFO - Iteracja 2: condition_best: Bin <= 26.00, quality_best: 0.663, coverage_best: (p=215, n=2, P=350, N=19)
2026-04-14 12:22:15,821 - INFO - Regula po iteracji 2: IF k <= 6.50 AND T <= 11,740.00 AND Bin <= 26.00 THEN class = {28.56} [-180.37, 237.48], (p=215, n=2, P=350, N=19)
2026-04-14 12:22:15,821 - INFO - *****GROWING RR RULE*****
2026-04-14 12:22:15,900 - INFO - Iteracja 0: condition_best: None, quality_best: -inf, coverage_best: (p=0, n=0, P=0, N=0), p_value: 0
2026-04-14 12:22:15,900 - INFO - Regula po iteracji 0: IF  THEN class = {120.74} [-788.16, 1,029.64], (p=365, n=4, P=365, N=4)
2026-04-14 12:22:15,900 - INFO - *****STOP GROWING RR RULE*****
2026-04-14 12:22:15,900 - INFO - ***RR NOT FOUND***
2026-04-14 12:22:15,923 - INFO - Iteracja 3: condition_best: p <= 118.50, quality_best: 0.622, coverage_best: (p=198, n=2, P=351, N=18)
2026-04-14 12:22:15,923 - INFO - Regula po iteracji 3: IF k <= 6.50 AND T <= 11,740.00 AND Bin <= 26.00 AND p <= 118.50 THEN class = {28.58} [-188.52, 245.68], (p=198, n=2, P=351, N=18)
2026-04-14 12:22:15,923 - INFO - *****GROWING RR RULE*****
2026-04-14 12:22:16,001 - INFO - Iteracja 0: condition_best: None, quality_best: -inf, coverage_best: (p=0, n=0, P=0, N=0), p_value: 0
2026-04-14 12:22:16,001 - INFO - Regula po iteracji 0: IF  THEN class = {120.74} [-788.16, 1,029.64], (p=365, n=4, P=365, N=4)
2026-04-14 12:22:16,002 - INFO - *****STOP GROWING RR RULE*****
2026-04-14 12:22:16,002 - INFO - ***RR NOT FOUND***
2026-04-14 12:22:16,022 - INFO - Iteracja 4: condition_best: Bin <= 8.50, quality_best: 0.599, coverage_best: (p=174, n=6, P=315, N=54)
2026-04-14 12:22:16,022 - INFO - Regula po iteracji 4: IF k <= 6.50 AND T <= 11,740.00 AND Bin <= 26.00 AND p <= 118.50 AND Bin <= 8.50 THEN class = {14.11} [-26.74, 54.97], (p=174, n=6, P=315, N=54)
2026-04-14 12:22:16,023 - INFO - *****GROWING RR RULE*****
2026-04-14 12:22:16,101 - INFO - Iteracja 0: condition_best: None, quality_best: -inf, coverage_best: (p=0, n=0, P=0, N=0), p_value: 0
2026-04-14 12:22:16,101 - INFO - Regula po iteracji 0: IF  THEN class = {120.74} [-788.16, 1,029.64], (p=365, n=4, P=365, N=4)
2026-04-14 12:22:16,101 - INFO - *****STOP GROWING RR RULE*****
2026-04-14 12:22:16,101 - INFO - ***RR NOT FOUND***
2026-04-14 12:22:16,101 - INFO - *******STOP GROWING CR RULE*******
2026-04-14 12:22:16,102 - INFO - *******GROWING CR RULE*******
2026-04-14 12:22:16,145 - INFO - Iteracja 0: condition_best: T <= 6,240.00, quality_best: 0.627, coverage_best: (p=266, n=4, P=350, N=19)
2026-04-14 12:22:16,145 - INFO - Regula po iteracji 0: IF T <= 6,240.00 THEN class = {32.16} [-156.23, 220.55], (p=266, n=4, P=350, N=19)
2026-04-14 12:22:16,145 - INFO - *****GROWING RR RULE*****
2026-04-14 12:22:16,223 - INFO - Iteracja 0: condition_best: None, quality_best: -inf, coverage_best: (p=0, n=0, P=0, N=0), p_value: 0
2026-04-14 12:22:16,223 - INFO - Regula po iteracji 0: IF  THEN class = {120.74} [-788.16, 1,029.64], (p=365, n=4, P=365, N=4)
2026-04-14 12:22:16,223 - INFO - *****STOP GROWING RR RULE*****
2026-04-14 12:22:16,223 - INFO - ***RR NOT FOUND***
2026-04-14 12:22:16,252 - INFO - Iteracja 1: condition_best: Sdratio <= 3.12, quality_best: 0.727, coverage_best: (p=251, n=2, P=350, N=19)
2026-04-14 12:22:16,252 - INFO - Regula po iteracji 1: IF T <= 6,240.00 AND Sdratio <= 3.12 THEN class = {31.27} [-162.12, 224.67], (p=251, n=2, P=350, N=19)
2026-04-14 12:22:16,253 - INFO - *****GROWING RR RULE*****
2026-04-14 12:22:16,331 - INFO - Iteracja 0: condition_best: None, quality_best: -inf, coverage_best: (p=0, n=0, P=0, N=0), p_value: 0
2026-04-14 12:22:16,331 - INFO - Regula po iteracji 0: IF  THEN class = {120.74} [-788.16, 1,029.64], (p=365, n=4, P=365, N=4)
2026-04-14 12:22:16,331 - INFO - *****STOP GROWING RR RULE*****
2026-04-14 12:22:16,331 - INFO - ***RR NOT FOUND***
2026-04-14 12:22:16,358 - INFO - Iteracja 2: condition_best: Hc >= 0.63, quality_best: 0.701, coverage_best: (p=236, n=2, P=350, N=19)
2026-04-14 12:22:16,358 - INFO - Regula po iteracji 2: IF T <= 6,240.00 AND Sdratio <= 3.12 AND Hc >= 0.63 THEN class = {32.72} [-166.58, 232.01], (p=236, n=2, P=350, N=19)
2026-04-14 12:22:16,358 - INFO - *****GROWING RR RULE*****
2026-04-14 12:22:16,436 - INFO - Iteracja 0: condition_best: None, quality_best: -inf, coverage_best: (p=0, n=0, P=0, N=0), p_value: 0
2026-04-14 12:22:16,436 - INFO - Regula po iteracji 0: IF  THEN class = {120.74} [-788.16, 1,029.64], (p=365, n=4, P=365, N=4)
2026-04-14 12:22:16,436 - INFO - *****STOP GROWING RR RULE*****
2026-04-14 12:22:16,436 - INFO - ***RR NOT FOUND***
2026-04-14 12:22:16,462 - INFO - Iteracja 3: condition_best: Bin <= 26.00, quality_best: 0.672, coverage_best: (p=220, n=2, P=350, N=19)
2026-04-14 12:22:16,462 - INFO - Regula po iteracji 3: IF T <= 6,240.00 AND Sdratio <= 3.12 AND Hc >= 0.63 AND Bin <= 26.00 THEN class = {34.28} [-171.97, 240.52], (p=220, n=2, P=350, N=19)
2026-04-14 12:22:16,462 - INFO - *****GROWING RR RULE*****
2026-04-14 12:22:16,540 - INFO - Iteracja 0: condition_best: None, quality_best: -inf, coverage_best: (p=0, n=0, P=0, N=0), p_value: 0
2026-04-14 12:22:16,540 - INFO - Regula po iteracji 0: IF  THEN class = {120.74} [-788.16, 1,029.64], (p=365, n=4, P=365, N=4)
2026-04-14 12:22:16,540 - INFO - *****STOP GROWING RR RULE*****
2026-04-14 12:22:16,540 - INFO - ***RR NOT FOUND***
2026-04-14 12:22:16,564 - INFO - Iteracja 4: condition_best: T >= 807.00, quality_best: 0.644, coverage_best: (p=172, n=1, P=353, N=16)
2026-04-14 12:22:16,564 - INFO - Regula po iteracji 4: IF T <= 6,240.00 AND Sdratio <= 3.12 AND Hc >= 0.63 AND Bin <= 26.00 AND T >= 807.00 THEN class = {42.85} [-190.02, 275.71], (p=172, n=1, P=353, N=16)
2026-04-14 12:22:16,564 - INFO - *****GROWING RR RULE*****
2026-04-14 12:22:16,642 - INFO - Iteracja 0: condition_best: None, quality_best: -inf, coverage_best: (p=0, n=0, P=0, N=0), p_value: 0
2026-04-14 12:22:16,642 - INFO - Regula po iteracji 0: IF  THEN class = {120.74} [-788.16, 1,029.64], (p=365, n=4, P=365, N=4)
2026-04-14 12:22:16,642 - INFO - *****STOP GROWING RR RULE*****
2026-04-14 12:22:16,643 - INFO - ***RR NOT FOUND***
2026-04-14 12:22:16,643 - INFO - *******STOP GROWING CR RULE*******
2026-04-14 12:22:16,643 - INFO - *******GROWING CR RULE*******
2026-04-14 12:22:16,686 - INFO - Iteracja 0: condition_best: cancor1 <= 0.92, quality_best: 0.581, coverage_best: (p=274, n=5, P=350, N=19)
2026-04-14 12:22:16,686 - INFO - Regula po iteracji 0: IF cancor1 <= 0.92 THEN class = {36.52} [-157.41, 230.45], (p=274, n=5, P=350, N=19)
2026-04-14 12:22:16,686 - INFO - *****GROWING RR RULE*****
2026-04-14 12:22:16,764 - INFO - Iteracja 0: condition_best: None, quality_best: -inf, coverage_best: (p=0, n=0, P=0, N=0), p_value: 0
2026-04-14 12:22:16,765 - INFO - Regula po iteracji 0: IF  THEN class = {120.74} [-788.16, 1,029.64], (p=365, n=4, P=365, N=4)
2026-04-14 12:22:16,765 - INFO - *****STOP GROWING RR RULE*****
2026-04-14 12:22:16,765 - INFO - ***RR NOT FOUND***
2026-04-14 12:22:16,796 - INFO - Iteracja 1: condition_best: N <= 18,350.00, quality_best: 0.702, coverage_best: (p=237, n=2, P=350, N=19)
2026-04-14 12:22:16,796 - INFO - Regula po iteracji 1: IF cancor1 <= 0.92 AND N <= 18,350.00 THEN class = {32.07} [-167.14, 231.29], (p=237, n=2, P=350, N=19)
2026-04-14 12:22:16,796 - INFO - *****GROWING RR RULE*****
2026-04-14 12:22:16,875 - INFO - Iteracja 0: condition_best: None, quality_best: -inf, coverage_best: (p=0, n=0, P=0, N=0), p_value: 0
2026-04-14 12:22:16,875 - INFO - Regula po iteracji 0: IF  THEN class = {120.74} [-788.16, 1,029.64], (p=365, n=4, P=365, N=4)
2026-04-14 12:22:16,875 - INFO - *****STOP GROWING RR RULE*****
2026-04-14 12:22:16,875 - INFO - ***RR NOT FOUND***
2026-04-14 12:22:16,901 - INFO - Iteracja 2: condition_best: Hc >= 0.63, quality_best: 0.675, coverage_best: (p=222, n=2, P=350, N=19)
2026-04-14 12:22:16,901 - INFO - Regula po iteracji 2: IF cancor1 <= 0.92 AND N <= 18,350.00 AND Hc >= 0.63 THEN class = {33.66} [-172.00, 239.33], (p=222, n=2, P=350, N=19)
2026-04-14 12:22:16,902 - INFO - *****GROWING RR RULE*****
2026-04-14 12:22:16,980 - INFO - Iteracja 0: condition_best: None, quality_best: -inf, coverage_best: (p=0, n=0, P=0, N=0), p_value: 0
2026-04-14 12:22:16,980 - INFO - Regula po iteracji 0: IF  THEN class = {120.74} [-788.16, 1,029.64], (p=365, n=4, P=365, N=4)
2026-04-14 12:22:16,980 - INFO - *****STOP GROWING RR RULE*****
2026-04-14 12:22:16,980 - INFO - ***RR NOT FOUND***
2026-04-14 12:22:17,003 - INFO - Iteracja 3: condition_best: k <= 50.50, quality_best: 0.642, coverage_best: (p=204, n=2, P=350, N=19)
2026-04-14 12:22:17,003 - INFO - Regula po iteracji 3: IF cancor1 <= 0.92 AND N <= 18,350.00 AND Hc >= 0.63 AND k <= 50.50 THEN class = {31.14} [-182.40, 244.68], (p=204, n=2, P=350, N=19)
2026-04-14 12:22:17,003 - INFO - *****GROWING RR RULE*****
2026-04-14 12:22:17,081 - INFO - Iteracja 0: condition_best: None, quality_best: -inf, coverage_best: (p=0, n=0, P=0, N=0), p_value: 0
2026-04-14 12:22:17,082 - INFO - Regula po iteracji 0: IF  THEN class = {120.74} [-788.16, 1,029.64], (p=365, n=4, P=365, N=4)
2026-04-14 12:22:17,082 - INFO - *****STOP GROWING RR RULE*****
2026-04-14 12:22:17,082 - INFO - ***RR NOT FOUND***
2026-04-14 12:22:17,104 - INFO - Iteracja 4: condition_best: Bin <= 26.00, quality_best: 0.602, coverage_best: (p=188, n=2, P=351, N=18)
2026-04-14 12:22:17,104 - INFO - Regula po iteracji 4: IF cancor1 <= 0.92 AND N <= 18,350.00 AND Hc >= 0.63 AND k <= 50.50 AND Bin <= 26.00 THEN class = {32.83} [-189.42, 255.07], (p=188, n=2, P=351, N=18)
2026-04-14 12:22:17,104 - INFO - *****GROWING RR RULE*****
2026-04-14 12:22:17,182 - INFO - Iteracja 0: condition_best: None, quality_best: -inf, coverage_best: (p=0, n=0, P=0, N=0), p_value: 0
2026-04-14 12:22:17,182 - INFO - Regula po iteracji 0: IF  THEN class = {120.74} [-788.16, 1,029.64], (p=365, n=4, P=365, N=4)
2026-04-14 12:22:17,182 - INFO - *****STOP GROWING RR RULE*****
2026-04-14 12:22:17,183 - INFO - ***RR NOT FOUND***
2026-04-14 12:22:17,183 - INFO - *******STOP GROWING CR RULE*******
2026-04-14 12:22:17,183 - INFO - *******GROWING CR RULE*******
2026-04-14 12:22:17,225 - INFO - Iteracja 0: condition_best: N <= 18,350.00, quality_best: 0.546, coverage_best: (p=286, n=6, P=350, N=19)
2026-04-14 12:22:17,226 - INFO - Regula po iteracji 0: IF N <= 18,350.00 THEN class = {37.15} [-151.52, 225.82], (p=286, n=6, P=350, N=19)
2026-04-14 12:22:17,226 - INFO - *****GROWING RR RULE*****
2026-04-14 12:22:17,305 - INFO - Iteracja 0: condition_best: None, quality_best: -inf, coverage_best: (p=0, n=0, P=0, N=0), p_value: 0
2026-04-14 12:22:17,305 - INFO - Regula po iteracji 0: IF  THEN class = {120.74} [-788.16, 1,029.64], (p=365, n=4, P=365, N=4)
2026-04-14 12:22:17,305 - INFO - *****STOP GROWING RR RULE*****
2026-04-14 12:22:17,306 - INFO - ***RR NOT FOUND***
2026-04-14 12:22:17,337 - INFO - Iteracja 1: condition_best: Sdratio <= 3.12, quality_best: 0.637, coverage_best: (p=271, n=4, P=350, N=19)
2026-04-14 12:22:17,337 - INFO - Regula po iteracji 1: IF N <= 18,350.00 AND Sdratio <= 3.12 THEN class = {36.65} [-156.66, 229.95], (p=271, n=4, P=350, N=19)
2026-04-14 12:22:17,337 - INFO - *****GROWING RR RULE*****
2026-04-14 12:22:17,415 - INFO - Iteracja 0: condition_best: None, quality_best: -inf, coverage_best: (p=0, n=0, P=0, N=0), p_value: 0
2026-04-14 12:22:17,415 - INFO - Regula po iteracji 0: IF  THEN class = {120.74} [-788.16, 1,029.64], (p=365, n=4, P=365, N=4)
2026-04-14 12:22:17,415 - INFO - *****STOP GROWING RR RULE*****
2026-04-14 12:22:17,415 - INFO - ***RR NOT FOUND***
2026-04-14 12:22:17,444 - INFO - Iteracja 2: condition_best: Hx <= 6.07, quality_best: 0.664, coverage_best: (p=252, n=3, P=350, N=19)
2026-04-14 12:22:17,444 - INFO - Regula po iteracji 2: IF N <= 18,350.00 AND Sdratio <= 3.12 AND Hx <= 6.07 THEN class = {35.59} [-163.88, 235.06], (p=252, n=3, P=350, N=19)
2026-04-14 12:22:17,444 - INFO - *****GROWING RR RULE*****
2026-04-14 12:22:17,522 - INFO - Iteracja 0: condition_best: None, quality_best: -inf, coverage_best: (p=0, n=0, P=0, N=0), p_value: 0
2026-04-14 12:22:17,522 - INFO - Regula po iteracji 0: IF  THEN class = {120.74} [-788.16, 1,029.64], (p=365, n=4, P=365, N=4)
2026-04-14 12:22:17,522 - INFO - *****STOP GROWING RR RULE*****
2026-04-14 12:22:17,522 - INFO - ***RR NOT FOUND***
2026-04-14 12:22:17,549 - INFO - Iteracja 3: condition_best: Hc >= 0.63, quality_best: 0.635, coverage_best: (p=237, n=3, P=350, N=19)
2026-04-14 12:22:17,549 - INFO - Regula po iteracji 3: IF N <= 18,350.00 AND Sdratio <= 3.12 AND Hx <= 6.07 AND Hc >= 0.63 THEN class = {37.30} [-168.18, 242.77], (p=237, n=3, P=350, N=19)
2026-04-14 12:22:17,550 - INFO - *****GROWING RR RULE*****
2026-04-14 12:22:17,628 - INFO - Iteracja 0: condition_best: None, quality_best: -inf, coverage_best: (p=0, n=0, P=0, N=0), p_value: 0
2026-04-14 12:22:17,628 - INFO - Regula po iteracji 0: IF  THEN class = {120.74} [-788.16, 1,029.64], (p=365, n=4, P=365, N=4)
2026-04-14 12:22:17,628 - INFO - *****STOP GROWING RR RULE*****
2026-04-14 12:22:17,628 - INFO - ***RR NOT FOUND***
2026-04-14 12:22:17,653 - INFO - Iteracja 4: condition_best: Bin <= 26.00, quality_best: 0.591, coverage_best: (p=221, n=3, P=351, N=18)
2026-04-14 12:22:17,653 - INFO - Regula po iteracji 4: IF N <= 18,350.00 AND Sdratio <= 3.12 AND Hx <= 6.07 AND Hc >= 0.63 AND Bin <= 26.00 THEN class = {39.17} [-173.38, 251.71], (p=221, n=3, P=351, N=18)
2026-04-14 12:22:17,654 - INFO - *****GROWING RR RULE*****
2026-04-14 12:22:17,732 - INFO - Iteracja 0: condition_best: None, quality_best: -inf, coverage_best: (p=0, n=0, P=0, N=0), p_value: 0
2026-04-14 12:22:17,733 - INFO - Regula po iteracji 0: IF  THEN class = {120.74} [-788.16, 1,029.64], (p=365, n=4, P=365, N=4)
2026-04-14 12:22:17,733 - INFO - *****STOP GROWING RR RULE*****
2026-04-14 12:22:17,733 - INFO - ***RR NOT FOUND***
2026-04-14 12:22:17,733 - INFO - *******STOP GROWING CR RULE*******
2026-04-14 12:22:17,733 - INFO - *******GROWING CR RULE*******
2026-04-14 12:22:17,775 - INFO - Iteracja 0: condition_best: Sdratio <= 1.55, quality_best: 0.432, coverage_best: (p=262, n=7, P=350, N=19)
2026-04-14 12:22:17,775 - INFO - Regula po iteracji 0: IF Sdratio <= 1.55 THEN class = {36.59} [-164.35, 237.52], (p=262, n=7, P=350, N=19)
2026-04-14 12:22:17,776 - INFO - *****GROWING RR RULE*****
2026-04-14 12:22:17,853 - INFO - Iteracja 0: condition_best: None, quality_best: -inf, coverage_best: (p=0, n=0, P=0, N=0), p_value: 0
2026-04-14 12:22:17,854 - INFO - Regula po iteracji 0: IF  THEN class = {120.74} [-788.16, 1,029.64], (p=365, n=4, P=365, N=4)
2026-04-14 12:22:17,854 - INFO - *****STOP GROWING RR RULE*****
2026-04-14 12:22:17,854 - INFO - ***RR NOT FOUND***
2026-04-14 12:22:17,882 - INFO - Iteracja 1: condition_best: Hc >= 0.36, quality_best: 0.502, coverage_best: (p=237, n=5, P=350, N=19)
2026-04-14 12:22:17,882 - INFO - Regula po iteracji 1: IF Sdratio <= 1.55 AND Hc >= 0.36 THEN class = {34.09} [-168.56, 236.75], (p=237, n=5, P=350, N=19)
2026-04-14 12:22:17,882 - INFO - *****GROWING RR RULE*****
2026-04-14 12:22:17,960 - INFO - Iteracja 0: condition_best: None, quality_best: -inf, coverage_best: (p=0, n=0, P=0, N=0), p_value: 0
2026-04-14 12:22:17,960 - INFO - Regula po iteracji 0: IF  THEN class = {120.74} [-788.16, 1,029.64], (p=365, n=4, P=365, N=4)
2026-04-14 12:22:17,960 - INFO - *****STOP GROWING RR RULE*****
2026-04-14 12:22:17,960 - INFO - ***RR NOT FOUND***
2026-04-14 12:22:17,985 - INFO - Iteracja 2: condition_best: Hc >= 0.63, quality_best: 0.468, coverage_best: (p=222, n=5, P=350, N=19)
2026-04-14 12:22:17,985 - INFO - Regula po iteracji 2: IF Sdratio <= 1.55 AND Hc >= 0.36 AND Hc >= 0.63 THEN class = {35.80} [-173.33, 244.92], (p=222, n=5, P=350, N=19)
2026-04-14 12:22:17,986 - INFO - *****GROWING RR RULE*****
2026-04-14 12:22:18,063 - INFO - Iteracja 0: condition_best: None, quality_best: -inf, coverage_best: (p=0, n=0, P=0, N=0), p_value: 0
2026-04-14 12:22:18,063 - INFO - Regula po iteracji 0: IF  THEN class = {120.74} [-788.16, 1,029.64], (p=365, n=4, P=365, N=4)
2026-04-14 12:22:18,064 - INFO - *****STOP GROWING RR RULE*****
2026-04-14 12:22:18,064 - INFO - ***RR NOT FOUND***
2026-04-14 12:22:18,087 - INFO - Iteracja 3: condition_best: MCx >= 0.03, quality_best: 0.445, coverage_best: (p=181, n=9, P=328, N=41)
2026-04-14 12:22:18,087 - INFO - Regula po iteracji 3: IF Sdratio <= 1.55 AND Hc >= 0.36 AND Hc >= 0.63 AND MCx >= 0.03 THEN class = {23.52} [-41.38, 88.42], (p=181, n=9, P=328, N=41)
2026-04-14 12:22:18,087 - INFO - *****GROWING RR RULE*****
2026-04-14 12:22:18,165 - INFO - Iteracja 0: condition_best: None, quality_best: -inf, coverage_best: (p=0, n=0, P=0, N=0), p_value: 0
2026-04-14 12:22:18,165 - INFO - Regula po iteracji 0: IF  THEN class = {120.74} [-788.16, 1,029.64], (p=365, n=4, P=365, N=4)
2026-04-14 12:22:18,165 - INFO - *****STOP GROWING RR RULE*****
2026-04-14 12:22:18,165 - INFO - ***RR NOT FOUND***
2026-04-14 12:22:18,185 - INFO - Iteracja 4: condition_best: kurtosis >= 3.15, quality_best: 0.429, coverage_best: (p=150, n=7, P=329, N=40)
2026-04-14 12:22:18,185 - INFO - Regula po iteracji 4: IF Sdratio <= 1.55 AND Hc >= 0.36 AND Hc >= 0.63 AND MCx >= 0.03 AND kurtosis >= 3.15 THEN class = {24.88} [-45.31, 95.07], (p=150, n=7, P=329, N=40)
2026-04-14 12:22:18,186 - INFO - *****GROWING RR RULE*****
2026-04-14 12:22:18,264 - INFO - Iteracja 0: condition_best: None, quality_best: -inf, coverage_best: (p=0, n=0, P=0, N=0), p_value: 0
2026-04-14 12:22:18,264 - INFO - Regula po iteracji 0: IF  THEN class = {120.74} [-788.16, 1,029.64], (p=365, n=4, P=365, N=4)
2026-04-14 12:22:18,264 - INFO - *****STOP GROWING RR RULE*****
2026-04-14 12:22:18,264 - INFO - ***RR NOT FOUND***
2026-04-14 12:22:18,264 - INFO - *******STOP GROWING CR RULE*******
2026-04-14 12:22:18,265 - INFO - *******GROWING CR RULE*******
2026-04-14 12:22:18,305 - INFO - Iteracja 0: condition_best: cancor1 >= 0.52, quality_best: 0.202, coverage_best: (p=346, n=3, P=365, N=4)
2026-04-14 12:22:18,305 - INFO - Regula po iteracji 0: IF cancor1 >= 0.52 THEN class = {118.56} [-802.47, 1,039.58], (p=346, n=3, P=365, N=4)
2026-04-14 12:22:18,305 - INFO - *****GROWING RR RULE*****
2026-04-14 12:22:18,382 - INFO - Iteracja 0: condition_best: None, quality_best: -inf, coverage_best: (p=0, n=0, P=0, N=0), p_value: 0
2026-04-14 12:22:18,382 - INFO - Regula po iteracji 0: IF  THEN class = {120.74} [-788.16, 1,029.64], (p=365, n=4, P=365, N=4)
2026-04-14 12:22:18,383 - INFO - *****STOP GROWING RR RULE*****
2026-04-14 12:22:18,383 - INFO - ***RR NOT FOUND***
2026-04-14 12:22:18,422 - INFO - Iteracja 1: condition_best: EnAtr <= 114.09, quality_best: 0.174, coverage_best: (p=335, n=3, P=365, N=4)
2026-04-14 12:22:18,422 - INFO - Regula po iteracji 1: IF cancor1 >= 0.52 AND EnAtr <= 114.09 THEN class = {120.87} [-814.63, 1,056.37], (p=335, n=3, P=365, N=4)
2026-04-14 12:22:18,422 - INFO - *****GROWING RR RULE*****
2026-04-14 12:22:18,499 - INFO - Iteracja 0: condition_best: None, quality_best: -inf, coverage_best: (p=0, n=0, P=0, N=0), p_value: 0
2026-04-14 12:22:18,499 - INFO - Regula po iteracji 0: IF  THEN class = {120.74} [-788.16, 1,029.64], (p=365, n=4, P=365, N=4)
2026-04-14 12:22:18,499 - INFO - *****STOP GROWING RR RULE*****
2026-04-14 12:22:18,499 - INFO - ***RR NOT FOUND***
2026-04-14 12:22:18,537 - INFO - Iteracja 2: condition_best: cancor1 >= 0.54, quality_best: 0.134, coverage_best: (p=320, n=3, P=365, N=4)
2026-04-14 12:22:18,537 - INFO - Regula po iteracji 2: IF cancor1 >= 0.52 AND EnAtr <= 114.09 AND cancor1 >= 0.54 THEN class = {126.10} [-830.56, 1,082.75], (p=320, n=3, P=365, N=4)
2026-04-14 12:22:18,537 - INFO - *****GROWING RR RULE*****
2026-04-14 12:22:18,614 - INFO - Iteracja 0: condition_best: None, quality_best: -inf, coverage_best: (p=0, n=0, P=0, N=0), p_value: 0
2026-04-14 12:22:18,614 - INFO - Regula po iteracji 0: IF  THEN class = {120.74} [-788.16, 1,029.64], (p=365, n=4, P=365, N=4)
2026-04-14 12:22:18,614 - INFO - *****STOP GROWING RR RULE*****
2026-04-14 12:22:18,615 - INFO - ***RR NOT FOUND***
2026-04-14 12:22:18,650 - INFO - Iteracja 3: condition_best: skewness >= 0.30, quality_best: 0.093, coverage_best: (p=305, n=3, P=365, N=4)
2026-04-14 12:22:18,651 - INFO - Regula po iteracji 3: IF cancor1 >= 0.52 AND EnAtr <= 114.09 AND cancor1 >= 0.54 AND skewness >= 0.30 THEN class = {125.43} [-853.24, 1,104.11], (p=305, n=3, P=365, N=4)
2026-04-14 12:22:18,651 - INFO - *****GROWING RR RULE*****
2026-04-14 12:22:18,728 - INFO - Iteracja 0: condition_best: None, quality_best: -inf, coverage_best: (p=0, n=0, P=0, N=0), p_value: 0
2026-04-14 12:22:18,728 - INFO - Regula po iteracji 0: IF  THEN class = {120.74} [-788.16, 1,029.64], (p=365, n=4, P=365, N=4)
2026-04-14 12:22:18,728 - INFO - *****STOP GROWING RR RULE*****
2026-04-14 12:22:18,728 - INFO - ***RR NOT FOUND***
2026-04-14 12:22:18,763 - INFO - Iteracja 4: condition_best: Bin <= 25.50, quality_best: 0.047, coverage_best: (p=289, n=3, P=365, N=4)
2026-04-14 12:22:18,763 - INFO - Regula po iteracji 4: IF cancor1 >= 0.52 AND EnAtr <= 114.09 AND cancor1 >= 0.54 AND skewness >= 0.30 AND Bin <= 25.50 THEN class = {131.70} [-873.05, 1,136.45], (p=289, n=3, P=365, N=4)
2026-04-14 12:22:18,763 - INFO - *****GROWING RR RULE*****
2026-04-14 12:22:18,841 - INFO - Iteracja 0: condition_best: None, quality_best: -inf, coverage_best: (p=0, n=0, P=0, N=0), p_value: 0
2026-04-14 12:22:18,841 - INFO - Regula po iteracji 0: IF  THEN class = {120.74} [-788.16, 1,029.64], (p=365, n=4, P=365, N=4)
2026-04-14 12:22:18,841 - INFO - *****STOP GROWING RR RULE*****
2026-04-14 12:22:18,841 - INFO - ***RR NOT FOUND***
2026-04-14 12:22:18,841 - INFO - *******STOP GROWING CR RULE*******
2026-04-14 12:22:18,842 - INFO - *******GROWING CR RULE*******
2026-04-14 12:22:18,881 - INFO - Iteracja 0: condition_best: T <= 2,155.00, quality_best: 0.715, coverage_best: (p=203, n=1, P=350, N=19)
2026-04-14 12:22:18,881 - INFO - Regula po iteracji 0: IF T <= 2,155.00 THEN class = {27.79} [-185.50, 241.07], (p=203, n=1, P=350, N=19)
2026-04-14 12:22:18,882 - INFO - *****GROWING RR RULE*****
2026-04-14 12:22:18,960 - INFO - Iteracja 0: condition_best: None, quality_best: -inf, coverage_best: (p=0, n=0, P=0, N=0), p_value: 0
2026-04-14 12:22:18,960 - INFO - Regula po iteracji 0: IF  THEN class = {120.74} [-788.16, 1,029.64], (p=365, n=4, P=365, N=4)
2026-04-14 12:22:18,960 - INFO - *****STOP GROWING RR RULE*****
2026-04-14 12:22:18,960 - INFO - ***RR NOT FOUND***
2026-04-14 12:22:18,980 - INFO - Iteracja 1: condition_best: Hc >= 0.63, quality_best: 0.685, coverage_best: (p=188, n=1, P=351, N=18)
2026-04-14 12:22:18,980 - INFO - Regula po iteracji 1: IF T <= 2,155.00 AND Hc >= 0.63 THEN class = {29.33} [-192.17, 250.84], (p=188, n=1, P=351, N=18)
2026-04-14 12:22:18,981 - INFO - *****GROWING RR RULE*****
2026-04-14 12:22:19,058 - INFO - Iteracja 0: condition_best: None, quality_best: -inf, coverage_best: (p=0, n=0, P=0, N=0), p_value: 0
2026-04-14 12:22:19,058 - INFO - Regula po iteracji 0: IF  THEN class = {120.74} [-788.16, 1,029.64], (p=365, n=4, P=365, N=4)
2026-04-14 12:22:19,059 - INFO - *****STOP GROWING RR RULE*****
2026-04-14 12:22:19,059 - INFO - ***RR NOT FOUND***
2026-04-14 12:22:19,077 - INFO - Iteracja 2: condition_best: Bin <= 26.00, quality_best: 0.657, coverage_best: (p=172, n=1, P=351, N=18)
2026-04-14 12:22:19,077 - INFO - Regula po iteracji 2: IF T <= 2,155.00 AND Hc >= 0.63 AND Bin <= 26.00 THEN class = {31.02} [-200.40, 262.44], (p=172, n=1, P=351, N=18)
2026-04-14 12:22:19,078 - INFO - *****GROWING RR RULE*****
2026-04-14 12:22:19,156 - INFO - Iteracja 0: condition_best: None, quality_best: -inf, coverage_best: (p=0, n=0, P=0, N=0), p_value: 0
2026-04-14 12:22:19,156 - INFO - Regula po iteracji 0: IF  THEN class = {120.74} [-788.16, 1,029.64], (p=365, n=4, P=365, N=4)
2026-04-14 12:22:19,156 - INFO - *****STOP GROWING RR RULE*****
2026-04-14 12:22:19,156 - INFO - ***RR NOT FOUND***
2026-04-14 12:22:19,173 - INFO - Iteracja 3: condition_best: p <= 108.00, quality_best: 0.613, coverage_best: (p=155, n=1, P=353, N=16)
2026-04-14 12:22:19,173 - INFO - Regula po iteracji 3: IF T <= 2,155.00 AND Hc >= 0.63 AND Bin <= 26.00 AND p <= 108.00 THEN class = {31.32} [-211.79, 274.42], (p=155, n=1, P=353, N=16)
2026-04-14 12:22:19,173 - INFO - *****GROWING RR RULE*****
2026-04-14 12:22:19,252 - INFO - Iteracja 0: condition_best: None, quality_best: -inf, coverage_best: (p=0, n=0, P=0, N=0), p_value: 0
2026-04-14 12:22:19,252 - INFO - Regula po iteracji 0: IF  THEN class = {120.74} [-788.16, 1,029.64], (p=365, n=4, P=365, N=4)
2026-04-14 12:22:19,252 - INFO - *****STOP GROWING RR RULE*****
2026-04-14 12:22:19,252 - INFO - ***RR NOT FOUND***
2026-04-14 12:22:19,267 - INFO - Iteracja 4: condition_best: skewness <= 1.83, quality_best: 0.588, coverage_best: (p=142, n=1, P=353, N=16)
2026-04-14 12:22:19,267 - INFO - Regula po iteracji 4: IF T <= 2,155.00 AND Hc >= 0.63 AND Bin <= 26.00 AND p <= 108.00 AND skewness <= 1.83 THEN class = {33.48} [-220.26, 287.23], (p=142, n=1, P=353, N=16)
2026-04-14 12:22:19,267 - INFO - *****GROWING RR RULE*****
2026-04-14 12:22:19,345 - INFO - Iteracja 0: condition_best: None, quality_best: -inf, coverage_best: (p=0, n=0, P=0, N=0), p_value: 0
2026-04-14 12:22:19,346 - INFO - Regula po iteracji 0: IF  THEN class = {120.74} [-788.16, 1,029.64], (p=365, n=4, P=365, N=4)
2026-04-14 12:22:19,346 - INFO - *****STOP GROWING RR RULE*****
2026-04-14 12:22:19,346 - INFO - ***RR NOT FOUND***
2026-04-14 12:22:19,346 - INFO - *******STOP GROWING CR RULE*******
2026-04-14 12:22:19,358 - INFO - ************************Finished experiment for meta.arff with algorithm_rer_with_exceptions************************
2026-04-14 12:22:19,358 - INFO - *************************************************************************************************************************
2026-04-14 12:22:19,358 - INFO - *************************************************************************************************************************
2026-04-14 12:22:19,358 - INFO - *************************************************************************************************************************
2026-04-14 12:22:19,358 - INFO - **********Starting experiment for meta.arff with decision_tree**********
2026-04-14 12:22:19,395 - INFO - ************************Finished experiment for meta.arff with decision_tree************************
2026-04-14 12:22:19,395 - INFO - *************************************************************************************************************************
2026-04-14 12:22:19,395 - INFO - *************************************************************************************************************************
2026-04-14 12:22:19,395 - INFO - *************************************************************************************************************************
