2026-04-12 13:18:19,866 - INFO - **********Starting experiment for 10_hd.arff with algorithm**********
2026-04-12 13:18:19,877 - INFO - *******GROWING CR RULE*******
2026-04-12 13:18:22,695 - INFO - Iteracja 0: condition_best: age <= 66.50, quality_best: 1.0, coverage_best: (p=816, n=0, P=865, N=0)
2026-04-12 13:18:22,701 - INFO - Regula po iteracji 0: IF age <= 66.50 THEN survival_status = {nan}, (p=816, n=0, P=865, N=0)
2026-04-12 13:18:22,701 - INFO - *****GROWING RR RULE*****
2026-04-12 13:18:29,984 - INFO - Iteracja 0: condition_best: None, quality_best: -inf, coverage_best: (p=0, n=0, P=0, N=0), p_value: 0
2026-04-12 13:18:29,989 - INFO - Regula po iteracji 0: IF  THEN survival_status = {nan}, (p=865, n=0, P=865, N=0)
2026-04-12 13:18:29,989 - INFO - *****STOP GROWING RR RULE*****
2026-04-12 13:18:29,989 - INFO - ***RR NOT FOUND***
2026-04-12 13:18:32,620 - INFO - Iteracja 1: condition_best: age >= 15.66, quality_best: 1.0, coverage_best: (p=815, n=0, P=865, N=0)
2026-04-12 13:18:32,626 - INFO - Regula po iteracji 1: IF age <= 66.50 AND age >= 15.66 THEN survival_status = {23.4}, (p=815, n=0, P=865, N=0)
2026-04-12 13:18:32,626 - INFO - *****GROWING RR RULE*****
2026-04-12 13:18:39,920 - INFO - Iteracja 0: condition_best: None, quality_best: -inf, coverage_best: (p=0, n=0, P=0, N=0), p_value: 0
2026-04-12 13:18:39,925 - INFO - Regula po iteracji 0: IF  THEN survival_status = {nan}, (p=865, n=0, P=865, N=0)
2026-04-12 13:18:39,925 - INFO - *****STOP GROWING RR RULE*****
2026-04-12 13:18:39,925 - INFO - ***RR NOT FOUND***
2026-04-12 13:18:42,595 - INFO - Iteracja 2: condition_best: age <= 65.50, quality_best: 1.0, coverage_best: (p=810, n=0, P=865, N=0)
2026-04-12 13:18:42,602 - INFO - Regula po iteracji 2: IF age <= 66.50 AND age >= 15.66 AND age <= 65.50 THEN survival_status = {23.4}, (p=810, n=0, P=865, N=0)
2026-04-12 13:18:42,602 - INFO - *****GROWING RR RULE*****
2026-04-12 13:18:49,903 - INFO - Iteracja 0: condition_best: None, quality_best: -inf, coverage_best: (p=0, n=0, P=0, N=0), p_value: 0
2026-04-12 13:18:49,907 - INFO - Regula po iteracji 0: IF  THEN survival_status = {nan}, (p=865, n=0, P=865, N=0)
2026-04-12 13:18:49,907 - INFO - *****STOP GROWING RR RULE*****
2026-04-12 13:18:49,907 - INFO - ***RR NOT FOUND***
2026-04-12 13:18:52,602 - INFO - Iteracja 3: condition_best: age >= 16.36, quality_best: 1.0, coverage_best: (p=809, n=0, P=865, N=0)
2026-04-12 13:18:52,609 - INFO - Regula po iteracji 3: IF age <= 66.50 AND age >= 15.66 AND age <= 65.50 AND age >= 16.36 THEN survival_status = {23.4}, (p=809, n=0, P=865, N=0)
2026-04-12 13:18:52,609 - INFO - *****GROWING RR RULE*****
2026-04-12 13:18:59,868 - INFO - Iteracja 0: condition_best: None, quality_best: -inf, coverage_best: (p=0, n=0, P=0, N=0), p_value: 0
2026-04-12 13:18:59,872 - INFO - Regula po iteracji 0: IF  THEN survival_status = {nan}, (p=865, n=0, P=865, N=0)
2026-04-12 13:18:59,872 - INFO - *****STOP GROWING RR RULE*****
2026-04-12 13:18:59,872 - INFO - ***RR NOT FOUND***
2026-04-12 13:19:02,595 - INFO - Iteracja 4: condition_best: age <= 64.68, quality_best: 1.0, coverage_best: (p=805, n=0, P=865, N=0)
2026-04-12 13:19:02,602 - INFO - Regula po iteracji 4: IF age <= 66.50 AND age >= 15.66 AND age <= 65.50 AND age >= 16.36 AND age <= 64.68 THEN survival_status = {23.4}, (p=805, n=0, P=865, N=0)
2026-04-12 13:19:02,602 - INFO - *****GROWING RR RULE*****
2026-04-12 13:19:10,023 - INFO - Iteracja 0: condition_best: None, quality_best: -inf, coverage_best: (p=0, n=0, P=0, N=0), p_value: 0
2026-04-12 13:19:10,028 - INFO - Regula po iteracji 0: IF  THEN survival_status = {nan}, (p=865, n=0, P=865, N=0)
2026-04-12 13:19:10,028 - INFO - *****STOP GROWING RR RULE*****
2026-04-12 13:19:10,028 - INFO - ***RR NOT FOUND***
2026-04-12 13:19:10,028 - INFO - *******STOP GROWING CR RULE*******
2026-04-12 13:19:10,038 - INFO - *******GROWING CR RULE*******
2026-04-12 13:19:11,432 - INFO - Iteracja 0: condition_best: age >= 36.01, quality_best: 1.0, coverage_best: (p=318, n=0, P=865, N=0)
2026-04-12 13:19:11,437 - INFO - Regula po iteracji 0: IF age >= 36.01 THEN survival_status = {nan}, (p=318, n=0, P=865, N=0)
2026-04-12 13:19:11,437 - INFO - *****GROWING RR RULE*****
2026-04-12 13:19:17,638 - INFO - Iteracja 0: condition_best: None, quality_best: -inf, coverage_best: (p=0, n=0, P=0, N=0), p_value: 0
2026-04-12 13:19:17,642 - INFO - Regula po iteracji 0: IF  THEN survival_status = {nan}, (p=865, n=0, P=865, N=0)
2026-04-12 13:19:17,642 - INFO - *****STOP GROWING RR RULE*****
2026-04-12 13:19:17,642 - INFO - ***RR NOT FOUND***
2026-04-12 13:19:18,384 - INFO - Iteracja 1: condition_best: age <= 87.00, quality_best: 1.0, coverage_best: (p=317, n=0, P=865, N=0)
2026-04-12 13:19:18,389 - INFO - Regula po iteracji 1: IF age >= 36.01 AND age <= 87.00 THEN survival_status = {8.8}, (p=317, n=0, P=865, N=0)
2026-04-12 13:19:18,390 - INFO - *****GROWING RR RULE*****
2026-04-12 13:19:24,593 - INFO - Iteracja 0: condition_best: None, quality_best: -inf, coverage_best: (p=0, n=0, P=0, N=0), p_value: 0
2026-04-12 13:19:24,597 - INFO - Regula po iteracji 0: IF  THEN survival_status = {nan}, (p=865, n=0, P=865, N=0)
2026-04-12 13:19:24,597 - INFO - *****STOP GROWING RR RULE*****
2026-04-12 13:19:24,598 - INFO - ***RR NOT FOUND***
2026-04-12 13:19:25,356 - INFO - Iteracja 2: condition_best: age >= 36.03, quality_best: 1.0, coverage_best: (p=316, n=0, P=865, N=0)
2026-04-12 13:19:25,362 - INFO - Regula po iteracji 2: IF age >= 36.01 AND age <= 87.00 AND age >= 36.03 THEN survival_status = {8.8}, (p=316, n=0, P=865, N=0)
2026-04-12 13:19:25,362 - INFO - *****GROWING RR RULE*****
2026-04-12 13:19:31,556 - INFO - Iteracja 0: condition_best: None, quality_best: -inf, coverage_best: (p=0, n=0, P=0, N=0), p_value: 0
2026-04-12 13:19:31,562 - INFO - Regula po iteracji 0: IF  THEN survival_status = {nan}, (p=865, n=0, P=865, N=0)
2026-04-12 13:19:31,562 - INFO - *****STOP GROWING RR RULE*****
2026-04-12 13:19:31,562 - INFO - ***RR NOT FOUND***
2026-04-12 13:19:32,342 - INFO - Iteracja 3: condition_best: age >= 36.09, quality_best: 1.0, coverage_best: (p=315, n=0, P=865, N=0)
2026-04-12 13:19:32,348 - INFO - Regula po iteracji 3: IF age >= 36.01 AND age <= 87.00 AND age >= 36.03 AND age >= 36.09 THEN survival_status = {8.6}, (p=315, n=0, P=865, N=0)
2026-04-12 13:19:32,348 - INFO - *****GROWING RR RULE*****
2026-04-12 13:19:38,517 - INFO - Iteracja 0: condition_best: None, quality_best: -inf, coverage_best: (p=0, n=0, P=0, N=0), p_value: 0
2026-04-12 13:19:38,523 - INFO - Regula po iteracji 0: IF  THEN survival_status = {nan}, (p=865, n=0, P=865, N=0)
2026-04-12 13:19:38,523 - INFO - *****STOP GROWING RR RULE*****
2026-04-12 13:19:38,523 - INFO - ***RR NOT FOUND***
2026-04-12 13:19:39,323 - INFO - Iteracja 4: condition_best: age >= 36.31, quality_best: 1.0, coverage_best: (p=314, n=0, P=865, N=0)
2026-04-12 13:19:39,329 - INFO - Regula po iteracji 4: IF age >= 36.01 AND age <= 87.00 AND age >= 36.03 AND age >= 36.09 AND age >= 36.31 THEN survival_status = {8.6}, (p=314, n=0, P=865, N=0)
2026-04-12 13:19:39,329 - INFO - *****GROWING RR RULE*****
2026-04-12 13:19:45,505 - INFO - Iteracja 0: condition_best: None, quality_best: -inf, coverage_best: (p=0, n=0, P=0, N=0), p_value: 0
2026-04-12 13:19:45,509 - INFO - Regula po iteracji 0: IF  THEN survival_status = {nan}, (p=865, n=0, P=865, N=0)
2026-04-12 13:19:45,509 - INFO - *****STOP GROWING RR RULE*****
2026-04-12 13:19:45,509 - INFO - ***RR NOT FOUND***
2026-04-12 13:19:45,509 - INFO - *******STOP GROWING CR RULE*******
2026-04-12 13:19:45,515 - INFO - *******GROWING CR RULE*******
2026-04-12 13:19:46,825 - INFO - Iteracja 0: condition_best: age <= 66.50, quality_best: 1.0, coverage_best: (p=816, n=0, P=865, N=0)
2026-04-12 13:19:46,831 - INFO - Regula po iteracji 0: IF age <= 66.50 THEN survival_status = {nan}, (p=816, n=0, P=865, N=0)
2026-04-12 13:19:46,831 - INFO - *****GROWING RR RULE*****
2026-04-12 13:19:54,076 - INFO - Iteracja 0: condition_best: None, quality_best: -inf, coverage_best: (p=0, n=0, P=0, N=0), p_value: 0
2026-04-12 13:19:54,080 - INFO - Regula po iteracji 0: IF  THEN survival_status = {nan}, (p=865, n=0, P=865, N=0)
2026-04-12 13:19:54,081 - INFO - *****STOP GROWING RR RULE*****
2026-04-12 13:19:54,081 - INFO - ***RR NOT FOUND***
2026-04-12 13:19:55,365 - INFO - Iteracja 1: condition_best: age >= 15.66, quality_best: 1.0, coverage_best: (p=815, n=0, P=865, N=0)
2026-04-12 13:19:55,371 - INFO - Regula po iteracji 1: IF age <= 66.50 AND age >= 15.66 THEN survival_status = {23.4}, (p=815, n=0, P=865, N=0)
2026-04-12 13:19:55,371 - INFO - *****GROWING RR RULE*****
2026-04-12 13:20:02,682 - INFO - Iteracja 0: condition_best: None, quality_best: -inf, coverage_best: (p=0, n=0, P=0, N=0), p_value: 0
2026-04-12 13:20:02,687 - INFO - Regula po iteracji 0: IF  THEN survival_status = {nan}, (p=865, n=0, P=865, N=0)
2026-04-12 13:20:02,687 - INFO - *****STOP GROWING RR RULE*****
2026-04-12 13:20:02,687 - INFO - ***RR NOT FOUND***
2026-04-12 13:20:04,021 - INFO - Iteracja 2: condition_best: age <= 65.50, quality_best: 1.0, coverage_best: (p=810, n=0, P=865, N=0)
2026-04-12 13:20:04,027 - INFO - Regula po iteracji 2: IF age <= 66.50 AND age >= 15.66 AND age <= 65.50 THEN survival_status = {23.4}, (p=810, n=0, P=865, N=0)
2026-04-12 13:20:04,028 - INFO - *****GROWING RR RULE*****
2026-04-12 13:20:11,320 - INFO - Iteracja 0: condition_best: None, quality_best: -inf, coverage_best: (p=0, n=0, P=0, N=0), p_value: 0
2026-04-12 13:20:11,325 - INFO - Regula po iteracji 0: IF  THEN survival_status = {nan}, (p=865, n=0, P=865, N=0)
2026-04-12 13:20:11,325 - INFO - *****STOP GROWING RR RULE*****
2026-04-12 13:20:11,325 - INFO - ***RR NOT FOUND***
2026-04-12 13:20:12,690 - INFO - Iteracja 3: condition_best: age >= 16.36, quality_best: 1.0, coverage_best: (p=809, n=0, P=865, N=0)
2026-04-12 13:20:12,696 - INFO - Regula po iteracji 3: IF age <= 66.50 AND age >= 15.66 AND age <= 65.50 AND age >= 16.36 THEN survival_status = {23.4}, (p=809, n=0, P=865, N=0)
2026-04-12 13:20:12,696 - INFO - *****GROWING RR RULE*****
2026-04-12 13:20:19,991 - INFO - Iteracja 0: condition_best: None, quality_best: -inf, coverage_best: (p=0, n=0, P=0, N=0), p_value: 0
2026-04-12 13:20:19,996 - INFO - Regula po iteracji 0: IF  THEN survival_status = {nan}, (p=865, n=0, P=865, N=0)
2026-04-12 13:20:19,996 - INFO - *****STOP GROWING RR RULE*****
2026-04-12 13:20:19,996 - INFO - ***RR NOT FOUND***
2026-04-12 13:20:21,404 - INFO - Iteracja 4: condition_best: age <= 64.68, quality_best: 1.0, coverage_best: (p=805, n=0, P=865, N=0)
2026-04-12 13:20:21,410 - INFO - Regula po iteracji 4: IF age <= 66.50 AND age >= 15.66 AND age <= 65.50 AND age >= 16.36 AND age <= 64.68 THEN survival_status = {23.4}, (p=805, n=0, P=865, N=0)
2026-04-12 13:20:21,411 - INFO - *****GROWING RR RULE*****
2026-04-12 13:20:28,671 - INFO - Iteracja 0: condition_best: None, quality_best: -inf, coverage_best: (p=0, n=0, P=0, N=0), p_value: 0
2026-04-12 13:20:28,676 - INFO - Regula po iteracji 0: IF  THEN survival_status = {nan}, (p=865, n=0, P=865, N=0)
2026-04-12 13:20:28,676 - INFO - *****STOP GROWING RR RULE*****
2026-04-12 13:20:28,676 - INFO - ***RR NOT FOUND***
2026-04-12 13:20:28,676 - INFO - *******STOP GROWING CR RULE*******
2026-04-12 13:20:28,693 - INFO - ************************Finished experiment for 10_hd.arff with algorithm************************
2026-04-12 13:20:28,693 - INFO - *************************************************************************************************************************
2026-04-12 13:20:28,693 - INFO - *************************************************************************************************************************
2026-04-12 13:20:28,693 - INFO - *************************************************************************************************************************
