2026-04-08 10:33:10,185 - INFO - **********Starting experiment for 11_follic.arff with algorithm_rulekit**********
2026-04-08 10:33:13,861 - INFO - ************************Finished experiment for 11_follic.arff with algorithm_rulekit************************
2026-04-08 10:33:13,861 - INFO - *************************************************************************************************************************
2026-04-08 10:33:13,861 - INFO - *************************************************************************************************************************
2026-04-08 10:33:13,861 - INFO - *************************************************************************************************************************
2026-04-08 10:33:13,862 - INFO - **********Starting experiment for 11_follic.arff with algorithm_log_rank**********
2026-04-08 10:33:13,871 - INFO - *******GROWING CR RULE*******
2026-04-08 10:33:15,855 - INFO - Iteracja 0: condition_best: age >= 56.15, quality_best: 1.0, coverage_best: (p=205, n=0, P=378, N=0)
2026-04-08 10:33:15,861 - INFO - Regula po iteracji 0: IF age >= 56.15 THEN survival_status = {nan}, (p=205, n=0, P=378, N=0)
2026-04-08 10:33:17,150 - INFO - Iteracja 1: condition_best: clinstg >= 1.50, quality_best: 1.0, coverage_best: (p=59, n=0, P=378, N=0)
2026-04-08 10:33:17,155 - INFO - Regula po iteracji 1: IF age >= 56.15 AND clinstg >= 1.50 THEN survival_status = {4.068446}, (p=59, n=0, P=378, N=0)
2026-04-08 10:33:17,707 - INFO - Iteracja 2: condition_best: age >= 62.50, quality_best: 1.0, coverage_best: (p=41, n=0, P=378, N=0)
2026-04-08 10:33:17,712 - INFO - Regula po iteracji 2: IF age >= 56.15 AND clinstg >= 1.50 AND age >= 62.50 THEN survival_status = {2.053388}, (p=41, n=0, P=378, N=0)
2026-04-08 10:33:18,128 - INFO - Iteracja 3: condition_best: hgb >= 90.00, quality_best: 1.0, coverage_best: (p=40, n=0, P=378, N=0)
2026-04-08 10:33:18,133 - INFO - Regula po iteracji 3: IF age >= 56.15 AND clinstg >= 1.50 AND age >= 62.50 AND hgb >= 90.00 THEN survival_status = {1.051335}, (p=40, n=0, P=378, N=0)
2026-04-08 10:33:18,537 - INFO - Iteracja 4: condition_best: hgb <= 166.50, quality_best: 1.0, coverage_best: (p=39, n=0, P=378, N=0)
2026-04-08 10:33:18,542 - INFO - Regula po iteracji 4: IF age >= 56.15 AND clinstg >= 1.50 AND age >= 62.50 AND hgb >= 90.00 AND hgb <= 166.50 THEN survival_status = {0.826831}, (p=39, n=0, P=378, N=0)
2026-04-08 10:33:18,542 - INFO - *******STOP GROWING CR RULE*******
2026-04-08 10:33:18,569 - INFO - *******GROWING CR RULE*******
2026-04-08 10:33:20,479 - INFO - Iteracja 0: condition_best: age >= 56.15, quality_best: 1.0, coverage_best: (p=205, n=0, P=378, N=0)
2026-04-08 10:33:20,485 - INFO - Regula po iteracji 0: IF age >= 56.15 THEN survival_status = {nan}, (p=205, n=0, P=378, N=0)
2026-04-08 10:33:21,731 - INFO - Iteracja 1: condition_best: clinstg >= 1.50, quality_best: 1.0, coverage_best: (p=59, n=0, P=378, N=0)
2026-04-08 10:33:21,737 - INFO - Regula po iteracji 1: IF age >= 56.15 AND clinstg >= 1.50 THEN survival_status = {4.068446}, (p=59, n=0, P=378, N=0)
2026-04-08 10:33:22,276 - INFO - Iteracja 2: condition_best: age >= 60.50, quality_best: 1.0, coverage_best: (p=46, n=0, P=378, N=0)
2026-04-08 10:33:22,281 - INFO - Regula po iteracji 2: IF age >= 56.15 AND clinstg >= 1.50 AND age >= 60.50 THEN survival_status = {2.053388}, (p=46, n=0, P=378, N=0)
2026-04-08 10:33:22,723 - INFO - Iteracja 3: condition_best: hgb >= 90.00, quality_best: 1.0, coverage_best: (p=45, n=0, P=378, N=0)
2026-04-08 10:33:22,728 - INFO - Regula po iteracji 3: IF age >= 56.15 AND clinstg >= 1.50 AND age >= 60.50 AND hgb >= 90.00 THEN survival_status = {1.407255}, (p=45, n=0, P=378, N=0)
2026-04-08 10:33:23,158 - INFO - Iteracja 4: condition_best: hgb <= 166.50, quality_best: 1.0, coverage_best: (p=44, n=0, P=378, N=0)
2026-04-08 10:33:23,163 - INFO - Regula po iteracji 4: IF age >= 56.15 AND clinstg >= 1.50 AND age >= 60.50 AND hgb >= 90.00 AND hgb <= 166.50 THEN survival_status = {1.05681}, (p=44, n=0, P=378, N=0)
2026-04-08 10:33:23,163 - INFO - *******STOP GROWING CR RULE*******
2026-04-08 10:33:23,191 - INFO - *******GROWING CR RULE*******
2026-04-08 10:33:25,099 - INFO - Iteracja 0: condition_best: age >= 56.15, quality_best: 1.0, coverage_best: (p=205, n=0, P=378, N=0)
2026-04-08 10:33:25,105 - INFO - Regula po iteracji 0: IF age >= 56.15 THEN survival_status = {nan}, (p=205, n=0, P=378, N=0)
2026-04-08 10:33:26,348 - INFO - Iteracja 1: condition_best: clinstg >= 1.50, quality_best: 1.0, coverage_best: (p=59, n=0, P=378, N=0)
2026-04-08 10:33:26,354 - INFO - Regula po iteracji 1: IF age >= 56.15 AND clinstg >= 1.50 THEN survival_status = {4.068446}, (p=59, n=0, P=378, N=0)
2026-04-08 10:33:26,885 - INFO - Iteracja 2: condition_best: age >= 58.85, quality_best: 1.0, coverage_best: (p=51, n=0, P=378, N=0)
2026-04-08 10:33:26,890 - INFO - Regula po iteracji 2: IF age >= 56.15 AND clinstg >= 1.50 AND age >= 58.85 THEN survival_status = {2.053388}, (p=51, n=0, P=378, N=0)
2026-04-08 10:33:27,361 - INFO - Iteracja 3: condition_best: hgb >= 90.00, quality_best: 1.0, coverage_best: (p=50, n=0, P=378, N=0)
2026-04-08 10:33:27,366 - INFO - Regula po iteracji 3: IF age >= 56.15 AND clinstg >= 1.50 AND age >= 58.85 AND hgb >= 90.00 THEN survival_status = {1.708419}, (p=50, n=0, P=378, N=0)
2026-04-08 10:33:27,827 - INFO - Iteracja 4: condition_best: hgb <= 166.50, quality_best: 1.0, coverage_best: (p=49, n=0, P=378, N=0)
2026-04-08 10:33:27,832 - INFO - Regula po iteracji 4: IF age >= 56.15 AND clinstg >= 1.50 AND age >= 58.85 AND hgb >= 90.00 AND hgb <= 166.50 THEN survival_status = {1.486653}, (p=49, n=0, P=378, N=0)
2026-04-08 10:33:27,832 - INFO - *******STOP GROWING CR RULE*******
2026-04-08 10:33:27,859 - INFO - *******GROWING CR RULE*******
2026-04-08 10:33:29,749 - INFO - Iteracja 0: condition_best: age >= 56.15, quality_best: 1.0, coverage_best: (p=205, n=0, P=378, N=0)
2026-04-08 10:33:29,754 - INFO - Regula po iteracji 0: IF age >= 56.15 THEN survival_status = {nan}, (p=205, n=0, P=378, N=0)
2026-04-08 10:33:30,982 - INFO - Iteracja 1: condition_best: clinstg >= 1.50, quality_best: 1.0, coverage_best: (p=59, n=0, P=378, N=0)
2026-04-08 10:33:30,987 - INFO - Regula po iteracji 1: IF age >= 56.15 AND clinstg >= 1.50 THEN survival_status = {4.068446}, (p=59, n=0, P=378, N=0)
2026-04-08 10:33:31,516 - INFO - Iteracja 2: condition_best: age >= 56.60, quality_best: 1.0, coverage_best: (p=58, n=0, P=378, N=0)
2026-04-08 10:33:31,522 - INFO - Regula po iteracji 2: IF age >= 56.15 AND clinstg >= 1.50 AND age >= 56.60 THEN survival_status = {2.053388}, (p=58, n=0, P=378, N=0)
2026-04-08 10:33:32,054 - INFO - Iteracja 3: condition_best: hgb >= 90.00, quality_best: 1.0, coverage_best: (p=57, n=0, P=378, N=0)
2026-04-08 10:33:32,059 - INFO - Regula po iteracji 3: IF age >= 56.15 AND clinstg >= 1.50 AND age >= 56.60 AND hgb >= 90.00 THEN survival_status = {1.880903}, (p=57, n=0, P=378, N=0)
2026-04-08 10:33:32,593 - INFO - Iteracja 4: condition_best: age >= 57.50, quality_best: 1.0, coverage_best: (p=55, n=0, P=378, N=0)
2026-04-08 10:33:32,599 - INFO - Regula po iteracji 4: IF age >= 56.15 AND clinstg >= 1.50 AND age >= 56.60 AND hgb >= 90.00 AND age >= 57.50 THEN survival_status = {2.053388}, (p=55, n=0, P=378, N=0)
2026-04-08 10:33:32,599 - INFO - *******STOP GROWING CR RULE*******
2026-04-08 10:33:32,626 - INFO - *******GROWING CR RULE*******
2026-04-08 10:33:34,511 - INFO - Iteracja 0: condition_best: age >= 56.15, quality_best: 1.0, coverage_best: (p=205, n=0, P=378, N=0)
2026-04-08 10:33:34,518 - INFO - Regula po iteracji 0: IF age >= 56.15 THEN survival_status = {nan}, (p=205, n=0, P=378, N=0)
2026-04-08 10:33:35,745 - INFO - Iteracja 1: condition_best: hgb <= 183.00, quality_best: 1.0, coverage_best: (p=204, n=0, P=378, N=0)
2026-04-08 10:33:35,750 - INFO - Regula po iteracji 1: IF age >= 56.15 AND hgb <= 183.00 THEN survival_status = {4.068446}, (p=204, n=0, P=378, N=0)
2026-04-08 10:33:36,998 - INFO - Iteracja 2: condition_best: age >= 56.75, quality_best: 1.0, coverage_best: (p=199, n=0, P=378, N=0)
2026-04-08 10:33:37,003 - INFO - Regula po iteracji 2: IF age >= 56.15 AND hgb <= 183.00 AND age >= 56.75 THEN survival_status = {4.068446}, (p=199, n=0, P=378, N=0)
2026-04-08 10:33:38,248 - INFO - Iteracja 3: condition_best: hgb <= 168.00, quality_best: 1.0, coverage_best: (p=196, n=0, P=378, N=0)
2026-04-08 10:33:38,254 - INFO - Regula po iteracji 3: IF age >= 56.15 AND hgb <= 183.00 AND age >= 56.75 AND hgb <= 168.00 THEN survival_status = {3.882272}, (p=196, n=0, P=378, N=0)
2026-04-08 10:33:39,486 - INFO - Iteracja 4: condition_best: hgb <= 152.50, quality_best: 1.0, coverage_best: (p=175, n=0, P=378, N=0)
2026-04-08 10:33:39,492 - INFO - Regula po iteracji 4: IF age >= 56.15 AND hgb <= 183.00 AND age >= 56.75 AND hgb <= 168.00 AND hgb <= 152.50 THEN survival_status = {4.068446}, (p=175, n=0, P=378, N=0)
2026-04-08 10:33:39,492 - INFO - *******STOP GROWING CR RULE*******
2026-04-08 10:33:39,507 - INFO - *******GROWING CR RULE*******
2026-04-08 10:33:41,141 - INFO - Iteracja 0: condition_best: age <= 56.15, quality_best: 1.0, coverage_best: (p=173, n=0, P=378, N=0)
2026-04-08 10:33:41,146 - INFO - Regula po iteracji 0: IF age <= 56.15 THEN survival_status = {nan}, (p=173, n=0, P=378, N=0)
2026-04-08 10:33:42,215 - INFO - Iteracja 1: condition_best: hgb <= 164.00, quality_best: 1.0, coverage_best: (p=165, n=0, P=378, N=0)
2026-04-08 10:33:42,221 - INFO - Regula po iteracji 1: IF age <= 56.15 AND hgb <= 164.00 THEN survival_status = {13.609856}, (p=165, n=0, P=378, N=0)
2026-04-08 10:33:43,116 - INFO - Iteracja 2: condition_best: hgb <= 160.50, quality_best: 1.0, coverage_best: (p=163, n=0, P=378, N=0)
2026-04-08 10:33:43,121 - INFO - Regula po iteracji 2: IF age <= 56.15 AND hgb <= 164.00 AND hgb <= 160.50 THEN survival_status = {13.609856}, (p=163, n=0, P=378, N=0)
2026-04-08 10:33:44,020 - INFO - Iteracja 3: condition_best: hgb >= 93.00, quality_best: 1.0, coverage_best: (p=162, n=0, P=378, N=0)
2026-04-08 10:33:44,026 - INFO - Regula po iteracji 3: IF age <= 56.15 AND hgb <= 164.00 AND hgb <= 160.50 AND hgb >= 93.00 THEN survival_status = {14.321697}, (p=162, n=0, P=378, N=0)
2026-04-08 10:33:44,939 - INFO - Iteracja 4: condition_best: age <= 56.05, quality_best: 1.0, coverage_best: (p=161, n=0, P=378, N=0)
2026-04-08 10:33:44,945 - INFO - Regula po iteracji 4: IF age <= 56.15 AND hgb <= 164.00 AND hgb <= 160.50 AND hgb >= 93.00 AND age <= 56.05 THEN survival_status = {13.609856}, (p=161, n=0, P=378, N=0)
2026-04-08 10:33:44,945 - INFO - *******STOP GROWING CR RULE*******
2026-04-08 10:33:44,959 - INFO - *******GROWING CR RULE*******
2026-04-08 10:33:46,316 - INFO - Iteracja 0: condition_best: age <= 56.15, quality_best: 1.0, coverage_best: (p=173, n=0, P=378, N=0)
2026-04-08 10:33:46,322 - INFO - Regula po iteracji 0: IF age <= 56.15 THEN survival_status = {nan}, (p=173, n=0, P=378, N=0)
2026-04-08 10:33:47,110 - INFO - Iteracja 1: condition_best: age >= 19.00, quality_best: 1.0, coverage_best: (p=172, n=0, P=378, N=0)
2026-04-08 10:33:47,116 - INFO - Regula po iteracji 1: IF age <= 56.15 AND age >= 19.00 THEN survival_status = {13.609856}, (p=172, n=0, P=378, N=0)
2026-04-08 10:33:47,917 - INFO - Iteracja 2: condition_best: hgb >= 93.00, quality_best: 1.0, coverage_best: (p=171, n=0, P=378, N=0)
2026-04-08 10:33:47,922 - INFO - Regula po iteracji 2: IF age <= 56.15 AND age >= 19.00 AND hgb >= 93.00 THEN survival_status = {13.609856}, (p=171, n=0, P=378, N=0)
2026-04-08 10:33:48,722 - INFO - Iteracja 3: condition_best: age <= 56.05, quality_best: 1.0, coverage_best: (p=170, n=0, P=378, N=0)
2026-04-08 10:33:48,727 - INFO - Regula po iteracji 3: IF age <= 56.15 AND age >= 19.00 AND hgb >= 93.00 AND age <= 56.05 THEN survival_status = {13.609856}, (p=170, n=0, P=378, N=0)
2026-04-08 10:33:49,540 - INFO - Iteracja 4: condition_best: hgb >= 105.00, quality_best: 1.0, coverage_best: (p=168, n=0, P=378, N=0)
2026-04-08 10:33:49,545 - INFO - Regula po iteracji 4: IF age <= 56.15 AND age >= 19.00 AND hgb >= 93.00 AND age <= 56.05 AND hgb >= 105.00 THEN survival_status = {13.333333}, (p=168, n=0, P=378, N=0)
2026-04-08 10:33:49,546 - INFO - *******STOP GROWING CR RULE*******
2026-04-08 10:33:49,559 - INFO - *******GROWING CR RULE*******
2026-04-08 10:33:50,903 - INFO - Iteracja 0: condition_best: age >= 56.15, quality_best: 1.0, coverage_best: (p=205, n=0, P=378, N=0)
2026-04-08 10:33:50,908 - INFO - Regula po iteracji 0: IF age >= 56.15 THEN survival_status = {nan}, (p=205, n=0, P=378, N=0)
2026-04-08 10:33:51,798 - INFO - Iteracja 1: condition_best: clinstg >= 1.50, quality_best: 1.0, coverage_best: (p=59, n=0, P=378, N=0)
2026-04-08 10:33:51,803 - INFO - Regula po iteracji 1: IF age >= 56.15 AND clinstg >= 1.50 THEN survival_status = {4.068446}, (p=59, n=0, P=378, N=0)
2026-04-08 10:33:52,188 - INFO - Iteracja 2: condition_best: age >= 62.50, quality_best: 1.0, coverage_best: (p=41, n=0, P=378, N=0)
2026-04-08 10:33:52,193 - INFO - Regula po iteracji 2: IF age >= 56.15 AND clinstg >= 1.50 AND age >= 62.50 THEN survival_status = {2.053388}, (p=41, n=0, P=378, N=0)
2026-04-08 10:33:52,483 - INFO - Iteracja 3: condition_best: hgb >= 90.00, quality_best: 1.0, coverage_best: (p=40, n=0, P=378, N=0)
2026-04-08 10:33:52,488 - INFO - Regula po iteracji 3: IF age >= 56.15 AND clinstg >= 1.50 AND age >= 62.50 AND hgb >= 90.00 THEN survival_status = {1.051335}, (p=40, n=0, P=378, N=0)
2026-04-08 10:33:52,773 - INFO - Iteracja 4: condition_best: hgb <= 166.50, quality_best: 1.0, coverage_best: (p=39, n=0, P=378, N=0)
2026-04-08 10:33:52,778 - INFO - Regula po iteracji 4: IF age >= 56.15 AND clinstg >= 1.50 AND age >= 62.50 AND hgb >= 90.00 AND hgb <= 166.50 THEN survival_status = {0.826831}, (p=39, n=0, P=378, N=0)
2026-04-08 10:33:52,778 - INFO - *******STOP GROWING CR RULE*******
2026-04-08 10:33:55,762 - INFO - ************************Finished experiment for 11_follic.arff with algorithm_log_rank************************
2026-04-08 10:33:55,762 - INFO - *************************************************************************************************************************
2026-04-08 10:33:55,762 - INFO - *************************************************************************************************************************
2026-04-08 10:33:55,762 - INFO - *************************************************************************************************************************
2026-04-08 10:33:55,763 - INFO - **********Starting experiment for 11_follic.arff with algorithm_log_rank_with_exceptions**********
2026-04-08 10:33:55,771 - INFO - *******GROWING CR RULE*******
2026-04-08 10:33:57,765 - INFO - Iteracja 0: condition_best: age >= 56.15, quality_best: 1.0, coverage_best: (p=205, n=0, P=378, N=0)
2026-04-08 10:33:57,771 - INFO - Regula po iteracji 0: IF age >= 56.15 THEN survival_status = {nan}, (p=205, n=0, P=378, N=0)
2026-04-08 10:33:57,771 - INFO - *****GROWING RR RULE*****
2026-04-08 10:34:02,485 - INFO - Iteracja 0: condition_best: clinstg >= 1.50, quality_best: 0.942, coverage_best: (p=126, n=0, P=378, N=0), p_value: 0.246
2026-04-08 10:34:02,491 - INFO - Regula po iteracji 0: IF clinstg >= 1.50 THEN survival_status = {nan}, (p=126, n=0, P=378, N=0)
2026-04-08 10:34:04,474 - INFO - Iteracja 1: condition_best: age >= 33.00, quality_best: 1.0, coverage_best: (p=115, n=0, P=378, N=0), p_value: 0.983
2026-04-08 10:34:04,479 - INFO - Regula po iteracji 1: IF clinstg >= 1.50 AND age >= 33.00 THEN survival_status = {3.411362}, (p=115, n=0, P=378, N=0)
2026-04-08 10:34:06,316 - INFO - Iteracja 2: condition_best: hgb <= 141.50, quality_best: 0.993, coverage_best: (p=76, n=0, P=378, N=0), p_value: 0.997
2026-04-08 10:34:06,322 - INFO - Regula po iteracji 2: IF clinstg >= 1.50 AND age >= 33.00 AND hgb <= 141.50 THEN survival_status = {2.915811}, (p=76, n=0, P=378, N=0)
2026-04-08 10:34:07,523 - INFO - Iteracja 3: condition_best: None, quality_best: -inf, coverage_best: (p=0, n=0, P=0, N=0), p_value: 0.997
2026-04-08 10:34:07,528 - INFO - Regula po iteracji 3: IF clinstg >= 1.50 AND age >= 33.00 AND hgb <= 141.50 THEN survival_status = {2.704997}, (p=76, n=0, P=378, N=0)
2026-04-08 10:34:07,528 - INFO - *****STOP GROWING RR RULE*****
2026-04-08 10:34:07,528 - INFO - ***RR FOUND***
2026-04-08 10:34:07,528 - INFO - Reference rule: IF clinstg >= 1.50 AND age >= 33.00 THEN survival_status = {2.704997}
2026-04-08 10:34:07,528 - INFO - ***CHECKING EXCEPTION***
2026-04-08 10:34:07,531 - INFO - ER vs CR p_value: 0.0031541138754784814
2026-04-08 10:34:07,531 - INFO - ER vs RR p_value: 0.021575842450179517
2026-04-08 10:34:07,549 - INFO - ***ER FOUND***
2026-04-08 10:34:07,549 - INFO - Exception rule: IF age >= 56.15 AND clinstg >= 1.50 AND age >= 33.00 THEN survival_status = {2.053388} (p=59, n=0, P=378, N=0)
2026-04-08 10:34:07,549 - INFO - *******STOP GROWING CR RULE*******
2026-04-08 10:34:07,556 - INFO - *******GROWING CR RULE*******
2026-04-08 10:34:09,189 - INFO - Iteracja 0: condition_best: age <= 56.15, quality_best: 1.0, coverage_best: (p=173, n=0, P=378, N=0)
2026-04-08 10:34:09,195 - INFO - Regula po iteracji 0: IF age <= 56.15 THEN survival_status = {nan}, (p=173, n=0, P=378, N=0)
2026-04-08 10:34:09,195 - INFO - *****GROWING RR RULE*****
2026-04-08 10:34:13,761 - INFO - Iteracja 0: condition_best: None, quality_best: -inf, coverage_best: (p=0, n=0, P=0, N=0), p_value: 0
2026-04-08 10:34:13,764 - INFO - Regula po iteracji 0: IF  THEN survival_status = {nan}, (p=378, n=0, P=378, N=0)
2026-04-08 10:34:13,765 - INFO - *****STOP GROWING RR RULE*****
2026-04-08 10:34:13,765 - INFO - ***RR NOT FOUND***
2026-04-08 10:34:14,704 - INFO - Iteracja 1: condition_best: hgb <= 164.00, quality_best: 1.0, coverage_best: (p=165, n=0, P=378, N=0)
2026-04-08 10:34:14,710 - INFO - Regula po iteracji 1: IF age <= 56.15 AND hgb <= 164.00 THEN survival_status = {13.609856}, (p=165, n=0, P=378, N=0)
2026-04-08 10:34:14,710 - INFO - *****GROWING RR RULE*****
2026-04-08 10:34:19,269 - INFO - Iteracja 0: condition_best: None, quality_best: -inf, coverage_best: (p=0, n=0, P=0, N=0), p_value: 0
2026-04-08 10:34:19,273 - INFO - Regula po iteracji 0: IF  THEN survival_status = {nan}, (p=378, n=0, P=378, N=0)
2026-04-08 10:34:19,273 - INFO - *****STOP GROWING RR RULE*****
2026-04-08 10:34:19,273 - INFO - ***RR NOT FOUND***
2026-04-08 10:34:20,171 - INFO - Iteracja 2: condition_best: hgb <= 160.50, quality_best: 1.0, coverage_best: (p=163, n=0, P=378, N=0)
2026-04-08 10:34:20,177 - INFO - Regula po iteracji 2: IF age <= 56.15 AND hgb <= 164.00 AND hgb <= 160.50 THEN survival_status = {13.609856}, (p=163, n=0, P=378, N=0)
2026-04-08 10:34:20,177 - INFO - *****GROWING RR RULE*****
2026-04-08 10:34:24,737 - INFO - Iteracja 0: condition_best: None, quality_best: -inf, coverage_best: (p=0, n=0, P=0, N=0), p_value: 0
2026-04-08 10:34:24,740 - INFO - Regula po iteracji 0: IF  THEN survival_status = {nan}, (p=378, n=0, P=378, N=0)
2026-04-08 10:34:24,741 - INFO - *****STOP GROWING RR RULE*****
2026-04-08 10:34:24,741 - INFO - ***RR NOT FOUND***
2026-04-08 10:34:25,648 - INFO - Iteracja 3: condition_best: hgb >= 93.00, quality_best: 1.0, coverage_best: (p=162, n=0, P=378, N=0)
2026-04-08 10:34:25,654 - INFO - Regula po iteracji 3: IF age <= 56.15 AND hgb <= 164.00 AND hgb <= 160.50 AND hgb >= 93.00 THEN survival_status = {14.321697}, (p=162, n=0, P=378, N=0)
2026-04-08 10:34:25,654 - INFO - *****GROWING RR RULE*****
2026-04-08 10:34:30,183 - INFO - Iteracja 0: condition_best: None, quality_best: -inf, coverage_best: (p=0, n=0, P=0, N=0), p_value: 0
2026-04-08 10:34:30,187 - INFO - Regula po iteracji 0: IF  THEN survival_status = {nan}, (p=378, n=0, P=378, N=0)
2026-04-08 10:34:30,187 - INFO - *****STOP GROWING RR RULE*****
2026-04-08 10:34:30,187 - INFO - ***RR NOT FOUND***
2026-04-08 10:34:31,107 - INFO - Iteracja 4: condition_best: age <= 56.05, quality_best: 1.0, coverage_best: (p=161, n=0, P=378, N=0)
2026-04-08 10:34:31,112 - INFO - Regula po iteracji 4: IF age <= 56.15 AND hgb <= 164.00 AND hgb <= 160.50 AND hgb >= 93.00 AND age <= 56.05 THEN survival_status = {13.609856}, (p=161, n=0, P=378, N=0)
2026-04-08 10:34:31,113 - INFO - *****GROWING RR RULE*****
2026-04-08 10:34:35,667 - INFO - Iteracja 0: condition_best: None, quality_best: -inf, coverage_best: (p=0, n=0, P=0, N=0), p_value: 0
2026-04-08 10:34:35,670 - INFO - Regula po iteracji 0: IF  THEN survival_status = {nan}, (p=378, n=0, P=378, N=0)
2026-04-08 10:34:35,671 - INFO - *****STOP GROWING RR RULE*****
2026-04-08 10:34:35,671 - INFO - ***RR NOT FOUND***
2026-04-08 10:34:35,671 - INFO - *******STOP GROWING CR RULE*******
2026-04-08 10:34:35,685 - INFO - *******GROWING CR RULE*******
2026-04-08 10:34:37,055 - INFO - Iteracja 0: condition_best: age <= 56.15, quality_best: 1.0, coverage_best: (p=173, n=0, P=378, N=0)
2026-04-08 10:34:37,061 - INFO - Regula po iteracji 0: IF age <= 56.15 THEN survival_status = {nan}, (p=173, n=0, P=378, N=0)
2026-04-08 10:34:37,061 - INFO - *****GROWING RR RULE*****
2026-04-08 10:34:41,660 - INFO - Iteracja 0: condition_best: None, quality_best: -inf, coverage_best: (p=0, n=0, P=0, N=0), p_value: 0
2026-04-08 10:34:41,663 - INFO - Regula po iteracji 0: IF  THEN survival_status = {nan}, (p=378, n=0, P=378, N=0)
2026-04-08 10:34:41,663 - INFO - *****STOP GROWING RR RULE*****
2026-04-08 10:34:41,663 - INFO - ***RR NOT FOUND***
2026-04-08 10:34:42,454 - INFO - Iteracja 1: condition_best: age >= 19.00, quality_best: 1.0, coverage_best: (p=172, n=0, P=378, N=0)
2026-04-08 10:34:42,459 - INFO - Regula po iteracji 1: IF age <= 56.15 AND age >= 19.00 THEN survival_status = {13.609856}, (p=172, n=0, P=378, N=0)
2026-04-08 10:34:42,460 - INFO - *****GROWING RR RULE*****
2026-04-08 10:34:47,041 - INFO - Iteracja 0: condition_best: None, quality_best: -inf, coverage_best: (p=0, n=0, P=0, N=0), p_value: 0
2026-04-08 10:34:47,045 - INFO - Regula po iteracji 0: IF  THEN survival_status = {nan}, (p=378, n=0, P=378, N=0)
2026-04-08 10:34:47,045 - INFO - *****STOP GROWING RR RULE*****
2026-04-08 10:34:47,045 - INFO - ***RR NOT FOUND***
2026-04-08 10:34:47,850 - INFO - Iteracja 2: condition_best: hgb >= 93.00, quality_best: 1.0, coverage_best: (p=171, n=0, P=378, N=0)
2026-04-08 10:34:47,856 - INFO - Regula po iteracji 2: IF age <= 56.15 AND age >= 19.00 AND hgb >= 93.00 THEN survival_status = {13.609856}, (p=171, n=0, P=378, N=0)
2026-04-08 10:34:47,856 - INFO - *****GROWING RR RULE*****
2026-04-08 10:34:52,434 - INFO - Iteracja 0: condition_best: None, quality_best: -inf, coverage_best: (p=0, n=0, P=0, N=0), p_value: 0
2026-04-08 10:34:52,438 - INFO - Regula po iteracji 0: IF  THEN survival_status = {nan}, (p=378, n=0, P=378, N=0)
2026-04-08 10:34:52,438 - INFO - *****STOP GROWING RR RULE*****
2026-04-08 10:34:52,438 - INFO - ***RR NOT FOUND***
2026-04-08 10:34:53,252 - INFO - Iteracja 3: condition_best: age <= 56.05, quality_best: 1.0, coverage_best: (p=170, n=0, P=378, N=0)
2026-04-08 10:34:53,258 - INFO - Regula po iteracji 3: IF age <= 56.15 AND age >= 19.00 AND hgb >= 93.00 AND age <= 56.05 THEN survival_status = {13.609856}, (p=170, n=0, P=378, N=0)
2026-04-08 10:34:53,259 - INFO - *****GROWING RR RULE*****
2026-04-08 10:34:57,858 - INFO - Iteracja 0: condition_best: None, quality_best: -inf, coverage_best: (p=0, n=0, P=0, N=0), p_value: 0
2026-04-08 10:34:57,862 - INFO - Regula po iteracji 0: IF  THEN survival_status = {nan}, (p=378, n=0, P=378, N=0)
2026-04-08 10:34:57,862 - INFO - *****STOP GROWING RR RULE*****
2026-04-08 10:34:57,862 - INFO - ***RR NOT FOUND***
2026-04-08 10:34:58,685 - INFO - Iteracja 4: condition_best: hgb >= 105.00, quality_best: 1.0, coverage_best: (p=168, n=0, P=378, N=0)
2026-04-08 10:34:58,691 - INFO - Regula po iteracji 4: IF age <= 56.15 AND age >= 19.00 AND hgb >= 93.00 AND age <= 56.05 AND hgb >= 105.00 THEN survival_status = {13.333333}, (p=168, n=0, P=378, N=0)
2026-04-08 10:34:58,691 - INFO - *****GROWING RR RULE*****
2026-04-08 10:35:03,225 - INFO - Iteracja 0: condition_best: None, quality_best: -inf, coverage_best: (p=0, n=0, P=0, N=0), p_value: 0
2026-04-08 10:35:03,229 - INFO - Regula po iteracji 0: IF  THEN survival_status = {nan}, (p=378, n=0, P=378, N=0)
2026-04-08 10:35:03,229 - INFO - *****STOP GROWING RR RULE*****
2026-04-08 10:35:03,229 - INFO - ***RR NOT FOUND***
2026-04-08 10:35:03,229 - INFO - *******STOP GROWING CR RULE*******
2026-04-08 10:35:03,242 - INFO - *******GROWING CR RULE*******
2026-04-08 10:35:04,591 - INFO - Iteracja 0: condition_best: age >= 56.15, quality_best: 1.0, coverage_best: (p=205, n=0, P=378, N=0)
2026-04-08 10:35:04,596 - INFO - Regula po iteracji 0: IF age >= 56.15 THEN survival_status = {nan}, (p=205, n=0, P=378, N=0)
2026-04-08 10:35:04,596 - INFO - *****GROWING RR RULE*****
2026-04-08 10:35:09,316 - INFO - Iteracja 0: condition_best: clinstg >= 1.50, quality_best: 0.942, coverage_best: (p=126, n=0, P=378, N=0), p_value: 0.246
2026-04-08 10:35:09,321 - INFO - Regula po iteracji 0: IF clinstg >= 1.50 THEN survival_status = {nan}, (p=126, n=0, P=378, N=0)
2026-04-08 10:35:11,285 - INFO - Iteracja 1: condition_best: age >= 33.00, quality_best: 1.0, coverage_best: (p=115, n=0, P=378, N=0), p_value: 0.983
2026-04-08 10:35:11,291 - INFO - Regula po iteracji 1: IF clinstg >= 1.50 AND age >= 33.00 THEN survival_status = {3.411362}, (p=115, n=0, P=378, N=0)
2026-04-08 10:35:13,121 - INFO - Iteracja 2: condition_best: hgb <= 141.50, quality_best: 0.993, coverage_best: (p=76, n=0, P=378, N=0), p_value: 0.997
2026-04-08 10:35:13,127 - INFO - Regula po iteracji 2: IF clinstg >= 1.50 AND age >= 33.00 AND hgb <= 141.50 THEN survival_status = {2.915811}, (p=76, n=0, P=378, N=0)
2026-04-08 10:35:14,317 - INFO - Iteracja 3: condition_best: None, quality_best: -inf, coverage_best: (p=0, n=0, P=0, N=0), p_value: 0.997
2026-04-08 10:35:14,323 - INFO - Regula po iteracji 3: IF clinstg >= 1.50 AND age >= 33.00 AND hgb <= 141.50 THEN survival_status = {2.704997}, (p=76, n=0, P=378, N=0)
2026-04-08 10:35:14,323 - INFO - *****STOP GROWING RR RULE*****
2026-04-08 10:35:14,323 - INFO - ***RR FOUND***
2026-04-08 10:35:14,323 - INFO - Reference rule: IF clinstg >= 1.50 AND age >= 33.00 THEN survival_status = {2.704997}
2026-04-08 10:35:14,323 - INFO - ***CHECKING EXCEPTION***
2026-04-08 10:35:14,325 - INFO - ER vs CR p_value: 0.0031541138754784814
2026-04-08 10:35:14,325 - INFO - ER vs RR p_value: 0.021575842450179517
2026-04-08 10:35:14,344 - INFO - ***ER FOUND***
2026-04-08 10:35:14,344 - INFO - Exception rule: IF age >= 56.15 AND clinstg >= 1.50 AND age >= 33.00 THEN survival_status = {2.053388} (p=59, n=0, P=378, N=0)
2026-04-08 10:35:14,344 - INFO - *******STOP GROWING CR RULE*******
2026-04-08 10:35:17,352 - INFO - ************************Finished experiment for 11_follic.arff with algorithm_log_rank_with_exceptions************************
2026-04-08 10:35:17,352 - INFO - *************************************************************************************************************************
2026-04-08 10:35:17,352 - INFO - *************************************************************************************************************************
2026-04-08 10:35:17,352 - INFO - *************************************************************************************************************************
2026-04-08 10:35:17,353 - INFO - **********Starting experiment for 11_follic.arff with survival_tree**********
2026-04-08 10:35:17,414 - INFO - ************************Finished experiment for 11_follic.arff with survival_tree************************
2026-04-08 10:35:17,414 - INFO - *************************************************************************************************************************
2026-04-08 10:35:17,414 - INFO - *************************************************************************************************************************
2026-04-08 10:35:17,414 - INFO - *************************************************************************************************************************
