2026-04-12 13:11:03,788 - INFO - **********Starting experiment for 04_BHS.arff with algorithm**********
2026-04-12 13:11:03,792 - INFO - *******GROWING CR RULE*******
2026-04-12 13:11:04,253 - INFO - Iteracja 0: condition_best: AGE <= 54.70, quality_best: 1.0, coverage_best: (p=56, n=0, P=75, N=0)
2026-04-12 13:11:04,256 - INFO - Regula po iteracji 0: IF AGE <= 54.70 THEN survival_status = {nan}, (p=56, n=0, P=75, N=0)
2026-04-12 13:11:04,256 - INFO - *****GROWING RR RULE*****
2026-04-12 13:11:05,288 - INFO - Iteracja 0: condition_best: None, quality_best: -inf, coverage_best: (p=0, n=0, P=0, N=0), p_value: 0
2026-04-12 13:11:05,291 - INFO - Regula po iteracji 0: IF  THEN survival_status = {nan}, (p=75, n=0, P=75, N=0)
2026-04-12 13:11:05,291 - INFO - *****STOP GROWING RR RULE*****
2026-04-12 13:11:05,291 - INFO - ***RR NOT FOUND***
2026-04-12 13:11:05,721 - INFO - Iteracja 1: condition_best: SMOKE <= 3.50, quality_best: 1.0, coverage_best: (p=47, n=0, P=75, N=0)
2026-04-12 13:11:05,724 - INFO - Regula po iteracji 1: IF AGE <= 54.70 AND SMOKE <= 3.50 THEN survival_status = {inf}, (p=47, n=0, P=75, N=0)
2026-04-12 13:11:05,724 - INFO - *****GROWING RR RULE*****
2026-04-12 13:11:06,728 - INFO - Iteracja 0: condition_best: None, quality_best: -inf, coverage_best: (p=0, n=0, P=0, N=0), p_value: 0
2026-04-12 13:11:06,731 - INFO - Regula po iteracji 0: IF  THEN survival_status = {nan}, (p=75, n=0, P=75, N=0)
2026-04-12 13:11:06,731 - INFO - *****STOP GROWING RR RULE*****
2026-04-12 13:11:06,731 - INFO - ***RR NOT FOUND***
2026-04-12 13:11:07,114 - INFO - Iteracja 2: condition_best: AGE >= 21.80, quality_best: 1.0, coverage_best: (p=46, n=0, P=75, N=0)
2026-04-12 13:11:07,117 - INFO - Regula po iteracji 2: IF AGE <= 54.70 AND SMOKE <= 3.50 AND AGE >= 21.80 THEN survival_status = {inf}, (p=46, n=0, P=75, N=0)
2026-04-12 13:11:07,117 - INFO - *****GROWING RR RULE*****
2026-04-12 13:11:08,122 - INFO - Iteracja 0: condition_best: None, quality_best: -inf, coverage_best: (p=0, n=0, P=0, N=0), p_value: 0
2026-04-12 13:11:08,124 - INFO - Regula po iteracji 0: IF  THEN survival_status = {nan}, (p=75, n=0, P=75, N=0)
2026-04-12 13:11:08,124 - INFO - *****STOP GROWING RR RULE*****
2026-04-12 13:11:08,124 - INFO - ***RR NOT FOUND***
2026-04-12 13:11:08,633 - INFO - Iteracja 3: condition_best: AGE >= 22.95, quality_best: 1.0, coverage_best: (p=45, n=0, P=75, N=0)
2026-04-12 13:11:08,637 - INFO - Regula po iteracji 3: IF AGE <= 54.70 AND SMOKE <= 3.50 AND AGE >= 21.80 AND AGE >= 22.95 THEN survival_status = {inf}, (p=45, n=0, P=75, N=0)
2026-04-12 13:11:08,637 - INFO - *****GROWING RR RULE*****
2026-04-12 13:11:09,643 - INFO - Iteracja 0: condition_best: None, quality_best: -inf, coverage_best: (p=0, n=0, P=0, N=0), p_value: 0
2026-04-12 13:11:09,645 - INFO - Regula po iteracji 0: IF  THEN survival_status = {nan}, (p=75, n=0, P=75, N=0)
2026-04-12 13:11:09,645 - INFO - *****STOP GROWING RR RULE*****
2026-04-12 13:11:09,645 - INFO - ***RR NOT FOUND***
2026-04-12 13:11:10,049 - INFO - Iteracja 4: condition_best: AGE >= 24.95, quality_best: 1.0, coverage_best: (p=44, n=0, P=75, N=0)
2026-04-12 13:11:10,052 - INFO - Regula po iteracji 4: IF AGE <= 54.70 AND SMOKE <= 3.50 AND AGE >= 21.80 AND AGE >= 22.95 AND AGE >= 24.95 THEN survival_status = {inf}, (p=44, n=0, P=75, N=0)
2026-04-12 13:11:10,052 - INFO - *****GROWING RR RULE*****
2026-04-12 13:11:11,058 - INFO - Iteracja 0: condition_best: None, quality_best: -inf, coverage_best: (p=0, n=0, P=0, N=0), p_value: 0
2026-04-12 13:11:11,061 - INFO - Regula po iteracji 0: IF  THEN survival_status = {nan}, (p=75, n=0, P=75, N=0)
2026-04-12 13:11:11,061 - INFO - *****STOP GROWING RR RULE*****
2026-04-12 13:11:11,061 - INFO - ***RR NOT FOUND***
2026-04-12 13:11:11,061 - INFO - *******STOP GROWING CR RULE*******
2026-04-12 13:11:11,066 - INFO - *******GROWING CR RULE*******
2026-04-12 13:11:11,433 - INFO - Iteracja 0: condition_best: AGE <= 54.70, quality_best: 1.0, coverage_best: (p=56, n=0, P=75, N=0)
2026-04-12 13:11:11,436 - INFO - Regula po iteracji 0: IF AGE <= 54.70 THEN survival_status = {nan}, (p=56, n=0, P=75, N=0)
2026-04-12 13:11:11,436 - INFO - *****GROWING RR RULE*****
2026-04-12 13:11:12,474 - INFO - Iteracja 0: condition_best: None, quality_best: -inf, coverage_best: (p=0, n=0, P=0, N=0), p_value: 0
2026-04-12 13:11:12,476 - INFO - Regula po iteracji 0: IF  THEN survival_status = {nan}, (p=75, n=0, P=75, N=0)
2026-04-12 13:11:12,476 - INFO - *****STOP GROWING RR RULE*****
2026-04-12 13:11:12,476 - INFO - ***RR NOT FOUND***
2026-04-12 13:11:12,833 - INFO - Iteracja 1: condition_best: DBP >= 48.00, quality_best: 1.0, coverage_best: (p=55, n=0, P=75, N=0)
2026-04-12 13:11:12,836 - INFO - Regula po iteracji 1: IF AGE <= 54.70 AND DBP >= 48.00 THEN survival_status = {inf}, (p=55, n=0, P=75, N=0)
2026-04-12 13:11:12,836 - INFO - *****GROWING RR RULE*****
2026-04-12 13:11:13,872 - INFO - Iteracja 0: condition_best: None, quality_best: -inf, coverage_best: (p=0, n=0, P=0, N=0), p_value: 0
2026-04-12 13:11:13,875 - INFO - Regula po iteracji 0: IF  THEN survival_status = {nan}, (p=75, n=0, P=75, N=0)
2026-04-12 13:11:13,875 - INFO - *****STOP GROWING RR RULE*****
2026-04-12 13:11:13,876 - INFO - ***RR NOT FOUND***
2026-04-12 13:11:14,249 - INFO - Iteracja 2: condition_best: DBP <= 101.50, quality_best: 1.0, coverage_best: (p=51, n=0, P=75, N=0)
2026-04-12 13:11:14,252 - INFO - Regula po iteracji 2: IF AGE <= 54.70 AND DBP >= 48.00 AND DBP <= 101.50 THEN survival_status = {inf}, (p=51, n=0, P=75, N=0)
2026-04-12 13:11:14,252 - INFO - *****GROWING RR RULE*****
2026-04-12 13:11:15,276 - INFO - Iteracja 0: condition_best: None, quality_best: -inf, coverage_best: (p=0, n=0, P=0, N=0), p_value: 0
2026-04-12 13:11:15,279 - INFO - Regula po iteracji 0: IF  THEN survival_status = {nan}, (p=75, n=0, P=75, N=0)
2026-04-12 13:11:15,279 - INFO - *****STOP GROWING RR RULE*****
2026-04-12 13:11:15,279 - INFO - ***RR NOT FOUND***
2026-04-12 13:11:15,647 - INFO - Iteracja 3: condition_best: SBP <= 151.00, quality_best: 1.0, coverage_best: (p=49, n=0, P=75, N=0)
2026-04-12 13:11:15,650 - INFO - Regula po iteracji 3: IF AGE <= 54.70 AND DBP >= 48.00 AND DBP <= 101.50 AND SBP <= 151.00 THEN survival_status = {inf}, (p=49, n=0, P=75, N=0)
2026-04-12 13:11:15,650 - INFO - *****GROWING RR RULE*****
2026-04-12 13:11:16,665 - INFO - Iteracja 0: condition_best: None, quality_best: -inf, coverage_best: (p=0, n=0, P=0, N=0), p_value: 0
2026-04-12 13:11:16,667 - INFO - Regula po iteracji 0: IF  THEN survival_status = {nan}, (p=75, n=0, P=75, N=0)
2026-04-12 13:11:16,667 - INFO - *****STOP GROWING RR RULE*****
2026-04-12 13:11:16,667 - INFO - ***RR NOT FOUND***
2026-04-12 13:11:17,038 - INFO - Iteracja 4: condition_best: CHOL <= 7.13, quality_best: 1.0, coverage_best: (p=47, n=0, P=75, N=0)
2026-04-12 13:11:17,041 - INFO - Regula po iteracji 4: IF AGE <= 54.70 AND DBP >= 48.00 AND DBP <= 101.50 AND SBP <= 151.00 AND CHOL <= 7.13 THEN survival_status = {inf}, (p=47, n=0, P=75, N=0)
2026-04-12 13:11:17,041 - INFO - *****GROWING RR RULE*****
2026-04-12 13:11:18,044 - INFO - Iteracja 0: condition_best: None, quality_best: -inf, coverage_best: (p=0, n=0, P=0, N=0), p_value: 0
2026-04-12 13:11:18,047 - INFO - Regula po iteracji 0: IF  THEN survival_status = {nan}, (p=75, n=0, P=75, N=0)
2026-04-12 13:11:18,047 - INFO - *****STOP GROWING RR RULE*****
2026-04-12 13:11:18,047 - INFO - ***RR NOT FOUND***
2026-04-12 13:11:18,047 - INFO - *******STOP GROWING CR RULE*******
2026-04-12 13:11:18,058 - INFO - *******GROWING CR RULE*******
2026-04-12 13:11:18,411 - INFO - Iteracja 0: condition_best: AGE >= 54.70, quality_best: 1.0, coverage_best: (p=19, n=0, P=75, N=0)
2026-04-12 13:11:18,414 - INFO - Regula po iteracji 0: IF AGE >= 54.70 THEN survival_status = {nan}, (p=19, n=0, P=75, N=0)
2026-04-12 13:11:18,414 - INFO - *****GROWING RR RULE*****
2026-04-12 13:11:19,433 - INFO - Iteracja 0: condition_best: None, quality_best: -inf, coverage_best: (p=0, n=0, P=0, N=0), p_value: 0
2026-04-12 13:11:19,435 - INFO - Regula po iteracji 0: IF  THEN survival_status = {nan}, (p=75, n=0, P=75, N=0)
2026-04-12 13:11:19,435 - INFO - *****STOP GROWING RR RULE*****
2026-04-12 13:11:19,435 - INFO - ***RR NOT FOUND***
2026-04-12 13:11:19,573 - INFO - Iteracja 1: condition_best: DBP >= 86.00, quality_best: 1.0, coverage_best: (p=8, n=0, P=75, N=0)
2026-04-12 13:11:19,576 - INFO - Regula po iteracji 1: IF AGE >= 54.70 AND DBP >= 86.00 THEN survival_status = {19.9}, (p=8, n=0, P=75, N=0)
2026-04-12 13:11:19,576 - INFO - *****GROWING RR RULE*****
2026-04-12 13:11:20,541 - INFO - Iteracja 0: condition_best: None, quality_best: -inf, coverage_best: (p=0, n=0, P=0, N=0), p_value: 0
2026-04-12 13:11:20,544 - INFO - Regula po iteracji 0: IF  THEN survival_status = {nan}, (p=75, n=0, P=75, N=0)
2026-04-12 13:11:20,544 - INFO - *****STOP GROWING RR RULE*****
2026-04-12 13:11:20,544 - INFO - ***RR NOT FOUND***
2026-04-12 13:11:20,608 - INFO - Iteracja 2: condition_best: DRINKING <= 3.50, quality_best: 1.0, coverage_best: (p=7, n=0, P=75, N=0)
2026-04-12 13:11:20,611 - INFO - Regula po iteracji 2: IF AGE >= 54.70 AND DBP >= 86.00 AND DRINKING <= 3.50 THEN survival_status = {13.2}, (p=7, n=0, P=75, N=0)
2026-04-12 13:11:20,611 - INFO - *****GROWING RR RULE*****
2026-04-12 13:11:21,570 - INFO - Iteracja 0: condition_best: None, quality_best: -inf, coverage_best: (p=0, n=0, P=0, N=0), p_value: 0
2026-04-12 13:11:21,573 - INFO - Regula po iteracji 0: IF  THEN survival_status = {nan}, (p=75, n=0, P=75, N=0)
2026-04-12 13:11:21,573 - INFO - *****STOP GROWING RR RULE*****
2026-04-12 13:11:21,573 - INFO - ***RR NOT FOUND***
2026-04-12 13:11:21,631 - INFO - Iteracja 3: condition_best: CHOL >= 5.48, quality_best: 1.0, coverage_best: (p=6, n=0, P=75, N=0)
2026-04-12 13:11:21,634 - INFO - Regula po iteracji 3: IF AGE >= 54.70 AND DBP >= 86.00 AND DRINKING <= 3.50 AND CHOL >= 5.48 THEN survival_status = {13.2}, (p=6, n=0, P=75, N=0)
2026-04-12 13:11:21,634 - INFO - *****GROWING RR RULE*****
2026-04-12 13:11:22,584 - INFO - Iteracja 0: condition_best: None, quality_best: -inf, coverage_best: (p=0, n=0, P=0, N=0), p_value: 0
2026-04-12 13:11:22,587 - INFO - Regula po iteracji 0: IF  THEN survival_status = {nan}, (p=75, n=0, P=75, N=0)
2026-04-12 13:11:22,587 - INFO - *****STOP GROWING RR RULE*****
2026-04-12 13:11:22,587 - INFO - ***RR NOT FOUND***
2026-04-12 13:11:22,641 - INFO - Iteracja 4: condition_best: SMOKE <= 1.50, quality_best: 1.0, coverage_best: (p=5, n=0, P=75, N=0)
2026-04-12 13:11:22,644 - INFO - Regula po iteracji 4: IF AGE >= 54.70 AND DBP >= 86.00 AND DRINKING <= 3.50 AND CHOL >= 5.48 AND SMOKE <= 1.50 THEN survival_status = {9.9}, (p=5, n=0, P=75, N=0)
2026-04-12 13:11:22,644 - INFO - *****GROWING RR RULE*****
2026-04-12 13:11:23,583 - INFO - Iteracja 0: condition_best: None, quality_best: -inf, coverage_best: (p=0, n=0, P=0, N=0), p_value: 0
2026-04-12 13:11:23,586 - INFO - Regula po iteracji 0: IF  THEN survival_status = {nan}, (p=75, n=0, P=75, N=0)
2026-04-12 13:11:23,586 - INFO - *****STOP GROWING RR RULE*****
2026-04-12 13:11:23,586 - INFO - ***RR NOT FOUND***
2026-04-12 13:11:23,586 - INFO - *******STOP GROWING CR RULE*******
2026-04-12 13:11:23,591 - INFO - *******GROWING CR RULE*******
2026-04-12 13:11:23,929 - INFO - Iteracja 0: condition_best: AGE >= 54.70, quality_best: 1.0, coverage_best: (p=19, n=0, P=75, N=0)
2026-04-12 13:11:23,932 - INFO - Regula po iteracji 0: IF AGE >= 54.70 THEN survival_status = {nan}, (p=19, n=0, P=75, N=0)
2026-04-12 13:11:23,932 - INFO - *****GROWING RR RULE*****
2026-04-12 13:11:24,949 - INFO - Iteracja 0: condition_best: None, quality_best: -inf, coverage_best: (p=0, n=0, P=0, N=0), p_value: 0
2026-04-12 13:11:24,952 - INFO - Regula po iteracji 0: IF  THEN survival_status = {nan}, (p=75, n=0, P=75, N=0)
2026-04-12 13:11:24,952 - INFO - *****STOP GROWING RR RULE*****
2026-04-12 13:11:24,952 - INFO - ***RR NOT FOUND***
2026-04-12 13:11:25,084 - INFO - Iteracja 1: condition_best: SMOKE <= 2.50, quality_best: 1.0, coverage_best: (p=18, n=0, P=75, N=0)
2026-04-12 13:11:25,087 - INFO - Regula po iteracji 1: IF AGE >= 54.70 AND SMOKE <= 2.50 THEN survival_status = {19.9}, (p=18, n=0, P=75, N=0)
2026-04-12 13:11:25,087 - INFO - *****GROWING RR RULE*****
2026-04-12 13:11:26,101 - INFO - Iteracja 0: condition_best: None, quality_best: -inf, coverage_best: (p=0, n=0, P=0, N=0), p_value: 0
2026-04-12 13:11:26,104 - INFO - Regula po iteracji 0: IF  THEN survival_status = {nan}, (p=75, n=0, P=75, N=0)
2026-04-12 13:11:26,104 - INFO - *****STOP GROWING RR RULE*****
2026-04-12 13:11:26,104 - INFO - ***RR NOT FOUND***
2026-04-12 13:11:26,236 - INFO - Iteracja 2: condition_best: AGE <= 70.60, quality_best: 1.0, coverage_best: (p=17, n=0, P=75, N=0)
2026-04-12 13:11:26,239 - INFO - Regula po iteracji 2: IF AGE >= 54.70 AND SMOKE <= 2.50 AND AGE <= 70.60 THEN survival_status = {19.9}, (p=17, n=0, P=75, N=0)
2026-04-12 13:11:26,239 - INFO - *****GROWING RR RULE*****
2026-04-12 13:11:27,256 - INFO - Iteracja 0: condition_best: None, quality_best: -inf, coverage_best: (p=0, n=0, P=0, N=0), p_value: 0
2026-04-12 13:11:27,258 - INFO - Regula po iteracji 0: IF  THEN survival_status = {nan}, (p=75, n=0, P=75, N=0)
2026-04-12 13:11:27,258 - INFO - *****STOP GROWING RR RULE*****
2026-04-12 13:11:27,258 - INFO - ***RR NOT FOUND***
2026-04-12 13:11:27,389 - INFO - Iteracja 3: condition_best: DBP >= 78.00, quality_best: 1.0, coverage_best: (p=13, n=0, P=75, N=0)
2026-04-12 13:11:27,392 - INFO - Regula po iteracji 3: IF AGE >= 54.70 AND SMOKE <= 2.50 AND AGE <= 70.60 AND DBP >= 78.00 THEN survival_status = {19.9}, (p=13, n=0, P=75, N=0)
2026-04-12 13:11:27,392 - INFO - *****GROWING RR RULE*****
2026-04-12 13:11:28,383 - INFO - Iteracja 0: condition_best: None, quality_best: -inf, coverage_best: (p=0, n=0, P=0, N=0), p_value: 0
2026-04-12 13:11:28,385 - INFO - Regula po iteracji 0: IF  THEN survival_status = {nan}, (p=75, n=0, P=75, N=0)
2026-04-12 13:11:28,385 - INFO - *****STOP GROWING RR RULE*****
2026-04-12 13:11:28,385 - INFO - ***RR NOT FOUND***
2026-04-12 13:11:28,490 - INFO - Iteracja 4: condition_best: DRINKING <= 3.50, quality_best: 1.0, coverage_best: (p=12, n=0, P=75, N=0)
2026-04-12 13:11:28,493 - INFO - Regula po iteracji 4: IF AGE >= 54.70 AND SMOKE <= 2.50 AND AGE <= 70.60 AND DBP >= 78.00 AND DRINKING <= 3.50 THEN survival_status = {17.8}, (p=12, n=0, P=75, N=0)
2026-04-12 13:11:28,493 - INFO - *****GROWING RR RULE*****
2026-04-12 13:11:29,476 - INFO - Iteracja 0: condition_best: None, quality_best: -inf, coverage_best: (p=0, n=0, P=0, N=0), p_value: 0
2026-04-12 13:11:29,479 - INFO - Regula po iteracji 0: IF  THEN survival_status = {nan}, (p=75, n=0, P=75, N=0)
2026-04-12 13:11:29,479 - INFO - *****STOP GROWING RR RULE*****
2026-04-12 13:11:29,479 - INFO - ***RR NOT FOUND***
2026-04-12 13:11:29,479 - INFO - *******STOP GROWING CR RULE*******
2026-04-12 13:11:29,484 - INFO - *******GROWING CR RULE*******
2026-04-12 13:11:29,800 - INFO - Iteracja 0: condition_best: AGE <= 54.70, quality_best: 1.0, coverage_best: (p=56, n=0, P=75, N=0)
2026-04-12 13:11:29,803 - INFO - Regula po iteracji 0: IF AGE <= 54.70 THEN survival_status = {nan}, (p=56, n=0, P=75, N=0)
2026-04-12 13:11:29,803 - INFO - *****GROWING RR RULE*****
2026-04-12 13:11:30,835 - INFO - Iteracja 0: condition_best: None, quality_best: -inf, coverage_best: (p=0, n=0, P=0, N=0), p_value: 0
2026-04-12 13:11:30,838 - INFO - Regula po iteracji 0: IF  THEN survival_status = {nan}, (p=75, n=0, P=75, N=0)
2026-04-12 13:11:30,838 - INFO - *****STOP GROWING RR RULE*****
2026-04-12 13:11:30,838 - INFO - ***RR NOT FOUND***
2026-04-12 13:11:31,156 - INFO - Iteracja 1: condition_best: SMOKE <= 3.50, quality_best: 1.0, coverage_best: (p=47, n=0, P=75, N=0)
2026-04-12 13:11:31,159 - INFO - Regula po iteracji 1: IF AGE <= 54.70 AND SMOKE <= 3.50 THEN survival_status = {inf}, (p=47, n=0, P=75, N=0)
2026-04-12 13:11:31,159 - INFO - *****GROWING RR RULE*****
2026-04-12 13:11:32,165 - INFO - Iteracja 0: condition_best: None, quality_best: -inf, coverage_best: (p=0, n=0, P=0, N=0), p_value: 0
2026-04-12 13:11:32,167 - INFO - Regula po iteracji 0: IF  THEN survival_status = {nan}, (p=75, n=0, P=75, N=0)
2026-04-12 13:11:32,167 - INFO - *****STOP GROWING RR RULE*****
2026-04-12 13:11:32,167 - INFO - ***RR NOT FOUND***
2026-04-12 13:11:32,457 - INFO - Iteracja 2: condition_best: AGE >= 21.80, quality_best: 1.0, coverage_best: (p=46, n=0, P=75, N=0)
2026-04-12 13:11:32,460 - INFO - Regula po iteracji 2: IF AGE <= 54.70 AND SMOKE <= 3.50 AND AGE >= 21.80 THEN survival_status = {inf}, (p=46, n=0, P=75, N=0)
2026-04-12 13:11:32,460 - INFO - *****GROWING RR RULE*****
2026-04-12 13:11:33,467 - INFO - Iteracja 0: condition_best: None, quality_best: -inf, coverage_best: (p=0, n=0, P=0, N=0), p_value: 0
2026-04-12 13:11:33,469 - INFO - Regula po iteracji 0: IF  THEN survival_status = {nan}, (p=75, n=0, P=75, N=0)
2026-04-12 13:11:33,469 - INFO - *****STOP GROWING RR RULE*****
2026-04-12 13:11:33,469 - INFO - ***RR NOT FOUND***
2026-04-12 13:11:33,770 - INFO - Iteracja 3: condition_best: AGE >= 22.95, quality_best: 1.0, coverage_best: (p=45, n=0, P=75, N=0)
2026-04-12 13:11:33,773 - INFO - Regula po iteracji 3: IF AGE <= 54.70 AND SMOKE <= 3.50 AND AGE >= 21.80 AND AGE >= 22.95 THEN survival_status = {inf}, (p=45, n=0, P=75, N=0)
2026-04-12 13:11:33,773 - INFO - *****GROWING RR RULE*****
2026-04-12 13:11:34,775 - INFO - Iteracja 0: condition_best: None, quality_best: -inf, coverage_best: (p=0, n=0, P=0, N=0), p_value: 0
2026-04-12 13:11:34,778 - INFO - Regula po iteracji 0: IF  THEN survival_status = {nan}, (p=75, n=0, P=75, N=0)
2026-04-12 13:11:34,778 - INFO - *****STOP GROWING RR RULE*****
2026-04-12 13:11:34,778 - INFO - ***RR NOT FOUND***
2026-04-12 13:11:35,089 - INFO - Iteracja 4: condition_best: AGE >= 24.95, quality_best: 1.0, coverage_best: (p=44, n=0, P=75, N=0)
2026-04-12 13:11:35,092 - INFO - Regula po iteracji 4: IF AGE <= 54.70 AND SMOKE <= 3.50 AND AGE >= 21.80 AND AGE >= 22.95 AND AGE >= 24.95 THEN survival_status = {inf}, (p=44, n=0, P=75, N=0)
2026-04-12 13:11:35,092 - INFO - *****GROWING RR RULE*****
2026-04-12 13:11:36,095 - INFO - Iteracja 0: condition_best: None, quality_best: -inf, coverage_best: (p=0, n=0, P=0, N=0), p_value: 0
2026-04-12 13:11:36,097 - INFO - Regula po iteracji 0: IF  THEN survival_status = {nan}, (p=75, n=0, P=75, N=0)
2026-04-12 13:11:36,098 - INFO - *****STOP GROWING RR RULE*****
2026-04-12 13:11:36,098 - INFO - ***RR NOT FOUND***
2026-04-12 13:11:36,098 - INFO - *******STOP GROWING CR RULE*******
2026-04-12 13:11:36,115 - INFO - ************************Finished experiment for 04_BHS.arff with algorithm************************
2026-04-12 13:11:36,115 - INFO - *************************************************************************************************************************
2026-04-12 13:11:36,115 - INFO - *************************************************************************************************************************
2026-04-12 13:11:36,115 - INFO - *************************************************************************************************************************
