2026-04-14 11:58:07,487 - INFO - **********Starting experiment for auto93.arff with algorithm**********
2026-04-14 11:58:07,494 - INFO - *******GROWING CR RULE*******
2026-04-14 11:58:07,565 - INFO - Iteracja 0: condition_best: Weight <= 2,797.50, quality_best: 0.786, coverage_best: (p=28, n=3, P=33, N=60)
2026-04-14 11:58:07,565 - INFO - Regula po iteracji 0: IF Weight <= 2,797.50 THEN class = {11.43} [7.67, 15.19], (p=28, n=3, P=33, N=60)
2026-04-14 11:58:07,565 - INFO - *****GROWING RR RULE*****
2026-04-14 11:58:07,655 - INFO - Iteracja 0: condition_best: None, quality_best: -inf, coverage_best: (p=0, n=0, P=0, N=0), p_value: 0
2026-04-14 11:58:07,655 - INFO - Regula po iteracji 0: IF  THEN class = {19.51} [9.90, 29.12], (p=69, n=24, P=69, N=24)
2026-04-14 11:58:07,656 - INFO - *****STOP GROWING RR RULE*****
2026-04-14 11:58:07,656 - INFO - ***RR NOT FOUND***
2026-04-14 11:58:07,677 - INFO - Iteracja 1: condition_best: Length >= 143.50, quality_best: 0.829, coverage_best: (p=28, n=2, P=33, N=60)
2026-04-14 11:58:07,677 - INFO - Regula po iteracji 1: IF Weight <= 2,797.50 AND Length >= 143.50 THEN class = {11.57} [7.82, 15.31], (p=28, n=2, P=33, N=60)
2026-04-14 11:58:07,677 - INFO - *****GROWING RR RULE*****
2026-04-14 11:58:07,767 - INFO - Iteracja 0: condition_best: None, quality_best: -inf, coverage_best: (p=0, n=0, P=0, N=0), p_value: 0
2026-04-14 11:58:07,767 - INFO - Regula po iteracji 0: IF  THEN class = {19.51} [9.90, 29.12], (p=69, n=24, P=69, N=24)
2026-04-14 11:58:07,767 - INFO - *****STOP GROWING RR RULE*****
2026-04-14 11:58:07,767 - INFO - ***RR NOT FOUND***
2026-04-14 11:58:07,787 - INFO - Iteracja 2: condition_best: RPM <= 6,150.00, quality_best: 0.859, coverage_best: (p=27, n=1, P=33, N=60)
2026-04-14 11:58:07,787 - INFO - Regula po iteracji 2: IF Weight <= 2,797.50 AND Length >= 143.50 AND RPM <= 6,150.00 THEN class = {11.46} [7.69, 15.24], (p=27, n=1, P=33, N=60)
2026-04-14 11:58:07,787 - INFO - *****GROWING RR RULE*****
2026-04-14 11:58:07,877 - INFO - Iteracja 0: condition_best: None, quality_best: -inf, coverage_best: (p=0, n=0, P=0, N=0), p_value: 0
2026-04-14 11:58:07,877 - INFO - Regula po iteracji 0: IF  THEN class = {19.51} [9.90, 29.12], (p=69, n=24, P=69, N=24)
2026-04-14 11:58:07,877 - INFO - *****STOP GROWING RR RULE*****
2026-04-14 11:58:07,877 - INFO - ***RR NOT FOUND***
2026-04-14 11:58:07,896 - INFO - Iteracja 3: condition_best: Manual_transmission_available = {1}, quality_best: 0.859, coverage_best: (p=27, n=1, P=33, N=60)
2026-04-14 11:58:07,896 - INFO - Regula po iteracji 3: IF Weight <= 2,797.50 AND Length >= 143.50 AND RPM <= 6,150.00 AND Manual_transmission_available = {1} THEN class = {11.46} [7.69, 15.24], (p=27, n=1, P=33, N=60)
2026-04-14 11:58:07,897 - INFO - *****GROWING RR RULE*****
2026-04-14 11:58:07,987 - INFO - Iteracja 0: condition_best: None, quality_best: -inf, coverage_best: (p=0, n=0, P=0, N=0), p_value: 0
2026-04-14 11:58:07,987 - INFO - Regula po iteracji 0: IF  THEN class = {19.51} [9.90, 29.12], (p=69, n=24, P=69, N=24)
2026-04-14 11:58:07,987 - INFO - *****STOP GROWING RR RULE*****
2026-04-14 11:58:07,987 - INFO - ***RR NOT FOUND***
2026-04-14 11:58:08,006 - INFO - Iteracja 4: condition_best: City_MPG <= 44.00, quality_best: 0.843, coverage_best: (p=26, n=1, P=33, N=60)
2026-04-14 11:58:08,006 - INFO - Regula po iteracji 4: IF Weight <= 2,797.50 AND Length >= 143.50 AND RPM <= 6,150.00 AND Manual_transmission_available = {1} AND City_MPG <= 44.00 THEN class = {11.58} [7.78, 15.38], (p=26, n=1, P=33, N=60)
2026-04-14 11:58:08,007 - INFO - *****GROWING RR RULE*****
2026-04-14 11:58:08,097 - INFO - Iteracja 0: condition_best: None, quality_best: -inf, coverage_best: (p=0, n=0, P=0, N=0), p_value: 0
2026-04-14 11:58:08,097 - INFO - Regula po iteracji 0: IF  THEN class = {19.51} [9.90, 29.12], (p=69, n=24, P=69, N=24)
2026-04-14 11:58:08,097 - INFO - *****STOP GROWING RR RULE*****
2026-04-14 11:58:08,097 - INFO - ***RR NOT FOUND***
2026-04-14 11:58:08,097 - INFO - *******STOP GROWING CR RULE*******
2026-04-14 11:58:08,098 - INFO - *******GROWING CR RULE*******
2026-04-14 11:58:08,146 - INFO - Iteracja 0: condition_best: Fuel_tank_capacity <= 15.45, quality_best: 0.776, coverage_best: (p=27, n=1, P=41, N=52)
2026-04-14 11:58:08,146 - INFO - Regula po iteracji 0: IF Fuel_tank_capacity <= 15.45 THEN class = {11.61} [7.11, 16.10], (p=27, n=1, P=41, N=52)
2026-04-14 11:58:08,146 - INFO - *****GROWING RR RULE*****
2026-04-14 11:58:08,237 - INFO - Iteracja 0: condition_best: None, quality_best: -inf, coverage_best: (p=0, n=0, P=0, N=0), p_value: 0
2026-04-14 11:58:08,237 - INFO - Regula po iteracji 0: IF  THEN class = {19.51} [9.90, 29.12], (p=69, n=24, P=69, N=24)
2026-04-14 11:58:08,237 - INFO - *****STOP GROWING RR RULE*****
2026-04-14 11:58:08,237 - INFO - ***RR NOT FOUND***
2026-04-14 11:58:08,256 - INFO - Iteracja 1: condition_best: Manual_transmission_available = {1}, quality_best: 0.763, coverage_best: (p=26, n=1, P=41, N=52)
2026-04-14 11:58:08,256 - INFO - Regula po iteracji 1: IF Fuel_tank_capacity <= 15.45 AND Manual_transmission_available = {1} THEN class = {11.54} [6.97, 16.10], (p=26, n=1, P=41, N=52)
2026-04-14 11:58:08,256 - INFO - *****GROWING RR RULE*****
2026-04-14 11:58:08,346 - INFO - Iteracja 0: condition_best: None, quality_best: -inf, coverage_best: (p=0, n=0, P=0, N=0), p_value: 0
2026-04-14 11:58:08,346 - INFO - Regula po iteracji 0: IF  THEN class = {19.51} [9.90, 29.12], (p=69, n=24, P=69, N=24)
2026-04-14 11:58:08,346 - INFO - *****STOP GROWING RR RULE*****
2026-04-14 11:58:08,346 - INFO - ***RR NOT FOUND***
2026-04-14 11:58:08,364 - INFO - Iteracja 2: condition_best: City_MPG <= 44.00, quality_best: 0.75, coverage_best: (p=25, n=1, P=41, N=52)
2026-04-14 11:58:08,364 - INFO - Regula po iteracji 2: IF Fuel_tank_capacity <= 15.45 AND Manual_transmission_available = {1} AND City_MPG <= 44.00 THEN class = {11.66} [7.05, 16.27], (p=25, n=1, P=41, N=52)
2026-04-14 11:58:08,365 - INFO - *****GROWING RR RULE*****
2026-04-14 11:58:08,454 - INFO - Iteracja 0: condition_best: None, quality_best: -inf, coverage_best: (p=0, n=0, P=0, N=0), p_value: 0
2026-04-14 11:58:08,455 - INFO - Regula po iteracji 0: IF  THEN class = {19.51} [9.90, 29.12], (p=69, n=24, P=69, N=24)
2026-04-14 11:58:08,455 - INFO - *****STOP GROWING RR RULE*****
2026-04-14 11:58:08,455 - INFO - ***RR NOT FOUND***
2026-04-14 11:58:08,472 - INFO - Iteracja 3: condition_best: Highway_MPG >= 27.50, quality_best: 0.736, coverage_best: (p=24, n=1, P=41, N=52)
2026-04-14 11:58:08,472 - INFO - Regula po iteracji 3: IF Fuel_tank_capacity <= 15.45 AND Manual_transmission_available = {1} AND City_MPG <= 44.00 AND Highway_MPG >= 27.50 THEN class = {11.56} [6.89, 16.23], (p=24, n=1, P=41, N=52)
2026-04-14 11:58:08,472 - INFO - *****GROWING RR RULE*****
2026-04-14 11:58:08,562 - INFO - Iteracja 0: condition_best: None, quality_best: -inf, coverage_best: (p=0, n=0, P=0, N=0), p_value: 0
2026-04-14 11:58:08,562 - INFO - Regula po iteracji 0: IF  THEN class = {19.51} [9.90, 29.12], (p=69, n=24, P=69, N=24)
2026-04-14 11:58:08,563 - INFO - *****STOP GROWING RR RULE*****
2026-04-14 11:58:08,563 - INFO - ***RR NOT FOUND***
2026-04-14 11:58:08,580 - INFO - Iteracja 4: condition_best: Length <= 181.50, quality_best: 0.722, coverage_best: (p=23, n=1, P=41, N=52)
2026-04-14 11:58:08,580 - INFO - Regula po iteracji 4: IF Fuel_tank_capacity <= 15.45 AND Manual_transmission_available = {1} AND City_MPG <= 44.00 AND Highway_MPG >= 27.50 AND Length <= 181.50 THEN class = {11.48} [6.73, 16.24], (p=23, n=1, P=41, N=52)
2026-04-14 11:58:08,580 - INFO - *****GROWING RR RULE*****
2026-04-14 11:58:08,670 - INFO - Iteracja 0: condition_best: None, quality_best: -inf, coverage_best: (p=0, n=0, P=0, N=0), p_value: 0
2026-04-14 11:58:08,670 - INFO - Regula po iteracji 0: IF  THEN class = {19.51} [9.90, 29.12], (p=69, n=24, P=69, N=24)
2026-04-14 11:58:08,670 - INFO - *****STOP GROWING RR RULE*****
2026-04-14 11:58:08,670 - INFO - ***RR NOT FOUND***
2026-04-14 11:58:08,670 - INFO - *******STOP GROWING CR RULE*******
2026-04-14 11:58:08,671 - INFO - *******GROWING CR RULE*******
2026-04-14 11:58:08,718 - INFO - Iteracja 0: condition_best: Fuel_tank_capacity <= 15.70, quality_best: 0.705, coverage_best: (p=30, n=3, P=43, N=50)
2026-04-14 11:58:08,718 - INFO - Regula po iteracji 0: IF Fuel_tank_capacity <= 15.70 THEN class = {12.11} [7.72, 16.51], (p=30, n=3, P=43, N=50)
2026-04-14 11:58:08,718 - INFO - *****GROWING RR RULE*****
2026-04-14 11:58:08,808 - INFO - Iteracja 0: condition_best: None, quality_best: -inf, coverage_best: (p=0, n=0, P=0, N=0), p_value: 0
2026-04-14 11:58:08,808 - INFO - Regula po iteracji 0: IF  THEN class = {19.51} [9.90, 29.12], (p=69, n=24, P=69, N=24)
2026-04-14 11:58:08,808 - INFO - *****STOP GROWING RR RULE*****
2026-04-14 11:58:08,808 - INFO - ***RR NOT FOUND***
2026-04-14 11:58:08,829 - INFO - Iteracja 1: condition_best: Length >= 143.50, quality_best: 0.741, coverage_best: (p=30, n=2, P=44, N=49)
2026-04-14 11:58:08,829 - INFO - Regula po iteracji 1: IF Fuel_tank_capacity <= 15.70 AND Length >= 143.50 THEN class = {12.26} [7.88, 16.64], (p=30, n=2, P=44, N=49)
2026-04-14 11:58:08,830 - INFO - *****GROWING RR RULE*****
2026-04-14 11:58:08,919 - INFO - Iteracja 0: condition_best: None, quality_best: -inf, coverage_best: (p=0, n=0, P=0, N=0), p_value: 0
2026-04-14 11:58:08,919 - INFO - Regula po iteracji 0: IF  THEN class = {19.51} [9.90, 29.12], (p=69, n=24, P=69, N=24)
2026-04-14 11:58:08,919 - INFO - *****STOP GROWING RR RULE*****
2026-04-14 11:58:08,919 - INFO - ***RR NOT FOUND***
2026-04-14 11:58:08,940 - INFO - Iteracja 2: condition_best: Highway_MPG >= 27.00, quality_best: 0.728, coverage_best: (p=29, n=2, P=44, N=49)
2026-04-14 11:58:08,940 - INFO - Regula po iteracji 2: IF Fuel_tank_capacity <= 15.70 AND Length >= 143.50 AND Highway_MPG >= 27.00 THEN class = {12.20} [7.76, 16.64], (p=29, n=2, P=44, N=49)
2026-04-14 11:58:08,940 - INFO - *****GROWING RR RULE*****
2026-04-14 11:58:09,029 - INFO - Iteracja 0: condition_best: None, quality_best: -inf, coverage_best: (p=0, n=0, P=0, N=0), p_value: 0
2026-04-14 11:58:09,030 - INFO - Regula po iteracji 0: IF  THEN class = {19.51} [9.90, 29.12], (p=69, n=24, P=69, N=24)
2026-04-14 11:58:09,030 - INFO - *****STOP GROWING RR RULE*****
2026-04-14 11:58:09,030 - INFO - ***RR NOT FOUND***
2026-04-14 11:58:09,050 - INFO - Iteracja 3: condition_best: RPM <= 6,400.00, quality_best: 0.715, coverage_best: (p=28, n=2, P=44, N=49)
2026-04-14 11:58:09,050 - INFO - Regula po iteracji 3: IF Fuel_tank_capacity <= 15.70 AND Length >= 143.50 AND Highway_MPG >= 27.00 AND RPM <= 6,400.00 THEN class = {12.27} [7.78, 16.76], (p=28, n=2, P=44, N=49)
2026-04-14 11:58:09,050 - INFO - *****GROWING RR RULE*****
2026-04-14 11:58:09,139 - INFO - Iteracja 0: condition_best: None, quality_best: -inf, coverage_best: (p=0, n=0, P=0, N=0), p_value: 0
2026-04-14 11:58:09,139 - INFO - Regula po iteracji 0: IF  THEN class = {19.51} [9.90, 29.12], (p=69, n=24, P=69, N=24)
2026-04-14 11:58:09,139 - INFO - *****STOP GROWING RR RULE*****
2026-04-14 11:58:09,140 - INFO - ***RR NOT FOUND***
2026-04-14 11:58:09,159 - INFO - Iteracja 4: condition_best: RPM <= 6,150.00, quality_best: 0.701, coverage_best: (p=27, n=2, P=44, N=49)
2026-04-14 11:58:09,159 - INFO - Regula po iteracji 4: IF Fuel_tank_capacity <= 15.70 AND Length >= 143.50 AND Highway_MPG >= 27.00 AND RPM <= 6,400.00 AND RPM <= 6,150.00 THEN class = {12.14} [7.63, 16.66], (p=27, n=2, P=44, N=49)
2026-04-14 11:58:09,160 - INFO - *****GROWING RR RULE*****
2026-04-14 11:58:09,249 - INFO - Iteracja 0: condition_best: None, quality_best: -inf, coverage_best: (p=0, n=0, P=0, N=0), p_value: 0
2026-04-14 11:58:09,249 - INFO - Regula po iteracji 0: IF  THEN class = {19.51} [9.90, 29.12], (p=69, n=24, P=69, N=24)
2026-04-14 11:58:09,249 - INFO - *****STOP GROWING RR RULE*****
2026-04-14 11:58:09,249 - INFO - ***RR NOT FOUND***
2026-04-14 11:58:09,249 - INFO - *******STOP GROWING CR RULE*******
2026-04-14 11:58:09,250 - INFO - *******GROWING CR RULE*******
2026-04-14 11:58:09,297 - INFO - Iteracja 0: condition_best: Weight <= 2,892.50, quality_best: 0.653, coverage_best: (p=32, n=5, P=43, N=50)
2026-04-14 11:58:09,297 - INFO - Regula po iteracji 0: IF Weight <= 2,892.50 THEN class = {12.41} [8.12, 16.70], (p=32, n=5, P=43, N=50)
2026-04-14 11:58:09,297 - INFO - *****GROWING RR RULE*****
2026-04-14 11:58:09,387 - INFO - Iteracja 0: condition_best: None, quality_best: -inf, coverage_best: (p=0, n=0, P=0, N=0), p_value: 0
2026-04-14 11:58:09,387 - INFO - Regula po iteracji 0: IF  THEN class = {19.51} [9.90, 29.12], (p=69, n=24, P=69, N=24)
2026-04-14 11:58:09,387 - INFO - *****STOP GROWING RR RULE*****
2026-04-14 11:58:09,387 - INFO - ***RR NOT FOUND***
2026-04-14 11:58:09,410 - INFO - Iteracja 1: condition_best: Length >= 143.50, quality_best: 0.692, coverage_best: (p=32, n=4, P=43, N=50)
2026-04-14 11:58:09,410 - INFO - Regula po iteracji 1: IF Weight <= 2,892.50 AND Length >= 143.50 THEN class = {12.55} [8.29, 16.82], (p=32, n=4, P=43, N=50)
2026-04-14 11:58:09,411 - INFO - *****GROWING RR RULE*****
2026-04-14 11:58:09,500 - INFO - Iteracja 0: condition_best: None, quality_best: -inf, coverage_best: (p=0, n=0, P=0, N=0), p_value: 0
2026-04-14 11:58:09,500 - INFO - Regula po iteracji 0: IF  THEN class = {19.51} [9.90, 29.12], (p=69, n=24, P=69, N=24)
2026-04-14 11:58:09,500 - INFO - *****STOP GROWING RR RULE*****
2026-04-14 11:58:09,500 - INFO - ***RR NOT FOUND***
2026-04-14 11:58:09,522 - INFO - Iteracja 2: condition_best: RPM >= 4,400.00, quality_best: 0.678, coverage_best: (p=31, n=4, P=43, N=50)
2026-04-14 11:58:09,522 - INFO - Regula po iteracji 2: IF Weight <= 2,892.50 AND Length >= 143.50 AND RPM >= 4,400.00 THEN class = {12.59} [8.27, 16.91], (p=31, n=4, P=43, N=50)
2026-04-14 11:58:09,523 - INFO - *****GROWING RR RULE*****
2026-04-14 11:58:09,612 - INFO - Iteracja 0: condition_best: None, quality_best: -inf, coverage_best: (p=0, n=0, P=0, N=0), p_value: 0
2026-04-14 11:58:09,612 - INFO - Regula po iteracji 0: IF  THEN class = {19.51} [9.90, 29.12], (p=69, n=24, P=69, N=24)
2026-04-14 11:58:09,612 - INFO - *****STOP GROWING RR RULE*****
2026-04-14 11:58:09,612 - INFO - ***RR NOT FOUND***
2026-04-14 11:58:09,635 - INFO - Iteracja 3: condition_best: RPM <= 6,400.00, quality_best: 0.663, coverage_best: (p=30, n=4, P=43, N=50)
2026-04-14 11:58:09,635 - INFO - Regula po iteracji 3: IF Weight <= 2,892.50 AND Length >= 143.50 AND RPM >= 4,400.00 AND RPM <= 6,400.00 THEN class = {12.66} [8.30, 17.02], (p=30, n=4, P=43, N=50)
2026-04-14 11:58:09,635 - INFO - *****GROWING RR RULE*****
2026-04-14 11:58:09,724 - INFO - Iteracja 0: condition_best: None, quality_best: -inf, coverage_best: (p=0, n=0, P=0, N=0), p_value: 0
2026-04-14 11:58:09,725 - INFO - Regula po iteracji 0: IF  THEN class = {19.51} [9.90, 29.12], (p=69, n=24, P=69, N=24)
2026-04-14 11:58:09,725 - INFO - *****STOP GROWING RR RULE*****
2026-04-14 11:58:09,725 - INFO - ***RR NOT FOUND***
2026-04-14 11:58:09,747 - INFO - Iteracja 4: condition_best: RPM <= 6,150.00, quality_best: 0.648, coverage_best: (p=29, n=4, P=43, N=50)
2026-04-14 11:58:09,747 - INFO - Regula po iteracji 4: IF Weight <= 2,892.50 AND Length >= 143.50 AND RPM >= 4,400.00 AND RPM <= 6,400.00 AND RPM <= 6,150.00 THEN class = {12.56} [8.17, 16.96], (p=29, n=4, P=43, N=50)
2026-04-14 11:58:09,747 - INFO - *****GROWING RR RULE*****
2026-04-14 11:58:09,837 - INFO - Iteracja 0: condition_best: None, quality_best: -inf, coverage_best: (p=0, n=0, P=0, N=0), p_value: 0
2026-04-14 11:58:09,837 - INFO - Regula po iteracji 0: IF  THEN class = {19.51} [9.90, 29.12], (p=69, n=24, P=69, N=24)
2026-04-14 11:58:09,837 - INFO - *****STOP GROWING RR RULE*****
2026-04-14 11:58:09,837 - INFO - ***RR NOT FOUND***
2026-04-14 11:58:09,837 - INFO - *******STOP GROWING CR RULE*******
2026-04-14 11:58:09,838 - INFO - *******GROWING CR RULE*******
2026-04-14 11:58:09,885 - INFO - Iteracja 0: condition_best: Horsepower <= 132.00, quality_best: 0.611, coverage_best: (p=34, n=7, P=43, N=50)
2026-04-14 11:58:09,885 - INFO - Regula po iteracji 0: IF Horsepower <= 132.00 THEN class = {12.89} [8.29, 17.49], (p=34, n=7, P=43, N=50)
2026-04-14 11:58:09,885 - INFO - *****GROWING RR RULE*****
2026-04-14 11:58:10,045 - INFO - Iteracja 0: condition_best: None, quality_best: -inf, coverage_best: (p=0, n=0, P=0, N=0), p_value: 0
2026-04-14 11:58:10,046 - INFO - Regula po iteracji 0: IF  THEN class = {19.51} [9.90, 29.12], (p=69, n=24, P=69, N=24)
2026-04-14 11:58:10,046 - INFO - *****STOP GROWING RR RULE*****
2026-04-14 11:58:10,046 - INFO - ***RR NOT FOUND***
2026-04-14 11:58:10,071 - INFO - Iteracja 1: condition_best: Fuel_tank_capacity <= 16.85, quality_best: 0.709, coverage_best: (p=34, n=4, P=44, N=49)
2026-04-14 11:58:10,071 - INFO - Regula po iteracji 1: IF Horsepower <= 132.00 AND Fuel_tank_capacity <= 16.85 THEN class = {12.54} [7.99, 17.09], (p=34, n=4, P=44, N=49)
2026-04-14 11:58:10,072 - INFO - *****GROWING RR RULE*****
2026-04-14 11:58:10,162 - INFO - Iteracja 0: condition_best: None, quality_best: -inf, coverage_best: (p=0, n=0, P=0, N=0), p_value: 0
2026-04-14 11:58:10,162 - INFO - Regula po iteracji 0: IF  THEN class = {19.51} [9.90, 29.12], (p=69, n=24, P=69, N=24)
2026-04-14 11:58:10,162 - INFO - *****STOP GROWING RR RULE*****
2026-04-14 11:58:10,162 - INFO - ***RR NOT FOUND***
2026-04-14 11:58:10,185 - INFO - Iteracja 2: condition_best: Length >= 143.50, quality_best: 0.706, coverage_best: (p=33, n=4, P=43, N=50)
2026-04-14 11:58:10,185 - INFO - Regula po iteracji 2: IF Horsepower <= 132.00 AND Fuel_tank_capacity <= 16.85 AND Length >= 143.50 THEN class = {12.68} [8.15, 17.21], (p=33, n=4, P=43, N=50)
2026-04-14 11:58:10,186 - INFO - *****GROWING RR RULE*****
2026-04-14 11:58:10,276 - INFO - Iteracja 0: condition_best: None, quality_best: -inf, coverage_best: (p=0, n=0, P=0, N=0), p_value: 0
2026-04-14 11:58:10,276 - INFO - Regula po iteracji 0: IF  THEN class = {19.51} [9.90, 29.12], (p=69, n=24, P=69, N=24)
2026-04-14 11:58:10,276 - INFO - *****STOP GROWING RR RULE*****
2026-04-14 11:58:10,276 - INFO - ***RR NOT FOUND***
2026-04-14 11:58:10,299 - INFO - Iteracja 3: condition_best: Luggage_capacity >= 8.50, quality_best: 0.723, coverage_best: (p=32, n=3, P=44, N=49)
2026-04-14 11:58:10,299 - INFO - Regula po iteracji 3: IF Horsepower <= 132.00 AND Fuel_tank_capacity <= 16.85 AND Length >= 143.50 AND Luggage_capacity >= 8.50 THEN class = {12.59} [7.95, 17.23], (p=32, n=3, P=44, N=49)
2026-04-14 11:58:10,299 - INFO - *****GROWING RR RULE*****
2026-04-14 11:58:10,389 - INFO - Iteracja 0: condition_best: None, quality_best: -inf, coverage_best: (p=0, n=0, P=0, N=0), p_value: 0
2026-04-14 11:58:10,389 - INFO - Regula po iteracji 0: IF  THEN class = {19.51} [9.90, 29.12], (p=69, n=24, P=69, N=24)
2026-04-14 11:58:10,389 - INFO - *****STOP GROWING RR RULE*****
2026-04-14 11:58:10,389 - INFO - ***RR NOT FOUND***
2026-04-14 11:58:10,411 - INFO - Iteracja 4: condition_best: RPM <= 6,250.00, quality_best: 0.71, coverage_best: (p=31, n=3, P=44, N=49)
2026-04-14 11:58:10,411 - INFO - Regula po iteracji 4: IF Horsepower <= 132.00 AND Fuel_tank_capacity <= 16.85 AND Length >= 143.50 AND Luggage_capacity >= 8.50 AND RPM <= 6,250.00 THEN class = {12.66} [7.98, 17.35], (p=31, n=3, P=44, N=49)
2026-04-14 11:58:10,411 - INFO - *****GROWING RR RULE*****
2026-04-14 11:58:10,501 - INFO - Iteracja 0: condition_best: None, quality_best: -inf, coverage_best: (p=0, n=0, P=0, N=0), p_value: 0
2026-04-14 11:58:10,501 - INFO - Regula po iteracji 0: IF  THEN class = {19.51} [9.90, 29.12], (p=69, n=24, P=69, N=24)
2026-04-14 11:58:10,501 - INFO - *****STOP GROWING RR RULE*****
2026-04-14 11:58:10,501 - INFO - ***RR NOT FOUND***
2026-04-14 11:58:10,501 - INFO - *******STOP GROWING CR RULE*******
2026-04-14 11:58:10,502 - INFO - *******GROWING CR RULE*******
2026-04-14 11:58:10,548 - INFO - Iteracja 0: condition_best: Engine_size <= 2.25, quality_best: 0.589, coverage_best: (p=34, n=6, P=48, N=45)
2026-04-14 11:58:10,548 - INFO - Regula po iteracji 0: IF Engine_size <= 2.25 THEN class = {13.28} [8.07, 18.48], (p=34, n=6, P=48, N=45)
2026-04-14 11:58:10,548 - INFO - *****GROWING RR RULE*****
2026-04-14 11:58:10,637 - INFO - Iteracja 0: condition_best: None, quality_best: -inf, coverage_best: (p=0, n=0, P=0, N=0), p_value: 0
2026-04-14 11:58:10,638 - INFO - Regula po iteracji 0: IF  THEN class = {19.51} [9.90, 29.12], (p=69, n=24, P=69, N=24)
2026-04-14 11:58:10,638 - INFO - *****STOP GROWING RR RULE*****
2026-04-14 11:58:10,638 - INFO - ***RR NOT FOUND***
2026-04-14 11:58:10,662 - INFO - Iteracja 1: condition_best: Weight <= 3,062.50, quality_best: 0.625, coverage_best: (p=33, n=5, P=47, N=46)
2026-04-14 11:58:10,662 - INFO - Regula po iteracji 1: IF Engine_size <= 2.25 AND Weight <= 3,062.50 THEN class = {13.04} [7.82, 18.26], (p=33, n=5, P=47, N=46)
2026-04-14 11:58:10,662 - INFO - *****GROWING RR RULE*****
2026-04-14 11:58:10,751 - INFO - Iteracja 0: condition_best: None, quality_best: -inf, coverage_best: (p=0, n=0, P=0, N=0), p_value: 0
2026-04-14 11:58:10,752 - INFO - Regula po iteracji 0: IF  THEN class = {19.51} [9.90, 29.12], (p=69, n=24, P=69, N=24)
2026-04-14 11:58:10,752 - INFO - *****STOP GROWING RR RULE*****
2026-04-14 11:58:10,752 - INFO - ***RR NOT FOUND***
2026-04-14 11:58:10,775 - INFO - Iteracja 2: condition_best: Length >= 143.50, quality_best: 0.702, coverage_best: (p=34, n=3, P=49, N=44)
2026-04-14 11:58:10,775 - INFO - Regula po iteracji 2: IF Engine_size <= 2.25 AND Weight <= 3,062.50 AND Length >= 143.50 THEN class = {13.19} [7.99, 18.40], (p=34, n=3, P=49, N=44)
2026-04-14 11:58:10,776 - INFO - *****GROWING RR RULE*****
2026-04-14 11:58:10,865 - INFO - Iteracja 0: condition_best: None, quality_best: -inf, coverage_best: (p=0, n=0, P=0, N=0), p_value: 0
2026-04-14 11:58:10,865 - INFO - Regula po iteracji 0: IF  THEN class = {19.51} [9.90, 29.12], (p=69, n=24, P=69, N=24)
2026-04-14 11:58:10,865 - INFO - *****STOP GROWING RR RULE*****
2026-04-14 11:58:10,865 - INFO - ***RR NOT FOUND***
2026-04-14 11:58:10,888 - INFO - Iteracja 3: condition_best: Luggage_capacity <= 17.50, quality_best: 0.689, coverage_best: (p=33, n=3, P=49, N=44)
2026-04-14 11:58:10,888 - INFO - Regula po iteracji 3: IF Engine_size <= 2.25 AND Weight <= 3,062.50 AND Length >= 143.50 AND Luggage_capacity <= 17.50 THEN class = {13.17} [7.90, 18.45], (p=33, n=3, P=49, N=44)
2026-04-14 11:58:10,888 - INFO - *****GROWING RR RULE*****
2026-04-14 11:58:10,978 - INFO - Iteracja 0: condition_best: None, quality_best: -inf, coverage_best: (p=0, n=0, P=0, N=0), p_value: 0
2026-04-14 11:58:10,978 - INFO - Regula po iteracji 0: IF  THEN class = {19.51} [9.90, 29.12], (p=69, n=24, P=69, N=24)
2026-04-14 11:58:10,978 - INFO - *****STOP GROWING RR RULE*****
2026-04-14 11:58:10,978 - INFO - ***RR NOT FOUND***
2026-04-14 11:58:11,001 - INFO - Iteracja 4: condition_best: Passenger_capacity <= 5.50, quality_best: 0.677, coverage_best: (p=32, n=3, P=49, N=44)
2026-04-14 11:58:11,001 - INFO - Regula po iteracji 4: IF Engine_size <= 2.25 AND Weight <= 3,062.50 AND Length >= 143.50 AND Luggage_capacity <= 17.50 AND Passenger_capacity <= 5.50 THEN class = {13.10} [7.77, 18.43], (p=32, n=3, P=49, N=44)
2026-04-14 11:58:11,002 - INFO - *****GROWING RR RULE*****
2026-04-14 11:58:11,091 - INFO - Iteracja 0: condition_best: None, quality_best: -inf, coverage_best: (p=0, n=0, P=0, N=0), p_value: 0
2026-04-14 11:58:11,091 - INFO - Regula po iteracji 0: IF  THEN class = {19.51} [9.90, 29.12], (p=69, n=24, P=69, N=24)
2026-04-14 11:58:11,091 - INFO - *****STOP GROWING RR RULE*****
2026-04-14 11:58:11,091 - INFO - ***RR NOT FOUND***
2026-04-14 11:58:11,091 - INFO - *******STOP GROWING CR RULE*******
2026-04-14 11:58:11,092 - INFO - *******GROWING CR RULE*******
2026-04-14 11:58:11,138 - INFO - Iteracja 0: condition_best: Weight >= 3,427.50, quality_best: 0.563, coverage_best: (p=28, n=5, P=46, N=47)
2026-04-14 11:58:11,138 - INFO - Regula po iteracji 0: IF Weight >= 3,427.50 THEN class = {26.12} [16.17, 36.08], (p=28, n=5, P=46, N=47)
2026-04-14 11:58:11,139 - INFO - *****GROWING RR RULE*****
2026-04-14 11:58:11,232 - INFO - Iteracja 0: condition_best: None, quality_best: -inf, coverage_best: (p=0, n=0, P=0, N=0), p_value: 0
2026-04-14 11:58:11,232 - INFO - Regula po iteracji 0: IF  THEN class = {19.51} [9.90, 29.12], (p=69, n=24, P=69, N=24)
2026-04-14 11:58:11,232 - INFO - *****STOP GROWING RR RULE*****
2026-04-14 11:58:11,232 - INFO - ***RR NOT FOUND***
2026-04-14 11:58:11,255 - INFO - Iteracja 1: condition_best: RPM >= 3,900.00, quality_best: 0.624, coverage_best: (p=28, n=4, P=44, N=49)
2026-04-14 11:58:11,255 - INFO - Regula po iteracji 1: IF Weight >= 3,427.50 AND RPM >= 3,900.00 THEN class = {26.48} [16.57, 36.38], (p=28, n=4, P=44, N=49)
2026-04-14 11:58:11,256 - INFO - *****GROWING RR RULE*****
2026-04-14 11:58:11,349 - INFO - Iteracja 0: condition_best: None, quality_best: -inf, coverage_best: (p=0, n=0, P=0, N=0), p_value: 0
2026-04-14 11:58:11,349 - INFO - Regula po iteracji 0: IF  THEN class = {19.51} [9.90, 29.12], (p=69, n=24, P=69, N=24)
2026-04-14 11:58:11,349 - INFO - *****STOP GROWING RR RULE*****
2026-04-14 11:58:11,349 - INFO - ***RR NOT FOUND***
2026-04-14 11:58:11,370 - INFO - Iteracja 2: condition_best: Length <= 217.50, quality_best: 0.65, coverage_best: (p=28, n=3, P=46, N=47)
2026-04-14 11:58:11,370 - INFO - Regula po iteracji 2: IF Weight >= 3,427.50 AND RPM >= 3,900.00 AND Length <= 217.50 THEN class = {26.16} [16.25, 36.08], (p=28, n=3, P=46, N=47)
2026-04-14 11:58:11,371 - INFO - *****GROWING RR RULE*****
2026-04-14 11:58:11,463 - INFO - Iteracja 0: condition_best: None, quality_best: -inf, coverage_best: (p=0, n=0, P=0, N=0), p_value: 0
2026-04-14 11:58:11,464 - INFO - Regula po iteracji 0: IF  THEN class = {19.51} [9.90, 29.12], (p=69, n=24, P=69, N=24)
2026-04-14 11:58:11,464 - INFO - *****STOP GROWING RR RULE*****
2026-04-14 11:58:11,464 - INFO - ***RR NOT FOUND***
2026-04-14 11:58:11,485 - INFO - Iteracja 3: condition_best: Horsepower <= 286.50, quality_best: 0.655, coverage_best: (p=27, n=2, P=50, N=43)
2026-04-14 11:58:11,485 - INFO - Regula po iteracji 3: IF Weight >= 3,427.50 AND RPM >= 3,900.00 AND Length <= 217.50 AND Horsepower <= 286.50 THEN class = {25.70} [15.79, 35.60], (p=27, n=2, P=50, N=43)
2026-04-14 11:58:11,485 - INFO - *****GROWING RR RULE*****
2026-04-14 11:58:11,586 - INFO - Iteracja 0: condition_best: None, quality_best: -inf, coverage_best: (p=0, n=0, P=0, N=0), p_value: 0
2026-04-14 11:58:11,586 - INFO - Regula po iteracji 0: IF  THEN class = {19.51} [9.90, 29.12], (p=69, n=24, P=69, N=24)
2026-04-14 11:58:11,586 - INFO - *****STOP GROWING RR RULE*****
2026-04-14 11:58:11,586 - INFO - ***RR NOT FOUND***
2026-04-14 11:58:11,606 - INFO - Iteracja 4: condition_best: Weight <= 3,955.00, quality_best: 0.688, coverage_best: (p=23, n=1, P=46, N=47)
2026-04-14 11:58:11,606 - INFO - Regula po iteracji 4: IF Weight >= 3,427.50 AND RPM >= 3,900.00 AND Length <= 217.50 AND Horsepower <= 286.50 AND Weight <= 3,955.00 THEN class = {25.76} [16.21, 35.30], (p=23, n=1, P=46, N=47)
2026-04-14 11:58:11,607 - INFO - *****GROWING RR RULE*****
2026-04-14 11:58:11,703 - INFO - Iteracja 0: condition_best: None, quality_best: -inf, coverage_best: (p=0, n=0, P=0, N=0), p_value: 0
2026-04-14 11:58:11,703 - INFO - Regula po iteracji 0: IF  THEN class = {19.51} [9.90, 29.12], (p=69, n=24, P=69, N=24)
2026-04-14 11:58:11,703 - INFO - *****STOP GROWING RR RULE*****
2026-04-14 11:58:11,703 - INFO - ***RR NOT FOUND***
2026-04-14 11:58:11,703 - INFO - *******STOP GROWING CR RULE*******
2026-04-14 11:58:11,704 - INFO - *******GROWING CR RULE*******
2026-04-14 11:58:11,749 - INFO - Iteracja 0: condition_best: Weight >= 3,427.50, quality_best: 0.563, coverage_best: (p=28, n=5, P=46, N=47)
2026-04-14 11:58:11,750 - INFO - Regula po iteracji 0: IF Weight >= 3,427.50 THEN class = {26.12} [16.17, 36.08], (p=28, n=5, P=46, N=47)
2026-04-14 11:58:11,750 - INFO - *****GROWING RR RULE*****
2026-04-14 11:58:11,842 - INFO - Iteracja 0: condition_best: None, quality_best: -inf, coverage_best: (p=0, n=0, P=0, N=0), p_value: 0
2026-04-14 11:58:11,843 - INFO - Regula po iteracji 0: IF  THEN class = {19.51} [9.90, 29.12], (p=69, n=24, P=69, N=24)
2026-04-14 11:58:11,843 - INFO - *****STOP GROWING RR RULE*****
2026-04-14 11:58:11,843 - INFO - ***RR NOT FOUND***
2026-04-14 11:58:11,863 - INFO - Iteracja 1: condition_best: RPM >= 3,900.00, quality_best: 0.624, coverage_best: (p=28, n=4, P=44, N=49)
2026-04-14 11:58:11,863 - INFO - Regula po iteracji 1: IF Weight >= 3,427.50 AND RPM >= 3,900.00 THEN class = {26.48} [16.57, 36.38], (p=28, n=4, P=44, N=49)
2026-04-14 11:58:11,864 - INFO - *****GROWING RR RULE*****
2026-04-14 11:58:11,956 - INFO - Iteracja 0: condition_best: None, quality_best: -inf, coverage_best: (p=0, n=0, P=0, N=0), p_value: 0
2026-04-14 11:58:11,956 - INFO - Regula po iteracji 0: IF  THEN class = {19.51} [9.90, 29.12], (p=69, n=24, P=69, N=24)
2026-04-14 11:58:11,956 - INFO - *****STOP GROWING RR RULE*****
2026-04-14 11:58:11,956 - INFO - ***RR NOT FOUND***
2026-04-14 11:58:11,977 - INFO - Iteracja 2: condition_best: Length <= 217.50, quality_best: 0.65, coverage_best: (p=28, n=3, P=46, N=47)
2026-04-14 11:58:11,977 - INFO - Regula po iteracji 2: IF Weight >= 3,427.50 AND RPM >= 3,900.00 AND Length <= 217.50 THEN class = {26.16} [16.25, 36.08], (p=28, n=3, P=46, N=47)
2026-04-14 11:58:11,977 - INFO - *****GROWING RR RULE*****
2026-04-14 11:58:12,070 - INFO - Iteracja 0: condition_best: None, quality_best: -inf, coverage_best: (p=0, n=0, P=0, N=0), p_value: 0
2026-04-14 11:58:12,070 - INFO - Regula po iteracji 0: IF  THEN class = {19.51} [9.90, 29.12], (p=69, n=24, P=69, N=24)
2026-04-14 11:58:12,070 - INFO - *****STOP GROWING RR RULE*****
2026-04-14 11:58:12,071 - INFO - ***RR NOT FOUND***
2026-04-14 11:58:12,091 - INFO - Iteracja 3: condition_best: Horsepower <= 286.50, quality_best: 0.655, coverage_best: (p=27, n=2, P=50, N=43)
2026-04-14 11:58:12,091 - INFO - Regula po iteracji 3: IF Weight >= 3,427.50 AND RPM >= 3,900.00 AND Length <= 217.50 AND Horsepower <= 286.50 THEN class = {25.70} [15.79, 35.60], (p=27, n=2, P=50, N=43)
2026-04-14 11:58:12,091 - INFO - *****GROWING RR RULE*****
2026-04-14 11:58:12,193 - INFO - Iteracja 0: condition_best: None, quality_best: -inf, coverage_best: (p=0, n=0, P=0, N=0), p_value: 0
2026-04-14 11:58:12,193 - INFO - Regula po iteracji 0: IF  THEN class = {19.51} [9.90, 29.12], (p=69, n=24, P=69, N=24)
2026-04-14 11:58:12,193 - INFO - *****STOP GROWING RR RULE*****
2026-04-14 11:58:12,193 - INFO - ***RR NOT FOUND***
2026-04-14 11:58:12,212 - INFO - Iteracja 4: condition_best: Length >= 175.50, quality_best: 0.672, coverage_best: (p=26, n=2, P=46, N=47)
2026-04-14 11:58:12,212 - INFO - Regula po iteracji 4: IF Weight >= 3,427.50 AND RPM >= 3,900.00 AND Length <= 217.50 AND Horsepower <= 286.50 AND Length >= 175.50 THEN class = {25.94} [15.94, 35.94], (p=26, n=2, P=46, N=47)
2026-04-14 11:58:12,213 - INFO - *****GROWING RR RULE*****
2026-04-14 11:58:12,314 - INFO - Iteracja 0: condition_best: None, quality_best: -inf, coverage_best: (p=0, n=0, P=0, N=0), p_value: 0
2026-04-14 11:58:12,314 - INFO - Regula po iteracji 0: IF  THEN class = {19.51} [9.90, 29.12], (p=69, n=24, P=69, N=24)
2026-04-14 11:58:12,314 - INFO - *****STOP GROWING RR RULE*****
2026-04-14 11:58:12,314 - INFO - ***RR NOT FOUND***
2026-04-14 11:58:12,314 - INFO - *******STOP GROWING CR RULE*******
2026-04-14 11:58:12,315 - INFO - *******GROWING CR RULE*******
2026-04-14 11:58:12,361 - INFO - Iteracja 0: condition_best: Fuel_tank_capacity >= 16.70, quality_best: 0.547, coverage_best: (p=34, n=9, P=43, N=50)
2026-04-14 11:58:12,361 - INFO - Regula po iteracji 0: IF Fuel_tank_capacity >= 16.70 THEN class = {26.07} [16.57, 35.58], (p=34, n=9, P=43, N=50)
2026-04-14 11:58:12,361 - INFO - *****GROWING RR RULE*****
2026-04-14 11:58:12,450 - INFO - Iteracja 0: condition_best: None, quality_best: -inf, coverage_best: (p=0, n=0, P=0, N=0), p_value: 0
2026-04-14 11:58:12,450 - INFO - Regula po iteracji 0: IF  THEN class = {19.51} [9.90, 29.12], (p=69, n=24, P=69, N=24)
2026-04-14 11:58:12,450 - INFO - *****STOP GROWING RR RULE*****
2026-04-14 11:58:12,450 - INFO - ***RR NOT FOUND***
2026-04-14 11:58:12,478 - INFO - Iteracja 1: condition_best: Horsepower >= 171.00, quality_best: 0.609, coverage_best: (p=15, n=4, P=22, N=71)
2026-04-14 11:58:12,478 - INFO - Regula po iteracji 1: IF Fuel_tank_capacity >= 16.70 AND Horsepower >= 171.00 THEN class = {32.85} [23.02, 42.68], (p=15, n=4, P=22, N=71)
2026-04-14 11:58:12,478 - INFO - *****GROWING RR RULE*****
2026-04-14 11:58:12,569 - INFO - Iteracja 0: condition_best: None, quality_best: -inf, coverage_best: (p=0, n=0, P=0, N=0), p_value: 0
2026-04-14 11:58:12,569 - INFO - Regula po iteracji 0: IF  THEN class = {19.51} [9.90, 29.12], (p=69, n=24, P=69, N=24)
2026-04-14 11:58:12,569 - INFO - *****STOP GROWING RR RULE*****
2026-04-14 11:58:12,569 - INFO - ***RR NOT FOUND***
2026-04-14 11:58:12,586 - INFO - Iteracja 2: condition_best: Highway_MPG >= 22.50, quality_best: 0.63, coverage_best: (p=15, n=3, P=24, N=69)
2026-04-14 11:58:12,586 - INFO - Regula po iteracji 2: IF Fuel_tank_capacity >= 16.70 AND Horsepower >= 171.00 AND Highway_MPG >= 22.50 THEN class = {32.02} [22.60, 41.44], (p=15, n=3, P=24, N=69)
2026-04-14 11:58:12,587 - INFO - *****GROWING RR RULE*****
2026-04-14 11:58:12,676 - INFO - Iteracja 0: condition_best: None, quality_best: -inf, coverage_best: (p=0, n=0, P=0, N=0), p_value: 0
2026-04-14 11:58:12,676 - INFO - Regula po iteracji 0: IF  THEN class = {19.51} [9.90, 29.12], (p=69, n=24, P=69, N=24)
2026-04-14 11:58:12,676 - INFO - *****STOP GROWING RR RULE*****
2026-04-14 11:58:12,676 - INFO - ***RR NOT FOUND***
2026-04-14 11:58:12,691 - INFO - Iteracja 3: condition_best: RPM >= 4,050.00, quality_best: 0.629, coverage_best: (p=14, n=3, P=22, N=71)
2026-04-14 11:58:12,691 - INFO - Regula po iteracji 3: IF Fuel_tank_capacity >= 16.70 AND Horsepower >= 171.00 AND Highway_MPG >= 22.50 AND RPM >= 4,050.00 THEN class = {32.51} [23.04, 41.97], (p=14, n=3, P=22, N=71)
2026-04-14 11:58:12,691 - INFO - *****GROWING RR RULE*****
2026-04-14 11:58:12,783 - INFO - Iteracja 0: condition_best: None, quality_best: -inf, coverage_best: (p=0, n=0, P=0, N=0), p_value: 0
2026-04-14 11:58:12,783 - INFO - Regula po iteracji 0: IF  THEN class = {19.51} [9.90, 29.12], (p=69, n=24, P=69, N=24)
2026-04-14 11:58:12,783 - INFO - *****STOP GROWING RR RULE*****
2026-04-14 11:58:12,783 - INFO - ***RR NOT FOUND***
2026-04-14 11:58:12,798 - INFO - Iteracja 4: condition_best: RPM >= 4,800.00, quality_best: 0.628, coverage_best: (p=12, n=2, P=22, N=71)
2026-04-14 11:58:12,798 - INFO - Regula po iteracji 4: IF Fuel_tank_capacity >= 16.70 AND Horsepower >= 171.00 AND Highway_MPG >= 22.50 AND RPM >= 4,050.00 AND RPM >= 4,800.00 THEN class = {32.92} [23.03, 42.81], (p=12, n=2, P=22, N=71)
2026-04-14 11:58:12,798 - INFO - *****GROWING RR RULE*****
2026-04-14 11:58:12,888 - INFO - Iteracja 0: condition_best: None, quality_best: -inf, coverage_best: (p=0, n=0, P=0, N=0), p_value: 0
2026-04-14 11:58:12,888 - INFO - Regula po iteracji 0: IF  THEN class = {19.51} [9.90, 29.12], (p=69, n=24, P=69, N=24)
2026-04-14 11:58:12,888 - INFO - *****STOP GROWING RR RULE*****
2026-04-14 11:58:12,888 - INFO - ***RR NOT FOUND***
2026-04-14 11:58:12,888 - INFO - *******STOP GROWING CR RULE*******
2026-04-14 11:58:12,889 - INFO - *******GROWING CR RULE*******
2026-04-14 11:58:12,934 - INFO - Iteracja 0: condition_best: Weight >= 2,797.50, quality_best: 0.525, coverage_best: (p=49, n=13, P=51, N=42)
2026-04-14 11:58:12,934 - INFO - Regula po iteracji 0: IF Weight >= 2,797.50 THEN class = {23.55} [14.47, 32.63], (p=49, n=13, P=51, N=42)
2026-04-14 11:58:12,935 - INFO - *****GROWING RR RULE*****
2026-04-14 11:58:13,024 - INFO - Iteracja 0: condition_best: None, quality_best: -inf, coverage_best: (p=0, n=0, P=0, N=0), p_value: 0
2026-04-14 11:58:13,025 - INFO - Regula po iteracji 0: IF  THEN class = {19.51} [9.90, 29.12], (p=69, n=24, P=69, N=24)
2026-04-14 11:58:13,025 - INFO - *****STOP GROWING RR RULE*****
2026-04-14 11:58:13,025 - INFO - ***RR NOT FOUND***
2026-04-14 11:58:13,058 - INFO - Iteracja 1: condition_best: City_MPG >= 18.50, quality_best: 0.64, coverage_best: (p=34, n=3, P=56, N=37)
2026-04-14 11:58:13,058 - INFO - Regula po iteracji 1: IF Weight >= 2,797.50 AND City_MPG >= 18.50 THEN class = {21.32} [12.52, 30.12], (p=34, n=3, P=56, N=37)
2026-04-14 11:58:13,058 - INFO - *****GROWING RR RULE*****
2026-04-14 11:58:13,152 - INFO - Iteracja 0: condition_best: None, quality_best: -inf, coverage_best: (p=0, n=0, P=0, N=0), p_value: 0
2026-04-14 11:58:13,152 - INFO - Regula po iteracji 0: IF  THEN class = {19.51} [9.90, 29.12], (p=69, n=24, P=69, N=24)
2026-04-14 11:58:13,152 - INFO - *****STOP GROWING RR RULE*****
2026-04-14 11:58:13,152 - INFO - ***RR NOT FOUND***
2026-04-14 11:58:13,174 - INFO - Iteracja 2: condition_best: Fuel_tank_capacity >= 15.30, quality_best: 0.673, coverage_best: (p=33, n=2, P=57, N=36)
2026-04-14 11:58:13,174 - INFO - Regula po iteracji 2: IF Weight >= 2,797.50 AND City_MPG >= 18.50 AND Fuel_tank_capacity >= 15.30 THEN class = {21.24} [12.47, 30.01], (p=33, n=2, P=57, N=36)
2026-04-14 11:58:13,174 - INFO - *****GROWING RR RULE*****
2026-04-14 11:58:13,268 - INFO - Iteracja 0: condition_best: None, quality_best: -inf, coverage_best: (p=0, n=0, P=0, N=0), p_value: 0
2026-04-14 11:58:13,268 - INFO - Regula po iteracji 0: IF  THEN class = {19.51} [9.90, 29.12], (p=69, n=24, P=69, N=24)
2026-04-14 11:58:13,268 - INFO - *****STOP GROWING RR RULE*****
2026-04-14 11:58:13,268 - INFO - ***RR NOT FOUND***
2026-04-14 11:58:13,288 - INFO - Iteracja 3: condition_best: City_MPG <= 25.50, quality_best: 0.67, coverage_best: (p=32, n=2, P=56, N=37)
2026-04-14 11:58:13,288 - INFO - Regula po iteracji 3: IF Weight >= 2,797.50 AND City_MPG >= 18.50 AND Fuel_tank_capacity >= 15.30 AND City_MPG <= 25.50 THEN class = {21.38} [12.52, 30.24], (p=32, n=2, P=56, N=37)
2026-04-14 11:58:13,289 - INFO - *****GROWING RR RULE*****
2026-04-14 11:58:13,382 - INFO - Iteracja 0: condition_best: None, quality_best: -inf, coverage_best: (p=0, n=0, P=0, N=0), p_value: 0
2026-04-14 11:58:13,383 - INFO - Regula po iteracji 0: IF  THEN class = {19.51} [9.90, 29.12], (p=69, n=24, P=69, N=24)
2026-04-14 11:58:13,383 - INFO - *****STOP GROWING RR RULE*****
2026-04-14 11:58:13,383 - INFO - ***RR NOT FOUND***
2026-04-14 11:58:13,403 - INFO - Iteracja 4: condition_best: RPM >= 4,200.00, quality_best: 0.658, coverage_best: (p=31, n=2, P=56, N=37)
2026-04-14 11:58:13,403 - INFO - Regula po iteracji 4: IF Weight >= 2,797.50 AND City_MPG >= 18.50 AND Fuel_tank_capacity >= 15.30 AND City_MPG <= 25.50 AND RPM >= 4,200.00 THEN class = {21.58} [12.66, 30.49], (p=31, n=2, P=56, N=37)
2026-04-14 11:58:13,403 - INFO - *****GROWING RR RULE*****
2026-04-14 11:58:13,498 - INFO - Iteracja 0: condition_best: None, quality_best: -inf, coverage_best: (p=0, n=0, P=0, N=0), p_value: 0
2026-04-14 11:58:13,498 - INFO - Regula po iteracji 0: IF  THEN class = {19.51} [9.90, 29.12], (p=69, n=24, P=69, N=24)
2026-04-14 11:58:13,498 - INFO - *****STOP GROWING RR RULE*****
2026-04-14 11:58:13,498 - INFO - ***RR NOT FOUND***
2026-04-14 11:58:13,498 - INFO - *******STOP GROWING CR RULE*******
2026-04-14 11:58:13,498 - INFO - *******GROWING CR RULE*******
2026-04-14 11:58:13,543 - INFO - Iteracja 0: condition_best: Engine_size <= 1.25, quality_best: 1.0, coverage_best: (p=2, n=0, P=2, N=91)
2026-04-14 11:58:13,543 - INFO - Regula po iteracji 0: IF Engine_size <= 1.25 THEN class = {8.40} [8.40, 8.40], (p=2, n=0, P=2, N=91)
2026-04-14 11:58:13,544 - INFO - *****GROWING RR RULE*****
2026-04-14 11:58:13,634 - INFO - Iteracja 0: condition_best: None, quality_best: -inf, coverage_best: (p=0, n=0, P=0, N=0), p_value: 0
2026-04-14 11:58:13,634 - INFO - Regula po iteracji 0: IF  THEN class = {19.51} [9.90, 29.12], (p=69, n=24, P=69, N=24)
2026-04-14 11:58:13,634 - INFO - *****STOP GROWING RR RULE*****
2026-04-14 11:58:13,634 - INFO - ***RR NOT FOUND***
2026-04-14 11:58:13,636 - INFO - Iteracja 1: condition_best: Type = {Small}, quality_best: 1.0, coverage_best: (p=2, n=0, P=2, N=91)
2026-04-14 11:58:13,636 - INFO - Regula po iteracji 1: IF Engine_size <= 1.25 AND Type = {Small} THEN class = {8.40} [8.40, 8.40], (p=2, n=0, P=2, N=91)
2026-04-14 11:58:13,637 - INFO - *****GROWING RR RULE*****
2026-04-14 11:58:13,727 - INFO - Iteracja 0: condition_best: None, quality_best: -inf, coverage_best: (p=0, n=0, P=0, N=0), p_value: 0
2026-04-14 11:58:13,727 - INFO - Regula po iteracji 0: IF  THEN class = {19.51} [9.90, 29.12], (p=69, n=24, P=69, N=24)
2026-04-14 11:58:13,727 - INFO - *****STOP GROWING RR RULE*****
2026-04-14 11:58:13,727 - INFO - ***RR NOT FOUND***
2026-04-14 11:58:13,729 - INFO - Iteracja 2: condition_best: Air_Bags_standard = {0}, quality_best: 1.0, coverage_best: (p=2, n=0, P=2, N=91)
2026-04-14 11:58:13,729 - INFO - Regula po iteracji 2: IF Engine_size <= 1.25 AND Type = {Small} AND Air_Bags_standard = {0} THEN class = {8.40} [8.40, 8.40], (p=2, n=0, P=2, N=91)
2026-04-14 11:58:13,729 - INFO - *****GROWING RR RULE*****
2026-04-14 11:58:13,820 - INFO - Iteracja 0: condition_best: None, quality_best: -inf, coverage_best: (p=0, n=0, P=0, N=0), p_value: 0
2026-04-14 11:58:13,820 - INFO - Regula po iteracji 0: IF  THEN class = {19.51} [9.90, 29.12], (p=69, n=24, P=69, N=24)
2026-04-14 11:58:13,820 - INFO - *****STOP GROWING RR RULE*****
2026-04-14 11:58:13,820 - INFO - ***RR NOT FOUND***
2026-04-14 11:58:13,822 - INFO - Iteracja 3: condition_best: Manual_transmission_available = {1}, quality_best: 1.0, coverage_best: (p=2, n=0, P=2, N=91)
2026-04-14 11:58:13,822 - INFO - Regula po iteracji 3: IF Engine_size <= 1.25 AND Type = {Small} AND Air_Bags_standard = {0} AND Manual_transmission_available = {1} THEN class = {8.40} [8.40, 8.40], (p=2, n=0, P=2, N=91)
2026-04-14 11:58:13,822 - INFO - *****GROWING RR RULE*****
2026-04-14 11:58:13,912 - INFO - Iteracja 0: condition_best: None, quality_best: -inf, coverage_best: (p=0, n=0, P=0, N=0), p_value: 0
2026-04-14 11:58:13,913 - INFO - Regula po iteracji 0: IF  THEN class = {19.51} [9.90, 29.12], (p=69, n=24, P=69, N=24)
2026-04-14 11:58:13,913 - INFO - *****STOP GROWING RR RULE*****
2026-04-14 11:58:13,913 - INFO - ***RR NOT FOUND***
2026-04-14 11:58:13,915 - INFO - Iteracja 4: condition_best: Domestic = {0}, quality_best: 1.0, coverage_best: (p=2, n=0, P=2, N=91)
2026-04-14 11:58:13,915 - INFO - Regula po iteracji 4: IF Engine_size <= 1.25 AND Type = {Small} AND Air_Bags_standard = {0} AND Manual_transmission_available = {1} AND Domestic = {0} THEN class = {8.40} [8.40, 8.40], (p=2, n=0, P=2, N=91)
2026-04-14 11:58:13,915 - INFO - *****GROWING RR RULE*****
2026-04-14 11:58:14,005 - INFO - Iteracja 0: condition_best: None, quality_best: -inf, coverage_best: (p=0, n=0, P=0, N=0), p_value: 0
2026-04-14 11:58:14,005 - INFO - Regula po iteracji 0: IF  THEN class = {19.51} [9.90, 29.12], (p=69, n=24, P=69, N=24)
2026-04-14 11:58:14,005 - INFO - *****STOP GROWING RR RULE*****
2026-04-14 11:58:14,005 - INFO - ***RR NOT FOUND***
2026-04-14 11:58:14,005 - INFO - *******STOP GROWING CR RULE*******
2026-04-14 11:58:14,010 - INFO - ************************Finished experiment for auto93.arff with algorithm************************
2026-04-14 11:58:14,010 - INFO - *************************************************************************************************************************
2026-04-14 11:58:14,010 - INFO - *************************************************************************************************************************
2026-04-14 11:58:14,010 - INFO - *************************************************************************************************************************
