2026-04-12 13:52:27,908 - INFO - **********Starting experiment for 20_whas500.arff with algorithm**********
2026-04-12 13:52:27,914 - INFO - *******GROWING CR RULE*******
2026-04-12 13:52:35,717 - INFO - Iteracja 0: condition_best: age <= 88.50, quality_best: 1.0, coverage_best: (p=464, n=0, P=500, N=0)
2026-04-12 13:52:35,724 - INFO - Regula po iteracji 0: IF age <= 88.50 THEN survival_status = {nan}, (p=464, n=0, P=500, N=0)
2026-04-12 13:52:35,725 - INFO - *****GROWING RR RULE*****
2026-04-12 13:52:57,912 - INFO - Iteracja 0: condition_best: None, quality_best: -inf, coverage_best: (p=0, n=0, P=0, N=0), p_value: 0
2026-04-12 13:52:57,917 - INFO - Regula po iteracji 0: IF  THEN survival_status = {nan}, (p=500, n=0, P=500, N=0)
2026-04-12 13:52:57,917 - INFO - *****STOP GROWING RR RULE*****
2026-04-12 13:52:57,917 - INFO - ***RR NOT FOUND***
2026-04-12 13:53:05,694 - INFO - Iteracja 1: condition_best: hr <= 173.00, quality_best: 1.0, coverage_best: (p=463, n=0, P=500, N=0)
2026-04-12 13:53:05,701 - INFO - Regula po iteracji 1: IF age <= 88.50 AND hr <= 173.00 THEN survival_status = {2160.0}, (p=463, n=0, P=500, N=0)
2026-04-12 13:53:05,701 - INFO - *****GROWING RR RULE*****
2026-04-12 13:53:27,831 - INFO - Iteracja 0: condition_best: None, quality_best: -inf, coverage_best: (p=0, n=0, P=0, N=0), p_value: 0
2026-04-12 13:53:27,836 - INFO - Regula po iteracji 0: IF  THEN survival_status = {nan}, (p=500, n=0, P=500, N=0)
2026-04-12 13:53:27,836 - INFO - *****STOP GROWING RR RULE*****
2026-04-12 13:53:27,836 - INFO - ***RR NOT FOUND***
2026-04-12 13:53:35,892 - INFO - Iteracja 2: condition_best: sysbp <= 242.00, quality_best: 1.0, coverage_best: (p=462, n=0, P=500, N=0)
2026-04-12 13:53:35,899 - INFO - Regula po iteracji 2: IF age <= 88.50 AND hr <= 173.00 AND sysbp <= 242.00 THEN survival_status = {2160.0}, (p=462, n=0, P=500, N=0)
2026-04-12 13:53:35,899 - INFO - *****GROWING RR RULE*****
2026-04-12 13:53:57,971 - INFO - Iteracja 0: condition_best: None, quality_best: -inf, coverage_best: (p=0, n=0, P=0, N=0), p_value: 0
2026-04-12 13:53:57,976 - INFO - Regula po iteracji 0: IF  THEN survival_status = {nan}, (p=500, n=0, P=500, N=0)
2026-04-12 13:53:57,976 - INFO - *****STOP GROWING RR RULE*****
2026-04-12 13:53:57,976 - INFO - ***RR NOT FOUND***
2026-04-12 13:54:05,868 - INFO - Iteracja 3: condition_best: sysbp <= 237.00, quality_best: 1.0, coverage_best: (p=461, n=0, P=500, N=0)
2026-04-12 13:54:05,875 - INFO - Regula po iteracji 3: IF age <= 88.50 AND hr <= 173.00 AND sysbp <= 242.00 AND sysbp <= 237.00 THEN survival_status = {2160.0}, (p=461, n=0, P=500, N=0)
2026-04-12 13:54:05,875 - INFO - *****GROWING RR RULE*****
2026-04-12 13:54:27,984 - INFO - Iteracja 0: condition_best: None, quality_best: -inf, coverage_best: (p=0, n=0, P=0, N=0), p_value: 0
2026-04-12 13:54:27,989 - INFO - Regula po iteracji 0: IF  THEN survival_status = {nan}, (p=500, n=0, P=500, N=0)
2026-04-12 13:54:27,989 - INFO - *****STOP GROWING RR RULE*****
2026-04-12 13:54:27,989 - INFO - ***RR NOT FOUND***
2026-04-12 13:54:35,937 - INFO - Iteracja 4: condition_best: sysbp >= 60.00, quality_best: 1.0, coverage_best: (p=460, n=0, P=500, N=0)
2026-04-12 13:54:35,943 - INFO - Regula po iteracji 4: IF age <= 88.50 AND hr <= 173.00 AND sysbp <= 242.00 AND sysbp <= 237.00 AND sysbp >= 60.00 THEN survival_status = {2160.0}, (p=460, n=0, P=500, N=0)
2026-04-12 13:54:35,944 - INFO - *****GROWING RR RULE*****
2026-04-12 13:54:58,047 - INFO - Iteracja 0: condition_best: None, quality_best: -inf, coverage_best: (p=0, n=0, P=0, N=0), p_value: 0
2026-04-12 13:54:58,052 - INFO - Regula po iteracji 0: IF  THEN survival_status = {nan}, (p=500, n=0, P=500, N=0)
2026-04-12 13:54:58,052 - INFO - *****STOP GROWING RR RULE*****
2026-04-12 13:54:58,052 - INFO - ***RR NOT FOUND***
2026-04-12 13:54:58,052 - INFO - *******STOP GROWING CR RULE*******
2026-04-12 13:54:58,060 - INFO - *******GROWING CR RULE*******
2026-04-12 13:55:03,203 - INFO - Iteracja 0: condition_best: chf <= 0.50, quality_best: 1.0, coverage_best: (p=345, n=0, P=500, N=0)
2026-04-12 13:55:03,209 - INFO - Regula po iteracji 0: IF chf <= 0.50 THEN survival_status = {nan}, (p=345, n=0, P=500, N=0)
2026-04-12 13:55:03,209 - INFO - *****GROWING RR RULE*****
2026-04-12 13:55:23,963 - INFO - Iteracja 0: condition_best: hr <= 71.50, quality_best: 1.0, coverage_best: (p=141, n=0, P=500, N=0), p_value: 0.997
2026-04-12 13:55:23,970 - INFO - Regula po iteracji 0: IF hr <= 71.50 THEN survival_status = {nan}, (p=141, n=0, P=500, N=0)
2026-04-12 13:55:32,204 - INFO - Iteracja 1: condition_best: None, quality_best: -inf, coverage_best: (p=0, n=0, P=0, N=0), p_value: 0.997
2026-04-12 13:55:32,210 - INFO - Regula po iteracji 1: IF hr <= 71.50 THEN survival_status = {inf}, (p=141, n=0, P=500, N=0)
2026-04-12 13:55:32,210 - INFO - *****STOP GROWING RR RULE*****
2026-04-12 13:55:32,210 - INFO - ***RR FOUND***
2026-04-12 13:55:32,210 - INFO - Reference rule: IF hr <= 71.50 THEN survival_status = {inf}
2026-04-12 13:55:32,210 - INFO - ***CHECKING EXCEPTION***
2026-04-12 13:55:32,214 - INFO - ER vs CR p_value: 0.028736678800473925
2026-04-12 13:55:32,214 - INFO - ER vs RR p_value: 0.04919438022799105
2026-04-12 13:55:32,233 - INFO - ***ER FOUND***
2026-04-12 13:55:32,234 - INFO - Exception rule: IF chf <= 0.50 AND hr <= 71.50 THEN survival_status = {inf} (p=111, n=0, P=500, N=0)
2026-04-12 13:55:32,234 - INFO - *******STOP GROWING CR RULE*******
2026-04-12 13:55:32,240 - INFO - *******GROWING CR RULE*******
2026-04-12 13:55:37,288 - INFO - Iteracja 0: condition_best: age >= 64.50, quality_best: 1.0, coverage_best: (p=328, n=0, P=500, N=0)
2026-04-12 13:55:37,294 - INFO - Regula po iteracji 0: IF age >= 64.50 THEN survival_status = {nan}, (p=328, n=0, P=500, N=0)
2026-04-12 13:55:37,294 - INFO - *****GROWING RR RULE*****
2026-04-12 13:55:57,380 - INFO - Iteracja 0: condition_best: bmi <= 25.40, quality_best: 1.0, coverage_best: (p=214, n=0, P=500, N=0), p_value: 0.991
2026-04-12 13:55:57,386 - INFO - Regula po iteracji 0: IF bmi <= 25.40 THEN survival_status = {nan}, (p=214, n=0, P=500, N=0)
2026-04-12 13:56:08,523 - INFO - Iteracja 1: condition_best: hr >= 52.50, quality_best: 1.0, coverage_best: (p=205, n=0, P=500, N=0), p_value: 0.996
2026-04-12 13:56:08,529 - INFO - Regula po iteracji 1: IF bmi <= 25.40 AND hr >= 52.50 THEN survival_status = {849.0}, (p=205, n=0, P=500, N=0)
2026-04-12 13:56:19,408 - INFO - Iteracja 2: condition_best: sysbp <= 216.50, quality_best: 1.0, coverage_best: (p=203, n=0, P=500, N=0), p_value: 0.998
2026-04-12 13:56:19,415 - INFO - Regula po iteracji 2: IF bmi <= 25.40 AND hr >= 52.50 AND sysbp <= 216.50 THEN survival_status = {718.0}, (p=203, n=0, P=500, N=0)
2026-04-12 13:56:30,217 - INFO - Iteracja 3: condition_best: None, quality_best: -inf, coverage_best: (p=0, n=0, P=0, N=0), p_value: 0.998
2026-04-12 13:56:30,223 - INFO - Regula po iteracji 3: IF bmi <= 25.40 AND hr >= 52.50 AND sysbp <= 216.50 THEN survival_status = {718.0}, (p=203, n=0, P=500, N=0)
2026-04-12 13:56:30,223 - INFO - *****STOP GROWING RR RULE*****
2026-04-12 13:56:30,223 - INFO - ***RR FOUND***
2026-04-12 13:56:30,224 - INFO - Reference rule: IF bmi <= 25.40 THEN survival_status = {718.0}
2026-04-12 13:56:30,224 - INFO - ***CHECKING EXCEPTION***
2026-04-12 13:56:30,227 - INFO - ER vs CR p_value: 0.022503515195201218
2026-04-12 13:56:30,227 - INFO - ER vs RR p_value: 0.046895069425836544
2026-04-12 13:56:30,247 - INFO - ***ER FOUND***
2026-04-12 13:56:30,247 - INFO - Exception rule: IF age >= 64.50 AND bmi <= 25.40 THEN survival_status = {406.0} (p=168, n=0, P=500, N=0)
2026-04-12 13:56:30,247 - INFO - *******STOP GROWING CR RULE*******
2026-04-12 13:56:30,253 - INFO - *******GROWING CR RULE*******
2026-04-12 13:56:35,178 - INFO - Iteracja 0: condition_best: age <= 88.50, quality_best: 1.0, coverage_best: (p=464, n=0, P=500, N=0)
2026-04-12 13:56:35,185 - INFO - Regula po iteracji 0: IF age <= 88.50 THEN survival_status = {nan}, (p=464, n=0, P=500, N=0)
2026-04-12 13:56:35,185 - INFO - *****GROWING RR RULE*****
2026-04-12 13:56:57,419 - INFO - Iteracja 0: condition_best: None, quality_best: -inf, coverage_best: (p=0, n=0, P=0, N=0), p_value: 0
2026-04-12 13:56:57,423 - INFO - Regula po iteracji 0: IF  THEN survival_status = {nan}, (p=500, n=0, P=500, N=0)
2026-04-12 13:56:57,423 - INFO - *****STOP GROWING RR RULE*****
2026-04-12 13:56:57,424 - INFO - ***RR NOT FOUND***
2026-04-12 13:57:02,419 - INFO - Iteracja 1: condition_best: hr <= 173.00, quality_best: 1.0, coverage_best: (p=463, n=0, P=500, N=0)
2026-04-12 13:57:02,426 - INFO - Regula po iteracji 1: IF age <= 88.50 AND hr <= 173.00 THEN survival_status = {2160.0}, (p=463, n=0, P=500, N=0)
2026-04-12 13:57:02,426 - INFO - *****GROWING RR RULE*****
2026-04-12 13:57:24,658 - INFO - Iteracja 0: condition_best: None, quality_best: -inf, coverage_best: (p=0, n=0, P=0, N=0), p_value: 0
2026-04-12 13:57:24,662 - INFO - Regula po iteracji 0: IF  THEN survival_status = {nan}, (p=500, n=0, P=500, N=0)
2026-04-12 13:57:24,662 - INFO - *****STOP GROWING RR RULE*****
2026-04-12 13:57:24,662 - INFO - ***RR NOT FOUND***
2026-04-12 13:57:29,731 - INFO - Iteracja 2: condition_best: sysbp <= 242.00, quality_best: 1.0, coverage_best: (p=462, n=0, P=500, N=0)
2026-04-12 13:57:29,738 - INFO - Regula po iteracji 2: IF age <= 88.50 AND hr <= 173.00 AND sysbp <= 242.00 THEN survival_status = {2160.0}, (p=462, n=0, P=500, N=0)
2026-04-12 13:57:29,738 - INFO - *****GROWING RR RULE*****
2026-04-12 13:57:51,934 - INFO - Iteracja 0: condition_best: None, quality_best: -inf, coverage_best: (p=0, n=0, P=0, N=0), p_value: 0
2026-04-12 13:57:51,938 - INFO - Regula po iteracji 0: IF  THEN survival_status = {nan}, (p=500, n=0, P=500, N=0)
2026-04-12 13:57:51,938 - INFO - *****STOP GROWING RR RULE*****
2026-04-12 13:57:51,938 - INFO - ***RR NOT FOUND***
2026-04-12 13:57:57,044 - INFO - Iteracja 3: condition_best: sysbp <= 237.00, quality_best: 1.0, coverage_best: (p=461, n=0, P=500, N=0)
2026-04-12 13:57:57,050 - INFO - Regula po iteracji 3: IF age <= 88.50 AND hr <= 173.00 AND sysbp <= 242.00 AND sysbp <= 237.00 THEN survival_status = {2160.0}, (p=461, n=0, P=500, N=0)
2026-04-12 13:57:57,051 - INFO - *****GROWING RR RULE*****
2026-04-12 13:58:19,216 - INFO - Iteracja 0: condition_best: None, quality_best: -inf, coverage_best: (p=0, n=0, P=0, N=0), p_value: 0
2026-04-12 13:58:19,220 - INFO - Regula po iteracji 0: IF  THEN survival_status = {nan}, (p=500, n=0, P=500, N=0)
2026-04-12 13:58:19,220 - INFO - *****STOP GROWING RR RULE*****
2026-04-12 13:58:19,220 - INFO - ***RR NOT FOUND***
2026-04-12 13:58:24,376 - INFO - Iteracja 4: condition_best: sysbp >= 60.00, quality_best: 1.0, coverage_best: (p=460, n=0, P=500, N=0)
2026-04-12 13:58:24,382 - INFO - Regula po iteracji 4: IF age <= 88.50 AND hr <= 173.00 AND sysbp <= 242.00 AND sysbp <= 237.00 AND sysbp >= 60.00 THEN survival_status = {2160.0}, (p=460, n=0, P=500, N=0)
2026-04-12 13:58:24,382 - INFO - *****GROWING RR RULE*****
2026-04-12 13:58:46,556 - INFO - Iteracja 0: condition_best: None, quality_best: -inf, coverage_best: (p=0, n=0, P=0, N=0), p_value: 0
2026-04-12 13:58:46,561 - INFO - Regula po iteracji 0: IF  THEN survival_status = {nan}, (p=500, n=0, P=500, N=0)
2026-04-12 13:58:46,561 - INFO - *****STOP GROWING RR RULE*****
2026-04-12 13:58:46,561 - INFO - ***RR NOT FOUND***
2026-04-12 13:58:46,561 - INFO - *******STOP GROWING CR RULE*******
2026-04-12 13:58:46,839 - INFO - ************************Finished experiment for 20_whas500.arff with algorithm************************
2026-04-12 13:58:46,839 - INFO - *************************************************************************************************************************
2026-04-12 13:58:46,839 - INFO - *************************************************************************************************************************
2026-04-12 13:58:46,839 - INFO - *************************************************************************************************************************
