2026-04-14 12:04:32,992 - INFO - **********Starting experiment for elusage.arff with algorithm_rulekit**********
2026-04-14 12:04:33,013 - INFO - ************************Finished experiment for elusage.arff with algorithm_rulekit************************
2026-04-14 12:04:33,013 - INFO - *************************************************************************************************************************
2026-04-14 12:04:33,013 - INFO - *************************************************************************************************************************
2026-04-14 12:04:33,013 - INFO - *************************************************************************************************************************
2026-04-14 12:04:33,014 - INFO - **********Starting experiment for elusage.arff with algorithm_rer**********
2026-04-14 12:04:33,020 - INFO - *******GROWING CR RULE*******
2026-04-14 12:04:33,024 - INFO - Iteracja 0: condition_best: average_temperature >= 48.50, quality_best: 0.648, coverage_best: (p=20, n=4, P=20, N=18)
2026-04-14 12:04:33,024 - INFO - Regula po iteracji 0: IF average_temperature >= 48.50 THEN class = {25.54} [16.67, 34.41], (p=20, n=4, P=20, N=18)
2026-04-14 12:04:33,026 - INFO - Iteracja 1: condition_best: average_temperature <= 78.00, quality_best: 0.617, coverage_best: (p=19, n=4, P=20, N=18)
2026-04-14 12:04:33,027 - INFO - Regula po iteracji 1: IF average_temperature >= 48.50 AND average_temperature <= 78.00 THEN class = {25.87} [16.96, 34.79], (p=19, n=4, P=20, N=18)
2026-04-14 12:04:33,029 - INFO - Iteracja 2: condition_best: average_temperature <= 74.50, quality_best: 0.553, coverage_best: (p=16, n=4, P=19, N=19)
2026-04-14 12:04:33,029 - INFO - Regula po iteracji 2: IF average_temperature >= 48.50 AND average_temperature <= 78.00 AND average_temperature <= 74.50 THEN class = {26.48} [17.16, 35.80], (p=16, n=4, P=19, N=19)
2026-04-14 12:04:33,031 - INFO - Iteracja 3: condition_best: average_temperature >= 51.50, quality_best: 0.55, coverage_best: (p=15, n=4, P=18, N=20)
2026-04-14 12:04:33,031 - INFO - Regula po iteracji 3: IF average_temperature >= 48.50 AND average_temperature <= 78.00 AND average_temperature <= 74.50 AND average_temperature >= 51.50 THEN class = {25.21} [17.51, 32.90], (p=15, n=4, P=18, N=20)
2026-04-14 12:04:33,033 - INFO - Iteracja 4: condition_best: average_temperature <= 71.50, quality_best: 0.531, coverage_best: (p=11, n=3, P=16, N=22)
2026-04-14 12:04:33,033 - INFO - Regula po iteracji 4: IF average_temperature >= 48.50 AND average_temperature <= 78.00 AND average_temperature <= 74.50 AND average_temperature >= 51.50 AND average_temperature <= 71.50 THEN class = {26.76} [19.29, 34.23], (p=11, n=3, P=16, N=22)
2026-04-14 12:04:33,033 - INFO - *******STOP GROWING CR RULE*******
2026-04-14 12:04:33,033 - INFO - *******GROWING CR RULE*******
2026-04-14 12:04:33,036 - INFO - Iteracja 0: condition_best: average_temperature >= 48.50, quality_best: 0.648, coverage_best: (p=20, n=4, P=20, N=18)
2026-04-14 12:04:33,036 - INFO - Regula po iteracji 0: IF average_temperature >= 48.50 THEN class = {25.54} [16.67, 34.41], (p=20, n=4, P=20, N=18)
2026-04-14 12:04:33,038 - INFO - Iteracja 1: condition_best: average_temperature <= 78.00, quality_best: 0.617, coverage_best: (p=19, n=4, P=20, N=18)
2026-04-14 12:04:33,039 - INFO - Regula po iteracji 1: IF average_temperature >= 48.50 AND average_temperature <= 78.00 THEN class = {25.87} [16.96, 34.79], (p=19, n=4, P=20, N=18)
2026-04-14 12:04:33,041 - INFO - Iteracja 2: condition_best: average_temperature <= 74.50, quality_best: 0.553, coverage_best: (p=16, n=4, P=19, N=19)
2026-04-14 12:04:33,041 - INFO - Regula po iteracji 2: IF average_temperature >= 48.50 AND average_temperature <= 78.00 AND average_temperature <= 74.50 THEN class = {26.48} [17.16, 35.80], (p=16, n=4, P=19, N=19)
2026-04-14 12:04:33,043 - INFO - Iteracja 3: condition_best: average_temperature >= 51.50, quality_best: 0.55, coverage_best: (p=15, n=4, P=18, N=20)
2026-04-14 12:04:33,043 - INFO - Regula po iteracji 3: IF average_temperature >= 48.50 AND average_temperature <= 78.00 AND average_temperature <= 74.50 AND average_temperature >= 51.50 THEN class = {25.21} [17.51, 32.90], (p=15, n=4, P=18, N=20)
2026-04-14 12:04:33,044 - INFO - Iteracja 4: condition_best: average_temperature >= 54.50, quality_best: 0.496, coverage_best: (p=12, n=5, P=14, N=24)
2026-04-14 12:04:33,045 - INFO - Regula po iteracji 4: IF average_temperature >= 48.50 AND average_temperature <= 78.00 AND average_temperature <= 74.50 AND average_temperature >= 51.50 AND average_temperature >= 54.50 THEN class = {23.20} [17.93, 28.47], (p=12, n=5, P=14, N=24)
2026-04-14 12:04:33,045 - INFO - *******STOP GROWING CR RULE*******
2026-04-14 12:04:33,045 - INFO - *******GROWING CR RULE*******
2026-04-14 12:04:33,048 - INFO - Iteracja 0: condition_best: average_temperature >= 48.50, quality_best: 0.648, coverage_best: (p=20, n=4, P=20, N=18)
2026-04-14 12:04:33,048 - INFO - Regula po iteracji 0: IF average_temperature >= 48.50 THEN class = {25.54} [16.67, 34.41], (p=20, n=4, P=20, N=18)
2026-04-14 12:04:33,050 - INFO - Iteracja 1: condition_best: None, quality_best: -inf, coverage_best: (p=0, n=0, P=0, N=0)
2026-04-14 12:04:33,050 - INFO - Regula po iteracji 1: IF average_temperature >= 48.50 THEN class = {25.54} [16.67, 34.41], (p=20, n=4, P=20, N=18)
2026-04-14 12:04:33,050 - INFO - *******STOP GROWING CR RULE*******
2026-04-14 12:04:33,051 - INFO - *******GROWING CR RULE*******
2026-04-14 12:04:33,054 - INFO - Iteracja 0: condition_best: average_temperature <= 55.50, quality_best: 0.648, coverage_best: (p=14, n=4, P=14, N=24)
2026-04-14 12:04:33,054 - INFO - Regula po iteracji 0: IF average_temperature <= 55.50 THEN class = {62.33} [39.02, 85.64], (p=14, n=4, P=14, N=24)
2026-04-14 12:04:33,056 - INFO - Iteracja 1: condition_best: average_temperature >= 25.00, quality_best: 0.721, coverage_best: (p=14, n=3, P=14, N=24)
2026-04-14 12:04:33,056 - INFO - Regula po iteracji 1: IF average_temperature <= 55.50 AND average_temperature >= 25.00 THEN class = {60.03} [38.11, 81.96], (p=14, n=3, P=14, N=24)
2026-04-14 12:04:33,057 - INFO - Iteracja 2: condition_best: average_temperature >= 39.50, quality_best: 0.697, coverage_best: (p=8, n=2, P=9, N=29)
2026-04-14 12:04:33,057 - INFO - Regula po iteracji 2: IF average_temperature <= 55.50 AND average_temperature >= 25.00 AND average_temperature >= 39.50 THEN class = {46.66} [32.57, 60.76], (p=8, n=2, P=9, N=29)
2026-04-14 12:04:33,059 - INFO - Iteracja 3: condition_best: average_temperature <= 54.50, quality_best: 0.807, coverage_best: (p=8, n=1, P=9, N=29)
2026-04-14 12:04:33,059 - INFO - Regula po iteracji 3: IF average_temperature <= 55.50 AND average_temperature >= 25.00 AND average_temperature >= 39.50 AND average_temperature <= 54.50 THEN class = {49.70} [38.36, 61.04], (p=8, n=1, P=9, N=29)
2026-04-14 12:04:33,060 - INFO - Iteracja 4: condition_best: average_temperature <= 48.50, quality_best: 0.608, coverage_best: (p=5, n=1, P=9, N=29)
2026-04-14 12:04:33,060 - INFO - Regula po iteracji 4: IF average_temperature <= 55.50 AND average_temperature >= 25.00 AND average_temperature >= 39.50 AND average_temperature <= 54.50 AND average_temperature <= 48.50 THEN class = {52.03} [39.06, 65.00], (p=5, n=1, P=9, N=29)
2026-04-14 12:04:33,060 - INFO - *******STOP GROWING CR RULE*******
2026-04-14 12:04:33,060 - INFO - *******GROWING CR RULE*******
2026-04-14 12:04:33,064 - INFO - Iteracja 0: condition_best: average_temperature <= 55.50, quality_best: 0.648, coverage_best: (p=14, n=4, P=14, N=24)
2026-04-14 12:04:33,064 - INFO - Regula po iteracji 0: IF average_temperature <= 55.50 THEN class = {62.33} [39.02, 85.64], (p=14, n=4, P=14, N=24)
2026-04-14 12:04:33,065 - INFO - Iteracja 1: condition_best: average_temperature >= 25.00, quality_best: 0.721, coverage_best: (p=14, n=3, P=14, N=24)
2026-04-14 12:04:33,065 - INFO - Regula po iteracji 1: IF average_temperature <= 55.50 AND average_temperature >= 25.00 THEN class = {60.03} [38.11, 81.96], (p=14, n=3, P=14, N=24)
2026-04-14 12:04:33,067 - INFO - Iteracja 2: condition_best: average_temperature <= 54.50, quality_best: 0.635, coverage_best: (p=12, n=4, P=12, N=26)
2026-04-14 12:04:33,067 - INFO - Regula po iteracji 2: IF average_temperature <= 55.50 AND average_temperature >= 25.00 AND average_temperature <= 54.50 THEN class = {62.58} [42.56, 82.60], (p=12, n=4, P=12, N=26)
2026-04-14 12:04:33,069 - INFO - Iteracja 3: condition_best: average_temperature <= 51.50, quality_best: 0.612, coverage_best: (p=10, n=4, P=10, N=28)
2026-04-14 12:04:33,069 - INFO - Regula po iteracji 3: IF average_temperature <= 55.50 AND average_temperature >= 25.00 AND average_temperature <= 54.50 AND average_temperature <= 51.50 THEN class = {65.48} [45.72, 85.24], (p=10, n=4, P=10, N=28)
2026-04-14 12:04:33,070 - INFO - Iteracja 4: condition_best: average_temperature >= 29.00, quality_best: 0.597, coverage_best: (p=9, n=4, P=9, N=29)
2026-04-14 12:04:33,070 - INFO - Regula po iteracji 4: IF average_temperature <= 55.50 AND average_temperature >= 25.00 AND average_temperature <= 54.50 AND average_temperature <= 51.50 AND average_temperature >= 29.00 THEN class = {62.85} [44.86, 80.84], (p=9, n=4, P=9, N=29)
2026-04-14 12:04:33,071 - INFO - *******STOP GROWING CR RULE*******
2026-04-14 12:04:33,071 - INFO - *******GROWING CR RULE*******
2026-04-14 12:04:33,074 - INFO - Iteracja 0: condition_best: average_temperature <= 29.00, quality_best: 1.0, coverage_best: (p=2, n=0, P=2, N=36)
2026-04-14 12:04:33,074 - INFO - Regula po iteracji 0: IF average_temperature <= 29.00 THEN class = {100.48} [99.67, 101.30], (p=2, n=0, P=2, N=36)
2026-04-14 12:04:33,075 - INFO - Iteracja 1: condition_best: month = {1}, quality_best: 1.0, coverage_best: (p=1, n=0, P=1, N=37)
2026-04-14 12:04:33,075 - INFO - Regula po iteracji 1: IF average_temperature <= 29.00 AND month = {1} THEN class = {101.30} [101.30, 101.30], (p=1, n=0, P=1, N=37)
2026-04-14 12:04:33,075 - INFO - Iteracja 2: condition_best: None, quality_best: -inf, coverage_best: (p=0, n=0, P=0, N=0)
2026-04-14 12:04:33,075 - INFO - Regula po iteracji 2: IF average_temperature <= 29.00 AND month = {1} THEN class = {101.30} [101.30, 101.30], (p=1, n=0, P=1, N=37)
2026-04-14 12:04:33,075 - INFO - *******STOP GROWING CR RULE*******
2026-04-14 12:04:33,075 - INFO - *******GROWING CR RULE*******
2026-04-14 12:04:33,078 - INFO - Iteracja 0: condition_best: average_temperature <= 29.00, quality_best: 1.0, coverage_best: (p=2, n=0, P=2, N=36)
2026-04-14 12:04:33,078 - INFO - Regula po iteracji 0: IF average_temperature <= 29.00 THEN class = {100.48} [99.67, 101.30], (p=2, n=0, P=2, N=36)
2026-04-14 12:04:33,079 - INFO - Iteracja 1: condition_best: month = {1}, quality_best: 1.0, coverage_best: (p=1, n=0, P=1, N=37)
2026-04-14 12:04:33,079 - INFO - Regula po iteracji 1: IF average_temperature <= 29.00 AND month = {1} THEN class = {101.30} [101.30, 101.30], (p=1, n=0, P=1, N=37)
2026-04-14 12:04:33,079 - INFO - Iteracja 2: condition_best: None, quality_best: -inf, coverage_best: (p=0, n=0, P=0, N=0)
2026-04-14 12:04:33,079 - INFO - Regula po iteracji 2: IF average_temperature <= 29.00 AND month = {1} THEN class = {101.30} [101.30, 101.30], (p=1, n=0, P=1, N=37)
2026-04-14 12:04:33,079 - INFO - *******STOP GROWING CR RULE*******
2026-04-14 12:04:33,084 - INFO - ************************Finished experiment for elusage.arff with algorithm_rer************************
2026-04-14 12:04:33,084 - INFO - *************************************************************************************************************************
2026-04-14 12:04:33,084 - INFO - *************************************************************************************************************************
2026-04-14 12:04:33,084 - INFO - *************************************************************************************************************************
2026-04-14 12:04:33,085 - INFO - **********Starting experiment for elusage.arff with algorithm_rer_with_exceptions**********
2026-04-14 12:04:33,088 - INFO - *******GROWING CR RULE*******
2026-04-14 12:04:33,093 - INFO - Iteracja 0: condition_best: average_temperature >= 48.50, quality_best: 0.648, coverage_best: (p=20, n=4, P=20, N=18)
2026-04-14 12:04:33,093 - INFO - Regula po iteracji 0: IF average_temperature >= 48.50 THEN class = {25.54} [16.67, 34.41], (p=20, n=4, P=20, N=18)
2026-04-14 12:04:33,093 - INFO - *****GROWING RR RULE*****
2026-04-14 12:04:33,099 - INFO - Iteracja 0: condition_best: None, quality_best: -inf, coverage_best: (p=0, n=0, P=0, N=0), p_value: 0
2026-04-14 12:04:33,099 - INFO - Regula po iteracji 0: IF  THEN class = {41.59} [15.93, 67.24], (p=29, n=9, P=29, N=9)
2026-04-14 12:04:33,100 - INFO - *****STOP GROWING RR RULE*****
2026-04-14 12:04:33,100 - INFO - ***RR NOT FOUND***
2026-04-14 12:04:33,102 - INFO - Iteracja 1: condition_best: average_temperature <= 78.00, quality_best: 0.617, coverage_best: (p=19, n=4, P=20, N=18)
2026-04-14 12:04:33,102 - INFO - Regula po iteracji 1: IF average_temperature >= 48.50 AND average_temperature <= 78.00 THEN class = {25.87} [16.96, 34.79], (p=19, n=4, P=20, N=18)
2026-04-14 12:04:33,102 - INFO - *****GROWING RR RULE*****
2026-04-14 12:04:33,108 - INFO - Iteracja 0: condition_best: None, quality_best: -inf, coverage_best: (p=0, n=0, P=0, N=0), p_value: 0
2026-04-14 12:04:33,108 - INFO - Regula po iteracji 0: IF  THEN class = {41.59} [15.93, 67.24], (p=29, n=9, P=29, N=9)
2026-04-14 12:04:33,108 - INFO - *****STOP GROWING RR RULE*****
2026-04-14 12:04:33,108 - INFO - ***RR NOT FOUND***
2026-04-14 12:04:33,110 - INFO - Iteracja 2: condition_best: average_temperature <= 74.50, quality_best: 0.553, coverage_best: (p=16, n=4, P=19, N=19)
2026-04-14 12:04:33,110 - INFO - Regula po iteracji 2: IF average_temperature >= 48.50 AND average_temperature <= 78.00 AND average_temperature <= 74.50 THEN class = {26.48} [17.16, 35.80], (p=16, n=4, P=19, N=19)
2026-04-14 12:04:33,111 - INFO - *****GROWING RR RULE*****
2026-04-14 12:04:33,116 - INFO - Iteracja 0: condition_best: None, quality_best: -inf, coverage_best: (p=0, n=0, P=0, N=0), p_value: 0
2026-04-14 12:04:33,117 - INFO - Regula po iteracji 0: IF  THEN class = {41.59} [15.93, 67.24], (p=29, n=9, P=29, N=9)
2026-04-14 12:04:33,117 - INFO - *****STOP GROWING RR RULE*****
2026-04-14 12:04:33,117 - INFO - ***RR NOT FOUND***
2026-04-14 12:04:33,119 - INFO - Iteracja 3: condition_best: average_temperature >= 51.50, quality_best: 0.55, coverage_best: (p=15, n=4, P=18, N=20)
2026-04-14 12:04:33,119 - INFO - Regula po iteracji 3: IF average_temperature >= 48.50 AND average_temperature <= 78.00 AND average_temperature <= 74.50 AND average_temperature >= 51.50 THEN class = {25.21} [17.51, 32.90], (p=15, n=4, P=18, N=20)
2026-04-14 12:04:33,119 - INFO - *****GROWING RR RULE*****
2026-04-14 12:04:33,125 - INFO - Iteracja 0: condition_best: None, quality_best: -inf, coverage_best: (p=0, n=0, P=0, N=0), p_value: 0
2026-04-14 12:04:33,125 - INFO - Regula po iteracji 0: IF  THEN class = {41.59} [15.93, 67.24], (p=29, n=9, P=29, N=9)
2026-04-14 12:04:33,125 - INFO - *****STOP GROWING RR RULE*****
2026-04-14 12:04:33,125 - INFO - ***RR NOT FOUND***
2026-04-14 12:04:33,127 - INFO - Iteracja 4: condition_best: average_temperature <= 71.50, quality_best: 0.531, coverage_best: (p=11, n=3, P=16, N=22)
2026-04-14 12:04:33,127 - INFO - Regula po iteracji 4: IF average_temperature >= 48.50 AND average_temperature <= 78.00 AND average_temperature <= 74.50 AND average_temperature >= 51.50 AND average_temperature <= 71.50 THEN class = {26.76} [19.29, 34.23], (p=11, n=3, P=16, N=22)
2026-04-14 12:04:33,128 - INFO - *****GROWING RR RULE*****
2026-04-14 12:04:33,134 - INFO - Iteracja 0: condition_best: None, quality_best: -inf, coverage_best: (p=0, n=0, P=0, N=0), p_value: 0
2026-04-14 12:04:33,134 - INFO - Regula po iteracji 0: IF  THEN class = {41.59} [15.93, 67.24], (p=29, n=9, P=29, N=9)
2026-04-14 12:04:33,134 - INFO - *****STOP GROWING RR RULE*****
2026-04-14 12:04:33,134 - INFO - ***RR NOT FOUND***
2026-04-14 12:04:33,134 - INFO - *******STOP GROWING CR RULE*******
2026-04-14 12:04:33,134 - INFO - *******GROWING CR RULE*******
2026-04-14 12:04:33,138 - INFO - Iteracja 0: condition_best: average_temperature >= 48.50, quality_best: 0.648, coverage_best: (p=20, n=4, P=20, N=18)
2026-04-14 12:04:33,138 - INFO - Regula po iteracji 0: IF average_temperature >= 48.50 THEN class = {25.54} [16.67, 34.41], (p=20, n=4, P=20, N=18)
2026-04-14 12:04:33,138 - INFO - *****GROWING RR RULE*****
2026-04-14 12:04:33,144 - INFO - Iteracja 0: condition_best: None, quality_best: -inf, coverage_best: (p=0, n=0, P=0, N=0), p_value: 0
2026-04-14 12:04:33,144 - INFO - Regula po iteracji 0: IF  THEN class = {41.59} [15.93, 67.24], (p=29, n=9, P=29, N=9)
2026-04-14 12:04:33,144 - INFO - *****STOP GROWING RR RULE*****
2026-04-14 12:04:33,144 - INFO - ***RR NOT FOUND***
2026-04-14 12:04:33,146 - INFO - Iteracja 1: condition_best: average_temperature <= 78.00, quality_best: 0.617, coverage_best: (p=19, n=4, P=20, N=18)
2026-04-14 12:04:33,146 - INFO - Regula po iteracji 1: IF average_temperature >= 48.50 AND average_temperature <= 78.00 THEN class = {25.87} [16.96, 34.79], (p=19, n=4, P=20, N=18)
2026-04-14 12:04:33,146 - INFO - *****GROWING RR RULE*****
2026-04-14 12:04:33,152 - INFO - Iteracja 0: condition_best: None, quality_best: -inf, coverage_best: (p=0, n=0, P=0, N=0), p_value: 0
2026-04-14 12:04:33,152 - INFO - Regula po iteracji 0: IF  THEN class = {41.59} [15.93, 67.24], (p=29, n=9, P=29, N=9)
2026-04-14 12:04:33,152 - INFO - *****STOP GROWING RR RULE*****
2026-04-14 12:04:33,152 - INFO - ***RR NOT FOUND***
2026-04-14 12:04:33,154 - INFO - Iteracja 2: condition_best: average_temperature <= 74.50, quality_best: 0.553, coverage_best: (p=16, n=4, P=19, N=19)
2026-04-14 12:04:33,155 - INFO - Regula po iteracji 2: IF average_temperature >= 48.50 AND average_temperature <= 78.00 AND average_temperature <= 74.50 THEN class = {26.48} [17.16, 35.80], (p=16, n=4, P=19, N=19)
2026-04-14 12:04:33,155 - INFO - *****GROWING RR RULE*****
2026-04-14 12:04:33,161 - INFO - Iteracja 0: condition_best: None, quality_best: -inf, coverage_best: (p=0, n=0, P=0, N=0), p_value: 0
2026-04-14 12:04:33,161 - INFO - Regula po iteracji 0: IF  THEN class = {41.59} [15.93, 67.24], (p=29, n=9, P=29, N=9)
2026-04-14 12:04:33,161 - INFO - *****STOP GROWING RR RULE*****
2026-04-14 12:04:33,161 - INFO - ***RR NOT FOUND***
2026-04-14 12:04:33,163 - INFO - Iteracja 3: condition_best: average_temperature >= 51.50, quality_best: 0.55, coverage_best: (p=15, n=4, P=18, N=20)
2026-04-14 12:04:33,163 - INFO - Regula po iteracji 3: IF average_temperature >= 48.50 AND average_temperature <= 78.00 AND average_temperature <= 74.50 AND average_temperature >= 51.50 THEN class = {25.21} [17.51, 32.90], (p=15, n=4, P=18, N=20)
2026-04-14 12:04:33,163 - INFO - *****GROWING RR RULE*****
2026-04-14 12:04:33,169 - INFO - Iteracja 0: condition_best: None, quality_best: -inf, coverage_best: (p=0, n=0, P=0, N=0), p_value: 0
2026-04-14 12:04:33,169 - INFO - Regula po iteracji 0: IF  THEN class = {41.59} [15.93, 67.24], (p=29, n=9, P=29, N=9)
2026-04-14 12:04:33,169 - INFO - *****STOP GROWING RR RULE*****
2026-04-14 12:04:33,169 - INFO - ***RR NOT FOUND***
2026-04-14 12:04:33,171 - INFO - Iteracja 4: condition_best: average_temperature >= 54.50, quality_best: 0.496, coverage_best: (p=12, n=5, P=14, N=24)
2026-04-14 12:04:33,171 - INFO - Regula po iteracji 4: IF average_temperature >= 48.50 AND average_temperature <= 78.00 AND average_temperature <= 74.50 AND average_temperature >= 51.50 AND average_temperature >= 54.50 THEN class = {23.20} [17.93, 28.47], (p=12, n=5, P=14, N=24)
2026-04-14 12:04:33,172 - INFO - *****GROWING RR RULE*****
2026-04-14 12:04:33,178 - INFO - Iteracja 0: condition_best: None, quality_best: -inf, coverage_best: (p=0, n=0, P=0, N=0), p_value: 0
2026-04-14 12:04:33,178 - INFO - Regula po iteracji 0: IF  THEN class = {41.59} [15.93, 67.24], (p=29, n=9, P=29, N=9)
2026-04-14 12:04:33,178 - INFO - *****STOP GROWING RR RULE*****
2026-04-14 12:04:33,178 - INFO - ***RR NOT FOUND***
2026-04-14 12:04:33,178 - INFO - *******STOP GROWING CR RULE*******
2026-04-14 12:04:33,178 - INFO - *******GROWING CR RULE*******
2026-04-14 12:04:33,182 - INFO - Iteracja 0: condition_best: average_temperature >= 48.50, quality_best: 0.648, coverage_best: (p=20, n=4, P=20, N=18)
2026-04-14 12:04:33,182 - INFO - Regula po iteracji 0: IF average_temperature >= 48.50 THEN class = {25.54} [16.67, 34.41], (p=20, n=4, P=20, N=18)
2026-04-14 12:04:33,182 - INFO - *****GROWING RR RULE*****
2026-04-14 12:04:33,188 - INFO - Iteracja 0: condition_best: None, quality_best: -inf, coverage_best: (p=0, n=0, P=0, N=0), p_value: 0
2026-04-14 12:04:33,188 - INFO - Regula po iteracji 0: IF  THEN class = {41.59} [15.93, 67.24], (p=29, n=9, P=29, N=9)
2026-04-14 12:04:33,188 - INFO - *****STOP GROWING RR RULE*****
2026-04-14 12:04:33,188 - INFO - ***RR NOT FOUND***
2026-04-14 12:04:33,190 - INFO - Iteracja 1: condition_best: None, quality_best: -inf, coverage_best: (p=0, n=0, P=0, N=0)
2026-04-14 12:04:33,190 - INFO - Regula po iteracji 1: IF average_temperature >= 48.50 THEN class = {25.54} [16.67, 34.41], (p=20, n=4, P=20, N=18)
2026-04-14 12:04:33,190 - INFO - *******STOP GROWING CR RULE*******
2026-04-14 12:04:33,190 - INFO - *******GROWING CR RULE*******
2026-04-14 12:04:33,193 - INFO - Iteracja 0: condition_best: average_temperature <= 55.50, quality_best: 0.648, coverage_best: (p=14, n=4, P=14, N=24)
2026-04-14 12:04:33,194 - INFO - Regula po iteracji 0: IF average_temperature <= 55.50 THEN class = {62.33} [39.02, 85.64], (p=14, n=4, P=14, N=24)
2026-04-14 12:04:33,194 - INFO - *****GROWING RR RULE*****
2026-04-14 12:04:33,200 - INFO - Iteracja 0: condition_best: None, quality_best: -inf, coverage_best: (p=0, n=0, P=0, N=0), p_value: 0
2026-04-14 12:04:33,200 - INFO - Regula po iteracji 0: IF  THEN class = {41.59} [15.93, 67.24], (p=29, n=9, P=29, N=9)
2026-04-14 12:04:33,200 - INFO - *****STOP GROWING RR RULE*****
2026-04-14 12:04:33,200 - INFO - ***RR NOT FOUND***
2026-04-14 12:04:33,202 - INFO - Iteracja 1: condition_best: average_temperature >= 25.00, quality_best: 0.721, coverage_best: (p=14, n=3, P=14, N=24)
2026-04-14 12:04:33,202 - INFO - Regula po iteracji 1: IF average_temperature <= 55.50 AND average_temperature >= 25.00 THEN class = {60.03} [38.11, 81.96], (p=14, n=3, P=14, N=24)
2026-04-14 12:04:33,202 - INFO - *****GROWING RR RULE*****
2026-04-14 12:04:33,208 - INFO - Iteracja 0: condition_best: None, quality_best: -inf, coverage_best: (p=0, n=0, P=0, N=0), p_value: 0
2026-04-14 12:04:33,208 - INFO - Regula po iteracji 0: IF  THEN class = {41.59} [15.93, 67.24], (p=29, n=9, P=29, N=9)
2026-04-14 12:04:33,208 - INFO - *****STOP GROWING RR RULE*****
2026-04-14 12:04:33,208 - INFO - ***RR NOT FOUND***
2026-04-14 12:04:33,210 - INFO - Iteracja 2: condition_best: average_temperature >= 39.50, quality_best: 0.697, coverage_best: (p=8, n=2, P=9, N=29)
2026-04-14 12:04:33,210 - INFO - Regula po iteracji 2: IF average_temperature <= 55.50 AND average_temperature >= 25.00 AND average_temperature >= 39.50 THEN class = {46.66} [32.57, 60.76], (p=8, n=2, P=9, N=29)
2026-04-14 12:04:33,210 - INFO - *****GROWING RR RULE*****
2026-04-14 12:04:33,216 - INFO - Iteracja 0: condition_best: None, quality_best: -inf, coverage_best: (p=0, n=0, P=0, N=0), p_value: 0
2026-04-14 12:04:33,216 - INFO - Regula po iteracji 0: IF  THEN class = {41.59} [15.93, 67.24], (p=29, n=9, P=29, N=9)
2026-04-14 12:04:33,216 - INFO - *****STOP GROWING RR RULE*****
2026-04-14 12:04:33,216 - INFO - ***RR NOT FOUND***
2026-04-14 12:04:33,218 - INFO - Iteracja 3: condition_best: average_temperature <= 54.50, quality_best: 0.807, coverage_best: (p=8, n=1, P=9, N=29)
2026-04-14 12:04:33,218 - INFO - Regula po iteracji 3: IF average_temperature <= 55.50 AND average_temperature >= 25.00 AND average_temperature >= 39.50 AND average_temperature <= 54.50 THEN class = {49.70} [38.36, 61.04], (p=8, n=1, P=9, N=29)
2026-04-14 12:04:33,218 - INFO - *****GROWING RR RULE*****
2026-04-14 12:04:33,224 - INFO - Iteracja 0: condition_best: None, quality_best: -inf, coverage_best: (p=0, n=0, P=0, N=0), p_value: 0
2026-04-14 12:04:33,224 - INFO - Regula po iteracji 0: IF  THEN class = {41.59} [15.93, 67.24], (p=29, n=9, P=29, N=9)
2026-04-14 12:04:33,224 - INFO - *****STOP GROWING RR RULE*****
2026-04-14 12:04:33,224 - INFO - ***RR NOT FOUND***
2026-04-14 12:04:33,225 - INFO - Iteracja 4: condition_best: average_temperature <= 48.50, quality_best: 0.608, coverage_best: (p=5, n=1, P=9, N=29)
2026-04-14 12:04:33,225 - INFO - Regula po iteracji 4: IF average_temperature <= 55.50 AND average_temperature >= 25.00 AND average_temperature >= 39.50 AND average_temperature <= 54.50 AND average_temperature <= 48.50 THEN class = {52.03} [39.06, 65.00], (p=5, n=1, P=9, N=29)
2026-04-14 12:04:33,226 - INFO - *****GROWING RR RULE*****
2026-04-14 12:04:33,232 - INFO - Iteracja 0: condition_best: None, quality_best: -inf, coverage_best: (p=0, n=0, P=0, N=0), p_value: 0
2026-04-14 12:04:33,232 - INFO - Regula po iteracji 0: IF  THEN class = {41.59} [15.93, 67.24], (p=29, n=9, P=29, N=9)
2026-04-14 12:04:33,232 - INFO - *****STOP GROWING RR RULE*****
2026-04-14 12:04:33,232 - INFO - ***RR NOT FOUND***
2026-04-14 12:04:33,232 - INFO - *******STOP GROWING CR RULE*******
2026-04-14 12:04:33,233 - INFO - *******GROWING CR RULE*******
2026-04-14 12:04:33,236 - INFO - Iteracja 0: condition_best: average_temperature <= 55.50, quality_best: 0.648, coverage_best: (p=14, n=4, P=14, N=24)
2026-04-14 12:04:33,236 - INFO - Regula po iteracji 0: IF average_temperature <= 55.50 THEN class = {62.33} [39.02, 85.64], (p=14, n=4, P=14, N=24)
2026-04-14 12:04:33,236 - INFO - *****GROWING RR RULE*****
2026-04-14 12:04:33,242 - INFO - Iteracja 0: condition_best: None, quality_best: -inf, coverage_best: (p=0, n=0, P=0, N=0), p_value: 0
2026-04-14 12:04:33,242 - INFO - Regula po iteracji 0: IF  THEN class = {41.59} [15.93, 67.24], (p=29, n=9, P=29, N=9)
2026-04-14 12:04:33,242 - INFO - *****STOP GROWING RR RULE*****
2026-04-14 12:04:33,242 - INFO - ***RR NOT FOUND***
2026-04-14 12:04:33,244 - INFO - Iteracja 1: condition_best: average_temperature >= 25.00, quality_best: 0.721, coverage_best: (p=14, n=3, P=14, N=24)
2026-04-14 12:04:33,244 - INFO - Regula po iteracji 1: IF average_temperature <= 55.50 AND average_temperature >= 25.00 THEN class = {60.03} [38.11, 81.96], (p=14, n=3, P=14, N=24)
2026-04-14 12:04:33,244 - INFO - *****GROWING RR RULE*****
2026-04-14 12:04:33,250 - INFO - Iteracja 0: condition_best: None, quality_best: -inf, coverage_best: (p=0, n=0, P=0, N=0), p_value: 0
2026-04-14 12:04:33,250 - INFO - Regula po iteracji 0: IF  THEN class = {41.59} [15.93, 67.24], (p=29, n=9, P=29, N=9)
2026-04-14 12:04:33,250 - INFO - *****STOP GROWING RR RULE*****
2026-04-14 12:04:33,250 - INFO - ***RR NOT FOUND***
2026-04-14 12:04:33,252 - INFO - Iteracja 2: condition_best: average_temperature <= 54.50, quality_best: 0.635, coverage_best: (p=12, n=4, P=12, N=26)
2026-04-14 12:04:33,252 - INFO - Regula po iteracji 2: IF average_temperature <= 55.50 AND average_temperature >= 25.00 AND average_temperature <= 54.50 THEN class = {62.58} [42.56, 82.60], (p=12, n=4, P=12, N=26)
2026-04-14 12:04:33,252 - INFO - *****GROWING RR RULE*****
2026-04-14 12:04:33,258 - INFO - Iteracja 0: condition_best: None, quality_best: -inf, coverage_best: (p=0, n=0, P=0, N=0), p_value: 0
2026-04-14 12:04:33,258 - INFO - Regula po iteracji 0: IF  THEN class = {41.59} [15.93, 67.24], (p=29, n=9, P=29, N=9)
2026-04-14 12:04:33,258 - INFO - *****STOP GROWING RR RULE*****
2026-04-14 12:04:33,258 - INFO - ***RR NOT FOUND***
2026-04-14 12:04:33,260 - INFO - Iteracja 3: condition_best: average_temperature <= 51.50, quality_best: 0.612, coverage_best: (p=10, n=4, P=10, N=28)
2026-04-14 12:04:33,260 - INFO - Regula po iteracji 3: IF average_temperature <= 55.50 AND average_temperature >= 25.00 AND average_temperature <= 54.50 AND average_temperature <= 51.50 THEN class = {65.48} [45.72, 85.24], (p=10, n=4, P=10, N=28)
2026-04-14 12:04:33,260 - INFO - *****GROWING RR RULE*****
2026-04-14 12:04:33,266 - INFO - Iteracja 0: condition_best: None, quality_best: -inf, coverage_best: (p=0, n=0, P=0, N=0), p_value: 0
2026-04-14 12:04:33,267 - INFO - Regula po iteracji 0: IF  THEN class = {41.59} [15.93, 67.24], (p=29, n=9, P=29, N=9)
2026-04-14 12:04:33,267 - INFO - *****STOP GROWING RR RULE*****
2026-04-14 12:04:33,267 - INFO - ***RR NOT FOUND***
2026-04-14 12:04:33,268 - INFO - Iteracja 4: condition_best: average_temperature >= 29.00, quality_best: 0.597, coverage_best: (p=9, n=4, P=9, N=29)
2026-04-14 12:04:33,268 - INFO - Regula po iteracji 4: IF average_temperature <= 55.50 AND average_temperature >= 25.00 AND average_temperature <= 54.50 AND average_temperature <= 51.50 AND average_temperature >= 29.00 THEN class = {62.85} [44.86, 80.84], (p=9, n=4, P=9, N=29)
2026-04-14 12:04:33,269 - INFO - *****GROWING RR RULE*****
2026-04-14 12:04:33,275 - INFO - Iteracja 0: condition_best: None, quality_best: -inf, coverage_best: (p=0, n=0, P=0, N=0), p_value: 0
2026-04-14 12:04:33,275 - INFO - Regula po iteracji 0: IF  THEN class = {41.59} [15.93, 67.24], (p=29, n=9, P=29, N=9)
2026-04-14 12:04:33,275 - INFO - *****STOP GROWING RR RULE*****
2026-04-14 12:04:33,275 - INFO - ***RR NOT FOUND***
2026-04-14 12:04:33,275 - INFO - *******STOP GROWING CR RULE*******
2026-04-14 12:04:33,275 - INFO - *******GROWING CR RULE*******
2026-04-14 12:04:33,278 - INFO - Iteracja 0: condition_best: average_temperature <= 29.00, quality_best: 1.0, coverage_best: (p=2, n=0, P=2, N=36)
2026-04-14 12:04:33,278 - INFO - Regula po iteracji 0: IF average_temperature <= 29.00 THEN class = {100.48} [99.67, 101.30], (p=2, n=0, P=2, N=36)
2026-04-14 12:04:33,279 - INFO - *****GROWING RR RULE*****
2026-04-14 12:04:33,285 - INFO - Iteracja 0: condition_best: None, quality_best: -inf, coverage_best: (p=0, n=0, P=0, N=0), p_value: 0
2026-04-14 12:04:33,285 - INFO - Regula po iteracji 0: IF  THEN class = {41.59} [15.93, 67.24], (p=29, n=9, P=29, N=9)
2026-04-14 12:04:33,285 - INFO - *****STOP GROWING RR RULE*****
2026-04-14 12:04:33,285 - INFO - ***RR NOT FOUND***
2026-04-14 12:04:33,285 - INFO - Iteracja 1: condition_best: month = {1}, quality_best: 1.0, coverage_best: (p=1, n=0, P=1, N=37)
2026-04-14 12:04:33,285 - INFO - Regula po iteracji 1: IF average_temperature <= 29.00 AND month = {1} THEN class = {101.30} [101.30, 101.30], (p=1, n=0, P=1, N=37)
2026-04-14 12:04:33,286 - INFO - *****GROWING RR RULE*****
2026-04-14 12:04:33,292 - INFO - Iteracja 0: condition_best: None, quality_best: -inf, coverage_best: (p=0, n=0, P=0, N=0), p_value: 0
2026-04-14 12:04:33,292 - INFO - Regula po iteracji 0: IF  THEN class = {41.59} [15.93, 67.24], (p=29, n=9, P=29, N=9)
2026-04-14 12:04:33,292 - INFO - *****STOP GROWING RR RULE*****
2026-04-14 12:04:33,292 - INFO - ***RR NOT FOUND***
2026-04-14 12:04:33,292 - INFO - Iteracja 2: condition_best: None, quality_best: -inf, coverage_best: (p=0, n=0, P=0, N=0)
2026-04-14 12:04:33,292 - INFO - Regula po iteracji 2: IF average_temperature <= 29.00 AND month = {1} THEN class = {101.30} [101.30, 101.30], (p=1, n=0, P=1, N=37)
2026-04-14 12:04:33,292 - INFO - *******STOP GROWING CR RULE*******
2026-04-14 12:04:33,292 - INFO - *******GROWING CR RULE*******
2026-04-14 12:04:33,295 - INFO - Iteracja 0: condition_best: average_temperature <= 29.00, quality_best: 1.0, coverage_best: (p=2, n=0, P=2, N=36)
2026-04-14 12:04:33,296 - INFO - Regula po iteracji 0: IF average_temperature <= 29.00 THEN class = {100.48} [99.67, 101.30], (p=2, n=0, P=2, N=36)
2026-04-14 12:04:33,296 - INFO - *****GROWING RR RULE*****
2026-04-14 12:04:33,302 - INFO - Iteracja 0: condition_best: None, quality_best: -inf, coverage_best: (p=0, n=0, P=0, N=0), p_value: 0
2026-04-14 12:04:33,302 - INFO - Regula po iteracji 0: IF  THEN class = {41.59} [15.93, 67.24], (p=29, n=9, P=29, N=9)
2026-04-14 12:04:33,302 - INFO - *****STOP GROWING RR RULE*****
2026-04-14 12:04:33,302 - INFO - ***RR NOT FOUND***
2026-04-14 12:04:33,302 - INFO - Iteracja 1: condition_best: month = {1}, quality_best: 1.0, coverage_best: (p=1, n=0, P=1, N=37)
2026-04-14 12:04:33,303 - INFO - Regula po iteracji 1: IF average_temperature <= 29.00 AND month = {1} THEN class = {101.30} [101.30, 101.30], (p=1, n=0, P=1, N=37)
2026-04-14 12:04:33,303 - INFO - *****GROWING RR RULE*****
2026-04-14 12:04:33,309 - INFO - Iteracja 0: condition_best: None, quality_best: -inf, coverage_best: (p=0, n=0, P=0, N=0), p_value: 0
2026-04-14 12:04:33,309 - INFO - Regula po iteracji 0: IF  THEN class = {41.59} [15.93, 67.24], (p=29, n=9, P=29, N=9)
2026-04-14 12:04:33,309 - INFO - *****STOP GROWING RR RULE*****
2026-04-14 12:04:33,309 - INFO - ***RR NOT FOUND***
2026-04-14 12:04:33,309 - INFO - Iteracja 2: condition_best: None, quality_best: -inf, coverage_best: (p=0, n=0, P=0, N=0)
2026-04-14 12:04:33,309 - INFO - Regula po iteracji 2: IF average_temperature <= 29.00 AND month = {1} THEN class = {101.30} [101.30, 101.30], (p=1, n=0, P=1, N=37)
2026-04-14 12:04:33,309 - INFO - *******STOP GROWING CR RULE*******
2026-04-14 12:04:33,315 - INFO - ************************Finished experiment for elusage.arff with algorithm_rer_with_exceptions************************
2026-04-14 12:04:33,315 - INFO - *************************************************************************************************************************
2026-04-14 12:04:33,315 - INFO - *************************************************************************************************************************
2026-04-14 12:04:33,315 - INFO - *************************************************************************************************************************
2026-04-14 12:04:33,315 - INFO - **********Starting experiment for elusage.arff with decision_tree**********
2026-04-14 12:04:33,330 - INFO - ************************Finished experiment for elusage.arff with decision_tree************************
2026-04-14 12:04:33,330 - INFO - *************************************************************************************************************************
2026-04-14 12:04:33,330 - INFO - *************************************************************************************************************************
2026-04-14 12:04:33,330 - INFO - *************************************************************************************************************************
