2026-04-14 12:05:24,405 - INFO - **********Starting experiment for elusage.arff with algorithm**********
2026-04-14 12:05:24,408 - INFO - *******GROWING CR RULE*******
2026-04-14 12:05:24,414 - INFO - Iteracja 0: condition_best: average_temperature >= 50.00, quality_best: 0.694, coverage_best: (p=26, n=5, P=26, N=29)
2026-04-14 12:05:24,414 - INFO - Regula po iteracji 0: IF average_temperature >= 50.00 THEN class = {26.77} [16.81, 36.73], (p=26, n=5, P=26, N=29)
2026-04-14 12:05:24,414 - INFO - *****GROWING RR RULE*****
2026-04-14 12:05:24,421 - INFO - Iteracja 0: condition_best: None, quality_best: -inf, coverage_best: (p=0, n=0, P=0, N=0), p_value: 0
2026-04-14 12:05:24,421 - INFO - Regula po iteracji 0: IF  THEN class = {43.28} [19.49, 67.06], (p=39, n=16, P=39, N=16)
2026-04-14 12:05:24,421 - INFO - *****STOP GROWING RR RULE*****
2026-04-14 12:05:24,421 - INFO - ***RR NOT FOUND***
2026-04-14 12:05:24,424 - INFO - Iteracja 1: condition_best: average_temperature >= 52.50, quality_best: 0.645, coverage_best: (p=24, n=6, P=24, N=31)
2026-04-14 12:05:24,424 - INFO - Regula po iteracji 1: IF average_temperature >= 50.00 AND average_temperature >= 52.50 THEN class = {25.83} [17.16, 34.51], (p=24, n=6, P=24, N=31)
2026-04-14 12:05:24,424 - INFO - *****GROWING RR RULE*****
2026-04-14 12:05:24,431 - INFO - Iteracja 0: condition_best: None, quality_best: -inf, coverage_best: (p=0, n=0, P=0, N=0), p_value: 0
2026-04-14 12:05:24,431 - INFO - Regula po iteracji 0: IF  THEN class = {43.28} [19.49, 67.06], (p=39, n=16, P=39, N=16)
2026-04-14 12:05:24,431 - INFO - *****STOP GROWING RR RULE*****
2026-04-14 12:05:24,431 - INFO - ***RR NOT FOUND***
2026-04-14 12:05:24,433 - INFO - Iteracja 2: condition_best: average_temperature <= 76.00, quality_best: 0.669, coverage_best: (p=23, n=5, P=24, N=31)
2026-04-14 12:05:24,433 - INFO - Regula po iteracji 2: IF average_temperature >= 50.00 AND average_temperature >= 52.50 AND average_temperature <= 76.00 THEN class = {26.43} [17.76, 35.11], (p=23, n=5, P=24, N=31)
2026-04-14 12:05:24,434 - INFO - *****GROWING RR RULE*****
2026-04-14 12:05:24,441 - INFO - Iteracja 0: condition_best: None, quality_best: -inf, coverage_best: (p=0, n=0, P=0, N=0), p_value: 0
2026-04-14 12:05:24,441 - INFO - Regula po iteracji 0: IF  THEN class = {43.28} [19.49, 67.06], (p=39, n=16, P=39, N=16)
2026-04-14 12:05:24,441 - INFO - *****STOP GROWING RR RULE*****
2026-04-14 12:05:24,442 - INFO - ***RR NOT FOUND***
2026-04-14 12:05:24,444 - INFO - Iteracja 3: condition_best: average_temperature <= 74.50, quality_best: 0.618, coverage_best: (p=21, n=5, P=24, N=31)
2026-04-14 12:05:24,444 - INFO - Regula po iteracji 3: IF average_temperature >= 50.00 AND average_temperature >= 52.50 AND average_temperature <= 76.00 AND average_temperature <= 74.50 THEN class = {26.60} [17.62, 35.58], (p=21, n=5, P=24, N=31)
2026-04-14 12:05:24,444 - INFO - *****GROWING RR RULE*****
2026-04-14 12:05:24,451 - INFO - Iteracja 0: condition_best: None, quality_best: -inf, coverage_best: (p=0, n=0, P=0, N=0), p_value: 0
2026-04-14 12:05:24,451 - INFO - Regula po iteracji 0: IF  THEN class = {43.28} [19.49, 67.06], (p=39, n=16, P=39, N=16)
2026-04-14 12:05:24,451 - INFO - *****STOP GROWING RR RULE*****
2026-04-14 12:05:24,451 - INFO - ***RR NOT FOUND***
2026-04-14 12:05:24,453 - INFO - Iteracja 4: condition_best: average_temperature <= 71.50, quality_best: 0.576, coverage_best: (p=16, n=4, P=22, N=33)
2026-04-14 12:05:24,454 - INFO - Regula po iteracji 4: IF average_temperature >= 50.00 AND average_temperature >= 52.50 AND average_temperature <= 76.00 AND average_temperature <= 74.50 AND average_temperature <= 71.50 THEN class = {28.23} [19.15, 37.31], (p=16, n=4, P=22, N=33)
2026-04-14 12:05:24,454 - INFO - *****GROWING RR RULE*****
2026-04-14 12:05:24,461 - INFO - Iteracja 0: condition_best: None, quality_best: -inf, coverage_best: (p=0, n=0, P=0, N=0), p_value: 0
2026-04-14 12:05:24,461 - INFO - Regula po iteracji 0: IF  THEN class = {43.28} [19.49, 67.06], (p=39, n=16, P=39, N=16)
2026-04-14 12:05:24,461 - INFO - *****STOP GROWING RR RULE*****
2026-04-14 12:05:24,461 - INFO - ***RR NOT FOUND***
2026-04-14 12:05:24,461 - INFO - *******STOP GROWING CR RULE*******
2026-04-14 12:05:24,462 - INFO - *******GROWING CR RULE*******
2026-04-14 12:05:24,466 - INFO - Iteracja 0: condition_best: average_temperature >= 50.00, quality_best: 0.694, coverage_best: (p=26, n=5, P=26, N=29)
2026-04-14 12:05:24,466 - INFO - Regula po iteracji 0: IF average_temperature >= 50.00 THEN class = {26.77} [16.81, 36.73], (p=26, n=5, P=26, N=29)
2026-04-14 12:05:24,466 - INFO - *****GROWING RR RULE*****
2026-04-14 12:05:24,473 - INFO - Iteracja 0: condition_best: None, quality_best: -inf, coverage_best: (p=0, n=0, P=0, N=0), p_value: 0
2026-04-14 12:05:24,474 - INFO - Regula po iteracji 0: IF  THEN class = {43.28} [19.49, 67.06], (p=39, n=16, P=39, N=16)
2026-04-14 12:05:24,474 - INFO - *****STOP GROWING RR RULE*****
2026-04-14 12:05:24,474 - INFO - ***RR NOT FOUND***
2026-04-14 12:05:24,476 - INFO - Iteracja 1: condition_best: average_temperature >= 52.50, quality_best: 0.645, coverage_best: (p=24, n=6, P=24, N=31)
2026-04-14 12:05:24,476 - INFO - Regula po iteracji 1: IF average_temperature >= 50.00 AND average_temperature >= 52.50 THEN class = {25.83} [17.16, 34.51], (p=24, n=6, P=24, N=31)
2026-04-14 12:05:24,476 - INFO - *****GROWING RR RULE*****
2026-04-14 12:05:24,483 - INFO - Iteracja 0: condition_best: None, quality_best: -inf, coverage_best: (p=0, n=0, P=0, N=0), p_value: 0
2026-04-14 12:05:24,483 - INFO - Regula po iteracji 0: IF  THEN class = {43.28} [19.49, 67.06], (p=39, n=16, P=39, N=16)
2026-04-14 12:05:24,484 - INFO - *****STOP GROWING RR RULE*****
2026-04-14 12:05:24,484 - INFO - ***RR NOT FOUND***
2026-04-14 12:05:24,486 - INFO - Iteracja 2: condition_best: average_temperature <= 76.00, quality_best: 0.669, coverage_best: (p=23, n=5, P=24, N=31)
2026-04-14 12:05:24,486 - INFO - Regula po iteracji 2: IF average_temperature >= 50.00 AND average_temperature >= 52.50 AND average_temperature <= 76.00 THEN class = {26.43} [17.76, 35.11], (p=23, n=5, P=24, N=31)
2026-04-14 12:05:24,486 - INFO - *****GROWING RR RULE*****
2026-04-14 12:05:24,493 - INFO - Iteracja 0: condition_best: None, quality_best: -inf, coverage_best: (p=0, n=0, P=0, N=0), p_value: 0
2026-04-14 12:05:24,493 - INFO - Regula po iteracji 0: IF  THEN class = {43.28} [19.49, 67.06], (p=39, n=16, P=39, N=16)
2026-04-14 12:05:24,493 - INFO - *****STOP GROWING RR RULE*****
2026-04-14 12:05:24,493 - INFO - ***RR NOT FOUND***
2026-04-14 12:05:24,496 - INFO - Iteracja 3: condition_best: average_temperature <= 74.50, quality_best: 0.618, coverage_best: (p=21, n=5, P=24, N=31)
2026-04-14 12:05:24,496 - INFO - Regula po iteracji 3: IF average_temperature >= 50.00 AND average_temperature >= 52.50 AND average_temperature <= 76.00 AND average_temperature <= 74.50 THEN class = {26.60} [17.62, 35.58], (p=21, n=5, P=24, N=31)
2026-04-14 12:05:24,496 - INFO - *****GROWING RR RULE*****
2026-04-14 12:05:24,503 - INFO - Iteracja 0: condition_best: None, quality_best: -inf, coverage_best: (p=0, n=0, P=0, N=0), p_value: 0
2026-04-14 12:05:24,503 - INFO - Regula po iteracji 0: IF  THEN class = {43.28} [19.49, 67.06], (p=39, n=16, P=39, N=16)
2026-04-14 12:05:24,503 - INFO - *****STOP GROWING RR RULE*****
2026-04-14 12:05:24,503 - INFO - ***RR NOT FOUND***
2026-04-14 12:05:24,505 - INFO - Iteracja 4: condition_best: average_temperature >= 54.50, quality_best: 0.517, coverage_best: (p=16, n=7, P=18, N=37)
2026-04-14 12:05:24,505 - INFO - Regula po iteracji 4: IF average_temperature >= 50.00 AND average_temperature >= 52.50 AND average_temperature <= 76.00 AND average_temperature <= 74.50 AND average_temperature >= 54.50 THEN class = {23.98} [18.83, 29.13], (p=16, n=7, P=18, N=37)
2026-04-14 12:05:24,506 - INFO - *****GROWING RR RULE*****
2026-04-14 12:05:24,513 - INFO - Iteracja 0: condition_best: None, quality_best: -inf, coverage_best: (p=0, n=0, P=0, N=0), p_value: 0
2026-04-14 12:05:24,513 - INFO - Regula po iteracji 0: IF  THEN class = {43.28} [19.49, 67.06], (p=39, n=16, P=39, N=16)
2026-04-14 12:05:24,513 - INFO - *****STOP GROWING RR RULE*****
2026-04-14 12:05:24,513 - INFO - ***RR NOT FOUND***
2026-04-14 12:05:24,513 - INFO - *******STOP GROWING CR RULE*******
2026-04-14 12:05:24,514 - INFO - *******GROWING CR RULE*******
2026-04-14 12:05:24,517 - INFO - Iteracja 0: condition_best: average_temperature >= 50.00, quality_best: 0.694, coverage_best: (p=26, n=5, P=26, N=29)
2026-04-14 12:05:24,517 - INFO - Regula po iteracji 0: IF average_temperature >= 50.00 THEN class = {26.77} [16.81, 36.73], (p=26, n=5, P=26, N=29)
2026-04-14 12:05:24,518 - INFO - *****GROWING RR RULE*****
2026-04-14 12:05:24,525 - INFO - Iteracja 0: condition_best: None, quality_best: -inf, coverage_best: (p=0, n=0, P=0, N=0), p_value: 0
2026-04-14 12:05:24,525 - INFO - Regula po iteracji 0: IF  THEN class = {43.28} [19.49, 67.06], (p=39, n=16, P=39, N=16)
2026-04-14 12:05:24,525 - INFO - *****STOP GROWING RR RULE*****
2026-04-14 12:05:24,525 - INFO - ***RR NOT FOUND***
2026-04-14 12:05:24,527 - INFO - Iteracja 1: condition_best: None, quality_best: -inf, coverage_best: (p=0, n=0, P=0, N=0)
2026-04-14 12:05:24,527 - INFO - Regula po iteracji 1: IF average_temperature >= 50.00 THEN class = {26.77} [16.81, 36.73], (p=26, n=5, P=26, N=29)
2026-04-14 12:05:24,527 - INFO - *******STOP GROWING CR RULE*******
2026-04-14 12:05:24,528 - INFO - *******GROWING CR RULE*******
2026-04-14 12:05:24,531 - INFO - Iteracja 0: condition_best: average_temperature <= 34.50, quality_best: 0.654, coverage_best: (p=5, n=1, P=8, N=47)
2026-04-14 12:05:24,531 - INFO - Regula po iteracji 0: IF average_temperature <= 34.50 THEN class = {85.97} [70.23, 101.71], (p=5, n=1, P=8, N=47)
2026-04-14 12:05:24,532 - INFO - *****GROWING RR RULE*****
2026-04-14 12:05:24,539 - INFO - Iteracja 0: condition_best: None, quality_best: -inf, coverage_best: (p=0, n=0, P=0, N=0), p_value: 0
2026-04-14 12:05:24,539 - INFO - Regula po iteracji 0: IF  THEN class = {43.28} [19.49, 67.06], (p=39, n=16, P=39, N=16)
2026-04-14 12:05:24,539 - INFO - *****STOP GROWING RR RULE*****
2026-04-14 12:05:24,539 - INFO - ***RR NOT FOUND***
2026-04-14 12:05:24,540 - INFO - Iteracja 1: condition_best: average_temperature >= 25.00, quality_best: 0.218, coverage_best: (p=2, n=3, P=6, N=49)
2026-04-14 12:05:24,540 - INFO - Regula po iteracji 1: IF average_temperature <= 34.50 AND average_temperature >= 25.00 THEN class = {82.90} [67.38, 98.42], (p=2, n=3, P=6, N=49)
2026-04-14 12:05:24,540 - INFO - *****GROWING RR RULE*****
2026-04-14 12:05:24,547 - INFO - Iteracja 0: condition_best: None, quality_best: -inf, coverage_best: (p=0, n=0, P=0, N=0), p_value: 0
2026-04-14 12:05:24,547 - INFO - Regula po iteracji 0: IF  THEN class = {43.28} [19.49, 67.06], (p=39, n=16, P=39, N=16)
2026-04-14 12:05:24,547 - INFO - *****STOP GROWING RR RULE*****
2026-04-14 12:05:24,548 - INFO - ***RR NOT FOUND***
2026-04-14 12:05:24,548 - INFO - Iteracja 2: condition_best: None, quality_best: -inf, coverage_best: (p=0, n=0, P=0, N=0)
2026-04-14 12:05:24,548 - INFO - Regula po iteracji 2: IF average_temperature <= 34.50 AND average_temperature >= 25.00 THEN class = {82.90} [67.38, 98.42], (p=2, n=3, P=6, N=49)
2026-04-14 12:05:24,548 - INFO - *******STOP GROWING CR RULE*******
2026-04-14 12:05:24,549 - INFO - *******GROWING CR RULE*******
2026-04-14 12:05:24,552 - INFO - Iteracja 0: condition_best: average_temperature <= 55.50, quality_best: 0.554, coverage_best: (p=21, n=8, P=21, N=34)
2026-04-14 12:05:24,552 - INFO - Regula po iteracji 0: IF average_temperature <= 55.50 THEN class = {60.85} [40.92, 80.77], (p=21, n=8, P=21, N=34)
2026-04-14 12:05:24,553 - INFO - *****GROWING RR RULE*****
2026-04-14 12:05:24,560 - INFO - Iteracja 0: condition_best: None, quality_best: -inf, coverage_best: (p=0, n=0, P=0, N=0), p_value: 0
2026-04-14 12:05:24,560 - INFO - Regula po iteracji 0: IF  THEN class = {43.28} [19.49, 67.06], (p=39, n=16, P=39, N=16)
2026-04-14 12:05:24,560 - INFO - *****STOP GROWING RR RULE*****
2026-04-14 12:05:24,560 - INFO - ***RR NOT FOUND***
2026-04-14 12:05:24,562 - INFO - Iteracja 1: condition_best: average_temperature >= 40.00, quality_best: 0.736, coverage_best: (p=13, n=2, P=16, N=39)
2026-04-14 12:05:24,562 - INFO - Regula po iteracji 1: IF average_temperature <= 55.50 AND average_temperature >= 40.00 THEN class = {48.31} [35.84, 60.78], (p=13, n=2, P=16, N=39)
2026-04-14 12:05:24,562 - INFO - *****GROWING RR RULE*****
2026-04-14 12:05:24,570 - INFO - Iteracja 0: condition_best: None, quality_best: -inf, coverage_best: (p=0, n=0, P=0, N=0), p_value: 0
2026-04-14 12:05:24,570 - INFO - Regula po iteracji 0: IF  THEN class = {43.28} [19.49, 67.06], (p=39, n=16, P=39, N=16)
2026-04-14 12:05:24,570 - INFO - *****STOP GROWING RR RULE*****
2026-04-14 12:05:24,570 - INFO - ***RR NOT FOUND***
2026-04-14 12:05:24,571 - INFO - Iteracja 2: condition_best: average_temperature >= 41.50, quality_best: 0.666, coverage_best: (p=10, n=2, P=14, N=41)
2026-04-14 12:05:24,571 - INFO - Regula po iteracji 2: IF average_temperature <= 55.50 AND average_temperature >= 40.00 AND average_temperature >= 41.50 THEN class = {45.75} [35.30, 56.20], (p=10, n=2, P=14, N=41)
2026-04-14 12:05:24,572 - INFO - *****GROWING RR RULE*****
2026-04-14 12:05:24,579 - INFO - Iteracja 0: condition_best: None, quality_best: -inf, coverage_best: (p=0, n=0, P=0, N=0), p_value: 0
2026-04-14 12:05:24,579 - INFO - Regula po iteracji 0: IF  THEN class = {43.28} [19.49, 67.06], (p=39, n=16, P=39, N=16)
2026-04-14 12:05:24,579 - INFO - *****STOP GROWING RR RULE*****
2026-04-14 12:05:24,579 - INFO - ***RR NOT FOUND***
2026-04-14 12:05:24,580 - INFO - Iteracja 3: condition_best: average_temperature >= 42.50, quality_best: 0.621, coverage_best: (p=9, n=2, P=14, N=41)
2026-04-14 12:05:24,581 - INFO - Regula po iteracji 3: IF average_temperature <= 55.50 AND average_temperature >= 40.00 AND average_temperature >= 41.50 AND average_temperature >= 42.50 THEN class = {46.40} [35.72, 57.08], (p=9, n=2, P=14, N=41)
2026-04-14 12:05:24,581 - INFO - *****GROWING RR RULE*****
2026-04-14 12:05:24,588 - INFO - Iteracja 0: condition_best: None, quality_best: -inf, coverage_best: (p=0, n=0, P=0, N=0), p_value: 0
2026-04-14 12:05:24,588 - INFO - Regula po iteracji 0: IF  THEN class = {43.28} [19.49, 67.06], (p=39, n=16, P=39, N=16)
2026-04-14 12:05:24,588 - INFO - *****STOP GROWING RR RULE*****
2026-04-14 12:05:24,588 - INFO - ***RR NOT FOUND***
2026-04-14 12:05:24,590 - INFO - Iteracja 4: condition_best: average_temperature >= 44.00, quality_best: 0.596, coverage_best: (p=8, n=2, P=13, N=42)
2026-04-14 12:05:24,590 - INFO - Regula po iteracji 4: IF average_temperature <= 55.50 AND average_temperature >= 40.00 AND average_temperature >= 41.50 AND average_temperature >= 42.50 AND average_temperature >= 44.00 THEN class = {45.07} [34.77, 55.36], (p=8, n=2, P=13, N=42)
2026-04-14 12:05:24,590 - INFO - *****GROWING RR RULE*****
2026-04-14 12:05:24,597 - INFO - Iteracja 0: condition_best: None, quality_best: -inf, coverage_best: (p=0, n=0, P=0, N=0), p_value: 0
2026-04-14 12:05:24,597 - INFO - Regula po iteracji 0: IF  THEN class = {43.28} [19.49, 67.06], (p=39, n=16, P=39, N=16)
2026-04-14 12:05:24,597 - INFO - *****STOP GROWING RR RULE*****
2026-04-14 12:05:24,597 - INFO - ***RR NOT FOUND***
2026-04-14 12:05:24,597 - INFO - *******STOP GROWING CR RULE*******
2026-04-14 12:05:24,598 - INFO - *******GROWING CR RULE*******
2026-04-14 12:05:24,602 - INFO - Iteracja 0: condition_best: average_temperature <= 55.50, quality_best: 0.554, coverage_best: (p=21, n=8, P=21, N=34)
2026-04-14 12:05:24,602 - INFO - Regula po iteracji 0: IF average_temperature <= 55.50 THEN class = {60.85} [40.92, 80.77], (p=21, n=8, P=21, N=34)
2026-04-14 12:05:24,602 - INFO - *****GROWING RR RULE*****
2026-04-14 12:05:24,609 - INFO - Iteracja 0: condition_best: None, quality_best: -inf, coverage_best: (p=0, n=0, P=0, N=0), p_value: 0
2026-04-14 12:05:24,609 - INFO - Regula po iteracji 0: IF  THEN class = {43.28} [19.49, 67.06], (p=39, n=16, P=39, N=16)
2026-04-14 12:05:24,609 - INFO - *****STOP GROWING RR RULE*****
2026-04-14 12:05:24,609 - INFO - ***RR NOT FOUND***
2026-04-14 12:05:24,611 - INFO - Iteracja 1: condition_best: average_temperature >= 40.00, quality_best: 0.736, coverage_best: (p=13, n=2, P=16, N=39)
2026-04-14 12:05:24,611 - INFO - Regula po iteracji 1: IF average_temperature <= 55.50 AND average_temperature >= 40.00 THEN class = {48.31} [35.84, 60.78], (p=13, n=2, P=16, N=39)
2026-04-14 12:05:24,612 - INFO - *****GROWING RR RULE*****
2026-04-14 12:05:24,619 - INFO - Iteracja 0: condition_best: None, quality_best: -inf, coverage_best: (p=0, n=0, P=0, N=0), p_value: 0
2026-04-14 12:05:24,619 - INFO - Regula po iteracji 0: IF  THEN class = {43.28} [19.49, 67.06], (p=39, n=16, P=39, N=16)
2026-04-14 12:05:24,619 - INFO - *****STOP GROWING RR RULE*****
2026-04-14 12:05:24,619 - INFO - ***RR NOT FOUND***
2026-04-14 12:05:24,621 - INFO - Iteracja 2: condition_best: average_temperature <= 54.50, quality_best: 0.636, coverage_best: (p=11, n=3, P=14, N=41)
2026-04-14 12:05:24,621 - INFO - Regula po iteracji 2: IF average_temperature <= 55.50 AND average_temperature >= 40.00 AND average_temperature <= 54.50 THEN class = {50.38} [40.26, 60.50], (p=11, n=3, P=14, N=41)
2026-04-14 12:05:24,621 - INFO - *****GROWING RR RULE*****
2026-04-14 12:05:24,628 - INFO - Iteracja 0: condition_best: None, quality_best: -inf, coverage_best: (p=0, n=0, P=0, N=0), p_value: 0
2026-04-14 12:05:24,628 - INFO - Regula po iteracji 0: IF  THEN class = {43.28} [19.49, 67.06], (p=39, n=16, P=39, N=16)
2026-04-14 12:05:24,628 - INFO - *****STOP GROWING RR RULE*****
2026-04-14 12:05:24,629 - INFO - ***RR NOT FOUND***
2026-04-14 12:05:24,630 - INFO - Iteracja 3: condition_best: average_temperature <= 52.50, quality_best: 0.498, coverage_best: (p=8, n=3, P=14, N=41)
2026-04-14 12:05:24,630 - INFO - Regula po iteracji 3: IF average_temperature <= 55.50 AND average_temperature >= 40.00 AND average_temperature <= 54.50 AND average_temperature <= 52.50 THEN class = {51.39} [40.68, 62.10], (p=8, n=3, P=14, N=41)
2026-04-14 12:05:24,630 - INFO - *****GROWING RR RULE*****
2026-04-14 12:05:24,638 - INFO - Iteracja 0: condition_best: None, quality_best: -inf, coverage_best: (p=0, n=0, P=0, N=0), p_value: 0
2026-04-14 12:05:24,638 - INFO - Regula po iteracji 0: IF  THEN class = {43.28} [19.49, 67.06], (p=39, n=16, P=39, N=16)
2026-04-14 12:05:24,638 - INFO - *****STOP GROWING RR RULE*****
2026-04-14 12:05:24,638 - INFO - ***RR NOT FOUND***
2026-04-14 12:05:24,639 - INFO - Iteracja 4: condition_best: average_temperature <= 48.50, quality_best: 0.494, coverage_best: (p=7, n=2, P=16, N=39)
2026-04-14 12:05:24,639 - INFO - Regula po iteracji 4: IF average_temperature <= 55.50 AND average_temperature >= 40.00 AND average_temperature <= 54.50 AND average_temperature <= 52.50 AND average_temperature <= 48.50 THEN class = {51.09} [39.32, 62.87], (p=7, n=2, P=16, N=39)
2026-04-14 12:05:24,639 - INFO - *****GROWING RR RULE*****
2026-04-14 12:05:24,647 - INFO - Iteracja 0: condition_best: None, quality_best: -inf, coverage_best: (p=0, n=0, P=0, N=0), p_value: 0
2026-04-14 12:05:24,647 - INFO - Regula po iteracji 0: IF  THEN class = {43.28} [19.49, 67.06], (p=39, n=16, P=39, N=16)
2026-04-14 12:05:24,647 - INFO - *****STOP GROWING RR RULE*****
2026-04-14 12:05:24,647 - INFO - ***RR NOT FOUND***
2026-04-14 12:05:24,647 - INFO - *******STOP GROWING CR RULE*******
2026-04-14 12:05:24,647 - INFO - *******GROWING CR RULE*******
2026-04-14 12:05:24,651 - INFO - Iteracja 0: condition_best: average_temperature <= 55.50, quality_best: 0.554, coverage_best: (p=21, n=8, P=21, N=34)
2026-04-14 12:05:24,651 - INFO - Regula po iteracji 0: IF average_temperature <= 55.50 THEN class = {60.85} [40.92, 80.77], (p=21, n=8, P=21, N=34)
2026-04-14 12:05:24,651 - INFO - *****GROWING RR RULE*****
2026-04-14 12:05:24,659 - INFO - Iteracja 0: condition_best: None, quality_best: -inf, coverage_best: (p=0, n=0, P=0, N=0), p_value: 0
2026-04-14 12:05:24,659 - INFO - Regula po iteracji 0: IF  THEN class = {43.28} [19.49, 67.06], (p=39, n=16, P=39, N=16)
2026-04-14 12:05:24,659 - INFO - *****STOP GROWING RR RULE*****
2026-04-14 12:05:24,659 - INFO - ***RR NOT FOUND***
2026-04-14 12:05:24,661 - INFO - Iteracja 1: condition_best: average_temperature >= 35.50, quality_best: 0.672, coverage_best: (p=17, n=4, P=19, N=36)
2026-04-14 12:05:24,661 - INFO - Regula po iteracji 1: IF average_temperature <= 55.50 AND average_temperature >= 35.50 THEN class = {52.20} [38.47, 65.94], (p=17, n=4, P=19, N=36)
2026-04-14 12:05:24,661 - INFO - *****GROWING RR RULE*****
2026-04-14 12:05:24,668 - INFO - Iteracja 0: condition_best: None, quality_best: -inf, coverage_best: (p=0, n=0, P=0, N=0), p_value: 0
2026-04-14 12:05:24,669 - INFO - Regula po iteracji 0: IF  THEN class = {43.28} [19.49, 67.06], (p=39, n=16, P=39, N=16)
2026-04-14 12:05:24,669 - INFO - *****STOP GROWING RR RULE*****
2026-04-14 12:05:24,669 - INFO - ***RR NOT FOUND***
2026-04-14 12:05:24,670 - INFO - Iteracja 2: condition_best: average_temperature >= 36.50, quality_best: 0.64, coverage_best: (p=16, n=4, P=19, N=36)
2026-04-14 12:05:24,671 - INFO - Regula po iteracji 2: IF average_temperature <= 55.50 AND average_temperature >= 35.50 AND average_temperature >= 36.50 THEN class = {52.19} [38.12, 66.27], (p=16, n=4, P=19, N=36)
2026-04-14 12:05:24,671 - INFO - *****GROWING RR RULE*****
2026-04-14 12:05:24,678 - INFO - Iteracja 0: condition_best: None, quality_best: -inf, coverage_best: (p=0, n=0, P=0, N=0), p_value: 0
2026-04-14 12:05:24,678 - INFO - Regula po iteracji 0: IF  THEN class = {43.28} [19.49, 67.06], (p=39, n=16, P=39, N=16)
2026-04-14 12:05:24,678 - INFO - *****STOP GROWING RR RULE*****
2026-04-14 12:05:24,678 - INFO - ***RR NOT FOUND***
2026-04-14 12:05:24,680 - INFO - Iteracja 3: condition_best: average_temperature <= 52.50, quality_best: 0.544, coverage_best: (p=12, n=4, P=17, N=38)
2026-04-14 12:05:24,680 - INFO - Regula po iteracji 3: IF average_temperature <= 55.50 AND average_temperature >= 35.50 AND average_temperature >= 36.50 AND average_temperature <= 52.50 THEN class = {55.28} [42.73, 67.83], (p=12, n=4, P=17, N=38)
2026-04-14 12:05:24,680 - INFO - *****GROWING RR RULE*****
2026-04-14 12:05:24,688 - INFO - Iteracja 0: condition_best: None, quality_best: -inf, coverage_best: (p=0, n=0, P=0, N=0), p_value: 0
2026-04-14 12:05:24,688 - INFO - Regula po iteracji 0: IF  THEN class = {43.28} [19.49, 67.06], (p=39, n=16, P=39, N=16)
2026-04-14 12:05:24,688 - INFO - *****STOP GROWING RR RULE*****
2026-04-14 12:05:24,688 - INFO - ***RR NOT FOUND***
2026-04-14 12:05:24,689 - INFO - Iteracja 4: condition_best: average_temperature <= 50.00, quality_best: 0.506, coverage_best: (p=11, n=4, P=17, N=38)
2026-04-14 12:05:24,689 - INFO - Regula po iteracji 4: IF average_temperature <= 55.50 AND average_temperature >= 35.50 AND average_temperature >= 36.50 AND average_temperature <= 52.50 AND average_temperature <= 50.00 THEN class = {55.31} [42.35, 68.27], (p=11, n=4, P=17, N=38)
2026-04-14 12:05:24,690 - INFO - *****GROWING RR RULE*****
2026-04-14 12:05:24,697 - INFO - Iteracja 0: condition_best: None, quality_best: -inf, coverage_best: (p=0, n=0, P=0, N=0), p_value: 0
2026-04-14 12:05:24,697 - INFO - Regula po iteracji 0: IF  THEN class = {43.28} [19.49, 67.06], (p=39, n=16, P=39, N=16)
2026-04-14 12:05:24,697 - INFO - *****STOP GROWING RR RULE*****
2026-04-14 12:05:24,697 - INFO - ***RR NOT FOUND***
2026-04-14 12:05:24,697 - INFO - *******STOP GROWING CR RULE*******
2026-04-14 12:05:24,698 - INFO - *******GROWING CR RULE*******
2026-04-14 12:05:24,701 - INFO - Iteracja 0: condition_best: average_temperature <= 29.00, quality_best: 1.0, coverage_best: (p=2, n=0, P=2, N=53)
2026-04-14 12:05:24,701 - INFO - Regula po iteracji 0: IF average_temperature <= 29.00 THEN class = {100.48} [99.67, 101.30], (p=2, n=0, P=2, N=53)
2026-04-14 12:05:24,702 - INFO - *****GROWING RR RULE*****
2026-04-14 12:05:24,709 - INFO - Iteracja 0: condition_best: None, quality_best: -inf, coverage_best: (p=0, n=0, P=0, N=0), p_value: 0
2026-04-14 12:05:24,709 - INFO - Regula po iteracji 0: IF  THEN class = {43.28} [19.49, 67.06], (p=39, n=16, P=39, N=16)
2026-04-14 12:05:24,709 - INFO - *****STOP GROWING RR RULE*****
2026-04-14 12:05:24,709 - INFO - ***RR NOT FOUND***
2026-04-14 12:05:24,710 - INFO - Iteracja 1: condition_best: month = {1}, quality_best: 1.0, coverage_best: (p=1, n=0, P=1, N=54)
2026-04-14 12:05:24,710 - INFO - Regula po iteracji 1: IF average_temperature <= 29.00 AND month = {1} THEN class = {101.30} [101.30, 101.30], (p=1, n=0, P=1, N=54)
2026-04-14 12:05:24,710 - INFO - *****GROWING RR RULE*****
2026-04-14 12:05:24,717 - INFO - Iteracja 0: condition_best: None, quality_best: -inf, coverage_best: (p=0, n=0, P=0, N=0), p_value: 0
2026-04-14 12:05:24,717 - INFO - Regula po iteracji 0: IF  THEN class = {43.28} [19.49, 67.06], (p=39, n=16, P=39, N=16)
2026-04-14 12:05:24,717 - INFO - *****STOP GROWING RR RULE*****
2026-04-14 12:05:24,717 - INFO - ***RR NOT FOUND***
2026-04-14 12:05:24,718 - INFO - Iteracja 2: condition_best: None, quality_best: -inf, coverage_best: (p=0, n=0, P=0, N=0)
2026-04-14 12:05:24,718 - INFO - Regula po iteracji 2: IF average_temperature <= 29.00 AND month = {1} THEN class = {101.30} [101.30, 101.30], (p=1, n=0, P=1, N=54)
2026-04-14 12:05:24,718 - INFO - *******STOP GROWING CR RULE*******
2026-04-14 12:05:24,718 - INFO - *******GROWING CR RULE*******
2026-04-14 12:05:24,722 - INFO - Iteracja 0: condition_best: average_temperature <= 29.00, quality_best: 1.0, coverage_best: (p=2, n=0, P=2, N=53)
2026-04-14 12:05:24,722 - INFO - Regula po iteracji 0: IF average_temperature <= 29.00 THEN class = {100.48} [99.67, 101.30], (p=2, n=0, P=2, N=53)
2026-04-14 12:05:24,722 - INFO - *****GROWING RR RULE*****
2026-04-14 12:05:24,730 - INFO - Iteracja 0: condition_best: None, quality_best: -inf, coverage_best: (p=0, n=0, P=0, N=0), p_value: 0
2026-04-14 12:05:24,730 - INFO - Regula po iteracji 0: IF  THEN class = {43.28} [19.49, 67.06], (p=39, n=16, P=39, N=16)
2026-04-14 12:05:24,730 - INFO - *****STOP GROWING RR RULE*****
2026-04-14 12:05:24,730 - INFO - ***RR NOT FOUND***
2026-04-14 12:05:24,730 - INFO - Iteracja 1: condition_best: month = {1}, quality_best: 1.0, coverage_best: (p=1, n=0, P=1, N=54)
2026-04-14 12:05:24,730 - INFO - Regula po iteracji 1: IF average_temperature <= 29.00 AND month = {1} THEN class = {101.30} [101.30, 101.30], (p=1, n=0, P=1, N=54)
2026-04-14 12:05:24,730 - INFO - *****GROWING RR RULE*****
2026-04-14 12:05:24,738 - INFO - Iteracja 0: condition_best: None, quality_best: -inf, coverage_best: (p=0, n=0, P=0, N=0), p_value: 0
2026-04-14 12:05:24,738 - INFO - Regula po iteracji 0: IF  THEN class = {43.28} [19.49, 67.06], (p=39, n=16, P=39, N=16)
2026-04-14 12:05:24,738 - INFO - *****STOP GROWING RR RULE*****
2026-04-14 12:05:24,738 - INFO - ***RR NOT FOUND***
2026-04-14 12:05:24,738 - INFO - Iteracja 2: condition_best: None, quality_best: -inf, coverage_best: (p=0, n=0, P=0, N=0)
2026-04-14 12:05:24,738 - INFO - Regula po iteracji 2: IF average_temperature <= 29.00 AND month = {1} THEN class = {101.30} [101.30, 101.30], (p=1, n=0, P=1, N=54)
2026-04-14 12:05:24,738 - INFO - *******STOP GROWING CR RULE*******
2026-04-14 12:05:24,742 - INFO - ************************Finished experiment for elusage.arff with algorithm************************
2026-04-14 12:05:24,742 - INFO - *************************************************************************************************************************
2026-04-14 12:05:24,742 - INFO - *************************************************************************************************************************
2026-04-14 12:05:24,742 - INFO - *************************************************************************************************************************
