2026-04-14 12:58:40,784 - INFO - **********Starting experiment for pollution.arff with algorithm**********
2026-04-14 12:58:40,787 - INFO - *******GROWING CR RULE*******
2026-04-14 12:58:40,854 - INFO - Iteracja 0: condition_best: NONW >= 14.20, quality_best: 0.514, coverage_best: (p=15, n=3, P=29, N=31)
2026-04-14 12:58:40,854 - INFO - Regula po iteracji 0: IF NONW >= 14.20 THEN class = {992.59} [939.78, 1,045.40], (p=15, n=3, P=29, N=31)
2026-04-14 12:58:40,854 - INFO - *****GROWING RR RULE*****
2026-04-14 12:58:40,950 - INFO - Iteracja 0: condition_best: None, quality_best: -inf, coverage_best: (p=0, n=0, P=0, N=0), p_value: 0
2026-04-14 12:58:40,950 - INFO - Regula po iteracji 0: IF  THEN class = {940.36} [878.67, 1,002.04], (p=40, n=20, P=40, N=20)
2026-04-14 12:58:40,950 - INFO - *****STOP GROWING RR RULE*****
2026-04-14 12:58:40,950 - INFO - ***RR NOT FOUND***
2026-04-14 12:58:40,971 - INFO - Iteracja 1: condition_best: PREC <= 53.50, quality_best: 0.586, coverage_best: (p=15, n=2, P=29, N=31)
2026-04-14 12:58:40,971 - INFO - Regula po iteracji 1: IF NONW >= 14.20 AND PREC <= 53.50 THEN class = {985.50} [940.25, 1,030.74], (p=15, n=2, P=29, N=31)
2026-04-14 12:58:40,971 - INFO - *****GROWING RR RULE*****
2026-04-14 12:58:41,067 - INFO - Iteracja 0: condition_best: None, quality_best: -inf, coverage_best: (p=0, n=0, P=0, N=0), p_value: 0
2026-04-14 12:58:41,068 - INFO - Regula po iteracji 0: IF  THEN class = {940.36} [878.67, 1,002.04], (p=40, n=20, P=40, N=20)
2026-04-14 12:58:41,068 - INFO - *****STOP GROWING RR RULE*****
2026-04-14 12:58:41,068 - INFO - ***RR NOT FOUND***
2026-04-14 12:58:41,085 - INFO - Iteracja 2: condition_best: JANT <= 50.50, quality_best: 0.574, coverage_best: (p=14, n=2, P=28, N=32)
2026-04-14 12:58:41,086 - INFO - Regula po iteracji 2: IF NONW >= 14.20 AND PREC <= 53.50 AND JANT <= 50.50 THEN class = {987.56} [941.70, 1,033.42], (p=14, n=2, P=28, N=32)
2026-04-14 12:58:41,086 - INFO - *****GROWING RR RULE*****
2026-04-14 12:58:41,182 - INFO - Iteracja 0: condition_best: None, quality_best: -inf, coverage_best: (p=0, n=0, P=0, N=0), p_value: 0
2026-04-14 12:58:41,182 - INFO - Regula po iteracji 0: IF  THEN class = {940.36} [878.67, 1,002.04], (p=40, n=20, P=40, N=20)
2026-04-14 12:58:41,182 - INFO - *****STOP GROWING RR RULE*****
2026-04-14 12:58:41,182 - INFO - ***RR NOT FOUND***
2026-04-14 12:58:41,199 - INFO - Iteracja 3: condition_best: PREC >= 32.00, quality_best: 0.549, coverage_best: (p=13, n=2, P=28, N=32)
2026-04-14 12:58:41,199 - INFO - Regula po iteracji 3: IF NONW >= 14.20 AND PREC <= 53.50 AND JANT <= 50.50 AND PREC >= 32.00 THEN class = {989.45} [942.69, 1,036.20], (p=13, n=2, P=28, N=32)
2026-04-14 12:58:41,200 - INFO - *****GROWING RR RULE*****
2026-04-14 12:58:41,302 - INFO - Iteracja 0: condition_best: None, quality_best: -inf, coverage_best: (p=0, n=0, P=0, N=0), p_value: 0
2026-04-14 12:58:41,302 - INFO - Regula po iteracji 0: IF  THEN class = {940.36} [878.67, 1,002.04], (p=40, n=20, P=40, N=20)
2026-04-14 12:58:41,302 - INFO - *****STOP GROWING RR RULE*****
2026-04-14 12:58:41,302 - INFO - ***RR NOT FOUND***
2026-04-14 12:58:41,318 - INFO - Iteracja 4: condition_best: EDUC >= 10.15, quality_best: 0.554, coverage_best: (p=10, n=1, P=29, N=31)
2026-04-14 12:58:41,318 - INFO - Regula po iteracji 4: IF NONW >= 14.20 AND PREC <= 53.50 AND JANT <= 50.50 AND PREC >= 32.00 AND EDUC >= 10.15 THEN class = {985.29} [939.55, 1,031.03], (p=10, n=1, P=29, N=31)
2026-04-14 12:58:41,319 - INFO - *****GROWING RR RULE*****
2026-04-14 12:58:41,413 - INFO - Iteracja 0: condition_best: None, quality_best: -inf, coverage_best: (p=0, n=0, P=0, N=0), p_value: 0
2026-04-14 12:58:41,413 - INFO - Regula po iteracji 0: IF  THEN class = {940.36} [878.67, 1,002.04], (p=40, n=20, P=40, N=20)
2026-04-14 12:58:41,413 - INFO - *****STOP GROWING RR RULE*****
2026-04-14 12:58:41,413 - INFO - ***RR NOT FOUND***
2026-04-14 12:58:41,413 - INFO - *******STOP GROWING CR RULE*******
2026-04-14 12:58:41,414 - INFO - *******GROWING CR RULE*******
2026-04-14 12:58:41,463 - INFO - Iteracja 0: condition_best: NONW >= 14.20, quality_best: 0.514, coverage_best: (p=15, n=3, P=29, N=31)
2026-04-14 12:58:41,463 - INFO - Regula po iteracji 0: IF NONW >= 14.20 THEN class = {992.59} [939.78, 1,045.40], (p=15, n=3, P=29, N=31)
2026-04-14 12:58:41,463 - INFO - *****GROWING RR RULE*****
2026-04-14 12:58:41,559 - INFO - Iteracja 0: condition_best: None, quality_best: -inf, coverage_best: (p=0, n=0, P=0, N=0), p_value: 0
2026-04-14 12:58:41,559 - INFO - Regula po iteracji 0: IF  THEN class = {940.36} [878.67, 1,002.04], (p=40, n=20, P=40, N=20)
2026-04-14 12:58:41,559 - INFO - *****STOP GROWING RR RULE*****
2026-04-14 12:58:41,559 - INFO - ***RR NOT FOUND***
2026-04-14 12:58:41,577 - INFO - Iteracja 1: condition_best: PREC <= 53.50, quality_best: 0.586, coverage_best: (p=15, n=2, P=29, N=31)
2026-04-14 12:58:41,577 - INFO - Regula po iteracji 1: IF NONW >= 14.20 AND PREC <= 53.50 THEN class = {985.50} [940.25, 1,030.74], (p=15, n=2, P=29, N=31)
2026-04-14 12:58:41,577 - INFO - *****GROWING RR RULE*****
2026-04-14 12:58:41,673 - INFO - Iteracja 0: condition_best: None, quality_best: -inf, coverage_best: (p=0, n=0, P=0, N=0), p_value: 0
2026-04-14 12:58:41,673 - INFO - Regula po iteracji 0: IF  THEN class = {940.36} [878.67, 1,002.04], (p=40, n=20, P=40, N=20)
2026-04-14 12:58:41,673 - INFO - *****STOP GROWING RR RULE*****
2026-04-14 12:58:41,673 - INFO - ***RR NOT FOUND***
2026-04-14 12:58:41,691 - INFO - Iteracja 2: condition_best: JANT <= 50.50, quality_best: 0.574, coverage_best: (p=14, n=2, P=28, N=32)
2026-04-14 12:58:41,691 - INFO - Regula po iteracji 2: IF NONW >= 14.20 AND PREC <= 53.50 AND JANT <= 50.50 THEN class = {987.56} [941.70, 1,033.42], (p=14, n=2, P=28, N=32)
2026-04-14 12:58:41,691 - INFO - *****GROWING RR RULE*****
2026-04-14 12:58:41,787 - INFO - Iteracja 0: condition_best: None, quality_best: -inf, coverage_best: (p=0, n=0, P=0, N=0), p_value: 0
2026-04-14 12:58:41,787 - INFO - Regula po iteracji 0: IF  THEN class = {940.36} [878.67, 1,002.04], (p=40, n=20, P=40, N=20)
2026-04-14 12:58:41,787 - INFO - *****STOP GROWING RR RULE*****
2026-04-14 12:58:41,788 - INFO - ***RR NOT FOUND***
2026-04-14 12:58:41,804 - INFO - Iteracja 3: condition_best: OVR65 >= 6.15, quality_best: 0.549, coverage_best: (p=13, n=2, P=28, N=32)
2026-04-14 12:58:41,804 - INFO - Regula po iteracji 3: IF NONW >= 14.20 AND PREC <= 53.50 AND JANT <= 50.50 AND OVR65 >= 6.15 THEN class = {988.65} [941.49, 1,035.81], (p=13, n=2, P=28, N=32)
2026-04-14 12:58:41,804 - INFO - *****GROWING RR RULE*****
2026-04-14 12:58:41,900 - INFO - Iteracja 0: condition_best: None, quality_best: -inf, coverage_best: (p=0, n=0, P=0, N=0), p_value: 0
2026-04-14 12:58:41,900 - INFO - Regula po iteracji 0: IF  THEN class = {940.36} [878.67, 1,002.04], (p=40, n=20, P=40, N=20)
2026-04-14 12:58:41,900 - INFO - *****STOP GROWING RR RULE*****
2026-04-14 12:58:41,900 - INFO - ***RR NOT FOUND***
2026-04-14 12:58:41,916 - INFO - Iteracja 4: condition_best: OVR65 >= 6.35, quality_best: 0.523, coverage_best: (p=12, n=2, P=28, N=32)
2026-04-14 12:58:41,916 - INFO - Regula po iteracji 4: IF NONW >= 14.20 AND PREC <= 53.50 AND JANT <= 50.50 AND OVR65 >= 6.15 AND OVR65 >= 6.35 THEN class = {990.14} [941.67, 1,038.62], (p=12, n=2, P=28, N=32)
2026-04-14 12:58:41,916 - INFO - *****GROWING RR RULE*****
2026-04-14 12:58:42,012 - INFO - Iteracja 0: condition_best: None, quality_best: -inf, coverage_best: (p=0, n=0, P=0, N=0), p_value: 0
2026-04-14 12:58:42,013 - INFO - Regula po iteracji 0: IF  THEN class = {940.36} [878.67, 1,002.04], (p=40, n=20, P=40, N=20)
2026-04-14 12:58:42,013 - INFO - *****STOP GROWING RR RULE*****
2026-04-14 12:58:42,013 - INFO - ***RR NOT FOUND***
2026-04-14 12:58:42,013 - INFO - *******STOP GROWING CR RULE*******
2026-04-14 12:58:42,013 - INFO - *******GROWING CR RULE*******
2026-04-14 12:58:42,062 - INFO - Iteracja 0: condition_best: PREC <= 29.00, quality_best: 0.493, coverage_best: (p=5, n=2, P=10, N=50)
2026-04-14 12:58:42,062 - INFO - Regula po iteracji 0: IF PREC <= 29.00 THEN class = {851.02} [815.61, 886.43], (p=5, n=2, P=10, N=50)
2026-04-14 12:58:42,062 - INFO - *****GROWING RR RULE*****
2026-04-14 12:58:42,157 - INFO - Iteracja 0: condition_best: None, quality_best: -inf, coverage_best: (p=0, n=0, P=0, N=0), p_value: 0
2026-04-14 12:58:42,157 - INFO - Regula po iteracji 0: IF  THEN class = {940.36} [878.67, 1,002.04], (p=40, n=20, P=40, N=20)
2026-04-14 12:58:42,157 - INFO - *****STOP GROWING RR RULE*****
2026-04-14 12:58:42,157 - INFO - ***RR NOT FOUND***
2026-04-14 12:58:42,165 - INFO - Iteracja 1: condition_best: JULT >= 65.50, quality_best: 0.489, coverage_best: (p=4, n=2, P=7, N=53)
2026-04-14 12:58:42,165 - INFO - Regula po iteracji 1: IF PREC <= 29.00 AND JULT >= 65.50 THEN class = {840.90} [813.57, 868.24], (p=4, n=2, P=7, N=53)
2026-04-14 12:58:42,165 - INFO - *****GROWING RR RULE*****
2026-04-14 12:58:42,260 - INFO - Iteracja 0: condition_best: None, quality_best: -inf, coverage_best: (p=0, n=0, P=0, N=0), p_value: 0
2026-04-14 12:58:42,260 - INFO - Regula po iteracji 0: IF  THEN class = {940.36} [878.67, 1,002.04], (p=40, n=20, P=40, N=20)
2026-04-14 12:58:42,260 - INFO - *****STOP GROWING RR RULE*****
2026-04-14 12:58:42,260 - INFO - ***RR NOT FOUND***
2026-04-14 12:58:42,266 - INFO - Iteracja 2: condition_best: PREC <= 26.50, quality_best: 0.552, coverage_best: (p=4, n=1, P=9, N=51)
2026-04-14 12:58:42,266 - INFO - Regula po iteracji 2: IF PREC <= 29.00 AND JULT >= 65.50 AND PREC <= 26.50 THEN class = {844.33} [815.59, 873.07], (p=4, n=1, P=9, N=51)
2026-04-14 12:58:42,267 - INFO - *****GROWING RR RULE*****
2026-04-14 12:58:42,361 - INFO - Iteracja 0: condition_best: None, quality_best: -inf, coverage_best: (p=0, n=0, P=0, N=0), p_value: 0
2026-04-14 12:58:42,361 - INFO - Regula po iteracji 0: IF  THEN class = {940.36} [878.67, 1,002.04], (p=40, n=20, P=40, N=20)
2026-04-14 12:58:42,361 - INFO - *****STOP GROWING RR RULE*****
2026-04-14 12:58:42,361 - INFO - ***RR NOT FOUND***
2026-04-14 12:58:42,366 - INFO - Iteracja 3: condition_best: None, quality_best: -inf, coverage_best: (p=0, n=0, P=0, N=0)
2026-04-14 12:58:42,366 - INFO - Regula po iteracji 3: IF PREC <= 29.00 AND JULT >= 65.50 AND PREC <= 26.50 THEN class = {844.33} [815.59, 873.07], (p=4, n=1, P=9, N=51)
2026-04-14 12:58:42,366 - INFO - *******STOP GROWING CR RULE*******
2026-04-14 12:58:42,367 - INFO - *******GROWING CR RULE*******
2026-04-14 12:58:42,415 - INFO - Iteracja 0: condition_best: NOX <= 3.50, quality_best: 0.478, coverage_best: (p=8, n=2, P=21, N=39)
2026-04-14 12:58:42,415 - INFO - Regula po iteracji 0: IF NOX <= 3.50 THEN class = {889.81} [851.51, 928.10], (p=8, n=2, P=21, N=39)
2026-04-14 12:58:42,415 - INFO - *****GROWING RR RULE*****
2026-04-14 12:58:42,516 - INFO - Iteracja 0: condition_best: None, quality_best: -inf, coverage_best: (p=0, n=0, P=0, N=0), p_value: 0
2026-04-14 12:58:42,516 - INFO - Regula po iteracji 0: IF  THEN class = {940.36} [878.67, 1,002.04], (p=40, n=20, P=40, N=20)
2026-04-14 12:58:42,516 - INFO - *****STOP GROWING RR RULE*****
2026-04-14 12:58:42,516 - INFO - ***RR NOT FOUND***
2026-04-14 12:58:42,527 - INFO - Iteracja 1: condition_best: EDUC >= 10.65, quality_best: 0.481, coverage_best: (p=6, n=2, P=14, N=46)
2026-04-14 12:58:42,527 - INFO - Regula po iteracji 1: IF NOX <= 3.50 AND EDUC >= 10.65 THEN class = {876.84} [848.99, 904.70], (p=6, n=2, P=14, N=46)
2026-04-14 12:58:42,527 - INFO - *****GROWING RR RULE*****
2026-04-14 12:58:42,629 - INFO - Iteracja 0: condition_best: None, quality_best: -inf, coverage_best: (p=0, n=0, P=0, N=0), p_value: 0
2026-04-14 12:58:42,629 - INFO - Regula po iteracji 0: IF  THEN class = {940.36} [878.67, 1,002.04], (p=40, n=20, P=40, N=20)
2026-04-14 12:58:42,629 - INFO - *****STOP GROWING RR RULE*****
2026-04-14 12:58:42,629 - INFO - ***RR NOT FOUND***
2026-04-14 12:58:42,637 - INFO - Iteracja 2: condition_best: PREC <= 45.50, quality_best: 0.579, coverage_best: (p=5, n=1, P=11, N=49)
2026-04-14 12:58:42,637 - INFO - Regula po iteracji 2: IF NOX <= 3.50 AND EDUC >= 10.65 AND PREC <= 45.50 THEN class = {871.68} [846.99, 896.37], (p=5, n=1, P=11, N=49)
2026-04-14 12:58:42,637 - INFO - *****GROWING RR RULE*****
2026-04-14 12:58:42,738 - INFO - Iteracja 0: condition_best: None, quality_best: -inf, coverage_best: (p=0, n=0, P=0, N=0), p_value: 0
2026-04-14 12:58:42,738 - INFO - Regula po iteracji 0: IF  THEN class = {940.36} [878.67, 1,002.04], (p=40, n=20, P=40, N=20)
2026-04-14 12:58:42,739 - INFO - *****STOP GROWING RR RULE*****
2026-04-14 12:58:42,739 - INFO - ***RR NOT FOUND***
2026-04-14 12:58:42,744 - INFO - Iteracja 3: condition_best: JANT <= 45.50, quality_best: 0.487, coverage_best: (p=4, n=1, P=13, N=47)
2026-04-14 12:58:42,744 - INFO - Regula po iteracji 3: IF NOX <= 3.50 AND EDUC >= 10.65 AND PREC <= 45.50 AND JANT <= 45.50 THEN class = {873.99} [847.55, 900.44], (p=4, n=1, P=13, N=47)
2026-04-14 12:58:42,744 - INFO - *****GROWING RR RULE*****
2026-04-14 12:58:42,848 - INFO - Iteracja 0: condition_best: None, quality_best: -inf, coverage_best: (p=0, n=0, P=0, N=0), p_value: 0
2026-04-14 12:58:42,848 - INFO - Regula po iteracji 0: IF  THEN class = {940.36} [878.67, 1,002.04], (p=40, n=20, P=40, N=20)
2026-04-14 12:58:42,848 - INFO - *****STOP GROWING RR RULE*****
2026-04-14 12:58:42,848 - INFO - ***RR NOT FOUND***
2026-04-14 12:58:42,853 - INFO - Iteracja 4: condition_best: None, quality_best: -inf, coverage_best: (p=0, n=0, P=0, N=0)
2026-04-14 12:58:42,853 - INFO - Regula po iteracji 4: IF NOX <= 3.50 AND EDUC >= 10.65 AND PREC <= 45.50 AND JANT <= 45.50 THEN class = {873.99} [847.55, 900.44], (p=4, n=1, P=13, N=47)
2026-04-14 12:58:42,853 - INFO - *******STOP GROWING CR RULE*******
2026-04-14 12:58:42,853 - INFO - *******GROWING CR RULE*******
2026-04-14 12:58:42,902 - INFO - Iteracja 0: condition_best: NONW >= 12.80, quality_best: 0.423, coverage_best: (p=19, n=5, P=33, N=27)
2026-04-14 12:58:42,902 - INFO - Regula po iteracji 0: IF NONW >= 12.80 THEN class = {979.15} [923.66, 1,034.63], (p=19, n=5, P=33, N=27)
2026-04-14 12:58:42,902 - INFO - *****GROWING RR RULE*****
2026-04-14 12:58:42,996 - INFO - Iteracja 0: condition_best: None, quality_best: -inf, coverage_best: (p=0, n=0, P=0, N=0), p_value: 0
2026-04-14 12:58:42,996 - INFO - Regula po iteracji 0: IF  THEN class = {940.36} [878.67, 1,002.04], (p=40, n=20, P=40, N=20)
2026-04-14 12:58:42,996 - INFO - *****STOP GROWING RR RULE*****
2026-04-14 12:58:42,996 - INFO - ***RR NOT FOUND***
2026-04-14 12:58:43,021 - INFO - Iteracja 1: condition_best: POPN >= 3.09, quality_best: 0.594, coverage_best: (p=19, n=3, P=30, N=30)
2026-04-14 12:58:43,022 - INFO - Regula po iteracji 1: IF NONW >= 12.80 AND POPN >= 3.09 THEN class = {987.56} [938.05, 1,037.07], (p=19, n=3, P=30, N=30)
2026-04-14 12:58:43,022 - INFO - *****GROWING RR RULE*****
2026-04-14 12:58:43,116 - INFO - Iteracja 0: condition_best: None, quality_best: -inf, coverage_best: (p=0, n=0, P=0, N=0), p_value: 0
2026-04-14 12:58:43,116 - INFO - Regula po iteracji 0: IF  THEN class = {940.36} [878.67, 1,002.04], (p=40, n=20, P=40, N=20)
2026-04-14 12:58:43,116 - INFO - *****STOP GROWING RR RULE*****
2026-04-14 12:58:43,116 - INFO - ***RR NOT FOUND***
2026-04-14 12:58:43,138 - INFO - Iteracja 2: condition_best: DENS <= 6,281.50, quality_best: 0.661, coverage_best: (p=19, n=2, P=30, N=30)
2026-04-14 12:58:43,139 - INFO - Regula po iteracji 2: IF NONW >= 12.80 AND POPN >= 3.09 AND DENS <= 6,281.50 THEN class = {983.57} [936.48, 1,030.67], (p=19, n=2, P=30, N=30)
2026-04-14 12:58:43,139 - INFO - *****GROWING RR RULE*****
2026-04-14 12:58:43,233 - INFO - Iteracja 0: condition_best: None, quality_best: -inf, coverage_best: (p=0, n=0, P=0, N=0), p_value: 0
2026-04-14 12:58:43,233 - INFO - Regula po iteracji 0: IF  THEN class = {940.36} [878.67, 1,002.04], (p=40, n=20, P=40, N=20)
2026-04-14 12:58:43,233 - INFO - *****STOP GROWING RR RULE*****
2026-04-14 12:58:43,233 - INFO - ***RR NOT FOUND***
2026-04-14 12:58:43,255 - INFO - Iteracja 3: condition_best: JULT <= 83.00, quality_best: 0.688, coverage_best: (p=17, n=2, P=25, N=35)
2026-04-14 12:58:43,255 - INFO - Regula po iteracji 3: IF NONW >= 12.80 AND POPN >= 3.09 AND DENS <= 6,281.50 AND JULT <= 83.00 THEN class = {991.71} [952.56, 1,030.85], (p=17, n=2, P=25, N=35)
2026-04-14 12:58:43,255 - INFO - *****GROWING RR RULE*****
2026-04-14 12:58:43,349 - INFO - Iteracja 0: condition_best: None, quality_best: -inf, coverage_best: (p=0, n=0, P=0, N=0), p_value: 0
2026-04-14 12:58:43,349 - INFO - Regula po iteracji 0: IF  THEN class = {940.36} [878.67, 1,002.04], (p=40, n=20, P=40, N=20)
2026-04-14 12:58:43,349 - INFO - *****STOP GROWING RR RULE*****
2026-04-14 12:58:43,349 - INFO - ***RR NOT FOUND***
2026-04-14 12:58:43,369 - INFO - Iteracja 4: condition_best: OVR65 <= 9.25, quality_best: 0.695, coverage_best: (p=16, n=2, P=23, N=37)
2026-04-14 12:58:43,369 - INFO - Regula po iteracji 4: IF NONW >= 12.80 AND POPN >= 3.09 AND DENS <= 6,281.50 AND JULT <= 83.00 AND OVR65 <= 9.25 THEN class = {993.83} [954.68, 1,032.97], (p=16, n=2, P=23, N=37)
2026-04-14 12:58:43,370 - INFO - *****GROWING RR RULE*****
2026-04-14 12:58:43,465 - INFO - Iteracja 0: condition_best: None, quality_best: -inf, coverage_best: (p=0, n=0, P=0, N=0), p_value: 0
2026-04-14 12:58:43,465 - INFO - Regula po iteracji 0: IF  THEN class = {940.36} [878.67, 1,002.04], (p=40, n=20, P=40, N=20)
2026-04-14 12:58:43,465 - INFO - *****STOP GROWING RR RULE*****
2026-04-14 12:58:43,465 - INFO - ***RR NOT FOUND***
2026-04-14 12:58:43,465 - INFO - *******STOP GROWING CR RULE*******
2026-04-14 12:58:43,466 - INFO - *******GROWING CR RULE*******
2026-04-14 12:58:43,514 - INFO - Iteracja 0: condition_best: POPN <= 3.05, quality_best: 0.421, coverage_best: (p=5, n=1, P=26, N=34)
2026-04-14 12:58:43,514 - INFO - Regula po iteracji 0: IF POPN <= 3.05 THEN class = {903.81} [859.11, 948.51], (p=5, n=1, P=26, N=34)
2026-04-14 12:58:43,514 - INFO - *****GROWING RR RULE*****
2026-04-14 12:58:43,616 - INFO - Iteracja 0: condition_best: None, quality_best: -inf, coverage_best: (p=0, n=0, P=0, N=0), p_value: 0
2026-04-14 12:58:43,616 - INFO - Regula po iteracji 0: IF  THEN class = {940.36} [878.67, 1,002.04], (p=40, n=20, P=40, N=20)
2026-04-14 12:58:43,616 - INFO - *****STOP GROWING RR RULE*****
2026-04-14 12:58:43,616 - INFO - ***RR NOT FOUND***
2026-04-14 12:58:43,624 - INFO - Iteracja 1: condition_best: PREC >= 14.50, quality_best: 0.152, coverage_best: (p=3, n=2, P=27, N=33)
2026-04-14 12:58:43,624 - INFO - Regula po iteracji 1: IF POPN <= 3.05 AND PREC >= 14.50 THEN class = {912.21} [867.77, 956.65], (p=3, n=2, P=27, N=33)
2026-04-14 12:58:43,624 - INFO - *****GROWING RR RULE*****
2026-04-14 12:58:43,754 - INFO - Iteracja 0: condition_best: None, quality_best: -inf, coverage_best: (p=0, n=0, P=0, N=0), p_value: 0
2026-04-14 12:58:43,754 - INFO - Regula po iteracji 0: IF  THEN class = {940.36} [878.67, 1,002.04], (p=40, n=20, P=40, N=20)
2026-04-14 12:58:43,755 - INFO - *****STOP GROWING RR RULE*****
2026-04-14 12:58:43,755 - INFO - ***RR NOT FOUND***
2026-04-14 12:58:43,760 - INFO - Iteracja 2: condition_best: None, quality_best: -inf, coverage_best: (p=0, n=0, P=0, N=0)
2026-04-14 12:58:43,760 - INFO - Regula po iteracji 2: IF POPN <= 3.05 AND PREC >= 14.50 THEN class = {912.21} [867.77, 956.65], (p=3, n=2, P=27, N=33)
2026-04-14 12:58:43,760 - INFO - *******STOP GROWING CR RULE*******
2026-04-14 12:58:43,761 - INFO - *******GROWING CR RULE*******
2026-04-14 12:58:43,808 - INFO - Iteracja 0: condition_best: NONW <= 5.20, quality_best: 0.409, coverage_best: (p=13, n=4, P=28, N=32)
2026-04-14 12:58:43,808 - INFO - Regula po iteracji 0: IF NONW <= 5.20 THEN class = {903.41} [854.80, 952.01], (p=13, n=4, P=28, N=32)
2026-04-14 12:58:43,808 - INFO - *****GROWING RR RULE*****
2026-04-14 12:58:43,961 - INFO - Iteracja 0: condition_best: POOR <= 11.00, quality_best: 0.059, coverage_best: (p=7, n=3, P=40, N=20), p_value: 3
2026-04-14 12:58:43,961 - INFO - Regula po iteracji 0: IF POOR <= 11.00 THEN class = {940.36} [878.67, 1,002.04], (p=7, n=3, P=40, N=20)
2026-04-14 12:58:43,983 - INFO - Iteracja 1: condition_best: None, quality_best: -inf, coverage_best: (p=0, n=0, P=0, N=0), p_value: 3
2026-04-14 12:58:43,983 - INFO - Regula po iteracji 1: IF POOR <= 11.00 THEN class = {913.42} [846.71, 980.14], (p=7, n=3, P=40, N=20)
2026-04-14 12:58:43,983 - INFO - *****STOP GROWING RR RULE*****
2026-04-14 12:58:43,983 - INFO - ***RR FOUND***
2026-04-14 12:58:43,983 - INFO - Reference rule: IF POOR <= 11.00 THEN class = {913.42} [846.71, 980.14]
2026-04-14 12:58:43,983 - INFO - ***CHECKING EXCEPTION***
2026-04-14 12:58:43,985 - INFO - *******STOP GROWING CR RULE*******
2026-04-14 12:58:43,985 - INFO - *******GROWING CR RULE*******
2026-04-14 12:58:44,033 - INFO - Iteracja 0: condition_best: HOUS <= 79.85, quality_best: 0.409, coverage_best: (p=20, n=5, P=35, N=25)
2026-04-14 12:58:44,033 - INFO - Regula po iteracji 0: IF HOUS <= 79.85 THEN class = {961.81} [910.82, 1,012.80], (p=20, n=5, P=35, N=25)
2026-04-14 12:58:44,033 - INFO - *****GROWING RR RULE*****
2026-04-14 12:58:44,131 - INFO - Iteracja 0: condition_best: None, quality_best: -inf, coverage_best: (p=0, n=0, P=0, N=0), p_value: 0
2026-04-14 12:58:44,131 - INFO - Regula po iteracji 0: IF  THEN class = {940.36} [878.67, 1,002.04], (p=40, n=20, P=40, N=20)
2026-04-14 12:58:44,131 - INFO - *****STOP GROWING RR RULE*****
2026-04-14 12:58:44,131 - INFO - ***RR NOT FOUND***
2026-04-14 12:58:44,156 - INFO - Iteracja 1: condition_best: HOUS >= 71.05, quality_best: 0.519, coverage_best: (p=19, n=3, P=35, N=25)
2026-04-14 12:58:44,156 - INFO - Regula po iteracji 1: IF HOUS <= 79.85 AND HOUS >= 71.05 THEN class = {956.19} [905.52, 1,006.86], (p=19, n=3, P=35, N=25)
2026-04-14 12:58:44,157 - INFO - *****GROWING RR RULE*****
2026-04-14 12:58:44,255 - INFO - Iteracja 0: condition_best: None, quality_best: -inf, coverage_best: (p=0, n=0, P=0, N=0), p_value: 0
2026-04-14 12:58:44,255 - INFO - Regula po iteracji 0: IF  THEN class = {940.36} [878.67, 1,002.04], (p=40, n=20, P=40, N=20)
2026-04-14 12:58:44,255 - INFO - *****STOP GROWING RR RULE*****
2026-04-14 12:58:44,255 - INFO - ***RR NOT FOUND***
2026-04-14 12:58:44,277 - INFO - Iteracja 2: condition_best: JULT >= 70.50, quality_best: 0.595, coverage_best: (p=19, n=2, P=35, N=25)
2026-04-14 12:58:44,277 - INFO - Regula po iteracji 2: IF HOUS <= 79.85 AND HOUS >= 71.05 AND JULT >= 70.50 THEN class = {959.07} [909.00, 1,009.14], (p=19, n=2, P=35, N=25)
2026-04-14 12:58:44,277 - INFO - *****GROWING RR RULE*****
2026-04-14 12:58:44,375 - INFO - Iteracja 0: condition_best: None, quality_best: -inf, coverage_best: (p=0, n=0, P=0, N=0), p_value: 0
2026-04-14 12:58:44,375 - INFO - Regula po iteracji 0: IF  THEN class = {940.36} [878.67, 1,002.04], (p=40, n=20, P=40, N=20)
2026-04-14 12:58:44,375 - INFO - *****STOP GROWING RR RULE*****
2026-04-14 12:58:44,375 - INFO - ***RR NOT FOUND***
2026-04-14 12:58:44,396 - INFO - Iteracja 3: condition_best: OVR65 <= 11.20, quality_best: 0.575, coverage_best: (p=18, n=2, P=35, N=25)
2026-04-14 12:58:44,396 - INFO - Regula po iteracji 3: IF HOUS <= 79.85 AND HOUS >= 71.05 AND JULT >= 70.50 AND OVR65 <= 11.20 THEN class = {961.41} [911.24, 1,011.59], (p=18, n=2, P=35, N=25)
2026-04-14 12:58:44,397 - INFO - *****GROWING RR RULE*****
2026-04-14 12:58:44,494 - INFO - Iteracja 0: condition_best: None, quality_best: -inf, coverage_best: (p=0, n=0, P=0, N=0), p_value: 0
2026-04-14 12:58:44,494 - INFO - Regula po iteracji 0: IF  THEN class = {940.36} [878.67, 1,002.04], (p=40, n=20, P=40, N=20)
2026-04-14 12:58:44,494 - INFO - *****STOP GROWING RR RULE*****
2026-04-14 12:58:44,494 - INFO - ***RR NOT FOUND***
2026-04-14 12:58:44,514 - INFO - Iteracja 4: condition_best: JANT >= 23.50, quality_best: 0.555, coverage_best: (p=17, n=2, P=35, N=25)
2026-04-14 12:58:44,514 - INFO - Regula po iteracji 4: IF HOUS <= 79.85 AND HOUS >= 71.05 AND JULT >= 70.50 AND OVR65 <= 11.20 AND JANT >= 23.50 THEN class = {959.50} [908.74, 1,010.25], (p=17, n=2, P=35, N=25)
2026-04-14 12:58:44,514 - INFO - *****GROWING RR RULE*****
2026-04-14 12:58:44,612 - INFO - Iteracja 0: condition_best: None, quality_best: -inf, coverage_best: (p=0, n=0, P=0, N=0), p_value: 0
2026-04-14 12:58:44,612 - INFO - Regula po iteracji 0: IF  THEN class = {940.36} [878.67, 1,002.04], (p=40, n=20, P=40, N=20)
2026-04-14 12:58:44,612 - INFO - *****STOP GROWING RR RULE*****
2026-04-14 12:58:44,612 - INFO - ***RR NOT FOUND***
2026-04-14 12:58:44,612 - INFO - *******STOP GROWING CR RULE*******
2026-04-14 12:58:44,612 - INFO - *******GROWING CR RULE*******
2026-04-14 12:58:44,659 - INFO - Iteracja 0: condition_best: NONW <= 9.15, quality_best: 0.36, coverage_best: (p=21, n=8, P=31, N=29)
2026-04-14 12:58:44,659 - INFO - Regula po iteracji 0: IF NONW <= 9.15 THEN class = {905.15} [855.53, 954.76], (p=21, n=8, P=31, N=29)
2026-04-14 12:58:44,660 - INFO - *****GROWING RR RULE*****
2026-04-14 12:58:44,762 - INFO - Iteracja 0: condition_best: JANT >= 39.50, quality_best: -0.534, coverage_best: (p=11, n=5, P=50, N=10), p_value: 4
2026-04-14 12:58:44,762 - INFO - Regula po iteracji 0: IF JANT >= 39.50 THEN class = {940.36} [878.67, 1,002.04], (p=11, n=5, P=50, N=10)
2026-04-14 12:58:44,794 - INFO - Iteracja 1: condition_best: None, quality_best: -inf, coverage_best: (p=0, n=0, P=0, N=0), p_value: 4
2026-04-14 12:58:44,794 - INFO - Regula po iteracji 1: IF JANT >= 39.50 THEN class = {934.44} [852.57, 1,016.32], (p=11, n=5, P=50, N=10)
2026-04-14 12:58:44,794 - INFO - *****STOP GROWING RR RULE*****
2026-04-14 12:58:44,794 - INFO - ***RR FOUND***
2026-04-14 12:58:44,794 - INFO - Reference rule: IF JANT >= 39.50 THEN class = {934.44} [852.57, 1,016.32]
2026-04-14 12:58:44,794 - INFO - ***CHECKING EXCEPTION***
2026-04-14 12:58:44,796 - INFO - *******STOP GROWING CR RULE*******
2026-04-14 12:58:44,796 - INFO - *******GROWING CR RULE*******
2026-04-14 12:58:44,844 - INFO - Iteracja 0: condition_best: PREC <= 10.50, quality_best: 1.0, coverage_best: (p=1, n=0, P=1, N=59)
2026-04-14 12:58:44,844 - INFO - Regula po iteracji 0: IF PREC <= 10.50 THEN class = {839.71} [839.71, 839.71], (p=1, n=0, P=1, N=59)
2026-04-14 12:58:44,844 - INFO - *****GROWING RR RULE*****
2026-04-14 12:58:44,938 - INFO - Iteracja 0: condition_best: None, quality_best: -inf, coverage_best: (p=0, n=0, P=0, N=0), p_value: 0
2026-04-14 12:58:44,938 - INFO - Regula po iteracji 0: IF  THEN class = {940.36} [878.67, 1,002.04], (p=40, n=20, P=40, N=20)
2026-04-14 12:58:44,939 - INFO - *****STOP GROWING RR RULE*****
2026-04-14 12:58:44,939 - INFO - ***RR NOT FOUND***
2026-04-14 12:58:44,939 - INFO - Iteracja 1: condition_best: None, quality_best: -inf, coverage_best: (p=0, n=0, P=0, N=0)
2026-04-14 12:58:44,939 - INFO - Regula po iteracji 1: IF PREC <= 10.50 THEN class = {839.71} [839.71, 839.71], (p=1, n=0, P=1, N=59)
2026-04-14 12:58:44,939 - INFO - *******STOP GROWING CR RULE*******
2026-04-14 12:58:45,262 - INFO - ************************Finished experiment for pollution.arff with algorithm************************
2026-04-14 12:58:45,262 - INFO - *************************************************************************************************************************
2026-04-14 12:58:45,262 - INFO - *************************************************************************************************************************
2026-04-14 12:58:45,262 - INFO - *************************************************************************************************************************
