2026-04-12 13:25:00,380 - INFO - **********Starting experiment for 13_uis.arff with algorithm**********
2026-04-12 13:25:00,387 - INFO - *******GROWING CR RULE*******
2026-04-12 13:25:04,442 - INFO - Iteracja 0: condition_best: FRAC >= 0.09, quality_best: 1.0, coverage_best: (p=548, n=0, P=575, N=0)
2026-04-12 13:25:04,449 - INFO - Regula po iteracji 0: IF FRAC >= 0.09 THEN survival_status = {nan}, (p=548, n=0, P=575, N=0)
2026-04-12 13:25:04,449 - INFO - *****GROWING RR RULE*****
2026-04-12 13:25:15,545 - INFO - Iteracja 0: condition_best: None, quality_best: -inf, coverage_best: (p=0, n=0, P=0, N=0), p_value: 0
2026-04-12 13:25:15,549 - INFO - Regula po iteracji 0: IF  THEN survival_status = {nan}, (p=575, n=0, P=575, N=0)
2026-04-12 13:25:15,549 - INFO - *****STOP GROWING RR RULE*****
2026-04-12 13:25:15,549 - INFO - ***RR NOT FOUND***
2026-04-12 13:25:19,598 - INFO - Iteracja 1: condition_best: AGE >= 20.50, quality_best: 1.0, coverage_best: (p=547, n=0, P=575, N=0)
2026-04-12 13:25:19,604 - INFO - Regula po iteracji 1: IF FRAC >= 0.09 AND AGE >= 20.50 THEN survival_status = {180.0}, (p=547, n=0, P=575, N=0)
2026-04-12 13:25:19,604 - INFO - *****GROWING RR RULE*****
2026-04-12 13:25:30,711 - INFO - Iteracja 0: condition_best: None, quality_best: -inf, coverage_best: (p=0, n=0, P=0, N=0), p_value: 0
2026-04-12 13:25:30,716 - INFO - Regula po iteracji 0: IF  THEN survival_status = {nan}, (p=575, n=0, P=575, N=0)
2026-04-12 13:25:30,716 - INFO - *****STOP GROWING RR RULE*****
2026-04-12 13:25:30,716 - INFO - ***RR NOT FOUND***
2026-04-12 13:25:34,804 - INFO - Iteracja 2: condition_best: NDT <= 37.50, quality_best: 1.0, coverage_best: (p=546, n=0, P=575, N=0)
2026-04-12 13:25:34,810 - INFO - Regula po iteracji 2: IF FRAC >= 0.09 AND AGE >= 20.50 AND NDT <= 37.50 THEN survival_status = {180.0}, (p=546, n=0, P=575, N=0)
2026-04-12 13:25:34,810 - INFO - *****GROWING RR RULE*****
2026-04-12 13:25:45,919 - INFO - Iteracja 0: condition_best: None, quality_best: -inf, coverage_best: (p=0, n=0, P=0, N=0), p_value: 0
2026-04-12 13:25:45,923 - INFO - Regula po iteracji 0: IF  THEN survival_status = {nan}, (p=575, n=0, P=575, N=0)
2026-04-12 13:25:45,923 - INFO - *****STOP GROWING RR RULE*****
2026-04-12 13:25:45,923 - INFO - ***RR NOT FOUND***
2026-04-12 13:25:50,020 - INFO - Iteracja 3: condition_best: NDT <= 34.50, quality_best: 1.0, coverage_best: (p=545, n=0, P=575, N=0)
2026-04-12 13:25:50,026 - INFO - Regula po iteracji 3: IF FRAC >= 0.09 AND AGE >= 20.50 AND NDT <= 37.50 AND NDT <= 34.50 THEN survival_status = {181.0}, (p=545, n=0, P=575, N=0)
2026-04-12 13:25:50,027 - INFO - *****GROWING RR RULE*****
2026-04-12 13:26:01,135 - INFO - Iteracja 0: condition_best: None, quality_best: -inf, coverage_best: (p=0, n=0, P=0, N=0), p_value: 0
2026-04-12 13:26:01,139 - INFO - Regula po iteracji 0: IF  THEN survival_status = {nan}, (p=575, n=0, P=575, N=0)
2026-04-12 13:26:01,139 - INFO - *****STOP GROWING RR RULE*****
2026-04-12 13:26:01,140 - INFO - ***RR NOT FOUND***
2026-04-12 13:26:05,215 - INFO - Iteracja 4: condition_best: ND2 <= 0.37, quality_best: 1.0, coverage_best: (p=544, n=0, P=575, N=0)
2026-04-12 13:26:05,221 - INFO - Regula po iteracji 4: IF FRAC >= 0.09 AND AGE >= 20.50 AND NDT <= 37.50 AND NDT <= 34.50 AND ND2 <= 0.37 THEN survival_status = {181.0}, (p=544, n=0, P=575, N=0)
2026-04-12 13:26:05,221 - INFO - *****GROWING RR RULE*****
2026-04-12 13:26:16,331 - INFO - Iteracja 0: condition_best: None, quality_best: -inf, coverage_best: (p=0, n=0, P=0, N=0), p_value: 0
2026-04-12 13:26:16,335 - INFO - Regula po iteracji 0: IF  THEN survival_status = {nan}, (p=575, n=0, P=575, N=0)
2026-04-12 13:26:16,335 - INFO - *****STOP GROWING RR RULE*****
2026-04-12 13:26:16,335 - INFO - ***RR NOT FOUND***
2026-04-12 13:26:16,335 - INFO - *******STOP GROWING CR RULE*******
2026-04-12 13:26:16,343 - INFO - *******GROWING CR RULE*******
2026-04-12 13:26:18,694 - INFO - Iteracja 0: condition_best: FRAC <= 0.94, quality_best: 1.0, coverage_best: (p=348, n=0, P=575, N=0)
2026-04-12 13:26:18,700 - INFO - Regula po iteracji 0: IF FRAC <= 0.94 THEN survival_status = {nan}, (p=348, n=0, P=575, N=0)
2026-04-12 13:26:18,700 - INFO - *****GROWING RR RULE*****
2026-04-12 13:26:28,575 - INFO - Iteracja 0: condition_best: NDT >= 5.50, quality_best: 1.0, coverage_best: (p=159, n=0, P=575, N=0), p_value: 0.491
2026-04-12 13:26:28,581 - INFO - Regula po iteracji 0: IF NDT >= 5.50 THEN survival_status = {nan}, (p=159, n=0, P=575, N=0)
2026-04-12 13:26:34,376 - INFO - Iteracja 1: condition_best: FRAC <= 1.56, quality_best: 1.0, coverage_best: (p=144, n=0, P=575, N=0), p_value: 0.993
2026-04-12 13:26:34,382 - INFO - Regula po iteracji 1: IF NDT >= 5.50 AND FRAC <= 1.56 THEN survival_status = {133.0}, (p=144, n=0, P=575, N=0)
2026-04-12 13:26:39,830 - INFO - Iteracja 2: condition_best: None, quality_best: -inf, coverage_best: (p=0, n=0, P=0, N=0), p_value: 0.993
2026-04-12 13:26:39,836 - INFO - Regula po iteracji 2: IF NDT >= 5.50 AND FRAC <= 1.56 THEN survival_status = {121.0}, (p=144, n=0, P=575, N=0)
2026-04-12 13:26:39,836 - INFO - *****STOP GROWING RR RULE*****
2026-04-12 13:26:39,836 - INFO - ***RR FOUND***
2026-04-12 13:26:39,836 - INFO - Reference rule: IF NDT >= 5.50 AND FRAC <= 1.56 THEN survival_status = {121.0}
2026-04-12 13:26:39,836 - INFO - ***CHECKING EXCEPTION***
2026-04-12 13:26:39,839 - INFO - ER vs CR p_value: 0.019252548594922092
2026-04-12 13:26:39,839 - INFO - ER vs RR p_value: 0.04238450253924542
2026-04-12 13:26:39,857 - INFO - ***ER FOUND***
2026-04-12 13:26:39,858 - INFO - Exception rule: IF FRAC <= 0.94 AND NDT >= 5.50 AND FRAC <= 1.56 THEN survival_status = {80.0} (p=100, n=0, P=575, N=0)
2026-04-12 13:26:39,858 - INFO - *******STOP GROWING CR RULE*******
2026-04-12 13:26:39,863 - INFO - *******GROWING CR RULE*******
2026-04-12 13:26:42,145 - INFO - Iteracja 0: condition_best: FRAC >= 0.09, quality_best: 1.0, coverage_best: (p=548, n=0, P=575, N=0)
2026-04-12 13:26:42,151 - INFO - Regula po iteracji 0: IF FRAC >= 0.09 THEN survival_status = {nan}, (p=548, n=0, P=575, N=0)
2026-04-12 13:26:42,152 - INFO - *****GROWING RR RULE*****
2026-04-12 13:26:53,292 - INFO - Iteracja 0: condition_best: None, quality_best: -inf, coverage_best: (p=0, n=0, P=0, N=0), p_value: 0
2026-04-12 13:26:53,296 - INFO - Regula po iteracji 0: IF  THEN survival_status = {nan}, (p=575, n=0, P=575, N=0)
2026-04-12 13:26:53,296 - INFO - *****STOP GROWING RR RULE*****
2026-04-12 13:26:53,296 - INFO - ***RR NOT FOUND***
2026-04-12 13:26:55,655 - INFO - Iteracja 1: condition_best: AGE >= 20.50, quality_best: 1.0, coverage_best: (p=547, n=0, P=575, N=0)
2026-04-12 13:26:55,660 - INFO - Regula po iteracji 1: IF FRAC >= 0.09 AND AGE >= 20.50 THEN survival_status = {180.0}, (p=547, n=0, P=575, N=0)
2026-04-12 13:26:55,660 - INFO - *****GROWING RR RULE*****
2026-04-12 13:27:06,788 - INFO - Iteracja 0: condition_best: None, quality_best: -inf, coverage_best: (p=0, n=0, P=0, N=0), p_value: 0
2026-04-12 13:27:06,792 - INFO - Regula po iteracji 0: IF  THEN survival_status = {nan}, (p=575, n=0, P=575, N=0)
2026-04-12 13:27:06,793 - INFO - *****STOP GROWING RR RULE*****
2026-04-12 13:27:06,793 - INFO - ***RR NOT FOUND***
2026-04-12 13:27:09,192 - INFO - Iteracja 2: condition_best: NDT <= 37.50, quality_best: 1.0, coverage_best: (p=546, n=0, P=575, N=0)
2026-04-12 13:27:09,199 - INFO - Regula po iteracji 2: IF FRAC >= 0.09 AND AGE >= 20.50 AND NDT <= 37.50 THEN survival_status = {180.0}, (p=546, n=0, P=575, N=0)
2026-04-12 13:27:09,199 - INFO - *****GROWING RR RULE*****
2026-04-12 13:27:20,315 - INFO - Iteracja 0: condition_best: None, quality_best: -inf, coverage_best: (p=0, n=0, P=0, N=0), p_value: 0
2026-04-12 13:27:20,320 - INFO - Regula po iteracji 0: IF  THEN survival_status = {nan}, (p=575, n=0, P=575, N=0)
2026-04-12 13:27:20,320 - INFO - *****STOP GROWING RR RULE*****
2026-04-12 13:27:20,320 - INFO - ***RR NOT FOUND***
2026-04-12 13:27:22,736 - INFO - Iteracja 3: condition_best: NDT <= 34.50, quality_best: 1.0, coverage_best: (p=545, n=0, P=575, N=0)
2026-04-12 13:27:22,741 - INFO - Regula po iteracji 3: IF FRAC >= 0.09 AND AGE >= 20.50 AND NDT <= 37.50 AND NDT <= 34.50 THEN survival_status = {181.0}, (p=545, n=0, P=575, N=0)
2026-04-12 13:27:22,741 - INFO - *****GROWING RR RULE*****
2026-04-12 13:27:33,911 - INFO - Iteracja 0: condition_best: None, quality_best: -inf, coverage_best: (p=0, n=0, P=0, N=0), p_value: 0
2026-04-12 13:27:33,916 - INFO - Regula po iteracji 0: IF  THEN survival_status = {nan}, (p=575, n=0, P=575, N=0)
2026-04-12 13:27:33,916 - INFO - *****STOP GROWING RR RULE*****
2026-04-12 13:27:33,916 - INFO - ***RR NOT FOUND***
2026-04-12 13:27:36,498 - INFO - Iteracja 4: condition_best: ND2 <= 0.37, quality_best: 1.0, coverage_best: (p=544, n=0, P=575, N=0)
2026-04-12 13:27:36,504 - INFO - Regula po iteracji 4: IF FRAC >= 0.09 AND AGE >= 20.50 AND NDT <= 37.50 AND NDT <= 34.50 AND ND2 <= 0.37 THEN survival_status = {181.0}, (p=544, n=0, P=575, N=0)
2026-04-12 13:27:36,504 - INFO - *****GROWING RR RULE*****
2026-04-12 13:27:47,603 - INFO - Iteracja 0: condition_best: None, quality_best: -inf, coverage_best: (p=0, n=0, P=0, N=0), p_value: 0
2026-04-12 13:27:47,607 - INFO - Regula po iteracji 0: IF  THEN survival_status = {nan}, (p=575, n=0, P=575, N=0)
2026-04-12 13:27:47,607 - INFO - *****STOP GROWING RR RULE*****
2026-04-12 13:27:47,607 - INFO - ***RR NOT FOUND***
2026-04-12 13:27:47,607 - INFO - *******STOP GROWING CR RULE*******
2026-04-12 13:27:47,757 - INFO - ************************Finished experiment for 13_uis.arff with algorithm************************
2026-04-12 13:27:47,757 - INFO - *************************************************************************************************************************
2026-04-12 13:27:47,757 - INFO - *************************************************************************************************************************
2026-04-12 13:27:47,757 - INFO - *************************************************************************************************************************
