2026-04-14 12:58:52,673 - INFO - **********Starting experiment for servo.arff with algorithm**********
2026-04-14 12:58:52,678 - INFO - *******GROWING CR RULE*******
2026-04-14 12:58:52,680 - INFO - Iteracja 0: condition_best: pgain = {3}, quality_best: 0.533, coverage_best: (p=31, n=19, P=31, N=136)
2026-04-14 12:58:52,680 - INFO - Regula po iteracji 0: IF pgain = {3} THEN class = {3.22} [1.45, 4.99], (p=31, n=19, P=31, N=136)
2026-04-14 12:58:52,680 - INFO - *****GROWING RR RULE*****
2026-04-14 12:58:52,684 - INFO - Iteracja 0: condition_best: None, quality_best: -inf, coverage_best: (p=0, n=0, P=0, N=0), p_value: 0
2026-04-14 12:58:52,684 - INFO - Regula po iteracji 0: IF  THEN class = {1.39} [-0.17, 2.94], (p=139, n=28, P=139, N=28)
2026-04-14 12:58:52,684 - INFO - *****STOP GROWING RR RULE*****
2026-04-14 12:58:52,684 - INFO - ***RR NOT FOUND***
2026-04-14 12:58:52,685 - INFO - Iteracja 1: condition_best: motor = {B}, quality_best: 0.445, coverage_best: (p=7, n=3, P=20, N=147)
2026-04-14 12:58:52,685 - INFO - Regula po iteracji 1: IF pgain = {3} AND motor = {B} THEN class = {4.42} [3.88, 4.96], (p=7, n=3, P=20, N=147)
2026-04-14 12:58:52,686 - INFO - *****GROWING RR RULE*****
2026-04-14 12:58:52,688 - INFO - Iteracja 0: condition_best: None, quality_best: -inf, coverage_best: (p=0, n=0, P=0, N=0), p_value: 0
2026-04-14 12:58:52,688 - INFO - Regula po iteracji 0: IF  THEN class = {1.39} [-0.17, 2.94], (p=139, n=28, P=139, N=28)
2026-04-14 12:58:52,688 - INFO - *****STOP GROWING RR RULE*****
2026-04-14 12:58:52,688 - INFO - ***RR NOT FOUND***
2026-04-14 12:58:52,689 - INFO - Iteracja 2: condition_best: vgain = {2}, quality_best: 0.342, coverage_best: (p=3, n=2, P=14, N=153)
2026-04-14 12:58:52,689 - INFO - Regula po iteracji 2: IF pgain = {3} AND motor = {B} AND vgain = {2} THEN class = {4.62} [4.14, 5.10], (p=3, n=2, P=14, N=153)
2026-04-14 12:58:52,689 - INFO - *****GROWING RR RULE*****
2026-04-14 12:58:52,691 - INFO - Iteracja 0: condition_best: None, quality_best: -inf, coverage_best: (p=0, n=0, P=0, N=0), p_value: 0
2026-04-14 12:58:52,691 - INFO - Regula po iteracji 0: IF  THEN class = {1.39} [-0.17, 2.94], (p=139, n=28, P=139, N=28)
2026-04-14 12:58:52,691 - INFO - *****STOP GROWING RR RULE*****
2026-04-14 12:58:52,691 - INFO - ***RR NOT FOUND***
2026-04-14 12:58:52,692 - INFO - Iteracja 3: condition_best: None, quality_best: -inf, coverage_best: (p=0, n=0, P=0, N=0)
2026-04-14 12:58:52,692 - INFO - Regula po iteracji 3: IF pgain = {3} AND motor = {B} AND vgain = {2} THEN class = {4.62} [4.14, 5.10], (p=3, n=2, P=14, N=153)
2026-04-14 12:58:52,692 - INFO - *******STOP GROWING CR RULE*******
2026-04-14 12:58:52,693 - INFO - *******GROWING CR RULE*******
2026-04-14 12:58:52,695 - INFO - Iteracja 0: condition_best: pgain = {3}, quality_best: 0.533, coverage_best: (p=31, n=19, P=31, N=136)
2026-04-14 12:58:52,695 - INFO - Regula po iteracji 0: IF pgain = {3} THEN class = {3.22} [1.45, 4.99], (p=31, n=19, P=31, N=136)
2026-04-14 12:58:52,695 - INFO - *****GROWING RR RULE*****
2026-04-14 12:58:52,699 - INFO - Iteracja 0: condition_best: None, quality_best: -inf, coverage_best: (p=0, n=0, P=0, N=0), p_value: 0
2026-04-14 12:58:52,699 - INFO - Regula po iteracji 0: IF  THEN class = {1.39} [-0.17, 2.94], (p=139, n=28, P=139, N=28)
2026-04-14 12:58:52,699 - INFO - *****STOP GROWING RR RULE*****
2026-04-14 12:58:52,699 - INFO - ***RR NOT FOUND***
2026-04-14 12:58:52,700 - INFO - Iteracja 1: condition_best: motor = {B}, quality_best: 0.445, coverage_best: (p=7, n=3, P=20, N=147)
2026-04-14 12:58:52,700 - INFO - Regula po iteracji 1: IF pgain = {3} AND motor = {B} THEN class = {4.42} [3.88, 4.96], (p=7, n=3, P=20, N=147)
2026-04-14 12:58:52,700 - INFO - *****GROWING RR RULE*****
2026-04-14 12:58:52,702 - INFO - Iteracja 0: condition_best: None, quality_best: -inf, coverage_best: (p=0, n=0, P=0, N=0), p_value: 0
2026-04-14 12:58:52,702 - INFO - Regula po iteracji 0: IF  THEN class = {1.39} [-0.17, 2.94], (p=139, n=28, P=139, N=28)
2026-04-14 12:58:52,703 - INFO - *****STOP GROWING RR RULE*****
2026-04-14 12:58:52,703 - INFO - ***RR NOT FOUND***
2026-04-14 12:58:52,703 - INFO - Iteracja 2: condition_best: vgain = {1}, quality_best: 0.314, coverage_best: (p=3, n=2, P=20, N=147)
2026-04-14 12:58:52,703 - INFO - Regula po iteracji 2: IF pgain = {3} AND motor = {B} AND vgain = {1} THEN class = {4.22} [3.70, 4.74], (p=3, n=2, P=20, N=147)
2026-04-14 12:58:52,704 - INFO - *****GROWING RR RULE*****
2026-04-14 12:58:52,706 - INFO - Iteracja 0: condition_best: None, quality_best: -inf, coverage_best: (p=0, n=0, P=0, N=0), p_value: 0
2026-04-14 12:58:52,706 - INFO - Regula po iteracji 0: IF  THEN class = {1.39} [-0.17, 2.94], (p=139, n=28, P=139, N=28)
2026-04-14 12:58:52,706 - INFO - *****STOP GROWING RR RULE*****
2026-04-14 12:58:52,706 - INFO - ***RR NOT FOUND***
2026-04-14 12:58:52,707 - INFO - Iteracja 3: condition_best: None, quality_best: -inf, coverage_best: (p=0, n=0, P=0, N=0)
2026-04-14 12:58:52,707 - INFO - Regula po iteracji 3: IF pgain = {3} AND motor = {B} AND vgain = {1} THEN class = {4.22} [3.70, 4.74], (p=3, n=2, P=20, N=147)
2026-04-14 12:58:52,707 - INFO - *******STOP GROWING CR RULE*******
2026-04-14 12:58:52,708 - INFO - *******GROWING CR RULE*******
2026-04-14 12:58:52,709 - INFO - Iteracja 0: condition_best: pgain = {3}, quality_best: 0.533, coverage_best: (p=31, n=19, P=31, N=136)
2026-04-14 12:58:52,709 - INFO - Regula po iteracji 0: IF pgain = {3} THEN class = {3.22} [1.45, 4.99], (p=31, n=19, P=31, N=136)
2026-04-14 12:58:52,710 - INFO - *****GROWING RR RULE*****
2026-04-14 12:58:52,713 - INFO - Iteracja 0: condition_best: None, quality_best: -inf, coverage_best: (p=0, n=0, P=0, N=0), p_value: 0
2026-04-14 12:58:52,714 - INFO - Regula po iteracji 0: IF  THEN class = {1.39} [-0.17, 2.94], (p=139, n=28, P=139, N=28)
2026-04-14 12:58:52,714 - INFO - *****STOP GROWING RR RULE*****
2026-04-14 12:58:52,714 - INFO - ***RR NOT FOUND***
2026-04-14 12:58:52,715 - INFO - Iteracja 1: condition_best: vgain = {2}, quality_best: 0.399, coverage_best: (p=15, n=10, P=28, N=139)
2026-04-14 12:58:52,715 - INFO - Regula po iteracji 1: IF pgain = {3} AND vgain = {2} THEN class = {3.52} [1.81, 5.22], (p=15, n=10, P=28, N=139)
2026-04-14 12:58:52,715 - INFO - *****GROWING RR RULE*****
2026-04-14 12:58:52,717 - INFO - Iteracja 0: condition_best: None, quality_best: -inf, coverage_best: (p=0, n=0, P=0, N=0), p_value: 0
2026-04-14 12:58:52,717 - INFO - Regula po iteracji 0: IF  THEN class = {1.39} [-0.17, 2.94], (p=139, n=28, P=139, N=28)
2026-04-14 12:58:52,717 - INFO - *****STOP GROWING RR RULE*****
2026-04-14 12:58:52,717 - INFO - ***RR NOT FOUND***
2026-04-14 12:58:52,718 - INFO - Iteracja 2: condition_best: motor = {A}, quality_best: 0.536, coverage_best: (p=4, n=1, P=11, N=156)
2026-04-14 12:58:52,718 - INFO - Regula po iteracji 2: IF pgain = {3} AND vgain = {2} AND motor = {A} THEN class = {4.82} [4.37, 5.27], (p=4, n=1, P=11, N=156)
2026-04-14 12:58:52,718 - INFO - *****GROWING RR RULE*****
2026-04-14 12:58:52,720 - INFO - Iteracja 0: condition_best: None, quality_best: -inf, coverage_best: (p=0, n=0, P=0, N=0), p_value: 0
2026-04-14 12:58:52,721 - INFO - Regula po iteracji 0: IF  THEN class = {1.39} [-0.17, 2.94], (p=139, n=28, P=139, N=28)
2026-04-14 12:58:52,721 - INFO - *****STOP GROWING RR RULE*****
2026-04-14 12:58:52,721 - INFO - ***RR NOT FOUND***
2026-04-14 12:58:52,721 - INFO - Iteracja 3: condition_best: None, quality_best: -inf, coverage_best: (p=0, n=0, P=0, N=0)
2026-04-14 12:58:52,721 - INFO - Regula po iteracji 3: IF pgain = {3} AND vgain = {2} AND motor = {A} THEN class = {4.82} [4.37, 5.27], (p=4, n=1, P=11, N=156)
2026-04-14 12:58:52,721 - INFO - *******STOP GROWING CR RULE*******
2026-04-14 12:58:52,723 - INFO - *******GROWING CR RULE*******
2026-04-14 12:58:52,724 - INFO - Iteracja 0: condition_best: pgain = {3}, quality_best: 0.533, coverage_best: (p=31, n=19, P=31, N=136)
2026-04-14 12:58:52,724 - INFO - Regula po iteracji 0: IF pgain = {3} THEN class = {3.22} [1.45, 4.99], (p=31, n=19, P=31, N=136)
2026-04-14 12:58:52,724 - INFO - *****GROWING RR RULE*****
2026-04-14 12:58:52,728 - INFO - Iteracja 0: condition_best: None, quality_best: -inf, coverage_best: (p=0, n=0, P=0, N=0), p_value: 0
2026-04-14 12:58:52,728 - INFO - Regula po iteracji 0: IF  THEN class = {1.39} [-0.17, 2.94], (p=139, n=28, P=139, N=28)
2026-04-14 12:58:52,728 - INFO - *****STOP GROWING RR RULE*****
2026-04-14 12:58:52,728 - INFO - ***RR NOT FOUND***
2026-04-14 12:58:52,729 - INFO - Iteracja 1: condition_best: vgain = {2}, quality_best: 0.399, coverage_best: (p=15, n=10, P=28, N=139)
2026-04-14 12:58:52,729 - INFO - Regula po iteracji 1: IF pgain = {3} AND vgain = {2} THEN class = {3.52} [1.81, 5.22], (p=15, n=10, P=28, N=139)
2026-04-14 12:58:52,730 - INFO - *****GROWING RR RULE*****
2026-04-14 12:58:52,732 - INFO - Iteracja 0: condition_best: None, quality_best: -inf, coverage_best: (p=0, n=0, P=0, N=0), p_value: 0
2026-04-14 12:58:52,732 - INFO - Regula po iteracji 0: IF  THEN class = {1.39} [-0.17, 2.94], (p=139, n=28, P=139, N=28)
2026-04-14 12:58:52,732 - INFO - *****STOP GROWING RR RULE*****
2026-04-14 12:58:52,732 - INFO - ***RR NOT FOUND***
2026-04-14 12:58:52,733 - INFO - Iteracja 2: condition_best: motor = {C}, quality_best: 0.31, coverage_best: (p=3, n=2, P=21, N=146)
2026-04-14 12:58:52,733 - INFO - Regula po iteracji 2: IF pgain = {3} AND vgain = {2} AND motor = {C} THEN class = {3.98} [2.89, 5.07], (p=3, n=2, P=21, N=146)
2026-04-14 12:58:52,733 - INFO - *****GROWING RR RULE*****
2026-04-14 12:58:52,735 - INFO - Iteracja 0: condition_best: None, quality_best: -inf, coverage_best: (p=0, n=0, P=0, N=0), p_value: 0
2026-04-14 12:58:52,735 - INFO - Regula po iteracji 0: IF  THEN class = {1.39} [-0.17, 2.94], (p=139, n=28, P=139, N=28)
2026-04-14 12:58:52,735 - INFO - *****STOP GROWING RR RULE*****
2026-04-14 12:58:52,735 - INFO - ***RR NOT FOUND***
2026-04-14 12:58:52,736 - INFO - Iteracja 3: condition_best: None, quality_best: -inf, coverage_best: (p=0, n=0, P=0, N=0)
2026-04-14 12:58:52,736 - INFO - Regula po iteracji 3: IF pgain = {3} AND vgain = {2} AND motor = {C} THEN class = {3.98} [2.89, 5.07], (p=3, n=2, P=21, N=146)
2026-04-14 12:58:52,736 - INFO - *******STOP GROWING CR RULE*******
2026-04-14 12:58:52,737 - INFO - *******GROWING CR RULE*******
2026-04-14 12:58:52,739 - INFO - Iteracja 0: condition_best: pgain = {3}, quality_best: 0.533, coverage_best: (p=31, n=19, P=31, N=136)
2026-04-14 12:58:52,739 - INFO - Regula po iteracji 0: IF pgain = {3} THEN class = {3.22} [1.45, 4.99], (p=31, n=19, P=31, N=136)
2026-04-14 12:58:52,739 - INFO - *****GROWING RR RULE*****
2026-04-14 12:58:52,743 - INFO - Iteracja 0: condition_best: None, quality_best: -inf, coverage_best: (p=0, n=0, P=0, N=0), p_value: 0
2026-04-14 12:58:52,743 - INFO - Regula po iteracji 0: IF  THEN class = {1.39} [-0.17, 2.94], (p=139, n=28, P=139, N=28)
2026-04-14 12:58:52,743 - INFO - *****STOP GROWING RR RULE*****
2026-04-14 12:58:52,743 - INFO - ***RR NOT FOUND***
2026-04-14 12:58:52,744 - INFO - Iteracja 1: condition_best: vgain = {2}, quality_best: 0.399, coverage_best: (p=15, n=10, P=28, N=139)
2026-04-14 12:58:52,744 - INFO - Regula po iteracji 1: IF pgain = {3} AND vgain = {2} THEN class = {3.52} [1.81, 5.22], (p=15, n=10, P=28, N=139)
2026-04-14 12:58:52,744 - INFO - *****GROWING RR RULE*****
2026-04-14 12:58:52,746 - INFO - Iteracja 0: condition_best: None, quality_best: -inf, coverage_best: (p=0, n=0, P=0, N=0), p_value: 0
2026-04-14 12:58:52,746 - INFO - Regula po iteracji 0: IF  THEN class = {1.39} [-0.17, 2.94], (p=139, n=28, P=139, N=28)
2026-04-14 12:58:52,746 - INFO - *****STOP GROWING RR RULE*****
2026-04-14 12:58:52,746 - INFO - ***RR NOT FOUND***
2026-04-14 12:58:52,747 - INFO - Iteracja 2: condition_best: motor = {D}, quality_best: 0.293, coverage_best: (p=3, n=2, P=26, N=141)
2026-04-14 12:58:52,747 - INFO - Regula po iteracji 2: IF pgain = {3} AND vgain = {2} AND motor = {D} THEN class = {1.62} [1.02, 2.22], (p=3, n=2, P=26, N=141)
2026-04-14 12:58:52,748 - INFO - *****GROWING RR RULE*****
2026-04-14 12:58:52,750 - INFO - Iteracja 0: condition_best: None, quality_best: -inf, coverage_best: (p=0, n=0, P=0, N=0), p_value: 0
2026-04-14 12:58:52,750 - INFO - Regula po iteracji 0: IF  THEN class = {1.39} [-0.17, 2.94], (p=139, n=28, P=139, N=28)
2026-04-14 12:58:52,750 - INFO - *****STOP GROWING RR RULE*****
2026-04-14 12:58:52,750 - INFO - ***RR NOT FOUND***
2026-04-14 12:58:52,751 - INFO - Iteracja 3: condition_best: None, quality_best: -inf, coverage_best: (p=0, n=0, P=0, N=0)
2026-04-14 12:58:52,751 - INFO - Regula po iteracji 3: IF pgain = {3} AND vgain = {2} AND motor = {D} THEN class = {1.62} [1.02, 2.22], (p=3, n=2, P=26, N=141)
2026-04-14 12:58:52,751 - INFO - *******STOP GROWING CR RULE*******
2026-04-14 12:58:52,752 - INFO - *******GROWING CR RULE*******
2026-04-14 12:58:52,753 - INFO - Iteracja 0: condition_best: pgain = {3}, quality_best: 0.533, coverage_best: (p=31, n=19, P=31, N=136)
2026-04-14 12:58:52,753 - INFO - Regula po iteracji 0: IF pgain = {3} THEN class = {3.22} [1.45, 4.99], (p=31, n=19, P=31, N=136)
2026-04-14 12:58:52,753 - INFO - *****GROWING RR RULE*****
2026-04-14 12:58:52,757 - INFO - Iteracja 0: condition_best: None, quality_best: -inf, coverage_best: (p=0, n=0, P=0, N=0), p_value: 0
2026-04-14 12:58:52,757 - INFO - Regula po iteracji 0: IF  THEN class = {1.39} [-0.17, 2.94], (p=139, n=28, P=139, N=28)
2026-04-14 12:58:52,757 - INFO - *****STOP GROWING RR RULE*****
2026-04-14 12:58:52,757 - INFO - ***RR NOT FOUND***
2026-04-14 12:58:52,758 - INFO - Iteracja 1: condition_best: vgain = {2}, quality_best: 0.399, coverage_best: (p=15, n=10, P=28, N=139)
2026-04-14 12:58:52,758 - INFO - Regula po iteracji 1: IF pgain = {3} AND vgain = {2} THEN class = {3.52} [1.81, 5.22], (p=15, n=10, P=28, N=139)
2026-04-14 12:58:52,759 - INFO - *****GROWING RR RULE*****
2026-04-14 12:58:52,761 - INFO - Iteracja 0: condition_best: None, quality_best: -inf, coverage_best: (p=0, n=0, P=0, N=0), p_value: 0
2026-04-14 12:58:52,761 - INFO - Regula po iteracji 0: IF  THEN class = {1.39} [-0.17, 2.94], (p=139, n=28, P=139, N=28)
2026-04-14 12:58:52,761 - INFO - *****STOP GROWING RR RULE*****
2026-04-14 12:58:52,761 - INFO - ***RR NOT FOUND***
2026-04-14 12:58:52,762 - INFO - Iteracja 2: condition_best: motor = {E}, quality_best: -0.232, coverage_best: (p=4, n=1, P=144, N=23)
2026-04-14 12:58:52,762 - INFO - Regula po iteracji 2: IF pgain = {3} AND vgain = {2} AND motor = {E} THEN class = {2.54} [0.34, 4.74], (p=4, n=1, P=144, N=23)
2026-04-14 12:58:52,762 - INFO - *****GROWING RR RULE*****
2026-04-14 12:58:52,766 - INFO - Iteracja 0: condition_best: None, quality_best: -inf, coverage_best: (p=0, n=0, P=0, N=0), p_value: 0
2026-04-14 12:58:52,766 - INFO - Regula po iteracji 0: IF  THEN class = {1.39} [-0.17, 2.94], (p=139, n=28, P=139, N=28)
2026-04-14 12:58:52,766 - INFO - *****STOP GROWING RR RULE*****
2026-04-14 12:58:52,766 - INFO - ***RR NOT FOUND***
2026-04-14 12:58:52,767 - INFO - Iteracja 3: condition_best: None, quality_best: -inf, coverage_best: (p=0, n=0, P=0, N=0)
2026-04-14 12:58:52,767 - INFO - Regula po iteracji 3: IF pgain = {3} AND vgain = {2} AND motor = {E} THEN class = {2.54} [0.34, 4.74], (p=4, n=1, P=144, N=23)
2026-04-14 12:58:52,767 - INFO - *******STOP GROWING CR RULE*******
2026-04-14 12:58:52,768 - INFO - *******GROWING CR RULE*******
2026-04-14 12:58:52,769 - INFO - Iteracja 0: condition_best: pgain = {3}, quality_best: 0.533, coverage_best: (p=31, n=19, P=31, N=136)
2026-04-14 12:58:52,769 - INFO - Regula po iteracji 0: IF pgain = {3} THEN class = {3.22} [1.45, 4.99], (p=31, n=19, P=31, N=136)
2026-04-14 12:58:52,770 - INFO - *****GROWING RR RULE*****
2026-04-14 12:58:52,773 - INFO - Iteracja 0: condition_best: None, quality_best: -inf, coverage_best: (p=0, n=0, P=0, N=0), p_value: 0
2026-04-14 12:58:52,774 - INFO - Regula po iteracji 0: IF  THEN class = {1.39} [-0.17, 2.94], (p=139, n=28, P=139, N=28)
2026-04-14 12:58:52,774 - INFO - *****STOP GROWING RR RULE*****
2026-04-14 12:58:52,774 - INFO - ***RR NOT FOUND***
2026-04-14 12:58:52,775 - INFO - Iteracja 1: condition_best: vgain = {1}, quality_best: 0.379, coverage_best: (p=16, n=9, P=38, N=129)
2026-04-14 12:58:52,775 - INFO - Regula po iteracji 1: IF pgain = {3} AND vgain = {1} THEN class = {2.92} [1.14, 4.71], (p=16, n=9, P=38, N=129)
2026-04-14 12:58:52,775 - INFO - *****GROWING RR RULE*****
2026-04-14 12:58:52,779 - INFO - Iteracja 0: condition_best: None, quality_best: -inf, coverage_best: (p=0, n=0, P=0, N=0), p_value: 0
2026-04-14 12:58:52,779 - INFO - Regula po iteracji 0: IF  THEN class = {1.39} [-0.17, 2.94], (p=139, n=28, P=139, N=28)
2026-04-14 12:58:52,779 - INFO - *****STOP GROWING RR RULE*****
2026-04-14 12:58:52,779 - INFO - ***RR NOT FOUND***
2026-04-14 12:58:52,780 - INFO - Iteracja 2: condition_best: motor = {A}, quality_best: 0.464, coverage_best: (p=4, n=1, P=20, N=147)
2026-04-14 12:58:52,780 - INFO - Regula po iteracji 2: IF pgain = {3} AND vgain = {1} AND motor = {A} THEN class = {4.38} [3.83, 4.93], (p=4, n=1, P=20, N=147)
2026-04-14 12:58:52,780 - INFO - *****GROWING RR RULE*****
2026-04-14 12:58:52,782 - INFO - Iteracja 0: condition_best: None, quality_best: -inf, coverage_best: (p=0, n=0, P=0, N=0), p_value: 0
2026-04-14 12:58:52,782 - INFO - Regula po iteracji 0: IF  THEN class = {1.39} [-0.17, 2.94], (p=139, n=28, P=139, N=28)
2026-04-14 12:58:52,783 - INFO - *****STOP GROWING RR RULE*****
2026-04-14 12:58:52,783 - INFO - ***RR NOT FOUND***
2026-04-14 12:58:52,783 - INFO - Iteracja 3: condition_best: None, quality_best: -inf, coverage_best: (p=0, n=0, P=0, N=0)
2026-04-14 12:58:52,783 - INFO - Regula po iteracji 3: IF pgain = {3} AND vgain = {1} AND motor = {A} THEN class = {4.38} [3.83, 4.93], (p=4, n=1, P=20, N=147)
2026-04-14 12:58:52,783 - INFO - *******STOP GROWING CR RULE*******
2026-04-14 12:58:52,784 - INFO - *******GROWING CR RULE*******
2026-04-14 12:58:52,786 - INFO - Iteracja 0: condition_best: pgain = {3}, quality_best: 0.533, coverage_best: (p=31, n=19, P=31, N=136)
2026-04-14 12:58:52,786 - INFO - Regula po iteracji 0: IF pgain = {3} THEN class = {3.22} [1.45, 4.99], (p=31, n=19, P=31, N=136)
2026-04-14 12:58:52,786 - INFO - *****GROWING RR RULE*****
2026-04-14 12:58:52,790 - INFO - Iteracja 0: condition_best: None, quality_best: -inf, coverage_best: (p=0, n=0, P=0, N=0), p_value: 0
2026-04-14 12:58:52,790 - INFO - Regula po iteracji 0: IF  THEN class = {1.39} [-0.17, 2.94], (p=139, n=28, P=139, N=28)
2026-04-14 12:58:52,790 - INFO - *****STOP GROWING RR RULE*****
2026-04-14 12:58:52,790 - INFO - ***RR NOT FOUND***
2026-04-14 12:58:52,791 - INFO - Iteracja 1: condition_best: vgain = {1}, quality_best: 0.379, coverage_best: (p=16, n=9, P=38, N=129)
2026-04-14 12:58:52,791 - INFO - Regula po iteracji 1: IF pgain = {3} AND vgain = {1} THEN class = {2.92} [1.14, 4.71], (p=16, n=9, P=38, N=129)
2026-04-14 12:58:52,791 - INFO - *****GROWING RR RULE*****
2026-04-14 12:58:52,795 - INFO - Iteracja 0: condition_best: None, quality_best: -inf, coverage_best: (p=0, n=0, P=0, N=0), p_value: 0
2026-04-14 12:58:52,795 - INFO - Regula po iteracji 0: IF  THEN class = {1.39} [-0.17, 2.94], (p=139, n=28, P=139, N=28)
2026-04-14 12:58:52,795 - INFO - *****STOP GROWING RR RULE*****
2026-04-14 12:58:52,795 - INFO - ***RR NOT FOUND***
2026-04-14 12:58:52,796 - INFO - Iteracja 2: condition_best: motor = {D}, quality_best: 0.286, coverage_best: (p=4, n=1, P=93, N=74)
2026-04-14 12:58:52,796 - INFO - Regula po iteracji 2: IF pgain = {3} AND vgain = {1} AND motor = {D} THEN class = {1.18} [0.47, 1.89], (p=4, n=1, P=93, N=74)
2026-04-14 12:58:52,796 - INFO - *****GROWING RR RULE*****
2026-04-14 12:58:52,798 - INFO - Iteracja 0: condition_best: None, quality_best: -inf, coverage_best: (p=0, n=0, P=0, N=0), p_value: 0
2026-04-14 12:58:52,799 - INFO - Regula po iteracji 0: IF  THEN class = {1.39} [-0.17, 2.94], (p=139, n=28, P=139, N=28)
2026-04-14 12:58:52,799 - INFO - *****STOP GROWING RR RULE*****
2026-04-14 12:58:52,799 - INFO - ***RR NOT FOUND***
2026-04-14 12:58:52,799 - INFO - Iteracja 3: condition_best: None, quality_best: -inf, coverage_best: (p=0, n=0, P=0, N=0)
2026-04-14 12:58:52,799 - INFO - Regula po iteracji 3: IF pgain = {3} AND vgain = {1} AND motor = {D} THEN class = {1.18} [0.47, 1.89], (p=4, n=1, P=93, N=74)
2026-04-14 12:58:52,799 - INFO - *******STOP GROWING CR RULE*******
2026-04-14 12:58:52,801 - INFO - *******GROWING CR RULE*******
2026-04-14 12:58:52,802 - INFO - Iteracja 0: condition_best: pgain = {3}, quality_best: 0.533, coverage_best: (p=31, n=19, P=31, N=136)
2026-04-14 12:58:52,802 - INFO - Regula po iteracji 0: IF pgain = {3} THEN class = {3.22} [1.45, 4.99], (p=31, n=19, P=31, N=136)
2026-04-14 12:58:52,802 - INFO - *****GROWING RR RULE*****
2026-04-14 12:58:52,806 - INFO - Iteracja 0: condition_best: None, quality_best: -inf, coverage_best: (p=0, n=0, P=0, N=0), p_value: 0
2026-04-14 12:58:52,806 - INFO - Regula po iteracji 0: IF  THEN class = {1.39} [-0.17, 2.94], (p=139, n=28, P=139, N=28)
2026-04-14 12:58:52,806 - INFO - *****STOP GROWING RR RULE*****
2026-04-14 12:58:52,806 - INFO - ***RR NOT FOUND***
2026-04-14 12:58:52,807 - INFO - Iteracja 1: condition_best: vgain = {1}, quality_best: 0.379, coverage_best: (p=16, n=9, P=38, N=129)
2026-04-14 12:58:52,807 - INFO - Regula po iteracji 1: IF pgain = {3} AND vgain = {1} THEN class = {2.92} [1.14, 4.71], (p=16, n=9, P=38, N=129)
2026-04-14 12:58:52,807 - INFO - *****GROWING RR RULE*****
2026-04-14 12:58:52,811 - INFO - Iteracja 0: condition_best: None, quality_best: -inf, coverage_best: (p=0, n=0, P=0, N=0), p_value: 0
2026-04-14 12:58:52,811 - INFO - Regula po iteracji 0: IF  THEN class = {1.39} [-0.17, 2.94], (p=139, n=28, P=139, N=28)
2026-04-14 12:58:52,811 - INFO - *****STOP GROWING RR RULE*****
2026-04-14 12:58:52,811 - INFO - ***RR NOT FOUND***
2026-04-14 12:58:52,812 - INFO - Iteracja 2: condition_best: motor = {C}, quality_best: 0.211, coverage_best: (p=2, n=3, P=11, N=156)
2026-04-14 12:58:52,812 - INFO - Regula po iteracji 2: IF pgain = {3} AND vgain = {1} AND motor = {C} THEN class = {2.58} [1.32, 3.84], (p=2, n=3, P=11, N=156)
2026-04-14 12:58:52,813 - INFO - *****GROWING RR RULE*****
2026-04-14 12:58:52,818 - INFO - Iteracja 0: condition_best: None, quality_best: -inf, coverage_best: (p=0, n=0, P=0, N=0), p_value: 0
2026-04-14 12:58:52,818 - INFO - Regula po iteracji 0: IF  THEN class = {1.39} [-0.17, 2.94], (p=139, n=28, P=139, N=28)
2026-04-14 12:58:52,818 - INFO - *****STOP GROWING RR RULE*****
2026-04-14 12:58:52,818 - INFO - ***RR NOT FOUND***
2026-04-14 12:58:52,819 - INFO - Iteracja 3: condition_best: None, quality_best: -inf, coverage_best: (p=0, n=0, P=0, N=0)
2026-04-14 12:58:52,819 - INFO - Regula po iteracji 3: IF pgain = {3} AND vgain = {1} AND motor = {C} THEN class = {2.58} [1.32, 3.84], (p=2, n=3, P=11, N=156)
2026-04-14 12:58:52,819 - INFO - *******STOP GROWING CR RULE*******
2026-04-14 12:58:52,820 - INFO - *******GROWING CR RULE*******
2026-04-14 12:58:52,821 - INFO - Iteracja 0: condition_best: pgain = {3}, quality_best: 0.533, coverage_best: (p=31, n=19, P=31, N=136)
2026-04-14 12:58:52,821 - INFO - Regula po iteracji 0: IF pgain = {3} THEN class = {3.22} [1.45, 4.99], (p=31, n=19, P=31, N=136)
2026-04-14 12:58:52,822 - INFO - *****GROWING RR RULE*****
2026-04-14 12:58:52,825 - INFO - Iteracja 0: condition_best: None, quality_best: -inf, coverage_best: (p=0, n=0, P=0, N=0), p_value: 0
2026-04-14 12:58:52,825 - INFO - Regula po iteracji 0: IF  THEN class = {1.39} [-0.17, 2.94], (p=139, n=28, P=139, N=28)
2026-04-14 12:58:52,825 - INFO - *****STOP GROWING RR RULE*****
2026-04-14 12:58:52,826 - INFO - ***RR NOT FOUND***
2026-04-14 12:58:52,826 - INFO - Iteracja 1: condition_best: vgain = {1}, quality_best: 0.379, coverage_best: (p=16, n=9, P=38, N=129)
2026-04-14 12:58:52,826 - INFO - Regula po iteracji 1: IF pgain = {3} AND vgain = {1} THEN class = {2.92} [1.14, 4.71], (p=16, n=9, P=38, N=129)
2026-04-14 12:58:52,827 - INFO - *****GROWING RR RULE*****
2026-04-14 12:58:52,830 - INFO - Iteracja 0: condition_best: None, quality_best: -inf, coverage_best: (p=0, n=0, P=0, N=0), p_value: 0
2026-04-14 12:58:52,831 - INFO - Regula po iteracji 0: IF  THEN class = {1.39} [-0.17, 2.94], (p=139, n=28, P=139, N=28)
2026-04-14 12:58:52,831 - INFO - *****STOP GROWING RR RULE*****
2026-04-14 12:58:52,831 - INFO - ***RR NOT FOUND***
2026-04-14 12:58:52,832 - INFO - Iteracja 2: condition_best: motor = {E}, quality_best: -1.044, coverage_best: (p=4, n=1, P=156, N=11)
2026-04-14 12:58:52,832 - INFO - Regula po iteracji 2: IF pgain = {3} AND vgain = {1} AND motor = {E} THEN class = {2.26} [-0.17, 4.69], (p=4, n=1, P=156, N=11)
2026-04-14 12:58:52,832 - INFO - *****GROWING RR RULE*****
2026-04-14 12:58:52,836 - INFO - Iteracja 0: condition_best: None, quality_best: -inf, coverage_best: (p=0, n=0, P=0, N=0), p_value: 0
2026-04-14 12:58:52,836 - INFO - Regula po iteracji 0: IF  THEN class = {1.39} [-0.17, 2.94], (p=139, n=28, P=139, N=28)
2026-04-14 12:58:52,836 - INFO - *****STOP GROWING RR RULE*****
2026-04-14 12:58:52,836 - INFO - ***RR NOT FOUND***
2026-04-14 12:58:52,836 - INFO - Iteracja 3: condition_best: None, quality_best: -inf, coverage_best: (p=0, n=0, P=0, N=0)
2026-04-14 12:58:52,837 - INFO - Regula po iteracji 3: IF pgain = {3} AND vgain = {1} AND motor = {E} THEN class = {2.26} [-0.17, 4.69], (p=4, n=1, P=156, N=11)
2026-04-14 12:58:52,837 - INFO - *******STOP GROWING CR RULE*******
2026-04-14 12:58:52,838 - INFO - *******GROWING CR RULE*******
2026-04-14 12:58:52,839 - INFO - Iteracja 0: condition_best: vgain = {3}, quality_best: 0.466, coverage_best: (p=20, n=7, P=45, N=122)
2026-04-14 12:58:52,839 - INFO - Regula po iteracji 0: IF vgain = {3} THEN class = {0.90} [0.69, 1.11], (p=20, n=7, P=45, N=122)
2026-04-14 12:58:52,839 - INFO - *****GROWING RR RULE*****
2026-04-14 12:58:52,841 - INFO - Iteracja 0: condition_best: None, quality_best: -inf, coverage_best: (p=0, n=0, P=0, N=0), p_value: 0
2026-04-14 12:58:52,841 - INFO - Regula po iteracji 0: IF  THEN class = {1.39} [-0.17, 2.94], (p=139, n=28, P=139, N=28)
2026-04-14 12:58:52,841 - INFO - *****STOP GROWING RR RULE*****
2026-04-14 12:58:52,841 - INFO - ***RR NOT FOUND***
2026-04-14 12:58:52,842 - INFO - Iteracja 1: condition_best: pgain = {4}, quality_best: 0.498, coverage_best: (p=18, n=6, P=38, N=129)
2026-04-14 12:58:52,842 - INFO - Regula po iteracji 1: IF vgain = {3} AND pgain = {4} THEN class = {0.93} [0.73, 1.13], (p=18, n=6, P=38, N=129)
2026-04-14 12:58:52,843 - INFO - *****GROWING RR RULE*****
2026-04-14 12:58:52,845 - INFO - Iteracja 0: condition_best: None, quality_best: -inf, coverage_best: (p=0, n=0, P=0, N=0), p_value: 0
2026-04-14 12:58:52,845 - INFO - Regula po iteracji 0: IF  THEN class = {1.39} [-0.17, 2.94], (p=139, n=28, P=139, N=28)
2026-04-14 12:58:52,845 - INFO - *****STOP GROWING RR RULE*****
2026-04-14 12:58:52,845 - INFO - ***RR NOT FOUND***
2026-04-14 12:58:52,846 - INFO - Iteracja 2: condition_best: screw = {B}, quality_best: 0.418, coverage_best: (p=4, n=1, P=34, N=133)
2026-04-14 12:58:52,846 - INFO - Regula po iteracji 2: IF vgain = {3} AND pgain = {4} AND screw = {B} THEN class = {0.90} [0.73, 1.06], (p=4, n=1, P=34, N=133)
2026-04-14 12:58:52,846 - INFO - *****GROWING RR RULE*****
2026-04-14 12:58:52,848 - INFO - Iteracja 0: condition_best: None, quality_best: -inf, coverage_best: (p=0, n=0, P=0, N=0), p_value: 0
2026-04-14 12:58:52,848 - INFO - Regula po iteracji 0: IF  THEN class = {1.39} [-0.17, 2.94], (p=139, n=28, P=139, N=28)
2026-04-14 12:58:52,848 - INFO - *****STOP GROWING RR RULE*****
2026-04-14 12:58:52,848 - INFO - ***RR NOT FOUND***
2026-04-14 12:58:52,849 - INFO - Iteracja 3: condition_best: None, quality_best: -inf, coverage_best: (p=0, n=0, P=0, N=0)
2026-04-14 12:58:52,849 - INFO - Regula po iteracji 3: IF vgain = {3} AND pgain = {4} AND screw = {B} THEN class = {0.90} [0.73, 1.06], (p=4, n=1, P=34, N=133)
2026-04-14 12:58:52,849 - INFO - *******STOP GROWING CR RULE*******
2026-04-14 12:58:52,850 - INFO - *******GROWING CR RULE*******
2026-04-14 12:58:52,852 - INFO - Iteracja 0: condition_best: vgain = {3}, quality_best: 0.466, coverage_best: (p=20, n=7, P=45, N=122)
2026-04-14 12:58:52,852 - INFO - Regula po iteracji 0: IF vgain = {3} THEN class = {0.90} [0.69, 1.11], (p=20, n=7, P=45, N=122)
2026-04-14 12:58:52,852 - INFO - *****GROWING RR RULE*****
2026-04-14 12:58:52,854 - INFO - Iteracja 0: condition_best: None, quality_best: -inf, coverage_best: (p=0, n=0, P=0, N=0), p_value: 0
2026-04-14 12:58:52,854 - INFO - Regula po iteracji 0: IF  THEN class = {1.39} [-0.17, 2.94], (p=139, n=28, P=139, N=28)
2026-04-14 12:58:52,854 - INFO - *****STOP GROWING RR RULE*****
2026-04-14 12:58:52,854 - INFO - ***RR NOT FOUND***
2026-04-14 12:58:52,855 - INFO - Iteracja 1: condition_best: pgain = {4}, quality_best: 0.498, coverage_best: (p=18, n=6, P=38, N=129)
2026-04-14 12:58:52,855 - INFO - Regula po iteracji 1: IF vgain = {3} AND pgain = {4} THEN class = {0.93} [0.73, 1.13], (p=18, n=6, P=38, N=129)
2026-04-14 12:58:52,855 - INFO - *****GROWING RR RULE*****
2026-04-14 12:58:52,857 - INFO - Iteracja 0: condition_best: None, quality_best: -inf, coverage_best: (p=0, n=0, P=0, N=0), p_value: 0
2026-04-14 12:58:52,857 - INFO - Regula po iteracji 0: IF  THEN class = {1.39} [-0.17, 2.94], (p=139, n=28, P=139, N=28)
2026-04-14 12:58:52,857 - INFO - *****STOP GROWING RR RULE*****
2026-04-14 12:58:52,858 - INFO - ***RR NOT FOUND***
2026-04-14 12:58:52,858 - INFO - Iteracja 2: condition_best: screw = {C}, quality_best: 0.418, coverage_best: (p=4, n=1, P=34, N=133)
2026-04-14 12:58:52,858 - INFO - Regula po iteracji 2: IF vgain = {3} AND pgain = {4} AND screw = {C} THEN class = {0.84} [0.68, 1.01], (p=4, n=1, P=34, N=133)
2026-04-14 12:58:52,859 - INFO - *****GROWING RR RULE*****
2026-04-14 12:58:52,861 - INFO - Iteracja 0: condition_best: None, quality_best: -inf, coverage_best: (p=0, n=0, P=0, N=0), p_value: 0
2026-04-14 12:58:52,861 - INFO - Regula po iteracji 0: IF  THEN class = {1.39} [-0.17, 2.94], (p=139, n=28, P=139, N=28)
2026-04-14 12:58:52,861 - INFO - *****STOP GROWING RR RULE*****
2026-04-14 12:58:52,861 - INFO - ***RR NOT FOUND***
2026-04-14 12:58:52,862 - INFO - Iteracja 3: condition_best: None, quality_best: -inf, coverage_best: (p=0, n=0, P=0, N=0)
2026-04-14 12:58:52,862 - INFO - Regula po iteracji 3: IF vgain = {3} AND pgain = {4} AND screw = {C} THEN class = {0.84} [0.68, 1.01], (p=4, n=1, P=34, N=133)
2026-04-14 12:58:52,862 - INFO - *******STOP GROWING CR RULE*******
2026-04-14 12:58:52,863 - INFO - *******GROWING CR RULE*******
2026-04-14 12:58:52,864 - INFO - Iteracja 0: condition_best: vgain = {3}, quality_best: 0.466, coverage_best: (p=20, n=7, P=45, N=122)
2026-04-14 12:58:52,864 - INFO - Regula po iteracji 0: IF vgain = {3} THEN class = {0.90} [0.69, 1.11], (p=20, n=7, P=45, N=122)
2026-04-14 12:58:52,864 - INFO - *****GROWING RR RULE*****
2026-04-14 12:58:52,866 - INFO - Iteracja 0: condition_best: None, quality_best: -inf, coverage_best: (p=0, n=0, P=0, N=0), p_value: 0
2026-04-14 12:58:52,866 - INFO - Regula po iteracji 0: IF  THEN class = {1.39} [-0.17, 2.94], (p=139, n=28, P=139, N=28)
2026-04-14 12:58:52,866 - INFO - *****STOP GROWING RR RULE*****
2026-04-14 12:58:52,866 - INFO - ***RR NOT FOUND***
2026-04-14 12:58:52,867 - INFO - Iteracja 1: condition_best: pgain = {4}, quality_best: 0.498, coverage_best: (p=18, n=6, P=38, N=129)
2026-04-14 12:58:52,867 - INFO - Regula po iteracji 1: IF vgain = {3} AND pgain = {4} THEN class = {0.93} [0.73, 1.13], (p=18, n=6, P=38, N=129)
2026-04-14 12:58:52,868 - INFO - *****GROWING RR RULE*****
2026-04-14 12:58:52,870 - INFO - Iteracja 0: condition_best: None, quality_best: -inf, coverage_best: (p=0, n=0, P=0, N=0), p_value: 0
2026-04-14 12:58:52,870 - INFO - Regula po iteracji 0: IF  THEN class = {1.39} [-0.17, 2.94], (p=139, n=28, P=139, N=28)
2026-04-14 12:58:52,870 - INFO - *****STOP GROWING RR RULE*****
2026-04-14 12:58:52,870 - INFO - ***RR NOT FOUND***
2026-04-14 12:58:52,871 - INFO - Iteracja 2: condition_best: screw = {D}, quality_best: 0.392, coverage_best: (p=4, n=1, P=47, N=120)
2026-04-14 12:58:52,871 - INFO - Regula po iteracji 2: IF vgain = {3} AND pgain = {4} AND screw = {D} THEN class = {0.87} [0.61, 1.14], (p=4, n=1, P=47, N=120)
2026-04-14 12:58:52,871 - INFO - *****GROWING RR RULE*****
2026-04-14 12:58:52,873 - INFO - Iteracja 0: condition_best: None, quality_best: -inf, coverage_best: (p=0, n=0, P=0, N=0), p_value: 0
2026-04-14 12:58:52,873 - INFO - Regula po iteracji 0: IF  THEN class = {1.39} [-0.17, 2.94], (p=139, n=28, P=139, N=28)
2026-04-14 12:58:52,873 - INFO - *****STOP GROWING RR RULE*****
2026-04-14 12:58:52,873 - INFO - ***RR NOT FOUND***
2026-04-14 12:58:52,874 - INFO - Iteracja 3: condition_best: None, quality_best: -inf, coverage_best: (p=0, n=0, P=0, N=0)
2026-04-14 12:58:52,874 - INFO - Regula po iteracji 3: IF vgain = {3} AND pgain = {4} AND screw = {D} THEN class = {0.87} [0.61, 1.14], (p=4, n=1, P=47, N=120)
2026-04-14 12:58:52,874 - INFO - *******STOP GROWING CR RULE*******
2026-04-14 12:58:52,875 - INFO - *******GROWING CR RULE*******
2026-04-14 12:58:52,876 - INFO - Iteracja 0: condition_best: vgain = {3}, quality_best: 0.466, coverage_best: (p=20, n=7, P=45, N=122)
2026-04-14 12:58:52,876 - INFO - Regula po iteracji 0: IF vgain = {3} THEN class = {0.90} [0.69, 1.11], (p=20, n=7, P=45, N=122)
2026-04-14 12:58:52,877 - INFO - *****GROWING RR RULE*****
2026-04-14 12:58:52,879 - INFO - Iteracja 0: condition_best: None, quality_best: -inf, coverage_best: (p=0, n=0, P=0, N=0), p_value: 0
2026-04-14 12:58:52,879 - INFO - Regula po iteracji 0: IF  THEN class = {1.39} [-0.17, 2.94], (p=139, n=28, P=139, N=28)
2026-04-14 12:58:52,879 - INFO - *****STOP GROWING RR RULE*****
2026-04-14 12:58:52,879 - INFO - ***RR NOT FOUND***
2026-04-14 12:58:52,880 - INFO - Iteracja 1: condition_best: pgain = {4}, quality_best: 0.498, coverage_best: (p=18, n=6, P=38, N=129)
2026-04-14 12:58:52,880 - INFO - Regula po iteracji 1: IF vgain = {3} AND pgain = {4} THEN class = {0.93} [0.73, 1.13], (p=18, n=6, P=38, N=129)
2026-04-14 12:58:52,880 - INFO - *****GROWING RR RULE*****
2026-04-14 12:58:52,882 - INFO - Iteracja 0: condition_best: None, quality_best: -inf, coverage_best: (p=0, n=0, P=0, N=0), p_value: 0
2026-04-14 12:58:52,882 - INFO - Regula po iteracji 0: IF  THEN class = {1.39} [-0.17, 2.94], (p=139, n=28, P=139, N=28)
2026-04-14 12:58:52,882 - INFO - *****STOP GROWING RR RULE*****
2026-04-14 12:58:52,882 - INFO - ***RR NOT FOUND***
2026-04-14 12:58:52,883 - INFO - Iteracja 2: condition_best: screw = {A}, quality_best: 0.29, coverage_best: (p=3, n=2, P=27, N=140)
2026-04-14 12:58:52,883 - INFO - Regula po iteracji 2: IF vgain = {3} AND pgain = {4} AND screw = {A} THEN class = {1.03} [0.87, 1.19], (p=3, n=2, P=27, N=140)
2026-04-14 12:58:52,884 - INFO - *****GROWING RR RULE*****
2026-04-14 12:58:52,886 - INFO - Iteracja 0: condition_best: None, quality_best: -inf, coverage_best: (p=0, n=0, P=0, N=0), p_value: 0
2026-04-14 12:58:52,886 - INFO - Regula po iteracji 0: IF  THEN class = {1.39} [-0.17, 2.94], (p=139, n=28, P=139, N=28)
2026-04-14 12:58:52,886 - INFO - *****STOP GROWING RR RULE*****
2026-04-14 12:58:52,886 - INFO - ***RR NOT FOUND***
2026-04-14 12:58:52,886 - INFO - Iteracja 3: condition_best: None, quality_best: -inf, coverage_best: (p=0, n=0, P=0, N=0)
2026-04-14 12:58:52,887 - INFO - Regula po iteracji 3: IF vgain = {3} AND pgain = {4} AND screw = {A} THEN class = {1.03} [0.87, 1.19], (p=3, n=2, P=27, N=140)
2026-04-14 12:58:52,887 - INFO - *******STOP GROWING CR RULE*******
2026-04-14 12:58:52,888 - INFO - *******GROWING CR RULE*******
2026-04-14 12:58:52,889 - INFO - Iteracja 0: condition_best: vgain = {3}, quality_best: 0.466, coverage_best: (p=20, n=7, P=45, N=122)
2026-04-14 12:58:52,889 - INFO - Regula po iteracji 0: IF vgain = {3} THEN class = {0.90} [0.69, 1.11], (p=20, n=7, P=45, N=122)
2026-04-14 12:58:52,889 - INFO - *****GROWING RR RULE*****
2026-04-14 12:58:52,891 - INFO - Iteracja 0: condition_best: None, quality_best: -inf, coverage_best: (p=0, n=0, P=0, N=0), p_value: 0
2026-04-14 12:58:52,891 - INFO - Regula po iteracji 0: IF  THEN class = {1.39} [-0.17, 2.94], (p=139, n=28, P=139, N=28)
2026-04-14 12:58:52,891 - INFO - *****STOP GROWING RR RULE*****
2026-04-14 12:58:52,891 - INFO - ***RR NOT FOUND***
2026-04-14 12:58:52,892 - INFO - Iteracja 1: condition_best: None, quality_best: -inf, coverage_best: (p=0, n=0, P=0, N=0)
2026-04-14 12:58:52,892 - INFO - Regula po iteracji 1: IF vgain = {3} THEN class = {0.90} [0.69, 1.11], (p=20, n=7, P=45, N=122)
2026-04-14 12:58:52,892 - INFO - *******STOP GROWING CR RULE*******
2026-04-14 12:58:52,893 - INFO - *******GROWING CR RULE*******
2026-04-14 12:58:52,894 - INFO - Iteracja 0: condition_best: vgain = {4}, quality_best: 0.437, coverage_best: (p=17, n=5, P=54, N=113)
2026-04-14 12:58:52,894 - INFO - Regula po iteracji 0: IF vgain = {4} THEN class = {0.51} [0.38, 0.65], (p=17, n=5, P=54, N=113)
2026-04-14 12:58:52,895 - INFO - *****GROWING RR RULE*****
2026-04-14 12:58:52,897 - INFO - Iteracja 0: condition_best: None, quality_best: -inf, coverage_best: (p=0, n=0, P=0, N=0), p_value: 0
2026-04-14 12:58:52,897 - INFO - Regula po iteracji 0: IF  THEN class = {1.39} [-0.17, 2.94], (p=139, n=28, P=139, N=28)
2026-04-14 12:58:52,897 - INFO - *****STOP GROWING RR RULE*****
2026-04-14 12:58:52,897 - INFO - ***RR NOT FOUND***
2026-04-14 12:58:52,898 - INFO - Iteracja 1: condition_best: pgain = {5}, quality_best: 0.437, coverage_best: (p=17, n=5, P=54, N=113)
2026-04-14 12:58:52,898 - INFO - Regula po iteracji 1: IF vgain = {4} AND pgain = {5} THEN class = {0.51} [0.38, 0.65], (p=17, n=5, P=54, N=113)
2026-04-14 12:58:52,898 - INFO - *****GROWING RR RULE*****
2026-04-14 12:58:52,900 - INFO - Iteracja 0: condition_best: None, quality_best: -inf, coverage_best: (p=0, n=0, P=0, N=0), p_value: 0
2026-04-14 12:58:52,900 - INFO - Regula po iteracji 0: IF  THEN class = {1.39} [-0.17, 2.94], (p=139, n=28, P=139, N=28)
2026-04-14 12:58:52,900 - INFO - *****STOP GROWING RR RULE*****
2026-04-14 12:58:52,900 - INFO - ***RR NOT FOUND***
2026-04-14 12:58:52,901 - INFO - Iteracja 2: condition_best: screw = {A}, quality_best: 0.41, coverage_best: (p=4, n=1, P=38, N=129)
2026-04-14 12:58:52,901 - INFO - Regula po iteracji 2: IF vgain = {4} AND pgain = {5} AND screw = {A} THEN class = {0.68} [0.53, 0.83], (p=4, n=1, P=38, N=129)
2026-04-14 12:58:52,902 - INFO - *****GROWING RR RULE*****
2026-04-14 12:58:52,904 - INFO - Iteracja 0: condition_best: None, quality_best: -inf, coverage_best: (p=0, n=0, P=0, N=0), p_value: 0
2026-04-14 12:58:52,904 - INFO - Regula po iteracji 0: IF  THEN class = {1.39} [-0.17, 2.94], (p=139, n=28, P=139, N=28)
2026-04-14 12:58:52,904 - INFO - *****STOP GROWING RR RULE*****
2026-04-14 12:58:52,904 - INFO - ***RR NOT FOUND***
2026-04-14 12:58:52,904 - INFO - Iteracja 3: condition_best: None, quality_best: -inf, coverage_best: (p=0, n=0, P=0, N=0)
2026-04-14 12:58:52,904 - INFO - Regula po iteracji 3: IF vgain = {4} AND pgain = {5} AND screw = {A} THEN class = {0.68} [0.53, 0.83], (p=4, n=1, P=38, N=129)
2026-04-14 12:58:52,904 - INFO - *******STOP GROWING CR RULE*******
2026-04-14 12:58:52,905 - INFO - *******GROWING CR RULE*******
2026-04-14 12:58:52,907 - INFO - Iteracja 0: condition_best: vgain = {4}, quality_best: 0.437, coverage_best: (p=17, n=5, P=54, N=113)
2026-04-14 12:58:52,907 - INFO - Regula po iteracji 0: IF vgain = {4} THEN class = {0.51} [0.38, 0.65], (p=17, n=5, P=54, N=113)
2026-04-14 12:58:52,907 - INFO - *****GROWING RR RULE*****
2026-04-14 12:58:52,909 - INFO - Iteracja 0: condition_best: None, quality_best: -inf, coverage_best: (p=0, n=0, P=0, N=0), p_value: 0
2026-04-14 12:58:52,909 - INFO - Regula po iteracji 0: IF  THEN class = {1.39} [-0.17, 2.94], (p=139, n=28, P=139, N=28)
2026-04-14 12:58:52,909 - INFO - *****STOP GROWING RR RULE*****
2026-04-14 12:58:52,909 - INFO - ***RR NOT FOUND***
2026-04-14 12:58:52,910 - INFO - Iteracja 1: condition_best: pgain = {5}, quality_best: 0.437, coverage_best: (p=17, n=5, P=54, N=113)
2026-04-14 12:58:52,910 - INFO - Regula po iteracji 1: IF vgain = {4} AND pgain = {5} THEN class = {0.51} [0.38, 0.65], (p=17, n=5, P=54, N=113)
2026-04-14 12:58:52,910 - INFO - *****GROWING RR RULE*****
2026-04-14 12:58:52,912 - INFO - Iteracja 0: condition_best: None, quality_best: -inf, coverage_best: (p=0, n=0, P=0, N=0), p_value: 0
2026-04-14 12:58:52,912 - INFO - Regula po iteracji 0: IF  THEN class = {1.39} [-0.17, 2.94], (p=139, n=28, P=139, N=28)
2026-04-14 12:58:52,913 - INFO - *****STOP GROWING RR RULE*****
2026-04-14 12:58:52,913 - INFO - ***RR NOT FOUND***
2026-04-14 12:58:52,913 - INFO - Iteracja 2: condition_best: screw = {B}, quality_best: 0.252, coverage_best: (p=3, n=2, P=41, N=126)
2026-04-14 12:58:52,913 - INFO - Regula po iteracji 2: IF vgain = {4} AND pgain = {5} AND screw = {B} THEN class = {0.50} [0.43, 0.57], (p=3, n=2, P=41, N=126)
2026-04-14 12:58:52,914 - INFO - *****GROWING RR RULE*****
2026-04-14 12:58:52,916 - INFO - Iteracja 0: condition_best: None, quality_best: -inf, coverage_best: (p=0, n=0, P=0, N=0), p_value: 0
2026-04-14 12:58:52,916 - INFO - Regula po iteracji 0: IF  THEN class = {1.39} [-0.17, 2.94], (p=139, n=28, P=139, N=28)
2026-04-14 12:58:52,916 - INFO - *****STOP GROWING RR RULE*****
2026-04-14 12:58:52,916 - INFO - ***RR NOT FOUND***
2026-04-14 12:58:52,917 - INFO - Iteracja 3: condition_best: None, quality_best: -inf, coverage_best: (p=0, n=0, P=0, N=0)
2026-04-14 12:58:52,917 - INFO - Regula po iteracji 3: IF vgain = {4} AND pgain = {5} AND screw = {B} THEN class = {0.50} [0.43, 0.57], (p=3, n=2, P=41, N=126)
2026-04-14 12:58:52,917 - INFO - *******STOP GROWING CR RULE*******
2026-04-14 12:58:52,918 - INFO - *******GROWING CR RULE*******
2026-04-14 12:58:52,919 - INFO - Iteracja 0: condition_best: vgain = {4}, quality_best: 0.437, coverage_best: (p=17, n=5, P=54, N=113)
2026-04-14 12:58:52,919 - INFO - Regula po iteracji 0: IF vgain = {4} THEN class = {0.51} [0.38, 0.65], (p=17, n=5, P=54, N=113)
2026-04-14 12:58:52,919 - INFO - *****GROWING RR RULE*****
2026-04-14 12:58:52,921 - INFO - Iteracja 0: condition_best: None, quality_best: -inf, coverage_best: (p=0, n=0, P=0, N=0), p_value: 0
2026-04-14 12:58:52,921 - INFO - Regula po iteracji 0: IF  THEN class = {1.39} [-0.17, 2.94], (p=139, n=28, P=139, N=28)
2026-04-14 12:58:52,921 - INFO - *****STOP GROWING RR RULE*****
2026-04-14 12:58:52,921 - INFO - ***RR NOT FOUND***
2026-04-14 12:58:52,922 - INFO - Iteracja 1: condition_best: pgain = {5}, quality_best: 0.437, coverage_best: (p=17, n=5, P=54, N=113)
2026-04-14 12:58:52,922 - INFO - Regula po iteracji 1: IF vgain = {4} AND pgain = {5} THEN class = {0.51} [0.38, 0.65], (p=17, n=5, P=54, N=113)
2026-04-14 12:58:52,922 - INFO - *****GROWING RR RULE*****
2026-04-14 12:58:52,924 - INFO - Iteracja 0: condition_best: None, quality_best: -inf, coverage_best: (p=0, n=0, P=0, N=0), p_value: 0
2026-04-14 12:58:52,925 - INFO - Regula po iteracji 0: IF  THEN class = {1.39} [-0.17, 2.94], (p=139, n=28, P=139, N=28)
2026-04-14 12:58:52,925 - INFO - *****STOP GROWING RR RULE*****
2026-04-14 12:58:52,925 - INFO - ***RR NOT FOUND***
2026-04-14 12:58:52,926 - INFO - Iteracja 2: condition_best: None, quality_best: -inf, coverage_best: (p=0, n=0, P=0, N=0)
2026-04-14 12:58:52,926 - INFO - Regula po iteracji 2: IF vgain = {4} AND pgain = {5} THEN class = {0.51} [0.38, 0.65], (p=17, n=5, P=54, N=113)
2026-04-14 12:58:52,926 - INFO - *******STOP GROWING CR RULE*******
2026-04-14 12:58:52,926 - INFO - *******GROWING CR RULE*******
2026-04-14 12:58:52,928 - INFO - Iteracja 0: condition_best: pgain = {6}, quality_best: 0.436, coverage_best: (p=19, n=6, P=54, N=113)
2026-04-14 12:58:52,928 - INFO - Regula po iteracji 0: IF pgain = {6} THEN class = {0.52} [0.39, 0.64], (p=19, n=6, P=54, N=113)
2026-04-14 12:58:52,928 - INFO - *****GROWING RR RULE*****
2026-04-14 12:58:52,930 - INFO - Iteracja 0: condition_best: None, quality_best: -inf, coverage_best: (p=0, n=0, P=0, N=0), p_value: 0
2026-04-14 12:58:52,930 - INFO - Regula po iteracji 0: IF  THEN class = {1.39} [-0.17, 2.94], (p=139, n=28, P=139, N=28)
2026-04-14 12:58:52,930 - INFO - *****STOP GROWING RR RULE*****
2026-04-14 12:58:52,930 - INFO - ***RR NOT FOUND***
2026-04-14 12:58:52,931 - INFO - Iteracja 1: condition_best: motor = {C}, quality_best: 0.481, coverage_best: (p=7, n=1, P=44, N=123)
2026-04-14 12:58:52,931 - INFO - Regula po iteracji 1: IF pgain = {6} AND motor = {C} THEN class = {0.55} [0.46, 0.64], (p=7, n=1, P=44, N=123)
2026-04-14 12:58:52,931 - INFO - *****GROWING RR RULE*****
2026-04-14 12:58:52,933 - INFO - Iteracja 0: condition_best: None, quality_best: -inf, coverage_best: (p=0, n=0, P=0, N=0), p_value: 0
2026-04-14 12:58:52,933 - INFO - Regula po iteracji 0: IF  THEN class = {1.39} [-0.17, 2.94], (p=139, n=28, P=139, N=28)
2026-04-14 12:58:52,934 - INFO - *****STOP GROWING RR RULE*****
2026-04-14 12:58:52,934 - INFO - ***RR NOT FOUND***
2026-04-14 12:58:52,934 - INFO - Iteracja 2: condition_best: vgain = {5}, quality_best: 0.395, coverage_best: (p=4, n=1, P=45, N=122)
2026-04-14 12:58:52,934 - INFO - Regula po iteracji 2: IF pgain = {6} AND motor = {C} AND vgain = {5} THEN class = {0.55} [0.44, 0.66], (p=4, n=1, P=45, N=122)
2026-04-14 12:58:52,935 - INFO - *****GROWING RR RULE*****
2026-04-14 12:58:52,937 - INFO - Iteracja 0: condition_best: None, quality_best: -inf, coverage_best: (p=0, n=0, P=0, N=0), p_value: 0
2026-04-14 12:58:52,937 - INFO - Regula po iteracji 0: IF  THEN class = {1.39} [-0.17, 2.94], (p=139, n=28, P=139, N=28)
2026-04-14 12:58:52,937 - INFO - *****STOP GROWING RR RULE*****
2026-04-14 12:58:52,937 - INFO - ***RR NOT FOUND***
2026-04-14 12:58:52,938 - INFO - Iteracja 3: condition_best: None, quality_best: -inf, coverage_best: (p=0, n=0, P=0, N=0)
2026-04-14 12:58:52,938 - INFO - Regula po iteracji 3: IF pgain = {6} AND motor = {C} AND vgain = {5} THEN class = {0.55} [0.44, 0.66], (p=4, n=1, P=45, N=122)
2026-04-14 12:58:52,938 - INFO - *******STOP GROWING CR RULE*******
2026-04-14 12:58:52,938 - INFO - *******GROWING CR RULE*******
2026-04-14 12:58:52,940 - INFO - Iteracja 0: condition_best: pgain = {6}, quality_best: 0.436, coverage_best: (p=19, n=6, P=54, N=113)
2026-04-14 12:58:52,940 - INFO - Regula po iteracji 0: IF pgain = {6} THEN class = {0.52} [0.39, 0.64], (p=19, n=6, P=54, N=113)
2026-04-14 12:58:52,940 - INFO - *****GROWING RR RULE*****
2026-04-14 12:58:52,942 - INFO - Iteracja 0: condition_best: None, quality_best: -inf, coverage_best: (p=0, n=0, P=0, N=0), p_value: 0
2026-04-14 12:58:52,942 - INFO - Regula po iteracji 0: IF  THEN class = {1.39} [-0.17, 2.94], (p=139, n=28, P=139, N=28)
2026-04-14 12:58:52,942 - INFO - *****STOP GROWING RR RULE*****
2026-04-14 12:58:52,942 - INFO - ***RR NOT FOUND***
2026-04-14 12:58:52,943 - INFO - Iteracja 1: condition_best: motor = {B}, quality_best: 0.395, coverage_best: (p=4, n=1, P=45, N=122)
2026-04-14 12:58:52,943 - INFO - Regula po iteracji 1: IF pgain = {6} AND motor = {B} THEN class = {0.56} [0.43, 0.69], (p=4, n=1, P=45, N=122)
2026-04-14 12:58:52,944 - INFO - *****GROWING RR RULE*****
2026-04-14 12:58:52,946 - INFO - Iteracja 0: condition_best: None, quality_best: -inf, coverage_best: (p=0, n=0, P=0, N=0), p_value: 0
2026-04-14 12:58:52,946 - INFO - Regula po iteracji 0: IF  THEN class = {1.39} [-0.17, 2.94], (p=139, n=28, P=139, N=28)
2026-04-14 12:58:52,946 - INFO - *****STOP GROWING RR RULE*****
2026-04-14 12:58:52,946 - INFO - ***RR NOT FOUND***
2026-04-14 12:58:52,946 - INFO - Iteracja 2: condition_best: vgain = {5}, quality_best: 0.395, coverage_best: (p=4, n=1, P=45, N=122)
2026-04-14 12:58:52,946 - INFO - Regula po iteracji 2: IF pgain = {6} AND motor = {B} AND vgain = {5} THEN class = {0.56} [0.43, 0.69], (p=4, n=1, P=45, N=122)
2026-04-14 12:58:52,947 - INFO - *****GROWING RR RULE*****
2026-04-14 12:58:52,949 - INFO - Iteracja 0: condition_best: None, quality_best: -inf, coverage_best: (p=0, n=0, P=0, N=0), p_value: 0
2026-04-14 12:58:52,949 - INFO - Regula po iteracji 0: IF  THEN class = {1.39} [-0.17, 2.94], (p=139, n=28, P=139, N=28)
2026-04-14 12:58:52,949 - INFO - *****STOP GROWING RR RULE*****
2026-04-14 12:58:52,949 - INFO - ***RR NOT FOUND***
2026-04-14 12:58:52,950 - INFO - Iteracja 3: condition_best: None, quality_best: -inf, coverage_best: (p=0, n=0, P=0, N=0)
2026-04-14 12:58:52,950 - INFO - Regula po iteracji 3: IF pgain = {6} AND motor = {B} AND vgain = {5} THEN class = {0.56} [0.43, 0.69], (p=4, n=1, P=45, N=122)
2026-04-14 12:58:52,950 - INFO - *******STOP GROWING CR RULE*******
2026-04-14 12:58:52,950 - INFO - *******GROWING CR RULE*******
2026-04-14 12:58:52,952 - INFO - Iteracja 0: condition_best: pgain = {6}, quality_best: 0.436, coverage_best: (p=19, n=6, P=54, N=113)
2026-04-14 12:58:52,952 - INFO - Regula po iteracji 0: IF pgain = {6} THEN class = {0.52} [0.39, 0.64], (p=19, n=6, P=54, N=113)
2026-04-14 12:58:52,952 - INFO - *****GROWING RR RULE*****
2026-04-14 12:58:52,954 - INFO - Iteracja 0: condition_best: None, quality_best: -inf, coverage_best: (p=0, n=0, P=0, N=0), p_value: 0
2026-04-14 12:58:52,954 - INFO - Regula po iteracji 0: IF  THEN class = {1.39} [-0.17, 2.94], (p=139, n=28, P=139, N=28)
2026-04-14 12:58:52,954 - INFO - *****STOP GROWING RR RULE*****
2026-04-14 12:58:52,954 - INFO - ***RR NOT FOUND***
2026-04-14 12:58:52,955 - INFO - Iteracja 1: condition_best: motor = {A}, quality_best: 0.392, coverage_best: (p=4, n=1, P=47, N=120)
2026-04-14 12:58:52,955 - INFO - Regula po iteracji 1: IF pgain = {6} AND motor = {A} THEN class = {0.58} [0.47, 0.70], (p=4, n=1, P=47, N=120)
2026-04-14 12:58:52,955 - INFO - *****GROWING RR RULE*****
2026-04-14 12:58:52,957 - INFO - Iteracja 0: condition_best: None, quality_best: -inf, coverage_best: (p=0, n=0, P=0, N=0), p_value: 0
2026-04-14 12:58:52,958 - INFO - Regula po iteracji 0: IF  THEN class = {1.39} [-0.17, 2.94], (p=139, n=28, P=139, N=28)
2026-04-14 12:58:52,958 - INFO - *****STOP GROWING RR RULE*****
2026-04-14 12:58:52,958 - INFO - ***RR NOT FOUND***
2026-04-14 12:58:52,958 - INFO - Iteracja 2: condition_best: vgain = {5}, quality_best: 0.392, coverage_best: (p=4, n=1, P=47, N=120)
2026-04-14 12:58:52,958 - INFO - Regula po iteracji 2: IF pgain = {6} AND motor = {A} AND vgain = {5} THEN class = {0.58} [0.47, 0.70], (p=4, n=1, P=47, N=120)
2026-04-14 12:58:52,959 - INFO - *****GROWING RR RULE*****
2026-04-14 12:58:52,961 - INFO - Iteracja 0: condition_best: None, quality_best: -inf, coverage_best: (p=0, n=0, P=0, N=0), p_value: 0
2026-04-14 12:58:52,961 - INFO - Regula po iteracji 0: IF  THEN class = {1.39} [-0.17, 2.94], (p=139, n=28, P=139, N=28)
2026-04-14 12:58:52,961 - INFO - *****STOP GROWING RR RULE*****
2026-04-14 12:58:52,961 - INFO - ***RR NOT FOUND***
2026-04-14 12:58:52,962 - INFO - Iteracja 3: condition_best: None, quality_best: -inf, coverage_best: (p=0, n=0, P=0, N=0)
2026-04-14 12:58:52,962 - INFO - Regula po iteracji 3: IF pgain = {6} AND motor = {A} AND vgain = {5} THEN class = {0.58} [0.47, 0.70], (p=4, n=1, P=47, N=120)
2026-04-14 12:58:52,962 - INFO - *******STOP GROWING CR RULE*******
2026-04-14 12:58:52,962 - INFO - *******GROWING CR RULE*******
2026-04-14 12:58:52,964 - INFO - Iteracja 0: condition_best: pgain = {6}, quality_best: 0.436, coverage_best: (p=19, n=6, P=54, N=113)
2026-04-14 12:58:52,964 - INFO - Regula po iteracji 0: IF pgain = {6} THEN class = {0.52} [0.39, 0.64], (p=19, n=6, P=54, N=113)
2026-04-14 12:58:52,964 - INFO - *****GROWING RR RULE*****
2026-04-14 12:58:52,966 - INFO - Iteracja 0: condition_best: None, quality_best: -inf, coverage_best: (p=0, n=0, P=0, N=0), p_value: 0
2026-04-14 12:58:52,966 - INFO - Regula po iteracji 0: IF  THEN class = {1.39} [-0.17, 2.94], (p=139, n=28, P=139, N=28)
2026-04-14 12:58:52,966 - INFO - *****STOP GROWING RR RULE*****
2026-04-14 12:58:52,966 - INFO - ***RR NOT FOUND***
2026-04-14 12:58:52,967 - INFO - Iteracja 1: condition_best: vgain = {5}, quality_best: 0.387, coverage_best: (p=16, n=6, P=54, N=113)
2026-04-14 12:58:52,967 - INFO - Regula po iteracji 1: IF pgain = {6} AND vgain = {5} THEN class = {0.51} [0.38, 0.65], (p=16, n=6, P=54, N=113)
2026-04-14 12:58:52,967 - INFO - *****GROWING RR RULE*****
2026-04-14 12:58:52,969 - INFO - Iteracja 0: condition_best: None, quality_best: -inf, coverage_best: (p=0, n=0, P=0, N=0), p_value: 0
2026-04-14 12:58:52,970 - INFO - Regula po iteracji 0: IF  THEN class = {1.39} [-0.17, 2.94], (p=139, n=28, P=139, N=28)
2026-04-14 12:58:52,970 - INFO - *****STOP GROWING RR RULE*****
2026-04-14 12:58:52,970 - INFO - ***RR NOT FOUND***
2026-04-14 12:58:52,971 - INFO - Iteracja 2: condition_best: motor = {E}, quality_best: 0.288, coverage_best: (p=3, n=2, P=28, N=139)
2026-04-14 12:58:52,971 - INFO - Regula po iteracji 2: IF pgain = {6} AND vgain = {5} AND motor = {E} THEN class = {0.40} [0.30, 0.51], (p=3, n=2, P=28, N=139)
2026-04-14 12:58:52,971 - INFO - *****GROWING RR RULE*****
2026-04-14 12:58:52,973 - INFO - Iteracja 0: condition_best: None, quality_best: -inf, coverage_best: (p=0, n=0, P=0, N=0), p_value: 0
2026-04-14 12:58:52,973 - INFO - Regula po iteracji 0: IF  THEN class = {1.39} [-0.17, 2.94], (p=139, n=28, P=139, N=28)
2026-04-14 12:58:52,973 - INFO - *****STOP GROWING RR RULE*****
2026-04-14 12:58:52,973 - INFO - ***RR NOT FOUND***
2026-04-14 12:58:52,974 - INFO - Iteracja 3: condition_best: None, quality_best: -inf, coverage_best: (p=0, n=0, P=0, N=0)
2026-04-14 12:58:52,974 - INFO - Regula po iteracji 3: IF pgain = {6} AND vgain = {5} AND motor = {E} THEN class = {0.40} [0.30, 0.51], (p=3, n=2, P=28, N=139)
2026-04-14 12:58:52,974 - INFO - *******STOP GROWING CR RULE*******
2026-04-14 12:58:52,975 - INFO - *******GROWING CR RULE*******
2026-04-14 12:58:52,976 - INFO - Iteracja 0: condition_best: motor = {E}, quality_best: 0.399, coverage_best: (p=31, n=2, P=138, N=29)
2026-04-14 12:58:52,976 - INFO - Regula po iteracji 0: IF motor = {E} THEN class = {1.14} [-0.40, 2.69], (p=31, n=2, P=138, N=29)
2026-04-14 12:58:52,976 - INFO - *****GROWING RR RULE*****
2026-04-14 12:58:52,978 - INFO - Iteracja 0: condition_best: None, quality_best: -inf, coverage_best: (p=0, n=0, P=0, N=0), p_value: 0
2026-04-14 12:58:52,978 - INFO - Regula po iteracji 0: IF  THEN class = {1.39} [-0.17, 2.94], (p=139, n=28, P=139, N=28)
2026-04-14 12:58:52,978 - INFO - *****STOP GROWING RR RULE*****
2026-04-14 12:58:52,978 - INFO - ***RR NOT FOUND***
2026-04-14 12:58:52,979 - INFO - Iteracja 1: condition_best: vgain = {2}, quality_best: 0.215, coverage_best: (p=9, n=1, P=139, N=28)
2026-04-14 12:58:52,979 - INFO - Regula po iteracji 1: IF motor = {E} AND vgain = {2} THEN class = {1.53} [-0.33, 3.39], (p=9, n=1, P=139, N=28)
2026-04-14 12:58:52,980 - INFO - *****GROWING RR RULE*****
2026-04-14 12:58:52,983 - INFO - Iteracja 0: condition_best: None, quality_best: -inf, coverage_best: (p=0, n=0, P=0, N=0), p_value: 0
2026-04-14 12:58:52,984 - INFO - Regula po iteracji 0: IF  THEN class = {1.39} [-0.17, 2.94], (p=139, n=28, P=139, N=28)
2026-04-14 12:58:52,984 - INFO - *****STOP GROWING RR RULE*****
2026-04-14 12:58:52,984 - INFO - ***RR NOT FOUND***
2026-04-14 12:58:52,984 - INFO - Iteracja 2: condition_best: pgain = {4}, quality_best: 0.096, coverage_best: (p=3, n=2, P=85, N=82)
2026-04-14 12:58:52,984 - INFO - Regula po iteracji 2: IF motor = {E} AND vgain = {2} AND pgain = {4} THEN class = {0.53} [0.25, 0.81], (p=3, n=2, P=85, N=82)
2026-04-14 12:58:52,985 - INFO - *****GROWING RR RULE*****
2026-04-14 12:58:52,987 - INFO - Iteracja 0: condition_best: None, quality_best: -inf, coverage_best: (p=0, n=0, P=0, N=0), p_value: 0
2026-04-14 12:58:52,987 - INFO - Regula po iteracji 0: IF  THEN class = {1.39} [-0.17, 2.94], (p=139, n=28, P=139, N=28)
2026-04-14 12:58:52,987 - INFO - *****STOP GROWING RR RULE*****
2026-04-14 12:58:52,987 - INFO - ***RR NOT FOUND***
2026-04-14 12:58:52,988 - INFO - Iteracja 3: condition_best: None, quality_best: -inf, coverage_best: (p=0, n=0, P=0, N=0)
2026-04-14 12:58:52,988 - INFO - Regula po iteracji 3: IF motor = {E} AND vgain = {2} AND pgain = {4} THEN class = {0.53} [0.25, 0.81], (p=3, n=2, P=85, N=82)
2026-04-14 12:58:52,988 - INFO - *******STOP GROWING CR RULE*******
2026-04-14 12:58:52,988 - INFO - *******GROWING CR RULE*******
2026-04-14 12:58:52,990 - INFO - Iteracja 0: condition_best: motor = {D}, quality_best: 0.271, coverage_best: (p=19, n=3, P=124, N=43)
2026-04-14 12:58:52,990 - INFO - Regula po iteracji 0: IF motor = {D} THEN class = {0.92} [0.26, 1.58], (p=19, n=3, P=124, N=43)
2026-04-14 12:58:52,990 - INFO - *****GROWING RR RULE*****
2026-04-14 12:58:52,992 - INFO - Iteracja 0: condition_best: None, quality_best: -inf, coverage_best: (p=0, n=0, P=0, N=0), p_value: 0
2026-04-14 12:58:52,992 - INFO - Regula po iteracji 0: IF  THEN class = {1.39} [-0.17, 2.94], (p=139, n=28, P=139, N=28)
2026-04-14 12:58:52,992 - INFO - *****STOP GROWING RR RULE*****
2026-04-14 12:58:52,992 - INFO - ***RR NOT FOUND***
2026-04-14 12:58:52,993 - INFO - Iteracja 1: condition_best: None, quality_best: -inf, coverage_best: (p=0, n=0, P=0, N=0)
2026-04-14 12:58:52,993 - INFO - Regula po iteracji 1: IF motor = {D} THEN class = {0.92} [0.26, 1.58], (p=19, n=3, P=124, N=43)
2026-04-14 12:58:52,993 - INFO - *******STOP GROWING CR RULE*******
2026-04-14 12:58:52,994 - INFO - *******GROWING CR RULE*******
2026-04-14 12:58:52,995 - INFO - Iteracja 0: condition_best: screw = {D}, quality_best: 0.153, coverage_best: (p=26, n=4, P=137, N=30)
2026-04-14 12:58:52,995 - INFO - Regula po iteracji 0: IF screw = {D} THEN class = {1.16} [-0.11, 2.43], (p=26, n=4, P=137, N=30)
2026-04-14 12:58:52,995 - INFO - *****GROWING RR RULE*****
2026-04-14 12:58:52,997 - INFO - Iteracja 0: condition_best: None, quality_best: -inf, coverage_best: (p=0, n=0, P=0, N=0), p_value: 0
2026-04-14 12:58:52,997 - INFO - Regula po iteracji 0: IF  THEN class = {1.39} [-0.17, 2.94], (p=139, n=28, P=139, N=28)
2026-04-14 12:58:52,997 - INFO - *****STOP GROWING RR RULE*****
2026-04-14 12:58:52,997 - INFO - ***RR NOT FOUND***
2026-04-14 12:58:52,998 - INFO - Iteracja 1: condition_best: pgain = {4}, quality_best: 0.011, coverage_best: (p=7, n=5, P=96, N=71)
2026-04-14 12:58:52,998 - INFO - Regula po iteracji 1: IF screw = {D} AND pgain = {4} THEN class = {0.55} [0.22, 0.88], (p=7, n=5, P=96, N=71)
2026-04-14 12:58:52,999 - INFO - *****GROWING RR RULE*****
2026-04-14 12:58:53,001 - INFO - Iteracja 0: condition_best: None, quality_best: -inf, coverage_best: (p=0, n=0, P=0, N=0), p_value: 0
2026-04-14 12:58:53,001 - INFO - Regula po iteracji 0: IF  THEN class = {1.39} [-0.17, 2.94], (p=139, n=28, P=139, N=28)
2026-04-14 12:58:53,001 - INFO - *****STOP GROWING RR RULE*****
2026-04-14 12:58:53,001 - INFO - ***RR NOT FOUND***
2026-04-14 12:58:53,002 - INFO - Iteracja 2: condition_best: None, quality_best: -inf, coverage_best: (p=0, n=0, P=0, N=0)
2026-04-14 12:58:53,002 - INFO - Regula po iteracji 2: IF screw = {D} AND pgain = {4} THEN class = {0.55} [0.22, 0.88], (p=7, n=5, P=96, N=71)
2026-04-14 12:58:53,002 - INFO - *******STOP GROWING CR RULE*******
2026-04-14 12:58:53,002 - INFO - *******GROWING CR RULE*******
2026-04-14 12:58:53,003 - INFO - Iteracja 0: condition_best: motor = {C}, quality_best: 0.085, coverage_best: (p=34, n=6, P=138, N=29)
2026-04-14 12:58:53,003 - INFO - Regula po iteracji 0: IF motor = {C} THEN class = {1.25} [-0.12, 2.62], (p=34, n=6, P=138, N=29)
2026-04-14 12:58:53,004 - INFO - *****GROWING RR RULE*****
2026-04-14 12:58:53,006 - INFO - Iteracja 0: condition_best: None, quality_best: -inf, coverage_best: (p=0, n=0, P=0, N=0), p_value: 0
2026-04-14 12:58:53,006 - INFO - Regula po iteracji 0: IF  THEN class = {1.39} [-0.17, 2.94], (p=139, n=28, P=139, N=28)
2026-04-14 12:58:53,006 - INFO - *****STOP GROWING RR RULE*****
2026-04-14 12:58:53,006 - INFO - ***RR NOT FOUND***
2026-04-14 12:58:53,007 - INFO - Iteracja 1: condition_best: vgain = {1}, quality_best: 0.022, coverage_best: (p=10, n=2, P=138, N=29)
2026-04-14 12:58:53,007 - INFO - Regula po iteracji 1: IF motor = {C} AND vgain = {1} THEN class = {1.35} [0.01, 2.68], (p=10, n=2, P=138, N=29)
2026-04-14 12:58:53,007 - INFO - *****GROWING RR RULE*****
2026-04-14 12:58:53,009 - INFO - Iteracja 0: condition_best: None, quality_best: -inf, coverage_best: (p=0, n=0, P=0, N=0), p_value: 0
2026-04-14 12:58:53,009 - INFO - Regula po iteracji 0: IF  THEN class = {1.39} [-0.17, 2.94], (p=139, n=28, P=139, N=28)
2026-04-14 12:58:53,009 - INFO - *****STOP GROWING RR RULE*****
2026-04-14 12:58:53,009 - INFO - ***RR NOT FOUND***
2026-04-14 12:58:53,010 - INFO - Iteracja 2: condition_best: None, quality_best: -inf, coverage_best: (p=0, n=0, P=0, N=0)
2026-04-14 12:58:53,010 - INFO - Regula po iteracji 2: IF motor = {C} AND vgain = {1} THEN class = {1.35} [0.01, 2.68], (p=10, n=2, P=138, N=29)
2026-04-14 12:58:53,010 - INFO - *******STOP GROWING CR RULE*******
2026-04-14 12:58:53,011 - INFO - *******GROWING CR RULE*******
2026-04-14 12:58:53,012 - INFO - Iteracja 0: condition_best: motor = {C}, quality_best: 0.085, coverage_best: (p=34, n=6, P=138, N=29)
2026-04-14 12:58:53,012 - INFO - Regula po iteracji 0: IF motor = {C} THEN class = {1.25} [-0.12, 2.62], (p=34, n=6, P=138, N=29)
2026-04-14 12:58:53,012 - INFO - *****GROWING RR RULE*****
2026-04-14 12:58:53,014 - INFO - Iteracja 0: condition_best: None, quality_best: -inf, coverage_best: (p=0, n=0, P=0, N=0), p_value: 0
2026-04-14 12:58:53,014 - INFO - Regula po iteracji 0: IF  THEN class = {1.39} [-0.17, 2.94], (p=139, n=28, P=139, N=28)
2026-04-14 12:58:53,014 - INFO - *****STOP GROWING RR RULE*****
2026-04-14 12:58:53,014 - INFO - ***RR NOT FOUND***
2026-04-14 12:58:53,015 - INFO - Iteracja 1: condition_best: vgain = {2}, quality_best: -0.561, coverage_best: (p=8, n=4, P=140, N=27)
2026-04-14 12:58:53,015 - INFO - Regula po iteracji 1: IF motor = {C} AND vgain = {2} THEN class = {1.92} [0.04, 3.80], (p=8, n=4, P=140, N=27)
2026-04-14 12:58:53,016 - INFO - *****GROWING RR RULE*****
2026-04-14 12:58:53,018 - INFO - Iteracja 0: condition_best: None, quality_best: -inf, coverage_best: (p=0, n=0, P=0, N=0), p_value: 0
2026-04-14 12:58:53,018 - INFO - Regula po iteracji 0: IF  THEN class = {1.39} [-0.17, 2.94], (p=139, n=28, P=139, N=28)
2026-04-14 12:58:53,018 - INFO - *****STOP GROWING RR RULE*****
2026-04-14 12:58:53,018 - INFO - ***RR NOT FOUND***
2026-04-14 12:58:53,019 - INFO - Iteracja 2: condition_best: None, quality_best: -inf, coverage_best: (p=0, n=0, P=0, N=0)
2026-04-14 12:58:53,019 - INFO - Regula po iteracji 2: IF motor = {C} AND vgain = {2} THEN class = {1.92} [0.04, 3.80], (p=8, n=4, P=140, N=27)
2026-04-14 12:58:53,019 - INFO - *******STOP GROWING CR RULE*******
2026-04-14 12:58:53,019 - INFO - *******GROWING CR RULE*******
2026-04-14 12:58:53,020 - INFO - Iteracja 0: condition_best: screw = {C}, quality_best: 0.042, coverage_best: (p=26, n=5, P=138, N=29)
2026-04-14 12:58:53,020 - INFO - Regula po iteracji 0: IF screw = {C} THEN class = {1.25} [-0.13, 2.63], (p=26, n=5, P=138, N=29)
2026-04-14 12:58:53,021 - INFO - *****GROWING RR RULE*****
2026-04-14 12:58:53,023 - INFO - Iteracja 0: condition_best: None, quality_best: -inf, coverage_best: (p=0, n=0, P=0, N=0), p_value: 0
2026-04-14 12:58:53,023 - INFO - Regula po iteracji 0: IF  THEN class = {1.39} [-0.17, 2.94], (p=139, n=28, P=139, N=28)
2026-04-14 12:58:53,023 - INFO - *****STOP GROWING RR RULE*****
2026-04-14 12:58:53,023 - INFO - ***RR NOT FOUND***
2026-04-14 12:58:53,024 - INFO - Iteracja 1: condition_best: pgain = {4}, quality_best: 0.119, coverage_best: (p=8, n=5, P=85, N=82)
2026-04-14 12:58:53,024 - INFO - Regula po iteracji 1: IF screw = {C} AND pgain = {4} THEN class = {0.54} [0.25, 0.82], (p=8, n=5, P=85, N=82)
2026-04-14 12:58:53,024 - INFO - *****GROWING RR RULE*****
2026-04-14 12:58:53,026 - INFO - Iteracja 0: condition_best: None, quality_best: -inf, coverage_best: (p=0, n=0, P=0, N=0), p_value: 0
2026-04-14 12:58:53,026 - INFO - Regula po iteracji 0: IF  THEN class = {1.39} [-0.17, 2.94], (p=139, n=28, P=139, N=28)
2026-04-14 12:58:53,026 - INFO - *****STOP GROWING RR RULE*****
2026-04-14 12:58:53,026 - INFO - ***RR NOT FOUND***
2026-04-14 12:58:53,027 - INFO - Iteracja 2: condition_best: None, quality_best: -inf, coverage_best: (p=0, n=0, P=0, N=0)
2026-04-14 12:58:53,027 - INFO - Regula po iteracji 2: IF screw = {C} AND pgain = {4} THEN class = {0.54} [0.25, 0.82], (p=8, n=5, P=85, N=82)
2026-04-14 12:58:53,027 - INFO - *******STOP GROWING CR RULE*******
2026-04-14 12:58:53,027 - INFO - *******GROWING CR RULE*******
2026-04-14 12:58:53,029 - INFO - Iteracja 0: condition_best: pgain = {4}, quality_best: -0.013, coverage_best: (p=33, n=33, P=85, N=82)
2026-04-14 12:58:53,029 - INFO - Regula po iteracji 0: IF pgain = {4} THEN class = {0.67} [0.36, 0.99], (p=33, n=33, P=85, N=82)
2026-04-14 12:58:53,029 - INFO - *****GROWING RR RULE*****
2026-04-14 12:58:53,031 - INFO - Iteracja 0: condition_best: None, quality_best: -inf, coverage_best: (p=0, n=0, P=0, N=0), p_value: 0
2026-04-14 12:58:53,031 - INFO - Regula po iteracji 0: IF  THEN class = {1.39} [-0.17, 2.94], (p=139, n=28, P=139, N=28)
2026-04-14 12:58:53,031 - INFO - *****STOP GROWING RR RULE*****
2026-04-14 12:58:53,031 - INFO - ***RR NOT FOUND***
2026-04-14 12:58:53,032 - INFO - Iteracja 1: condition_best: screw = {A}, quality_best: 0.479, coverage_best: (p=12, n=3, P=40, N=127)
2026-04-14 12:58:53,032 - INFO - Regula po iteracji 1: IF pgain = {4} AND screw = {A} THEN class = {0.88} [0.67, 1.09], (p=12, n=3, P=40, N=127)
2026-04-14 12:58:53,032 - INFO - *****GROWING RR RULE*****
2026-04-14 12:58:53,034 - INFO - Iteracja 0: condition_best: None, quality_best: -inf, coverage_best: (p=0, n=0, P=0, N=0), p_value: 0
2026-04-14 12:58:53,035 - INFO - Regula po iteracji 0: IF  THEN class = {1.39} [-0.17, 2.94], (p=139, n=28, P=139, N=28)
2026-04-14 12:58:53,035 - INFO - *****STOP GROWING RR RULE*****
2026-04-14 12:58:53,035 - INFO - ***RR NOT FOUND***
2026-04-14 12:58:53,035 - INFO - Iteracja 2: condition_best: None, quality_best: -inf, coverage_best: (p=0, n=0, P=0, N=0)
2026-04-14 12:58:53,035 - INFO - Regula po iteracji 2: IF pgain = {4} AND screw = {A} THEN class = {0.88} [0.67, 1.09], (p=12, n=3, P=40, N=127)
2026-04-14 12:58:53,035 - INFO - *******STOP GROWING CR RULE*******
2026-04-14 12:58:53,036 - INFO - *******GROWING CR RULE*******
2026-04-14 12:58:53,037 - INFO - Iteracja 0: condition_best: pgain = {4}, quality_best: -0.013, coverage_best: (p=33, n=33, P=85, N=82)
2026-04-14 12:58:53,037 - INFO - Regula po iteracji 0: IF pgain = {4} THEN class = {0.67} [0.36, 0.99], (p=33, n=33, P=85, N=82)
2026-04-14 12:58:53,037 - INFO - *****GROWING RR RULE*****
2026-04-14 12:58:53,039 - INFO - Iteracja 0: condition_best: None, quality_best: -inf, coverage_best: (p=0, n=0, P=0, N=0), p_value: 0
2026-04-14 12:58:53,039 - INFO - Regula po iteracji 0: IF  THEN class = {1.39} [-0.17, 2.94], (p=139, n=28, P=139, N=28)
2026-04-14 12:58:53,040 - INFO - *****STOP GROWING RR RULE*****
2026-04-14 12:58:53,040 - INFO - ***RR NOT FOUND***
2026-04-14 12:58:53,040 - INFO - Iteracja 1: condition_best: vgain = {1}, quality_best: 0.202, coverage_best: (p=14, n=6, P=90, N=77)
2026-04-14 12:58:53,041 - INFO - Regula po iteracji 1: IF pgain = {4} AND vgain = {1} THEN class = {0.53} [0.24, 0.83], (p=14, n=6, P=90, N=77)
2026-04-14 12:58:53,041 - INFO - *****GROWING RR RULE*****
2026-04-14 12:58:53,043 - INFO - Iteracja 0: condition_best: None, quality_best: -inf, coverage_best: (p=0, n=0, P=0, N=0), p_value: 0
2026-04-14 12:58:53,043 - INFO - Regula po iteracji 0: IF  THEN class = {1.39} [-0.17, 2.94], (p=139, n=28, P=139, N=28)
2026-04-14 12:58:53,043 - INFO - *****STOP GROWING RR RULE*****
2026-04-14 12:58:53,043 - INFO - ***RR NOT FOUND***
2026-04-14 12:58:53,044 - INFO - Iteracja 2: condition_best: None, quality_best: -inf, coverage_best: (p=0, n=0, P=0, N=0)
2026-04-14 12:58:53,044 - INFO - Regula po iteracji 2: IF pgain = {4} AND vgain = {1} THEN class = {0.53} [0.24, 0.83], (p=14, n=6, P=90, N=77)
2026-04-14 12:58:53,044 - INFO - *******STOP GROWING CR RULE*******
2026-04-14 12:58:53,044 - INFO - *******GROWING CR RULE*******
2026-04-14 12:58:53,045 - INFO - Iteracja 0: condition_best: pgain = {3}, quality_best: 0.533, coverage_best: (p=31, n=19, P=31, N=136)
2026-04-14 12:58:53,045 - INFO - Regula po iteracji 0: IF pgain = {3} THEN class = {3.22} [1.45, 4.99], (p=31, n=19, P=31, N=136)
2026-04-14 12:58:53,046 - INFO - *****GROWING RR RULE*****
2026-04-14 12:58:53,049 - INFO - Iteracja 0: condition_best: None, quality_best: -inf, coverage_best: (p=0, n=0, P=0, N=0), p_value: 0
2026-04-14 12:58:53,050 - INFO - Regula po iteracji 0: IF  THEN class = {1.39} [-0.17, 2.94], (p=139, n=28, P=139, N=28)
2026-04-14 12:58:53,050 - INFO - *****STOP GROWING RR RULE*****
2026-04-14 12:58:53,050 - INFO - ***RR NOT FOUND***
2026-04-14 12:58:53,051 - INFO - Iteracja 1: condition_best: motor = {B}, quality_best: 0.445, coverage_best: (p=7, n=3, P=20, N=147)
2026-04-14 12:58:53,051 - INFO - Regula po iteracji 1: IF pgain = {3} AND motor = {B} THEN class = {4.42} [3.88, 4.96], (p=7, n=3, P=20, N=147)
2026-04-14 12:58:53,051 - INFO - *****GROWING RR RULE*****
2026-04-14 12:58:53,053 - INFO - Iteracja 0: condition_best: None, quality_best: -inf, coverage_best: (p=0, n=0, P=0, N=0), p_value: 0
2026-04-14 12:58:53,053 - INFO - Regula po iteracji 0: IF  THEN class = {1.39} [-0.17, 2.94], (p=139, n=28, P=139, N=28)
2026-04-14 12:58:53,053 - INFO - *****STOP GROWING RR RULE*****
2026-04-14 12:58:53,053 - INFO - ***RR NOT FOUND***
2026-04-14 12:58:53,054 - INFO - Iteracja 2: condition_best: screw = {E}, quality_best: 0.548, coverage_best: (p=2, n=0, P=21, N=146)
2026-04-14 12:58:53,054 - INFO - Regula po iteracji 2: IF pgain = {3} AND motor = {B} AND screw = {E} THEN class = {4.20} [3.70, 4.70], (p=2, n=0, P=21, N=146)
2026-04-14 12:58:53,054 - INFO - *****GROWING RR RULE*****
2026-04-14 12:58:53,056 - INFO - Iteracja 0: condition_best: None, quality_best: -inf, coverage_best: (p=0, n=0, P=0, N=0), p_value: 0
2026-04-14 12:58:53,056 - INFO - Regula po iteracji 0: IF  THEN class = {1.39} [-0.17, 2.94], (p=139, n=28, P=139, N=28)
2026-04-14 12:58:53,056 - INFO - *****STOP GROWING RR RULE*****
2026-04-14 12:58:53,056 - INFO - ***RR NOT FOUND***
2026-04-14 12:58:53,057 - INFO - Iteracja 3: condition_best: vgain = {1}, quality_best: 1.0, coverage_best: (p=1, n=0, P=1, N=166)
2026-04-14 12:58:53,057 - INFO - Regula po iteracji 3: IF pgain = {3} AND motor = {B} AND screw = {E} AND vgain = {1} THEN class = {3.70} [3.70, 3.70], (p=1, n=0, P=1, N=166)
2026-04-14 12:58:53,057 - INFO - *****GROWING RR RULE*****
2026-04-14 12:58:53,059 - INFO - Iteracja 0: condition_best: None, quality_best: -inf, coverage_best: (p=0, n=0, P=0, N=0), p_value: 0
2026-04-14 12:58:53,060 - INFO - Regula po iteracji 0: IF  THEN class = {1.39} [-0.17, 2.94], (p=139, n=28, P=139, N=28)
2026-04-14 12:58:53,060 - INFO - *****STOP GROWING RR RULE*****
2026-04-14 12:58:53,060 - INFO - ***RR NOT FOUND***
2026-04-14 12:58:53,060 - INFO - Iteracja 4: condition_best: None, quality_best: -inf, coverage_best: (p=0, n=0, P=0, N=0)
2026-04-14 12:58:53,060 - INFO - Regula po iteracji 4: IF pgain = {3} AND motor = {B} AND screw = {E} AND vgain = {1} THEN class = {3.70} [3.70, 3.70], (p=1, n=0, P=1, N=166)
2026-04-14 12:58:53,060 - INFO - *******STOP GROWING CR RULE*******
2026-04-14 12:58:53,066 - INFO - ************************Finished experiment for servo.arff with algorithm************************
2026-04-14 12:58:53,066 - INFO - *************************************************************************************************************************
2026-04-14 12:58:53,066 - INFO - *************************************************************************************************************************
2026-04-14 12:58:53,067 - INFO - *************************************************************************************************************************
