2026-04-08 10:35:17,415 - INFO - **********Starting experiment for 12_cancer.arff with algorithm_rulekit**********
2026-04-08 10:35:18,851 - INFO - ************************Finished experiment for 12_cancer.arff with algorithm_rulekit************************
2026-04-08 10:35:18,851 - INFO - *************************************************************************************************************************
2026-04-08 10:35:18,851 - INFO - *************************************************************************************************************************
2026-04-08 10:35:18,851 - INFO - *************************************************************************************************************************
2026-04-08 10:35:18,852 - INFO - **********Starting experiment for 12_cancer.arff with algorithm_log_rank**********
2026-04-08 10:35:18,856 - INFO - *******GROWING CR RULE*******
2026-04-08 10:35:19,334 - INFO - Iteracja 0: condition_best: pat.karno >= 75.00, quality_best: 0.999, coverage_best: (p=103, n=0, P=159, N=0)
2026-04-08 10:35:19,338 - INFO - Regula po iteracji 0: IF pat.karno >= 75.00 THEN survival_status = {nan}, (p=103, n=0, P=159, N=0)
2026-04-08 10:35:19,725 - INFO - Iteracja 1: condition_best: ph.ecog <= 1.50, quality_best: 1.0, coverage_best: (p=94, n=0, P=159, N=0)
2026-04-08 10:35:19,728 - INFO - Regula po iteracji 1: IF pat.karno >= 75.00 AND ph.ecog <= 1.50 THEN survival_status = {350.0}, (p=94, n=0, P=159, N=0)
2026-04-08 10:35:20,094 - INFO - Iteracja 2: condition_best: age <= 75.00, quality_best: 1.0, coverage_best: (p=92, n=0, P=159, N=0)
2026-04-08 10:35:20,098 - INFO - Regula po iteracji 2: IF pat.karno >= 75.00 AND ph.ecog <= 1.50 AND age <= 75.00 THEN survival_status = {364.0}, (p=92, n=0, P=159, N=0)
2026-04-08 10:35:20,462 - INFO - Iteracja 3: condition_best: wt.loss <= 45.50, quality_best: 1.0, coverage_best: (p=85, n=0, P=159, N=0)
2026-04-08 10:35:20,466 - INFO - Regula po iteracji 3: IF pat.karno >= 75.00 AND ph.ecog <= 1.50 AND age <= 75.00 AND wt.loss <= 45.50 THEN survival_status = {371.0}, (p=85, n=0, P=159, N=0)
2026-04-08 10:35:20,820 - INFO - Iteracja 4: condition_best: wt.loss >= -9.00, quality_best: 1.0, coverage_best: (p=84, n=0, P=159, N=0)
2026-04-08 10:35:20,823 - INFO - Regula po iteracji 4: IF pat.karno >= 75.00 AND ph.ecog <= 1.50 AND age <= 75.00 AND wt.loss <= 45.50 AND wt.loss >= -9.00 THEN survival_status = {455.0}, (p=84, n=0, P=159, N=0)
2026-04-08 10:35:20,823 - INFO - *******STOP GROWING CR RULE*******
2026-04-08 10:35:20,835 - INFO - *******GROWING CR RULE*******
2026-04-08 10:35:21,229 - INFO - Iteracja 0: condition_best: pat.karno >= 75.00, quality_best: 0.999, coverage_best: (p=103, n=0, P=159, N=0)
2026-04-08 10:35:21,232 - INFO - Regula po iteracji 0: IF pat.karno >= 75.00 THEN survival_status = {nan}, (p=103, n=0, P=159, N=0)
2026-04-08 10:35:21,559 - INFO - Iteracja 1: condition_best: ph.ecog <= 1.50, quality_best: 1.0, coverage_best: (p=94, n=0, P=159, N=0)
2026-04-08 10:35:21,562 - INFO - Regula po iteracji 1: IF pat.karno >= 75.00 AND ph.ecog <= 1.50 THEN survival_status = {350.0}, (p=94, n=0, P=159, N=0)
2026-04-08 10:35:21,875 - INFO - Iteracja 2: condition_best: age <= 75.00, quality_best: 1.0, coverage_best: (p=92, n=0, P=159, N=0)
2026-04-08 10:35:21,879 - INFO - Regula po iteracji 2: IF pat.karno >= 75.00 AND ph.ecog <= 1.50 AND age <= 75.00 THEN survival_status = {364.0}, (p=92, n=0, P=159, N=0)
2026-04-08 10:35:22,190 - INFO - Iteracja 3: condition_best: age >= 41.00, quality_best: 1.0, coverage_best: (p=90, n=0, P=159, N=0)
2026-04-08 10:35:22,194 - INFO - Regula po iteracji 3: IF pat.karno >= 75.00 AND ph.ecog <= 1.50 AND age <= 75.00 AND age >= 41.00 THEN survival_status = {371.0}, (p=90, n=0, P=159, N=0)
2026-04-08 10:35:22,507 - INFO - Iteracja 4: condition_best: age >= 49.00, quality_best: 1.0, coverage_best: (p=82, n=0, P=159, N=0)
2026-04-08 10:35:22,511 - INFO - Regula po iteracji 4: IF pat.karno >= 75.00 AND ph.ecog <= 1.50 AND age <= 75.00 AND age >= 41.00 AND age >= 49.00 THEN survival_status = {364.0}, (p=82, n=0, P=159, N=0)
2026-04-08 10:35:22,511 - INFO - *******STOP GROWING CR RULE*******
2026-04-08 10:35:22,520 - INFO - *******GROWING CR RULE*******
2026-04-08 10:35:22,906 - INFO - Iteracja 0: condition_best: pat.karno >= 75.00, quality_best: 0.999, coverage_best: (p=103, n=0, P=159, N=0)
2026-04-08 10:35:22,909 - INFO - Regula po iteracji 0: IF pat.karno >= 75.00 THEN survival_status = {nan}, (p=103, n=0, P=159, N=0)
2026-04-08 10:35:23,228 - INFO - Iteracja 1: condition_best: age <= 75.00, quality_best: 1.0, coverage_best: (p=101, n=0, P=159, N=0)
2026-04-08 10:35:23,232 - INFO - Regula po iteracji 1: IF pat.karno >= 75.00 AND age <= 75.00 THEN survival_status = {350.0}, (p=101, n=0, P=159, N=0)
2026-04-08 10:35:23,556 - INFO - Iteracja 2: condition_best: wt.loss <= 45.50, quality_best: 1.0, coverage_best: (p=94, n=0, P=159, N=0)
2026-04-08 10:35:23,560 - INFO - Regula po iteracji 2: IF pat.karno >= 75.00 AND age <= 75.00 AND wt.loss <= 45.50 THEN survival_status = {353.0}, (p=94, n=0, P=159, N=0)
2026-04-08 10:35:23,874 - INFO - Iteracja 3: condition_best: wt.loss >= -12.00, quality_best: 1.0, coverage_best: (p=93, n=0, P=159, N=0)
2026-04-08 10:35:23,878 - INFO - Regula po iteracji 3: IF pat.karno >= 75.00 AND age <= 75.00 AND wt.loss <= 45.50 AND wt.loss >= -12.00 THEN survival_status = {371.0}, (p=93, n=0, P=159, N=0)
2026-04-08 10:35:24,198 - INFO - Iteracja 4: condition_best: wt.loss >= -8.00, quality_best: 1.0, coverage_best: (p=92, n=0, P=159, N=0)
2026-04-08 10:35:24,201 - INFO - Regula po iteracji 4: IF pat.karno >= 75.00 AND age <= 75.00 AND wt.loss <= 45.50 AND wt.loss >= -12.00 AND wt.loss >= -8.00 THEN survival_status = {371.0}, (p=92, n=0, P=159, N=0)
2026-04-08 10:35:24,202 - INFO - *******STOP GROWING CR RULE*******
2026-04-08 10:35:24,211 - INFO - *******GROWING CR RULE*******
2026-04-08 10:35:24,594 - INFO - Iteracja 0: condition_best: pat.karno <= 75.00, quality_best: 0.999, coverage_best: (p=55, n=0, P=159, N=0)
2026-04-08 10:35:24,597 - INFO - Regula po iteracji 0: IF pat.karno <= 75.00 THEN survival_status = {nan}, (p=55, n=0, P=159, N=0)
2026-04-08 10:35:24,890 - INFO - Iteracja 1: condition_best: wt.loss <= 21.00, quality_best: 1.0, coverage_best: (p=37, n=0, P=159, N=0)
2026-04-08 10:35:24,894 - INFO - Regula po iteracji 1: IF pat.karno <= 75.00 AND wt.loss <= 21.00 THEN survival_status = {201.0}, (p=37, n=0, P=159, N=0)
2026-04-08 10:35:25,111 - INFO - Iteracja 2: condition_best: age >= 48.50, quality_best: 1.0, coverage_best: (p=36, n=0, P=159, N=0)
2026-04-08 10:35:25,114 - INFO - Regula po iteracji 2: IF pat.karno <= 75.00 AND wt.loss <= 21.00 AND age >= 48.50 THEN survival_status = {183.0}, (p=36, n=0, P=159, N=0)
2026-04-08 10:35:25,331 - INFO - Iteracja 3: condition_best: pat.karno >= 40.00, quality_best: 1.0, coverage_best: (p=35, n=0, P=159, N=0)
2026-04-08 10:35:25,335 - INFO - Regula po iteracji 3: IF pat.karno <= 75.00 AND wt.loss <= 21.00 AND age >= 48.50 AND pat.karno >= 40.00 THEN survival_status = {179.0}, (p=35, n=0, P=159, N=0)
2026-04-08 10:35:25,548 - INFO - Iteracja 4: condition_best: ph.ecog <= 2.50, quality_best: 1.0, coverage_best: (p=34, n=0, P=159, N=0)
2026-04-08 10:35:25,552 - INFO - Regula po iteracji 4: IF pat.karno <= 75.00 AND wt.loss <= 21.00 AND age >= 48.50 AND pat.karno >= 40.00 AND ph.ecog <= 2.50 THEN survival_status = {179.0}, (p=34, n=0, P=159, N=0)
2026-04-08 10:35:25,552 - INFO - *******STOP GROWING CR RULE*******
2026-04-08 10:35:25,563 - INFO - *******GROWING CR RULE*******
2026-04-08 10:35:25,909 - INFO - Iteracja 0: condition_best: pat.karno <= 75.00, quality_best: 0.999, coverage_best: (p=55, n=0, P=159, N=0)
2026-04-08 10:35:25,913 - INFO - Regula po iteracji 0: IF pat.karno <= 75.00 THEN survival_status = {nan}, (p=55, n=0, P=159, N=0)
2026-04-08 10:35:26,180 - INFO - Iteracja 1: condition_best: wt.loss <= 27.50, quality_best: 1.0, coverage_best: (p=40, n=0, P=159, N=0)
2026-04-08 10:35:26,184 - INFO - Regula po iteracji 1: IF pat.karno <= 75.00 AND wt.loss <= 27.50 THEN survival_status = {201.0}, (p=40, n=0, P=159, N=0)
2026-04-08 10:35:26,400 - INFO - Iteracja 2: condition_best: ph.ecog <= 2.50, quality_best: 1.0, coverage_best: (p=39, n=0, P=159, N=0)
2026-04-08 10:35:26,403 - INFO - Regula po iteracji 2: IF pat.karno <= 75.00 AND wt.loss <= 27.50 AND ph.ecog <= 2.50 THEN survival_status = {189.0}, (p=39, n=0, P=159, N=0)
2026-04-08 10:35:26,622 - INFO - Iteracja 3: condition_best: wt.loss >= -15.50, quality_best: 1.0, coverage_best: (p=38, n=0, P=159, N=0)
2026-04-08 10:35:26,626 - INFO - Regula po iteracji 3: IF pat.karno <= 75.00 AND wt.loss <= 27.50 AND ph.ecog <= 2.50 AND wt.loss >= -15.50 THEN survival_status = {201.0}, (p=38, n=0, P=159, N=0)
2026-04-08 10:35:26,849 - INFO - Iteracja 4: condition_best: wt.loss >= -11.50, quality_best: 1.0, coverage_best: (p=37, n=0, P=159, N=0)
2026-04-08 10:35:26,853 - INFO - Regula po iteracji 4: IF pat.karno <= 75.00 AND wt.loss <= 27.50 AND ph.ecog <= 2.50 AND wt.loss >= -15.50 AND wt.loss >= -11.50 THEN survival_status = {189.0}, (p=37, n=0, P=159, N=0)
2026-04-08 10:35:26,853 - INFO - *******STOP GROWING CR RULE*******
2026-04-08 10:35:26,860 - INFO - *******GROWING CR RULE*******
2026-04-08 10:35:27,201 - INFO - Iteracja 0: condition_best: pat.karno <= 75.00, quality_best: 0.999, coverage_best: (p=55, n=0, P=159, N=0)
2026-04-08 10:35:27,204 - INFO - Regula po iteracji 0: IF pat.karno <= 75.00 THEN survival_status = {nan}, (p=55, n=0, P=159, N=0)
2026-04-08 10:35:27,469 - INFO - Iteracja 1: condition_best: wt.loss <= 35.00, quality_best: 1.0, coverage_best: (p=45, n=0, P=159, N=0)
2026-04-08 10:35:27,472 - INFO - Regula po iteracji 1: IF pat.karno <= 75.00 AND wt.loss <= 35.00 THEN survival_status = {201.0}, (p=45, n=0, P=159, N=0)
2026-04-08 10:35:27,714 - INFO - Iteracja 2: condition_best: age >= 48.50, quality_best: 1.0, coverage_best: (p=44, n=0, P=159, N=0)
2026-04-08 10:35:27,718 - INFO - Regula po iteracji 2: IF pat.karno <= 75.00 AND wt.loss <= 35.00 AND age >= 48.50 THEN survival_status = {201.0}, (p=44, n=0, P=159, N=0)
2026-04-08 10:35:27,962 - INFO - Iteracja 3: condition_best: ph.karno >= 55.00, quality_best: 1.0, coverage_best: (p=42, n=0, P=159, N=0)
2026-04-08 10:35:27,965 - INFO - Regula po iteracji 3: IF pat.karno <= 75.00 AND wt.loss <= 35.00 AND age >= 48.50 AND ph.karno >= 55.00 THEN survival_status = {194.0}, (p=42, n=0, P=159, N=0)
2026-04-08 10:35:28,205 - INFO - Iteracja 4: condition_best: pat.karno >= 40.00, quality_best: 1.0, coverage_best: (p=41, n=0, P=159, N=0)
2026-04-08 10:35:28,209 - INFO - Regula po iteracji 4: IF pat.karno <= 75.00 AND wt.loss <= 35.00 AND age >= 48.50 AND ph.karno >= 55.00 AND pat.karno >= 40.00 THEN survival_status = {194.0}, (p=41, n=0, P=159, N=0)
2026-04-08 10:35:28,209 - INFO - *******STOP GROWING CR RULE*******
2026-04-08 10:35:28,221 - INFO - *******GROWING CR RULE*******
2026-04-08 10:35:28,562 - INFO - Iteracja 0: condition_best: pat.karno <= 75.00, quality_best: 0.999, coverage_best: (p=55, n=0, P=159, N=0)
2026-04-08 10:35:28,566 - INFO - Regula po iteracji 0: IF pat.karno <= 75.00 THEN survival_status = {nan}, (p=55, n=0, P=159, N=0)
2026-04-08 10:35:28,833 - INFO - Iteracja 1: condition_best: age <= 73.50, quality_best: 1.0, coverage_best: (p=47, n=0, P=159, N=0)
2026-04-08 10:35:28,837 - INFO - Regula po iteracji 1: IF pat.karno <= 75.00 AND age <= 73.50 THEN survival_status = {201.0}, (p=47, n=0, P=159, N=0)
2026-04-08 10:35:29,074 - INFO - Iteracja 2: condition_best: age >= 48.50, quality_best: 1.0, coverage_best: (p=46, n=0, P=159, N=0)
2026-04-08 10:35:29,077 - INFO - Regula po iteracji 2: IF pat.karno <= 75.00 AND age <= 73.50 AND age >= 48.50 THEN survival_status = {194.0}, (p=46, n=0, P=159, N=0)
2026-04-08 10:35:29,317 - INFO - Iteracja 3: condition_best: pat.karno >= 40.00, quality_best: 1.0, coverage_best: (p=45, n=0, P=159, N=0)
2026-04-08 10:35:29,320 - INFO - Regula po iteracji 3: IF pat.karno <= 75.00 AND age <= 73.50 AND age >= 48.50 AND pat.karno >= 40.00 THEN survival_status = {194.0}, (p=45, n=0, P=159, N=0)
2026-04-08 10:35:29,558 - INFO - Iteracja 4: condition_best: ph.karno >= 55.00, quality_best: 1.0, coverage_best: (p=41, n=0, P=159, N=0)
2026-04-08 10:35:29,562 - INFO - Regula po iteracji 4: IF pat.karno <= 75.00 AND age <= 73.50 AND age >= 48.50 AND pat.karno >= 40.00 AND ph.karno >= 55.00 THEN survival_status = {189.0}, (p=41, n=0, P=159, N=0)
2026-04-08 10:35:29,562 - INFO - *******STOP GROWING CR RULE*******
2026-04-08 10:35:29,573 - INFO - *******GROWING CR RULE*******
2026-04-08 10:35:29,905 - INFO - Iteracja 0: condition_best: pat.karno >= 75.00, quality_best: 0.999, coverage_best: (p=103, n=0, P=159, N=0)
2026-04-08 10:35:29,908 - INFO - Regula po iteracji 0: IF pat.karno >= 75.00 THEN survival_status = {nan}, (p=103, n=0, P=159, N=0)
2026-04-08 10:35:30,185 - INFO - Iteracja 1: condition_best: ph.ecog <= 1.50, quality_best: 1.0, coverage_best: (p=94, n=0, P=159, N=0)
2026-04-08 10:35:30,189 - INFO - Regula po iteracji 1: IF pat.karno >= 75.00 AND ph.ecog <= 1.50 THEN survival_status = {350.0}, (p=94, n=0, P=159, N=0)
2026-04-08 10:35:30,455 - INFO - Iteracja 2: condition_best: age <= 75.00, quality_best: 1.0, coverage_best: (p=92, n=0, P=159, N=0)
2026-04-08 10:35:30,459 - INFO - Regula po iteracji 2: IF pat.karno >= 75.00 AND ph.ecog <= 1.50 AND age <= 75.00 THEN survival_status = {364.0}, (p=92, n=0, P=159, N=0)
2026-04-08 10:35:30,728 - INFO - Iteracja 3: condition_best: wt.loss <= 45.50, quality_best: 1.0, coverage_best: (p=85, n=0, P=159, N=0)
2026-04-08 10:35:30,731 - INFO - Regula po iteracji 3: IF pat.karno >= 75.00 AND ph.ecog <= 1.50 AND age <= 75.00 AND wt.loss <= 45.50 THEN survival_status = {371.0}, (p=85, n=0, P=159, N=0)
2026-04-08 10:35:30,993 - INFO - Iteracja 4: condition_best: wt.loss >= -9.00, quality_best: 1.0, coverage_best: (p=84, n=0, P=159, N=0)
2026-04-08 10:35:30,997 - INFO - Regula po iteracji 4: IF pat.karno >= 75.00 AND ph.ecog <= 1.50 AND age <= 75.00 AND wt.loss <= 45.50 AND wt.loss >= -9.00 THEN survival_status = {455.0}, (p=84, n=0, P=159, N=0)
2026-04-08 10:35:30,997 - INFO - *******STOP GROWING CR RULE*******
2026-04-08 10:35:32,074 - INFO - ************************Finished experiment for 12_cancer.arff with algorithm_log_rank************************
2026-04-08 10:35:32,074 - INFO - *************************************************************************************************************************
2026-04-08 10:35:32,074 - INFO - *************************************************************************************************************************
2026-04-08 10:35:32,074 - INFO - *************************************************************************************************************************
2026-04-08 10:35:32,074 - INFO - **********Starting experiment for 12_cancer.arff with algorithm_log_rank_with_exceptions**********
2026-04-08 10:35:32,079 - INFO - *******GROWING CR RULE*******
2026-04-08 10:35:32,555 - INFO - Iteracja 0: condition_best: pat.karno >= 75.00, quality_best: 0.999, coverage_best: (p=103, n=0, P=159, N=0)
2026-04-08 10:35:32,559 - INFO - Regula po iteracji 0: IF pat.karno >= 75.00 THEN survival_status = {nan}, (p=103, n=0, P=159, N=0)
2026-04-08 10:35:32,559 - INFO - *****GROWING RR RULE*****
2026-04-08 10:35:33,783 - INFO - Iteracja 0: condition_best: None, quality_best: -inf, coverage_best: (p=0, n=0, P=0, N=0), p_value: 0
2026-04-08 10:35:33,786 - INFO - Regula po iteracji 0: IF  THEN survival_status = {nan}, (p=159, n=0, P=159, N=0)
2026-04-08 10:35:33,786 - INFO - *****STOP GROWING RR RULE*****
2026-04-08 10:35:33,786 - INFO - ***RR NOT FOUND***
2026-04-08 10:35:34,175 - INFO - Iteracja 1: condition_best: ph.ecog <= 1.50, quality_best: 1.0, coverage_best: (p=94, n=0, P=159, N=0)
2026-04-08 10:35:34,178 - INFO - Regula po iteracji 1: IF pat.karno >= 75.00 AND ph.ecog <= 1.50 THEN survival_status = {350.0}, (p=94, n=0, P=159, N=0)
2026-04-08 10:35:34,178 - INFO - *****GROWING RR RULE*****
2026-04-08 10:35:35,373 - INFO - Iteracja 0: condition_best: None, quality_best: -inf, coverage_best: (p=0, n=0, P=0, N=0), p_value: 0
2026-04-08 10:35:35,376 - INFO - Regula po iteracji 0: IF  THEN survival_status = {nan}, (p=159, n=0, P=159, N=0)
2026-04-08 10:35:35,376 - INFO - *****STOP GROWING RR RULE*****
2026-04-08 10:35:35,376 - INFO - ***RR NOT FOUND***
2026-04-08 10:35:35,742 - INFO - Iteracja 2: condition_best: age <= 75.00, quality_best: 1.0, coverage_best: (p=92, n=0, P=159, N=0)
2026-04-08 10:35:35,746 - INFO - Regula po iteracji 2: IF pat.karno >= 75.00 AND ph.ecog <= 1.50 AND age <= 75.00 THEN survival_status = {364.0}, (p=92, n=0, P=159, N=0)
2026-04-08 10:35:35,746 - INFO - *****GROWING RR RULE*****
2026-04-08 10:35:36,935 - INFO - Iteracja 0: condition_best: None, quality_best: -inf, coverage_best: (p=0, n=0, P=0, N=0), p_value: 0
2026-04-08 10:35:36,938 - INFO - Regula po iteracji 0: IF  THEN survival_status = {nan}, (p=159, n=0, P=159, N=0)
2026-04-08 10:35:36,938 - INFO - *****STOP GROWING RR RULE*****
2026-04-08 10:35:36,938 - INFO - ***RR NOT FOUND***
2026-04-08 10:35:37,308 - INFO - Iteracja 3: condition_best: wt.loss <= 45.50, quality_best: 1.0, coverage_best: (p=85, n=0, P=159, N=0)
2026-04-08 10:35:37,312 - INFO - Regula po iteracji 3: IF pat.karno >= 75.00 AND ph.ecog <= 1.50 AND age <= 75.00 AND wt.loss <= 45.50 THEN survival_status = {371.0}, (p=85, n=0, P=159, N=0)
2026-04-08 10:35:37,312 - INFO - *****GROWING RR RULE*****
2026-04-08 10:35:38,487 - INFO - Iteracja 0: condition_best: None, quality_best: -inf, coverage_best: (p=0, n=0, P=0, N=0), p_value: 0
2026-04-08 10:35:38,490 - INFO - Regula po iteracji 0: IF  THEN survival_status = {nan}, (p=159, n=0, P=159, N=0)
2026-04-08 10:35:38,491 - INFO - *****STOP GROWING RR RULE*****
2026-04-08 10:35:38,491 - INFO - ***RR NOT FOUND***
2026-04-08 10:35:38,845 - INFO - Iteracja 4: condition_best: wt.loss >= -9.00, quality_best: 1.0, coverage_best: (p=84, n=0, P=159, N=0)
2026-04-08 10:35:38,849 - INFO - Regula po iteracji 4: IF pat.karno >= 75.00 AND ph.ecog <= 1.50 AND age <= 75.00 AND wt.loss <= 45.50 AND wt.loss >= -9.00 THEN survival_status = {455.0}, (p=84, n=0, P=159, N=0)
2026-04-08 10:35:38,849 - INFO - *****GROWING RR RULE*****
2026-04-08 10:35:40,005 - INFO - Iteracja 0: condition_best: None, quality_best: -inf, coverage_best: (p=0, n=0, P=0, N=0), p_value: 0
2026-04-08 10:35:40,008 - INFO - Regula po iteracji 0: IF  THEN survival_status = {nan}, (p=159, n=0, P=159, N=0)
2026-04-08 10:35:40,008 - INFO - *****STOP GROWING RR RULE*****
2026-04-08 10:35:40,008 - INFO - ***RR NOT FOUND***
2026-04-08 10:35:40,008 - INFO - *******STOP GROWING CR RULE*******
2026-04-08 10:35:40,019 - INFO - *******GROWING CR RULE*******
2026-04-08 10:35:40,414 - INFO - Iteracja 0: condition_best: pat.karno >= 75.00, quality_best: 0.999, coverage_best: (p=103, n=0, P=159, N=0)
2026-04-08 10:35:40,418 - INFO - Regula po iteracji 0: IF pat.karno >= 75.00 THEN survival_status = {nan}, (p=103, n=0, P=159, N=0)
2026-04-08 10:35:40,418 - INFO - *****GROWING RR RULE*****
2026-04-08 10:35:41,639 - INFO - Iteracja 0: condition_best: None, quality_best: -inf, coverage_best: (p=0, n=0, P=0, N=0), p_value: 0
2026-04-08 10:35:41,642 - INFO - Regula po iteracji 0: IF  THEN survival_status = {nan}, (p=159, n=0, P=159, N=0)
2026-04-08 10:35:41,642 - INFO - *****STOP GROWING RR RULE*****
2026-04-08 10:35:41,642 - INFO - ***RR NOT FOUND***
2026-04-08 10:35:41,970 - INFO - Iteracja 1: condition_best: ph.ecog <= 1.50, quality_best: 1.0, coverage_best: (p=94, n=0, P=159, N=0)
2026-04-08 10:35:41,974 - INFO - Regula po iteracji 1: IF pat.karno >= 75.00 AND ph.ecog <= 1.50 THEN survival_status = {350.0}, (p=94, n=0, P=159, N=0)
2026-04-08 10:35:41,974 - INFO - *****GROWING RR RULE*****
2026-04-08 10:35:43,165 - INFO - Iteracja 0: condition_best: None, quality_best: -inf, coverage_best: (p=0, n=0, P=0, N=0), p_value: 0
2026-04-08 10:35:43,167 - INFO - Regula po iteracji 0: IF  THEN survival_status = {nan}, (p=159, n=0, P=159, N=0)
2026-04-08 10:35:43,167 - INFO - *****STOP GROWING RR RULE*****
2026-04-08 10:35:43,167 - INFO - ***RR NOT FOUND***
2026-04-08 10:35:43,479 - INFO - Iteracja 2: condition_best: age <= 75.00, quality_best: 1.0, coverage_best: (p=92, n=0, P=159, N=0)
2026-04-08 10:35:43,483 - INFO - Regula po iteracji 2: IF pat.karno >= 75.00 AND ph.ecog <= 1.50 AND age <= 75.00 THEN survival_status = {364.0}, (p=92, n=0, P=159, N=0)
2026-04-08 10:35:43,483 - INFO - *****GROWING RR RULE*****
2026-04-08 10:35:44,681 - INFO - Iteracja 0: condition_best: None, quality_best: -inf, coverage_best: (p=0, n=0, P=0, N=0), p_value: 0
2026-04-08 10:35:44,684 - INFO - Regula po iteracji 0: IF  THEN survival_status = {nan}, (p=159, n=0, P=159, N=0)
2026-04-08 10:35:44,684 - INFO - *****STOP GROWING RR RULE*****
2026-04-08 10:35:44,684 - INFO - ***RR NOT FOUND***
2026-04-08 10:35:44,999 - INFO - Iteracja 3: condition_best: age >= 41.00, quality_best: 1.0, coverage_best: (p=90, n=0, P=159, N=0)
2026-04-08 10:35:45,003 - INFO - Regula po iteracji 3: IF pat.karno >= 75.00 AND ph.ecog <= 1.50 AND age <= 75.00 AND age >= 41.00 THEN survival_status = {371.0}, (p=90, n=0, P=159, N=0)
2026-04-08 10:35:45,003 - INFO - *****GROWING RR RULE*****
2026-04-08 10:35:46,191 - INFO - Iteracja 0: condition_best: None, quality_best: -inf, coverage_best: (p=0, n=0, P=0, N=0), p_value: 0
2026-04-08 10:35:46,193 - INFO - Regula po iteracji 0: IF  THEN survival_status = {nan}, (p=159, n=0, P=159, N=0)
2026-04-08 10:35:46,193 - INFO - *****STOP GROWING RR RULE*****
2026-04-08 10:35:46,193 - INFO - ***RR NOT FOUND***
2026-04-08 10:35:46,506 - INFO - Iteracja 4: condition_best: age >= 49.00, quality_best: 1.0, coverage_best: (p=82, n=0, P=159, N=0)
2026-04-08 10:35:46,509 - INFO - Regula po iteracji 4: IF pat.karno >= 75.00 AND ph.ecog <= 1.50 AND age <= 75.00 AND age >= 41.00 AND age >= 49.00 THEN survival_status = {364.0}, (p=82, n=0, P=159, N=0)
2026-04-08 10:35:46,509 - INFO - *****GROWING RR RULE*****
2026-04-08 10:35:47,663 - INFO - Iteracja 0: condition_best: None, quality_best: -inf, coverage_best: (p=0, n=0, P=0, N=0), p_value: 0
2026-04-08 10:35:47,666 - INFO - Regula po iteracji 0: IF  THEN survival_status = {nan}, (p=159, n=0, P=159, N=0)
2026-04-08 10:35:47,666 - INFO - *****STOP GROWING RR RULE*****
2026-04-08 10:35:47,666 - INFO - ***RR NOT FOUND***
2026-04-08 10:35:47,666 - INFO - *******STOP GROWING CR RULE*******
2026-04-08 10:35:47,675 - INFO - *******GROWING CR RULE*******
2026-04-08 10:35:48,066 - INFO - Iteracja 0: condition_best: pat.karno >= 75.00, quality_best: 0.999, coverage_best: (p=103, n=0, P=159, N=0)
2026-04-08 10:35:48,069 - INFO - Regula po iteracji 0: IF pat.karno >= 75.00 THEN survival_status = {nan}, (p=103, n=0, P=159, N=0)
2026-04-08 10:35:48,069 - INFO - *****GROWING RR RULE*****
2026-04-08 10:35:49,291 - INFO - Iteracja 0: condition_best: None, quality_best: -inf, coverage_best: (p=0, n=0, P=0, N=0), p_value: 0
2026-04-08 10:35:49,294 - INFO - Regula po iteracji 0: IF  THEN survival_status = {nan}, (p=159, n=0, P=159, N=0)
2026-04-08 10:35:49,294 - INFO - *****STOP GROWING RR RULE*****
2026-04-08 10:35:49,294 - INFO - ***RR NOT FOUND***
2026-04-08 10:35:49,616 - INFO - Iteracja 1: condition_best: age <= 75.00, quality_best: 1.0, coverage_best: (p=101, n=0, P=159, N=0)
2026-04-08 10:35:49,620 - INFO - Regula po iteracji 1: IF pat.karno >= 75.00 AND age <= 75.00 THEN survival_status = {350.0}, (p=101, n=0, P=159, N=0)
2026-04-08 10:35:49,620 - INFO - *****GROWING RR RULE*****
2026-04-08 10:35:50,821 - INFO - Iteracja 0: condition_best: None, quality_best: -inf, coverage_best: (p=0, n=0, P=0, N=0), p_value: 0
2026-04-08 10:35:50,824 - INFO - Regula po iteracji 0: IF  THEN survival_status = {nan}, (p=159, n=0, P=159, N=0)
2026-04-08 10:35:50,824 - INFO - *****STOP GROWING RR RULE*****
2026-04-08 10:35:50,824 - INFO - ***RR NOT FOUND***
2026-04-08 10:35:51,149 - INFO - Iteracja 2: condition_best: wt.loss <= 45.50, quality_best: 1.0, coverage_best: (p=94, n=0, P=159, N=0)
2026-04-08 10:35:51,153 - INFO - Regula po iteracji 2: IF pat.karno >= 75.00 AND age <= 75.00 AND wt.loss <= 45.50 THEN survival_status = {353.0}, (p=94, n=0, P=159, N=0)
2026-04-08 10:35:51,153 - INFO - *****GROWING RR RULE*****
2026-04-08 10:35:52,338 - INFO - Iteracja 0: condition_best: None, quality_best: -inf, coverage_best: (p=0, n=0, P=0, N=0), p_value: 0
2026-04-08 10:35:52,341 - INFO - Regula po iteracji 0: IF  THEN survival_status = {nan}, (p=159, n=0, P=159, N=0)
2026-04-08 10:35:52,341 - INFO - *****STOP GROWING RR RULE*****
2026-04-08 10:35:52,341 - INFO - ***RR NOT FOUND***
2026-04-08 10:35:52,657 - INFO - Iteracja 3: condition_best: wt.loss >= -12.00, quality_best: 1.0, coverage_best: (p=93, n=0, P=159, N=0)
2026-04-08 10:35:52,661 - INFO - Regula po iteracji 3: IF pat.karno >= 75.00 AND age <= 75.00 AND wt.loss <= 45.50 AND wt.loss >= -12.00 THEN survival_status = {371.0}, (p=93, n=0, P=159, N=0)
2026-04-08 10:35:52,661 - INFO - *****GROWING RR RULE*****
2026-04-08 10:35:53,853 - INFO - Iteracja 0: condition_best: None, quality_best: -inf, coverage_best: (p=0, n=0, P=0, N=0), p_value: 0
2026-04-08 10:35:53,856 - INFO - Regula po iteracji 0: IF  THEN survival_status = {nan}, (p=159, n=0, P=159, N=0)
2026-04-08 10:35:53,856 - INFO - *****STOP GROWING RR RULE*****
2026-04-08 10:35:53,856 - INFO - ***RR NOT FOUND***
2026-04-08 10:35:54,175 - INFO - Iteracja 4: condition_best: wt.loss >= -8.00, quality_best: 1.0, coverage_best: (p=92, n=0, P=159, N=0)
2026-04-08 10:35:54,179 - INFO - Regula po iteracji 4: IF pat.karno >= 75.00 AND age <= 75.00 AND wt.loss <= 45.50 AND wt.loss >= -12.00 AND wt.loss >= -8.00 THEN survival_status = {371.0}, (p=92, n=0, P=159, N=0)
2026-04-08 10:35:54,179 - INFO - *****GROWING RR RULE*****
2026-04-08 10:35:55,354 - INFO - Iteracja 0: condition_best: None, quality_best: -inf, coverage_best: (p=0, n=0, P=0, N=0), p_value: 0
2026-04-08 10:35:55,356 - INFO - Regula po iteracji 0: IF  THEN survival_status = {nan}, (p=159, n=0, P=159, N=0)
2026-04-08 10:35:55,356 - INFO - *****STOP GROWING RR RULE*****
2026-04-08 10:35:55,356 - INFO - ***RR NOT FOUND***
2026-04-08 10:35:55,356 - INFO - *******STOP GROWING CR RULE*******
2026-04-08 10:35:55,366 - INFO - *******GROWING CR RULE*******
2026-04-08 10:35:55,743 - INFO - Iteracja 0: condition_best: pat.karno <= 75.00, quality_best: 0.999, coverage_best: (p=55, n=0, P=159, N=0)
2026-04-08 10:35:55,747 - INFO - Regula po iteracji 0: IF pat.karno <= 75.00 THEN survival_status = {nan}, (p=55, n=0, P=159, N=0)
2026-04-08 10:35:55,747 - INFO - *****GROWING RR RULE*****
2026-04-08 10:35:56,836 - INFO - Iteracja 0: condition_best: None, quality_best: -inf, coverage_best: (p=0, n=0, P=0, N=0), p_value: 0
2026-04-08 10:35:56,839 - INFO - Regula po iteracji 0: IF  THEN survival_status = {nan}, (p=159, n=0, P=159, N=0)
2026-04-08 10:35:56,839 - INFO - *****STOP GROWING RR RULE*****
2026-04-08 10:35:56,839 - INFO - ***RR NOT FOUND***
2026-04-08 10:35:57,128 - INFO - Iteracja 1: condition_best: wt.loss <= 21.00, quality_best: 1.0, coverage_best: (p=37, n=0, P=159, N=0)
2026-04-08 10:35:57,132 - INFO - Regula po iteracji 1: IF pat.karno <= 75.00 AND wt.loss <= 21.00 THEN survival_status = {201.0}, (p=37, n=0, P=159, N=0)
2026-04-08 10:35:57,132 - INFO - *****GROWING RR RULE*****
2026-04-08 10:35:58,171 - INFO - Iteracja 0: condition_best: None, quality_best: -inf, coverage_best: (p=0, n=0, P=0, N=0), p_value: 0
2026-04-08 10:35:58,173 - INFO - Regula po iteracji 0: IF  THEN survival_status = {nan}, (p=159, n=0, P=159, N=0)
2026-04-08 10:35:58,174 - INFO - *****STOP GROWING RR RULE*****
2026-04-08 10:35:58,174 - INFO - ***RR NOT FOUND***
2026-04-08 10:35:58,391 - INFO - Iteracja 2: condition_best: age >= 48.50, quality_best: 1.0, coverage_best: (p=36, n=0, P=159, N=0)
2026-04-08 10:35:58,394 - INFO - Regula po iteracji 2: IF pat.karno <= 75.00 AND wt.loss <= 21.00 AND age >= 48.50 THEN survival_status = {183.0}, (p=36, n=0, P=159, N=0)
2026-04-08 10:35:58,394 - INFO - *****GROWING RR RULE*****
2026-04-08 10:35:59,436 - INFO - Iteracja 0: condition_best: None, quality_best: -inf, coverage_best: (p=0, n=0, P=0, N=0), p_value: 0
2026-04-08 10:35:59,439 - INFO - Regula po iteracji 0: IF  THEN survival_status = {nan}, (p=159, n=0, P=159, N=0)
2026-04-08 10:35:59,439 - INFO - *****STOP GROWING RR RULE*****
2026-04-08 10:35:59,439 - INFO - ***RR NOT FOUND***
2026-04-08 10:35:59,656 - INFO - Iteracja 3: condition_best: pat.karno >= 40.00, quality_best: 1.0, coverage_best: (p=35, n=0, P=159, N=0)
2026-04-08 10:35:59,660 - INFO - Regula po iteracji 3: IF pat.karno <= 75.00 AND wt.loss <= 21.00 AND age >= 48.50 AND pat.karno >= 40.00 THEN survival_status = {179.0}, (p=35, n=0, P=159, N=0)
2026-04-08 10:35:59,660 - INFO - *****GROWING RR RULE*****
2026-04-08 10:36:00,692 - INFO - Iteracja 0: condition_best: None, quality_best: -inf, coverage_best: (p=0, n=0, P=0, N=0), p_value: 0
2026-04-08 10:36:00,695 - INFO - Regula po iteracji 0: IF  THEN survival_status = {nan}, (p=159, n=0, P=159, N=0)
2026-04-08 10:36:00,695 - INFO - *****STOP GROWING RR RULE*****
2026-04-08 10:36:00,695 - INFO - ***RR NOT FOUND***
2026-04-08 10:36:00,908 - INFO - Iteracja 4: condition_best: ph.ecog <= 2.50, quality_best: 1.0, coverage_best: (p=34, n=0, P=159, N=0)
2026-04-08 10:36:00,911 - INFO - Regula po iteracji 4: IF pat.karno <= 75.00 AND wt.loss <= 21.00 AND age >= 48.50 AND pat.karno >= 40.00 AND ph.ecog <= 2.50 THEN survival_status = {179.0}, (p=34, n=0, P=159, N=0)
2026-04-08 10:36:00,911 - INFO - *****GROWING RR RULE*****
2026-04-08 10:36:01,946 - INFO - Iteracja 0: condition_best: None, quality_best: -inf, coverage_best: (p=0, n=0, P=0, N=0), p_value: 0
2026-04-08 10:36:01,948 - INFO - Regula po iteracji 0: IF  THEN survival_status = {nan}, (p=159, n=0, P=159, N=0)
2026-04-08 10:36:01,948 - INFO - *****STOP GROWING RR RULE*****
2026-04-08 10:36:01,949 - INFO - ***RR NOT FOUND***
2026-04-08 10:36:01,949 - INFO - *******STOP GROWING CR RULE*******
2026-04-08 10:36:01,959 - INFO - *******GROWING CR RULE*******
2026-04-08 10:36:02,306 - INFO - Iteracja 0: condition_best: pat.karno <= 75.00, quality_best: 0.999, coverage_best: (p=55, n=0, P=159, N=0)
2026-04-08 10:36:02,309 - INFO - Regula po iteracji 0: IF pat.karno <= 75.00 THEN survival_status = {nan}, (p=55, n=0, P=159, N=0)
2026-04-08 10:36:02,309 - INFO - *****GROWING RR RULE*****
2026-04-08 10:36:03,413 - INFO - Iteracja 0: condition_best: None, quality_best: -inf, coverage_best: (p=0, n=0, P=0, N=0), p_value: 0
2026-04-08 10:36:03,416 - INFO - Regula po iteracji 0: IF  THEN survival_status = {nan}, (p=159, n=0, P=159, N=0)
2026-04-08 10:36:03,416 - INFO - *****STOP GROWING RR RULE*****
2026-04-08 10:36:03,416 - INFO - ***RR NOT FOUND***
2026-04-08 10:36:03,685 - INFO - Iteracja 1: condition_best: wt.loss <= 27.50, quality_best: 1.0, coverage_best: (p=40, n=0, P=159, N=0)
2026-04-08 10:36:03,688 - INFO - Regula po iteracji 1: IF pat.karno <= 75.00 AND wt.loss <= 27.50 THEN survival_status = {201.0}, (p=40, n=0, P=159, N=0)
2026-04-08 10:36:03,688 - INFO - *****GROWING RR RULE*****
2026-04-08 10:36:04,742 - INFO - Iteracja 0: condition_best: None, quality_best: -inf, coverage_best: (p=0, n=0, P=0, N=0), p_value: 0
2026-04-08 10:36:04,745 - INFO - Regula po iteracji 0: IF  THEN survival_status = {nan}, (p=159, n=0, P=159, N=0)
2026-04-08 10:36:04,745 - INFO - *****STOP GROWING RR RULE*****
2026-04-08 10:36:04,745 - INFO - ***RR NOT FOUND***
2026-04-08 10:36:04,962 - INFO - Iteracja 2: condition_best: ph.ecog <= 2.50, quality_best: 1.0, coverage_best: (p=39, n=0, P=159, N=0)
2026-04-08 10:36:04,966 - INFO - Regula po iteracji 2: IF pat.karno <= 75.00 AND wt.loss <= 27.50 AND ph.ecog <= 2.50 THEN survival_status = {189.0}, (p=39, n=0, P=159, N=0)
2026-04-08 10:36:04,966 - INFO - *****GROWING RR RULE*****
2026-04-08 10:36:06,023 - INFO - Iteracja 0: condition_best: None, quality_best: -inf, coverage_best: (p=0, n=0, P=0, N=0), p_value: 0
2026-04-08 10:36:06,025 - INFO - Regula po iteracji 0: IF  THEN survival_status = {nan}, (p=159, n=0, P=159, N=0)
2026-04-08 10:36:06,025 - INFO - *****STOP GROWING RR RULE*****
2026-04-08 10:36:06,025 - INFO - ***RR NOT FOUND***
2026-04-08 10:36:06,243 - INFO - Iteracja 3: condition_best: wt.loss >= -15.50, quality_best: 1.0, coverage_best: (p=38, n=0, P=159, N=0)
2026-04-08 10:36:06,247 - INFO - Regula po iteracji 3: IF pat.karno <= 75.00 AND wt.loss <= 27.50 AND ph.ecog <= 2.50 AND wt.loss >= -15.50 THEN survival_status = {201.0}, (p=38, n=0, P=159, N=0)
2026-04-08 10:36:06,247 - INFO - *****GROWING RR RULE*****
2026-04-08 10:36:07,286 - INFO - Iteracja 0: condition_best: None, quality_best: -inf, coverage_best: (p=0, n=0, P=0, N=0), p_value: 0
2026-04-08 10:36:07,289 - INFO - Regula po iteracji 0: IF  THEN survival_status = {nan}, (p=159, n=0, P=159, N=0)
2026-04-08 10:36:07,290 - INFO - *****STOP GROWING RR RULE*****
2026-04-08 10:36:07,290 - INFO - ***RR NOT FOUND***
2026-04-08 10:36:07,511 - INFO - Iteracja 4: condition_best: wt.loss >= -11.50, quality_best: 1.0, coverage_best: (p=37, n=0, P=159, N=0)
2026-04-08 10:36:07,514 - INFO - Regula po iteracji 4: IF pat.karno <= 75.00 AND wt.loss <= 27.50 AND ph.ecog <= 2.50 AND wt.loss >= -15.50 AND wt.loss >= -11.50 THEN survival_status = {189.0}, (p=37, n=0, P=159, N=0)
2026-04-08 10:36:07,515 - INFO - *****GROWING RR RULE*****
2026-04-08 10:36:08,551 - INFO - Iteracja 0: condition_best: None, quality_best: -inf, coverage_best: (p=0, n=0, P=0, N=0), p_value: 0
2026-04-08 10:36:08,554 - INFO - Regula po iteracji 0: IF  THEN survival_status = {nan}, (p=159, n=0, P=159, N=0)
2026-04-08 10:36:08,554 - INFO - *****STOP GROWING RR RULE*****
2026-04-08 10:36:08,554 - INFO - ***RR NOT FOUND***
2026-04-08 10:36:08,554 - INFO - *******STOP GROWING CR RULE*******
2026-04-08 10:36:08,561 - INFO - *******GROWING CR RULE*******
2026-04-08 10:36:08,900 - INFO - Iteracja 0: condition_best: pat.karno <= 75.00, quality_best: 0.999, coverage_best: (p=55, n=0, P=159, N=0)
2026-04-08 10:36:08,903 - INFO - Regula po iteracji 0: IF pat.karno <= 75.00 THEN survival_status = {nan}, (p=55, n=0, P=159, N=0)
2026-04-08 10:36:08,903 - INFO - *****GROWING RR RULE*****
2026-04-08 10:36:09,990 - INFO - Iteracja 0: condition_best: None, quality_best: -inf, coverage_best: (p=0, n=0, P=0, N=0), p_value: 0
2026-04-08 10:36:09,993 - INFO - Regula po iteracji 0: IF  THEN survival_status = {nan}, (p=159, n=0, P=159, N=0)
2026-04-08 10:36:09,993 - INFO - *****STOP GROWING RR RULE*****
2026-04-08 10:36:09,993 - INFO - ***RR NOT FOUND***
2026-04-08 10:36:10,258 - INFO - Iteracja 1: condition_best: wt.loss <= 35.00, quality_best: 1.0, coverage_best: (p=45, n=0, P=159, N=0)
2026-04-08 10:36:10,261 - INFO - Regula po iteracji 1: IF pat.karno <= 75.00 AND wt.loss <= 35.00 THEN survival_status = {201.0}, (p=45, n=0, P=159, N=0)
2026-04-08 10:36:10,261 - INFO - *****GROWING RR RULE*****
2026-04-08 10:36:11,325 - INFO - Iteracja 0: condition_best: None, quality_best: -inf, coverage_best: (p=0, n=0, P=0, N=0), p_value: 0
2026-04-08 10:36:11,327 - INFO - Regula po iteracji 0: IF  THEN survival_status = {nan}, (p=159, n=0, P=159, N=0)
2026-04-08 10:36:11,327 - INFO - *****STOP GROWING RR RULE*****
2026-04-08 10:36:11,327 - INFO - ***RR NOT FOUND***
2026-04-08 10:36:11,569 - INFO - Iteracja 2: condition_best: age >= 48.50, quality_best: 1.0, coverage_best: (p=44, n=0, P=159, N=0)
2026-04-08 10:36:11,573 - INFO - Regula po iteracji 2: IF pat.karno <= 75.00 AND wt.loss <= 35.00 AND age >= 48.50 THEN survival_status = {201.0}, (p=44, n=0, P=159, N=0)
2026-04-08 10:36:11,573 - INFO - *****GROWING RR RULE*****
2026-04-08 10:36:12,635 - INFO - Iteracja 0: condition_best: None, quality_best: -inf, coverage_best: (p=0, n=0, P=0, N=0), p_value: 0
2026-04-08 10:36:12,638 - INFO - Regula po iteracji 0: IF  THEN survival_status = {nan}, (p=159, n=0, P=159, N=0)
2026-04-08 10:36:12,638 - INFO - *****STOP GROWING RR RULE*****
2026-04-08 10:36:12,638 - INFO - ***RR NOT FOUND***
2026-04-08 10:36:12,880 - INFO - Iteracja 3: condition_best: ph.karno >= 55.00, quality_best: 1.0, coverage_best: (p=42, n=0, P=159, N=0)
2026-04-08 10:36:12,883 - INFO - Regula po iteracji 3: IF pat.karno <= 75.00 AND wt.loss <= 35.00 AND age >= 48.50 AND ph.karno >= 55.00 THEN survival_status = {194.0}, (p=42, n=0, P=159, N=0)
2026-04-08 10:36:12,883 - INFO - *****GROWING RR RULE*****
2026-04-08 10:36:13,943 - INFO - Iteracja 0: condition_best: None, quality_best: -inf, coverage_best: (p=0, n=0, P=0, N=0), p_value: 0
2026-04-08 10:36:13,946 - INFO - Regula po iteracji 0: IF  THEN survival_status = {nan}, (p=159, n=0, P=159, N=0)
2026-04-08 10:36:13,946 - INFO - *****STOP GROWING RR RULE*****
2026-04-08 10:36:13,946 - INFO - ***RR NOT FOUND***
2026-04-08 10:36:14,187 - INFO - Iteracja 4: condition_best: pat.karno >= 40.00, quality_best: 1.0, coverage_best: (p=41, n=0, P=159, N=0)
2026-04-08 10:36:14,191 - INFO - Regula po iteracji 4: IF pat.karno <= 75.00 AND wt.loss <= 35.00 AND age >= 48.50 AND ph.karno >= 55.00 AND pat.karno >= 40.00 THEN survival_status = {194.0}, (p=41, n=0, P=159, N=0)
2026-04-08 10:36:14,191 - INFO - *****GROWING RR RULE*****
2026-04-08 10:36:15,245 - INFO - Iteracja 0: condition_best: None, quality_best: -inf, coverage_best: (p=0, n=0, P=0, N=0), p_value: 0
2026-04-08 10:36:15,248 - INFO - Regula po iteracji 0: IF  THEN survival_status = {nan}, (p=159, n=0, P=159, N=0)
2026-04-08 10:36:15,248 - INFO - *****STOP GROWING RR RULE*****
2026-04-08 10:36:15,248 - INFO - ***RR NOT FOUND***
2026-04-08 10:36:15,248 - INFO - *******STOP GROWING CR RULE*******
2026-04-08 10:36:15,260 - INFO - *******GROWING CR RULE*******
2026-04-08 10:36:15,598 - INFO - Iteracja 0: condition_best: pat.karno <= 75.00, quality_best: 0.999, coverage_best: (p=55, n=0, P=159, N=0)
2026-04-08 10:36:15,601 - INFO - Regula po iteracji 0: IF pat.karno <= 75.00 THEN survival_status = {nan}, (p=55, n=0, P=159, N=0)
2026-04-08 10:36:15,601 - INFO - *****GROWING RR RULE*****
2026-04-08 10:36:16,689 - INFO - Iteracja 0: condition_best: None, quality_best: -inf, coverage_best: (p=0, n=0, P=0, N=0), p_value: 0
2026-04-08 10:36:16,691 - INFO - Regula po iteracji 0: IF  THEN survival_status = {nan}, (p=159, n=0, P=159, N=0)
2026-04-08 10:36:16,692 - INFO - *****STOP GROWING RR RULE*****
2026-04-08 10:36:16,692 - INFO - ***RR NOT FOUND***
2026-04-08 10:36:16,950 - INFO - Iteracja 1: condition_best: age <= 73.50, quality_best: 1.0, coverage_best: (p=47, n=0, P=159, N=0)
2026-04-08 10:36:16,954 - INFO - Regula po iteracji 1: IF pat.karno <= 75.00 AND age <= 73.50 THEN survival_status = {201.0}, (p=47, n=0, P=159, N=0)
2026-04-08 10:36:16,954 - INFO - *****GROWING RR RULE*****
2026-04-08 10:36:18,025 - INFO - Iteracja 0: condition_best: None, quality_best: -inf, coverage_best: (p=0, n=0, P=0, N=0), p_value: 0
2026-04-08 10:36:18,028 - INFO - Regula po iteracji 0: IF  THEN survival_status = {nan}, (p=159, n=0, P=159, N=0)
2026-04-08 10:36:18,028 - INFO - *****STOP GROWING RR RULE*****
2026-04-08 10:36:18,028 - INFO - ***RR NOT FOUND***
2026-04-08 10:36:18,262 - INFO - Iteracja 2: condition_best: age >= 48.50, quality_best: 1.0, coverage_best: (p=46, n=0, P=159, N=0)
2026-04-08 10:36:18,265 - INFO - Regula po iteracji 2: IF pat.karno <= 75.00 AND age <= 73.50 AND age >= 48.50 THEN survival_status = {194.0}, (p=46, n=0, P=159, N=0)
2026-04-08 10:36:18,265 - INFO - *****GROWING RR RULE*****
2026-04-08 10:36:19,336 - INFO - Iteracja 0: condition_best: None, quality_best: -inf, coverage_best: (p=0, n=0, P=0, N=0), p_value: 0
2026-04-08 10:36:19,339 - INFO - Regula po iteracji 0: IF  THEN survival_status = {nan}, (p=159, n=0, P=159, N=0)
2026-04-08 10:36:19,339 - INFO - *****STOP GROWING RR RULE*****
2026-04-08 10:36:19,339 - INFO - ***RR NOT FOUND***
2026-04-08 10:36:19,577 - INFO - Iteracja 3: condition_best: pat.karno >= 40.00, quality_best: 1.0, coverage_best: (p=45, n=0, P=159, N=0)
2026-04-08 10:36:19,581 - INFO - Regula po iteracji 3: IF pat.karno <= 75.00 AND age <= 73.50 AND age >= 48.50 AND pat.karno >= 40.00 THEN survival_status = {194.0}, (p=45, n=0, P=159, N=0)
2026-04-08 10:36:19,581 - INFO - *****GROWING RR RULE*****
2026-04-08 10:36:20,644 - INFO - Iteracja 0: condition_best: None, quality_best: -inf, coverage_best: (p=0, n=0, P=0, N=0), p_value: 0
2026-04-08 10:36:20,647 - INFO - Regula po iteracji 0: IF  THEN survival_status = {nan}, (p=159, n=0, P=159, N=0)
2026-04-08 10:36:20,647 - INFO - *****STOP GROWING RR RULE*****
2026-04-08 10:36:20,647 - INFO - ***RR NOT FOUND***
2026-04-08 10:36:20,884 - INFO - Iteracja 4: condition_best: ph.karno >= 55.00, quality_best: 1.0, coverage_best: (p=41, n=0, P=159, N=0)
2026-04-08 10:36:20,888 - INFO - Regula po iteracji 4: IF pat.karno <= 75.00 AND age <= 73.50 AND age >= 48.50 AND pat.karno >= 40.00 AND ph.karno >= 55.00 THEN survival_status = {189.0}, (p=41, n=0, P=159, N=0)
2026-04-08 10:36:20,888 - INFO - *****GROWING RR RULE*****
2026-04-08 10:36:21,948 - INFO - Iteracja 0: condition_best: None, quality_best: -inf, coverage_best: (p=0, n=0, P=0, N=0), p_value: 0
2026-04-08 10:36:21,951 - INFO - Regula po iteracji 0: IF  THEN survival_status = {nan}, (p=159, n=0, P=159, N=0)
2026-04-08 10:36:21,951 - INFO - *****STOP GROWING RR RULE*****
2026-04-08 10:36:21,951 - INFO - ***RR NOT FOUND***
2026-04-08 10:36:21,951 - INFO - *******STOP GROWING CR RULE*******
2026-04-08 10:36:21,962 - INFO - *******GROWING CR RULE*******
2026-04-08 10:36:22,291 - INFO - Iteracja 0: condition_best: pat.karno >= 75.00, quality_best: 0.999, coverage_best: (p=103, n=0, P=159, N=0)
2026-04-08 10:36:22,294 - INFO - Regula po iteracji 0: IF pat.karno >= 75.00 THEN survival_status = {nan}, (p=103, n=0, P=159, N=0)
2026-04-08 10:36:22,295 - INFO - *****GROWING RR RULE*****
2026-04-08 10:36:23,503 - INFO - Iteracja 0: condition_best: None, quality_best: -inf, coverage_best: (p=0, n=0, P=0, N=0), p_value: 0
2026-04-08 10:36:23,505 - INFO - Regula po iteracji 0: IF  THEN survival_status = {nan}, (p=159, n=0, P=159, N=0)
2026-04-08 10:36:23,505 - INFO - *****STOP GROWING RR RULE*****
2026-04-08 10:36:23,506 - INFO - ***RR NOT FOUND***
2026-04-08 10:36:23,781 - INFO - Iteracja 1: condition_best: ph.ecog <= 1.50, quality_best: 1.0, coverage_best: (p=94, n=0, P=159, N=0)
2026-04-08 10:36:23,785 - INFO - Regula po iteracji 1: IF pat.karno >= 75.00 AND ph.ecog <= 1.50 THEN survival_status = {350.0}, (p=94, n=0, P=159, N=0)
2026-04-08 10:36:23,785 - INFO - *****GROWING RR RULE*****
2026-04-08 10:36:24,974 - INFO - Iteracja 0: condition_best: None, quality_best: -inf, coverage_best: (p=0, n=0, P=0, N=0), p_value: 0
2026-04-08 10:36:24,977 - INFO - Regula po iteracji 0: IF  THEN survival_status = {nan}, (p=159, n=0, P=159, N=0)
2026-04-08 10:36:24,977 - INFO - *****STOP GROWING RR RULE*****
2026-04-08 10:36:24,977 - INFO - ***RR NOT FOUND***
2026-04-08 10:36:25,245 - INFO - Iteracja 2: condition_best: age <= 75.00, quality_best: 1.0, coverage_best: (p=92, n=0, P=159, N=0)
2026-04-08 10:36:25,250 - INFO - Regula po iteracji 2: IF pat.karno >= 75.00 AND ph.ecog <= 1.50 AND age <= 75.00 THEN survival_status = {364.0}, (p=92, n=0, P=159, N=0)
2026-04-08 10:36:25,250 - INFO - *****GROWING RR RULE*****
2026-04-08 10:36:26,428 - INFO - Iteracja 0: condition_best: None, quality_best: -inf, coverage_best: (p=0, n=0, P=0, N=0), p_value: 0
2026-04-08 10:36:26,431 - INFO - Regula po iteracji 0: IF  THEN survival_status = {nan}, (p=159, n=0, P=159, N=0)
2026-04-08 10:36:26,431 - INFO - *****STOP GROWING RR RULE*****
2026-04-08 10:36:26,431 - INFO - ***RR NOT FOUND***
2026-04-08 10:36:26,701 - INFO - Iteracja 3: condition_best: wt.loss <= 45.50, quality_best: 1.0, coverage_best: (p=85, n=0, P=159, N=0)
2026-04-08 10:36:26,704 - INFO - Regula po iteracji 3: IF pat.karno >= 75.00 AND ph.ecog <= 1.50 AND age <= 75.00 AND wt.loss <= 45.50 THEN survival_status = {371.0}, (p=85, n=0, P=159, N=0)
2026-04-08 10:36:26,704 - INFO - *****GROWING RR RULE*****
2026-04-08 10:36:27,869 - INFO - Iteracja 0: condition_best: None, quality_best: -inf, coverage_best: (p=0, n=0, P=0, N=0), p_value: 0
2026-04-08 10:36:27,872 - INFO - Regula po iteracji 0: IF  THEN survival_status = {nan}, (p=159, n=0, P=159, N=0)
2026-04-08 10:36:27,872 - INFO - *****STOP GROWING RR RULE*****
2026-04-08 10:36:27,872 - INFO - ***RR NOT FOUND***
2026-04-08 10:36:28,131 - INFO - Iteracja 4: condition_best: wt.loss >= -9.00, quality_best: 1.0, coverage_best: (p=84, n=0, P=159, N=0)
2026-04-08 10:36:28,135 - INFO - Regula po iteracji 4: IF pat.karno >= 75.00 AND ph.ecog <= 1.50 AND age <= 75.00 AND wt.loss <= 45.50 AND wt.loss >= -9.00 THEN survival_status = {455.0}, (p=84, n=0, P=159, N=0)
2026-04-08 10:36:28,135 - INFO - *****GROWING RR RULE*****
2026-04-08 10:36:29,294 - INFO - Iteracja 0: condition_best: None, quality_best: -inf, coverage_best: (p=0, n=0, P=0, N=0), p_value: 0
2026-04-08 10:36:29,297 - INFO - Regula po iteracji 0: IF  THEN survival_status = {nan}, (p=159, n=0, P=159, N=0)
2026-04-08 10:36:29,297 - INFO - *****STOP GROWING RR RULE*****
2026-04-08 10:36:29,297 - INFO - ***RR NOT FOUND***
2026-04-08 10:36:29,297 - INFO - *******STOP GROWING CR RULE*******
2026-04-08 10:36:30,509 - INFO - ************************Finished experiment for 12_cancer.arff with algorithm_log_rank_with_exceptions************************
2026-04-08 10:36:30,509 - INFO - *************************************************************************************************************************
2026-04-08 10:36:30,509 - INFO - *************************************************************************************************************************
2026-04-08 10:36:30,509 - INFO - *************************************************************************************************************************
2026-04-08 10:36:30,510 - INFO - **********Starting experiment for 12_cancer.arff with survival_tree**********
2026-04-08 10:36:30,543 - INFO - ************************Finished experiment for 12_cancer.arff with survival_tree************************
2026-04-08 10:36:30,543 - INFO - *************************************************************************************************************************
2026-04-08 10:36:30,543 - INFO - *************************************************************************************************************************
2026-04-08 10:36:30,543 - INFO - *************************************************************************************************************************
