2026-04-12 13:20:28,694 - INFO - **********Starting experiment for 11_follic.arff with algorithm**********
2026-04-12 13:20:28,701 - INFO - *******GROWING CR RULE*******
2026-04-12 13:20:32,158 - INFO - Iteracja 0: condition_best: age <= 66.95, quality_best: 1.0, coverage_best: (p=401, n=0, P=541, N=0)
2026-04-12 13:20:32,166 - INFO - Regula po iteracji 0: IF age <= 66.95 THEN survival_status = {nan}, (p=401, n=0, P=541, N=0)
2026-04-12 13:20:32,166 - INFO - *****GROWING RR RULE*****
2026-04-12 13:20:41,158 - INFO - Iteracja 0: condition_best: None, quality_best: -inf, coverage_best: (p=0, n=0, P=0, N=0), p_value: 0
2026-04-12 13:20:41,163 - INFO - Regula po iteracji 0: IF  THEN survival_status = {nan}, (p=541, n=0, P=541, N=0)
2026-04-12 13:20:41,163 - INFO - *****STOP GROWING RR RULE*****
2026-04-12 13:20:41,163 - INFO - ***RR NOT FOUND***
2026-04-12 13:20:43,803 - INFO - Iteracja 1: condition_best: age >= 18.75, quality_best: 1.0, coverage_best: (p=400, n=0, P=541, N=0)
2026-04-12 13:20:43,810 - INFO - Regula po iteracji 1: IF age <= 66.95 AND age >= 18.75 THEN survival_status = {9.300479}, (p=400, n=0, P=541, N=0)
2026-04-12 13:20:43,811 - INFO - *****GROWING RR RULE*****
2026-04-12 13:20:52,856 - INFO - Iteracja 0: condition_best: None, quality_best: -inf, coverage_best: (p=0, n=0, P=0, N=0), p_value: 0
2026-04-12 13:20:52,861 - INFO - Regula po iteracji 0: IF  THEN survival_status = {nan}, (p=541, n=0, P=541, N=0)
2026-04-12 13:20:52,861 - INFO - *****STOP GROWING RR RULE*****
2026-04-12 13:20:52,861 - INFO - ***RR NOT FOUND***
2026-04-12 13:20:55,530 - INFO - Iteracja 2: condition_best: hgb <= 171.00, quality_best: 1.0, coverage_best: (p=398, n=0, P=541, N=0)
2026-04-12 13:20:55,537 - INFO - Regula po iteracji 2: IF age <= 66.95 AND age >= 18.75 AND hgb <= 171.00 THEN survival_status = {9.300479}, (p=398, n=0, P=541, N=0)
2026-04-12 13:20:55,537 - INFO - *****GROWING RR RULE*****
2026-04-12 13:21:04,565 - INFO - Iteracja 0: condition_best: None, quality_best: -inf, coverage_best: (p=0, n=0, P=0, N=0), p_value: 0
2026-04-12 13:21:04,570 - INFO - Regula po iteracji 0: IF  THEN survival_status = {nan}, (p=541, n=0, P=541, N=0)
2026-04-12 13:21:04,570 - INFO - *****STOP GROWING RR RULE*****
2026-04-12 13:21:04,570 - INFO - ***RR NOT FOUND***
2026-04-12 13:21:07,259 - INFO - Iteracja 3: condition_best: age >= 20.75, quality_best: 1.0, coverage_best: (p=397, n=0, P=541, N=0)
2026-04-12 13:21:07,266 - INFO - Regula po iteracji 3: IF age <= 66.95 AND age >= 18.75 AND hgb <= 171.00 AND age >= 20.75 THEN survival_status = {9.300479}, (p=397, n=0, P=541, N=0)
2026-04-12 13:21:07,266 - INFO - *****GROWING RR RULE*****
2026-04-12 13:21:16,235 - INFO - Iteracja 0: condition_best: None, quality_best: -inf, coverage_best: (p=0, n=0, P=0, N=0), p_value: 0
2026-04-12 13:21:16,239 - INFO - Regula po iteracji 0: IF  THEN survival_status = {nan}, (p=541, n=0, P=541, N=0)
2026-04-12 13:21:16,239 - INFO - *****STOP GROWING RR RULE*****
2026-04-12 13:21:16,239 - INFO - ***RR NOT FOUND***
2026-04-12 13:21:18,952 - INFO - Iteracja 4: condition_best: hgb >= 93.00, quality_best: 1.0, coverage_best: (p=396, n=0, P=541, N=0)
2026-04-12 13:21:18,959 - INFO - Regula po iteracji 4: IF age <= 66.95 AND age >= 18.75 AND hgb <= 171.00 AND age >= 20.75 AND hgb >= 93.00 THEN survival_status = {9.300479}, (p=396, n=0, P=541, N=0)
2026-04-12 13:21:18,960 - INFO - *****GROWING RR RULE*****
2026-04-12 13:21:27,900 - INFO - Iteracja 0: condition_best: None, quality_best: -inf, coverage_best: (p=0, n=0, P=0, N=0), p_value: 0
2026-04-12 13:21:27,905 - INFO - Regula po iteracji 0: IF  THEN survival_status = {nan}, (p=541, n=0, P=541, N=0)
2026-04-12 13:21:27,905 - INFO - *****STOP GROWING RR RULE*****
2026-04-12 13:21:27,905 - INFO - ***RR NOT FOUND***
2026-04-12 13:21:27,905 - INFO - *******STOP GROWING CR RULE*******
2026-04-12 13:21:27,929 - INFO - *******GROWING CR RULE*******
2026-04-12 13:21:30,521 - INFO - Iteracja 0: condition_best: age >= 66.95, quality_best: 1.0, coverage_best: (p=140, n=0, P=541, N=0)
2026-04-12 13:21:30,527 - INFO - Regula po iteracji 0: IF age >= 66.95 THEN survival_status = {nan}, (p=140, n=0, P=541, N=0)
2026-04-12 13:21:30,528 - INFO - *****GROWING RR RULE*****
2026-04-12 13:21:37,748 - INFO - Iteracja 0: condition_best: None, quality_best: -inf, coverage_best: (p=0, n=0, P=0, N=0), p_value: 0
2026-04-12 13:21:37,753 - INFO - Regula po iteracji 0: IF  THEN survival_status = {nan}, (p=541, n=0, P=541, N=0)
2026-04-12 13:21:37,753 - INFO - *****STOP GROWING RR RULE*****
2026-04-12 13:21:37,753 - INFO - ***RR NOT FOUND***
2026-04-12 13:21:38,814 - INFO - Iteracja 1: condition_best: age <= 84.15, quality_best: 1.0, coverage_best: (p=135, n=0, P=541, N=0)
2026-04-12 13:21:38,820 - INFO - Regula po iteracji 1: IF age >= 66.95 AND age <= 84.15 THEN survival_status = {3.761807}, (p=135, n=0, P=541, N=0)
2026-04-12 13:21:38,820 - INFO - *****GROWING RR RULE*****
2026-04-12 13:21:46,027 - INFO - Iteracja 0: condition_best: hgb <= 117.50, quality_best: 0.233, coverage_best: (p=31, n=0, P=541, N=0), p_value: 0.07
2026-04-12 13:21:46,034 - INFO - Regula po iteracji 0: IF hgb <= 117.50 THEN survival_status = {nan}, (p=31, n=0, P=541, N=0)
2026-04-12 13:21:46,750 - INFO - Iteracja 1: condition_best: age >= 26.05, quality_best: 0.66, coverage_best: (p=29, n=0, P=541, N=0), p_value: 0.214
2026-04-12 13:21:46,757 - INFO - Regula po iteracji 1: IF hgb <= 117.50 AND age >= 26.05 THEN survival_status = {4.104038}, (p=29, n=0, P=541, N=0)
2026-04-12 13:21:47,444 - INFO - Iteracja 2: condition_best: None, quality_best: -inf, coverage_best: (p=0, n=0, P=0, N=0), p_value: 0.214
2026-04-12 13:21:47,450 - INFO - Regula po iteracji 2: IF hgb <= 117.50 AND age >= 26.05 THEN survival_status = {3.403149}, (p=29, n=0, P=541, N=0)
2026-04-12 13:21:47,450 - INFO - *****STOP GROWING RR RULE*****
2026-04-12 13:21:47,450 - INFO - ***RR FOUND***
2026-04-12 13:21:47,450 - INFO - Reference rule: IF hgb <= 117.50 AND age >= 26.05 THEN survival_status = {3.403149}
2026-04-12 13:21:47,450 - INFO - ***CHECKING EXCEPTION***
2026-04-12 13:21:47,452 - INFO - ER vs CR p_value: 0.03950521307052124
2026-04-12 13:21:47,452 - INFO - ER vs RR p_value: 0.04692133934842091
2026-04-12 13:21:47,473 - INFO - ***ER FOUND***
2026-04-12 13:21:47,473 - INFO - Exception rule: IF age >= 66.95 AND age <= 84.15 AND hgb <= 117.50 AND age >= 26.05 THEN survival_status = {1.880903} (p=11, n=0, P=541, N=0)
2026-04-12 13:21:47,474 - INFO - *******STOP GROWING CR RULE*******
2026-04-12 13:21:47,480 - INFO - *******GROWING CR RULE*******
2026-04-12 13:21:49,771 - INFO - Iteracja 0: condition_best: age <= 66.95, quality_best: 1.0, coverage_best: (p=401, n=0, P=541, N=0)
2026-04-12 13:21:49,779 - INFO - Regula po iteracji 0: IF age <= 66.95 THEN survival_status = {nan}, (p=401, n=0, P=541, N=0)
2026-04-12 13:21:49,779 - INFO - *****GROWING RR RULE*****
2026-04-12 13:21:58,807 - INFO - Iteracja 0: condition_best: None, quality_best: -inf, coverage_best: (p=0, n=0, P=0, N=0), p_value: 0
2026-04-12 13:21:58,811 - INFO - Regula po iteracji 0: IF  THEN survival_status = {nan}, (p=541, n=0, P=541, N=0)
2026-04-12 13:21:58,811 - INFO - *****STOP GROWING RR RULE*****
2026-04-12 13:21:58,811 - INFO - ***RR NOT FOUND***
2026-04-12 13:22:00,593 - INFO - Iteracja 1: condition_best: age >= 18.75, quality_best: 1.0, coverage_best: (p=400, n=0, P=541, N=0)
2026-04-12 13:22:00,600 - INFO - Regula po iteracji 1: IF age <= 66.95 AND age >= 18.75 THEN survival_status = {9.300479}, (p=400, n=0, P=541, N=0)
2026-04-12 13:22:00,600 - INFO - *****GROWING RR RULE*****
2026-04-12 13:22:09,624 - INFO - Iteracja 0: condition_best: None, quality_best: -inf, coverage_best: (p=0, n=0, P=0, N=0), p_value: 0
2026-04-12 13:22:09,628 - INFO - Regula po iteracji 0: IF  THEN survival_status = {nan}, (p=541, n=0, P=541, N=0)
2026-04-12 13:22:09,628 - INFO - *****STOP GROWING RR RULE*****
2026-04-12 13:22:09,628 - INFO - ***RR NOT FOUND***
2026-04-12 13:22:11,461 - INFO - Iteracja 2: condition_best: hgb <= 171.00, quality_best: 1.0, coverage_best: (p=398, n=0, P=541, N=0)
2026-04-12 13:22:11,467 - INFO - Regula po iteracji 2: IF age <= 66.95 AND age >= 18.75 AND hgb <= 171.00 THEN survival_status = {9.300479}, (p=398, n=0, P=541, N=0)
2026-04-12 13:22:11,468 - INFO - *****GROWING RR RULE*****
2026-04-12 13:22:20,470 - INFO - Iteracja 0: condition_best: None, quality_best: -inf, coverage_best: (p=0, n=0, P=0, N=0), p_value: 0
2026-04-12 13:22:20,474 - INFO - Regula po iteracji 0: IF  THEN survival_status = {nan}, (p=541, n=0, P=541, N=0)
2026-04-12 13:22:20,474 - INFO - *****STOP GROWING RR RULE*****
2026-04-12 13:22:20,474 - INFO - ***RR NOT FOUND***
2026-04-12 13:22:22,325 - INFO - Iteracja 3: condition_best: age >= 20.75, quality_best: 1.0, coverage_best: (p=397, n=0, P=541, N=0)
2026-04-12 13:22:22,332 - INFO - Regula po iteracji 3: IF age <= 66.95 AND age >= 18.75 AND hgb <= 171.00 AND age >= 20.75 THEN survival_status = {9.300479}, (p=397, n=0, P=541, N=0)
2026-04-12 13:22:22,332 - INFO - *****GROWING RR RULE*****
2026-04-12 13:22:31,331 - INFO - Iteracja 0: condition_best: None, quality_best: -inf, coverage_best: (p=0, n=0, P=0, N=0), p_value: 0
2026-04-12 13:22:31,336 - INFO - Regula po iteracji 0: IF  THEN survival_status = {nan}, (p=541, n=0, P=541, N=0)
2026-04-12 13:22:31,336 - INFO - *****STOP GROWING RR RULE*****
2026-04-12 13:22:31,336 - INFO - ***RR NOT FOUND***
2026-04-12 13:22:33,212 - INFO - Iteracja 4: condition_best: hgb >= 93.00, quality_best: 1.0, coverage_best: (p=396, n=0, P=541, N=0)
2026-04-12 13:22:33,219 - INFO - Regula po iteracji 4: IF age <= 66.95 AND age >= 18.75 AND hgb <= 171.00 AND age >= 20.75 AND hgb >= 93.00 THEN survival_status = {9.300479}, (p=396, n=0, P=541, N=0)
2026-04-12 13:22:33,219 - INFO - *****GROWING RR RULE*****
2026-04-12 13:22:42,204 - INFO - Iteracja 0: condition_best: None, quality_best: -inf, coverage_best: (p=0, n=0, P=0, N=0), p_value: 0
2026-04-12 13:22:42,209 - INFO - Regula po iteracji 0: IF  THEN survival_status = {nan}, (p=541, n=0, P=541, N=0)
2026-04-12 13:22:42,209 - INFO - *****STOP GROWING RR RULE*****
2026-04-12 13:22:42,209 - INFO - ***RR NOT FOUND***
2026-04-12 13:22:42,209 - INFO - *******STOP GROWING CR RULE*******
2026-04-12 13:22:42,374 - INFO - ************************Finished experiment for 11_follic.arff with algorithm************************
2026-04-12 13:22:42,374 - INFO - *************************************************************************************************************************
2026-04-12 13:22:42,374 - INFO - *************************************************************************************************************************
2026-04-12 13:22:42,374 - INFO - *************************************************************************************************************************
