2026-04-08 11:08:55,363 - INFO - **********Starting experiment for 20_whas500.arff with algorithm_rulekit**********
2026-04-08 11:08:58,512 - INFO - ************************Finished experiment for 20_whas500.arff with algorithm_rulekit************************
2026-04-08 11:08:58,513 - INFO - *************************************************************************************************************************
2026-04-08 11:08:58,513 - INFO - *************************************************************************************************************************
2026-04-08 11:08:58,513 - INFO - *************************************************************************************************************************
2026-04-08 11:08:58,513 - INFO - **********Starting experiment for 20_whas500.arff with algorithm_log_rank**********
2026-04-08 11:08:58,521 - INFO - *******GROWING CR RULE*******
2026-04-08 11:09:03,258 - INFO - Iteracja 0: condition_best: age <= 87.50, quality_best: 1.0, coverage_best: (p=313, n=0, P=350, N=0)
2026-04-08 11:09:03,264 - INFO - Regula po iteracji 0: IF age <= 87.50 THEN survival_status = {nan}, (p=313, n=0, P=350, N=0)
2026-04-08 11:09:07,901 - INFO - Iteracja 1: condition_best: hr <= 173.00, quality_best: 1.0, coverage_best: (p=312, n=0, P=350, N=0)
2026-04-08 11:09:07,907 - INFO - Regula po iteracji 1: IF age <= 87.50 AND hr <= 173.00 THEN survival_status = {2350.0}, (p=312, n=0, P=350, N=0)
2026-04-08 11:09:12,600 - INFO - Iteracja 2: condition_best: sysbp <= 242.00, quality_best: 1.0, coverage_best: (p=311, n=0, P=350, N=0)
2026-04-08 11:09:12,607 - INFO - Regula po iteracji 2: IF age <= 87.50 AND hr <= 173.00 AND sysbp <= 242.00 THEN survival_status = {2350.0}, (p=311, n=0, P=350, N=0)
2026-04-08 11:09:17,310 - INFO - Iteracja 3: condition_best: sysbp <= 237.00, quality_best: 1.0, coverage_best: (p=310, n=0, P=350, N=0)
2026-04-08 11:09:17,316 - INFO - Regula po iteracji 3: IF age <= 87.50 AND hr <= 173.00 AND sysbp <= 242.00 AND sysbp <= 237.00 THEN survival_status = {2350.0}, (p=310, n=0, P=350, N=0)
2026-04-08 11:09:22,075 - INFO - Iteracja 4: condition_best: sysbp >= 60.00, quality_best: 1.0, coverage_best: (p=309, n=0, P=350, N=0)
2026-04-08 11:09:22,081 - INFO - Regula po iteracji 4: IF age <= 87.50 AND hr <= 173.00 AND sysbp <= 242.00 AND sysbp <= 237.00 AND sysbp >= 60.00 THEN survival_status = {2350.0}, (p=309, n=0, P=350, N=0)
2026-04-08 11:09:22,081 - INFO - *******STOP GROWING CR RULE*******
2026-04-08 11:09:22,087 - INFO - *******GROWING CR RULE*******
2026-04-08 11:09:25,333 - INFO - Iteracja 0: condition_best: age >= 67.50, quality_best: 1.0, coverage_best: (p=211, n=0, P=350, N=0)
2026-04-08 11:09:25,339 - INFO - Regula po iteracji 0: IF age >= 67.50 THEN survival_status = {nan}, (p=211, n=0, P=350, N=0)
2026-04-08 11:09:27,844 - INFO - Iteracja 1: condition_best: hr <= 171.50, quality_best: 1.0, coverage_best: (p=210, n=0, P=350, N=0)
2026-04-08 11:09:27,850 - INFO - Regula po iteracji 1: IF age >= 67.50 AND hr <= 171.50 THEN survival_status = {649.0}, (p=210, n=0, P=350, N=0)
2026-04-08 11:09:30,406 - INFO - Iteracja 2: condition_best: hr >= 38.50, quality_best: 1.0, coverage_best: (p=209, n=0, P=350, N=0)
2026-04-08 11:09:30,412 - INFO - Regula po iteracji 2: IF age >= 67.50 AND hr <= 171.50 AND hr >= 38.50 THEN survival_status = {649.0}, (p=209, n=0, P=350, N=0)
2026-04-08 11:09:32,988 - INFO - Iteracja 3: condition_best: age <= 100.00, quality_best: 1.0, coverage_best: (p=208, n=0, P=350, N=0)
2026-04-08 11:09:32,994 - INFO - Regula po iteracji 3: IF age >= 67.50 AND hr <= 171.50 AND hr >= 38.50 AND age <= 100.00 THEN survival_status = {632.0}, (p=208, n=0, P=350, N=0)
2026-04-08 11:09:35,594 - INFO - Iteracja 4: condition_best: diasbp <= 144.00, quality_best: 1.0, coverage_best: (p=207, n=0, P=350, N=0)
2026-04-08 11:09:35,600 - INFO - Regula po iteracji 4: IF age >= 67.50 AND hr <= 171.50 AND hr >= 38.50 AND age <= 100.00 AND diasbp <= 144.00 THEN survival_status = {649.0}, (p=207, n=0, P=350, N=0)
2026-04-08 11:09:35,600 - INFO - *******STOP GROWING CR RULE*******
2026-04-08 11:09:35,605 - INFO - *******GROWING CR RULE*******
2026-04-08 11:09:38,662 - INFO - Iteracja 0: condition_best: age <= 87.50, quality_best: 1.0, coverage_best: (p=313, n=0, P=350, N=0)
2026-04-08 11:09:38,667 - INFO - Regula po iteracji 0: IF age <= 87.50 THEN survival_status = {nan}, (p=313, n=0, P=350, N=0)
2026-04-08 11:09:41,762 - INFO - Iteracja 1: condition_best: hr <= 173.00, quality_best: 1.0, coverage_best: (p=312, n=0, P=350, N=0)
2026-04-08 11:09:41,768 - INFO - Regula po iteracji 1: IF age <= 87.50 AND hr <= 173.00 THEN survival_status = {2350.0}, (p=312, n=0, P=350, N=0)
2026-04-08 11:09:44,909 - INFO - Iteracja 2: condition_best: sysbp <= 242.00, quality_best: 1.0, coverage_best: (p=311, n=0, P=350, N=0)
2026-04-08 11:09:44,914 - INFO - Regula po iteracji 2: IF age <= 87.50 AND hr <= 173.00 AND sysbp <= 242.00 THEN survival_status = {2350.0}, (p=311, n=0, P=350, N=0)
2026-04-08 11:09:48,252 - INFO - Iteracja 3: condition_best: sysbp <= 237.00, quality_best: 1.0, coverage_best: (p=310, n=0, P=350, N=0)
2026-04-08 11:09:48,258 - INFO - Regula po iteracji 3: IF age <= 87.50 AND hr <= 173.00 AND sysbp <= 242.00 AND sysbp <= 237.00 THEN survival_status = {2350.0}, (p=310, n=0, P=350, N=0)
2026-04-08 11:09:51,507 - INFO - Iteracja 4: condition_best: sysbp >= 60.00, quality_best: 1.0, coverage_best: (p=309, n=0, P=350, N=0)
2026-04-08 11:09:51,512 - INFO - Regula po iteracji 4: IF age <= 87.50 AND hr <= 173.00 AND sysbp <= 242.00 AND sysbp <= 237.00 AND sysbp >= 60.00 THEN survival_status = {2350.0}, (p=309, n=0, P=350, N=0)
2026-04-08 11:09:51,513 - INFO - *******STOP GROWING CR RULE*******
2026-04-08 11:09:54,296 - INFO - ************************Finished experiment for 20_whas500.arff with algorithm_log_rank************************
2026-04-08 11:09:54,296 - INFO - *************************************************************************************************************************
2026-04-08 11:09:54,296 - INFO - *************************************************************************************************************************
2026-04-08 11:09:54,296 - INFO - *************************************************************************************************************************
2026-04-08 11:09:54,297 - INFO - **********Starting experiment for 20_whas500.arff with algorithm_log_rank_with_exceptions**********
2026-04-08 11:09:54,305 - INFO - *******GROWING CR RULE*******
2026-04-08 11:09:59,021 - INFO - Iteracja 0: condition_best: age <= 87.50, quality_best: 1.0, coverage_best: (p=313, n=0, P=350, N=0)
2026-04-08 11:09:59,027 - INFO - Regula po iteracji 0: IF age <= 87.50 THEN survival_status = {nan}, (p=313, n=0, P=350, N=0)
2026-04-08 11:09:59,027 - INFO - *****GROWING RR RULE*****
2026-04-08 11:10:12,187 - INFO - Iteracja 0: condition_best: None, quality_best: -inf, coverage_best: (p=0, n=0, P=0, N=0), p_value: 0
2026-04-08 11:10:12,191 - INFO - Regula po iteracji 0: IF  THEN survival_status = {nan}, (p=350, n=0, P=350, N=0)
2026-04-08 11:10:12,191 - INFO - *****STOP GROWING RR RULE*****
2026-04-08 11:10:12,191 - INFO - ***RR NOT FOUND***
2026-04-08 11:10:16,835 - INFO - Iteracja 1: condition_best: hr <= 173.00, quality_best: 1.0, coverage_best: (p=312, n=0, P=350, N=0)
2026-04-08 11:10:16,841 - INFO - Regula po iteracji 1: IF age <= 87.50 AND hr <= 173.00 THEN survival_status = {2350.0}, (p=312, n=0, P=350, N=0)
2026-04-08 11:10:16,841 - INFO - *****GROWING RR RULE*****
2026-04-08 11:10:30,038 - INFO - Iteracja 0: condition_best: None, quality_best: -inf, coverage_best: (p=0, n=0, P=0, N=0), p_value: 0
2026-04-08 11:10:30,042 - INFO - Regula po iteracji 0: IF  THEN survival_status = {nan}, (p=350, n=0, P=350, N=0)
2026-04-08 11:10:30,042 - INFO - *****STOP GROWING RR RULE*****
2026-04-08 11:10:30,042 - INFO - ***RR NOT FOUND***
2026-04-08 11:10:34,769 - INFO - Iteracja 2: condition_best: sysbp <= 242.00, quality_best: 1.0, coverage_best: (p=311, n=0, P=350, N=0)
2026-04-08 11:10:34,775 - INFO - Regula po iteracji 2: IF age <= 87.50 AND hr <= 173.00 AND sysbp <= 242.00 THEN survival_status = {2350.0}, (p=311, n=0, P=350, N=0)
2026-04-08 11:10:34,775 - INFO - *****GROWING RR RULE*****
2026-04-08 11:10:47,838 - INFO - Iteracja 0: condition_best: None, quality_best: -inf, coverage_best: (p=0, n=0, P=0, N=0), p_value: 0
2026-04-08 11:10:47,842 - INFO - Regula po iteracji 0: IF  THEN survival_status = {nan}, (p=350, n=0, P=350, N=0)
2026-04-08 11:10:47,843 - INFO - *****STOP GROWING RR RULE*****
2026-04-08 11:10:47,843 - INFO - ***RR NOT FOUND***
2026-04-08 11:10:52,546 - INFO - Iteracja 3: condition_best: sysbp <= 237.00, quality_best: 1.0, coverage_best: (p=310, n=0, P=350, N=0)
2026-04-08 11:10:52,552 - INFO - Regula po iteracji 3: IF age <= 87.50 AND hr <= 173.00 AND sysbp <= 242.00 AND sysbp <= 237.00 THEN survival_status = {2350.0}, (p=310, n=0, P=350, N=0)
2026-04-08 11:10:52,552 - INFO - *****GROWING RR RULE*****
2026-04-08 11:11:05,650 - INFO - Iteracja 0: condition_best: None, quality_best: -inf, coverage_best: (p=0, n=0, P=0, N=0), p_value: 0
2026-04-08 11:11:05,654 - INFO - Regula po iteracji 0: IF  THEN survival_status = {nan}, (p=350, n=0, P=350, N=0)
2026-04-08 11:11:05,654 - INFO - *****STOP GROWING RR RULE*****
2026-04-08 11:11:05,654 - INFO - ***RR NOT FOUND***
2026-04-08 11:11:10,400 - INFO - Iteracja 4: condition_best: sysbp >= 60.00, quality_best: 1.0, coverage_best: (p=309, n=0, P=350, N=0)
2026-04-08 11:11:10,406 - INFO - Regula po iteracji 4: IF age <= 87.50 AND hr <= 173.00 AND sysbp <= 242.00 AND sysbp <= 237.00 AND sysbp >= 60.00 THEN survival_status = {2350.0}, (p=309, n=0, P=350, N=0)
2026-04-08 11:11:10,406 - INFO - *****GROWING RR RULE*****
2026-04-08 11:11:23,503 - INFO - Iteracja 0: condition_best: None, quality_best: -inf, coverage_best: (p=0, n=0, P=0, N=0), p_value: 0
2026-04-08 11:11:23,507 - INFO - Regula po iteracji 0: IF  THEN survival_status = {nan}, (p=350, n=0, P=350, N=0)
2026-04-08 11:11:23,507 - INFO - *****STOP GROWING RR RULE*****
2026-04-08 11:11:23,507 - INFO - ***RR NOT FOUND***
2026-04-08 11:11:23,507 - INFO - *******STOP GROWING CR RULE*******
2026-04-08 11:11:23,513 - INFO - *******GROWING CR RULE*******
2026-04-08 11:11:26,769 - INFO - Iteracja 0: condition_best: age >= 67.50, quality_best: 1.0, coverage_best: (p=211, n=0, P=350, N=0)
2026-04-08 11:11:26,775 - INFO - Regula po iteracji 0: IF age >= 67.50 THEN survival_status = {nan}, (p=211, n=0, P=350, N=0)
2026-04-08 11:11:26,775 - INFO - *****GROWING RR RULE*****
2026-04-08 11:11:38,679 - INFO - Iteracja 0: condition_best: diasbp <= 67.00, quality_best: 1.0, coverage_best: (p=108, n=0, P=350, N=0), p_value: 0.997
2026-04-08 11:11:38,685 - INFO - Regula po iteracji 0: IF diasbp <= 67.00 THEN survival_status = {nan}, (p=108, n=0, P=350, N=0)
2026-04-08 11:11:43,716 - INFO - Iteracja 1: condition_best: cvd <= 0.50, quality_best: 0.883, coverage_best: (p=22, n=0, P=350, N=0), p_value: 0.999
2026-04-08 11:11:43,721 - INFO - Regula po iteracji 1: IF diasbp <= 67.00 AND cvd <= 0.50 THEN survival_status = {612.0}, (p=22, n=0, P=350, N=0)
2026-04-08 11:11:45,055 - INFO - Iteracja 2: condition_best: None, quality_best: -inf, coverage_best: (p=0, n=0, P=0, N=0), p_value: 0.999
2026-04-08 11:11:45,060 - INFO - Regula po iteracji 2: IF diasbp <= 67.00 AND cvd <= 0.50 THEN survival_status = {552.0}, (p=22, n=0, P=350, N=0)
2026-04-08 11:11:45,060 - INFO - *****STOP GROWING RR RULE*****
2026-04-08 11:11:45,060 - INFO - ***RR FOUND***
2026-04-08 11:11:45,060 - INFO - Reference rule: IF diasbp <= 67.00 THEN survival_status = {552.0}
2026-04-08 11:11:45,060 - INFO - ***CHECKING EXCEPTION***
2026-04-08 11:11:45,062 - INFO - ER vs CR p_value: 0.0006790081920718949
2026-04-08 11:11:45,062 - INFO - ER vs RR p_value: 0.0037201048414701177
2026-04-08 11:11:45,079 - INFO - ***ER FOUND***
2026-04-08 11:11:45,079 - INFO - Exception rule: IF age >= 67.50 AND diasbp <= 67.00 THEN survival_status = {169.0} (p=70, n=0, P=350, N=0)
2026-04-08 11:11:45,080 - INFO - *******STOP GROWING CR RULE*******
2026-04-08 11:11:45,084 - INFO - *******GROWING CR RULE*******
2026-04-08 11:11:48,178 - INFO - Iteracja 0: condition_best: age <= 87.50, quality_best: 1.0, coverage_best: (p=313, n=0, P=350, N=0)
2026-04-08 11:11:48,184 - INFO - Regula po iteracji 0: IF age <= 87.50 THEN survival_status = {nan}, (p=313, n=0, P=350, N=0)
2026-04-08 11:11:48,184 - INFO - *****GROWING RR RULE*****
2026-04-08 11:12:01,455 - INFO - Iteracja 0: condition_best: None, quality_best: -inf, coverage_best: (p=0, n=0, P=0, N=0), p_value: 0
2026-04-08 11:12:01,459 - INFO - Regula po iteracji 0: IF  THEN survival_status = {nan}, (p=350, n=0, P=350, N=0)
2026-04-08 11:12:01,459 - INFO - *****STOP GROWING RR RULE*****
2026-04-08 11:12:01,459 - INFO - ***RR NOT FOUND***
2026-04-08 11:12:04,612 - INFO - Iteracja 1: condition_best: hr <= 173.00, quality_best: 1.0, coverage_best: (p=312, n=0, P=350, N=0)
2026-04-08 11:12:04,617 - INFO - Regula po iteracji 1: IF age <= 87.50 AND hr <= 173.00 THEN survival_status = {2350.0}, (p=312, n=0, P=350, N=0)
2026-04-08 11:12:04,617 - INFO - *****GROWING RR RULE*****
2026-04-08 11:12:17,916 - INFO - Iteracja 0: condition_best: None, quality_best: -inf, coverage_best: (p=0, n=0, P=0, N=0), p_value: 0
2026-04-08 11:12:17,920 - INFO - Regula po iteracji 0: IF  THEN survival_status = {nan}, (p=350, n=0, P=350, N=0)
2026-04-08 11:12:17,920 - INFO - *****STOP GROWING RR RULE*****
2026-04-08 11:12:17,920 - INFO - ***RR NOT FOUND***
2026-04-08 11:12:21,291 - INFO - Iteracja 2: condition_best: sysbp <= 242.00, quality_best: 1.0, coverage_best: (p=311, n=0, P=350, N=0)
2026-04-08 11:12:21,297 - INFO - Regula po iteracji 2: IF age <= 87.50 AND hr <= 173.00 AND sysbp <= 242.00 THEN survival_status = {2350.0}, (p=311, n=0, P=350, N=0)
2026-04-08 11:12:21,298 - INFO - *****GROWING RR RULE*****
2026-04-08 11:12:34,470 - INFO - Iteracja 0: condition_best: None, quality_best: -inf, coverage_best: (p=0, n=0, P=0, N=0), p_value: 0
2026-04-08 11:12:34,475 - INFO - Regula po iteracji 0: IF  THEN survival_status = {nan}, (p=350, n=0, P=350, N=0)
2026-04-08 11:12:34,475 - INFO - *****STOP GROWING RR RULE*****
2026-04-08 11:12:34,475 - INFO - ***RR NOT FOUND***
2026-04-08 11:12:37,705 - INFO - Iteracja 3: condition_best: sysbp <= 237.00, quality_best: 1.0, coverage_best: (p=310, n=0, P=350, N=0)
2026-04-08 11:12:37,711 - INFO - Regula po iteracji 3: IF age <= 87.50 AND hr <= 173.00 AND sysbp <= 242.00 AND sysbp <= 237.00 THEN survival_status = {2350.0}, (p=310, n=0, P=350, N=0)
2026-04-08 11:12:37,711 - INFO - *****GROWING RR RULE*****
2026-04-08 11:12:50,933 - INFO - Iteracja 0: condition_best: None, quality_best: -inf, coverage_best: (p=0, n=0, P=0, N=0), p_value: 0
2026-04-08 11:12:50,937 - INFO - Regula po iteracji 0: IF  THEN survival_status = {nan}, (p=350, n=0, P=350, N=0)
2026-04-08 11:12:50,937 - INFO - *****STOP GROWING RR RULE*****
2026-04-08 11:12:50,937 - INFO - ***RR NOT FOUND***
2026-04-08 11:12:54,220 - INFO - Iteracja 4: condition_best: sysbp >= 60.00, quality_best: 1.0, coverage_best: (p=309, n=0, P=350, N=0)
2026-04-08 11:12:54,226 - INFO - Regula po iteracji 4: IF age <= 87.50 AND hr <= 173.00 AND sysbp <= 242.00 AND sysbp <= 237.00 AND sysbp >= 60.00 THEN survival_status = {2350.0}, (p=309, n=0, P=350, N=0)
2026-04-08 11:12:54,226 - INFO - *****GROWING RR RULE*****
2026-04-08 11:13:07,474 - INFO - Iteracja 0: condition_best: None, quality_best: -inf, coverage_best: (p=0, n=0, P=0, N=0), p_value: 0
2026-04-08 11:13:07,478 - INFO - Regula po iteracji 0: IF  THEN survival_status = {nan}, (p=350, n=0, P=350, N=0)
2026-04-08 11:13:07,478 - INFO - *****STOP GROWING RR RULE*****
2026-04-08 11:13:07,478 - INFO - ***RR NOT FOUND***
2026-04-08 11:13:07,478 - INFO - *******STOP GROWING CR RULE*******
2026-04-08 11:13:10,322 - INFO - ************************Finished experiment for 20_whas500.arff with algorithm_log_rank_with_exceptions************************
2026-04-08 11:13:10,323 - INFO - *************************************************************************************************************************
2026-04-08 11:13:10,323 - INFO - *************************************************************************************************************************
2026-04-08 11:13:10,323 - INFO - *************************************************************************************************************************
2026-04-08 11:13:10,323 - INFO - **********Starting experiment for 20_whas500.arff with survival_tree**********
2026-04-08 11:13:10,381 - INFO - ************************Finished experiment for 20_whas500.arff with survival_tree************************
2026-04-08 11:13:10,381 - INFO - *************************************************************************************************************************
2026-04-08 11:13:10,381 - INFO - *************************************************************************************************************************
2026-04-08 11:13:10,381 - INFO - *************************************************************************************************************************
