2026-04-14 12:05:24,742 - INFO - **********Starting experiment for fishcatch.arff with algorithm**********
2026-04-14 12:05:24,746 - INFO - *******GROWING CR RULE*******
2026-04-14 12:05:24,816 - INFO - Iteracja 0: condition_best: Length1 <= 12.70, quality_best: 0.922, coverage_best: (p=13, n=1, P=13, N=145)
2026-04-14 12:05:24,816 - INFO - Regula po iteracji 0: IF Length1 <= 12.70 THEN class = {10.57} [4.23, 16.92], (p=13, n=1, P=13, N=145)
2026-04-14 12:05:24,816 - INFO - *****GROWING RR RULE*****
2026-04-14 12:05:24,902 - INFO - Iteracja 0: condition_best: None, quality_best: -inf, coverage_best: (p=0, n=0, P=0, N=0), p_value: 0
2026-04-14 12:05:24,902 - INFO - Regula po iteracji 0: IF  THEN class = {398.64} [40.63, 756.65], (p=112, n=46, P=112, N=46)
2026-04-14 12:05:24,902 - INFO - *****STOP GROWING RR RULE*****
2026-04-14 12:05:24,902 - INFO - ***RR NOT FOUND***
2026-04-14 12:05:24,908 - INFO - Iteracja 1: condition_best: Length1 >= 8.40, quality_best: 0.881, coverage_best: (p=12, n=1, P=13, N=145)
2026-04-14 12:05:24,908 - INFO - Regula po iteracji 1: IF Length1 <= 12.70 AND Length1 >= 8.40 THEN class = {11.00} [4.61, 17.39], (p=12, n=1, P=13, N=145)
2026-04-14 12:05:24,908 - INFO - *****GROWING RR RULE*****
2026-04-14 12:05:24,993 - INFO - Iteracja 0: condition_best: None, quality_best: -inf, coverage_best: (p=0, n=0, P=0, N=0), p_value: 0
2026-04-14 12:05:24,993 - INFO - Regula po iteracji 0: IF  THEN class = {398.64} [40.63, 756.65], (p=112, n=46, P=112, N=46)
2026-04-14 12:05:24,993 - INFO - *****STOP GROWING RR RULE*****
2026-04-14 12:05:24,993 - INFO - ***RR NOT FOUND***
2026-04-14 12:05:24,998 - INFO - Iteracja 2: condition_best: Length1 >= 9.65, quality_best: 0.839, coverage_best: (p=11, n=1, P=13, N=145)
2026-04-14 12:05:24,998 - INFO - Regula po iteracji 2: IF Length1 <= 12.70 AND Length1 >= 8.40 AND Length1 >= 9.65 THEN class = {11.42} [4.94, 17.89], (p=11, n=1, P=13, N=145)
2026-04-14 12:05:24,998 - INFO - *****GROWING RR RULE*****
2026-04-14 12:05:25,084 - INFO - Iteracja 0: condition_best: None, quality_best: -inf, coverage_best: (p=0, n=0, P=0, N=0), p_value: 0
2026-04-14 12:05:25,084 - INFO - Regula po iteracji 0: IF  THEN class = {398.64} [40.63, 756.65], (p=112, n=46, P=112, N=46)
2026-04-14 12:05:25,084 - INFO - *****STOP GROWING RR RULE*****
2026-04-14 12:05:25,084 - INFO - ***RR NOT FOUND***
2026-04-14 12:05:25,088 - INFO - Iteracja 3: condition_best: Length1 >= 10.05, quality_best: 0.826, coverage_best: (p=10, n=1, P=12, N=146)
2026-04-14 12:05:25,088 - INFO - Regula po iteracji 3: IF Length1 <= 12.70 AND Length1 >= 8.40 AND Length1 >= 9.65 AND Length1 >= 10.05 THEN class = {11.82} [5.20, 18.44], (p=10, n=1, P=12, N=146)
2026-04-14 12:05:25,089 - INFO - *****GROWING RR RULE*****
2026-04-14 12:05:25,174 - INFO - Iteracja 0: condition_best: None, quality_best: -inf, coverage_best: (p=0, n=0, P=0, N=0), p_value: 0
2026-04-14 12:05:25,174 - INFO - Regula po iteracji 0: IF  THEN class = {398.64} [40.63, 756.65], (p=112, n=46, P=112, N=46)
2026-04-14 12:05:25,175 - INFO - *****STOP GROWING RR RULE*****
2026-04-14 12:05:25,175 - INFO - ***RR NOT FOUND***
2026-04-14 12:05:25,179 - INFO - Iteracja 4: condition_best: Width >= 8.80, quality_best: 0.78, coverage_best: (p=9, n=1, P=12, N=146)
2026-04-14 12:05:25,179 - INFO - Regula po iteracji 4: IF Length1 <= 12.70 AND Length1 >= 8.40 AND Length1 >= 9.65 AND Length1 >= 10.05 AND Width >= 8.80 THEN class = {12.10} [5.22, 18.98], (p=9, n=1, P=12, N=146)
2026-04-14 12:05:25,179 - INFO - *****GROWING RR RULE*****
2026-04-14 12:05:25,265 - INFO - Iteracja 0: condition_best: None, quality_best: -inf, coverage_best: (p=0, n=0, P=0, N=0), p_value: 0
2026-04-14 12:05:25,265 - INFO - Regula po iteracji 0: IF  THEN class = {398.64} [40.63, 756.65], (p=112, n=46, P=112, N=46)
2026-04-14 12:05:25,265 - INFO - *****STOP GROWING RR RULE*****
2026-04-14 12:05:25,265 - INFO - ***RR NOT FOUND***
2026-04-14 12:05:25,265 - INFO - *******STOP GROWING CR RULE*******
2026-04-14 12:05:25,267 - INFO - *******GROWING CR RULE*******
2026-04-14 12:05:25,314 - INFO - Iteracja 0: condition_best: Length3 <= 15.60, quality_best: 0.855, coverage_best: (p=13, n=2, P=13, N=145)
2026-04-14 12:05:25,314 - INFO - Regula po iteracji 0: IF Length3 <= 15.60 THEN class = {11.13} [4.65, 17.61], (p=13, n=2, P=13, N=145)
2026-04-14 12:05:25,314 - INFO - *****GROWING RR RULE*****
2026-04-14 12:05:25,400 - INFO - Iteracja 0: condition_best: None, quality_best: -inf, coverage_best: (p=0, n=0, P=0, N=0), p_value: 0
2026-04-14 12:05:25,400 - INFO - Regula po iteracji 0: IF  THEN class = {398.64} [40.63, 756.65], (p=112, n=46, P=112, N=46)
2026-04-14 12:05:25,400 - INFO - *****STOP GROWING RR RULE*****
2026-04-14 12:05:25,400 - INFO - ***RR NOT FOUND***
2026-04-14 12:05:25,405 - INFO - Iteracja 1: condition_best: Height >= 15.25, quality_best: 0.812, coverage_best: (p=12, n=2, P=13, N=145)
2026-04-14 12:05:25,405 - INFO - Regula po iteracji 1: IF Length3 <= 15.60 AND Height >= 15.25 THEN class = {11.43} [4.82, 18.04], (p=12, n=2, P=13, N=145)
2026-04-14 12:05:25,406 - INFO - *****GROWING RR RULE*****
2026-04-14 12:05:25,491 - INFO - Iteracja 0: condition_best: None, quality_best: -inf, coverage_best: (p=0, n=0, P=0, N=0), p_value: 0
2026-04-14 12:05:25,491 - INFO - Regula po iteracji 0: IF  THEN class = {398.64} [40.63, 756.65], (p=112, n=46, P=112, N=46)
2026-04-14 12:05:25,491 - INFO - *****STOP GROWING RR RULE*****
2026-04-14 12:05:25,491 - INFO - ***RR NOT FOUND***
2026-04-14 12:05:25,496 - INFO - Iteracja 2: condition_best: Height >= 15.65, quality_best: 0.768, coverage_best: (p=11, n=2, P=13, N=145)
2026-04-14 12:05:25,496 - INFO - Regula po iteracji 2: IF Length3 <= 15.60 AND Height >= 15.25 AND Height >= 15.65 THEN class = {11.38} [4.53, 18.24], (p=11, n=2, P=13, N=145)
2026-04-14 12:05:25,497 - INFO - *****GROWING RR RULE*****
2026-04-14 12:05:25,582 - INFO - Iteracja 0: condition_best: None, quality_best: -inf, coverage_best: (p=0, n=0, P=0, N=0), p_value: 0
2026-04-14 12:05:25,582 - INFO - Regula po iteracji 0: IF  THEN class = {398.64} [40.63, 756.65], (p=112, n=46, P=112, N=46)
2026-04-14 12:05:25,582 - INFO - *****STOP GROWING RR RULE*****
2026-04-14 12:05:25,582 - INFO - ***RR NOT FOUND***
2026-04-14 12:05:25,587 - INFO - Iteracja 3: condition_best: Height >= 15.90, quality_best: 0.724, coverage_best: (p=10, n=2, P=13, N=145)
2026-04-14 12:05:25,587 - INFO - Regula po iteracji 3: IF Length3 <= 15.60 AND Height >= 15.25 AND Height >= 15.65 AND Height >= 15.90 THEN class = {11.67} [4.60, 18.73], (p=10, n=2, P=13, N=145)
2026-04-14 12:05:25,588 - INFO - *****GROWING RR RULE*****
2026-04-14 12:05:25,673 - INFO - Iteracja 0: condition_best: None, quality_best: -inf, coverage_best: (p=0, n=0, P=0, N=0), p_value: 0
2026-04-14 12:05:25,673 - INFO - Regula po iteracji 0: IF  THEN class = {398.64} [40.63, 756.65], (p=112, n=46, P=112, N=46)
2026-04-14 12:05:25,674 - INFO - *****STOP GROWING RR RULE*****
2026-04-14 12:05:25,674 - INFO - ***RR NOT FOUND***
2026-04-14 12:05:25,678 - INFO - Iteracja 4: condition_best: None, quality_best: -inf, coverage_best: (p=0, n=0, P=0, N=0)
2026-04-14 12:05:25,678 - INFO - Regula po iteracji 4: IF Length3 <= 15.60 AND Height >= 15.25 AND Height >= 15.65 AND Height >= 15.90 THEN class = {11.67} [4.60, 18.73], (p=10, n=2, P=13, N=145)
2026-04-14 12:05:25,678 - INFO - *******STOP GROWING CR RULE*******
2026-04-14 12:05:25,680 - INFO - *******GROWING CR RULE*******
2026-04-14 12:05:25,727 - INFO - Iteracja 0: condition_best: Length1 <= 16.40, quality_best: 0.809, coverage_best: (p=20, n=4, P=20, N=138)
2026-04-14 12:05:25,727 - INFO - Regula po iteracji 0: IF Length1 <= 16.40 THEN class = {28.83} [1.20, 56.46], (p=20, n=4, P=20, N=138)
2026-04-14 12:05:25,727 - INFO - *****GROWING RR RULE*****
2026-04-14 12:05:25,812 - INFO - Iteracja 0: condition_best: None, quality_best: -inf, coverage_best: (p=0, n=0, P=0, N=0), p_value: 0
2026-04-14 12:05:25,813 - INFO - Regula po iteracji 0: IF  THEN class = {398.64} [40.63, 756.65], (p=112, n=46, P=112, N=46)
2026-04-14 12:05:25,813 - INFO - *****STOP GROWING RR RULE*****
2026-04-14 12:05:25,813 - INFO - ***RR NOT FOUND***
2026-04-14 12:05:25,822 - INFO - Iteracja 1: condition_best: Height <= 37.60, quality_best: 0.823, coverage_best: (p=19, n=3, P=20, N=138)
2026-04-14 12:05:25,822 - INFO - Regula po iteracji 1: IF Length1 <= 16.40 AND Height <= 37.60 THEN class = {26.23} [-1.17, 53.63], (p=19, n=3, P=20, N=138)
2026-04-14 12:05:25,822 - INFO - *****GROWING RR RULE*****
2026-04-14 12:05:25,907 - INFO - Iteracja 0: condition_best: None, quality_best: -inf, coverage_best: (p=0, n=0, P=0, N=0), p_value: 0
2026-04-14 12:05:25,908 - INFO - Regula po iteracji 0: IF  THEN class = {398.64} [40.63, 756.65], (p=112, n=46, P=112, N=46)
2026-04-14 12:05:25,908 - INFO - *****STOP GROWING RR RULE*****
2026-04-14 12:05:25,908 - INFO - ***RR NOT FOUND***
2026-04-14 12:05:25,916 - INFO - Iteracja 2: condition_best: Width <= 15.60, quality_best: 0.857, coverage_best: (p=17, n=2, P=18, N=140)
2026-04-14 12:05:25,916 - INFO - Regula po iteracji 2: IF Length1 <= 16.40 AND Height <= 37.60 AND Width <= 15.60 THEN class = {21.16} [0.36, 41.96], (p=17, n=2, P=18, N=140)
2026-04-14 12:05:25,916 - INFO - *****GROWING RR RULE*****
2026-04-14 12:05:26,001 - INFO - Iteracja 0: condition_best: None, quality_best: -inf, coverage_best: (p=0, n=0, P=0, N=0), p_value: 0
2026-04-14 12:05:26,001 - INFO - Regula po iteracji 0: IF  THEN class = {398.64} [40.63, 756.65], (p=112, n=46, P=112, N=46)
2026-04-14 12:05:26,001 - INFO - *****STOP GROWING RR RULE*****
2026-04-14 12:05:26,001 - INFO - ***RR NOT FOUND***
2026-04-14 12:05:26,008 - INFO - Iteracja 3: condition_best: Length1 >= 9.65, quality_best: 0.826, coverage_best: (p=16, n=2, P=18, N=140)
2026-04-14 12:05:26,008 - INFO - Regula po iteracji 3: IF Length1 <= 16.40 AND Height <= 37.60 AND Width <= 15.60 AND Length1 >= 9.65 THEN class = {22.00} [0.95, 43.05], (p=16, n=2, P=18, N=140)
2026-04-14 12:05:26,009 - INFO - *****GROWING RR RULE*****
2026-04-14 12:05:26,094 - INFO - Iteracja 0: condition_best: None, quality_best: -inf, coverage_best: (p=0, n=0, P=0, N=0), p_value: 0
2026-04-14 12:05:26,095 - INFO - Regula po iteracji 0: IF  THEN class = {398.64} [40.63, 756.65], (p=112, n=46, P=112, N=46)
2026-04-14 12:05:26,095 - INFO - *****STOP GROWING RR RULE*****
2026-04-14 12:05:26,095 - INFO - ***RR NOT FOUND***
2026-04-14 12:05:26,101 - INFO - Iteracja 4: condition_best: Length1 >= 11.45, quality_best: 0.811, coverage_best: (p=9, n=1, P=11, N=147)
2026-04-14 12:05:26,102 - INFO - Regula po iteracji 4: IF Length1 <= 16.40 AND Height <= 37.60 AND Width <= 15.60 AND Length1 >= 9.65 AND Length1 >= 11.45 THEN class = {32.80} [9.68, 55.92], (p=9, n=1, P=11, N=147)
2026-04-14 12:05:26,102 - INFO - *****GROWING RR RULE*****
2026-04-14 12:05:26,187 - INFO - Iteracja 0: condition_best: None, quality_best: -inf, coverage_best: (p=0, n=0, P=0, N=0), p_value: 0
2026-04-14 12:05:26,188 - INFO - Regula po iteracji 0: IF  THEN class = {398.64} [40.63, 756.65], (p=112, n=46, P=112, N=46)
2026-04-14 12:05:26,188 - INFO - *****STOP GROWING RR RULE*****
2026-04-14 12:05:26,188 - INFO - ***RR NOT FOUND***
2026-04-14 12:05:26,188 - INFO - *******STOP GROWING CR RULE*******
2026-04-14 12:05:26,189 - INFO - *******GROWING CR RULE*******
2026-04-14 12:05:26,236 - INFO - Iteracja 0: condition_best: Length1 >= 46.55, quality_best: 0.795, coverage_best: (p=4, n=1, P=4, N=154)
2026-04-14 12:05:26,236 - INFO - Regula po iteracji 0: IF Length1 >= 46.55 THEN class = {1,400.00} [1,135.42, 1,664.58], (p=4, n=1, P=4, N=154)
2026-04-14 12:05:26,236 - INFO - *****GROWING RR RULE*****
2026-04-14 12:05:26,322 - INFO - Iteracja 0: condition_best: None, quality_best: -inf, coverage_best: (p=0, n=0, P=0, N=0), p_value: 0
2026-04-14 12:05:26,322 - INFO - Regula po iteracji 0: IF  THEN class = {398.64} [40.63, 756.65], (p=112, n=46, P=112, N=46)
2026-04-14 12:05:26,322 - INFO - *****STOP GROWING RR RULE*****
2026-04-14 12:05:26,322 - INFO - ***RR NOT FOUND***
2026-04-14 12:05:26,324 - INFO - Iteracja 1: condition_best: Species = {6}, quality_best: 0.795, coverage_best: (p=4, n=1, P=4, N=154)
2026-04-14 12:05:26,324 - INFO - Regula po iteracji 1: IF Length1 >= 46.55 AND Species = {6} THEN class = {1,400.00} [1,135.42, 1,664.58], (p=4, n=1, P=4, N=154)
2026-04-14 12:05:26,324 - INFO - *****GROWING RR RULE*****
2026-04-14 12:05:26,410 - INFO - Iteracja 0: condition_best: None, quality_best: -inf, coverage_best: (p=0, n=0, P=0, N=0), p_value: 0
2026-04-14 12:05:26,411 - INFO - Regula po iteracji 0: IF  THEN class = {398.64} [40.63, 756.65], (p=112, n=46, P=112, N=46)
2026-04-14 12:05:26,411 - INFO - *****STOP GROWING RR RULE*****
2026-04-14 12:05:26,411 - INFO - ***RR NOT FOUND***
2026-04-14 12:05:26,412 - INFO - Iteracja 2: condition_best: None, quality_best: -inf, coverage_best: (p=0, n=0, P=0, N=0)
2026-04-14 12:05:26,412 - INFO - Regula po iteracji 2: IF Length1 >= 46.55 AND Species = {6} THEN class = {1,400.00} [1,135.42, 1,664.58], (p=4, n=1, P=4, N=154)
2026-04-14 12:05:26,412 - INFO - *******STOP GROWING CR RULE*******
2026-04-14 12:05:26,414 - INFO - *******GROWING CR RULE*******
2026-04-14 12:05:26,461 - INFO - Iteracja 0: condition_best: Length1 <= 17.00, quality_best: 0.778, coverage_best: (p=21, n=5, P=21, N=137)
2026-04-14 12:05:26,461 - INFO - Regula po iteracji 0: IF Length1 <= 17.00 THEN class = {32.27} [3.15, 61.39], (p=21, n=5, P=21, N=137)
2026-04-14 12:05:26,461 - INFO - *****GROWING RR RULE*****
2026-04-14 12:05:26,547 - INFO - Iteracja 0: condition_best: None, quality_best: -inf, coverage_best: (p=0, n=0, P=0, N=0), p_value: 0
2026-04-14 12:05:26,547 - INFO - Regula po iteracji 0: IF  THEN class = {398.64} [40.63, 756.65], (p=112, n=46, P=112, N=46)
2026-04-14 12:05:26,547 - INFO - *****STOP GROWING RR RULE*****
2026-04-14 12:05:26,547 - INFO - ***RR NOT FOUND***
2026-04-14 12:05:26,556 - INFO - Iteracja 1: condition_best: Length1 <= 16.65, quality_best: 0.771, coverage_best: (p=20, n=5, P=20, N=138)
2026-04-14 12:05:26,556 - INFO - Regula po iteracji 1: IF Length1 <= 17.00 AND Length1 <= 16.65 THEN class = {30.44} [2.25, 58.63], (p=20, n=5, P=20, N=138)
2026-04-14 12:05:26,557 - INFO - *****GROWING RR RULE*****
2026-04-14 12:05:26,642 - INFO - Iteracja 0: condition_best: None, quality_best: -inf, coverage_best: (p=0, n=0, P=0, N=0), p_value: 0
2026-04-14 12:05:26,642 - INFO - Regula po iteracji 0: IF  THEN class = {398.64} [40.63, 756.65], (p=112, n=46, P=112, N=46)
2026-04-14 12:05:26,642 - INFO - *****STOP GROWING RR RULE*****
2026-04-14 12:05:26,642 - INFO - ***RR NOT FOUND***
2026-04-14 12:05:26,651 - INFO - Iteracja 2: condition_best: Length1 >= 9.65, quality_best: 0.761, coverage_best: (p=19, n=4, P=21, N=137)
2026-04-14 12:05:26,652 - INFO - Regula po iteracji 2: IF Length1 <= 17.00 AND Length1 <= 16.65 AND Length1 >= 9.65 THEN class = {32.61} [4.23, 60.98], (p=19, n=4, P=21, N=137)
2026-04-14 12:05:26,652 - INFO - *****GROWING RR RULE*****
2026-04-14 12:05:26,739 - INFO - Iteracja 0: condition_best: None, quality_best: -inf, coverage_best: (p=0, n=0, P=0, N=0), p_value: 0
2026-04-14 12:05:26,739 - INFO - Regula po iteracji 0: IF  THEN class = {398.64} [40.63, 756.65], (p=112, n=46, P=112, N=46)
2026-04-14 12:05:26,739 - INFO - *****STOP GROWING RR RULE*****
2026-04-14 12:05:26,740 - INFO - ***RR NOT FOUND***
2026-04-14 12:05:26,748 - INFO - Iteracja 3: condition_best: Length1 >= 10.55, quality_best: 0.753, coverage_best: (p=16, n=4, P=17, N=141)
2026-04-14 12:05:26,748 - INFO - Regula po iteracji 3: IF Length1 <= 17.00 AND Length1 <= 16.65 AND Length1 >= 9.65 AND Length1 >= 10.55 THEN class = {36.35} [7.74, 64.96], (p=16, n=4, P=17, N=141)
2026-04-14 12:05:26,748 - INFO - *****GROWING RR RULE*****
2026-04-14 12:05:26,834 - INFO - Iteracja 0: condition_best: None, quality_best: -inf, coverage_best: (p=0, n=0, P=0, N=0), p_value: 0
2026-04-14 12:05:26,834 - INFO - Regula po iteracji 0: IF  THEN class = {398.64} [40.63, 756.65], (p=112, n=46, P=112, N=46)
2026-04-14 12:05:26,834 - INFO - *****STOP GROWING RR RULE*****
2026-04-14 12:05:26,834 - INFO - ***RR NOT FOUND***
2026-04-14 12:05:26,842 - INFO - Iteracja 4: condition_best: Height >= 15.65, quality_best: 0.663, coverage_best: (p=14, n=5, P=16, N=142)
2026-04-14 12:05:26,842 - INFO - Regula po iteracji 4: IF Length1 <= 17.00 AND Length1 <= 16.65 AND Length1 >= 9.65 AND Length1 >= 10.55 AND Height >= 15.65 THEN class = {37.63} [8.84, 66.42], (p=14, n=5, P=16, N=142)
2026-04-14 12:05:26,843 - INFO - *****GROWING RR RULE*****
2026-04-14 12:05:26,928 - INFO - Iteracja 0: condition_best: None, quality_best: -inf, coverage_best: (p=0, n=0, P=0, N=0), p_value: 0
2026-04-14 12:05:26,928 - INFO - Regula po iteracji 0: IF  THEN class = {398.64} [40.63, 756.65], (p=112, n=46, P=112, N=46)
2026-04-14 12:05:26,929 - INFO - *****STOP GROWING RR RULE*****
2026-04-14 12:05:26,929 - INFO - ***RR NOT FOUND***
2026-04-14 12:05:26,929 - INFO - *******STOP GROWING CR RULE*******
2026-04-14 12:05:26,930 - INFO - *******GROWING CR RULE*******
2026-04-14 12:05:26,977 - INFO - Iteracja 0: condition_best: Length1 <= 18.00, quality_best: 0.69, coverage_best: (p=22, n=8, P=22, N=136)
2026-04-14 12:05:26,977 - INFO - Regula po iteracji 0: IF Length1 <= 18.00 THEN class = {40.07} [5.88, 74.26], (p=22, n=8, P=22, N=136)
2026-04-14 12:05:26,977 - INFO - *****GROWING RR RULE*****
2026-04-14 12:05:27,063 - INFO - Iteracja 0: condition_best: None, quality_best: -inf, coverage_best: (p=0, n=0, P=0, N=0), p_value: 0
2026-04-14 12:05:27,063 - INFO - Regula po iteracji 0: IF  THEN class = {398.64} [40.63, 756.65], (p=112, n=46, P=112, N=46)
2026-04-14 12:05:27,063 - INFO - *****STOP GROWING RR RULE*****
2026-04-14 12:05:27,063 - INFO - ***RR NOT FOUND***
2026-04-14 12:05:27,074 - INFO - Iteracja 1: condition_best: Width <= 16.70, quality_best: 0.72, coverage_best: (p=22, n=7, P=22, N=136)
2026-04-14 12:05:27,074 - INFO - Regula po iteracji 1: IF Length1 <= 18.00 AND Width <= 16.70 THEN class = {38.00} [5.12, 70.88], (p=22, n=7, P=22, N=136)
2026-04-14 12:05:27,074 - INFO - *****GROWING RR RULE*****
2026-04-14 12:05:27,159 - INFO - Iteracja 0: condition_best: None, quality_best: -inf, coverage_best: (p=0, n=0, P=0, N=0), p_value: 0
2026-04-14 12:05:27,159 - INFO - Regula po iteracji 0: IF  THEN class = {398.64} [40.63, 756.65], (p=112, n=46, P=112, N=46)
2026-04-14 12:05:27,159 - INFO - *****STOP GROWING RR RULE*****
2026-04-14 12:05:27,159 - INFO - ***RR NOT FOUND***
2026-04-14 12:05:27,170 - INFO - Iteracja 2: condition_best: Length1 >= 15.35, quality_best: 0.771, coverage_best: (p=7, n=1, P=9, N=149)
2026-04-14 12:05:27,170 - INFO - Regula po iteracji 2: IF Length1 <= 18.00 AND Width <= 16.70 AND Length1 >= 15.35 THEN class = {83.75} [68.58, 98.92], (p=7, n=1, P=9, N=149)
2026-04-14 12:05:27,170 - INFO - *****GROWING RR RULE*****
2026-04-14 12:05:27,255 - INFO - Iteracja 0: condition_best: None, quality_best: -inf, coverage_best: (p=0, n=0, P=0, N=0), p_value: 0
2026-04-14 12:05:27,256 - INFO - Regula po iteracji 0: IF  THEN class = {398.64} [40.63, 756.65], (p=112, n=46, P=112, N=46)
2026-04-14 12:05:27,256 - INFO - *****STOP GROWING RR RULE*****
2026-04-14 12:05:27,256 - INFO - ***RR NOT FOUND***
2026-04-14 12:05:27,259 - INFO - Iteracja 3: condition_best: Width >= 13.60, quality_best: 0.707, coverage_best: (p=6, n=1, P=9, N=149)
2026-04-14 12:05:27,259 - INFO - Regula po iteracji 3: IF Length1 <= 18.00 AND Width <= 16.70 AND Length1 >= 15.35 AND Width >= 13.60 THEN class = {82.86} [66.84, 98.88], (p=6, n=1, P=9, N=149)
2026-04-14 12:05:27,259 - INFO - *****GROWING RR RULE*****
2026-04-14 12:05:27,344 - INFO - Iteracja 0: condition_best: None, quality_best: -inf, coverage_best: (p=0, n=0, P=0, N=0), p_value: 0
2026-04-14 12:05:27,344 - INFO - Regula po iteracji 0: IF  THEN class = {398.64} [40.63, 756.65], (p=112, n=46, P=112, N=46)
2026-04-14 12:05:27,345 - INFO - *****STOP GROWING RR RULE*****
2026-04-14 12:05:27,345 - INFO - ***RR NOT FOUND***
2026-04-14 12:05:27,347 - INFO - Iteracja 4: condition_best: Length1 >= 16.10, quality_best: 0.617, coverage_best: (p=5, n=1, P=10, N=148)
2026-04-14 12:05:27,348 - INFO - Regula po iteracji 4: IF Length1 <= 18.00 AND Width <= 16.70 AND Length1 >= 15.35 AND Width >= 13.60 AND Length1 >= 16.10 THEN class = {85.00} [68.65, 101.35], (p=5, n=1, P=10, N=148)
2026-04-14 12:05:27,348 - INFO - *****GROWING RR RULE*****
2026-04-14 12:05:27,433 - INFO - Iteracja 0: condition_best: None, quality_best: -inf, coverage_best: (p=0, n=0, P=0, N=0), p_value: 0
2026-04-14 12:05:27,433 - INFO - Regula po iteracji 0: IF  THEN class = {398.64} [40.63, 756.65], (p=112, n=46, P=112, N=46)
2026-04-14 12:05:27,433 - INFO - *****STOP GROWING RR RULE*****
2026-04-14 12:05:27,433 - INFO - ***RR NOT FOUND***
2026-04-14 12:05:27,433 - INFO - *******STOP GROWING CR RULE*******
2026-04-14 12:05:27,434 - INFO - *******GROWING CR RULE*******
2026-04-14 12:05:27,482 - INFO - Iteracja 0: condition_best: Length3 >= 32.55, quality_best: 0.673, coverage_best: (p=56, n=15, P=56, N=102)
2026-04-14 12:05:27,482 - INFO - Regula po iteracji 0: IF Length3 >= 32.55 THEN class = {721.13} [428.29, 1,013.96], (p=56, n=15, P=56, N=102)
2026-04-14 12:05:27,482 - INFO - *****GROWING RR RULE*****
2026-04-14 12:05:27,567 - INFO - Iteracja 0: condition_best: None, quality_best: -inf, coverage_best: (p=0, n=0, P=0, N=0), p_value: 0
2026-04-14 12:05:27,567 - INFO - Regula po iteracji 0: IF  THEN class = {398.64} [40.63, 756.65], (p=112, n=46, P=112, N=46)
2026-04-14 12:05:27,567 - INFO - *****STOP GROWING RR RULE*****
2026-04-14 12:05:27,567 - INFO - ***RR NOT FOUND***
2026-04-14 12:05:27,591 - INFO - Iteracja 1: condition_best: Length3 <= 36.45, quality_best: 0.736, coverage_best: (p=12, n=2, P=16, N=142)
2026-04-14 12:05:27,591 - INFO - Regula po iteracji 1: IF Length3 >= 32.55 AND Length3 <= 36.45 THEN class = {443.00} [358.57, 527.43], (p=12, n=2, P=16, N=142)
2026-04-14 12:05:27,591 - INFO - *****GROWING RR RULE*****
2026-04-14 12:05:27,676 - INFO - Iteracja 0: condition_best: None, quality_best: -inf, coverage_best: (p=0, n=0, P=0, N=0), p_value: 0
2026-04-14 12:05:27,676 - INFO - Regula po iteracji 0: IF  THEN class = {398.64} [40.63, 756.65], (p=112, n=46, P=112, N=46)
2026-04-14 12:05:27,676 - INFO - *****STOP GROWING RR RULE*****
2026-04-14 12:05:27,676 - INFO - ***RR NOT FOUND***
2026-04-14 12:05:27,681 - INFO - Iteracja 2: condition_best: Width <= 18.50, quality_best: 0.8, coverage_best: (p=12, n=1, P=16, N=142)
2026-04-14 12:05:27,681 - INFO - Regula po iteracji 2: IF Length3 >= 32.55 AND Length3 <= 36.45 AND Width <= 18.50 THEN class = {435.54} [352.49, 518.59], (p=12, n=1, P=16, N=142)
2026-04-14 12:05:27,681 - INFO - *****GROWING RR RULE*****
2026-04-14 12:05:27,766 - INFO - Iteracja 0: condition_best: None, quality_best: -inf, coverage_best: (p=0, n=0, P=0, N=0), p_value: 0
2026-04-14 12:05:27,766 - INFO - Regula po iteracji 0: IF  THEN class = {398.64} [40.63, 756.65], (p=112, n=46, P=112, N=46)
2026-04-14 12:05:27,767 - INFO - *****STOP GROWING RR RULE*****
2026-04-14 12:05:27,767 - INFO - ***RR NOT FOUND***
2026-04-14 12:05:27,771 - INFO - Iteracja 3: condition_best: Length1 <= 30.25, quality_best: 0.787, coverage_best: (p=11, n=1, P=15, N=143)
2026-04-14 12:05:27,771 - INFO - Regula po iteracji 3: IF Length3 >= 32.55 AND Length3 <= 36.45 AND Width <= 18.50 AND Length1 <= 30.25 THEN class = {429.00} [345.83, 512.17], (p=11, n=1, P=15, N=143)
2026-04-14 12:05:27,771 - INFO - *****GROWING RR RULE*****
2026-04-14 12:05:27,856 - INFO - Iteracja 0: condition_best: None, quality_best: -inf, coverage_best: (p=0, n=0, P=0, N=0), p_value: 0
2026-04-14 12:05:27,856 - INFO - Regula po iteracji 0: IF  THEN class = {398.64} [40.63, 756.65], (p=112, n=46, P=112, N=46)
2026-04-14 12:05:27,856 - INFO - *****STOP GROWING RR RULE*****
2026-04-14 12:05:27,856 - INFO - ***RR NOT FOUND***
2026-04-14 12:05:27,860 - INFO - Iteracja 4: condition_best: Height >= 36.40, quality_best: 0.76, coverage_best: (p=8, n=1, P=11, N=147)
2026-04-14 12:05:27,860 - INFO - Regula po iteracji 4: IF Length3 >= 32.55 AND Length3 <= 36.45 AND Width <= 18.50 AND Length1 <= 30.25 AND Height >= 36.40 THEN class = {463.11} [419.59, 506.63], (p=8, n=1, P=11, N=147)
2026-04-14 12:05:27,861 - INFO - *****GROWING RR RULE*****
2026-04-14 12:05:27,945 - INFO - Iteracja 0: condition_best: None, quality_best: -inf, coverage_best: (p=0, n=0, P=0, N=0), p_value: 0
2026-04-14 12:05:27,945 - INFO - Regula po iteracji 0: IF  THEN class = {398.64} [40.63, 756.65], (p=112, n=46, P=112, N=46)
2026-04-14 12:05:27,946 - INFO - *****STOP GROWING RR RULE*****
2026-04-14 12:05:27,946 - INFO - ***RR NOT FOUND***
2026-04-14 12:05:27,946 - INFO - *******STOP GROWING CR RULE*******
2026-04-14 12:05:27,947 - INFO - *******GROWING CR RULE*******
2026-04-14 12:05:27,993 - INFO - Iteracja 0: condition_best: Length3 >= 32.55, quality_best: 0.673, coverage_best: (p=56, n=15, P=56, N=102)
2026-04-14 12:05:27,994 - INFO - Regula po iteracji 0: IF Length3 >= 32.55 THEN class = {721.13} [428.29, 1,013.96], (p=56, n=15, P=56, N=102)
2026-04-14 12:05:27,994 - INFO - *****GROWING RR RULE*****
2026-04-14 12:05:28,079 - INFO - Iteracja 0: condition_best: None, quality_best: -inf, coverage_best: (p=0, n=0, P=0, N=0), p_value: 0
2026-04-14 12:05:28,079 - INFO - Regula po iteracji 0: IF  THEN class = {398.64} [40.63, 756.65], (p=112, n=46, P=112, N=46)
2026-04-14 12:05:28,079 - INFO - *****STOP GROWING RR RULE*****
2026-04-14 12:05:28,079 - INFO - ***RR NOT FOUND***
2026-04-14 12:05:28,101 - INFO - Iteracja 1: condition_best: Length3 <= 36.45, quality_best: 0.736, coverage_best: (p=12, n=2, P=16, N=142)
2026-04-14 12:05:28,101 - INFO - Regula po iteracji 1: IF Length3 >= 32.55 AND Length3 <= 36.45 THEN class = {443.00} [358.57, 527.43], (p=12, n=2, P=16, N=142)
2026-04-14 12:05:28,102 - INFO - *****GROWING RR RULE*****
2026-04-14 12:05:28,186 - INFO - Iteracja 0: condition_best: None, quality_best: -inf, coverage_best: (p=0, n=0, P=0, N=0), p_value: 0
2026-04-14 12:05:28,186 - INFO - Regula po iteracji 0: IF  THEN class = {398.64} [40.63, 756.65], (p=112, n=46, P=112, N=46)
2026-04-14 12:05:28,186 - INFO - *****STOP GROWING RR RULE*****
2026-04-14 12:05:28,186 - INFO - ***RR NOT FOUND***
2026-04-14 12:05:28,191 - INFO - Iteracja 2: condition_best: Length1 >= 26.40, quality_best: 0.719, coverage_best: (p=11, n=2, P=15, N=143)
2026-04-14 12:05:28,191 - INFO - Regula po iteracji 2: IF Length3 >= 32.55 AND Length3 <= 36.45 AND Length1 >= 26.40 THEN class = {449.15} [364.61, 533.69], (p=11, n=2, P=15, N=143)
2026-04-14 12:05:28,191 - INFO - *****GROWING RR RULE*****
2026-04-14 12:05:28,276 - INFO - Iteracja 0: condition_best: None, quality_best: -inf, coverage_best: (p=0, n=0, P=0, N=0), p_value: 0
2026-04-14 12:05:28,276 - INFO - Regula po iteracji 0: IF  THEN class = {398.64} [40.63, 756.65], (p=112, n=46, P=112, N=46)
2026-04-14 12:05:28,276 - INFO - *****STOP GROWING RR RULE*****
2026-04-14 12:05:28,276 - INFO - ***RR NOT FOUND***
2026-04-14 12:05:28,280 - INFO - Iteracja 3: condition_best: Length1 >= 27.20, quality_best: 0.665, coverage_best: (p=9, n=1, P=18, N=140)
2026-04-14 12:05:28,280 - INFO - Regula po iteracji 3: IF Length3 >= 32.55 AND Length3 <= 36.45 AND Length1 >= 26.40 AND Length1 >= 27.20 THEN class = {445.90} [351.11, 540.69], (p=9, n=1, P=18, N=140)
2026-04-14 12:05:28,281 - INFO - *****GROWING RR RULE*****
2026-04-14 12:05:28,366 - INFO - Iteracja 0: condition_best: None, quality_best: -inf, coverage_best: (p=0, n=0, P=0, N=0), p_value: 0
2026-04-14 12:05:28,366 - INFO - Regula po iteracji 0: IF  THEN class = {398.64} [40.63, 756.65], (p=112, n=46, P=112, N=46)
2026-04-14 12:05:28,366 - INFO - *****STOP GROWING RR RULE*****
2026-04-14 12:05:28,366 - INFO - ***RR NOT FOUND***
2026-04-14 12:05:28,369 - INFO - Iteracja 4: condition_best: Height <= 39.80, quality_best: 0.632, coverage_best: (p=8, n=1, P=18, N=140)
2026-04-14 12:05:28,369 - INFO - Regula po iteracji 4: IF Length3 >= 32.55 AND Length3 <= 36.45 AND Length1 >= 26.40 AND Length1 >= 27.20 AND Height <= 39.80 THEN class = {445.44} [345.54, 545.35], (p=8, n=1, P=18, N=140)
2026-04-14 12:05:28,370 - INFO - *****GROWING RR RULE*****
2026-04-14 12:05:28,454 - INFO - Iteracja 0: condition_best: None, quality_best: -inf, coverage_best: (p=0, n=0, P=0, N=0), p_value: 0
2026-04-14 12:05:28,455 - INFO - Regula po iteracji 0: IF  THEN class = {398.64} [40.63, 756.65], (p=112, n=46, P=112, N=46)
2026-04-14 12:05:28,455 - INFO - *****STOP GROWING RR RULE*****
2026-04-14 12:05:28,455 - INFO - ***RR NOT FOUND***
2026-04-14 12:05:28,455 - INFO - *******STOP GROWING CR RULE*******
2026-04-14 12:05:28,456 - INFO - *******GROWING CR RULE*******
2026-04-14 12:05:28,502 - INFO - Iteracja 0: condition_best: Length3 >= 32.55, quality_best: 0.673, coverage_best: (p=56, n=15, P=56, N=102)
2026-04-14 12:05:28,502 - INFO - Regula po iteracji 0: IF Length3 >= 32.55 THEN class = {721.13} [428.29, 1,013.96], (p=56, n=15, P=56, N=102)
2026-04-14 12:05:28,503 - INFO - *****GROWING RR RULE*****
2026-04-14 12:05:28,588 - INFO - Iteracja 0: condition_best: None, quality_best: -inf, coverage_best: (p=0, n=0, P=0, N=0), p_value: 0
2026-04-14 12:05:28,588 - INFO - Regula po iteracji 0: IF  THEN class = {398.64} [40.63, 756.65], (p=112, n=46, P=112, N=46)
2026-04-14 12:05:28,588 - INFO - *****STOP GROWING RR RULE*****
2026-04-14 12:05:28,588 - INFO - ***RR NOT FOUND***
2026-04-14 12:05:28,610 - INFO - Iteracja 1: condition_best: Length3 <= 38.05, quality_best: 0.691, coverage_best: (p=16, n=3, P=23, N=135)
2026-04-14 12:05:28,610 - INFO - Regula po iteracji 1: IF Length3 >= 32.55 AND Length3 <= 38.05 THEN class = {478.84} [349.98, 607.71], (p=16, n=3, P=23, N=135)
2026-04-14 12:05:28,610 - INFO - *****GROWING RR RULE*****
2026-04-14 12:05:28,696 - INFO - Iteracja 0: condition_best: None, quality_best: -inf, coverage_best: (p=0, n=0, P=0, N=0), p_value: 0
2026-04-14 12:05:28,696 - INFO - Regula po iteracji 0: IF  THEN class = {398.64} [40.63, 756.65], (p=112, n=46, P=112, N=46)
2026-04-14 12:05:28,696 - INFO - *****STOP GROWING RR RULE*****
2026-04-14 12:05:28,696 - INFO - ***RR NOT FOUND***
2026-04-14 12:05:28,703 - INFO - Iteracja 2: condition_best: Width >= 10.35, quality_best: 0.678, coverage_best: (p=15, n=3, P=22, N=136)
2026-04-14 12:05:28,703 - INFO - Regula po iteracji 2: IF Length3 >= 32.55 AND Length3 <= 38.05 AND Width >= 10.35 THEN class = {494.33} [380.45, 608.22], (p=15, n=3, P=22, N=136)
2026-04-14 12:05:28,703 - INFO - *****GROWING RR RULE*****
2026-04-14 12:05:28,788 - INFO - Iteracja 0: condition_best: None, quality_best: -inf, coverage_best: (p=0, n=0, P=0, N=0), p_value: 0
2026-04-14 12:05:28,788 - INFO - Regula po iteracji 0: IF  THEN class = {398.64} [40.63, 756.65], (p=112, n=46, P=112, N=46)
2026-04-14 12:05:28,788 - INFO - *****STOP GROWING RR RULE*****
2026-04-14 12:05:28,788 - INFO - ***RR NOT FOUND***
2026-04-14 12:05:28,794 - INFO - Iteracja 3: condition_best: Length1 >= 26.40, quality_best: 0.712, coverage_best: (p=15, n=2, P=23, N=135)
2026-04-14 12:05:28,795 - INFO - Regula po iteracji 3: IF Length3 >= 32.55 AND Length3 <= 38.05 AND Width >= 10.35 AND Length1 >= 26.40 THEN class = {502.06} [389.55, 614.57], (p=15, n=2, P=23, N=135)
2026-04-14 12:05:28,795 - INFO - *****GROWING RR RULE*****
2026-04-14 12:05:28,880 - INFO - Iteracja 0: condition_best: None, quality_best: -inf, coverage_best: (p=0, n=0, P=0, N=0), p_value: 0
2026-04-14 12:05:28,880 - INFO - Regula po iteracji 0: IF  THEN class = {398.64} [40.63, 756.65], (p=112, n=46, P=112, N=46)
2026-04-14 12:05:28,880 - INFO - *****STOP GROWING RR RULE*****
2026-04-14 12:05:28,880 - INFO - ***RR NOT FOUND***
2026-04-14 12:05:28,886 - INFO - Iteracja 4: condition_best: Length1 >= 27.20, quality_best: 0.624, coverage_best: (p=12, n=2, P=24, N=134)
2026-04-14 12:05:28,886 - INFO - Regula po iteracji 4: IF Length3 >= 32.55 AND Length3 <= 38.05 AND Width >= 10.35 AND Length1 >= 26.40 AND Length1 >= 27.20 THEN class = {511.07} [389.73, 632.42], (p=12, n=2, P=24, N=134)
2026-04-14 12:05:28,887 - INFO - *****GROWING RR RULE*****
2026-04-14 12:05:28,971 - INFO - Iteracja 0: condition_best: None, quality_best: -inf, coverage_best: (p=0, n=0, P=0, N=0), p_value: 0
2026-04-14 12:05:28,971 - INFO - Regula po iteracji 0: IF  THEN class = {398.64} [40.63, 756.65], (p=112, n=46, P=112, N=46)
2026-04-14 12:05:28,972 - INFO - *****STOP GROWING RR RULE*****
2026-04-14 12:05:28,972 - INFO - ***RR NOT FOUND***
2026-04-14 12:05:28,972 - INFO - *******STOP GROWING CR RULE*******
2026-04-14 12:05:28,973 - INFO - *******GROWING CR RULE*******
2026-04-14 12:05:29,019 - INFO - Iteracja 0: condition_best: Length3 >= 32.55, quality_best: 0.673, coverage_best: (p=56, n=15, P=56, N=102)
2026-04-14 12:05:29,019 - INFO - Regula po iteracji 0: IF Length3 >= 32.55 THEN class = {721.13} [428.29, 1,013.96], (p=56, n=15, P=56, N=102)
2026-04-14 12:05:29,020 - INFO - *****GROWING RR RULE*****
2026-04-14 12:05:29,105 - INFO - Iteracja 0: condition_best: None, quality_best: -inf, coverage_best: (p=0, n=0, P=0, N=0), p_value: 0
2026-04-14 12:05:29,105 - INFO - Regula po iteracji 0: IF  THEN class = {398.64} [40.63, 756.65], (p=112, n=46, P=112, N=46)
2026-04-14 12:05:29,105 - INFO - *****STOP GROWING RR RULE*****
2026-04-14 12:05:29,105 - INFO - ***RR NOT FOUND***
2026-04-14 12:05:29,128 - INFO - Iteracja 1: condition_best: Length1 >= 26.65, quality_best: 0.689, coverage_best: (p=55, n=14, P=55, N=103)
2026-04-14 12:05:29,128 - INFO - Regula po iteracji 1: IF Length3 >= 32.55 AND Length1 >= 26.65 THEN class = {730.54} [438.88, 1,022.19], (p=55, n=14, P=55, N=103)
2026-04-14 12:05:29,128 - INFO - *****GROWING RR RULE*****
2026-04-14 12:05:29,213 - INFO - Iteracja 0: condition_best: None, quality_best: -inf, coverage_best: (p=0, n=0, P=0, N=0), p_value: 0
2026-04-14 12:05:29,213 - INFO - Regula po iteracji 0: IF  THEN class = {398.64} [40.63, 756.65], (p=112, n=46, P=112, N=46)
2026-04-14 12:05:29,213 - INFO - *****STOP GROWING RR RULE*****
2026-04-14 12:05:29,213 - INFO - ***RR NOT FOUND***
2026-04-14 12:05:29,235 - INFO - Iteracja 2: condition_best: Height <= 43.00, quality_best: 0.678, coverage_best: (p=54, n=14, P=55, N=103)
2026-04-14 12:05:29,236 - INFO - Regula po iteracji 2: IF Length3 >= 32.55 AND Length1 >= 26.65 AND Height <= 43.00 THEN class = {726.57} [434.63, 1,018.51], (p=54, n=14, P=55, N=103)
2026-04-14 12:05:29,236 - INFO - *****GROWING RR RULE*****
2026-04-14 12:05:29,321 - INFO - Iteracja 0: condition_best: None, quality_best: -inf, coverage_best: (p=0, n=0, P=0, N=0), p_value: 0
2026-04-14 12:05:29,321 - INFO - Regula po iteracji 0: IF  THEN class = {398.64} [40.63, 756.65], (p=112, n=46, P=112, N=46)
2026-04-14 12:05:29,321 - INFO - *****STOP GROWING RR RULE*****
2026-04-14 12:05:29,321 - INFO - ***RR NOT FOUND***
2026-04-14 12:05:29,343 - INFO - Iteracja 3: condition_best: Length1 >= 28.00, quality_best: 0.681, coverage_best: (p=51, n=13, P=53, N=105)
2026-04-14 12:05:29,343 - INFO - Regula po iteracji 3: IF Length3 >= 32.55 AND Length1 >= 26.65 AND Height <= 43.00 AND Length1 >= 28.00 THEN class = {744.02} [451.97, 1,036.06], (p=51, n=13, P=53, N=105)
2026-04-14 12:05:29,344 - INFO - *****GROWING RR RULE*****
2026-04-14 12:05:29,429 - INFO - Iteracja 0: condition_best: None, quality_best: -inf, coverage_best: (p=0, n=0, P=0, N=0), p_value: 0
2026-04-14 12:05:29,429 - INFO - Regula po iteracji 0: IF  THEN class = {398.64} [40.63, 756.65], (p=112, n=46, P=112, N=46)
2026-04-14 12:05:29,429 - INFO - *****STOP GROWING RR RULE*****
2026-04-14 12:05:29,429 - INFO - ***RR NOT FOUND***
2026-04-14 12:05:29,451 - INFO - Iteracja 4: condition_best: Width >= 9.55, quality_best: 0.679, coverage_best: (p=50, n=13, P=52, N=106)
2026-04-14 12:05:29,451 - INFO - Regula po iteracji 4: IF Length3 >= 32.55 AND Length1 >= 26.65 AND Height <= 43.00 AND Length1 >= 28.00 AND Width >= 9.55 THEN class = {748.59} [456.52, 1,040.66], (p=50, n=13, P=52, N=106)
2026-04-14 12:05:29,451 - INFO - *****GROWING RR RULE*****
2026-04-14 12:05:29,539 - INFO - Iteracja 0: condition_best: None, quality_best: -inf, coverage_best: (p=0, n=0, P=0, N=0), p_value: 0
2026-04-14 12:05:29,539 - INFO - Regula po iteracji 0: IF  THEN class = {398.64} [40.63, 756.65], (p=112, n=46, P=112, N=46)
2026-04-14 12:05:29,539 - INFO - *****STOP GROWING RR RULE*****
2026-04-14 12:05:29,539 - INFO - ***RR NOT FOUND***
2026-04-14 12:05:29,539 - INFO - *******STOP GROWING CR RULE*******
2026-04-14 12:05:29,540 - INFO - *******GROWING CR RULE*******
2026-04-14 12:05:29,585 - INFO - Iteracja 0: condition_best: Length2 <= 20.50, quality_best: 0.651, coverage_best: (p=27, n=11, P=27, N=131)
2026-04-14 12:05:29,585 - INFO - Regula po iteracji 0: IF Length2 <= 20.50 THEN class = {54.32} [7.46, 101.17], (p=27, n=11, P=27, N=131)
2026-04-14 12:05:29,585 - INFO - *****GROWING RR RULE*****
2026-04-14 12:05:29,671 - INFO - Iteracja 0: condition_best: None, quality_best: -inf, coverage_best: (p=0, n=0, P=0, N=0), p_value: 0
2026-04-14 12:05:29,671 - INFO - Regula po iteracji 0: IF  THEN class = {398.64} [40.63, 756.65], (p=112, n=46, P=112, N=46)
2026-04-14 12:05:29,671 - INFO - *****STOP GROWING RR RULE*****
2026-04-14 12:05:29,671 - INFO - ***RR NOT FOUND***
2026-04-14 12:05:29,684 - INFO - Iteracja 1: condition_best: Width <= 16.05, quality_best: 0.775, coverage_best: (p=29, n=6, P=30, N=128)
2026-04-14 12:05:29,684 - INFO - Regula po iteracji 1: IF Length2 <= 20.50 AND Width <= 16.05 THEN class = {50.46} [3.88, 97.04], (p=29, n=6, P=30, N=128)
2026-04-14 12:05:29,685 - INFO - *****GROWING RR RULE*****
2026-04-14 12:05:29,769 - INFO - Iteracja 0: condition_best: None, quality_best: -inf, coverage_best: (p=0, n=0, P=0, N=0), p_value: 0
2026-04-14 12:05:29,770 - INFO - Regula po iteracji 0: IF  THEN class = {398.64} [40.63, 756.65], (p=112, n=46, P=112, N=46)
2026-04-14 12:05:29,770 - INFO - *****STOP GROWING RR RULE*****
2026-04-14 12:05:29,770 - INFO - ***RR NOT FOUND***
2026-04-14 12:05:29,782 - INFO - Iteracja 2: condition_best: Length1 <= 19.05, quality_best: 0.805, coverage_best: (p=29, n=5, P=30, N=128)
2026-04-14 12:05:29,782 - INFO - Regula po iteracji 2: IF Length2 <= 20.50 AND Width <= 16.05 AND Length1 <= 19.05 THEN class = {48.71} [2.60, 94.81], (p=29, n=5, P=30, N=128)
2026-04-14 12:05:29,782 - INFO - *****GROWING RR RULE*****
2026-04-14 12:05:29,867 - INFO - Iteracja 0: condition_best: None, quality_best: -inf, coverage_best: (p=0, n=0, P=0, N=0), p_value: 0
2026-04-14 12:05:29,867 - INFO - Regula po iteracji 0: IF  THEN class = {398.64} [40.63, 756.65], (p=112, n=46, P=112, N=46)
2026-04-14 12:05:29,868 - INFO - *****STOP GROWING RR RULE*****
2026-04-14 12:05:29,868 - INFO - ***RR NOT FOUND***
2026-04-14 12:05:29,879 - INFO - Iteracja 3: condition_best: Length1 >= 8.40, quality_best: 0.786, coverage_best: (p=28, n=5, P=30, N=128)
2026-04-14 12:05:29,880 - INFO - Regula po iteracji 3: IF Length2 <= 20.50 AND Width <= 16.05 AND Length1 <= 19.05 AND Length1 >= 8.40 THEN class = {50.03} [3.87, 96.19], (p=28, n=5, P=30, N=128)
2026-04-14 12:05:29,880 - INFO - *****GROWING RR RULE*****
2026-04-14 12:05:29,965 - INFO - Iteracja 0: condition_best: None, quality_best: -inf, coverage_best: (p=0, n=0, P=0, N=0), p_value: 0
2026-04-14 12:05:29,965 - INFO - Regula po iteracji 0: IF  THEN class = {398.64} [40.63, 756.65], (p=112, n=46, P=112, N=46)
2026-04-14 12:05:29,965 - INFO - *****STOP GROWING RR RULE*****
2026-04-14 12:05:29,965 - INFO - ***RR NOT FOUND***
2026-04-14 12:05:29,977 - INFO - Iteracja 4: condition_best: Length1 >= 9.65, quality_best: 0.781, coverage_best: (p=27, n=5, P=29, N=129)
2026-04-14 12:05:29,977 - INFO - Regula po iteracji 4: IF Length2 <= 20.50 AND Width <= 16.05 AND Length1 <= 19.05 AND Length1 >= 8.40 AND Length1 >= 9.65 THEN class = {51.41} [5.20, 97.61], (p=27, n=5, P=29, N=129)
2026-04-14 12:05:29,977 - INFO - *****GROWING RR RULE*****
2026-04-14 12:05:30,062 - INFO - Iteracja 0: condition_best: None, quality_best: -inf, coverage_best: (p=0, n=0, P=0, N=0), p_value: 0
2026-04-14 12:05:30,062 - INFO - Regula po iteracji 0: IF  THEN class = {398.64} [40.63, 756.65], (p=112, n=46, P=112, N=46)
2026-04-14 12:05:30,062 - INFO - *****STOP GROWING RR RULE*****
2026-04-14 12:05:30,062 - INFO - ***RR NOT FOUND***
2026-04-14 12:05:30,062 - INFO - *******STOP GROWING CR RULE*******
2026-04-14 12:05:30,063 - INFO - *******GROWING CR RULE*******
2026-04-14 12:05:30,107 - INFO - Iteracja 0: condition_best: Length1 >= 25.75, quality_best: 0.623, coverage_best: (p=56, n=18, P=56, N=102)
2026-04-14 12:05:30,107 - INFO - Regula po iteracji 0: IF Length1 >= 25.75 THEN class = {703.65} [404.42, 1,002.88], (p=56, n=18, P=56, N=102)
2026-04-14 12:05:30,108 - INFO - *****GROWING RR RULE*****
2026-04-14 12:05:30,192 - INFO - Iteracja 0: condition_best: None, quality_best: -inf, coverage_best: (p=0, n=0, P=0, N=0), p_value: 0
2026-04-14 12:05:30,192 - INFO - Regula po iteracji 0: IF  THEN class = {398.64} [40.63, 756.65], (p=112, n=46, P=112, N=46)
2026-04-14 12:05:30,192 - INFO - *****STOP GROWING RR RULE*****
2026-04-14 12:05:30,192 - INFO - ***RR NOT FOUND***
2026-04-14 12:05:30,215 - INFO - Iteracja 1: condition_best: Height >= 14.75, quality_best: 0.613, coverage_best: (p=55, n=18, P=56, N=102)
2026-04-14 12:05:30,216 - INFO - Regula po iteracji 1: IF Length1 >= 25.75 AND Height >= 14.75 THEN class = {706.44} [406.12, 1,006.76], (p=55, n=18, P=56, N=102)
2026-04-14 12:05:30,216 - INFO - *****GROWING RR RULE*****
2026-04-14 12:05:30,301 - INFO - Iteracja 0: condition_best: None, quality_best: -inf, coverage_best: (p=0, n=0, P=0, N=0), p_value: 0
2026-04-14 12:05:30,301 - INFO - Regula po iteracji 0: IF  THEN class = {398.64} [40.63, 756.65], (p=112, n=46, P=112, N=46)
2026-04-14 12:05:30,301 - INFO - *****STOP GROWING RR RULE*****
2026-04-14 12:05:30,301 - INFO - ***RR NOT FOUND***
2026-04-14 12:05:30,324 - INFO - Iteracja 2: condition_best: Width <= 20.10, quality_best: 0.602, coverage_best: (p=54, n=18, P=56, N=102)
2026-04-14 12:05:30,324 - INFO - Regula po iteracji 2: IF Length1 >= 25.75 AND Height >= 14.75 AND Width <= 20.10 THEN class = {704.58} [402.60, 1,006.56], (p=54, n=18, P=56, N=102)
2026-04-14 12:05:30,324 - INFO - *****GROWING RR RULE*****
2026-04-14 12:05:30,409 - INFO - Iteracja 0: condition_best: None, quality_best: -inf, coverage_best: (p=0, n=0, P=0, N=0), p_value: 0
2026-04-14 12:05:30,409 - INFO - Regula po iteracji 0: IF  THEN class = {398.64} [40.63, 756.65], (p=112, n=46, P=112, N=46)
2026-04-14 12:05:30,409 - INFO - *****STOP GROWING RR RULE*****
2026-04-14 12:05:30,409 - INFO - ***RR NOT FOUND***
2026-04-14 12:05:30,432 - INFO - Iteracja 3: condition_best: Width <= 18.70, quality_best: 0.591, coverage_best: (p=53, n=18, P=56, N=102)
2026-04-14 12:05:30,432 - INFO - Regula po iteracji 3: IF Length1 >= 25.75 AND Height >= 14.75 AND Width <= 20.10 AND Width <= 18.70 THEN class = {706.90} [403.44, 1,010.36], (p=53, n=18, P=56, N=102)
2026-04-14 12:05:30,432 - INFO - *****GROWING RR RULE*****
2026-04-14 12:05:30,518 - INFO - Iteracja 0: condition_best: None, quality_best: -inf, coverage_best: (p=0, n=0, P=0, N=0), p_value: 0
2026-04-14 12:05:30,518 - INFO - Regula po iteracji 0: IF  THEN class = {398.64} [40.63, 756.65], (p=112, n=46, P=112, N=46)
2026-04-14 12:05:30,518 - INFO - *****STOP GROWING RR RULE*****
2026-04-14 12:05:30,518 - INFO - ***RR NOT FOUND***
2026-04-14 12:05:30,544 - INFO - Iteracja 4: condition_best: Width <= 17.55, quality_best: 0.581, coverage_best: (p=49, n=15, P=58, N=100)
2026-04-14 12:05:30,544 - INFO - Regula po iteracji 4: IF Length1 >= 25.75 AND Height >= 14.75 AND Width <= 20.10 AND Width <= 18.70 AND Width <= 17.55 THEN class = {696.19} [383.38, 1,009.00], (p=49, n=15, P=58, N=100)
2026-04-14 12:05:30,545 - INFO - *****GROWING RR RULE*****
2026-04-14 12:05:30,635 - INFO - Iteracja 0: condition_best: None, quality_best: -inf, coverage_best: (p=0, n=0, P=0, N=0), p_value: 0
2026-04-14 12:05:30,635 - INFO - Regula po iteracji 0: IF  THEN class = {398.64} [40.63, 756.65], (p=112, n=46, P=112, N=46)
2026-04-14 12:05:30,636 - INFO - *****STOP GROWING RR RULE*****
2026-04-14 12:05:30,636 - INFO - ***RR NOT FOUND***
2026-04-14 12:05:30,636 - INFO - *******STOP GROWING CR RULE*******
2026-04-14 12:05:30,636 - INFO - *******GROWING CR RULE*******
2026-04-14 12:05:30,681 - INFO - Iteracja 0: condition_best: Length3 >= 29.70, quality_best: 0.518, coverage_best: (p=53, n=25, P=53, N=105)
2026-04-14 12:05:30,681 - INFO - Regula po iteracji 0: IF Length3 >= 29.70 THEN class = {682.95} [378.12, 987.77], (p=53, n=25, P=53, N=105)
2026-04-14 12:05:30,681 - INFO - *****GROWING RR RULE*****
2026-04-14 12:05:30,766 - INFO - Iteracja 0: condition_best: None, quality_best: -inf, coverage_best: (p=0, n=0, P=0, N=0), p_value: 0
2026-04-14 12:05:30,766 - INFO - Regula po iteracji 0: IF  THEN class = {398.64} [40.63, 756.65], (p=112, n=46, P=112, N=46)
2026-04-14 12:05:30,766 - INFO - *****STOP GROWING RR RULE*****
2026-04-14 12:05:30,766 - INFO - ***RR NOT FOUND***
2026-04-14 12:05:30,790 - INFO - Iteracja 1: condition_best: Length3 <= 38.05, quality_best: 0.545, coverage_best: (p=19, n=7, P=30, N=128)
2026-04-14 12:05:30,791 - INFO - Regula po iteracji 1: IF Length3 >= 29.70 AND Length3 <= 38.05 THEN class = {429.54} [291.81, 567.27], (p=19, n=7, P=30, N=128)
2026-04-14 12:05:30,791 - INFO - *****GROWING RR RULE*****
2026-04-14 12:05:30,875 - INFO - Iteracja 0: condition_best: None, quality_best: -inf, coverage_best: (p=0, n=0, P=0, N=0), p_value: 0
2026-04-14 12:05:30,876 - INFO - Regula po iteracji 0: IF  THEN class = {398.64} [40.63, 756.65], (p=112, n=46, P=112, N=46)
2026-04-14 12:05:30,876 - INFO - *****STOP GROWING RR RULE*****
2026-04-14 12:05:30,876 - INFO - ***RR NOT FOUND***
2026-04-14 12:05:30,885 - INFO - Iteracja 2: condition_best: Height <= 41.30, quality_best: 0.618, coverage_best: (p=20, n=5, P=31, N=127)
2026-04-14 12:05:30,885 - INFO - Regula po iteracji 2: IF Length3 >= 29.70 AND Length3 <= 38.05 AND Height <= 41.30 THEN class = {422.72} [286.63, 558.81], (p=20, n=5, P=31, N=127)
2026-04-14 12:05:30,885 - INFO - *****GROWING RR RULE*****
2026-04-14 12:05:30,970 - INFO - Iteracja 0: condition_best: None, quality_best: -inf, coverage_best: (p=0, n=0, P=0, N=0), p_value: 0
2026-04-14 12:05:30,970 - INFO - Regula po iteracji 0: IF  THEN class = {398.64} [40.63, 756.65], (p=112, n=46, P=112, N=46)
2026-04-14 12:05:30,970 - INFO - *****STOP GROWING RR RULE*****
2026-04-14 12:05:30,970 - INFO - ***RR NOT FOUND***
2026-04-14 12:05:30,979 - INFO - Iteracja 3: condition_best: Width <= 17.60, quality_best: 0.602, coverage_best: (p=17, n=5, P=26, N=132)
2026-04-14 12:05:30,979 - INFO - Regula po iteracji 3: IF Length3 >= 29.70 AND Length3 <= 38.05 AND Height <= 41.30 AND Width <= 17.60 THEN class = {394.27} [287.89, 500.66], (p=17, n=5, P=26, N=132)
2026-04-14 12:05:30,979 - INFO - *****GROWING RR RULE*****
2026-04-14 12:05:31,064 - INFO - Iteracja 0: condition_best: None, quality_best: -inf, coverage_best: (p=0, n=0, P=0, N=0), p_value: 0
2026-04-14 12:05:31,064 - INFO - Regula po iteracji 0: IF  THEN class = {398.64} [40.63, 756.65], (p=112, n=46, P=112, N=46)
2026-04-14 12:05:31,065 - INFO - *****STOP GROWING RR RULE*****
2026-04-14 12:05:31,065 - INFO - ***RR NOT FOUND***
2026-04-14 12:05:31,073 - INFO - Iteracja 4: condition_best: Length1 <= 29.45, quality_best: 0.591, coverage_best: (p=13, n=5, P=18, N=140)
2026-04-14 12:05:31,073 - INFO - Regula po iteracji 4: IF Length3 >= 29.70 AND Length3 <= 38.05 AND Height <= 41.30 AND Width <= 17.60 AND Length1 <= 29.45 THEN class = {401.56} [302.89, 500.22], (p=13, n=5, P=18, N=140)
2026-04-14 12:05:31,073 - INFO - *****GROWING RR RULE*****
2026-04-14 12:05:31,158 - INFO - Iteracja 0: condition_best: None, quality_best: -inf, coverage_best: (p=0, n=0, P=0, N=0), p_value: 0
2026-04-14 12:05:31,159 - INFO - Regula po iteracji 0: IF  THEN class = {398.64} [40.63, 756.65], (p=112, n=46, P=112, N=46)
2026-04-14 12:05:31,159 - INFO - *****STOP GROWING RR RULE*****
2026-04-14 12:05:31,159 - INFO - ***RR NOT FOUND***
2026-04-14 12:05:31,159 - INFO - *******STOP GROWING CR RULE*******
2026-04-14 12:05:31,159 - INFO - *******GROWING CR RULE*******
2026-04-14 12:05:31,204 - INFO - Iteracja 0: condition_best: Length3 <= 26.35, quality_best: 0.511, coverage_best: (p=40, n=23, P=40, N=118)
2026-04-14 12:05:31,204 - INFO - Regula po iteracji 0: IF Length3 <= 26.35 THEN class = {90.19} [30.36, 150.02], (p=40, n=23, P=40, N=118)
2026-04-14 12:05:31,204 - INFO - *****GROWING RR RULE*****
2026-04-14 12:05:31,290 - INFO - Iteracja 0: condition_best: None, quality_best: -inf, coverage_best: (p=0, n=0, P=0, N=0), p_value: 0
2026-04-14 12:05:31,290 - INFO - Regula po iteracji 0: IF  THEN class = {398.64} [40.63, 756.65], (p=112, n=46, P=112, N=46)
2026-04-14 12:05:31,290 - INFO - *****STOP GROWING RR RULE*****
2026-04-14 12:05:31,290 - INFO - ***RR NOT FOUND***
2026-04-14 12:05:31,309 - INFO - Iteracja 1: condition_best: Length1 >= 18.30, quality_best: 0.799, coverage_best: (p=27, n=4, P=30, N=128)
2026-04-14 12:05:31,309 - INFO - Regula po iteracji 1: IF Length3 <= 26.35 AND Length1 >= 18.30 THEN class = {138.97} [102.48, 175.46], (p=27, n=4, P=30, N=128)
2026-04-14 12:05:31,309 - INFO - *****GROWING RR RULE*****
2026-04-14 12:05:31,394 - INFO - Iteracja 0: condition_best: None, quality_best: -inf, coverage_best: (p=0, n=0, P=0, N=0), p_value: 0
2026-04-14 12:05:31,394 - INFO - Regula po iteracji 0: IF  THEN class = {398.64} [40.63, 756.65], (p=112, n=46, P=112, N=46)
2026-04-14 12:05:31,394 - INFO - *****STOP GROWING RR RULE*****
2026-04-14 12:05:31,394 - INFO - ***RR NOT FOUND***
2026-04-14 12:05:31,402 - INFO - Iteracja 2: condition_best: Length1 <= 21.15, quality_best: 0.857, coverage_best: (p=24, n=2, P=27, N=131)
2026-04-14 12:05:31,402 - INFO - Regula po iteracji 2: IF Length3 <= 26.35 AND Length1 >= 18.30 AND Length1 <= 21.15 THEN class = {130.00} [99.21, 160.79], (p=24, n=2, P=27, N=131)
2026-04-14 12:05:31,403 - INFO - *****GROWING RR RULE*****
2026-04-14 12:05:31,488 - INFO - Iteracja 0: condition_best: None, quality_best: -inf, coverage_best: (p=0, n=0, P=0, N=0), p_value: 0
2026-04-14 12:05:31,488 - INFO - Regula po iteracji 0: IF  THEN class = {398.64} [40.63, 756.65], (p=112, n=46, P=112, N=46)
2026-04-14 12:05:31,489 - INFO - *****STOP GROWING RR RULE*****
2026-04-14 12:05:31,489 - INFO - ***RR NOT FOUND***
2026-04-14 12:05:31,495 - INFO - Iteracja 3: condition_best: Length1 >= 18.50, quality_best: 0.837, coverage_best: (p=23, n=2, P=27, N=131)
2026-04-14 12:05:31,495 - INFO - Regula po iteracji 3: IF Length3 <= 26.35 AND Length1 >= 18.30 AND Length1 <= 21.15 AND Length1 >= 18.50 THEN class = {129.20} [98.07, 160.33], (p=23, n=2, P=27, N=131)
2026-04-14 12:05:31,496 - INFO - *****GROWING RR RULE*****
2026-04-14 12:05:31,581 - INFO - Iteracja 0: condition_best: None, quality_best: -inf, coverage_best: (p=0, n=0, P=0, N=0), p_value: 0
2026-04-14 12:05:31,581 - INFO - Regula po iteracji 0: IF  THEN class = {398.64} [40.63, 756.65], (p=112, n=46, P=112, N=46)
2026-04-14 12:05:31,581 - INFO - *****STOP GROWING RR RULE*****
2026-04-14 12:05:31,581 - INFO - ***RR NOT FOUND***
2026-04-14 12:05:31,588 - INFO - Iteracja 4: condition_best: Width >= 13.20, quality_best: 0.816, coverage_best: (p=22, n=2, P=27, N=131)
2026-04-14 12:05:31,588 - INFO - Regula po iteracji 4: IF Length3 <= 26.35 AND Length1 >= 18.30 AND Length1 <= 21.15 AND Length1 >= 18.50 AND Width >= 13.20 THEN class = {128.54} [96.94, 160.15], (p=22, n=2, P=27, N=131)
2026-04-14 12:05:31,588 - INFO - *****GROWING RR RULE*****
2026-04-14 12:05:31,674 - INFO - Iteracja 0: condition_best: None, quality_best: -inf, coverage_best: (p=0, n=0, P=0, N=0), p_value: 0
2026-04-14 12:05:31,674 - INFO - Regula po iteracji 0: IF  THEN class = {398.64} [40.63, 756.65], (p=112, n=46, P=112, N=46)
2026-04-14 12:05:31,674 - INFO - *****STOP GROWING RR RULE*****
2026-04-14 12:05:31,674 - INFO - ***RR NOT FOUND***
2026-04-14 12:05:31,674 - INFO - *******STOP GROWING CR RULE*******
2026-04-14 12:05:31,674 - INFO - *******GROWING CR RULE*******
2026-04-14 12:05:31,718 - INFO - Iteracja 0: condition_best: Length3 <= 26.35, quality_best: 0.511, coverage_best: (p=40, n=23, P=40, N=118)
2026-04-14 12:05:31,718 - INFO - Regula po iteracji 0: IF Length3 <= 26.35 THEN class = {90.19} [30.36, 150.02], (p=40, n=23, P=40, N=118)
2026-04-14 12:05:31,718 - INFO - *****GROWING RR RULE*****
2026-04-14 12:05:31,804 - INFO - Iteracja 0: condition_best: None, quality_best: -inf, coverage_best: (p=0, n=0, P=0, N=0), p_value: 0
2026-04-14 12:05:31,804 - INFO - Regula po iteracji 0: IF  THEN class = {398.64} [40.63, 756.65], (p=112, n=46, P=112, N=46)
2026-04-14 12:05:31,804 - INFO - *****STOP GROWING RR RULE*****
2026-04-14 12:05:31,804 - INFO - ***RR NOT FOUND***
2026-04-14 12:05:31,822 - INFO - Iteracja 1: condition_best: Length1 >= 18.30, quality_best: 0.799, coverage_best: (p=27, n=4, P=30, N=128)
2026-04-14 12:05:31,822 - INFO - Regula po iteracji 1: IF Length3 <= 26.35 AND Length1 >= 18.30 THEN class = {138.97} [102.48, 175.46], (p=27, n=4, P=30, N=128)
2026-04-14 12:05:31,822 - INFO - *****GROWING RR RULE*****
2026-04-14 12:05:31,908 - INFO - Iteracja 0: condition_best: None, quality_best: -inf, coverage_best: (p=0, n=0, P=0, N=0), p_value: 0
2026-04-14 12:05:31,908 - INFO - Regula po iteracji 0: IF  THEN class = {398.64} [40.63, 756.65], (p=112, n=46, P=112, N=46)
2026-04-14 12:05:31,908 - INFO - *****STOP GROWING RR RULE*****
2026-04-14 12:05:31,908 - INFO - ***RR NOT FOUND***
2026-04-14 12:05:31,915 - INFO - Iteracja 2: condition_best: Length1 <= 22.30, quality_best: 0.833, coverage_best: (p=27, n=3, P=30, N=128)
2026-04-14 12:05:31,915 - INFO - Regula po iteracji 2: IF Length3 <= 26.35 AND Length1 >= 18.30 AND Length1 <= 22.30 THEN class = {137.33} [101.38, 173.29], (p=27, n=3, P=30, N=128)
2026-04-14 12:05:31,916 - INFO - *****GROWING RR RULE*****
2026-04-14 12:05:32,001 - INFO - Iteracja 0: condition_best: None, quality_best: -inf, coverage_best: (p=0, n=0, P=0, N=0), p_value: 0
2026-04-14 12:05:32,001 - INFO - Regula po iteracji 0: IF  THEN class = {398.64} [40.63, 756.65], (p=112, n=46, P=112, N=46)
2026-04-14 12:05:32,001 - INFO - *****STOP GROWING RR RULE*****
2026-04-14 12:05:32,001 - INFO - ***RR NOT FOUND***
2026-04-14 12:05:32,008 - INFO - Iteracja 3: condition_best: Length1 >= 18.50, quality_best: 0.814, coverage_best: (p=26, n=3, P=30, N=128)
2026-04-14 12:05:32,008 - INFO - Regula po iteracji 3: IF Length3 <= 26.35 AND Length1 >= 18.30 AND Length1 <= 22.30 AND Length1 >= 18.50 THEN class = {136.90} [100.40, 173.39], (p=26, n=3, P=30, N=128)
2026-04-14 12:05:32,009 - INFO - *****GROWING RR RULE*****
2026-04-14 12:05:32,094 - INFO - Iteracja 0: condition_best: None, quality_best: -inf, coverage_best: (p=0, n=0, P=0, N=0), p_value: 0
2026-04-14 12:05:32,095 - INFO - Regula po iteracji 0: IF  THEN class = {398.64} [40.63, 756.65], (p=112, n=46, P=112, N=46)
2026-04-14 12:05:32,095 - INFO - *****STOP GROWING RR RULE*****
2026-04-14 12:05:32,095 - INFO - ***RR NOT FOUND***
2026-04-14 12:05:32,102 - INFO - Iteracja 4: condition_best: Length1 >= 18.80, quality_best: 0.795, coverage_best: (p=25, n=3, P=30, N=128)
2026-04-14 12:05:32,102 - INFO - Regula po iteracji 4: IF Length3 <= 26.35 AND Length1 >= 18.30 AND Length1 <= 22.30 AND Length1 >= 18.50 AND Length1 >= 18.80 THEN class = {137.50} [100.50, 174.50], (p=25, n=3, P=30, N=128)
2026-04-14 12:05:32,102 - INFO - *****GROWING RR RULE*****
2026-04-14 12:05:32,188 - INFO - Iteracja 0: condition_best: None, quality_best: -inf, coverage_best: (p=0, n=0, P=0, N=0), p_value: 0
2026-04-14 12:05:32,188 - INFO - Regula po iteracji 0: IF  THEN class = {398.64} [40.63, 756.65], (p=112, n=46, P=112, N=46)
2026-04-14 12:05:32,188 - INFO - *****STOP GROWING RR RULE*****
2026-04-14 12:05:32,188 - INFO - ***RR NOT FOUND***
2026-04-14 12:05:32,188 - INFO - *******STOP GROWING CR RULE*******
2026-04-14 12:05:32,188 - INFO - *******GROWING CR RULE*******
2026-04-14 12:05:32,232 - INFO - Iteracja 0: condition_best: Length1 >= 24.55, quality_best: 0.494, coverage_best: (p=54, n=27, P=54, N=104)
2026-04-14 12:05:32,232 - INFO - Regula po iteracji 0: IF Length1 >= 24.55 THEN class = {665.94} [354.65, 977.23], (p=54, n=27, P=54, N=104)
2026-04-14 12:05:32,232 - INFO - *****GROWING RR RULE*****
2026-04-14 12:05:32,318 - INFO - Iteracja 0: condition_best: None, quality_best: -inf, coverage_best: (p=0, n=0, P=0, N=0), p_value: 0
2026-04-14 12:05:32,318 - INFO - Regula po iteracji 0: IF  THEN class = {398.64} [40.63, 756.65], (p=112, n=46, P=112, N=46)
2026-04-14 12:05:32,318 - INFO - *****STOP GROWING RR RULE*****
2026-04-14 12:05:32,318 - INFO - ***RR NOT FOUND***
2026-04-14 12:05:32,343 - INFO - Iteracja 1: condition_best: Length3 <= 33.75, quality_best: 0.596, coverage_best: (p=9, n=2, P=18, N=140)
2026-04-14 12:05:32,343 - INFO - Regula po iteracji 1: IF Length1 >= 24.55 AND Length3 <= 33.75 THEN class = {282.18} [243.75, 320.61], (p=9, n=2, P=18, N=140)
2026-04-14 12:05:32,343 - INFO - *****GROWING RR RULE*****
2026-04-14 12:05:32,428 - INFO - Iteracja 0: condition_best: None, quality_best: -inf, coverage_best: (p=0, n=0, P=0, N=0), p_value: 0
2026-04-14 12:05:32,428 - INFO - Regula po iteracji 0: IF  THEN class = {398.64} [40.63, 756.65], (p=112, n=46, P=112, N=46)
2026-04-14 12:05:32,428 - INFO - *****STOP GROWING RR RULE*****
2026-04-14 12:05:32,428 - INFO - ***RR NOT FOUND***
2026-04-14 12:05:32,432 - INFO - Iteracja 2: condition_best: Length1 <= 27.35, quality_best: 0.559, coverage_best: (p=8, n=2, P=18, N=140)
2026-04-14 12:05:32,432 - INFO - Regula po iteracji 2: IF Length1 >= 24.55 AND Length3 <= 33.75 AND Length1 <= 27.35 THEN class = {278.40} [240.10, 316.70], (p=8, n=2, P=18, N=140)
2026-04-14 12:05:32,433 - INFO - *****GROWING RR RULE*****
2026-04-14 12:05:32,518 - INFO - Iteracja 0: condition_best: None, quality_best: -inf, coverage_best: (p=0, n=0, P=0, N=0), p_value: 0
2026-04-14 12:05:32,518 - INFO - Regula po iteracji 0: IF  THEN class = {398.64} [40.63, 756.65], (p=112, n=46, P=112, N=46)
2026-04-14 12:05:32,519 - INFO - *****STOP GROWING RR RULE*****
2026-04-14 12:05:32,519 - INFO - ***RR NOT FOUND***
2026-04-14 12:05:32,522 - INFO - Iteracja 3: condition_best: Length1 <= 26.60, quality_best: 0.52, coverage_best: (p=7, n=2, P=18, N=140)
2026-04-14 12:05:32,522 - INFO - Regula po iteracji 3: IF Length1 >= 24.55 AND Length3 <= 33.75 AND Length1 <= 27.35 AND Length1 <= 26.60 THEN class = {276.00} [236.34, 315.66], (p=7, n=2, P=18, N=140)
2026-04-14 12:05:32,522 - INFO - *****GROWING RR RULE*****
2026-04-14 12:05:32,609 - INFO - Iteracja 0: condition_best: None, quality_best: -inf, coverage_best: (p=0, n=0, P=0, N=0), p_value: 0
2026-04-14 12:05:32,609 - INFO - Regula po iteracji 0: IF  THEN class = {398.64} [40.63, 756.65], (p=112, n=46, P=112, N=46)
2026-04-14 12:05:32,609 - INFO - *****STOP GROWING RR RULE*****
2026-04-14 12:05:32,609 - INFO - ***RR NOT FOUND***
2026-04-14 12:05:32,612 - INFO - Iteracja 4: condition_best: Length3 <= 30.70, quality_best: 0.542, coverage_best: (p=5, n=2, P=9, N=149)
2026-04-14 12:05:32,612 - INFO - Regula po iteracji 4: IF Length1 >= 24.55 AND Length3 <= 33.75 AND Length1 <= 27.35 AND Length1 <= 26.60 AND Length3 <= 30.70 THEN class = {259.29} [236.20, 282.37], (p=5, n=2, P=9, N=149)
2026-04-14 12:05:32,613 - INFO - *****GROWING RR RULE*****
2026-04-14 12:05:32,698 - INFO - Iteracja 0: condition_best: None, quality_best: -inf, coverage_best: (p=0, n=0, P=0, N=0), p_value: 0
2026-04-14 12:05:32,699 - INFO - Regula po iteracji 0: IF  THEN class = {398.64} [40.63, 756.65], (p=112, n=46, P=112, N=46)
2026-04-14 12:05:32,699 - INFO - *****STOP GROWING RR RULE*****
2026-04-14 12:05:32,699 - INFO - ***RR NOT FOUND***
2026-04-14 12:05:32,699 - INFO - *******STOP GROWING CR RULE*******
2026-04-14 12:05:32,699 - INFO - *******GROWING CR RULE*******
2026-04-14 12:05:32,743 - INFO - Iteracja 0: condition_best: Length1 <= 23.95, quality_best: 0.493, coverage_best: (p=47, n=26, P=47, N=111)
2026-04-14 12:05:32,743 - INFO - Regula po iteracji 0: IF Length1 <= 23.95 THEN class = {108.14} [33.74, 182.53], (p=47, n=26, P=47, N=111)
2026-04-14 12:05:32,743 - INFO - *****GROWING RR RULE*****
2026-04-14 12:05:32,829 - INFO - Iteracja 0: condition_best: None, quality_best: -inf, coverage_best: (p=0, n=0, P=0, N=0), p_value: 0
2026-04-14 12:05:32,829 - INFO - Regula po iteracji 0: IF  THEN class = {398.64} [40.63, 756.65], (p=112, n=46, P=112, N=46)
2026-04-14 12:05:32,829 - INFO - *****STOP GROWING RR RULE*****
2026-04-14 12:05:32,829 - INFO - ***RR NOT FOUND***
2026-04-14 12:05:32,850 - INFO - Iteracja 1: condition_best: Length1 >= 18.30, quality_best: 0.787, coverage_best: (p=35, n=6, P=37, N=121)
2026-04-14 12:05:32,850 - INFO - Regula po iteracji 1: IF Length1 <= 23.95 AND Length1 >= 18.30 THEN class = {159.02} [104.30, 213.75], (p=35, n=6, P=37, N=121)
2026-04-14 12:05:32,850 - INFO - *****GROWING RR RULE*****
2026-04-14 12:05:32,936 - INFO - Iteracja 0: condition_best: None, quality_best: -inf, coverage_best: (p=0, n=0, P=0, N=0), p_value: 0
2026-04-14 12:05:32,936 - INFO - Regula po iteracji 0: IF  THEN class = {398.64} [40.63, 756.65], (p=112, n=46, P=112, N=46)
2026-04-14 12:05:32,936 - INFO - *****STOP GROWING RR RULE*****
2026-04-14 12:05:32,936 - INFO - ***RR NOT FOUND***
2026-04-14 12:05:32,947 - INFO - Iteracja 2: condition_best: Length1 <= 23.75, quality_best: 0.814, coverage_best: (p=35, n=5, P=37, N=121)
2026-04-14 12:05:32,947 - INFO - Regula po iteracji 2: IF Length1 <= 23.95 AND Length1 >= 18.30 AND Length1 <= 23.75 THEN class = {154.50} [107.27, 201.73], (p=35, n=5, P=37, N=121)
2026-04-14 12:05:32,947 - INFO - *****GROWING RR RULE*****
2026-04-14 12:05:33,032 - INFO - Iteracja 0: condition_best: None, quality_best: -inf, coverage_best: (p=0, n=0, P=0, N=0), p_value: 0
2026-04-14 12:05:33,032 - INFO - Regula po iteracji 0: IF  THEN class = {398.64} [40.63, 756.65], (p=112, n=46, P=112, N=46)
2026-04-14 12:05:33,032 - INFO - *****STOP GROWING RR RULE*****
2026-04-14 12:05:33,032 - INFO - ***RR NOT FOUND***
2026-04-14 12:05:33,043 - INFO - Iteracja 3: condition_best: Length1 <= 23.10, quality_best: 0.799, coverage_best: (p=31, n=5, P=33, N=125)
2026-04-14 12:05:33,043 - INFO - Regula po iteracji 3: IF Length1 <= 23.95 AND Length1 >= 18.30 AND Length1 <= 23.75 AND Length1 <= 23.10 THEN class = {146.97} [104.90, 189.05], (p=31, n=5, P=33, N=125)
2026-04-14 12:05:33,043 - INFO - *****GROWING RR RULE*****
2026-04-14 12:05:33,129 - INFO - Iteracja 0: condition_best: None, quality_best: -inf, coverage_best: (p=0, n=0, P=0, N=0), p_value: 0
2026-04-14 12:05:33,129 - INFO - Regula po iteracji 0: IF  THEN class = {398.64} [40.63, 756.65], (p=112, n=46, P=112, N=46)
2026-04-14 12:05:33,129 - INFO - *****STOP GROWING RR RULE*****
2026-04-14 12:05:33,129 - INFO - ***RR NOT FOUND***
2026-04-14 12:05:33,138 - INFO - Iteracja 4: condition_best: Length3 <= 27.60, quality_best: 0.795, coverage_best: (p=30, n=5, P=32, N=126)
2026-04-14 12:05:33,138 - INFO - Regula po iteracji 4: IF Length1 <= 23.95 AND Length1 >= 18.30 AND Length1 <= 23.75 AND Length1 <= 23.10 AND Length3 <= 27.60 THEN class = {143.37} [106.58, 180.17], (p=30, n=5, P=32, N=126)
2026-04-14 12:05:33,139 - INFO - *****GROWING RR RULE*****
2026-04-14 12:05:33,224 - INFO - Iteracja 0: condition_best: None, quality_best: -inf, coverage_best: (p=0, n=0, P=0, N=0), p_value: 0
2026-04-14 12:05:33,224 - INFO - Regula po iteracji 0: IF  THEN class = {398.64} [40.63, 756.65], (p=112, n=46, P=112, N=46)
2026-04-14 12:05:33,224 - INFO - *****STOP GROWING RR RULE*****
2026-04-14 12:05:33,224 - INFO - ***RR NOT FOUND***
2026-04-14 12:05:33,224 - INFO - *******STOP GROWING CR RULE*******
2026-04-14 12:05:33,225 - INFO - *******GROWING CR RULE*******
2026-04-14 12:05:33,268 - INFO - Iteracja 0: condition_best: Length1 <= 24.55, quality_best: 0.492, coverage_best: (p=51, n=26, P=52, N=106)
2026-04-14 12:05:33,268 - INFO - Regula po iteracji 0: IF Length1 <= 24.55 THEN class = {117.45} [34.76, 200.14], (p=51, n=26, P=52, N=106)
2026-04-14 12:05:33,268 - INFO - *****GROWING RR RULE*****
2026-04-14 12:05:33,353 - INFO - Iteracja 0: condition_best: None, quality_best: -inf, coverage_best: (p=0, n=0, P=0, N=0), p_value: 0
2026-04-14 12:05:33,353 - INFO - Regula po iteracji 0: IF  THEN class = {398.64} [40.63, 756.65], (p=112, n=46, P=112, N=46)
2026-04-14 12:05:33,353 - INFO - *****STOP GROWING RR RULE*****
2026-04-14 12:05:33,354 - INFO - ***RR NOT FOUND***
2026-04-14 12:05:33,375 - INFO - Iteracja 1: condition_best: Length1 >= 18.30, quality_best: 0.706, coverage_best: (p=36, n=9, P=39, N=119)
2026-04-14 12:05:33,375 - INFO - Regula po iteracji 1: IF Length1 <= 24.55 AND Length1 >= 18.30 THEN class = {170.44} [106.60, 234.29], (p=36, n=9, P=39, N=119)
2026-04-14 12:05:33,375 - INFO - *****GROWING RR RULE*****
2026-04-14 12:05:33,461 - INFO - Iteracja 0: condition_best: None, quality_best: -inf, coverage_best: (p=0, n=0, P=0, N=0), p_value: 0
2026-04-14 12:05:33,461 - INFO - Regula po iteracji 0: IF  THEN class = {398.64} [40.63, 756.65], (p=112, n=46, P=112, N=46)
2026-04-14 12:05:33,461 - INFO - *****STOP GROWING RR RULE*****
2026-04-14 12:05:33,461 - INFO - ***RR NOT FOUND***
2026-04-14 12:05:33,473 - INFO - Iteracja 2: condition_best: Length3 <= 29.10, quality_best: 0.814, coverage_best: (p=35, n=5, P=37, N=121)
2026-04-14 12:05:33,473 - INFO - Regula po iteracji 2: IF Length1 <= 24.55 AND Length1 >= 18.30 AND Length3 <= 29.10 THEN class = {155.95} [105.29, 206.61], (p=35, n=5, P=37, N=121)
2026-04-14 12:05:33,473 - INFO - *****GROWING RR RULE*****
2026-04-14 12:05:33,558 - INFO - Iteracja 0: condition_best: None, quality_best: -inf, coverage_best: (p=0, n=0, P=0, N=0), p_value: 0
2026-04-14 12:05:33,558 - INFO - Regula po iteracji 0: IF  THEN class = {398.64} [40.63, 756.65], (p=112, n=46, P=112, N=46)
2026-04-14 12:05:33,558 - INFO - *****STOP GROWING RR RULE*****
2026-04-14 12:05:33,558 - INFO - ***RR NOT FOUND***
2026-04-14 12:05:33,569 - INFO - Iteracja 3: condition_best: Length1 >= 18.50, quality_best: 0.799, coverage_best: (p=34, n=5, P=37, N=121)
2026-04-14 12:05:33,569 - INFO - Regula po iteracji 3: IF Length1 <= 24.55 AND Length1 >= 18.30 AND Length3 <= 29.10 AND Length1 >= 18.50 THEN class = {156.10} [104.81, 207.40], (p=34, n=5, P=37, N=121)
2026-04-14 12:05:33,569 - INFO - *****GROWING RR RULE*****
2026-04-14 12:05:33,655 - INFO - Iteracja 0: condition_best: None, quality_best: -inf, coverage_best: (p=0, n=0, P=0, N=0), p_value: 0
2026-04-14 12:05:33,655 - INFO - Regula po iteracji 0: IF  THEN class = {398.64} [40.63, 756.65], (p=112, n=46, P=112, N=46)
2026-04-14 12:05:33,655 - INFO - *****STOP GROWING RR RULE*****
2026-04-14 12:05:33,655 - INFO - ***RR NOT FOUND***
2026-04-14 12:05:33,665 - INFO - Iteracja 4: condition_best: Length1 >= 18.80, quality_best: 0.783, coverage_best: (p=33, n=5, P=37, N=121)
2026-04-14 12:05:33,665 - INFO - Regula po iteracji 4: IF Length1 <= 24.55 AND Length1 >= 18.30 AND Length3 <= 29.10 AND Length1 >= 18.50 AND Length1 >= 18.80 THEN class = {157.05} [105.43, 208.68], (p=33, n=5, P=37, N=121)
2026-04-14 12:05:33,665 - INFO - *****GROWING RR RULE*****
2026-04-14 12:05:33,752 - INFO - Iteracja 0: condition_best: None, quality_best: -inf, coverage_best: (p=0, n=0, P=0, N=0), p_value: 0
2026-04-14 12:05:33,753 - INFO - Regula po iteracji 0: IF  THEN class = {398.64} [40.63, 756.65], (p=112, n=46, P=112, N=46)
2026-04-14 12:05:33,753 - INFO - *****STOP GROWING RR RULE*****
2026-04-14 12:05:33,753 - INFO - ***RR NOT FOUND***
2026-04-14 12:05:33,753 - INFO - *******STOP GROWING CR RULE*******
2026-04-14 12:05:33,753 - INFO - *******GROWING CR RULE*******
2026-04-14 12:05:33,796 - INFO - Iteracja 0: condition_best: Length1 <= 9.65, quality_best: 1.0, coverage_best: (p=2, n=0, P=2, N=156)
2026-04-14 12:05:33,796 - INFO - Regula po iteracji 0: IF Length1 <= 9.65 THEN class = {5.50} [5.00, 6.00], (p=2, n=0, P=2, N=156)
2026-04-14 12:05:33,796 - INFO - *****GROWING RR RULE*****
2026-04-14 12:05:33,881 - INFO - Iteracja 0: condition_best: None, quality_best: -inf, coverage_best: (p=0, n=0, P=0, N=0), p_value: 0
2026-04-14 12:05:33,881 - INFO - Regula po iteracji 0: IF  THEN class = {398.64} [40.63, 756.65], (p=112, n=46, P=112, N=46)
2026-04-14 12:05:33,881 - INFO - *****STOP GROWING RR RULE*****
2026-04-14 12:05:33,881 - INFO - ***RR NOT FOUND***
2026-04-14 12:05:33,882 - INFO - Iteracja 1: condition_best: Species = {5}, quality_best: 1.0, coverage_best: (p=1, n=0, P=1, N=157)
2026-04-14 12:05:33,882 - INFO - Regula po iteracji 1: IF Length1 <= 9.65 AND Species = {5} THEN class = {6.00} [6.00, 6.00], (p=1, n=0, P=1, N=157)
2026-04-14 12:05:33,883 - INFO - *****GROWING RR RULE*****
2026-04-14 12:05:33,968 - INFO - Iteracja 0: condition_best: None, quality_best: -inf, coverage_best: (p=0, n=0, P=0, N=0), p_value: 0
2026-04-14 12:05:33,968 - INFO - Regula po iteracji 0: IF  THEN class = {398.64} [40.63, 756.65], (p=112, n=46, P=112, N=46)
2026-04-14 12:05:33,968 - INFO - *****STOP GROWING RR RULE*****
2026-04-14 12:05:33,968 - INFO - ***RR NOT FOUND***
2026-04-14 12:05:33,969 - INFO - Iteracja 2: condition_best: Sex = {1}, quality_best: 1.0, coverage_best: (p=1, n=0, P=1, N=157)
2026-04-14 12:05:33,969 - INFO - Regula po iteracji 2: IF Length1 <= 9.65 AND Species = {5} AND Sex = {1} THEN class = {6.00} [6.00, 6.00], (p=1, n=0, P=1, N=157)
2026-04-14 12:05:33,969 - INFO - *****GROWING RR RULE*****
2026-04-14 12:05:34,053 - INFO - Iteracja 0: condition_best: None, quality_best: -inf, coverage_best: (p=0, n=0, P=0, N=0), p_value: 0
2026-04-14 12:05:34,053 - INFO - Regula po iteracji 0: IF  THEN class = {398.64} [40.63, 756.65], (p=112, n=46, P=112, N=46)
2026-04-14 12:05:34,053 - INFO - *****STOP GROWING RR RULE*****
2026-04-14 12:05:34,053 - INFO - ***RR NOT FOUND***
2026-04-14 12:05:34,054 - INFO - Iteracja 3: condition_best: None, quality_best: -inf, coverage_best: (p=0, n=0, P=0, N=0)
2026-04-14 12:05:34,054 - INFO - Regula po iteracji 3: IF Length1 <= 9.65 AND Species = {5} AND Sex = {1} THEN class = {6.00} [6.00, 6.00], (p=1, n=0, P=1, N=157)
2026-04-14 12:05:34,054 - INFO - *******STOP GROWING CR RULE*******
2026-04-14 12:05:34,060 - INFO - ************************Finished experiment for fishcatch.arff with algorithm************************
2026-04-14 12:05:34,060 - INFO - *************************************************************************************************************************
2026-04-14 12:05:34,060 - INFO - *************************************************************************************************************************
2026-04-14 12:05:34,060 - INFO - *************************************************************************************************************************
