2026-04-14 12:04:08,111 - INFO - **********Starting experiment for echomonths.arff with algorithm_rulekit**********
2026-04-14 12:04:08,200 - INFO - ************************Finished experiment for echomonths.arff with algorithm_rulekit************************
2026-04-14 12:04:08,200 - INFO - *************************************************************************************************************************
2026-04-14 12:04:08,200 - INFO - *************************************************************************************************************************
2026-04-14 12:04:08,200 - INFO - *************************************************************************************************************************
2026-04-14 12:04:08,201 - INFO - **********Starting experiment for echomonths.arff with algorithm_rer**********
2026-04-14 12:04:08,207 - INFO - *******GROWING CR RULE*******
2026-04-14 12:04:08,244 - INFO - Iteracja 0: condition_best: still_alive = {1}, quality_best: 0.678, coverage_best: (p=28, n=5, P=35, N=56)
2026-04-14 12:04:08,245 - INFO - Regula po iteracji 0: IF still_alive = {1} THEN class = {4.91} [-4.29, 14.11], (p=28, n=5, P=35, N=56)
2026-04-14 12:04:08,258 - INFO - Iteracja 1: condition_best: wall_index >= 1.31, quality_best: 0.818, coverage_best: (p=21, n=1, P=28, N=63)
2026-04-14 12:04:08,258 - INFO - Regula po iteracji 1: IF still_alive = {1} AND wall_index >= 1.31 THEN class = {2.23} [-3.67, 8.13], (p=21, n=1, P=28, N=63)
2026-04-14 12:04:08,268 - INFO - Iteracja 2: condition_best: age <= 81.50, quality_best: 0.798, coverage_best: (p=20, n=1, P=28, N=63)
2026-04-14 12:04:08,268 - INFO - Regula po iteracji 2: IF still_alive = {1} AND wall_index >= 1.31 AND age <= 81.50 THEN class = {2.33} [-3.69, 8.35], (p=20, n=1, P=28, N=63)
2026-04-14 12:04:08,277 - INFO - Iteracja 3: condition_best: epss <= 34.00, quality_best: 0.779, coverage_best: (p=19, n=1, P=28, N=63)
2026-04-14 12:04:08,277 - INFO - Regula po iteracji 3: IF still_alive = {1} AND wall_index >= 1.31 AND age <= 81.50 AND epss <= 34.00 THEN class = {2.45} [-3.69, 8.59], (p=19, n=1, P=28, N=63)
2026-04-14 12:04:08,285 - INFO - Iteracja 4: condition_best: age <= 75.50, quality_best: 0.759, coverage_best: (p=18, n=1, P=28, N=63)
2026-04-14 12:04:08,285 - INFO - Regula po iteracji 4: IF still_alive = {1} AND wall_index >= 1.31 AND age <= 81.50 AND epss <= 34.00 AND age <= 75.50 THEN class = {2.58} [-3.70, 8.86], (p=18, n=1, P=28, N=63)
2026-04-14 12:04:08,285 - INFO - *******STOP GROWING CR RULE*******
2026-04-14 12:04:08,286 - INFO - *******GROWING CR RULE*******
2026-04-14 12:04:08,311 - INFO - Iteracja 0: condition_best: still_alive = {1}, quality_best: 0.678, coverage_best: (p=28, n=5, P=35, N=56)
2026-04-14 12:04:08,311 - INFO - Regula po iteracji 0: IF still_alive = {1} THEN class = {4.91} [-4.29, 14.11], (p=28, n=5, P=35, N=56)
2026-04-14 12:04:08,322 - INFO - Iteracja 1: condition_best: wall_index >= 1.09, quality_best: 0.772, coverage_best: (p=22, n=2, P=29, N=62)
2026-04-14 12:04:08,322 - INFO - Regula po iteracji 1: IF still_alive = {1} AND wall_index >= 1.09 THEN class = {2.83} [-3.76, 9.43], (p=22, n=2, P=29, N=62)
2026-04-14 12:04:08,331 - INFO - Iteracja 2: condition_best: wall_score <= 33.50, quality_best: 0.752, coverage_best: (p=21, n=2, P=29, N=62)
2026-04-14 12:04:08,331 - INFO - Regula po iteracji 2: IF still_alive = {1} AND wall_index >= 1.09 AND wall_score <= 33.50 THEN class = {2.91} [-3.81, 9.64], (p=21, n=2, P=29, N=62)
2026-04-14 12:04:08,340 - INFO - Iteracja 3: condition_best: wall_score <= 26.00, quality_best: 0.732, coverage_best: (p=20, n=2, P=29, N=62)
2026-04-14 12:04:08,340 - INFO - Regula po iteracji 3: IF still_alive = {1} AND wall_index >= 1.09 AND wall_score <= 33.50 AND wall_score <= 26.00 THEN class = {3.05} [-3.80, 9.89], (p=20, n=2, P=29, N=62)
2026-04-14 12:04:08,349 - INFO - Iteracja 4: condition_best: wall_score <= 23.50, quality_best: 0.701, coverage_best: (p=19, n=2, P=30, N=61)
2026-04-14 12:04:08,349 - INFO - Regula po iteracji 4: IF still_alive = {1} AND wall_index >= 1.09 AND wall_score <= 33.50 AND wall_score <= 26.00 AND wall_score <= 23.50 THEN class = {3.19} [-3.78, 10.16], (p=19, n=2, P=30, N=61)
2026-04-14 12:04:08,349 - INFO - *******STOP GROWING CR RULE*******
2026-04-14 12:04:08,350 - INFO - *******GROWING CR RULE*******
2026-04-14 12:04:08,374 - INFO - Iteracja 0: condition_best: still_alive = {1}, quality_best: 0.678, coverage_best: (p=28, n=5, P=35, N=56)
2026-04-14 12:04:08,374 - INFO - Regula po iteracji 0: IF still_alive = {1} THEN class = {4.91} [-4.29, 14.11], (p=28, n=5, P=35, N=56)
2026-04-14 12:04:08,385 - INFO - Iteracja 1: condition_best: age <= 69.50, quality_best: 0.752, coverage_best: (p=21, n=2, P=29, N=62)
2026-04-14 12:04:08,385 - INFO - Regula po iteracji 1: IF still_alive = {1} AND age <= 69.50 THEN class = {3.30} [-2.99, 9.60], (p=21, n=2, P=29, N=62)
2026-04-14 12:04:08,394 - INFO - Iteracja 2: condition_best: age <= 68.50, quality_best: 0.701, coverage_best: (p=19, n=2, P=30, N=61)
2026-04-14 12:04:08,394 - INFO - Regula po iteracji 2: IF still_alive = {1} AND age <= 69.50 AND age <= 68.50 THEN class = {3.62} [-2.88, 10.12], (p=19, n=2, P=30, N=61)
2026-04-14 12:04:08,402 - INFO - Iteracja 3: condition_best: age <= 67.50, quality_best: 0.681, coverage_best: (p=18, n=2, P=30, N=61)
2026-04-14 12:04:08,403 - INFO - Regula po iteracji 3: IF still_alive = {1} AND age <= 69.50 AND age <= 68.50 AND age <= 67.50 THEN class = {3.80} [-2.81, 10.41], (p=18, n=2, P=30, N=61)
2026-04-14 12:04:08,410 - INFO - Iteracja 4: condition_best: epss <= 19.50, quality_best: 0.678, coverage_best: (p=14, n=1, P=28, N=63)
2026-04-14 12:04:08,410 - INFO - Regula po iteracji 4: IF still_alive = {1} AND age <= 69.50 AND age <= 68.50 AND age <= 67.50 AND epss <= 19.50 THEN class = {3.07} [-0.89, 7.02], (p=14, n=1, P=28, N=63)
2026-04-14 12:04:08,410 - INFO - *******STOP GROWING CR RULE*******
2026-04-14 12:04:08,411 - INFO - *******GROWING CR RULE*******
2026-04-14 12:04:08,435 - INFO - Iteracja 0: condition_best: wall_index >= 1.59, quality_best: 0.464, coverage_best: (p=22, n=2, P=66, N=25)
2026-04-14 12:04:08,435 - INFO - Regula po iteracji 0: IF wall_index >= 1.59 THEN class = {14.29} [-1.81, 30.39], (p=22, n=2, P=66, N=25)
2026-04-14 12:04:08,445 - INFO - Iteracja 1: condition_best: age <= 64.00, quality_best: 0.474, coverage_best: (p=15, n=1, P=66, N=25)
2026-04-14 12:04:08,445 - INFO - Regula po iteracji 1: IF wall_index >= 1.59 AND age <= 64.00 THEN class = {13.88} [-2.10, 29.85], (p=15, n=1, P=66, N=25)
2026-04-14 12:04:08,452 - INFO - Iteracja 2: condition_best: age <= 62.50, quality_best: 0.459, coverage_best: (p=14, n=1, P=66, N=25)
2026-04-14 12:04:08,452 - INFO - Regula po iteracji 2: IF wall_index >= 1.59 AND age <= 64.00 AND age <= 62.50 THEN class = {14.80} [-1.28, 30.88], (p=14, n=1, P=66, N=25)
2026-04-14 12:04:08,459 - INFO - Iteracja 3: condition_best: wall_index >= 1.65, quality_best: 0.443, coverage_best: (p=13, n=1, P=66, N=25)
2026-04-14 12:04:08,459 - INFO - Regula po iteracji 3: IF wall_index >= 1.59 AND age <= 64.00 AND age <= 62.50 AND wall_index >= 1.65 THEN class = {14.00} [-2.36, 30.36], (p=13, n=1, P=66, N=25)
2026-04-14 12:04:08,465 - INFO - Iteracja 4: condition_best: wall_index >= 1.67, quality_best: 0.425, coverage_best: (p=12, n=1, P=66, N=25)
2026-04-14 12:04:08,465 - INFO - Regula po iteracji 4: IF wall_index >= 1.59 AND age <= 64.00 AND age <= 62.50 AND wall_index >= 1.65 AND wall_index >= 1.67 THEN class = {12.85} [-3.57, 29.26], (p=12, n=1, P=66, N=25)
2026-04-14 12:04:08,465 - INFO - *******STOP GROWING CR RULE*******
2026-04-14 12:04:08,466 - INFO - *******GROWING CR RULE*******
2026-04-14 12:04:08,490 - INFO - Iteracja 0: condition_best: wall_index >= 1.59, quality_best: 0.464, coverage_best: (p=22, n=2, P=66, N=25)
2026-04-14 12:04:08,490 - INFO - Regula po iteracji 0: IF wall_index >= 1.59 THEN class = {14.29} [-1.81, 30.39], (p=22, n=2, P=66, N=25)
2026-04-14 12:04:08,499 - INFO - Iteracja 1: condition_best: age <= 71.00, quality_best: 0.45, coverage_best: (p=21, n=2, P=66, N=25)
2026-04-14 12:04:08,499 - INFO - Regula po iteracji 1: IF wall_index >= 1.59 AND age <= 71.00 THEN class = {14.09} [-2.33, 30.50], (p=21, n=2, P=66, N=25)
2026-04-14 12:04:08,508 - INFO - Iteracja 2: condition_best: wall_score <= 22.25, quality_best: 0.488, coverage_best: (p=16, n=1, P=66, N=25)
2026-04-14 12:04:08,508 - INFO - Regula po iteracji 2: IF wall_index >= 1.59 AND age <= 71.00 AND wall_score <= 22.25 THEN class = {15.12} [-0.02, 30.26], (p=16, n=1, P=66, N=25)
2026-04-14 12:04:08,515 - INFO - Iteracja 3: condition_best: epss <= 29.00, quality_best: 0.474, coverage_best: (p=15, n=1, P=66, N=25)
2026-04-14 12:04:08,515 - INFO - Regula po iteracji 3: IF wall_index >= 1.59 AND age <= 71.00 AND wall_score <= 22.25 AND epss <= 29.00 THEN class = {14.44} [-0.92, 29.79], (p=15, n=1, P=66, N=25)
2026-04-14 12:04:08,522 - INFO - Iteracja 4: condition_best: wall_score >= 8.00, quality_best: 0.459, coverage_best: (p=14, n=1, P=66, N=25)
2026-04-14 12:04:08,522 - INFO - Regula po iteracji 4: IF wall_index >= 1.59 AND age <= 71.00 AND wall_score <= 22.25 AND epss <= 29.00 AND wall_score >= 8.00 THEN class = {15.20} [-0.36, 30.76], (p=14, n=1, P=66, N=25)
2026-04-14 12:04:08,522 - INFO - *******STOP GROWING CR RULE*******
2026-04-14 12:04:08,522 - INFO - *******GROWING CR RULE*******
2026-04-14 12:04:08,548 - INFO - Iteracja 0: condition_best: wall_index >= 1.38, quality_best: 0.455, coverage_best: (p=33, n=4, P=66, N=25)
2026-04-14 12:04:08,548 - INFO - Regula po iteracji 0: IF wall_index >= 1.38 THEN class = {13.65} [-2.72, 30.02], (p=33, n=4, P=66, N=25)
2026-04-14 12:04:08,562 - INFO - Iteracja 1: condition_best: wall_score <= 22.75, quality_best: 0.474, coverage_best: (p=29, n=3, P=66, N=25)
2026-04-14 12:04:08,562 - INFO - Regula po iteracji 1: IF wall_index >= 1.38 AND wall_score <= 22.75 THEN class = {14.09} [-1.36, 29.54], (p=29, n=3, P=66, N=25)
2026-04-14 12:04:08,574 - INFO - Iteracja 2: condition_best: age <= 81.50, quality_best: 0.461, coverage_best: (p=28, n=3, P=66, N=25)
2026-04-14 12:04:08,574 - INFO - Regula po iteracji 2: IF wall_index >= 1.38 AND wall_score <= 22.75 AND age <= 81.50 THEN class = {14.55} [-0.94, 30.03], (p=28, n=3, P=66, N=25)
2026-04-14 12:04:08,586 - INFO - Iteracja 3: condition_best: age <= 75.50, quality_best: 0.448, coverage_best: (p=27, n=3, P=66, N=25)
2026-04-14 12:04:08,586 - INFO - Regula po iteracji 3: IF wall_index >= 1.38 AND wall_score <= 22.75 AND age <= 81.50 AND age <= 75.50 THEN class = {15.03} [-0.47, 30.54], (p=27, n=3, P=66, N=25)
2026-04-14 12:04:08,598 - INFO - Iteracja 4: condition_best: epss <= 30.50, quality_best: 0.435, coverage_best: (p=26, n=3, P=66, N=25)
2026-04-14 12:04:08,598 - INFO - Regula po iteracji 4: IF wall_index >= 1.38 AND wall_score <= 22.75 AND age <= 81.50 AND age <= 75.50 AND epss <= 30.50 THEN class = {15.10} [-0.67, 30.87], (p=26, n=3, P=66, N=25)
2026-04-14 12:04:08,598 - INFO - *******STOP GROWING CR RULE*******
2026-04-14 12:04:08,598 - INFO - *******GROWING CR RULE*******
2026-04-14 12:04:08,622 - INFO - Iteracja 0: condition_best: wall_score >= 14.75, quality_best: 0.371, coverage_best: (p=29, n=4, P=68, N=23)
2026-04-14 12:04:08,622 - INFO - Regula po iteracji 0: IF wall_score >= 14.75 THEN class = {14.55} [-2.11, 31.20], (p=29, n=4, P=68, N=23)
2026-04-14 12:04:08,635 - INFO - Iteracja 1: condition_best: age <= 69.50, quality_best: 0.421, coverage_best: (p=25, n=3, P=66, N=25)
2026-04-14 12:04:08,635 - INFO - Regula po iteracji 1: IF wall_score >= 14.75 AND age <= 69.50 THEN class = {14.32} [-1.77, 30.41], (p=25, n=3, P=66, N=25)
2026-04-14 12:04:08,646 - INFO - Iteracja 2: condition_best: still_alive = {0}, quality_best: 0.423, coverage_best: (p=12, n=2, P=50, N=41)
2026-04-14 12:04:08,646 - INFO - Regula po iteracji 2: IF wall_score >= 14.75 AND age <= 69.50 AND still_alive = {0} THEN class = {25.93} [11.89, 39.97], (p=12, n=2, P=50, N=41)
2026-04-14 12:04:08,653 - INFO - Iteracja 3: condition_best: wall_score <= 17.75, quality_best: 0.459, coverage_best: (p=8, n=1, P=45, N=46)
2026-04-14 12:04:08,653 - INFO - Regula po iteracji 3: IF wall_score >= 14.75 AND age <= 69.50 AND still_alive = {0} AND wall_score <= 17.75 THEN class = {27.11} [14.75, 39.47], (p=8, n=1, P=45, N=46)
2026-04-14 12:04:08,657 - INFO - Iteracja 4: condition_best: wall_index <= 1.56, quality_best: 0.392, coverage_best: (p=6, n=1, P=48, N=43)
2026-04-14 12:04:08,657 - INFO - Regula po iteracji 4: IF wall_score >= 14.75 AND age <= 69.50 AND still_alive = {0} AND wall_score <= 17.75 AND wall_index <= 1.56 THEN class = {28.00} [14.37, 41.63], (p=6, n=1, P=48, N=43)
2026-04-14 12:04:08,657 - INFO - *******STOP GROWING CR RULE*******
2026-04-14 12:04:08,658 - INFO - *******GROWING CR RULE*******
2026-04-14 12:04:08,682 - INFO - Iteracja 0: condition_best: lvdd <= 4.55, quality_best: 0.343, coverage_best: (p=27, n=9, P=50, N=41)
2026-04-14 12:04:08,682 - INFO - Regula po iteracji 0: IF lvdd <= 4.55 THEN class = {25.22} [11.17, 39.27], (p=27, n=9, P=50, N=41)
2026-04-14 12:04:08,693 - INFO - Iteracja 1: condition_best: wall_score <= 13.50, quality_best: 0.57, coverage_best: (p=10, n=1, P=31, N=60)
2026-04-14 12:04:08,693 - INFO - Regula po iteracji 1: IF lvdd <= 4.55 AND wall_score <= 13.50 THEN class = {32.27} [24.42, 40.12], (p=10, n=1, P=31, N=60)
2026-04-14 12:04:08,698 - INFO - Iteracja 2: condition_best: still_alive = {0}, quality_best: 0.57, coverage_best: (p=10, n=1, P=31, N=60)
2026-04-14 12:04:08,698 - INFO - Regula po iteracji 2: IF lvdd <= 4.55 AND wall_score <= 13.50 AND still_alive = {0} THEN class = {32.27} [24.42, 40.12], (p=10, n=1, P=31, N=60)
2026-04-14 12:04:08,702 - INFO - Iteracja 3: condition_best: pericardial = {0}, quality_best: 0.57, coverage_best: (p=10, n=1, P=31, N=60)
2026-04-14 12:04:08,702 - INFO - Regula po iteracji 3: IF lvdd <= 4.55 AND wall_score <= 13.50 AND still_alive = {0} AND pericardial = {0} THEN class = {32.27} [24.42, 40.12], (p=10, n=1, P=31, N=60)
2026-04-14 12:04:08,706 - INFO - Iteracja 4: condition_best: age <= 67.00, quality_best: 0.547, coverage_best: (p=9, n=1, P=31, N=60)
2026-04-14 12:04:08,706 - INFO - Regula po iteracji 4: IF lvdd <= 4.55 AND wall_score <= 13.50 AND still_alive = {0} AND pericardial = {0} AND age <= 67.00 THEN class = {32.90} [24.93, 40.87], (p=9, n=1, P=31, N=60)
2026-04-14 12:04:08,706 - INFO - *******STOP GROWING CR RULE*******
2026-04-14 12:04:08,707 - INFO - *******GROWING CR RULE*******
2026-04-14 12:04:08,730 - INFO - Iteracja 0: condition_best: lvdd <= 4.55, quality_best: 0.343, coverage_best: (p=27, n=9, P=50, N=41)
2026-04-14 12:04:08,731 - INFO - Regula po iteracji 0: IF lvdd <= 4.55 THEN class = {25.22} [11.17, 39.27], (p=27, n=9, P=50, N=41)
2026-04-14 12:04:08,741 - INFO - Iteracja 1: condition_best: epss <= 6.50, quality_best: 0.454, coverage_best: (p=15, n=3, P=44, N=47)
2026-04-14 12:04:08,741 - INFO - Regula po iteracji 1: IF lvdd <= 4.55 AND epss <= 6.50 THEN class = {28.33} [15.75, 40.91], (p=15, n=3, P=44, N=47)
2026-04-14 12:04:08,748 - INFO - Iteracja 2: condition_best: wall_score <= 20.08, quality_best: 0.487, coverage_best: (p=13, n=2, P=43, N=48)
2026-04-14 12:04:08,748 - INFO - Regula po iteracji 2: IF lvdd <= 4.55 AND epss <= 6.50 AND wall_score <= 20.08 THEN class = {27.20} [15.77, 38.63], (p=13, n=2, P=43, N=48)
2026-04-14 12:04:08,753 - INFO - Iteracja 3: condition_best: fractional <= 0.32, quality_best: 0.51, coverage_best: (p=10, n=1, P=43, N=48)
2026-04-14 12:04:08,753 - INFO - Regula po iteracji 3: IF lvdd <= 4.55 AND epss <= 6.50 AND wall_score <= 20.08 AND fractional <= 0.32 THEN class = {27.00} [15.44, 38.56], (p=10, n=1, P=43, N=48)
2026-04-14 12:04:08,758 - INFO - Iteracja 4: condition_best: lvdd <= 4.46, quality_best: 0.49, coverage_best: (p=9, n=1, P=43, N=48)
2026-04-14 12:04:08,758 - INFO - Regula po iteracji 4: IF lvdd <= 4.55 AND epss <= 6.50 AND wall_score <= 20.08 AND fractional <= 0.32 AND lvdd <= 4.46 THEN class = {27.70} [15.80, 39.60], (p=9, n=1, P=43, N=48)
2026-04-14 12:04:08,758 - INFO - *******STOP GROWING CR RULE*******
2026-04-14 12:04:08,758 - INFO - *******GROWING CR RULE*******
2026-04-14 12:04:08,782 - INFO - Iteracja 0: condition_best: still_alive = {0}, quality_best: 0.342, coverage_best: (p=38, n=20, P=42, N=49)
2026-04-14 12:04:08,782 - INFO - Regula po iteracji 0: IF still_alive = {0} THEN class = {28.95} [16.91, 40.98], (p=38, n=20, P=42, N=49)
2026-04-14 12:04:08,801 - INFO - Iteracja 1: condition_best: wall_score <= 12.84, quality_best: 0.598, coverage_best: (p=17, n=3, P=31, N=60)
2026-04-14 12:04:08,801 - INFO - Regula po iteracji 1: IF still_alive = {0} AND wall_score <= 12.84 THEN class = {30.85} [22.24, 39.46], (p=17, n=3, P=31, N=60)
2026-04-14 12:04:08,808 - INFO - Iteracja 2: condition_best: pericardial = {0}, quality_best: 0.719, coverage_best: (p=16, n=1, P=28, N=63)
2026-04-14 12:04:08,809 - INFO - Regula po iteracji 2: IF still_alive = {0} AND wall_score <= 12.84 AND pericardial = {0} THEN class = {31.24} [24.54, 37.93], (p=16, n=1, P=28, N=63)
2026-04-14 12:04:08,814 - INFO - Iteracja 3: condition_best: age <= 73.50, quality_best: 0.68, coverage_best: (p=15, n=1, P=30, N=61)
2026-04-14 12:04:08,815 - INFO - Regula po iteracji 3: IF still_alive = {0} AND wall_score <= 12.84 AND pericardial = {0} AND age <= 73.50 THEN class = {31.56} [24.80, 38.33], (p=15, n=1, P=30, N=61)
2026-04-14 12:04:08,820 - INFO - Iteracja 4: condition_best: fractional <= 0.37, quality_best: 0.66, coverage_best: (p=14, n=1, P=30, N=61)
2026-04-14 12:04:08,820 - INFO - Regula po iteracji 4: IF still_alive = {0} AND wall_score <= 12.84 AND pericardial = {0} AND age <= 73.50 AND fractional <= 0.37 THEN class = {31.87} [24.99, 38.75], (p=14, n=1, P=30, N=61)
2026-04-14 12:04:08,820 - INFO - *******STOP GROWING CR RULE*******
2026-04-14 12:04:08,821 - INFO - *******GROWING CR RULE*******
2026-04-14 12:04:08,844 - INFO - Iteracja 0: condition_best: still_alive = {0}, quality_best: 0.342, coverage_best: (p=38, n=20, P=42, N=49)
2026-04-14 12:04:08,844 - INFO - Regula po iteracji 0: IF still_alive = {0} THEN class = {28.95} [16.91, 40.98], (p=38, n=20, P=42, N=49)
2026-04-14 12:04:08,861 - INFO - Iteracja 1: condition_best: wall_score <= 13.59, quality_best: 0.562, coverage_best: (p=20, n=5, P=32, N=59)
2026-04-14 12:04:08,861 - INFO - Regula po iteracji 1: IF still_alive = {0} AND wall_score <= 13.59 THEN class = {30.04} [21.43, 38.65], (p=20, n=5, P=32, N=59)
2026-04-14 12:04:08,869 - INFO - Iteracja 2: condition_best: fractional >= 0.13, quality_best: 0.64, coverage_best: (p=19, n=3, P=31, N=60)
2026-04-14 12:04:08,869 - INFO - Regula po iteracji 2: IF still_alive = {0} AND wall_score <= 13.59 AND fractional >= 0.13 THEN class = {31.36} [23.63, 39.10], (p=19, n=3, P=31, N=60)
2026-04-14 12:04:08,877 - INFO - Iteracja 3: condition_best: lvdd >= 4.05, quality_best: 0.628, coverage_best: (p=15, n=2, P=29, N=62)
2026-04-14 12:04:08,877 - INFO - Regula po iteracji 3: IF still_alive = {0} AND wall_score <= 13.59 AND fractional >= 0.13 AND lvdd >= 4.05 THEN class = {30.47} [23.74, 37.20], (p=15, n=2, P=29, N=62)
2026-04-14 12:04:08,883 - INFO - Iteracja 4: condition_best: wall_score <= 13.25, quality_best: 0.615, coverage_best: (p=14, n=2, P=28, N=63)
2026-04-14 12:04:08,883 - INFO - Regula po iteracji 4: IF still_alive = {0} AND wall_score <= 13.59 AND fractional >= 0.13 AND lvdd >= 4.05 AND wall_score <= 13.25 THEN class = {30.88} [24.14, 37.61], (p=14, n=2, P=28, N=63)
2026-04-14 12:04:08,883 - INFO - *******STOP GROWING CR RULE*******
2026-04-14 12:04:08,883 - INFO - *******GROWING CR RULE*******
2026-04-14 12:04:08,907 - INFO - Iteracja 0: condition_best: still_alive = {0}, quality_best: 0.342, coverage_best: (p=38, n=20, P=42, N=49)
2026-04-14 12:04:08,907 - INFO - Regula po iteracji 0: IF still_alive = {0} THEN class = {28.95} [16.91, 40.98], (p=38, n=20, P=42, N=49)
2026-04-14 12:04:08,924 - INFO - Iteracja 1: condition_best: wall_score <= 16.25, quality_best: 0.428, coverage_best: (p=33, n=14, P=40, N=51)
2026-04-14 12:04:08,924 - INFO - Regula po iteracji 1: IF still_alive = {0} AND wall_score <= 16.25 THEN class = {29.74} [18.96, 40.53], (p=33, n=14, P=40, N=51)
2026-04-14 12:04:08,938 - INFO - Iteracja 2: condition_best: lvdd <= 5.53, quality_best: 0.486, coverage_best: (p=31, n=11, P=39, N=52)
2026-04-14 12:04:08,938 - INFO - Regula po iteracji 2: IF still_alive = {0} AND wall_score <= 16.25 AND lvdd <= 5.53 THEN class = {29.31} [18.92, 39.70], (p=31, n=11, P=39, N=52)
2026-04-14 12:04:08,950 - INFO - Iteracja 3: condition_best: fractional <= 0.28, quality_best: 0.533, coverage_best: (p=21, n=6, P=33, N=58)
2026-04-14 12:04:08,950 - INFO - Regula po iteracji 3: IF still_alive = {0} AND wall_score <= 16.25 AND lvdd <= 5.53 AND fractional <= 0.28 THEN class = {28.33} [19.03, 37.64], (p=21, n=6, P=33, N=58)
2026-04-14 12:04:08,960 - INFO - Iteracja 4: condition_best: lvdd >= 3.54, quality_best: 0.571, coverage_best: (p=21, n=5, P=33, N=58)
2026-04-14 12:04:08,960 - INFO - Regula po iteracji 4: IF still_alive = {0} AND wall_score <= 16.25 AND lvdd <= 5.53 AND fractional <= 0.28 AND lvdd >= 3.54 THEN class = {28.81} [19.65, 37.96], (p=21, n=5, P=33, N=58)
2026-04-14 12:04:08,960 - INFO - *******STOP GROWING CR RULE*******
2026-04-14 12:04:08,960 - INFO - *******GROWING CR RULE*******
2026-04-14 12:04:08,983 - INFO - Iteracja 0: condition_best: still_alive = {0}, quality_best: 0.342, coverage_best: (p=38, n=20, P=42, N=49)
2026-04-14 12:04:08,983 - INFO - Regula po iteracji 0: IF still_alive = {0} THEN class = {28.95} [16.91, 40.98], (p=38, n=20, P=42, N=49)
2026-04-14 12:04:09,000 - INFO - Iteracja 1: condition_best: wall_score <= 16.25, quality_best: 0.428, coverage_best: (p=33, n=14, P=40, N=51)
2026-04-14 12:04:09,000 - INFO - Regula po iteracji 1: IF still_alive = {0} AND wall_score <= 16.25 THEN class = {29.74} [18.96, 40.53], (p=33, n=14, P=40, N=51)
2026-04-14 12:04:09,014 - INFO - Iteracja 2: condition_best: wall_score >= 7.25, quality_best: 0.467, coverage_best: (p=33, n=13, P=39, N=52)
2026-04-14 12:04:09,014 - INFO - Regula po iteracji 2: IF still_alive = {0} AND wall_score <= 16.25 AND wall_score >= 7.25 THEN class = {29.33} [18.81, 39.84], (p=33, n=13, P=39, N=52)
2026-04-14 12:04:09,028 - INFO - Iteracja 3: condition_best: epss >= 6.50, quality_best: 0.481, coverage_best: (p=23, n=7, P=38, N=53)
2026-04-14 12:04:09,028 - INFO - Regula po iteracji 3: IF still_alive = {0} AND wall_score <= 16.25 AND wall_score >= 7.25 AND epss >= 6.50 THEN class = {30.43} [19.42, 41.44], (p=23, n=7, P=38, N=53)
2026-04-14 12:04:09,038 - INFO - Iteracja 4: condition_best: pericardial = {0}, quality_best: 0.509, coverage_best: (p=22, n=6, P=37, N=54)
2026-04-14 12:04:09,038 - INFO - Regula po iteracji 4: IF still_alive = {0} AND wall_score <= 16.25 AND wall_score >= 7.25 AND epss >= 6.50 AND pericardial = {0} THEN class = {31.29} [20.52, 42.06], (p=22, n=6, P=37, N=54)
2026-04-14 12:04:09,038 - INFO - *******STOP GROWING CR RULE*******
2026-04-14 12:04:09,039 - INFO - *******GROWING CR RULE*******
2026-04-14 12:04:09,062 - INFO - Iteracja 0: condition_best: wall_index <= 1.36, quality_best: 0.284, coverage_best: (p=35, n=15, P=50, N=41)
2026-04-14 12:04:09,062 - INFO - Regula po iteracji 0: IF wall_index <= 1.36 THEN class = {25.10} [11.56, 38.64], (p=35, n=15, P=50, N=41)
2026-04-14 12:04:09,077 - INFO - Iteracja 1: condition_best: fractional >= 0.06, quality_best: 0.315, coverage_best: (p=32, n=15, P=45, N=46)
2026-04-14 12:04:09,077 - INFO - Regula po iteracji 1: IF wall_index <= 1.36 AND fractional >= 0.06 THEN class = {25.96} [13.10, 38.81], (p=32, n=15, P=45, N=46)
2026-04-14 12:04:09,090 - INFO - Iteracja 2: condition_best: lvdd <= 5.53, quality_best: 0.335, coverage_best: (p=30, n=13, P=45, N=46)
2026-04-14 12:04:09,091 - INFO - Regula po iteracji 2: IF wall_index <= 1.36 AND fractional >= 0.06 AND lvdd <= 5.53 THEN class = {25.81} [13.15, 38.48], (p=30, n=13, P=45, N=46)
2026-04-14 12:04:09,103 - INFO - Iteracja 3: condition_best: fractional >= 0.12, quality_best: 0.346, coverage_best: (p=29, n=12, P=45, N=46)
2026-04-14 12:04:09,103 - INFO - Regula po iteracji 3: IF wall_index <= 1.36 AND fractional >= 0.06 AND lvdd <= 5.53 AND fractional >= 0.12 THEN class = {26.37} [13.66, 39.07], (p=29, n=12, P=45, N=46)
2026-04-14 12:04:09,115 - INFO - Iteracja 4: condition_best: epss <= 20.00, quality_best: 0.359, coverage_best: (p=28, n=11, P=45, N=46)
2026-04-14 12:04:09,115 - INFO - Regula po iteracji 4: IF wall_index <= 1.36 AND fractional >= 0.06 AND lvdd <= 5.53 AND fractional >= 0.12 AND epss <= 20.00 THEN class = {27.18} [14.92, 39.44], (p=28, n=11, P=45, N=46)
2026-04-14 12:04:09,115 - INFO - *******STOP GROWING CR RULE*******
2026-04-14 12:04:09,115 - INFO - *******GROWING CR RULE*******
2026-04-14 12:04:09,138 - INFO - Iteracja 0: condition_best: lvdd >= 6.76, quality_best: 1.0, coverage_best: (p=1, n=0, P=1, N=90)
2026-04-14 12:04:09,138 - INFO - Regula po iteracji 0: IF lvdd >= 6.76 THEN class = {9.00} [9.00, 9.00], (p=1, n=0, P=1, N=90)
2026-04-14 12:04:09,139 - INFO - Iteracja 1: condition_best: still_alive = {0}, quality_best: 1.0, coverage_best: (p=1, n=0, P=1, N=90)
2026-04-14 12:04:09,139 - INFO - Regula po iteracji 1: IF lvdd >= 6.76 AND still_alive = {0} THEN class = {9.00} [9.00, 9.00], (p=1, n=0, P=1, N=90)
2026-04-14 12:04:09,139 - INFO - Iteracja 2: condition_best: pericardial = {0}, quality_best: 1.0, coverage_best: (p=1, n=0, P=1, N=90)
2026-04-14 12:04:09,139 - INFO - Regula po iteracji 2: IF lvdd >= 6.76 AND still_alive = {0} AND pericardial = {0} THEN class = {9.00} [9.00, 9.00], (p=1, n=0, P=1, N=90)
2026-04-14 12:04:09,140 - INFO - Iteracja 3: condition_best: None, quality_best: -inf, coverage_best: (p=0, n=0, P=0, N=0)
2026-04-14 12:04:09,140 - INFO - Regula po iteracji 3: IF lvdd >= 6.76 AND still_alive = {0} AND pericardial = {0} THEN class = {9.00} [9.00, 9.00], (p=1, n=0, P=1, N=90)
2026-04-14 12:04:09,140 - INFO - *******STOP GROWING CR RULE*******
2026-04-14 12:04:09,150 - INFO - ************************Finished experiment for echomonths.arff with algorithm_rer************************
2026-04-14 12:04:09,150 - INFO - *************************************************************************************************************************
2026-04-14 12:04:09,150 - INFO - *************************************************************************************************************************
2026-04-14 12:04:09,150 - INFO - *************************************************************************************************************************
2026-04-14 12:04:09,150 - INFO - **********Starting experiment for echomonths.arff with algorithm_rer_with_exceptions**********
2026-04-14 12:04:09,156 - INFO - *******GROWING CR RULE*******
2026-04-14 12:04:09,193 - INFO - Iteracja 0: condition_best: still_alive = {1}, quality_best: 0.678, coverage_best: (p=28, n=5, P=35, N=56)
2026-04-14 12:04:09,193 - INFO - Regula po iteracji 0: IF still_alive = {1} THEN class = {4.91} [-4.29, 14.11], (p=28, n=5, P=35, N=56)
2026-04-14 12:04:09,194 - INFO - *****GROWING RR RULE*****
2026-04-14 12:04:09,238 - INFO - Iteracja 0: condition_best: None, quality_best: -inf, coverage_best: (p=0, n=0, P=0, N=0), p_value: 0
2026-04-14 12:04:09,239 - INFO - Regula po iteracji 0: IF  THEN class = {20.23} [4.21, 36.25], (p=53, n=38, P=53, N=38)
2026-04-14 12:04:09,239 - INFO - *****STOP GROWING RR RULE*****
2026-04-14 12:04:09,239 - INFO - ***RR NOT FOUND***
2026-04-14 12:04:09,252 - INFO - Iteracja 1: condition_best: wall_index >= 1.31, quality_best: 0.818, coverage_best: (p=21, n=1, P=28, N=63)
2026-04-14 12:04:09,252 - INFO - Regula po iteracji 1: IF still_alive = {1} AND wall_index >= 1.31 THEN class = {2.23} [-3.67, 8.13], (p=21, n=1, P=28, N=63)
2026-04-14 12:04:09,253 - INFO - *****GROWING RR RULE*****
2026-04-14 12:04:09,297 - INFO - Iteracja 0: condition_best: None, quality_best: -inf, coverage_best: (p=0, n=0, P=0, N=0), p_value: 0
2026-04-14 12:04:09,298 - INFO - Regula po iteracji 0: IF  THEN class = {20.23} [4.21, 36.25], (p=53, n=38, P=53, N=38)
2026-04-14 12:04:09,298 - INFO - *****STOP GROWING RR RULE*****
2026-04-14 12:04:09,298 - INFO - ***RR NOT FOUND***
2026-04-14 12:04:09,307 - INFO - Iteracja 2: condition_best: age <= 81.50, quality_best: 0.798, coverage_best: (p=20, n=1, P=28, N=63)
2026-04-14 12:04:09,308 - INFO - Regula po iteracji 2: IF still_alive = {1} AND wall_index >= 1.31 AND age <= 81.50 THEN class = {2.33} [-3.69, 8.35], (p=20, n=1, P=28, N=63)
2026-04-14 12:04:09,308 - INFO - *****GROWING RR RULE*****
2026-04-14 12:04:09,353 - INFO - Iteracja 0: condition_best: None, quality_best: -inf, coverage_best: (p=0, n=0, P=0, N=0), p_value: 0
2026-04-14 12:04:09,353 - INFO - Regula po iteracji 0: IF  THEN class = {20.23} [4.21, 36.25], (p=53, n=38, P=53, N=38)
2026-04-14 12:04:09,353 - INFO - *****STOP GROWING RR RULE*****
2026-04-14 12:04:09,353 - INFO - ***RR NOT FOUND***
2026-04-14 12:04:09,362 - INFO - Iteracja 3: condition_best: epss <= 34.00, quality_best: 0.779, coverage_best: (p=19, n=1, P=28, N=63)
2026-04-14 12:04:09,362 - INFO - Regula po iteracji 3: IF still_alive = {1} AND wall_index >= 1.31 AND age <= 81.50 AND epss <= 34.00 THEN class = {2.45} [-3.69, 8.59], (p=19, n=1, P=28, N=63)
2026-04-14 12:04:09,362 - INFO - *****GROWING RR RULE*****
2026-04-14 12:04:09,407 - INFO - Iteracja 0: condition_best: None, quality_best: -inf, coverage_best: (p=0, n=0, P=0, N=0), p_value: 0
2026-04-14 12:04:09,407 - INFO - Regula po iteracji 0: IF  THEN class = {20.23} [4.21, 36.25], (p=53, n=38, P=53, N=38)
2026-04-14 12:04:09,407 - INFO - *****STOP GROWING RR RULE*****
2026-04-14 12:04:09,407 - INFO - ***RR NOT FOUND***
2026-04-14 12:04:09,415 - INFO - Iteracja 4: condition_best: age <= 75.50, quality_best: 0.759, coverage_best: (p=18, n=1, P=28, N=63)
2026-04-14 12:04:09,415 - INFO - Regula po iteracji 4: IF still_alive = {1} AND wall_index >= 1.31 AND age <= 81.50 AND epss <= 34.00 AND age <= 75.50 THEN class = {2.58} [-3.70, 8.86], (p=18, n=1, P=28, N=63)
2026-04-14 12:04:09,416 - INFO - *****GROWING RR RULE*****
2026-04-14 12:04:09,461 - INFO - Iteracja 0: condition_best: None, quality_best: -inf, coverage_best: (p=0, n=0, P=0, N=0), p_value: 0
2026-04-14 12:04:09,461 - INFO - Regula po iteracji 0: IF  THEN class = {20.23} [4.21, 36.25], (p=53, n=38, P=53, N=38)
2026-04-14 12:04:09,461 - INFO - *****STOP GROWING RR RULE*****
2026-04-14 12:04:09,461 - INFO - ***RR NOT FOUND***
2026-04-14 12:04:09,461 - INFO - *******STOP GROWING CR RULE*******
2026-04-14 12:04:09,462 - INFO - *******GROWING CR RULE*******
2026-04-14 12:04:09,486 - INFO - Iteracja 0: condition_best: still_alive = {1}, quality_best: 0.678, coverage_best: (p=28, n=5, P=35, N=56)
2026-04-14 12:04:09,486 - INFO - Regula po iteracji 0: IF still_alive = {1} THEN class = {4.91} [-4.29, 14.11], (p=28, n=5, P=35, N=56)
2026-04-14 12:04:09,486 - INFO - *****GROWING RR RULE*****
2026-04-14 12:04:09,531 - INFO - Iteracja 0: condition_best: None, quality_best: -inf, coverage_best: (p=0, n=0, P=0, N=0), p_value: 0
2026-04-14 12:04:09,531 - INFO - Regula po iteracji 0: IF  THEN class = {20.23} [4.21, 36.25], (p=53, n=38, P=53, N=38)
2026-04-14 12:04:09,531 - INFO - *****STOP GROWING RR RULE*****
2026-04-14 12:04:09,531 - INFO - ***RR NOT FOUND***
2026-04-14 12:04:09,543 - INFO - Iteracja 1: condition_best: wall_index >= 1.09, quality_best: 0.772, coverage_best: (p=22, n=2, P=29, N=62)
2026-04-14 12:04:09,543 - INFO - Regula po iteracji 1: IF still_alive = {1} AND wall_index >= 1.09 THEN class = {2.83} [-3.76, 9.43], (p=22, n=2, P=29, N=62)
2026-04-14 12:04:09,543 - INFO - *****GROWING RR RULE*****
2026-04-14 12:04:09,588 - INFO - Iteracja 0: condition_best: None, quality_best: -inf, coverage_best: (p=0, n=0, P=0, N=0), p_value: 0
2026-04-14 12:04:09,589 - INFO - Regula po iteracji 0: IF  THEN class = {20.23} [4.21, 36.25], (p=53, n=38, P=53, N=38)
2026-04-14 12:04:09,589 - INFO - *****STOP GROWING RR RULE*****
2026-04-14 12:04:09,589 - INFO - ***RR NOT FOUND***
2026-04-14 12:04:09,598 - INFO - Iteracja 2: condition_best: wall_score <= 33.50, quality_best: 0.752, coverage_best: (p=21, n=2, P=29, N=62)
2026-04-14 12:04:09,598 - INFO - Regula po iteracji 2: IF still_alive = {1} AND wall_index >= 1.09 AND wall_score <= 33.50 THEN class = {2.91} [-3.81, 9.64], (p=21, n=2, P=29, N=62)
2026-04-14 12:04:09,598 - INFO - *****GROWING RR RULE*****
2026-04-14 12:04:09,643 - INFO - Iteracja 0: condition_best: None, quality_best: -inf, coverage_best: (p=0, n=0, P=0, N=0), p_value: 0
2026-04-14 12:04:09,643 - INFO - Regula po iteracji 0: IF  THEN class = {20.23} [4.21, 36.25], (p=53, n=38, P=53, N=38)
2026-04-14 12:04:09,643 - INFO - *****STOP GROWING RR RULE*****
2026-04-14 12:04:09,643 - INFO - ***RR NOT FOUND***
2026-04-14 12:04:09,652 - INFO - Iteracja 3: condition_best: wall_score <= 26.00, quality_best: 0.732, coverage_best: (p=20, n=2, P=29, N=62)
2026-04-14 12:04:09,652 - INFO - Regula po iteracji 3: IF still_alive = {1} AND wall_index >= 1.09 AND wall_score <= 33.50 AND wall_score <= 26.00 THEN class = {3.05} [-3.80, 9.89], (p=20, n=2, P=29, N=62)
2026-04-14 12:04:09,653 - INFO - *****GROWING RR RULE*****
2026-04-14 12:04:09,697 - INFO - Iteracja 0: condition_best: None, quality_best: -inf, coverage_best: (p=0, n=0, P=0, N=0), p_value: 0
2026-04-14 12:04:09,697 - INFO - Regula po iteracji 0: IF  THEN class = {20.23} [4.21, 36.25], (p=53, n=38, P=53, N=38)
2026-04-14 12:04:09,697 - INFO - *****STOP GROWING RR RULE*****
2026-04-14 12:04:09,697 - INFO - ***RR NOT FOUND***
2026-04-14 12:04:09,706 - INFO - Iteracja 4: condition_best: wall_score <= 23.50, quality_best: 0.701, coverage_best: (p=19, n=2, P=30, N=61)
2026-04-14 12:04:09,706 - INFO - Regula po iteracji 4: IF still_alive = {1} AND wall_index >= 1.09 AND wall_score <= 33.50 AND wall_score <= 26.00 AND wall_score <= 23.50 THEN class = {3.19} [-3.78, 10.16], (p=19, n=2, P=30, N=61)
2026-04-14 12:04:09,707 - INFO - *****GROWING RR RULE*****
2026-04-14 12:04:09,751 - INFO - Iteracja 0: condition_best: None, quality_best: -inf, coverage_best: (p=0, n=0, P=0, N=0), p_value: 0
2026-04-14 12:04:09,751 - INFO - Regula po iteracji 0: IF  THEN class = {20.23} [4.21, 36.25], (p=53, n=38, P=53, N=38)
2026-04-14 12:04:09,751 - INFO - *****STOP GROWING RR RULE*****
2026-04-14 12:04:09,751 - INFO - ***RR NOT FOUND***
2026-04-14 12:04:09,751 - INFO - *******STOP GROWING CR RULE*******
2026-04-14 12:04:09,752 - INFO - *******GROWING CR RULE*******
2026-04-14 12:04:09,776 - INFO - Iteracja 0: condition_best: still_alive = {1}, quality_best: 0.678, coverage_best: (p=28, n=5, P=35, N=56)
2026-04-14 12:04:09,776 - INFO - Regula po iteracji 0: IF still_alive = {1} THEN class = {4.91} [-4.29, 14.11], (p=28, n=5, P=35, N=56)
2026-04-14 12:04:09,777 - INFO - *****GROWING RR RULE*****
2026-04-14 12:04:09,821 - INFO - Iteracja 0: condition_best: None, quality_best: -inf, coverage_best: (p=0, n=0, P=0, N=0), p_value: 0
2026-04-14 12:04:09,821 - INFO - Regula po iteracji 0: IF  THEN class = {20.23} [4.21, 36.25], (p=53, n=38, P=53, N=38)
2026-04-14 12:04:09,821 - INFO - *****STOP GROWING RR RULE*****
2026-04-14 12:04:09,821 - INFO - ***RR NOT FOUND***
2026-04-14 12:04:09,832 - INFO - Iteracja 1: condition_best: age <= 69.50, quality_best: 0.752, coverage_best: (p=21, n=2, P=29, N=62)
2026-04-14 12:04:09,832 - INFO - Regula po iteracji 1: IF still_alive = {1} AND age <= 69.50 THEN class = {3.30} [-2.99, 9.60], (p=21, n=2, P=29, N=62)
2026-04-14 12:04:09,833 - INFO - *****GROWING RR RULE*****
2026-04-14 12:04:09,877 - INFO - Iteracja 0: condition_best: None, quality_best: -inf, coverage_best: (p=0, n=0, P=0, N=0), p_value: 0
2026-04-14 12:04:09,877 - INFO - Regula po iteracji 0: IF  THEN class = {20.23} [4.21, 36.25], (p=53, n=38, P=53, N=38)
2026-04-14 12:04:09,877 - INFO - *****STOP GROWING RR RULE*****
2026-04-14 12:04:09,877 - INFO - ***RR NOT FOUND***
2026-04-14 12:04:09,886 - INFO - Iteracja 2: condition_best: age <= 68.50, quality_best: 0.701, coverage_best: (p=19, n=2, P=30, N=61)
2026-04-14 12:04:09,886 - INFO - Regula po iteracji 2: IF still_alive = {1} AND age <= 69.50 AND age <= 68.50 THEN class = {3.62} [-2.88, 10.12], (p=19, n=2, P=30, N=61)
2026-04-14 12:04:09,886 - INFO - *****GROWING RR RULE*****
2026-04-14 12:04:09,931 - INFO - Iteracja 0: condition_best: None, quality_best: -inf, coverage_best: (p=0, n=0, P=0, N=0), p_value: 0
2026-04-14 12:04:09,931 - INFO - Regula po iteracji 0: IF  THEN class = {20.23} [4.21, 36.25], (p=53, n=38, P=53, N=38)
2026-04-14 12:04:09,931 - INFO - *****STOP GROWING RR RULE*****
2026-04-14 12:04:09,931 - INFO - ***RR NOT FOUND***
2026-04-14 12:04:09,939 - INFO - Iteracja 3: condition_best: age <= 67.50, quality_best: 0.681, coverage_best: (p=18, n=2, P=30, N=61)
2026-04-14 12:04:09,939 - INFO - Regula po iteracji 3: IF still_alive = {1} AND age <= 69.50 AND age <= 68.50 AND age <= 67.50 THEN class = {3.80} [-2.81, 10.41], (p=18, n=2, P=30, N=61)
2026-04-14 12:04:09,940 - INFO - *****GROWING RR RULE*****
2026-04-14 12:04:09,984 - INFO - Iteracja 0: condition_best: None, quality_best: -inf, coverage_best: (p=0, n=0, P=0, N=0), p_value: 0
2026-04-14 12:04:09,984 - INFO - Regula po iteracji 0: IF  THEN class = {20.23} [4.21, 36.25], (p=53, n=38, P=53, N=38)
2026-04-14 12:04:09,984 - INFO - *****STOP GROWING RR RULE*****
2026-04-14 12:04:09,984 - INFO - ***RR NOT FOUND***
2026-04-14 12:04:09,992 - INFO - Iteracja 4: condition_best: epss <= 19.50, quality_best: 0.678, coverage_best: (p=14, n=1, P=28, N=63)
2026-04-14 12:04:09,992 - INFO - Regula po iteracji 4: IF still_alive = {1} AND age <= 69.50 AND age <= 68.50 AND age <= 67.50 AND epss <= 19.50 THEN class = {3.07} [-0.89, 7.02], (p=14, n=1, P=28, N=63)
2026-04-14 12:04:09,992 - INFO - *****GROWING RR RULE*****
2026-04-14 12:04:10,037 - INFO - Iteracja 0: condition_best: None, quality_best: -inf, coverage_best: (p=0, n=0, P=0, N=0), p_value: 0
2026-04-14 12:04:10,037 - INFO - Regula po iteracji 0: IF  THEN class = {20.23} [4.21, 36.25], (p=53, n=38, P=53, N=38)
2026-04-14 12:04:10,037 - INFO - *****STOP GROWING RR RULE*****
2026-04-14 12:04:10,037 - INFO - ***RR NOT FOUND***
2026-04-14 12:04:10,037 - INFO - *******STOP GROWING CR RULE*******
2026-04-14 12:04:10,038 - INFO - *******GROWING CR RULE*******
2026-04-14 12:04:10,062 - INFO - Iteracja 0: condition_best: wall_index >= 1.59, quality_best: 0.464, coverage_best: (p=22, n=2, P=66, N=25)
2026-04-14 12:04:10,062 - INFO - Regula po iteracji 0: IF wall_index >= 1.59 THEN class = {14.29} [-1.81, 30.39], (p=22, n=2, P=66, N=25)
2026-04-14 12:04:10,063 - INFO - *****GROWING RR RULE*****
2026-04-14 12:04:10,107 - INFO - Iteracja 0: condition_best: None, quality_best: -inf, coverage_best: (p=0, n=0, P=0, N=0), p_value: 0
2026-04-14 12:04:10,107 - INFO - Regula po iteracji 0: IF  THEN class = {20.23} [4.21, 36.25], (p=53, n=38, P=53, N=38)
2026-04-14 12:04:10,107 - INFO - *****STOP GROWING RR RULE*****
2026-04-14 12:04:10,108 - INFO - ***RR NOT FOUND***
2026-04-14 12:04:10,118 - INFO - Iteracja 1: condition_best: age <= 64.00, quality_best: 0.474, coverage_best: (p=15, n=1, P=66, N=25)
2026-04-14 12:04:10,118 - INFO - Regula po iteracji 1: IF wall_index >= 1.59 AND age <= 64.00 THEN class = {13.88} [-2.10, 29.85], (p=15, n=1, P=66, N=25)
2026-04-14 12:04:10,118 - INFO - *****GROWING RR RULE*****
2026-04-14 12:04:10,163 - INFO - Iteracja 0: condition_best: None, quality_best: -inf, coverage_best: (p=0, n=0, P=0, N=0), p_value: 0
2026-04-14 12:04:10,163 - INFO - Regula po iteracji 0: IF  THEN class = {20.23} [4.21, 36.25], (p=53, n=38, P=53, N=38)
2026-04-14 12:04:10,163 - INFO - *****STOP GROWING RR RULE*****
2026-04-14 12:04:10,163 - INFO - ***RR NOT FOUND***
2026-04-14 12:04:10,170 - INFO - Iteracja 2: condition_best: age <= 62.50, quality_best: 0.459, coverage_best: (p=14, n=1, P=66, N=25)
2026-04-14 12:04:10,170 - INFO - Regula po iteracji 2: IF wall_index >= 1.59 AND age <= 64.00 AND age <= 62.50 THEN class = {14.80} [-1.28, 30.88], (p=14, n=1, P=66, N=25)
2026-04-14 12:04:10,170 - INFO - *****GROWING RR RULE*****
2026-04-14 12:04:10,215 - INFO - Iteracja 0: condition_best: None, quality_best: -inf, coverage_best: (p=0, n=0, P=0, N=0), p_value: 0
2026-04-14 12:04:10,215 - INFO - Regula po iteracji 0: IF  THEN class = {20.23} [4.21, 36.25], (p=53, n=38, P=53, N=38)
2026-04-14 12:04:10,215 - INFO - *****STOP GROWING RR RULE*****
2026-04-14 12:04:10,215 - INFO - ***RR NOT FOUND***
2026-04-14 12:04:10,222 - INFO - Iteracja 3: condition_best: wall_index >= 1.65, quality_best: 0.443, coverage_best: (p=13, n=1, P=66, N=25)
2026-04-14 12:04:10,222 - INFO - Regula po iteracji 3: IF wall_index >= 1.59 AND age <= 64.00 AND age <= 62.50 AND wall_index >= 1.65 THEN class = {14.00} [-2.36, 30.36], (p=13, n=1, P=66, N=25)
2026-04-14 12:04:10,222 - INFO - *****GROWING RR RULE*****
2026-04-14 12:04:10,267 - INFO - Iteracja 0: condition_best: None, quality_best: -inf, coverage_best: (p=0, n=0, P=0, N=0), p_value: 0
2026-04-14 12:04:10,267 - INFO - Regula po iteracji 0: IF  THEN class = {20.23} [4.21, 36.25], (p=53, n=38, P=53, N=38)
2026-04-14 12:04:10,268 - INFO - *****STOP GROWING RR RULE*****
2026-04-14 12:04:10,268 - INFO - ***RR NOT FOUND***
2026-04-14 12:04:10,274 - INFO - Iteracja 4: condition_best: wall_index >= 1.67, quality_best: 0.425, coverage_best: (p=12, n=1, P=66, N=25)
2026-04-14 12:04:10,274 - INFO - Regula po iteracji 4: IF wall_index >= 1.59 AND age <= 64.00 AND age <= 62.50 AND wall_index >= 1.65 AND wall_index >= 1.67 THEN class = {12.85} [-3.57, 29.26], (p=12, n=1, P=66, N=25)
2026-04-14 12:04:10,274 - INFO - *****GROWING RR RULE*****
2026-04-14 12:04:10,342 - INFO - Iteracja 0: condition_best: None, quality_best: -inf, coverage_best: (p=0, n=0, P=0, N=0), p_value: 0
2026-04-14 12:04:10,342 - INFO - Regula po iteracji 0: IF  THEN class = {20.23} [4.21, 36.25], (p=53, n=38, P=53, N=38)
2026-04-14 12:04:10,342 - INFO - *****STOP GROWING RR RULE*****
2026-04-14 12:04:10,342 - INFO - ***RR NOT FOUND***
2026-04-14 12:04:10,343 - INFO - *******STOP GROWING CR RULE*******
2026-04-14 12:04:10,343 - INFO - *******GROWING CR RULE*******
2026-04-14 12:04:10,368 - INFO - Iteracja 0: condition_best: wall_index >= 1.59, quality_best: 0.464, coverage_best: (p=22, n=2, P=66, N=25)
2026-04-14 12:04:10,368 - INFO - Regula po iteracji 0: IF wall_index >= 1.59 THEN class = {14.29} [-1.81, 30.39], (p=22, n=2, P=66, N=25)
2026-04-14 12:04:10,368 - INFO - *****GROWING RR RULE*****
2026-04-14 12:04:10,413 - INFO - Iteracja 0: condition_best: None, quality_best: -inf, coverage_best: (p=0, n=0, P=0, N=0), p_value: 0
2026-04-14 12:04:10,413 - INFO - Regula po iteracji 0: IF  THEN class = {20.23} [4.21, 36.25], (p=53, n=38, P=53, N=38)
2026-04-14 12:04:10,413 - INFO - *****STOP GROWING RR RULE*****
2026-04-14 12:04:10,413 - INFO - ***RR NOT FOUND***
2026-04-14 12:04:10,422 - INFO - Iteracja 1: condition_best: age <= 71.00, quality_best: 0.45, coverage_best: (p=21, n=2, P=66, N=25)
2026-04-14 12:04:10,422 - INFO - Regula po iteracji 1: IF wall_index >= 1.59 AND age <= 71.00 THEN class = {14.09} [-2.33, 30.50], (p=21, n=2, P=66, N=25)
2026-04-14 12:04:10,422 - INFO - *****GROWING RR RULE*****
2026-04-14 12:04:10,467 - INFO - Iteracja 0: condition_best: None, quality_best: -inf, coverage_best: (p=0, n=0, P=0, N=0), p_value: 0
2026-04-14 12:04:10,467 - INFO - Regula po iteracji 0: IF  THEN class = {20.23} [4.21, 36.25], (p=53, n=38, P=53, N=38)
2026-04-14 12:04:10,468 - INFO - *****STOP GROWING RR RULE*****
2026-04-14 12:04:10,468 - INFO - ***RR NOT FOUND***
2026-04-14 12:04:10,476 - INFO - Iteracja 2: condition_best: wall_score <= 22.25, quality_best: 0.488, coverage_best: (p=16, n=1, P=66, N=25)
2026-04-14 12:04:10,476 - INFO - Regula po iteracji 2: IF wall_index >= 1.59 AND age <= 71.00 AND wall_score <= 22.25 THEN class = {15.12} [-0.02, 30.26], (p=16, n=1, P=66, N=25)
2026-04-14 12:04:10,476 - INFO - *****GROWING RR RULE*****
2026-04-14 12:04:10,521 - INFO - Iteracja 0: condition_best: None, quality_best: -inf, coverage_best: (p=0, n=0, P=0, N=0), p_value: 0
2026-04-14 12:04:10,522 - INFO - Regula po iteracji 0: IF  THEN class = {20.23} [4.21, 36.25], (p=53, n=38, P=53, N=38)
2026-04-14 12:04:10,522 - INFO - *****STOP GROWING RR RULE*****
2026-04-14 12:04:10,522 - INFO - ***RR NOT FOUND***
2026-04-14 12:04:10,529 - INFO - Iteracja 3: condition_best: epss <= 29.00, quality_best: 0.474, coverage_best: (p=15, n=1, P=66, N=25)
2026-04-14 12:04:10,529 - INFO - Regula po iteracji 3: IF wall_index >= 1.59 AND age <= 71.00 AND wall_score <= 22.25 AND epss <= 29.00 THEN class = {14.44} [-0.92, 29.79], (p=15, n=1, P=66, N=25)
2026-04-14 12:04:10,529 - INFO - *****GROWING RR RULE*****
2026-04-14 12:04:10,576 - INFO - Iteracja 0: condition_best: None, quality_best: -inf, coverage_best: (p=0, n=0, P=0, N=0), p_value: 0
2026-04-14 12:04:10,577 - INFO - Regula po iteracji 0: IF  THEN class = {20.23} [4.21, 36.25], (p=53, n=38, P=53, N=38)
2026-04-14 12:04:10,577 - INFO - *****STOP GROWING RR RULE*****
2026-04-14 12:04:10,577 - INFO - ***RR NOT FOUND***
2026-04-14 12:04:10,583 - INFO - Iteracja 4: condition_best: wall_score >= 8.00, quality_best: 0.459, coverage_best: (p=14, n=1, P=66, N=25)
2026-04-14 12:04:10,583 - INFO - Regula po iteracji 4: IF wall_index >= 1.59 AND age <= 71.00 AND wall_score <= 22.25 AND epss <= 29.00 AND wall_score >= 8.00 THEN class = {15.20} [-0.36, 30.76], (p=14, n=1, P=66, N=25)
2026-04-14 12:04:10,584 - INFO - *****GROWING RR RULE*****
2026-04-14 12:04:10,629 - INFO - Iteracja 0: condition_best: None, quality_best: -inf, coverage_best: (p=0, n=0, P=0, N=0), p_value: 0
2026-04-14 12:04:10,629 - INFO - Regula po iteracji 0: IF  THEN class = {20.23} [4.21, 36.25], (p=53, n=38, P=53, N=38)
2026-04-14 12:04:10,629 - INFO - *****STOP GROWING RR RULE*****
2026-04-14 12:04:10,629 - INFO - ***RR NOT FOUND***
2026-04-14 12:04:10,629 - INFO - *******STOP GROWING CR RULE*******
2026-04-14 12:04:10,630 - INFO - *******GROWING CR RULE*******
2026-04-14 12:04:10,654 - INFO - Iteracja 0: condition_best: wall_index >= 1.38, quality_best: 0.455, coverage_best: (p=33, n=4, P=66, N=25)
2026-04-14 12:04:10,654 - INFO - Regula po iteracji 0: IF wall_index >= 1.38 THEN class = {13.65} [-2.72, 30.02], (p=33, n=4, P=66, N=25)
2026-04-14 12:04:10,654 - INFO - *****GROWING RR RULE*****
2026-04-14 12:04:10,699 - INFO - Iteracja 0: condition_best: None, quality_best: -inf, coverage_best: (p=0, n=0, P=0, N=0), p_value: 0
2026-04-14 12:04:10,699 - INFO - Regula po iteracji 0: IF  THEN class = {20.23} [4.21, 36.25], (p=53, n=38, P=53, N=38)
2026-04-14 12:04:10,699 - INFO - *****STOP GROWING RR RULE*****
2026-04-14 12:04:10,699 - INFO - ***RR NOT FOUND***
2026-04-14 12:04:10,713 - INFO - Iteracja 1: condition_best: wall_score <= 22.75, quality_best: 0.474, coverage_best: (p=29, n=3, P=66, N=25)
2026-04-14 12:04:10,713 - INFO - Regula po iteracji 1: IF wall_index >= 1.38 AND wall_score <= 22.75 THEN class = {14.09} [-1.36, 29.54], (p=29, n=3, P=66, N=25)
2026-04-14 12:04:10,713 - INFO - *****GROWING RR RULE*****
2026-04-14 12:04:10,758 - INFO - Iteracja 0: condition_best: None, quality_best: -inf, coverage_best: (p=0, n=0, P=0, N=0), p_value: 0
2026-04-14 12:04:10,758 - INFO - Regula po iteracji 0: IF  THEN class = {20.23} [4.21, 36.25], (p=53, n=38, P=53, N=38)
2026-04-14 12:04:10,758 - INFO - *****STOP GROWING RR RULE*****
2026-04-14 12:04:10,758 - INFO - ***RR NOT FOUND***
2026-04-14 12:04:10,770 - INFO - Iteracja 2: condition_best: age <= 81.50, quality_best: 0.461, coverage_best: (p=28, n=3, P=66, N=25)
2026-04-14 12:04:10,770 - INFO - Regula po iteracji 2: IF wall_index >= 1.38 AND wall_score <= 22.75 AND age <= 81.50 THEN class = {14.55} [-0.94, 30.03], (p=28, n=3, P=66, N=25)
2026-04-14 12:04:10,771 - INFO - *****GROWING RR RULE*****
2026-04-14 12:04:10,815 - INFO - Iteracja 0: condition_best: None, quality_best: -inf, coverage_best: (p=0, n=0, P=0, N=0), p_value: 0
2026-04-14 12:04:10,815 - INFO - Regula po iteracji 0: IF  THEN class = {20.23} [4.21, 36.25], (p=53, n=38, P=53, N=38)
2026-04-14 12:04:10,815 - INFO - *****STOP GROWING RR RULE*****
2026-04-14 12:04:10,815 - INFO - ***RR NOT FOUND***
2026-04-14 12:04:10,827 - INFO - Iteracja 3: condition_best: age <= 75.50, quality_best: 0.448, coverage_best: (p=27, n=3, P=66, N=25)
2026-04-14 12:04:10,827 - INFO - Regula po iteracji 3: IF wall_index >= 1.38 AND wall_score <= 22.75 AND age <= 81.50 AND age <= 75.50 THEN class = {15.03} [-0.47, 30.54], (p=27, n=3, P=66, N=25)
2026-04-14 12:04:10,827 - INFO - *****GROWING RR RULE*****
2026-04-14 12:04:10,871 - INFO - Iteracja 0: condition_best: None, quality_best: -inf, coverage_best: (p=0, n=0, P=0, N=0), p_value: 0
2026-04-14 12:04:10,872 - INFO - Regula po iteracji 0: IF  THEN class = {20.23} [4.21, 36.25], (p=53, n=38, P=53, N=38)
2026-04-14 12:04:10,872 - INFO - *****STOP GROWING RR RULE*****
2026-04-14 12:04:10,872 - INFO - ***RR NOT FOUND***
2026-04-14 12:04:10,883 - INFO - Iteracja 4: condition_best: epss <= 30.50, quality_best: 0.435, coverage_best: (p=26, n=3, P=66, N=25)
2026-04-14 12:04:10,883 - INFO - Regula po iteracji 4: IF wall_index >= 1.38 AND wall_score <= 22.75 AND age <= 81.50 AND age <= 75.50 AND epss <= 30.50 THEN class = {15.10} [-0.67, 30.87], (p=26, n=3, P=66, N=25)
2026-04-14 12:04:10,884 - INFO - *****GROWING RR RULE*****
2026-04-14 12:04:10,928 - INFO - Iteracja 0: condition_best: None, quality_best: -inf, coverage_best: (p=0, n=0, P=0, N=0), p_value: 0
2026-04-14 12:04:10,928 - INFO - Regula po iteracji 0: IF  THEN class = {20.23} [4.21, 36.25], (p=53, n=38, P=53, N=38)
2026-04-14 12:04:10,928 - INFO - *****STOP GROWING RR RULE*****
2026-04-14 12:04:10,928 - INFO - ***RR NOT FOUND***
2026-04-14 12:04:10,928 - INFO - *******STOP GROWING CR RULE*******
2026-04-14 12:04:10,929 - INFO - *******GROWING CR RULE*******
2026-04-14 12:04:10,953 - INFO - Iteracja 0: condition_best: wall_score >= 14.75, quality_best: 0.371, coverage_best: (p=29, n=4, P=68, N=23)
2026-04-14 12:04:10,953 - INFO - Regula po iteracji 0: IF wall_score >= 14.75 THEN class = {14.55} [-2.11, 31.20], (p=29, n=4, P=68, N=23)
2026-04-14 12:04:10,953 - INFO - *****GROWING RR RULE*****
2026-04-14 12:04:10,997 - INFO - Iteracja 0: condition_best: None, quality_best: -inf, coverage_best: (p=0, n=0, P=0, N=0), p_value: 0
2026-04-14 12:04:10,997 - INFO - Regula po iteracji 0: IF  THEN class = {20.23} [4.21, 36.25], (p=53, n=38, P=53, N=38)
2026-04-14 12:04:10,997 - INFO - *****STOP GROWING RR RULE*****
2026-04-14 12:04:10,997 - INFO - ***RR NOT FOUND***
2026-04-14 12:04:11,010 - INFO - Iteracja 1: condition_best: age <= 69.50, quality_best: 0.421, coverage_best: (p=25, n=3, P=66, N=25)
2026-04-14 12:04:11,011 - INFO - Regula po iteracji 1: IF wall_score >= 14.75 AND age <= 69.50 THEN class = {14.32} [-1.77, 30.41], (p=25, n=3, P=66, N=25)
2026-04-14 12:04:11,011 - INFO - *****GROWING RR RULE*****
2026-04-14 12:04:11,055 - INFO - Iteracja 0: condition_best: None, quality_best: -inf, coverage_best: (p=0, n=0, P=0, N=0), p_value: 0
2026-04-14 12:04:11,055 - INFO - Regula po iteracji 0: IF  THEN class = {20.23} [4.21, 36.25], (p=53, n=38, P=53, N=38)
2026-04-14 12:04:11,055 - INFO - *****STOP GROWING RR RULE*****
2026-04-14 12:04:11,055 - INFO - ***RR NOT FOUND***
2026-04-14 12:04:11,066 - INFO - Iteracja 2: condition_best: still_alive = {0}, quality_best: 0.423, coverage_best: (p=12, n=2, P=50, N=41)
2026-04-14 12:04:11,066 - INFO - Regula po iteracji 2: IF wall_score >= 14.75 AND age <= 69.50 AND still_alive = {0} THEN class = {25.93} [11.89, 39.97], (p=12, n=2, P=50, N=41)
2026-04-14 12:04:11,067 - INFO - *****GROWING RR RULE*****
2026-04-14 12:04:11,111 - INFO - Iteracja 0: condition_best: None, quality_best: -inf, coverage_best: (p=0, n=0, P=0, N=0), p_value: 0
2026-04-14 12:04:11,111 - INFO - Regula po iteracji 0: IF  THEN class = {20.23} [4.21, 36.25], (p=53, n=38, P=53, N=38)
2026-04-14 12:04:11,111 - INFO - *****STOP GROWING RR RULE*****
2026-04-14 12:04:11,111 - INFO - ***RR NOT FOUND***
2026-04-14 12:04:11,118 - INFO - Iteracja 3: condition_best: wall_score <= 17.75, quality_best: 0.459, coverage_best: (p=8, n=1, P=45, N=46)
2026-04-14 12:04:11,118 - INFO - Regula po iteracji 3: IF wall_score >= 14.75 AND age <= 69.50 AND still_alive = {0} AND wall_score <= 17.75 THEN class = {27.11} [14.75, 39.47], (p=8, n=1, P=45, N=46)
2026-04-14 12:04:11,118 - INFO - *****GROWING RR RULE*****
2026-04-14 12:04:11,163 - INFO - Iteracja 0: condition_best: None, quality_best: -inf, coverage_best: (p=0, n=0, P=0, N=0), p_value: 0
2026-04-14 12:04:11,163 - INFO - Regula po iteracji 0: IF  THEN class = {20.23} [4.21, 36.25], (p=53, n=38, P=53, N=38)
2026-04-14 12:04:11,163 - INFO - *****STOP GROWING RR RULE*****
2026-04-14 12:04:11,163 - INFO - ***RR NOT FOUND***
2026-04-14 12:04:11,167 - INFO - Iteracja 4: condition_best: wall_index <= 1.56, quality_best: 0.392, coverage_best: (p=6, n=1, P=48, N=43)
2026-04-14 12:04:11,167 - INFO - Regula po iteracji 4: IF wall_score >= 14.75 AND age <= 69.50 AND still_alive = {0} AND wall_score <= 17.75 AND wall_index <= 1.56 THEN class = {28.00} [14.37, 41.63], (p=6, n=1, P=48, N=43)
2026-04-14 12:04:11,167 - INFO - *****GROWING RR RULE*****
2026-04-14 12:04:11,216 - INFO - Iteracja 0: condition_best: None, quality_best: -inf, coverage_best: (p=0, n=0, P=0, N=0), p_value: 0
2026-04-14 12:04:11,216 - INFO - Regula po iteracji 0: IF  THEN class = {20.23} [4.21, 36.25], (p=53, n=38, P=53, N=38)
2026-04-14 12:04:11,216 - INFO - *****STOP GROWING RR RULE*****
2026-04-14 12:04:11,216 - INFO - ***RR NOT FOUND***
2026-04-14 12:04:11,217 - INFO - *******STOP GROWING CR RULE*******
2026-04-14 12:04:11,217 - INFO - *******GROWING CR RULE*******
2026-04-14 12:04:11,241 - INFO - Iteracja 0: condition_best: lvdd <= 4.55, quality_best: 0.343, coverage_best: (p=27, n=9, P=50, N=41)
2026-04-14 12:04:11,241 - INFO - Regula po iteracji 0: IF lvdd <= 4.55 THEN class = {25.22} [11.17, 39.27], (p=27, n=9, P=50, N=41)
2026-04-14 12:04:11,241 - INFO - *****GROWING RR RULE*****
2026-04-14 12:04:11,286 - INFO - Iteracja 0: condition_best: None, quality_best: -inf, coverage_best: (p=0, n=0, P=0, N=0), p_value: 0
2026-04-14 12:04:11,286 - INFO - Regula po iteracji 0: IF  THEN class = {20.23} [4.21, 36.25], (p=53, n=38, P=53, N=38)
2026-04-14 12:04:11,286 - INFO - *****STOP GROWING RR RULE*****
2026-04-14 12:04:11,286 - INFO - ***RR NOT FOUND***
2026-04-14 12:04:11,298 - INFO - Iteracja 1: condition_best: wall_score <= 13.50, quality_best: 0.57, coverage_best: (p=10, n=1, P=31, N=60)
2026-04-14 12:04:11,298 - INFO - Regula po iteracji 1: IF lvdd <= 4.55 AND wall_score <= 13.50 THEN class = {32.27} [24.42, 40.12], (p=10, n=1, P=31, N=60)
2026-04-14 12:04:11,298 - INFO - *****GROWING RR RULE*****
2026-04-14 12:04:11,343 - INFO - Iteracja 0: condition_best: None, quality_best: -inf, coverage_best: (p=0, n=0, P=0, N=0), p_value: 0
2026-04-14 12:04:11,343 - INFO - Regula po iteracji 0: IF  THEN class = {20.23} [4.21, 36.25], (p=53, n=38, P=53, N=38)
2026-04-14 12:04:11,343 - INFO - *****STOP GROWING RR RULE*****
2026-04-14 12:04:11,343 - INFO - ***RR NOT FOUND***
2026-04-14 12:04:11,347 - INFO - Iteracja 2: condition_best: still_alive = {0}, quality_best: 0.57, coverage_best: (p=10, n=1, P=31, N=60)
2026-04-14 12:04:11,347 - INFO - Regula po iteracji 2: IF lvdd <= 4.55 AND wall_score <= 13.50 AND still_alive = {0} THEN class = {32.27} [24.42, 40.12], (p=10, n=1, P=31, N=60)
2026-04-14 12:04:11,348 - INFO - *****GROWING RR RULE*****
2026-04-14 12:04:11,392 - INFO - Iteracja 0: condition_best: None, quality_best: -inf, coverage_best: (p=0, n=0, P=0, N=0), p_value: 0
2026-04-14 12:04:11,392 - INFO - Regula po iteracji 0: IF  THEN class = {20.23} [4.21, 36.25], (p=53, n=38, P=53, N=38)
2026-04-14 12:04:11,393 - INFO - *****STOP GROWING RR RULE*****
2026-04-14 12:04:11,393 - INFO - ***RR NOT FOUND***
2026-04-14 12:04:11,397 - INFO - Iteracja 3: condition_best: pericardial = {0}, quality_best: 0.57, coverage_best: (p=10, n=1, P=31, N=60)
2026-04-14 12:04:11,397 - INFO - Regula po iteracji 3: IF lvdd <= 4.55 AND wall_score <= 13.50 AND still_alive = {0} AND pericardial = {0} THEN class = {32.27} [24.42, 40.12], (p=10, n=1, P=31, N=60)
2026-04-14 12:04:11,397 - INFO - *****GROWING RR RULE*****
2026-04-14 12:04:11,442 - INFO - Iteracja 0: condition_best: None, quality_best: -inf, coverage_best: (p=0, n=0, P=0, N=0), p_value: 0
2026-04-14 12:04:11,442 - INFO - Regula po iteracji 0: IF  THEN class = {20.23} [4.21, 36.25], (p=53, n=38, P=53, N=38)
2026-04-14 12:04:11,443 - INFO - *****STOP GROWING RR RULE*****
2026-04-14 12:04:11,443 - INFO - ***RR NOT FOUND***
2026-04-14 12:04:11,447 - INFO - Iteracja 4: condition_best: age <= 67.00, quality_best: 0.547, coverage_best: (p=9, n=1, P=31, N=60)
2026-04-14 12:04:11,447 - INFO - Regula po iteracji 4: IF lvdd <= 4.55 AND wall_score <= 13.50 AND still_alive = {0} AND pericardial = {0} AND age <= 67.00 THEN class = {32.90} [24.93, 40.87], (p=9, n=1, P=31, N=60)
2026-04-14 12:04:11,447 - INFO - *****GROWING RR RULE*****
2026-04-14 12:04:11,492 - INFO - Iteracja 0: condition_best: None, quality_best: -inf, coverage_best: (p=0, n=0, P=0, N=0), p_value: 0
2026-04-14 12:04:11,492 - INFO - Regula po iteracji 0: IF  THEN class = {20.23} [4.21, 36.25], (p=53, n=38, P=53, N=38)
2026-04-14 12:04:11,492 - INFO - *****STOP GROWING RR RULE*****
2026-04-14 12:04:11,492 - INFO - ***RR NOT FOUND***
2026-04-14 12:04:11,492 - INFO - *******STOP GROWING CR RULE*******
2026-04-14 12:04:11,493 - INFO - *******GROWING CR RULE*******
2026-04-14 12:04:11,517 - INFO - Iteracja 0: condition_best: lvdd <= 4.55, quality_best: 0.343, coverage_best: (p=27, n=9, P=50, N=41)
2026-04-14 12:04:11,517 - INFO - Regula po iteracji 0: IF lvdd <= 4.55 THEN class = {25.22} [11.17, 39.27], (p=27, n=9, P=50, N=41)
2026-04-14 12:04:11,517 - INFO - *****GROWING RR RULE*****
2026-04-14 12:04:11,562 - INFO - Iteracja 0: condition_best: None, quality_best: -inf, coverage_best: (p=0, n=0, P=0, N=0), p_value: 0
2026-04-14 12:04:11,562 - INFO - Regula po iteracji 0: IF  THEN class = {20.23} [4.21, 36.25], (p=53, n=38, P=53, N=38)
2026-04-14 12:04:11,562 - INFO - *****STOP GROWING RR RULE*****
2026-04-14 12:04:11,562 - INFO - ***RR NOT FOUND***
2026-04-14 12:04:11,572 - INFO - Iteracja 1: condition_best: epss <= 6.50, quality_best: 0.454, coverage_best: (p=15, n=3, P=44, N=47)
2026-04-14 12:04:11,572 - INFO - Regula po iteracji 1: IF lvdd <= 4.55 AND epss <= 6.50 THEN class = {28.33} [15.75, 40.91], (p=15, n=3, P=44, N=47)
2026-04-14 12:04:11,573 - INFO - *****GROWING RR RULE*****
2026-04-14 12:04:11,617 - INFO - Iteracja 0: condition_best: None, quality_best: -inf, coverage_best: (p=0, n=0, P=0, N=0), p_value: 0
2026-04-14 12:04:11,617 - INFO - Regula po iteracji 0: IF  THEN class = {20.23} [4.21, 36.25], (p=53, n=38, P=53, N=38)
2026-04-14 12:04:11,618 - INFO - *****STOP GROWING RR RULE*****
2026-04-14 12:04:11,618 - INFO - ***RR NOT FOUND***
2026-04-14 12:04:11,624 - INFO - Iteracja 2: condition_best: wall_score <= 20.08, quality_best: 0.487, coverage_best: (p=13, n=2, P=43, N=48)
2026-04-14 12:04:11,624 - INFO - Regula po iteracji 2: IF lvdd <= 4.55 AND epss <= 6.50 AND wall_score <= 20.08 THEN class = {27.20} [15.77, 38.63], (p=13, n=2, P=43, N=48)
2026-04-14 12:04:11,625 - INFO - *****GROWING RR RULE*****
2026-04-14 12:04:11,669 - INFO - Iteracja 0: condition_best: None, quality_best: -inf, coverage_best: (p=0, n=0, P=0, N=0), p_value: 0
2026-04-14 12:04:11,670 - INFO - Regula po iteracji 0: IF  THEN class = {20.23} [4.21, 36.25], (p=53, n=38, P=53, N=38)
2026-04-14 12:04:11,670 - INFO - *****STOP GROWING RR RULE*****
2026-04-14 12:04:11,670 - INFO - ***RR NOT FOUND***
2026-04-14 12:04:11,675 - INFO - Iteracja 3: condition_best: fractional <= 0.32, quality_best: 0.51, coverage_best: (p=10, n=1, P=43, N=48)
2026-04-14 12:04:11,675 - INFO - Regula po iteracji 3: IF lvdd <= 4.55 AND epss <= 6.50 AND wall_score <= 20.08 AND fractional <= 0.32 THEN class = {27.00} [15.44, 38.56], (p=10, n=1, P=43, N=48)
2026-04-14 12:04:11,676 - INFO - *****GROWING RR RULE*****
2026-04-14 12:04:11,721 - INFO - Iteracja 0: condition_best: None, quality_best: -inf, coverage_best: (p=0, n=0, P=0, N=0), p_value: 0
2026-04-14 12:04:11,721 - INFO - Regula po iteracji 0: IF  THEN class = {20.23} [4.21, 36.25], (p=53, n=38, P=53, N=38)
2026-04-14 12:04:11,721 - INFO - *****STOP GROWING RR RULE*****
2026-04-14 12:04:11,721 - INFO - ***RR NOT FOUND***
2026-04-14 12:04:11,725 - INFO - Iteracja 4: condition_best: lvdd <= 4.46, quality_best: 0.49, coverage_best: (p=9, n=1, P=43, N=48)
2026-04-14 12:04:11,725 - INFO - Regula po iteracji 4: IF lvdd <= 4.55 AND epss <= 6.50 AND wall_score <= 20.08 AND fractional <= 0.32 AND lvdd <= 4.46 THEN class = {27.70} [15.80, 39.60], (p=9, n=1, P=43, N=48)
2026-04-14 12:04:11,725 - INFO - *****GROWING RR RULE*****
2026-04-14 12:04:11,770 - INFO - Iteracja 0: condition_best: None, quality_best: -inf, coverage_best: (p=0, n=0, P=0, N=0), p_value: 0
2026-04-14 12:04:11,770 - INFO - Regula po iteracji 0: IF  THEN class = {20.23} [4.21, 36.25], (p=53, n=38, P=53, N=38)
2026-04-14 12:04:11,770 - INFO - *****STOP GROWING RR RULE*****
2026-04-14 12:04:11,770 - INFO - ***RR NOT FOUND***
2026-04-14 12:04:11,770 - INFO - *******STOP GROWING CR RULE*******
2026-04-14 12:04:11,771 - INFO - *******GROWING CR RULE*******
2026-04-14 12:04:11,794 - INFO - Iteracja 0: condition_best: still_alive = {0}, quality_best: 0.342, coverage_best: (p=38, n=20, P=42, N=49)
2026-04-14 12:04:11,795 - INFO - Regula po iteracji 0: IF still_alive = {0} THEN class = {28.95} [16.91, 40.98], (p=38, n=20, P=42, N=49)
2026-04-14 12:04:11,795 - INFO - *****GROWING RR RULE*****
2026-04-14 12:04:11,841 - INFO - Iteracja 0: condition_best: None, quality_best: -inf, coverage_best: (p=0, n=0, P=0, N=0), p_value: 0
2026-04-14 12:04:11,842 - INFO - Regula po iteracji 0: IF  THEN class = {20.23} [4.21, 36.25], (p=53, n=38, P=53, N=38)
2026-04-14 12:04:11,842 - INFO - *****STOP GROWING RR RULE*****
2026-04-14 12:04:11,842 - INFO - ***RR NOT FOUND***
2026-04-14 12:04:11,860 - INFO - Iteracja 1: condition_best: wall_score <= 12.84, quality_best: 0.598, coverage_best: (p=17, n=3, P=31, N=60)
2026-04-14 12:04:11,860 - INFO - Regula po iteracji 1: IF still_alive = {0} AND wall_score <= 12.84 THEN class = {30.85} [22.24, 39.46], (p=17, n=3, P=31, N=60)
2026-04-14 12:04:11,860 - INFO - *****GROWING RR RULE*****
2026-04-14 12:04:11,905 - INFO - Iteracja 0: condition_best: None, quality_best: -inf, coverage_best: (p=0, n=0, P=0, N=0), p_value: 0
2026-04-14 12:04:11,905 - INFO - Regula po iteracji 0: IF  THEN class = {20.23} [4.21, 36.25], (p=53, n=38, P=53, N=38)
2026-04-14 12:04:11,905 - INFO - *****STOP GROWING RR RULE*****
2026-04-14 12:04:11,905 - INFO - ***RR NOT FOUND***
2026-04-14 12:04:11,912 - INFO - Iteracja 2: condition_best: pericardial = {0}, quality_best: 0.719, coverage_best: (p=16, n=1, P=28, N=63)
2026-04-14 12:04:11,912 - INFO - Regula po iteracji 2: IF still_alive = {0} AND wall_score <= 12.84 AND pericardial = {0} THEN class = {31.24} [24.54, 37.93], (p=16, n=1, P=28, N=63)
2026-04-14 12:04:11,913 - INFO - *****GROWING RR RULE*****
2026-04-14 12:04:11,961 - INFO - Iteracja 0: condition_best: None, quality_best: -inf, coverage_best: (p=0, n=0, P=0, N=0), p_value: 0
2026-04-14 12:04:11,962 - INFO - Regula po iteracji 0: IF  THEN class = {20.23} [4.21, 36.25], (p=53, n=38, P=53, N=38)
2026-04-14 12:04:11,962 - INFO - *****STOP GROWING RR RULE*****
2026-04-14 12:04:11,962 - INFO - ***RR NOT FOUND***
2026-04-14 12:04:11,968 - INFO - Iteracja 3: condition_best: age <= 73.50, quality_best: 0.68, coverage_best: (p=15, n=1, P=30, N=61)
2026-04-14 12:04:11,968 - INFO - Regula po iteracji 3: IF still_alive = {0} AND wall_score <= 12.84 AND pericardial = {0} AND age <= 73.50 THEN class = {31.56} [24.80, 38.33], (p=15, n=1, P=30, N=61)
2026-04-14 12:04:11,968 - INFO - *****GROWING RR RULE*****
2026-04-14 12:04:12,015 - INFO - Iteracja 0: condition_best: None, quality_best: -inf, coverage_best: (p=0, n=0, P=0, N=0), p_value: 0
2026-04-14 12:04:12,015 - INFO - Regula po iteracji 0: IF  THEN class = {20.23} [4.21, 36.25], (p=53, n=38, P=53, N=38)
2026-04-14 12:04:12,015 - INFO - *****STOP GROWING RR RULE*****
2026-04-14 12:04:12,015 - INFO - ***RR NOT FOUND***
2026-04-14 12:04:12,021 - INFO - Iteracja 4: condition_best: fractional <= 0.37, quality_best: 0.66, coverage_best: (p=14, n=1, P=30, N=61)
2026-04-14 12:04:12,021 - INFO - Regula po iteracji 4: IF still_alive = {0} AND wall_score <= 12.84 AND pericardial = {0} AND age <= 73.50 AND fractional <= 0.37 THEN class = {31.87} [24.99, 38.75], (p=14, n=1, P=30, N=61)
2026-04-14 12:04:12,021 - INFO - *****GROWING RR RULE*****
2026-04-14 12:04:12,070 - INFO - Iteracja 0: condition_best: None, quality_best: -inf, coverage_best: (p=0, n=0, P=0, N=0), p_value: 0
2026-04-14 12:04:12,070 - INFO - Regula po iteracji 0: IF  THEN class = {20.23} [4.21, 36.25], (p=53, n=38, P=53, N=38)
2026-04-14 12:04:12,070 - INFO - *****STOP GROWING RR RULE*****
2026-04-14 12:04:12,070 - INFO - ***RR NOT FOUND***
2026-04-14 12:04:12,070 - INFO - *******STOP GROWING CR RULE*******
2026-04-14 12:04:12,071 - INFO - *******GROWING CR RULE*******
2026-04-14 12:04:12,094 - INFO - Iteracja 0: condition_best: still_alive = {0}, quality_best: 0.342, coverage_best: (p=38, n=20, P=42, N=49)
2026-04-14 12:04:12,094 - INFO - Regula po iteracji 0: IF still_alive = {0} THEN class = {28.95} [16.91, 40.98], (p=38, n=20, P=42, N=49)
2026-04-14 12:04:12,095 - INFO - *****GROWING RR RULE*****
2026-04-14 12:04:12,141 - INFO - Iteracja 0: condition_best: None, quality_best: -inf, coverage_best: (p=0, n=0, P=0, N=0), p_value: 0
2026-04-14 12:04:12,142 - INFO - Regula po iteracji 0: IF  THEN class = {20.23} [4.21, 36.25], (p=53, n=38, P=53, N=38)
2026-04-14 12:04:12,142 - INFO - *****STOP GROWING RR RULE*****
2026-04-14 12:04:12,142 - INFO - ***RR NOT FOUND***
2026-04-14 12:04:12,159 - INFO - Iteracja 1: condition_best: wall_score <= 13.59, quality_best: 0.562, coverage_best: (p=20, n=5, P=32, N=59)
2026-04-14 12:04:12,159 - INFO - Regula po iteracji 1: IF still_alive = {0} AND wall_score <= 13.59 THEN class = {30.04} [21.43, 38.65], (p=20, n=5, P=32, N=59)
2026-04-14 12:04:12,159 - INFO - *****GROWING RR RULE*****
2026-04-14 12:04:12,206 - INFO - Iteracja 0: condition_best: None, quality_best: -inf, coverage_best: (p=0, n=0, P=0, N=0), p_value: 0
2026-04-14 12:04:12,206 - INFO - Regula po iteracji 0: IF  THEN class = {20.23} [4.21, 36.25], (p=53, n=38, P=53, N=38)
2026-04-14 12:04:12,206 - INFO - *****STOP GROWING RR RULE*****
2026-04-14 12:04:12,206 - INFO - ***RR NOT FOUND***
2026-04-14 12:04:12,215 - INFO - Iteracja 2: condition_best: fractional >= 0.13, quality_best: 0.64, coverage_best: (p=19, n=3, P=31, N=60)
2026-04-14 12:04:12,215 - INFO - Regula po iteracji 2: IF still_alive = {0} AND wall_score <= 13.59 AND fractional >= 0.13 THEN class = {31.36} [23.63, 39.10], (p=19, n=3, P=31, N=60)
2026-04-14 12:04:12,215 - INFO - *****GROWING RR RULE*****
2026-04-14 12:04:12,260 - INFO - Iteracja 0: condition_best: None, quality_best: -inf, coverage_best: (p=0, n=0, P=0, N=0), p_value: 0
2026-04-14 12:04:12,260 - INFO - Regula po iteracji 0: IF  THEN class = {20.23} [4.21, 36.25], (p=53, n=38, P=53, N=38)
2026-04-14 12:04:12,260 - INFO - *****STOP GROWING RR RULE*****
2026-04-14 12:04:12,260 - INFO - ***RR NOT FOUND***
2026-04-14 12:04:12,267 - INFO - Iteracja 3: condition_best: lvdd >= 4.05, quality_best: 0.628, coverage_best: (p=15, n=2, P=29, N=62)
2026-04-14 12:04:12,267 - INFO - Regula po iteracji 3: IF still_alive = {0} AND wall_score <= 13.59 AND fractional >= 0.13 AND lvdd >= 4.05 THEN class = {30.47} [23.74, 37.20], (p=15, n=2, P=29, N=62)
2026-04-14 12:04:12,268 - INFO - *****GROWING RR RULE*****
2026-04-14 12:04:12,312 - INFO - Iteracja 0: condition_best: None, quality_best: -inf, coverage_best: (p=0, n=0, P=0, N=0), p_value: 0
2026-04-14 12:04:12,312 - INFO - Regula po iteracji 0: IF  THEN class = {20.23} [4.21, 36.25], (p=53, n=38, P=53, N=38)
2026-04-14 12:04:12,313 - INFO - *****STOP GROWING RR RULE*****
2026-04-14 12:04:12,313 - INFO - ***RR NOT FOUND***
2026-04-14 12:04:12,319 - INFO - Iteracja 4: condition_best: wall_score <= 13.25, quality_best: 0.615, coverage_best: (p=14, n=2, P=28, N=63)
2026-04-14 12:04:12,319 - INFO - Regula po iteracji 4: IF still_alive = {0} AND wall_score <= 13.59 AND fractional >= 0.13 AND lvdd >= 4.05 AND wall_score <= 13.25 THEN class = {30.88} [24.14, 37.61], (p=14, n=2, P=28, N=63)
2026-04-14 12:04:12,319 - INFO - *****GROWING RR RULE*****
2026-04-14 12:04:12,364 - INFO - Iteracja 0: condition_best: None, quality_best: -inf, coverage_best: (p=0, n=0, P=0, N=0), p_value: 0
2026-04-14 12:04:12,364 - INFO - Regula po iteracji 0: IF  THEN class = {20.23} [4.21, 36.25], (p=53, n=38, P=53, N=38)
2026-04-14 12:04:12,364 - INFO - *****STOP GROWING RR RULE*****
2026-04-14 12:04:12,364 - INFO - ***RR NOT FOUND***
2026-04-14 12:04:12,364 - INFO - *******STOP GROWING CR RULE*******
2026-04-14 12:04:12,365 - INFO - *******GROWING CR RULE*******
2026-04-14 12:04:12,388 - INFO - Iteracja 0: condition_best: still_alive = {0}, quality_best: 0.342, coverage_best: (p=38, n=20, P=42, N=49)
2026-04-14 12:04:12,388 - INFO - Regula po iteracji 0: IF still_alive = {0} THEN class = {28.95} [16.91, 40.98], (p=38, n=20, P=42, N=49)
2026-04-14 12:04:12,388 - INFO - *****GROWING RR RULE*****
2026-04-14 12:04:12,435 - INFO - Iteracja 0: condition_best: None, quality_best: -inf, coverage_best: (p=0, n=0, P=0, N=0), p_value: 0
2026-04-14 12:04:12,435 - INFO - Regula po iteracji 0: IF  THEN class = {20.23} [4.21, 36.25], (p=53, n=38, P=53, N=38)
2026-04-14 12:04:12,435 - INFO - *****STOP GROWING RR RULE*****
2026-04-14 12:04:12,435 - INFO - ***RR NOT FOUND***
2026-04-14 12:04:12,452 - INFO - Iteracja 1: condition_best: wall_score <= 16.25, quality_best: 0.428, coverage_best: (p=33, n=14, P=40, N=51)
2026-04-14 12:04:12,452 - INFO - Regula po iteracji 1: IF still_alive = {0} AND wall_score <= 16.25 THEN class = {29.74} [18.96, 40.53], (p=33, n=14, P=40, N=51)
2026-04-14 12:04:12,453 - INFO - *****GROWING RR RULE*****
2026-04-14 12:04:12,500 - INFO - Iteracja 0: condition_best: None, quality_best: -inf, coverage_best: (p=0, n=0, P=0, N=0), p_value: 0
2026-04-14 12:04:12,500 - INFO - Regula po iteracji 0: IF  THEN class = {20.23} [4.21, 36.25], (p=53, n=38, P=53, N=38)
2026-04-14 12:04:12,500 - INFO - *****STOP GROWING RR RULE*****
2026-04-14 12:04:12,500 - INFO - ***RR NOT FOUND***
2026-04-14 12:04:12,514 - INFO - Iteracja 2: condition_best: lvdd <= 5.53, quality_best: 0.486, coverage_best: (p=31, n=11, P=39, N=52)
2026-04-14 12:04:12,514 - INFO - Regula po iteracji 2: IF still_alive = {0} AND wall_score <= 16.25 AND lvdd <= 5.53 THEN class = {29.31} [18.92, 39.70], (p=31, n=11, P=39, N=52)
2026-04-14 12:04:12,515 - INFO - *****GROWING RR RULE*****
2026-04-14 12:04:12,559 - INFO - Iteracja 0: condition_best: None, quality_best: -inf, coverage_best: (p=0, n=0, P=0, N=0), p_value: 0
2026-04-14 12:04:12,560 - INFO - Regula po iteracji 0: IF  THEN class = {20.23} [4.21, 36.25], (p=53, n=38, P=53, N=38)
2026-04-14 12:04:12,560 - INFO - *****STOP GROWING RR RULE*****
2026-04-14 12:04:12,560 - INFO - ***RR NOT FOUND***
2026-04-14 12:04:12,572 - INFO - Iteracja 3: condition_best: fractional <= 0.28, quality_best: 0.533, coverage_best: (p=21, n=6, P=33, N=58)
2026-04-14 12:04:12,572 - INFO - Regula po iteracji 3: IF still_alive = {0} AND wall_score <= 16.25 AND lvdd <= 5.53 AND fractional <= 0.28 THEN class = {28.33} [19.03, 37.64], (p=21, n=6, P=33, N=58)
2026-04-14 12:04:12,572 - INFO - *****GROWING RR RULE*****
2026-04-14 12:04:12,617 - INFO - Iteracja 0: condition_best: None, quality_best: -inf, coverage_best: (p=0, n=0, P=0, N=0), p_value: 0
2026-04-14 12:04:12,617 - INFO - Regula po iteracji 0: IF  THEN class = {20.23} [4.21, 36.25], (p=53, n=38, P=53, N=38)
2026-04-14 12:04:12,617 - INFO - *****STOP GROWING RR RULE*****
2026-04-14 12:04:12,617 - INFO - ***RR NOT FOUND***
2026-04-14 12:04:12,627 - INFO - Iteracja 4: condition_best: lvdd >= 3.54, quality_best: 0.571, coverage_best: (p=21, n=5, P=33, N=58)
2026-04-14 12:04:12,627 - INFO - Regula po iteracji 4: IF still_alive = {0} AND wall_score <= 16.25 AND lvdd <= 5.53 AND fractional <= 0.28 AND lvdd >= 3.54 THEN class = {28.81} [19.65, 37.96], (p=21, n=5, P=33, N=58)
2026-04-14 12:04:12,627 - INFO - *****GROWING RR RULE*****
2026-04-14 12:04:12,672 - INFO - Iteracja 0: condition_best: None, quality_best: -inf, coverage_best: (p=0, n=0, P=0, N=0), p_value: 0
2026-04-14 12:04:12,672 - INFO - Regula po iteracji 0: IF  THEN class = {20.23} [4.21, 36.25], (p=53, n=38, P=53, N=38)
2026-04-14 12:04:12,672 - INFO - *****STOP GROWING RR RULE*****
2026-04-14 12:04:12,672 - INFO - ***RR NOT FOUND***
2026-04-14 12:04:12,672 - INFO - *******STOP GROWING CR RULE*******
2026-04-14 12:04:12,672 - INFO - *******GROWING CR RULE*******
2026-04-14 12:04:12,696 - INFO - Iteracja 0: condition_best: still_alive = {0}, quality_best: 0.342, coverage_best: (p=38, n=20, P=42, N=49)
2026-04-14 12:04:12,696 - INFO - Regula po iteracji 0: IF still_alive = {0} THEN class = {28.95} [16.91, 40.98], (p=38, n=20, P=42, N=49)
2026-04-14 12:04:12,696 - INFO - *****GROWING RR RULE*****
2026-04-14 12:04:12,743 - INFO - Iteracja 0: condition_best: None, quality_best: -inf, coverage_best: (p=0, n=0, P=0, N=0), p_value: 0
2026-04-14 12:04:12,744 - INFO - Regula po iteracji 0: IF  THEN class = {20.23} [4.21, 36.25], (p=53, n=38, P=53, N=38)
2026-04-14 12:04:12,744 - INFO - *****STOP GROWING RR RULE*****
2026-04-14 12:04:12,744 - INFO - ***RR NOT FOUND***
2026-04-14 12:04:12,761 - INFO - Iteracja 1: condition_best: wall_score <= 16.25, quality_best: 0.428, coverage_best: (p=33, n=14, P=40, N=51)
2026-04-14 12:04:12,762 - INFO - Regula po iteracji 1: IF still_alive = {0} AND wall_score <= 16.25 THEN class = {29.74} [18.96, 40.53], (p=33, n=14, P=40, N=51)
2026-04-14 12:04:12,762 - INFO - *****GROWING RR RULE*****
2026-04-14 12:04:12,809 - INFO - Iteracja 0: condition_best: None, quality_best: -inf, coverage_best: (p=0, n=0, P=0, N=0), p_value: 0
2026-04-14 12:04:12,810 - INFO - Regula po iteracji 0: IF  THEN class = {20.23} [4.21, 36.25], (p=53, n=38, P=53, N=38)
2026-04-14 12:04:12,810 - INFO - *****STOP GROWING RR RULE*****
2026-04-14 12:04:12,810 - INFO - ***RR NOT FOUND***
2026-04-14 12:04:12,824 - INFO - Iteracja 2: condition_best: wall_score >= 7.25, quality_best: 0.467, coverage_best: (p=33, n=13, P=39, N=52)
2026-04-14 12:04:12,824 - INFO - Regula po iteracji 2: IF still_alive = {0} AND wall_score <= 16.25 AND wall_score >= 7.25 THEN class = {29.33} [18.81, 39.84], (p=33, n=13, P=39, N=52)
2026-04-14 12:04:12,824 - INFO - *****GROWING RR RULE*****
2026-04-14 12:04:12,869 - INFO - Iteracja 0: condition_best: None, quality_best: -inf, coverage_best: (p=0, n=0, P=0, N=0), p_value: 0
2026-04-14 12:04:12,869 - INFO - Regula po iteracji 0: IF  THEN class = {20.23} [4.21, 36.25], (p=53, n=38, P=53, N=38)
2026-04-14 12:04:12,869 - INFO - *****STOP GROWING RR RULE*****
2026-04-14 12:04:12,869 - INFO - ***RR NOT FOUND***
2026-04-14 12:04:12,883 - INFO - Iteracja 3: condition_best: epss >= 6.50, quality_best: 0.481, coverage_best: (p=23, n=7, P=38, N=53)
2026-04-14 12:04:12,883 - INFO - Regula po iteracji 3: IF still_alive = {0} AND wall_score <= 16.25 AND wall_score >= 7.25 AND epss >= 6.50 THEN class = {30.43} [19.42, 41.44], (p=23, n=7, P=38, N=53)
2026-04-14 12:04:12,883 - INFO - *****GROWING RR RULE*****
2026-04-14 12:04:12,928 - INFO - Iteracja 0: condition_best: None, quality_best: -inf, coverage_best: (p=0, n=0, P=0, N=0), p_value: 0
2026-04-14 12:04:12,928 - INFO - Regula po iteracji 0: IF  THEN class = {20.23} [4.21, 36.25], (p=53, n=38, P=53, N=38)
2026-04-14 12:04:12,928 - INFO - *****STOP GROWING RR RULE*****
2026-04-14 12:04:12,928 - INFO - ***RR NOT FOUND***
2026-04-14 12:04:12,938 - INFO - Iteracja 4: condition_best: pericardial = {0}, quality_best: 0.509, coverage_best: (p=22, n=6, P=37, N=54)
2026-04-14 12:04:12,938 - INFO - Regula po iteracji 4: IF still_alive = {0} AND wall_score <= 16.25 AND wall_score >= 7.25 AND epss >= 6.50 AND pericardial = {0} THEN class = {31.29} [20.52, 42.06], (p=22, n=6, P=37, N=54)
2026-04-14 12:04:12,939 - INFO - *****GROWING RR RULE*****
2026-04-14 12:04:12,983 - INFO - Iteracja 0: condition_best: None, quality_best: -inf, coverage_best: (p=0, n=0, P=0, N=0), p_value: 0
2026-04-14 12:04:12,984 - INFO - Regula po iteracji 0: IF  THEN class = {20.23} [4.21, 36.25], (p=53, n=38, P=53, N=38)
2026-04-14 12:04:12,984 - INFO - *****STOP GROWING RR RULE*****
2026-04-14 12:04:12,984 - INFO - ***RR NOT FOUND***
2026-04-14 12:04:12,984 - INFO - *******STOP GROWING CR RULE*******
2026-04-14 12:04:12,984 - INFO - *******GROWING CR RULE*******
2026-04-14 12:04:13,007 - INFO - Iteracja 0: condition_best: wall_index <= 1.36, quality_best: 0.284, coverage_best: (p=35, n=15, P=50, N=41)
2026-04-14 12:04:13,007 - INFO - Regula po iteracji 0: IF wall_index <= 1.36 THEN class = {25.10} [11.56, 38.64], (p=35, n=15, P=50, N=41)
2026-04-14 12:04:13,007 - INFO - *****GROWING RR RULE*****
2026-04-14 12:04:13,052 - INFO - Iteracja 0: condition_best: None, quality_best: -inf, coverage_best: (p=0, n=0, P=0, N=0), p_value: 0
2026-04-14 12:04:13,052 - INFO - Regula po iteracji 0: IF  THEN class = {20.23} [4.21, 36.25], (p=53, n=38, P=53, N=38)
2026-04-14 12:04:13,052 - INFO - *****STOP GROWING RR RULE*****
2026-04-14 12:04:13,052 - INFO - ***RR NOT FOUND***
2026-04-14 12:04:13,067 - INFO - Iteracja 1: condition_best: fractional >= 0.06, quality_best: 0.315, coverage_best: (p=32, n=15, P=45, N=46)
2026-04-14 12:04:13,067 - INFO - Regula po iteracji 1: IF wall_index <= 1.36 AND fractional >= 0.06 THEN class = {25.96} [13.10, 38.81], (p=32, n=15, P=45, N=46)
2026-04-14 12:04:13,067 - INFO - *****GROWING RR RULE*****
2026-04-14 12:04:13,112 - INFO - Iteracja 0: condition_best: None, quality_best: -inf, coverage_best: (p=0, n=0, P=0, N=0), p_value: 0
2026-04-14 12:04:13,112 - INFO - Regula po iteracji 0: IF  THEN class = {20.23} [4.21, 36.25], (p=53, n=38, P=53, N=38)
2026-04-14 12:04:13,112 - INFO - *****STOP GROWING RR RULE*****
2026-04-14 12:04:13,112 - INFO - ***RR NOT FOUND***
2026-04-14 12:04:13,126 - INFO - Iteracja 2: condition_best: lvdd <= 5.53, quality_best: 0.335, coverage_best: (p=30, n=13, P=45, N=46)
2026-04-14 12:04:13,126 - INFO - Regula po iteracji 2: IF wall_index <= 1.36 AND fractional >= 0.06 AND lvdd <= 5.53 THEN class = {25.81} [13.15, 38.48], (p=30, n=13, P=45, N=46)
2026-04-14 12:04:13,126 - INFO - *****GROWING RR RULE*****
2026-04-14 12:04:13,171 - INFO - Iteracja 0: condition_best: None, quality_best: -inf, coverage_best: (p=0, n=0, P=0, N=0), p_value: 0
2026-04-14 12:04:13,171 - INFO - Regula po iteracji 0: IF  THEN class = {20.23} [4.21, 36.25], (p=53, n=38, P=53, N=38)
2026-04-14 12:04:13,171 - INFO - *****STOP GROWING RR RULE*****
2026-04-14 12:04:13,171 - INFO - ***RR NOT FOUND***
2026-04-14 12:04:13,183 - INFO - Iteracja 3: condition_best: fractional >= 0.12, quality_best: 0.346, coverage_best: (p=29, n=12, P=45, N=46)
2026-04-14 12:04:13,183 - INFO - Regula po iteracji 3: IF wall_index <= 1.36 AND fractional >= 0.06 AND lvdd <= 5.53 AND fractional >= 0.12 THEN class = {26.37} [13.66, 39.07], (p=29, n=12, P=45, N=46)
2026-04-14 12:04:13,184 - INFO - *****GROWING RR RULE*****
2026-04-14 12:04:13,228 - INFO - Iteracja 0: condition_best: None, quality_best: -inf, coverage_best: (p=0, n=0, P=0, N=0), p_value: 0
2026-04-14 12:04:13,229 - INFO - Regula po iteracji 0: IF  THEN class = {20.23} [4.21, 36.25], (p=53, n=38, P=53, N=38)
2026-04-14 12:04:13,229 - INFO - *****STOP GROWING RR RULE*****
2026-04-14 12:04:13,229 - INFO - ***RR NOT FOUND***
2026-04-14 12:04:13,241 - INFO - Iteracja 4: condition_best: epss <= 20.00, quality_best: 0.359, coverage_best: (p=28, n=11, P=45, N=46)
2026-04-14 12:04:13,241 - INFO - Regula po iteracji 4: IF wall_index <= 1.36 AND fractional >= 0.06 AND lvdd <= 5.53 AND fractional >= 0.12 AND epss <= 20.00 THEN class = {27.18} [14.92, 39.44], (p=28, n=11, P=45, N=46)
2026-04-14 12:04:13,241 - INFO - *****GROWING RR RULE*****
2026-04-14 12:04:13,286 - INFO - Iteracja 0: condition_best: None, quality_best: -inf, coverage_best: (p=0, n=0, P=0, N=0), p_value: 0
2026-04-14 12:04:13,286 - INFO - Regula po iteracji 0: IF  THEN class = {20.23} [4.21, 36.25], (p=53, n=38, P=53, N=38)
2026-04-14 12:04:13,286 - INFO - *****STOP GROWING RR RULE*****
2026-04-14 12:04:13,286 - INFO - ***RR NOT FOUND***
2026-04-14 12:04:13,286 - INFO - *******STOP GROWING CR RULE*******
2026-04-14 12:04:13,287 - INFO - *******GROWING CR RULE*******
2026-04-14 12:04:13,309 - INFO - Iteracja 0: condition_best: lvdd >= 6.76, quality_best: 1.0, coverage_best: (p=1, n=0, P=1, N=90)
2026-04-14 12:04:13,310 - INFO - Regula po iteracji 0: IF lvdd >= 6.76 THEN class = {9.00} [9.00, 9.00], (p=1, n=0, P=1, N=90)
2026-04-14 12:04:13,310 - INFO - *****GROWING RR RULE*****
2026-04-14 12:04:13,355 - INFO - Iteracja 0: condition_best: None, quality_best: -inf, coverage_best: (p=0, n=0, P=0, N=0), p_value: 0
2026-04-14 12:04:13,355 - INFO - Regula po iteracji 0: IF  THEN class = {20.23} [4.21, 36.25], (p=53, n=38, P=53, N=38)
2026-04-14 12:04:13,355 - INFO - *****STOP GROWING RR RULE*****
2026-04-14 12:04:13,355 - INFO - ***RR NOT FOUND***
2026-04-14 12:04:13,356 - INFO - Iteracja 1: condition_best: still_alive = {0}, quality_best: 1.0, coverage_best: (p=1, n=0, P=1, N=90)
2026-04-14 12:04:13,356 - INFO - Regula po iteracji 1: IF lvdd >= 6.76 AND still_alive = {0} THEN class = {9.00} [9.00, 9.00], (p=1, n=0, P=1, N=90)
2026-04-14 12:04:13,356 - INFO - *****GROWING RR RULE*****
2026-04-14 12:04:13,401 - INFO - Iteracja 0: condition_best: None, quality_best: -inf, coverage_best: (p=0, n=0, P=0, N=0), p_value: 0
2026-04-14 12:04:13,401 - INFO - Regula po iteracji 0: IF  THEN class = {20.23} [4.21, 36.25], (p=53, n=38, P=53, N=38)
2026-04-14 12:04:13,401 - INFO - *****STOP GROWING RR RULE*****
2026-04-14 12:04:13,401 - INFO - ***RR NOT FOUND***
2026-04-14 12:04:13,402 - INFO - Iteracja 2: condition_best: pericardial = {0}, quality_best: 1.0, coverage_best: (p=1, n=0, P=1, N=90)
2026-04-14 12:04:13,402 - INFO - Regula po iteracji 2: IF lvdd >= 6.76 AND still_alive = {0} AND pericardial = {0} THEN class = {9.00} [9.00, 9.00], (p=1, n=0, P=1, N=90)
2026-04-14 12:04:13,402 - INFO - *****GROWING RR RULE*****
2026-04-14 12:04:13,447 - INFO - Iteracja 0: condition_best: None, quality_best: -inf, coverage_best: (p=0, n=0, P=0, N=0), p_value: 0
2026-04-14 12:04:13,447 - INFO - Regula po iteracji 0: IF  THEN class = {20.23} [4.21, 36.25], (p=53, n=38, P=53, N=38)
2026-04-14 12:04:13,448 - INFO - *****STOP GROWING RR RULE*****
2026-04-14 12:04:13,448 - INFO - ***RR NOT FOUND***
2026-04-14 12:04:13,448 - INFO - Iteracja 3: condition_best: None, quality_best: -inf, coverage_best: (p=0, n=0, P=0, N=0)
2026-04-14 12:04:13,448 - INFO - Regula po iteracji 3: IF lvdd >= 6.76 AND still_alive = {0} AND pericardial = {0} THEN class = {9.00} [9.00, 9.00], (p=1, n=0, P=1, N=90)
2026-04-14 12:04:13,448 - INFO - *******STOP GROWING CR RULE*******
2026-04-14 12:04:13,458 - INFO - ************************Finished experiment for echomonths.arff with algorithm_rer_with_exceptions************************
2026-04-14 12:04:13,458 - INFO - *************************************************************************************************************************
2026-04-14 12:04:13,458 - INFO - *************************************************************************************************************************
2026-04-14 12:04:13,458 - INFO - *************************************************************************************************************************
2026-04-14 12:04:13,459 - INFO - **********Starting experiment for echomonths.arff with decision_tree**********
2026-04-14 12:04:13,480 - INFO - ************************Finished experiment for echomonths.arff with decision_tree************************
2026-04-14 12:04:13,480 - INFO - *************************************************************************************************************************
2026-04-14 12:04:13,480 - INFO - *************************************************************************************************************************
2026-04-14 12:04:13,480 - INFO - *************************************************************************************************************************
