2026-04-14 12:22:03,068 - INFO - **********Starting experiment for lowbwt.arff with algorithm_rulekit**********
2026-04-14 12:22:03,148 - INFO - ************************Finished experiment for lowbwt.arff with algorithm_rulekit************************
2026-04-14 12:22:03,148 - INFO - *************************************************************************************************************************
2026-04-14 12:22:03,148 - INFO - *************************************************************************************************************************
2026-04-14 12:22:03,149 - INFO - *************************************************************************************************************************
2026-04-14 12:22:03,149 - INFO - **********Starting experiment for lowbwt.arff with algorithm_rer**********
2026-04-14 12:22:03,157 - INFO - *******GROWING CR RULE*******
2026-04-14 12:22:03,174 - INFO - Iteracja 0: condition_best: LOW = {1}, quality_best: 0.841, coverage_best: (p=40, n=5, P=40, N=92)
2026-04-14 12:22:03,174 - INFO - Regula po iteracji 0: IF LOW = {1} THEN class = {2,108.84} [1,722.18, 2,495.51], (p=40, n=5, P=40, N=92)
2026-04-14 12:22:03,179 - INFO - Iteracja 1: condition_best: LWT >= 88.00, quality_best: 0.839, coverage_best: (p=39, n=5, P=39, N=93)
2026-04-14 12:22:03,180 - INFO - Regula po iteracji 1: IF LOW = {1} AND LWT >= 88.00 THEN class = {2,123.27} [1,744.41, 2,502.14], (p=39, n=5, P=39, N=93)
2026-04-14 12:22:03,185 - INFO - Iteracja 2: condition_best: LWT <= 176.00, quality_best: 0.828, coverage_best: (p=37, n=4, P=40, N=92)
2026-04-14 12:22:03,185 - INFO - Regula po iteracji 2: IF LOW = {1} AND LWT >= 88.00 AND LWT <= 176.00 THEN class = {2,113.73} [1,728.11, 2,499.36], (p=37, n=4, P=40, N=92)
2026-04-14 12:22:03,190 - INFO - Iteracja 3: condition_best: AGE <= 30.50, quality_best: 0.8, coverage_best: (p=35, n=4, P=40, N=92)
2026-04-14 12:22:03,190 - INFO - Regula po iteracji 3: IF LOW = {1} AND LWT >= 88.00 AND LWT <= 176.00 AND AGE <= 30.50 THEN class = {2,115.18} [1,724.51, 2,505.85], (p=35, n=4, P=40, N=92)
2026-04-14 12:22:03,195 - INFO - Iteracja 4: condition_best: AGE <= 29.50, quality_best: 0.785, coverage_best: (p=34, n=4, P=40, N=92)
2026-04-14 12:22:03,195 - INFO - Regula po iteracji 4: IF LOW = {1} AND LWT >= 88.00 AND LWT <= 176.00 AND AGE <= 30.50 AND AGE <= 29.50 THEN class = {2,107.42} [1,714.62, 2,500.22], (p=34, n=4, P=40, N=92)
2026-04-14 12:22:03,195 - INFO - *******STOP GROWING CR RULE*******
2026-04-14 12:22:03,196 - INFO - *******GROWING CR RULE*******
2026-04-14 12:22:03,205 - INFO - Iteracja 0: condition_best: LOW = {1}, quality_best: 0.841, coverage_best: (p=40, n=5, P=40, N=92)
2026-04-14 12:22:03,206 - INFO - Regula po iteracji 0: IF LOW = {1} THEN class = {2,108.84} [1,722.18, 2,495.51], (p=40, n=5, P=40, N=92)
2026-04-14 12:22:03,210 - INFO - Iteracja 1: condition_best: LWT >= 88.00, quality_best: 0.839, coverage_best: (p=39, n=5, P=39, N=93)
2026-04-14 12:22:03,211 - INFO - Regula po iteracji 1: IF LOW = {1} AND LWT >= 88.00 THEN class = {2,123.27} [1,744.41, 2,502.14], (p=39, n=5, P=39, N=93)
2026-04-14 12:22:03,215 - INFO - Iteracja 2: condition_best: HT = {0}, quality_best: 0.825, coverage_best: (p=36, n=4, P=39, N=93)
2026-04-14 12:22:03,216 - INFO - Regula po iteracji 2: IF LOW = {1} AND LWT >= 88.00 AND HT = {0} THEN class = {2,124.20} [1,743.10, 2,505.30], (p=36, n=4, P=39, N=93)
2026-04-14 12:22:03,220 - INFO - Iteracja 3: condition_best: AGE <= 31.50, quality_best: 0.811, coverage_best: (p=35, n=4, P=39, N=93)
2026-04-14 12:22:03,220 - INFO - Regula po iteracji 3: IF LOW = {1} AND LWT >= 88.00 AND HT = {0} AND AGE <= 31.50 THEN class = {2,132.05} [1,749.31, 2,514.79], (p=35, n=4, P=39, N=93)
2026-04-14 12:22:03,225 - INFO - Iteracja 4: condition_best: LWT >= 98.50, quality_best: 0.789, coverage_best: (p=32, n=3, P=40, N=92)
2026-04-14 12:22:03,225 - INFO - Regula po iteracji 4: IF LOW = {1} AND LWT >= 88.00 AND HT = {0} AND AGE <= 31.50 AND LWT >= 98.50 THEN class = {2,150.11} [1,765.73, 2,534.50], (p=32, n=3, P=40, N=92)
2026-04-14 12:22:03,225 - INFO - *******STOP GROWING CR RULE*******
2026-04-14 12:22:03,226 - INFO - *******GROWING CR RULE*******
2026-04-14 12:22:03,236 - INFO - Iteracja 0: condition_best: LOW = {0}, quality_best: 0.381, coverage_best: (p=56, n=31, P=56, N=76)
2026-04-14 12:22:03,236 - INFO - Regula po iteracji 0: IF LOW = {0} THEN class = {3,332.61} [2,846.51, 3,818.71], (p=56, n=31, P=56, N=76)
2026-04-14 12:22:03,244 - INFO - Iteracja 1: condition_best: UI = {0}, quality_best: 0.439, coverage_best: (p=54, n=26, P=55, N=77)
2026-04-14 12:22:03,244 - INFO - Regula po iteracji 1: IF LOW = {0} AND UI = {0} THEN class = {3,370.59} [2,900.00, 3,841.17], (p=54, n=26, P=55, N=77)
2026-04-14 12:22:03,252 - INFO - Iteracja 2: condition_best: AGE >= 29.50, quality_best: 0.48, coverage_best: (p=15, n=2, P=63, N=69)
2026-04-14 12:22:03,252 - INFO - Regula po iteracji 2: IF LOW = {0} AND UI = {0} AND AGE >= 29.50 THEN class = {3,369.41} [2,830.74, 3,908.08], (p=15, n=2, P=63, N=69)
2026-04-14 12:22:03,255 - INFO - Iteracja 3: condition_best: HT = {0}, quality_best: 0.48, coverage_best: (p=15, n=2, P=63, N=69)
2026-04-14 12:22:03,255 - INFO - Regula po iteracji 3: IF LOW = {0} AND UI = {0} AND AGE >= 29.50 AND HT = {0} THEN class = {3,369.41} [2,830.74, 3,908.08], (p=15, n=2, P=63, N=69)
2026-04-14 12:22:03,258 - INFO - Iteracja 4: condition_best: LWT >= 102.00, quality_best: 0.462, coverage_best: (p=14, n=2, P=64, N=68)
2026-04-14 12:22:03,259 - INFO - Regula po iteracji 4: IF LOW = {0} AND UI = {0} AND AGE >= 29.50 AND HT = {0} AND LWT >= 102.00 THEN class = {3,383.31} [2,831.03, 3,935.60], (p=14, n=2, P=64, N=68)
2026-04-14 12:22:03,259 - INFO - *******STOP GROWING CR RULE*******
2026-04-14 12:22:03,259 - INFO - *******GROWING CR RULE*******
2026-04-14 12:22:03,269 - INFO - Iteracja 0: condition_best: LOW = {0}, quality_best: 0.381, coverage_best: (p=56, n=31, P=56, N=76)
2026-04-14 12:22:03,269 - INFO - Regula po iteracji 0: IF LOW = {0} THEN class = {3,332.61} [2,846.51, 3,818.71], (p=56, n=31, P=56, N=76)
2026-04-14 12:22:03,277 - INFO - Iteracja 1: condition_best: UI = {0}, quality_best: 0.439, coverage_best: (p=54, n=26, P=55, N=77)
2026-04-14 12:22:03,277 - INFO - Regula po iteracji 1: IF LOW = {0} AND UI = {0} THEN class = {3,370.59} [2,900.00, 3,841.17], (p=54, n=26, P=55, N=77)
2026-04-14 12:22:03,284 - INFO - Iteracja 2: condition_best: AGE >= 28.50, quality_best: 0.467, coverage_best: (p=18, n=3, P=63, N=69)
2026-04-14 12:22:03,284 - INFO - Regula po iteracji 2: IF LOW = {0} AND UI = {0} AND AGE >= 28.50 THEN class = {3,352.29} [2,819.02, 3,885.55], (p=18, n=3, P=63, N=69)
2026-04-14 12:22:03,288 - INFO - Iteracja 3: condition_best: HT = {0}, quality_best: 0.467, coverage_best: (p=18, n=3, P=63, N=69)
2026-04-14 12:22:03,288 - INFO - Regula po iteracji 3: IF LOW = {0} AND UI = {0} AND AGE >= 28.50 AND HT = {0} THEN class = {3,352.29} [2,819.02, 3,885.55], (p=18, n=3, P=63, N=69)
2026-04-14 12:22:03,291 - INFO - Iteracja 4: condition_best: LWT <= 151.50, quality_best: 0.439, coverage_best: (p=13, n=2, P=66, N=66)
2026-04-14 12:22:03,291 - INFO - Regula po iteracji 4: IF LOW = {0} AND UI = {0} AND AGE >= 28.50 AND HT = {0} AND LWT <= 151.50 THEN class = {3,391.67} [2,832.87, 3,950.47], (p=13, n=2, P=66, N=66)
2026-04-14 12:22:03,291 - INFO - *******STOP GROWING CR RULE*******
2026-04-14 12:22:03,292 - INFO - *******GROWING CR RULE*******
2026-04-14 12:22:03,301 - INFO - Iteracja 0: condition_best: LOW = {0}, quality_best: 0.381, coverage_best: (p=56, n=31, P=56, N=76)
2026-04-14 12:22:03,301 - INFO - Regula po iteracji 0: IF LOW = {0} THEN class = {3,332.61} [2,846.51, 3,818.71], (p=56, n=31, P=56, N=76)
2026-04-14 12:22:03,309 - INFO - Iteracja 1: condition_best: UI = {0}, quality_best: 0.439, coverage_best: (p=54, n=26, P=55, N=77)
2026-04-14 12:22:03,309 - INFO - Regula po iteracji 1: IF LOW = {0} AND UI = {0} THEN class = {3,370.59} [2,900.00, 3,841.17], (p=54, n=26, P=55, N=77)
2026-04-14 12:22:03,316 - INFO - Iteracja 2: condition_best: LWT <= 156.50, quality_best: 0.454, coverage_best: (p=45, n=18, P=56, N=76)
2026-04-14 12:22:03,316 - INFO - Regula po iteracji 2: IF LOW = {0} AND UI = {0} AND LWT <= 156.50 THEN class = {3,328.02} [2,851.04, 3,804.99], (p=45, n=18, P=56, N=76)
2026-04-14 12:22:03,322 - INFO - Iteracja 3: condition_best: LWT >= 107.00, quality_best: 0.46, coverage_best: (p=40, n=15, P=55, N=77)
2026-04-14 12:22:03,323 - INFO - Regula po iteracji 3: IF LOW = {0} AND UI = {0} AND LWT <= 156.50 AND LWT >= 107.00 THEN class = {3,381.24} [2,909.09, 3,853.39], (p=40, n=15, P=55, N=77)
2026-04-14 12:22:03,328 - INFO - Iteracja 4: condition_best: AGE <= 24.50, quality_best: 0.512, coverage_best: (p=23, n=6, P=46, N=86)
2026-04-14 12:22:03,328 - INFO - Regula po iteracji 4: IF LOW = {0} AND UI = {0} AND LWT <= 156.50 AND LWT >= 107.00 AND AGE <= 24.50 THEN class = {3,424.00} [3,034.01, 3,813.99], (p=23, n=6, P=46, N=86)
2026-04-14 12:22:03,328 - INFO - *******STOP GROWING CR RULE*******
2026-04-14 12:22:03,329 - INFO - *******GROWING CR RULE*******
2026-04-14 12:22:03,338 - INFO - Iteracja 0: condition_best: LOW = {0}, quality_best: 0.381, coverage_best: (p=56, n=31, P=56, N=76)
2026-04-14 12:22:03,338 - INFO - Regula po iteracji 0: IF LOW = {0} THEN class = {3,332.61} [2,846.51, 3,818.71], (p=56, n=31, P=56, N=76)
2026-04-14 12:22:03,345 - INFO - Iteracja 1: condition_best: UI = {0}, quality_best: 0.439, coverage_best: (p=54, n=26, P=55, N=77)
2026-04-14 12:22:03,346 - INFO - Regula po iteracji 1: IF LOW = {0} AND UI = {0} THEN class = {3,370.59} [2,900.00, 3,841.17], (p=54, n=26, P=55, N=77)
2026-04-14 12:22:03,353 - INFO - Iteracja 2: condition_best: LWT <= 156.50, quality_best: 0.454, coverage_best: (p=45, n=18, P=56, N=76)
2026-04-14 12:22:03,353 - INFO - Regula po iteracji 2: IF LOW = {0} AND UI = {0} AND LWT <= 156.50 THEN class = {3,328.02} [2,851.04, 3,804.99], (p=45, n=18, P=56, N=76)
2026-04-14 12:22:03,358 - INFO - Iteracja 3: condition_best: LWT >= 107.00, quality_best: 0.46, coverage_best: (p=40, n=15, P=55, N=77)
2026-04-14 12:22:03,358 - INFO - Regula po iteracji 3: IF LOW = {0} AND UI = {0} AND LWT <= 156.50 AND LWT >= 107.00 THEN class = {3,381.24} [2,909.09, 3,853.39], (p=40, n=15, P=55, N=77)
2026-04-14 12:22:03,363 - INFO - Iteracja 4: condition_best: AGE >= 15.00, quality_best: 0.48, coverage_best: (p=40, n=14, P=55, N=77)
2026-04-14 12:22:03,363 - INFO - Regula po iteracji 4: IF LOW = {0} AND UI = {0} AND LWT <= 156.50 AND LWT >= 107.00 AND AGE >= 15.00 THEN class = {3,370.87} [2,900.61, 3,841.13], (p=40, n=14, P=55, N=77)
2026-04-14 12:22:03,364 - INFO - *******STOP GROWING CR RULE*******
2026-04-14 12:22:03,364 - INFO - *******GROWING CR RULE*******
2026-04-14 12:22:03,373 - INFO - Iteracja 0: condition_best: LOW = {0}, quality_best: 0.381, coverage_best: (p=56, n=31, P=56, N=76)
2026-04-14 12:22:03,373 - INFO - Regula po iteracji 0: IF LOW = {0} THEN class = {3,332.61} [2,846.51, 3,818.71], (p=56, n=31, P=56, N=76)
2026-04-14 12:22:03,381 - INFO - Iteracja 1: condition_best: UI = {0}, quality_best: 0.439, coverage_best: (p=54, n=26, P=55, N=77)
2026-04-14 12:22:03,381 - INFO - Regula po iteracji 1: IF LOW = {0} AND UI = {0} THEN class = {3,370.59} [2,900.00, 3,841.17], (p=54, n=26, P=55, N=77)
2026-04-14 12:22:03,388 - INFO - Iteracja 2: condition_best: LWT <= 156.50, quality_best: 0.454, coverage_best: (p=45, n=18, P=56, N=76)
2026-04-14 12:22:03,388 - INFO - Regula po iteracji 2: IF LOW = {0} AND UI = {0} AND LWT <= 156.50 THEN class = {3,328.02} [2,851.04, 3,804.99], (p=45, n=18, P=56, N=76)
2026-04-14 12:22:03,393 - INFO - Iteracja 3: condition_best: AGE >= 15.00, quality_best: 0.452, coverage_best: (p=44, n=18, P=55, N=77)
2026-04-14 12:22:03,394 - INFO - Regula po iteracji 3: IF LOW = {0} AND UI = {0} AND LWT <= 156.50 AND AGE >= 15.00 THEN class = {3,318.13} [2,843.77, 3,792.49], (p=44, n=18, P=55, N=77)
2026-04-14 12:22:03,399 - INFO - Iteracja 4: condition_best: LWT >= 97.50, quality_best: 0.468, coverage_best: (p=43, n=16, P=56, N=76)
2026-04-14 12:22:03,399 - INFO - Regula po iteracji 4: IF LOW = {0} AND UI = {0} AND LWT <= 156.50 AND AGE >= 15.00 AND LWT >= 97.50 THEN class = {3,335.00} [2,856.70, 3,813.30], (p=43, n=16, P=56, N=76)
2026-04-14 12:22:03,399 - INFO - *******STOP GROWING CR RULE*******
2026-04-14 12:22:03,400 - INFO - *******GROWING CR RULE*******
2026-04-14 12:22:03,409 - INFO - Iteracja 0: condition_best: LOW = {0}, quality_best: 0.381, coverage_best: (p=56, n=31, P=56, N=76)
2026-04-14 12:22:03,409 - INFO - Regula po iteracji 0: IF LOW = {0} THEN class = {3,332.61} [2,846.51, 3,818.71], (p=56, n=31, P=56, N=76)
2026-04-14 12:22:03,416 - INFO - Iteracja 1: condition_best: UI = {0}, quality_best: 0.439, coverage_best: (p=54, n=26, P=55, N=77)
2026-04-14 12:22:03,416 - INFO - Regula po iteracji 1: IF LOW = {0} AND UI = {0} THEN class = {3,370.59} [2,900.00, 3,841.17], (p=54, n=26, P=55, N=77)
2026-04-14 12:22:03,423 - INFO - Iteracja 2: condition_best: LWT <= 168.50, quality_best: 0.454, coverage_best: (p=48, n=20, P=56, N=76)
2026-04-14 12:22:03,423 - INFO - Regula po iteracji 2: IF LOW = {0} AND UI = {0} AND LWT <= 168.50 THEN class = {3,331.99} [2,850.76, 3,813.21], (p=48, n=20, P=56, N=76)
2026-04-14 12:22:03,429 - INFO - Iteracja 3: condition_best: AGE >= 15.00, quality_best: 0.471, coverage_best: (p=48, n=19, P=56, N=76)
2026-04-14 12:22:03,430 - INFO - Regula po iteracji 3: IF LOW = {0} AND UI = {0} AND LWT <= 168.50 AND AGE >= 15.00 THEN class = {3,322.90} [2,843.92, 3,801.87], (p=48, n=19, P=56, N=76)
2026-04-14 12:22:03,436 - INFO - Iteracja 4: condition_best: LWT >= 97.50, quality_best: 0.466, coverage_best: (p=46, n=18, P=56, N=76)
2026-04-14 12:22:03,436 - INFO - Regula po iteracji 4: IF LOW = {0} AND UI = {0} AND LWT <= 168.50 AND AGE >= 15.00 AND LWT >= 97.50 THEN class = {3,338.67} [2,856.03, 3,821.32], (p=46, n=18, P=56, N=76)
2026-04-14 12:22:03,436 - INFO - *******STOP GROWING CR RULE*******
2026-04-14 12:22:03,436 - INFO - *******GROWING CR RULE*******
2026-04-14 12:22:03,445 - INFO - Iteracja 0: condition_best: LOW = {0}, quality_best: 0.381, coverage_best: (p=56, n=31, P=56, N=76)
2026-04-14 12:22:03,445 - INFO - Regula po iteracji 0: IF LOW = {0} THEN class = {3,332.61} [2,846.51, 3,818.71], (p=56, n=31, P=56, N=76)
2026-04-14 12:22:03,453 - INFO - Iteracja 1: condition_best: UI = {0}, quality_best: 0.439, coverage_best: (p=54, n=26, P=55, N=77)
2026-04-14 12:22:03,453 - INFO - Regula po iteracji 1: IF LOW = {0} AND UI = {0} THEN class = {3,370.59} [2,900.00, 3,841.17], (p=54, n=26, P=55, N=77)
2026-04-14 12:22:03,460 - INFO - Iteracja 2: condition_best: AGE >= 15.00, quality_best: 0.453, coverage_best: (p=54, n=25, P=55, N=77)
2026-04-14 12:22:03,460 - INFO - Regula po iteracji 2: IF LOW = {0} AND UI = {0} AND AGE >= 15.00 THEN class = {3,363.37} [2,894.24, 3,832.50], (p=54, n=25, P=55, N=77)
2026-04-14 12:22:03,467 - INFO - Iteracja 3: condition_best: LWT >= 107.00, quality_best: 0.471, coverage_best: (p=50, n=21, P=55, N=77)
2026-04-14 12:22:03,467 - INFO - Regula po iteracji 3: IF LOW = {0} AND UI = {0} AND AGE >= 15.00 AND LWT >= 107.00 THEN class = {3,408.58} [2,947.28, 3,869.87], (p=50, n=21, P=55, N=77)
2026-04-14 12:22:03,473 - INFO - Iteracja 4: condition_best: AGE <= 24.50, quality_best: 0.472, coverage_best: (p=27, n=10, P=45, N=87)
2026-04-14 12:22:03,473 - INFO - Regula po iteracji 4: IF LOW = {0} AND UI = {0} AND AGE >= 15.00 AND LWT >= 107.00 AND AGE <= 24.50 THEN class = {3,457.49} [3,072.66, 3,842.31], (p=27, n=10, P=45, N=87)
2026-04-14 12:22:03,473 - INFO - *******STOP GROWING CR RULE*******
2026-04-14 12:22:03,474 - INFO - *******GROWING CR RULE*******
2026-04-14 12:22:03,483 - INFO - Iteracja 0: condition_best: LOW = {0}, quality_best: 0.381, coverage_best: (p=56, n=31, P=56, N=76)
2026-04-14 12:22:03,483 - INFO - Regula po iteracji 0: IF LOW = {0} THEN class = {3,332.61} [2,846.51, 3,818.71], (p=56, n=31, P=56, N=76)
2026-04-14 12:22:03,490 - INFO - Iteracja 1: condition_best: UI = {1}, quality_best: 0.426, coverage_best: (p=6, n=1, P=52, N=80)
2026-04-14 12:22:03,490 - INFO - Regula po iteracji 1: IF LOW = {0} AND UI = {1} THEN class = {2,898.57} [2,450.15, 3,347.00], (p=6, n=1, P=52, N=80)
2026-04-14 12:22:03,492 - INFO - Iteracja 2: condition_best: AGE <= 30.50, quality_best: 0.47, coverage_best: (p=4, n=1, P=18, N=114)
2026-04-14 12:22:03,492 - INFO - Regula po iteracji 2: IF LOW = {0} AND UI = {1} AND AGE <= 30.50 THEN class = {2,708.60} [2,510.57, 2,906.63], (p=4, n=1, P=18, N=114)
2026-04-14 12:22:03,494 - INFO - Iteracja 3: condition_best: HT = {0}, quality_best: 0.47, coverage_best: (p=4, n=1, P=18, N=114)
2026-04-14 12:22:03,494 - INFO - Regula po iteracji 3: IF LOW = {0} AND UI = {1} AND AGE <= 30.50 AND HT = {0} THEN class = {2,708.60} [2,510.57, 2,906.63], (p=4, n=1, P=18, N=114)
2026-04-14 12:22:03,495 - INFO - Iteracja 4: condition_best: None, quality_best: -inf, coverage_best: (p=0, n=0, P=0, N=0)
2026-04-14 12:22:03,495 - INFO - Regula po iteracji 4: IF LOW = {0} AND UI = {1} AND AGE <= 30.50 AND HT = {0} THEN class = {2,708.60} [2,510.57, 2,906.63], (p=4, n=1, P=18, N=114)
2026-04-14 12:22:03,495 - INFO - *******STOP GROWING CR RULE*******
2026-04-14 12:22:03,496 - INFO - *******GROWING CR RULE*******
2026-04-14 12:22:03,505 - INFO - Iteracja 0: condition_best: LOW = {0}, quality_best: 0.381, coverage_best: (p=56, n=31, P=56, N=76)
2026-04-14 12:22:03,505 - INFO - Regula po iteracji 0: IF LOW = {0} THEN class = {3,332.61} [2,846.51, 3,818.71], (p=56, n=31, P=56, N=76)
2026-04-14 12:22:03,512 - INFO - Iteracja 1: condition_best: AGE >= 16.50, quality_best: 0.416, coverage_best: (p=56, n=26, P=59, N=73)
2026-04-14 12:22:03,512 - INFO - Regula po iteracji 1: IF LOW = {0} AND AGE >= 16.50 THEN class = {3,313.96} [2,822.81, 3,805.12], (p=56, n=26, P=59, N=73)
2026-04-14 12:22:03,519 - INFO - Iteracja 2: condition_best: AGE >= 17.50, quality_best: 0.41, coverage_best: (p=54, n=25, P=59, N=73)
2026-04-14 12:22:03,520 - INFO - Regula po iteracji 2: IF LOW = {0} AND AGE >= 16.50 AND AGE >= 17.50 THEN class = {3,320.39} [2,826.82, 3,813.96], (p=54, n=25, P=59, N=73)
2026-04-14 12:22:03,527 - INFO - Iteracja 3: condition_best: AGE >= 18.50, quality_best: 0.399, coverage_best: (p=51, n=25, P=57, N=75)
2026-04-14 12:22:03,527 - INFO - Regula po iteracji 3: IF LOW = {0} AND AGE >= 16.50 AND AGE >= 17.50 AND AGE >= 18.50 THEN class = {3,340.34} [2,849.21, 3,831.48], (p=51, n=25, P=57, N=75)
2026-04-14 12:22:03,534 - INFO - Iteracja 4: condition_best: AGE <= 40.50, quality_best: 0.369, coverage_best: (p=48, n=27, P=54, N=78)
2026-04-14 12:22:03,534 - INFO - Regula po iteracji 4: IF LOW = {0} AND AGE >= 16.50 AND AGE >= 17.50 AND AGE >= 18.50 AND AGE <= 40.50 THEN class = {3,318.35} [2,862.65, 3,774.04], (p=48, n=27, P=54, N=78)
2026-04-14 12:22:03,534 - INFO - *******STOP GROWING CR RULE*******
2026-04-14 12:22:03,535 - INFO - *******GROWING CR RULE*******
2026-04-14 12:22:03,543 - INFO - Iteracja 0: condition_best: AGE >= 40.50, quality_best: 1.0, coverage_best: (p=1, n=0, P=1, N=131)
2026-04-14 12:22:03,543 - INFO - Regula po iteracji 0: IF AGE >= 40.50 THEN class = {4,990.00} [4,990.00, 4,990.00], (p=1, n=0, P=1, N=131)
2026-04-14 12:22:03,544 - INFO - Iteracja 1: condition_best: LOW = {0}, quality_best: 1.0, coverage_best: (p=1, n=0, P=1, N=131)
2026-04-14 12:22:03,544 - INFO - Regula po iteracji 1: IF AGE >= 40.50 AND LOW = {0} THEN class = {4,990.00} [4,990.00, 4,990.00], (p=1, n=0, P=1, N=131)
2026-04-14 12:22:03,545 - INFO - Iteracja 2: condition_best: RACE = {1}, quality_best: 1.0, coverage_best: (p=1, n=0, P=1, N=131)
2026-04-14 12:22:03,545 - INFO - Regula po iteracji 2: IF AGE >= 40.50 AND LOW = {0} AND RACE = {1} THEN class = {4,990.00} [4,990.00, 4,990.00], (p=1, n=0, P=1, N=131)
2026-04-14 12:22:03,546 - INFO - Iteracja 3: condition_best: SMOKE = {0}, quality_best: 1.0, coverage_best: (p=1, n=0, P=1, N=131)
2026-04-14 12:22:03,546 - INFO - Regula po iteracji 3: IF AGE >= 40.50 AND LOW = {0} AND RACE = {1} AND SMOKE = {0} THEN class = {4,990.00} [4,990.00, 4,990.00], (p=1, n=0, P=1, N=131)
2026-04-14 12:22:03,546 - INFO - Iteracja 4: condition_best: PTL = {0}, quality_best: 1.0, coverage_best: (p=1, n=0, P=1, N=131)
2026-04-14 12:22:03,546 - INFO - Regula po iteracji 4: IF AGE >= 40.50 AND LOW = {0} AND RACE = {1} AND SMOKE = {0} AND PTL = {0} THEN class = {4,990.00} [4,990.00, 4,990.00], (p=1, n=0, P=1, N=131)
2026-04-14 12:22:03,547 - INFO - *******STOP GROWING CR RULE*******
2026-04-14 12:22:03,555 - INFO - ************************Finished experiment for lowbwt.arff with algorithm_rer************************
2026-04-14 12:22:03,555 - INFO - *************************************************************************************************************************
2026-04-14 12:22:03,555 - INFO - *************************************************************************************************************************
2026-04-14 12:22:03,555 - INFO - *************************************************************************************************************************
2026-04-14 12:22:03,555 - INFO - **********Starting experiment for lowbwt.arff with algorithm_rer_with_exceptions**********
2026-04-14 12:22:03,562 - INFO - *******GROWING CR RULE*******
2026-04-14 12:22:03,578 - INFO - Iteracja 0: condition_best: LOW = {1}, quality_best: 0.841, coverage_best: (p=40, n=5, P=40, N=92)
2026-04-14 12:22:03,578 - INFO - Regula po iteracji 0: IF LOW = {1} THEN class = {2,108.84} [1,722.18, 2,495.51], (p=40, n=5, P=40, N=92)
2026-04-14 12:22:03,578 - INFO - *****GROWING RR RULE*****
2026-04-14 12:22:03,595 - INFO - Iteracja 0: condition_best: None, quality_best: -inf, coverage_best: (p=0, n=0, P=0, N=0), p_value: 0
2026-04-14 12:22:03,595 - INFO - Regula po iteracji 0: IF  THEN class = {2,915.42} [2,178.39, 3,652.44], (p=91, n=41, P=91, N=41)
2026-04-14 12:22:03,595 - INFO - *****STOP GROWING RR RULE*****
2026-04-14 12:22:03,595 - INFO - ***RR NOT FOUND***
2026-04-14 12:22:03,601 - INFO - Iteracja 1: condition_best: LWT >= 88.00, quality_best: 0.839, coverage_best: (p=39, n=5, P=39, N=93)
2026-04-14 12:22:03,601 - INFO - Regula po iteracji 1: IF LOW = {1} AND LWT >= 88.00 THEN class = {2,123.27} [1,744.41, 2,502.14], (p=39, n=5, P=39, N=93)
2026-04-14 12:22:03,601 - INFO - *****GROWING RR RULE*****
2026-04-14 12:22:03,618 - INFO - Iteracja 0: condition_best: None, quality_best: -inf, coverage_best: (p=0, n=0, P=0, N=0), p_value: 0
2026-04-14 12:22:03,618 - INFO - Regula po iteracji 0: IF  THEN class = {2,915.42} [2,178.39, 3,652.44], (p=91, n=41, P=91, N=41)
2026-04-14 12:22:03,619 - INFO - *****STOP GROWING RR RULE*****
2026-04-14 12:22:03,619 - INFO - ***RR NOT FOUND***
2026-04-14 12:22:03,624 - INFO - Iteracja 2: condition_best: LWT <= 176.00, quality_best: 0.828, coverage_best: (p=37, n=4, P=40, N=92)
2026-04-14 12:22:03,624 - INFO - Regula po iteracji 2: IF LOW = {1} AND LWT >= 88.00 AND LWT <= 176.00 THEN class = {2,113.73} [1,728.11, 2,499.36], (p=37, n=4, P=40, N=92)
2026-04-14 12:22:03,624 - INFO - *****GROWING RR RULE*****
2026-04-14 12:22:03,641 - INFO - Iteracja 0: condition_best: None, quality_best: -inf, coverage_best: (p=0, n=0, P=0, N=0), p_value: 0
2026-04-14 12:22:03,641 - INFO - Regula po iteracji 0: IF  THEN class = {2,915.42} [2,178.39, 3,652.44], (p=91, n=41, P=91, N=41)
2026-04-14 12:22:03,641 - INFO - *****STOP GROWING RR RULE*****
2026-04-14 12:22:03,641 - INFO - ***RR NOT FOUND***
2026-04-14 12:22:03,646 - INFO - Iteracja 3: condition_best: AGE <= 30.50, quality_best: 0.8, coverage_best: (p=35, n=4, P=40, N=92)
2026-04-14 12:22:03,646 - INFO - Regula po iteracji 3: IF LOW = {1} AND LWT >= 88.00 AND LWT <= 176.00 AND AGE <= 30.50 THEN class = {2,115.18} [1,724.51, 2,505.85], (p=35, n=4, P=40, N=92)
2026-04-14 12:22:03,647 - INFO - *****GROWING RR RULE*****
2026-04-14 12:22:03,664 - INFO - Iteracja 0: condition_best: None, quality_best: -inf, coverage_best: (p=0, n=0, P=0, N=0), p_value: 0
2026-04-14 12:22:03,664 - INFO - Regula po iteracji 0: IF  THEN class = {2,915.42} [2,178.39, 3,652.44], (p=91, n=41, P=91, N=41)
2026-04-14 12:22:03,664 - INFO - *****STOP GROWING RR RULE*****
2026-04-14 12:22:03,664 - INFO - ***RR NOT FOUND***
2026-04-14 12:22:03,669 - INFO - Iteracja 4: condition_best: AGE <= 29.50, quality_best: 0.785, coverage_best: (p=34, n=4, P=40, N=92)
2026-04-14 12:22:03,669 - INFO - Regula po iteracji 4: IF LOW = {1} AND LWT >= 88.00 AND LWT <= 176.00 AND AGE <= 30.50 AND AGE <= 29.50 THEN class = {2,107.42} [1,714.62, 2,500.22], (p=34, n=4, P=40, N=92)
2026-04-14 12:22:03,669 - INFO - *****GROWING RR RULE*****
2026-04-14 12:22:03,686 - INFO - Iteracja 0: condition_best: None, quality_best: -inf, coverage_best: (p=0, n=0, P=0, N=0), p_value: 0
2026-04-14 12:22:03,687 - INFO - Regula po iteracji 0: IF  THEN class = {2,915.42} [2,178.39, 3,652.44], (p=91, n=41, P=91, N=41)
2026-04-14 12:22:03,687 - INFO - *****STOP GROWING RR RULE*****
2026-04-14 12:22:03,687 - INFO - ***RR NOT FOUND***
2026-04-14 12:22:03,687 - INFO - *******STOP GROWING CR RULE*******
2026-04-14 12:22:03,688 - INFO - *******GROWING CR RULE*******
2026-04-14 12:22:03,697 - INFO - Iteracja 0: condition_best: LOW = {1}, quality_best: 0.841, coverage_best: (p=40, n=5, P=40, N=92)
2026-04-14 12:22:03,697 - INFO - Regula po iteracji 0: IF LOW = {1} THEN class = {2,108.84} [1,722.18, 2,495.51], (p=40, n=5, P=40, N=92)
2026-04-14 12:22:03,698 - INFO - *****GROWING RR RULE*****
2026-04-14 12:22:03,715 - INFO - Iteracja 0: condition_best: None, quality_best: -inf, coverage_best: (p=0, n=0, P=0, N=0), p_value: 0
2026-04-14 12:22:03,715 - INFO - Regula po iteracji 0: IF  THEN class = {2,915.42} [2,178.39, 3,652.44], (p=91, n=41, P=91, N=41)
2026-04-14 12:22:03,715 - INFO - *****STOP GROWING RR RULE*****
2026-04-14 12:22:03,715 - INFO - ***RR NOT FOUND***
2026-04-14 12:22:03,720 - INFO - Iteracja 1: condition_best: LWT >= 88.00, quality_best: 0.839, coverage_best: (p=39, n=5, P=39, N=93)
2026-04-14 12:22:03,720 - INFO - Regula po iteracji 1: IF LOW = {1} AND LWT >= 88.00 THEN class = {2,123.27} [1,744.41, 2,502.14], (p=39, n=5, P=39, N=93)
2026-04-14 12:22:03,720 - INFO - *****GROWING RR RULE*****
2026-04-14 12:22:03,737 - INFO - Iteracja 0: condition_best: None, quality_best: -inf, coverage_best: (p=0, n=0, P=0, N=0), p_value: 0
2026-04-14 12:22:03,737 - INFO - Regula po iteracji 0: IF  THEN class = {2,915.42} [2,178.39, 3,652.44], (p=91, n=41, P=91, N=41)
2026-04-14 12:22:03,737 - INFO - *****STOP GROWING RR RULE*****
2026-04-14 12:22:03,737 - INFO - ***RR NOT FOUND***
2026-04-14 12:22:03,742 - INFO - Iteracja 2: condition_best: HT = {0}, quality_best: 0.825, coverage_best: (p=36, n=4, P=39, N=93)
2026-04-14 12:22:03,742 - INFO - Regula po iteracji 2: IF LOW = {1} AND LWT >= 88.00 AND HT = {0} THEN class = {2,124.20} [1,743.10, 2,505.30], (p=36, n=4, P=39, N=93)
2026-04-14 12:22:03,743 - INFO - *****GROWING RR RULE*****
2026-04-14 12:22:03,760 - INFO - Iteracja 0: condition_best: None, quality_best: -inf, coverage_best: (p=0, n=0, P=0, N=0), p_value: 0
2026-04-14 12:22:03,760 - INFO - Regula po iteracji 0: IF  THEN class = {2,915.42} [2,178.39, 3,652.44], (p=91, n=41, P=91, N=41)
2026-04-14 12:22:03,760 - INFO - *****STOP GROWING RR RULE*****
2026-04-14 12:22:03,760 - INFO - ***RR NOT FOUND***
2026-04-14 12:22:03,765 - INFO - Iteracja 3: condition_best: AGE <= 31.50, quality_best: 0.811, coverage_best: (p=35, n=4, P=39, N=93)
2026-04-14 12:22:03,765 - INFO - Regula po iteracji 3: IF LOW = {1} AND LWT >= 88.00 AND HT = {0} AND AGE <= 31.50 THEN class = {2,132.05} [1,749.31, 2,514.79], (p=35, n=4, P=39, N=93)
2026-04-14 12:22:03,765 - INFO - *****GROWING RR RULE*****
2026-04-14 12:22:03,782 - INFO - Iteracja 0: condition_best: None, quality_best: -inf, coverage_best: (p=0, n=0, P=0, N=0), p_value: 0
2026-04-14 12:22:03,783 - INFO - Regula po iteracji 0: IF  THEN class = {2,915.42} [2,178.39, 3,652.44], (p=91, n=41, P=91, N=41)
2026-04-14 12:22:03,783 - INFO - *****STOP GROWING RR RULE*****
2026-04-14 12:22:03,783 - INFO - ***RR NOT FOUND***
2026-04-14 12:22:03,787 - INFO - Iteracja 4: condition_best: LWT >= 98.50, quality_best: 0.789, coverage_best: (p=32, n=3, P=40, N=92)
2026-04-14 12:22:03,788 - INFO - Regula po iteracji 4: IF LOW = {1} AND LWT >= 88.00 AND HT = {0} AND AGE <= 31.50 AND LWT >= 98.50 THEN class = {2,150.11} [1,765.73, 2,534.50], (p=32, n=3, P=40, N=92)
2026-04-14 12:22:03,788 - INFO - *****GROWING RR RULE*****
2026-04-14 12:22:03,805 - INFO - Iteracja 0: condition_best: None, quality_best: -inf, coverage_best: (p=0, n=0, P=0, N=0), p_value: 0
2026-04-14 12:22:03,805 - INFO - Regula po iteracji 0: IF  THEN class = {2,915.42} [2,178.39, 3,652.44], (p=91, n=41, P=91, N=41)
2026-04-14 12:22:03,805 - INFO - *****STOP GROWING RR RULE*****
2026-04-14 12:22:03,805 - INFO - ***RR NOT FOUND***
2026-04-14 12:22:03,805 - INFO - *******STOP GROWING CR RULE*******
2026-04-14 12:22:03,806 - INFO - *******GROWING CR RULE*******
2026-04-14 12:22:03,816 - INFO - Iteracja 0: condition_best: LOW = {0}, quality_best: 0.381, coverage_best: (p=56, n=31, P=56, N=76)
2026-04-14 12:22:03,816 - INFO - Regula po iteracji 0: IF LOW = {0} THEN class = {3,332.61} [2,846.51, 3,818.71], (p=56, n=31, P=56, N=76)
2026-04-14 12:22:03,816 - INFO - *****GROWING RR RULE*****
2026-04-14 12:22:03,833 - INFO - Iteracja 0: condition_best: None, quality_best: -inf, coverage_best: (p=0, n=0, P=0, N=0), p_value: 0
2026-04-14 12:22:03,833 - INFO - Regula po iteracji 0: IF  THEN class = {2,915.42} [2,178.39, 3,652.44], (p=91, n=41, P=91, N=41)
2026-04-14 12:22:03,833 - INFO - *****STOP GROWING RR RULE*****
2026-04-14 12:22:03,833 - INFO - ***RR NOT FOUND***
2026-04-14 12:22:03,842 - INFO - Iteracja 1: condition_best: UI = {0}, quality_best: 0.439, coverage_best: (p=54, n=26, P=55, N=77)
2026-04-14 12:22:03,842 - INFO - Regula po iteracji 1: IF LOW = {0} AND UI = {0} THEN class = {3,370.59} [2,900.00, 3,841.17], (p=54, n=26, P=55, N=77)
2026-04-14 12:22:03,842 - INFO - *****GROWING RR RULE*****
2026-04-14 12:22:03,859 - INFO - Iteracja 0: condition_best: None, quality_best: -inf, coverage_best: (p=0, n=0, P=0, N=0), p_value: 0
2026-04-14 12:22:03,859 - INFO - Regula po iteracji 0: IF  THEN class = {2,915.42} [2,178.39, 3,652.44], (p=91, n=41, P=91, N=41)
2026-04-14 12:22:03,860 - INFO - *****STOP GROWING RR RULE*****
2026-04-14 12:22:03,860 - INFO - ***RR NOT FOUND***
2026-04-14 12:22:03,867 - INFO - Iteracja 2: condition_best: AGE >= 29.50, quality_best: 0.48, coverage_best: (p=15, n=2, P=63, N=69)
2026-04-14 12:22:03,867 - INFO - Regula po iteracji 2: IF LOW = {0} AND UI = {0} AND AGE >= 29.50 THEN class = {3,369.41} [2,830.74, 3,908.08], (p=15, n=2, P=63, N=69)
2026-04-14 12:22:03,868 - INFO - *****GROWING RR RULE*****
2026-04-14 12:22:03,885 - INFO - Iteracja 0: condition_best: None, quality_best: -inf, coverage_best: (p=0, n=0, P=0, N=0), p_value: 0
2026-04-14 12:22:03,885 - INFO - Regula po iteracji 0: IF  THEN class = {2,915.42} [2,178.39, 3,652.44], (p=91, n=41, P=91, N=41)
2026-04-14 12:22:03,885 - INFO - *****STOP GROWING RR RULE*****
2026-04-14 12:22:03,885 - INFO - ***RR NOT FOUND***
2026-04-14 12:22:03,888 - INFO - Iteracja 3: condition_best: HT = {0}, quality_best: 0.48, coverage_best: (p=15, n=2, P=63, N=69)
2026-04-14 12:22:03,888 - INFO - Regula po iteracji 3: IF LOW = {0} AND UI = {0} AND AGE >= 29.50 AND HT = {0} THEN class = {3,369.41} [2,830.74, 3,908.08], (p=15, n=2, P=63, N=69)
2026-04-14 12:22:03,889 - INFO - *****GROWING RR RULE*****
2026-04-14 12:22:03,906 - INFO - Iteracja 0: condition_best: None, quality_best: -inf, coverage_best: (p=0, n=0, P=0, N=0), p_value: 0
2026-04-14 12:22:03,906 - INFO - Regula po iteracji 0: IF  THEN class = {2,915.42} [2,178.39, 3,652.44], (p=91, n=41, P=91, N=41)
2026-04-14 12:22:03,906 - INFO - *****STOP GROWING RR RULE*****
2026-04-14 12:22:03,906 - INFO - ***RR NOT FOUND***
2026-04-14 12:22:03,909 - INFO - Iteracja 4: condition_best: LWT >= 102.00, quality_best: 0.462, coverage_best: (p=14, n=2, P=64, N=68)
2026-04-14 12:22:03,909 - INFO - Regula po iteracji 4: IF LOW = {0} AND UI = {0} AND AGE >= 29.50 AND HT = {0} AND LWT >= 102.00 THEN class = {3,383.31} [2,831.03, 3,935.60], (p=14, n=2, P=64, N=68)
2026-04-14 12:22:03,909 - INFO - *****GROWING RR RULE*****
2026-04-14 12:22:03,926 - INFO - Iteracja 0: condition_best: None, quality_best: -inf, coverage_best: (p=0, n=0, P=0, N=0), p_value: 0
2026-04-14 12:22:03,927 - INFO - Regula po iteracji 0: IF  THEN class = {2,915.42} [2,178.39, 3,652.44], (p=91, n=41, P=91, N=41)
2026-04-14 12:22:03,927 - INFO - *****STOP GROWING RR RULE*****
2026-04-14 12:22:03,927 - INFO - ***RR NOT FOUND***
2026-04-14 12:22:03,927 - INFO - *******STOP GROWING CR RULE*******
2026-04-14 12:22:03,928 - INFO - *******GROWING CR RULE*******
2026-04-14 12:22:03,937 - INFO - Iteracja 0: condition_best: LOW = {0}, quality_best: 0.381, coverage_best: (p=56, n=31, P=56, N=76)
2026-04-14 12:22:03,937 - INFO - Regula po iteracji 0: IF LOW = {0} THEN class = {3,332.61} [2,846.51, 3,818.71], (p=56, n=31, P=56, N=76)
2026-04-14 12:22:03,937 - INFO - *****GROWING RR RULE*****
2026-04-14 12:22:03,954 - INFO - Iteracja 0: condition_best: None, quality_best: -inf, coverage_best: (p=0, n=0, P=0, N=0), p_value: 0
2026-04-14 12:22:03,955 - INFO - Regula po iteracji 0: IF  THEN class = {2,915.42} [2,178.39, 3,652.44], (p=91, n=41, P=91, N=41)
2026-04-14 12:22:03,955 - INFO - *****STOP GROWING RR RULE*****
2026-04-14 12:22:03,955 - INFO - ***RR NOT FOUND***
2026-04-14 12:22:03,963 - INFO - Iteracja 1: condition_best: UI = {0}, quality_best: 0.439, coverage_best: (p=54, n=26, P=55, N=77)
2026-04-14 12:22:03,963 - INFO - Regula po iteracji 1: IF LOW = {0} AND UI = {0} THEN class = {3,370.59} [2,900.00, 3,841.17], (p=54, n=26, P=55, N=77)
2026-04-14 12:22:03,963 - INFO - *****GROWING RR RULE*****
2026-04-14 12:22:03,980 - INFO - Iteracja 0: condition_best: None, quality_best: -inf, coverage_best: (p=0, n=0, P=0, N=0), p_value: 0
2026-04-14 12:22:03,980 - INFO - Regula po iteracji 0: IF  THEN class = {2,915.42} [2,178.39, 3,652.44], (p=91, n=41, P=91, N=41)
2026-04-14 12:22:03,980 - INFO - *****STOP GROWING RR RULE*****
2026-04-14 12:22:03,980 - INFO - ***RR NOT FOUND***
2026-04-14 12:22:03,987 - INFO - Iteracja 2: condition_best: AGE >= 28.50, quality_best: 0.467, coverage_best: (p=18, n=3, P=63, N=69)
2026-04-14 12:22:03,988 - INFO - Regula po iteracji 2: IF LOW = {0} AND UI = {0} AND AGE >= 28.50 THEN class = {3,352.29} [2,819.02, 3,885.55], (p=18, n=3, P=63, N=69)
2026-04-14 12:22:03,988 - INFO - *****GROWING RR RULE*****
2026-04-14 12:22:04,005 - INFO - Iteracja 0: condition_best: None, quality_best: -inf, coverage_best: (p=0, n=0, P=0, N=0), p_value: 0
2026-04-14 12:22:04,005 - INFO - Regula po iteracji 0: IF  THEN class = {2,915.42} [2,178.39, 3,652.44], (p=91, n=41, P=91, N=41)
2026-04-14 12:22:04,005 - INFO - *****STOP GROWING RR RULE*****
2026-04-14 12:22:04,005 - INFO - ***RR NOT FOUND***
2026-04-14 12:22:04,008 - INFO - Iteracja 3: condition_best: HT = {0}, quality_best: 0.467, coverage_best: (p=18, n=3, P=63, N=69)
2026-04-14 12:22:04,008 - INFO - Regula po iteracji 3: IF LOW = {0} AND UI = {0} AND AGE >= 28.50 AND HT = {0} THEN class = {3,352.29} [2,819.02, 3,885.55], (p=18, n=3, P=63, N=69)
2026-04-14 12:22:04,009 - INFO - *****GROWING RR RULE*****
2026-04-14 12:22:04,026 - INFO - Iteracja 0: condition_best: None, quality_best: -inf, coverage_best: (p=0, n=0, P=0, N=0), p_value: 0
2026-04-14 12:22:04,026 - INFO - Regula po iteracji 0: IF  THEN class = {2,915.42} [2,178.39, 3,652.44], (p=91, n=41, P=91, N=41)
2026-04-14 12:22:04,026 - INFO - *****STOP GROWING RR RULE*****
2026-04-14 12:22:04,026 - INFO - ***RR NOT FOUND***
2026-04-14 12:22:04,029 - INFO - Iteracja 4: condition_best: LWT <= 151.50, quality_best: 0.439, coverage_best: (p=13, n=2, P=66, N=66)
2026-04-14 12:22:04,029 - INFO - Regula po iteracji 4: IF LOW = {0} AND UI = {0} AND AGE >= 28.50 AND HT = {0} AND LWT <= 151.50 THEN class = {3,391.67} [2,832.87, 3,950.47], (p=13, n=2, P=66, N=66)
2026-04-14 12:22:04,030 - INFO - *****GROWING RR RULE*****
2026-04-14 12:22:04,047 - INFO - Iteracja 0: condition_best: None, quality_best: -inf, coverage_best: (p=0, n=0, P=0, N=0), p_value: 0
2026-04-14 12:22:04,047 - INFO - Regula po iteracji 0: IF  THEN class = {2,915.42} [2,178.39, 3,652.44], (p=91, n=41, P=91, N=41)
2026-04-14 12:22:04,047 - INFO - *****STOP GROWING RR RULE*****
2026-04-14 12:22:04,047 - INFO - ***RR NOT FOUND***
2026-04-14 12:22:04,047 - INFO - *******STOP GROWING CR RULE*******
2026-04-14 12:22:04,048 - INFO - *******GROWING CR RULE*******
2026-04-14 12:22:04,057 - INFO - Iteracja 0: condition_best: LOW = {0}, quality_best: 0.381, coverage_best: (p=56, n=31, P=56, N=76)
2026-04-14 12:22:04,057 - INFO - Regula po iteracji 0: IF LOW = {0} THEN class = {3,332.61} [2,846.51, 3,818.71], (p=56, n=31, P=56, N=76)
2026-04-14 12:22:04,057 - INFO - *****GROWING RR RULE*****
2026-04-14 12:22:04,074 - INFO - Iteracja 0: condition_best: None, quality_best: -inf, coverage_best: (p=0, n=0, P=0, N=0), p_value: 0
2026-04-14 12:22:04,074 - INFO - Regula po iteracji 0: IF  THEN class = {2,915.42} [2,178.39, 3,652.44], (p=91, n=41, P=91, N=41)
2026-04-14 12:22:04,074 - INFO - *****STOP GROWING RR RULE*****
2026-04-14 12:22:04,075 - INFO - ***RR NOT FOUND***
2026-04-14 12:22:04,082 - INFO - Iteracja 1: condition_best: UI = {0}, quality_best: 0.439, coverage_best: (p=54, n=26, P=55, N=77)
2026-04-14 12:22:04,082 - INFO - Regula po iteracji 1: IF LOW = {0} AND UI = {0} THEN class = {3,370.59} [2,900.00, 3,841.17], (p=54, n=26, P=55, N=77)
2026-04-14 12:22:04,083 - INFO - *****GROWING RR RULE*****
2026-04-14 12:22:04,100 - INFO - Iteracja 0: condition_best: None, quality_best: -inf, coverage_best: (p=0, n=0, P=0, N=0), p_value: 0
2026-04-14 12:22:04,100 - INFO - Regula po iteracji 0: IF  THEN class = {2,915.42} [2,178.39, 3,652.44], (p=91, n=41, P=91, N=41)
2026-04-14 12:22:04,100 - INFO - *****STOP GROWING RR RULE*****
2026-04-14 12:22:04,100 - INFO - ***RR NOT FOUND***
2026-04-14 12:22:04,107 - INFO - Iteracja 2: condition_best: LWT <= 156.50, quality_best: 0.454, coverage_best: (p=45, n=18, P=56, N=76)
2026-04-14 12:22:04,107 - INFO - Regula po iteracji 2: IF LOW = {0} AND UI = {0} AND LWT <= 156.50 THEN class = {3,328.02} [2,851.04, 3,804.99], (p=45, n=18, P=56, N=76)
2026-04-14 12:22:04,107 - INFO - *****GROWING RR RULE*****
2026-04-14 12:22:04,125 - INFO - Iteracja 0: condition_best: None, quality_best: -inf, coverage_best: (p=0, n=0, P=0, N=0), p_value: 0
2026-04-14 12:22:04,125 - INFO - Regula po iteracji 0: IF  THEN class = {2,915.42} [2,178.39, 3,652.44], (p=91, n=41, P=91, N=41)
2026-04-14 12:22:04,125 - INFO - *****STOP GROWING RR RULE*****
2026-04-14 12:22:04,125 - INFO - ***RR NOT FOUND***
2026-04-14 12:22:04,131 - INFO - Iteracja 3: condition_best: LWT >= 107.00, quality_best: 0.46, coverage_best: (p=40, n=15, P=55, N=77)
2026-04-14 12:22:04,131 - INFO - Regula po iteracji 3: IF LOW = {0} AND UI = {0} AND LWT <= 156.50 AND LWT >= 107.00 THEN class = {3,381.24} [2,909.09, 3,853.39], (p=40, n=15, P=55, N=77)
2026-04-14 12:22:04,131 - INFO - *****GROWING RR RULE*****
2026-04-14 12:22:04,148 - INFO - Iteracja 0: condition_best: None, quality_best: -inf, coverage_best: (p=0, n=0, P=0, N=0), p_value: 0
2026-04-14 12:22:04,148 - INFO - Regula po iteracji 0: IF  THEN class = {2,915.42} [2,178.39, 3,652.44], (p=91, n=41, P=91, N=41)
2026-04-14 12:22:04,149 - INFO - *****STOP GROWING RR RULE*****
2026-04-14 12:22:04,149 - INFO - ***RR NOT FOUND***
2026-04-14 12:22:04,154 - INFO - Iteracja 4: condition_best: AGE <= 24.50, quality_best: 0.512, coverage_best: (p=23, n=6, P=46, N=86)
2026-04-14 12:22:04,154 - INFO - Regula po iteracji 4: IF LOW = {0} AND UI = {0} AND LWT <= 156.50 AND LWT >= 107.00 AND AGE <= 24.50 THEN class = {3,424.00} [3,034.01, 3,813.99], (p=23, n=6, P=46, N=86)
2026-04-14 12:22:04,154 - INFO - *****GROWING RR RULE*****
2026-04-14 12:22:04,171 - INFO - Iteracja 0: condition_best: None, quality_best: -inf, coverage_best: (p=0, n=0, P=0, N=0), p_value: 0
2026-04-14 12:22:04,172 - INFO - Regula po iteracji 0: IF  THEN class = {2,915.42} [2,178.39, 3,652.44], (p=91, n=41, P=91, N=41)
2026-04-14 12:22:04,172 - INFO - *****STOP GROWING RR RULE*****
2026-04-14 12:22:04,172 - INFO - ***RR NOT FOUND***
2026-04-14 12:22:04,172 - INFO - *******STOP GROWING CR RULE*******
2026-04-14 12:22:04,173 - INFO - *******GROWING CR RULE*******
2026-04-14 12:22:04,182 - INFO - Iteracja 0: condition_best: LOW = {0}, quality_best: 0.381, coverage_best: (p=56, n=31, P=56, N=76)
2026-04-14 12:22:04,182 - INFO - Regula po iteracji 0: IF LOW = {0} THEN class = {3,332.61} [2,846.51, 3,818.71], (p=56, n=31, P=56, N=76)
2026-04-14 12:22:04,182 - INFO - *****GROWING RR RULE*****
2026-04-14 12:22:04,199 - INFO - Iteracja 0: condition_best: None, quality_best: -inf, coverage_best: (p=0, n=0, P=0, N=0), p_value: 0
2026-04-14 12:22:04,199 - INFO - Regula po iteracji 0: IF  THEN class = {2,915.42} [2,178.39, 3,652.44], (p=91, n=41, P=91, N=41)
2026-04-14 12:22:04,199 - INFO - *****STOP GROWING RR RULE*****
2026-04-14 12:22:04,199 - INFO - ***RR NOT FOUND***
2026-04-14 12:22:04,207 - INFO - Iteracja 1: condition_best: UI = {0}, quality_best: 0.439, coverage_best: (p=54, n=26, P=55, N=77)
2026-04-14 12:22:04,207 - INFO - Regula po iteracji 1: IF LOW = {0} AND UI = {0} THEN class = {3,370.59} [2,900.00, 3,841.17], (p=54, n=26, P=55, N=77)
2026-04-14 12:22:04,207 - INFO - *****GROWING RR RULE*****
2026-04-14 12:22:04,224 - INFO - Iteracja 0: condition_best: None, quality_best: -inf, coverage_best: (p=0, n=0, P=0, N=0), p_value: 0
2026-04-14 12:22:04,224 - INFO - Regula po iteracji 0: IF  THEN class = {2,915.42} [2,178.39, 3,652.44], (p=91, n=41, P=91, N=41)
2026-04-14 12:22:04,224 - INFO - *****STOP GROWING RR RULE*****
2026-04-14 12:22:04,224 - INFO - ***RR NOT FOUND***
2026-04-14 12:22:04,232 - INFO - Iteracja 2: condition_best: LWT <= 156.50, quality_best: 0.454, coverage_best: (p=45, n=18, P=56, N=76)
2026-04-14 12:22:04,232 - INFO - Regula po iteracji 2: IF LOW = {0} AND UI = {0} AND LWT <= 156.50 THEN class = {3,328.02} [2,851.04, 3,804.99], (p=45, n=18, P=56, N=76)
2026-04-14 12:22:04,232 - INFO - *****GROWING RR RULE*****
2026-04-14 12:22:04,249 - INFO - Iteracja 0: condition_best: None, quality_best: -inf, coverage_best: (p=0, n=0, P=0, N=0), p_value: 0
2026-04-14 12:22:04,249 - INFO - Regula po iteracji 0: IF  THEN class = {2,915.42} [2,178.39, 3,652.44], (p=91, n=41, P=91, N=41)
2026-04-14 12:22:04,249 - INFO - *****STOP GROWING RR RULE*****
2026-04-14 12:22:04,249 - INFO - ***RR NOT FOUND***
2026-04-14 12:22:04,255 - INFO - Iteracja 3: condition_best: LWT >= 107.00, quality_best: 0.46, coverage_best: (p=40, n=15, P=55, N=77)
2026-04-14 12:22:04,255 - INFO - Regula po iteracji 3: IF LOW = {0} AND UI = {0} AND LWT <= 156.50 AND LWT >= 107.00 THEN class = {3,381.24} [2,909.09, 3,853.39], (p=40, n=15, P=55, N=77)
2026-04-14 12:22:04,255 - INFO - *****GROWING RR RULE*****
2026-04-14 12:22:04,273 - INFO - Iteracja 0: condition_best: None, quality_best: -inf, coverage_best: (p=0, n=0, P=0, N=0), p_value: 0
2026-04-14 12:22:04,273 - INFO - Regula po iteracji 0: IF  THEN class = {2,915.42} [2,178.39, 3,652.44], (p=91, n=41, P=91, N=41)
2026-04-14 12:22:04,273 - INFO - *****STOP GROWING RR RULE*****
2026-04-14 12:22:04,273 - INFO - ***RR NOT FOUND***
2026-04-14 12:22:04,278 - INFO - Iteracja 4: condition_best: AGE >= 15.00, quality_best: 0.48, coverage_best: (p=40, n=14, P=55, N=77)
2026-04-14 12:22:04,278 - INFO - Regula po iteracji 4: IF LOW = {0} AND UI = {0} AND LWT <= 156.50 AND LWT >= 107.00 AND AGE >= 15.00 THEN class = {3,370.87} [2,900.61, 3,841.13], (p=40, n=14, P=55, N=77)
2026-04-14 12:22:04,278 - INFO - *****GROWING RR RULE*****
2026-04-14 12:22:04,296 - INFO - Iteracja 0: condition_best: None, quality_best: -inf, coverage_best: (p=0, n=0, P=0, N=0), p_value: 0
2026-04-14 12:22:04,296 - INFO - Regula po iteracji 0: IF  THEN class = {2,915.42} [2,178.39, 3,652.44], (p=91, n=41, P=91, N=41)
2026-04-14 12:22:04,296 - INFO - *****STOP GROWING RR RULE*****
2026-04-14 12:22:04,296 - INFO - ***RR NOT FOUND***
2026-04-14 12:22:04,296 - INFO - *******STOP GROWING CR RULE*******
2026-04-14 12:22:04,297 - INFO - *******GROWING CR RULE*******
2026-04-14 12:22:04,306 - INFO - Iteracja 0: condition_best: LOW = {0}, quality_best: 0.381, coverage_best: (p=56, n=31, P=56, N=76)
2026-04-14 12:22:04,306 - INFO - Regula po iteracji 0: IF LOW = {0} THEN class = {3,332.61} [2,846.51, 3,818.71], (p=56, n=31, P=56, N=76)
2026-04-14 12:22:04,306 - INFO - *****GROWING RR RULE*****
2026-04-14 12:22:04,323 - INFO - Iteracja 0: condition_best: None, quality_best: -inf, coverage_best: (p=0, n=0, P=0, N=0), p_value: 0
2026-04-14 12:22:04,323 - INFO - Regula po iteracji 0: IF  THEN class = {2,915.42} [2,178.39, 3,652.44], (p=91, n=41, P=91, N=41)
2026-04-14 12:22:04,323 - INFO - *****STOP GROWING RR RULE*****
2026-04-14 12:22:04,323 - INFO - ***RR NOT FOUND***
2026-04-14 12:22:04,330 - INFO - Iteracja 1: condition_best: UI = {0}, quality_best: 0.439, coverage_best: (p=54, n=26, P=55, N=77)
2026-04-14 12:22:04,331 - INFO - Regula po iteracji 1: IF LOW = {0} AND UI = {0} THEN class = {3,370.59} [2,900.00, 3,841.17], (p=54, n=26, P=55, N=77)
2026-04-14 12:22:04,331 - INFO - *****GROWING RR RULE*****
2026-04-14 12:22:04,348 - INFO - Iteracja 0: condition_best: None, quality_best: -inf, coverage_best: (p=0, n=0, P=0, N=0), p_value: 0
2026-04-14 12:22:04,348 - INFO - Regula po iteracji 0: IF  THEN class = {2,915.42} [2,178.39, 3,652.44], (p=91, n=41, P=91, N=41)
2026-04-14 12:22:04,348 - INFO - *****STOP GROWING RR RULE*****
2026-04-14 12:22:04,348 - INFO - ***RR NOT FOUND***
2026-04-14 12:22:04,355 - INFO - Iteracja 2: condition_best: LWT <= 156.50, quality_best: 0.454, coverage_best: (p=45, n=18, P=56, N=76)
2026-04-14 12:22:04,355 - INFO - Regula po iteracji 2: IF LOW = {0} AND UI = {0} AND LWT <= 156.50 THEN class = {3,328.02} [2,851.04, 3,804.99], (p=45, n=18, P=56, N=76)
2026-04-14 12:22:04,355 - INFO - *****GROWING RR RULE*****
2026-04-14 12:22:04,373 - INFO - Iteracja 0: condition_best: None, quality_best: -inf, coverage_best: (p=0, n=0, P=0, N=0), p_value: 0
2026-04-14 12:22:04,373 - INFO - Regula po iteracji 0: IF  THEN class = {2,915.42} [2,178.39, 3,652.44], (p=91, n=41, P=91, N=41)
2026-04-14 12:22:04,373 - INFO - *****STOP GROWING RR RULE*****
2026-04-14 12:22:04,373 - INFO - ***RR NOT FOUND***
2026-04-14 12:22:04,378 - INFO - Iteracja 3: condition_best: AGE >= 15.00, quality_best: 0.452, coverage_best: (p=44, n=18, P=55, N=77)
2026-04-14 12:22:04,379 - INFO - Regula po iteracji 3: IF LOW = {0} AND UI = {0} AND LWT <= 156.50 AND AGE >= 15.00 THEN class = {3,318.13} [2,843.77, 3,792.49], (p=44, n=18, P=55, N=77)
2026-04-14 12:22:04,379 - INFO - *****GROWING RR RULE*****
2026-04-14 12:22:04,396 - INFO - Iteracja 0: condition_best: None, quality_best: -inf, coverage_best: (p=0, n=0, P=0, N=0), p_value: 0
2026-04-14 12:22:04,396 - INFO - Regula po iteracji 0: IF  THEN class = {2,915.42} [2,178.39, 3,652.44], (p=91, n=41, P=91, N=41)
2026-04-14 12:22:04,396 - INFO - *****STOP GROWING RR RULE*****
2026-04-14 12:22:04,396 - INFO - ***RR NOT FOUND***
2026-04-14 12:22:04,402 - INFO - Iteracja 4: condition_best: LWT >= 97.50, quality_best: 0.468, coverage_best: (p=43, n=16, P=56, N=76)
2026-04-14 12:22:04,402 - INFO - Regula po iteracji 4: IF LOW = {0} AND UI = {0} AND LWT <= 156.50 AND AGE >= 15.00 AND LWT >= 97.50 THEN class = {3,335.00} [2,856.70, 3,813.30], (p=43, n=16, P=56, N=76)
2026-04-14 12:22:04,402 - INFO - *****GROWING RR RULE*****
2026-04-14 12:22:04,419 - INFO - Iteracja 0: condition_best: None, quality_best: -inf, coverage_best: (p=0, n=0, P=0, N=0), p_value: 0
2026-04-14 12:22:04,420 - INFO - Regula po iteracji 0: IF  THEN class = {2,915.42} [2,178.39, 3,652.44], (p=91, n=41, P=91, N=41)
2026-04-14 12:22:04,420 - INFO - *****STOP GROWING RR RULE*****
2026-04-14 12:22:04,420 - INFO - ***RR NOT FOUND***
2026-04-14 12:22:04,420 - INFO - *******STOP GROWING CR RULE*******
2026-04-14 12:22:04,420 - INFO - *******GROWING CR RULE*******
2026-04-14 12:22:04,429 - INFO - Iteracja 0: condition_best: LOW = {0}, quality_best: 0.381, coverage_best: (p=56, n=31, P=56, N=76)
2026-04-14 12:22:04,429 - INFO - Regula po iteracji 0: IF LOW = {0} THEN class = {3,332.61} [2,846.51, 3,818.71], (p=56, n=31, P=56, N=76)
2026-04-14 12:22:04,430 - INFO - *****GROWING RR RULE*****
2026-04-14 12:22:04,447 - INFO - Iteracja 0: condition_best: None, quality_best: -inf, coverage_best: (p=0, n=0, P=0, N=0), p_value: 0
2026-04-14 12:22:04,447 - INFO - Regula po iteracji 0: IF  THEN class = {2,915.42} [2,178.39, 3,652.44], (p=91, n=41, P=91, N=41)
2026-04-14 12:22:04,447 - INFO - *****STOP GROWING RR RULE*****
2026-04-14 12:22:04,447 - INFO - ***RR NOT FOUND***
2026-04-14 12:22:04,454 - INFO - Iteracja 1: condition_best: UI = {0}, quality_best: 0.439, coverage_best: (p=54, n=26, P=55, N=77)
2026-04-14 12:22:04,455 - INFO - Regula po iteracji 1: IF LOW = {0} AND UI = {0} THEN class = {3,370.59} [2,900.00, 3,841.17], (p=54, n=26, P=55, N=77)
2026-04-14 12:22:04,455 - INFO - *****GROWING RR RULE*****
2026-04-14 12:22:04,472 - INFO - Iteracja 0: condition_best: None, quality_best: -inf, coverage_best: (p=0, n=0, P=0, N=0), p_value: 0
2026-04-14 12:22:04,472 - INFO - Regula po iteracji 0: IF  THEN class = {2,915.42} [2,178.39, 3,652.44], (p=91, n=41, P=91, N=41)
2026-04-14 12:22:04,472 - INFO - *****STOP GROWING RR RULE*****
2026-04-14 12:22:04,472 - INFO - ***RR NOT FOUND***
2026-04-14 12:22:04,479 - INFO - Iteracja 2: condition_best: LWT <= 168.50, quality_best: 0.454, coverage_best: (p=48, n=20, P=56, N=76)
2026-04-14 12:22:04,479 - INFO - Regula po iteracji 2: IF LOW = {0} AND UI = {0} AND LWT <= 168.50 THEN class = {3,331.99} [2,850.76, 3,813.21], (p=48, n=20, P=56, N=76)
2026-04-14 12:22:04,479 - INFO - *****GROWING RR RULE*****
2026-04-14 12:22:04,497 - INFO - Iteracja 0: condition_best: None, quality_best: -inf, coverage_best: (p=0, n=0, P=0, N=0), p_value: 0
2026-04-14 12:22:04,497 - INFO - Regula po iteracji 0: IF  THEN class = {2,915.42} [2,178.39, 3,652.44], (p=91, n=41, P=91, N=41)
2026-04-14 12:22:04,497 - INFO - *****STOP GROWING RR RULE*****
2026-04-14 12:22:04,497 - INFO - ***RR NOT FOUND***
2026-04-14 12:22:04,503 - INFO - Iteracja 3: condition_best: AGE >= 15.00, quality_best: 0.471, coverage_best: (p=48, n=19, P=56, N=76)
2026-04-14 12:22:04,503 - INFO - Regula po iteracji 3: IF LOW = {0} AND UI = {0} AND LWT <= 168.50 AND AGE >= 15.00 THEN class = {3,322.90} [2,843.92, 3,801.87], (p=48, n=19, P=56, N=76)
2026-04-14 12:22:04,503 - INFO - *****GROWING RR RULE*****
2026-04-14 12:22:04,520 - INFO - Iteracja 0: condition_best: None, quality_best: -inf, coverage_best: (p=0, n=0, P=0, N=0), p_value: 0
2026-04-14 12:22:04,521 - INFO - Regula po iteracji 0: IF  THEN class = {2,915.42} [2,178.39, 3,652.44], (p=91, n=41, P=91, N=41)
2026-04-14 12:22:04,521 - INFO - *****STOP GROWING RR RULE*****
2026-04-14 12:22:04,521 - INFO - ***RR NOT FOUND***
2026-04-14 12:22:04,527 - INFO - Iteracja 4: condition_best: LWT >= 97.50, quality_best: 0.466, coverage_best: (p=46, n=18, P=56, N=76)
2026-04-14 12:22:04,527 - INFO - Regula po iteracji 4: IF LOW = {0} AND UI = {0} AND LWT <= 168.50 AND AGE >= 15.00 AND LWT >= 97.50 THEN class = {3,338.67} [2,856.03, 3,821.32], (p=46, n=18, P=56, N=76)
2026-04-14 12:22:04,527 - INFO - *****GROWING RR RULE*****
2026-04-14 12:22:04,544 - INFO - Iteracja 0: condition_best: None, quality_best: -inf, coverage_best: (p=0, n=0, P=0, N=0), p_value: 0
2026-04-14 12:22:04,545 - INFO - Regula po iteracji 0: IF  THEN class = {2,915.42} [2,178.39, 3,652.44], (p=91, n=41, P=91, N=41)
2026-04-14 12:22:04,545 - INFO - *****STOP GROWING RR RULE*****
2026-04-14 12:22:04,545 - INFO - ***RR NOT FOUND***
2026-04-14 12:22:04,545 - INFO - *******STOP GROWING CR RULE*******
2026-04-14 12:22:04,545 - INFO - *******GROWING CR RULE*******
2026-04-14 12:22:04,554 - INFO - Iteracja 0: condition_best: LOW = {0}, quality_best: 0.381, coverage_best: (p=56, n=31, P=56, N=76)
2026-04-14 12:22:04,554 - INFO - Regula po iteracji 0: IF LOW = {0} THEN class = {3,332.61} [2,846.51, 3,818.71], (p=56, n=31, P=56, N=76)
2026-04-14 12:22:04,554 - INFO - *****GROWING RR RULE*****
2026-04-14 12:22:04,572 - INFO - Iteracja 0: condition_best: None, quality_best: -inf, coverage_best: (p=0, n=0, P=0, N=0), p_value: 0
2026-04-14 12:22:04,572 - INFO - Regula po iteracji 0: IF  THEN class = {2,915.42} [2,178.39, 3,652.44], (p=91, n=41, P=91, N=41)
2026-04-14 12:22:04,572 - INFO - *****STOP GROWING RR RULE*****
2026-04-14 12:22:04,572 - INFO - ***RR NOT FOUND***
2026-04-14 12:22:04,579 - INFO - Iteracja 1: condition_best: UI = {0}, quality_best: 0.439, coverage_best: (p=54, n=26, P=55, N=77)
2026-04-14 12:22:04,579 - INFO - Regula po iteracji 1: IF LOW = {0} AND UI = {0} THEN class = {3,370.59} [2,900.00, 3,841.17], (p=54, n=26, P=55, N=77)
2026-04-14 12:22:04,580 - INFO - *****GROWING RR RULE*****
2026-04-14 12:22:04,597 - INFO - Iteracja 0: condition_best: None, quality_best: -inf, coverage_best: (p=0, n=0, P=0, N=0), p_value: 0
2026-04-14 12:22:04,597 - INFO - Regula po iteracji 0: IF  THEN class = {2,915.42} [2,178.39, 3,652.44], (p=91, n=41, P=91, N=41)
2026-04-14 12:22:04,597 - INFO - *****STOP GROWING RR RULE*****
2026-04-14 12:22:04,597 - INFO - ***RR NOT FOUND***
2026-04-14 12:22:04,604 - INFO - Iteracja 2: condition_best: AGE >= 15.00, quality_best: 0.453, coverage_best: (p=54, n=25, P=55, N=77)
2026-04-14 12:22:04,604 - INFO - Regula po iteracji 2: IF LOW = {0} AND UI = {0} AND AGE >= 15.00 THEN class = {3,363.37} [2,894.24, 3,832.50], (p=54, n=25, P=55, N=77)
2026-04-14 12:22:04,604 - INFO - *****GROWING RR RULE*****
2026-04-14 12:22:04,621 - INFO - Iteracja 0: condition_best: None, quality_best: -inf, coverage_best: (p=0, n=0, P=0, N=0), p_value: 0
2026-04-14 12:22:04,622 - INFO - Regula po iteracji 0: IF  THEN class = {2,915.42} [2,178.39, 3,652.44], (p=91, n=41, P=91, N=41)
2026-04-14 12:22:04,622 - INFO - *****STOP GROWING RR RULE*****
2026-04-14 12:22:04,622 - INFO - ***RR NOT FOUND***
2026-04-14 12:22:04,629 - INFO - Iteracja 3: condition_best: LWT >= 107.00, quality_best: 0.471, coverage_best: (p=50, n=21, P=55, N=77)
2026-04-14 12:22:04,629 - INFO - Regula po iteracji 3: IF LOW = {0} AND UI = {0} AND AGE >= 15.00 AND LWT >= 107.00 THEN class = {3,408.58} [2,947.28, 3,869.87], (p=50, n=21, P=55, N=77)
2026-04-14 12:22:04,629 - INFO - *****GROWING RR RULE*****
2026-04-14 12:22:04,646 - INFO - Iteracja 0: condition_best: None, quality_best: -inf, coverage_best: (p=0, n=0, P=0, N=0), p_value: 0
2026-04-14 12:22:04,646 - INFO - Regula po iteracji 0: IF  THEN class = {2,915.42} [2,178.39, 3,652.44], (p=91, n=41, P=91, N=41)
2026-04-14 12:22:04,647 - INFO - *****STOP GROWING RR RULE*****
2026-04-14 12:22:04,647 - INFO - ***RR NOT FOUND***
2026-04-14 12:22:04,653 - INFO - Iteracja 4: condition_best: AGE <= 24.50, quality_best: 0.472, coverage_best: (p=27, n=10, P=45, N=87)
2026-04-14 12:22:04,653 - INFO - Regula po iteracji 4: IF LOW = {0} AND UI = {0} AND AGE >= 15.00 AND LWT >= 107.00 AND AGE <= 24.50 THEN class = {3,457.49} [3,072.66, 3,842.31], (p=27, n=10, P=45, N=87)
2026-04-14 12:22:04,654 - INFO - *****GROWING RR RULE*****
2026-04-14 12:22:04,671 - INFO - Iteracja 0: condition_best: None, quality_best: -inf, coverage_best: (p=0, n=0, P=0, N=0), p_value: 0
2026-04-14 12:22:04,671 - INFO - Regula po iteracji 0: IF  THEN class = {2,915.42} [2,178.39, 3,652.44], (p=91, n=41, P=91, N=41)
2026-04-14 12:22:04,671 - INFO - *****STOP GROWING RR RULE*****
2026-04-14 12:22:04,671 - INFO - ***RR NOT FOUND***
2026-04-14 12:22:04,671 - INFO - *******STOP GROWING CR RULE*******
2026-04-14 12:22:04,671 - INFO - *******GROWING CR RULE*******
2026-04-14 12:22:04,680 - INFO - Iteracja 0: condition_best: LOW = {0}, quality_best: 0.381, coverage_best: (p=56, n=31, P=56, N=76)
2026-04-14 12:22:04,680 - INFO - Regula po iteracji 0: IF LOW = {0} THEN class = {3,332.61} [2,846.51, 3,818.71], (p=56, n=31, P=56, N=76)
2026-04-14 12:22:04,681 - INFO - *****GROWING RR RULE*****
2026-04-14 12:22:04,698 - INFO - Iteracja 0: condition_best: None, quality_best: -inf, coverage_best: (p=0, n=0, P=0, N=0), p_value: 0
2026-04-14 12:22:04,698 - INFO - Regula po iteracji 0: IF  THEN class = {2,915.42} [2,178.39, 3,652.44], (p=91, n=41, P=91, N=41)
2026-04-14 12:22:04,698 - INFO - *****STOP GROWING RR RULE*****
2026-04-14 12:22:04,698 - INFO - ***RR NOT FOUND***
2026-04-14 12:22:04,706 - INFO - Iteracja 1: condition_best: UI = {1}, quality_best: 0.426, coverage_best: (p=6, n=1, P=52, N=80)
2026-04-14 12:22:04,706 - INFO - Regula po iteracji 1: IF LOW = {0} AND UI = {1} THEN class = {2,898.57} [2,450.15, 3,347.00], (p=6, n=1, P=52, N=80)
2026-04-14 12:22:04,706 - INFO - *****GROWING RR RULE*****
2026-04-14 12:22:04,725 - INFO - Iteracja 0: condition_best: None, quality_best: -inf, coverage_best: (p=0, n=0, P=0, N=0), p_value: 0
2026-04-14 12:22:04,725 - INFO - Regula po iteracji 0: IF  THEN class = {2,915.42} [2,178.39, 3,652.44], (p=91, n=41, P=91, N=41)
2026-04-14 12:22:04,726 - INFO - *****STOP GROWING RR RULE*****
2026-04-14 12:22:04,726 - INFO - ***RR NOT FOUND***
2026-04-14 12:22:04,728 - INFO - Iteracja 2: condition_best: AGE <= 30.50, quality_best: 0.47, coverage_best: (p=4, n=1, P=18, N=114)
2026-04-14 12:22:04,728 - INFO - Regula po iteracji 2: IF LOW = {0} AND UI = {1} AND AGE <= 30.50 THEN class = {2,708.60} [2,510.57, 2,906.63], (p=4, n=1, P=18, N=114)
2026-04-14 12:22:04,728 - INFO - *****GROWING RR RULE*****
2026-04-14 12:22:04,745 - INFO - Iteracja 0: condition_best: None, quality_best: -inf, coverage_best: (p=0, n=0, P=0, N=0), p_value: 0
2026-04-14 12:22:04,745 - INFO - Regula po iteracji 0: IF  THEN class = {2,915.42} [2,178.39, 3,652.44], (p=91, n=41, P=91, N=41)
2026-04-14 12:22:04,745 - INFO - *****STOP GROWING RR RULE*****
2026-04-14 12:22:04,745 - INFO - ***RR NOT FOUND***
2026-04-14 12:22:04,747 - INFO - Iteracja 3: condition_best: HT = {0}, quality_best: 0.47, coverage_best: (p=4, n=1, P=18, N=114)
2026-04-14 12:22:04,747 - INFO - Regula po iteracji 3: IF LOW = {0} AND UI = {1} AND AGE <= 30.50 AND HT = {0} THEN class = {2,708.60} [2,510.57, 2,906.63], (p=4, n=1, P=18, N=114)
2026-04-14 12:22:04,747 - INFO - *****GROWING RR RULE*****
2026-04-14 12:22:04,764 - INFO - Iteracja 0: condition_best: None, quality_best: -inf, coverage_best: (p=0, n=0, P=0, N=0), p_value: 0
2026-04-14 12:22:04,764 - INFO - Regula po iteracji 0: IF  THEN class = {2,915.42} [2,178.39, 3,652.44], (p=91, n=41, P=91, N=41)
2026-04-14 12:22:04,765 - INFO - *****STOP GROWING RR RULE*****
2026-04-14 12:22:04,765 - INFO - ***RR NOT FOUND***
2026-04-14 12:22:04,766 - INFO - Iteracja 4: condition_best: None, quality_best: -inf, coverage_best: (p=0, n=0, P=0, N=0)
2026-04-14 12:22:04,766 - INFO - Regula po iteracji 4: IF LOW = {0} AND UI = {1} AND AGE <= 30.50 AND HT = {0} THEN class = {2,708.60} [2,510.57, 2,906.63], (p=4, n=1, P=18, N=114)
2026-04-14 12:22:04,766 - INFO - *******STOP GROWING CR RULE*******
2026-04-14 12:22:04,767 - INFO - *******GROWING CR RULE*******
2026-04-14 12:22:04,775 - INFO - Iteracja 0: condition_best: LOW = {0}, quality_best: 0.381, coverage_best: (p=56, n=31, P=56, N=76)
2026-04-14 12:22:04,775 - INFO - Regula po iteracji 0: IF LOW = {0} THEN class = {3,332.61} [2,846.51, 3,818.71], (p=56, n=31, P=56, N=76)
2026-04-14 12:22:04,776 - INFO - *****GROWING RR RULE*****
2026-04-14 12:22:04,793 - INFO - Iteracja 0: condition_best: None, quality_best: -inf, coverage_best: (p=0, n=0, P=0, N=0), p_value: 0
2026-04-14 12:22:04,793 - INFO - Regula po iteracji 0: IF  THEN class = {2,915.42} [2,178.39, 3,652.44], (p=91, n=41, P=91, N=41)
2026-04-14 12:22:04,793 - INFO - *****STOP GROWING RR RULE*****
2026-04-14 12:22:04,793 - INFO - ***RR NOT FOUND***
2026-04-14 12:22:04,800 - INFO - Iteracja 1: condition_best: AGE >= 16.50, quality_best: 0.416, coverage_best: (p=56, n=26, P=59, N=73)
2026-04-14 12:22:04,801 - INFO - Regula po iteracji 1: IF LOW = {0} AND AGE >= 16.50 THEN class = {3,313.96} [2,822.81, 3,805.12], (p=56, n=26, P=59, N=73)
2026-04-14 12:22:04,801 - INFO - *****GROWING RR RULE*****
2026-04-14 12:22:04,818 - INFO - Iteracja 0: condition_best: None, quality_best: -inf, coverage_best: (p=0, n=0, P=0, N=0), p_value: 0
2026-04-14 12:22:04,818 - INFO - Regula po iteracji 0: IF  THEN class = {2,915.42} [2,178.39, 3,652.44], (p=91, n=41, P=91, N=41)
2026-04-14 12:22:04,818 - INFO - *****STOP GROWING RR RULE*****
2026-04-14 12:22:04,818 - INFO - ***RR NOT FOUND***
2026-04-14 12:22:04,826 - INFO - Iteracja 2: condition_best: AGE >= 17.50, quality_best: 0.41, coverage_best: (p=54, n=25, P=59, N=73)
2026-04-14 12:22:04,826 - INFO - Regula po iteracji 2: IF LOW = {0} AND AGE >= 16.50 AND AGE >= 17.50 THEN class = {3,320.39} [2,826.82, 3,813.96], (p=54, n=25, P=59, N=73)
2026-04-14 12:22:04,826 - INFO - *****GROWING RR RULE*****
2026-04-14 12:22:04,843 - INFO - Iteracja 0: condition_best: None, quality_best: -inf, coverage_best: (p=0, n=0, P=0, N=0), p_value: 0
2026-04-14 12:22:04,843 - INFO - Regula po iteracji 0: IF  THEN class = {2,915.42} [2,178.39, 3,652.44], (p=91, n=41, P=91, N=41)
2026-04-14 12:22:04,843 - INFO - *****STOP GROWING RR RULE*****
2026-04-14 12:22:04,843 - INFO - ***RR NOT FOUND***
2026-04-14 12:22:04,851 - INFO - Iteracja 3: condition_best: AGE >= 18.50, quality_best: 0.399, coverage_best: (p=51, n=25, P=57, N=75)
2026-04-14 12:22:04,851 - INFO - Regula po iteracji 3: IF LOW = {0} AND AGE >= 16.50 AND AGE >= 17.50 AND AGE >= 18.50 THEN class = {3,340.34} [2,849.21, 3,831.48], (p=51, n=25, P=57, N=75)
2026-04-14 12:22:04,851 - INFO - *****GROWING RR RULE*****
2026-04-14 12:22:04,868 - INFO - Iteracja 0: condition_best: None, quality_best: -inf, coverage_best: (p=0, n=0, P=0, N=0), p_value: 0
2026-04-14 12:22:04,868 - INFO - Regula po iteracji 0: IF  THEN class = {2,915.42} [2,178.39, 3,652.44], (p=91, n=41, P=91, N=41)
2026-04-14 12:22:04,868 - INFO - *****STOP GROWING RR RULE*****
2026-04-14 12:22:04,868 - INFO - ***RR NOT FOUND***
2026-04-14 12:22:04,876 - INFO - Iteracja 4: condition_best: AGE <= 40.50, quality_best: 0.369, coverage_best: (p=48, n=27, P=54, N=78)
2026-04-14 12:22:04,876 - INFO - Regula po iteracji 4: IF LOW = {0} AND AGE >= 16.50 AND AGE >= 17.50 AND AGE >= 18.50 AND AGE <= 40.50 THEN class = {3,318.35} [2,862.65, 3,774.04], (p=48, n=27, P=54, N=78)
2026-04-14 12:22:04,876 - INFO - *****GROWING RR RULE*****
2026-04-14 12:22:04,893 - INFO - Iteracja 0: condition_best: None, quality_best: -inf, coverage_best: (p=0, n=0, P=0, N=0), p_value: 0
2026-04-14 12:22:04,893 - INFO - Regula po iteracji 0: IF  THEN class = {2,915.42} [2,178.39, 3,652.44], (p=91, n=41, P=91, N=41)
2026-04-14 12:22:04,894 - INFO - *****STOP GROWING RR RULE*****
2026-04-14 12:22:04,894 - INFO - ***RR NOT FOUND***
2026-04-14 12:22:04,894 - INFO - *******STOP GROWING CR RULE*******
2026-04-14 12:22:04,894 - INFO - *******GROWING CR RULE*******
2026-04-14 12:22:04,903 - INFO - Iteracja 0: condition_best: AGE >= 40.50, quality_best: 1.0, coverage_best: (p=1, n=0, P=1, N=131)
2026-04-14 12:22:04,903 - INFO - Regula po iteracji 0: IF AGE >= 40.50 THEN class = {4,990.00} [4,990.00, 4,990.00], (p=1, n=0, P=1, N=131)
2026-04-14 12:22:04,903 - INFO - *****GROWING RR RULE*****
2026-04-14 12:22:04,920 - INFO - Iteracja 0: condition_best: None, quality_best: -inf, coverage_best: (p=0, n=0, P=0, N=0), p_value: 0
2026-04-14 12:22:04,920 - INFO - Regula po iteracji 0: IF  THEN class = {2,915.42} [2,178.39, 3,652.44], (p=91, n=41, P=91, N=41)
2026-04-14 12:22:04,921 - INFO - *****STOP GROWING RR RULE*****
2026-04-14 12:22:04,921 - INFO - ***RR NOT FOUND***
2026-04-14 12:22:04,921 - INFO - Iteracja 1: condition_best: LOW = {0}, quality_best: 1.0, coverage_best: (p=1, n=0, P=1, N=131)
2026-04-14 12:22:04,921 - INFO - Regula po iteracji 1: IF AGE >= 40.50 AND LOW = {0} THEN class = {4,990.00} [4,990.00, 4,990.00], (p=1, n=0, P=1, N=131)
2026-04-14 12:22:04,922 - INFO - *****GROWING RR RULE*****
2026-04-14 12:22:04,939 - INFO - Iteracja 0: condition_best: None, quality_best: -inf, coverage_best: (p=0, n=0, P=0, N=0), p_value: 0
2026-04-14 12:22:04,939 - INFO - Regula po iteracji 0: IF  THEN class = {2,915.42} [2,178.39, 3,652.44], (p=91, n=41, P=91, N=41)
2026-04-14 12:22:04,939 - INFO - *****STOP GROWING RR RULE*****
2026-04-14 12:22:04,939 - INFO - ***RR NOT FOUND***
2026-04-14 12:22:04,940 - INFO - Iteracja 2: condition_best: RACE = {1}, quality_best: 1.0, coverage_best: (p=1, n=0, P=1, N=131)
2026-04-14 12:22:04,940 - INFO - Regula po iteracji 2: IF AGE >= 40.50 AND LOW = {0} AND RACE = {1} THEN class = {4,990.00} [4,990.00, 4,990.00], (p=1, n=0, P=1, N=131)
2026-04-14 12:22:04,940 - INFO - *****GROWING RR RULE*****
2026-04-14 12:22:04,957 - INFO - Iteracja 0: condition_best: None, quality_best: -inf, coverage_best: (p=0, n=0, P=0, N=0), p_value: 0
2026-04-14 12:22:04,958 - INFO - Regula po iteracji 0: IF  THEN class = {2,915.42} [2,178.39, 3,652.44], (p=91, n=41, P=91, N=41)
2026-04-14 12:22:04,958 - INFO - *****STOP GROWING RR RULE*****
2026-04-14 12:22:04,958 - INFO - ***RR NOT FOUND***
2026-04-14 12:22:04,958 - INFO - Iteracja 3: condition_best: SMOKE = {0}, quality_best: 1.0, coverage_best: (p=1, n=0, P=1, N=131)
2026-04-14 12:22:04,958 - INFO - Regula po iteracji 3: IF AGE >= 40.50 AND LOW = {0} AND RACE = {1} AND SMOKE = {0} THEN class = {4,990.00} [4,990.00, 4,990.00], (p=1, n=0, P=1, N=131)
2026-04-14 12:22:04,959 - INFO - *****GROWING RR RULE*****
2026-04-14 12:22:04,976 - INFO - Iteracja 0: condition_best: None, quality_best: -inf, coverage_best: (p=0, n=0, P=0, N=0), p_value: 0
2026-04-14 12:22:04,976 - INFO - Regula po iteracji 0: IF  THEN class = {2,915.42} [2,178.39, 3,652.44], (p=91, n=41, P=91, N=41)
2026-04-14 12:22:04,976 - INFO - *****STOP GROWING RR RULE*****
2026-04-14 12:22:04,976 - INFO - ***RR NOT FOUND***
2026-04-14 12:22:04,977 - INFO - Iteracja 4: condition_best: PTL = {0}, quality_best: 1.0, coverage_best: (p=1, n=0, P=1, N=131)
2026-04-14 12:22:04,977 - INFO - Regula po iteracji 4: IF AGE >= 40.50 AND LOW = {0} AND RACE = {1} AND SMOKE = {0} AND PTL = {0} THEN class = {4,990.00} [4,990.00, 4,990.00], (p=1, n=0, P=1, N=131)
2026-04-14 12:22:04,977 - INFO - *****GROWING RR RULE*****
2026-04-14 12:22:04,995 - INFO - Iteracja 0: condition_best: None, quality_best: -inf, coverage_best: (p=0, n=0, P=0, N=0), p_value: 0
2026-04-14 12:22:04,995 - INFO - Regula po iteracji 0: IF  THEN class = {2,915.42} [2,178.39, 3,652.44], (p=91, n=41, P=91, N=41)
2026-04-14 12:22:04,995 - INFO - *****STOP GROWING RR RULE*****
2026-04-14 12:22:04,995 - INFO - ***RR NOT FOUND***
2026-04-14 12:22:04,995 - INFO - *******STOP GROWING CR RULE*******
2026-04-14 12:22:05,003 - INFO - ************************Finished experiment for lowbwt.arff with algorithm_rer_with_exceptions************************
2026-04-14 12:22:05,003 - INFO - *************************************************************************************************************************
2026-04-14 12:22:05,003 - INFO - *************************************************************************************************************************
2026-04-14 12:22:05,003 - INFO - *************************************************************************************************************************
2026-04-14 12:22:05,004 - INFO - **********Starting experiment for lowbwt.arff with decision_tree**********
2026-04-14 12:22:05,027 - INFO - ************************Finished experiment for lowbwt.arff with decision_tree************************
2026-04-14 12:22:05,027 - INFO - *************************************************************************************************************************
2026-04-14 12:22:05,027 - INFO - *************************************************************************************************************************
2026-04-14 12:22:05,027 - INFO - *************************************************************************************************************************
