2026-04-08 10:36:30,544 - INFO - **********Starting experiment for 13_uis.arff with algorithm_rulekit**********
2026-04-08 10:36:33,834 - INFO - ************************Finished experiment for 13_uis.arff with algorithm_rulekit************************
2026-04-08 10:36:33,834 - INFO - *************************************************************************************************************************
2026-04-08 10:36:33,834 - INFO - *************************************************************************************************************************
2026-04-08 10:36:33,834 - INFO - *************************************************************************************************************************
2026-04-08 10:36:33,835 - INFO - **********Starting experiment for 13_uis.arff with algorithm_log_rank**********
2026-04-08 10:36:33,844 - INFO - *******GROWING CR RULE*******
2026-04-08 10:36:36,441 - INFO - Iteracja 0: condition_best: FRAC >= 0.09, quality_best: 1.0, coverage_best: (p=385, n=0, P=402, N=0)
2026-04-08 10:36:36,446 - INFO - Regula po iteracji 0: IF FRAC >= 0.09 THEN survival_status = {nan}, (p=385, n=0, P=402, N=0)
2026-04-08 10:36:39,063 - INFO - Iteracja 1: condition_best: AGE <= 48.50, quality_best: 1.0, coverage_best: (p=384, n=0, P=402, N=0)
2026-04-08 10:36:39,067 - INFO - Regula po iteracji 1: IF FRAC >= 0.09 AND AGE <= 48.50 THEN survival_status = {184.0}, (p=384, n=0, P=402, N=0)
2026-04-08 10:36:41,713 - INFO - Iteracja 2: condition_best: BECK <= 40.50, quality_best: 1.0, coverage_best: (p=383, n=0, P=402, N=0)
2026-04-08 10:36:41,718 - INFO - Regula po iteracji 2: IF FRAC >= 0.09 AND AGE <= 48.50 AND BECK <= 40.50 THEN survival_status = {184.0}, (p=383, n=0, P=402, N=0)
2026-04-08 10:36:44,385 - INFO - Iteracja 3: condition_best: NDT <= 33.00, quality_best: 1.0, coverage_best: (p=382, n=0, P=402, N=0)
2026-04-08 10:36:44,391 - INFO - Regula po iteracji 3: IF FRAC >= 0.09 AND AGE <= 48.50 AND BECK <= 40.50 AND NDT <= 33.00 THEN survival_status = {184.0}, (p=382, n=0, P=402, N=0)
2026-04-08 10:36:47,200 - INFO - Iteracja 4: condition_best: NDT <= 30.50, quality_best: 1.0, coverage_best: (p=381, n=0, P=402, N=0)
2026-04-08 10:36:47,205 - INFO - Regula po iteracji 4: IF FRAC >= 0.09 AND AGE <= 48.50 AND BECK <= 40.50 AND NDT <= 33.00 AND NDT <= 30.50 THEN survival_status = {184.0}, (p=381, n=0, P=402, N=0)
2026-04-08 10:36:47,205 - INFO - *******STOP GROWING CR RULE*******
2026-04-08 10:36:47,211 - INFO - *******GROWING CR RULE*******
2026-04-08 10:36:48,832 - INFO - Iteracja 0: condition_best: FRAC <= 0.84, quality_best: 1.0, coverage_best: (p=196, n=0, P=402, N=0)
2026-04-08 10:36:48,837 - INFO - Regula po iteracji 0: IF FRAC <= 0.84 THEN survival_status = {nan}, (p=196, n=0, P=402, N=0)
2026-04-08 10:36:50,104 - INFO - Iteracja 1: condition_best: AGE <= 45.50, quality_best: 1.0, coverage_best: (p=195, n=0, P=402, N=0)
2026-04-08 10:36:50,108 - INFO - Regula po iteracji 1: IF FRAC <= 0.84 AND AGE <= 45.50 THEN survival_status = {91.0}, (p=195, n=0, P=402, N=0)
2026-04-08 10:36:51,393 - INFO - Iteracja 2: condition_best: NDT <= 33.00, quality_best: 1.0, coverage_best: (p=194, n=0, P=402, N=0)
2026-04-08 10:36:51,398 - INFO - Regula po iteracji 2: IF FRAC <= 0.84 AND AGE <= 45.50 AND NDT <= 33.00 THEN survival_status = {91.0}, (p=194, n=0, P=402, N=0)
2026-04-08 10:36:52,684 - INFO - Iteracja 3: condition_best: NDT <= 30.50, quality_best: 1.0, coverage_best: (p=193, n=0, P=402, N=0)
2026-04-08 10:36:52,689 - INFO - Regula po iteracji 3: IF FRAC <= 0.84 AND AGE <= 45.50 AND NDT <= 33.00 AND NDT <= 30.50 THEN survival_status = {91.0}, (p=193, n=0, P=402, N=0)
2026-04-08 10:36:53,978 - INFO - Iteracja 4: condition_best: NDT <= 28.00, quality_best: 1.0, coverage_best: (p=192, n=0, P=402, N=0)
2026-04-08 10:36:53,983 - INFO - Regula po iteracji 4: IF FRAC <= 0.84 AND AGE <= 45.50 AND NDT <= 33.00 AND NDT <= 30.50 AND NDT <= 28.00 THEN survival_status = {91.0}, (p=192, n=0, P=402, N=0)
2026-04-08 10:36:53,983 - INFO - *******STOP GROWING CR RULE*******
2026-04-08 10:36:53,987 - INFO - *******GROWING CR RULE*******
2026-04-08 10:36:55,554 - INFO - Iteracja 0: condition_best: FRAC >= 0.09, quality_best: 1.0, coverage_best: (p=385, n=0, P=402, N=0)
2026-04-08 10:36:55,559 - INFO - Regula po iteracji 0: IF FRAC >= 0.09 THEN survival_status = {nan}, (p=385, n=0, P=402, N=0)
2026-04-08 10:36:57,174 - INFO - Iteracja 1: condition_best: AGE <= 48.50, quality_best: 1.0, coverage_best: (p=384, n=0, P=402, N=0)
2026-04-08 10:36:57,179 - INFO - Regula po iteracji 1: IF FRAC >= 0.09 AND AGE <= 48.50 THEN survival_status = {184.0}, (p=384, n=0, P=402, N=0)
2026-04-08 10:36:58,845 - INFO - Iteracja 2: condition_best: BECK <= 40.50, quality_best: 1.0, coverage_best: (p=383, n=0, P=402, N=0)
2026-04-08 10:36:58,850 - INFO - Regula po iteracji 2: IF FRAC >= 0.09 AND AGE <= 48.50 AND BECK <= 40.50 THEN survival_status = {184.0}, (p=383, n=0, P=402, N=0)
2026-04-08 10:37:00,531 - INFO - Iteracja 3: condition_best: NDT <= 33.00, quality_best: 1.0, coverage_best: (p=382, n=0, P=402, N=0)
2026-04-08 10:37:00,536 - INFO - Regula po iteracji 3: IF FRAC >= 0.09 AND AGE <= 48.50 AND BECK <= 40.50 AND NDT <= 33.00 THEN survival_status = {184.0}, (p=382, n=0, P=402, N=0)
2026-04-08 10:37:02,214 - INFO - Iteracja 4: condition_best: NDT <= 30.50, quality_best: 1.0, coverage_best: (p=381, n=0, P=402, N=0)
2026-04-08 10:37:02,219 - INFO - Regula po iteracji 4: IF FRAC >= 0.09 AND AGE <= 48.50 AND BECK <= 40.50 AND NDT <= 33.00 AND NDT <= 30.50 THEN survival_status = {184.0}, (p=381, n=0, P=402, N=0)
2026-04-08 10:37:02,219 - INFO - *******STOP GROWING CR RULE*******
2026-04-08 10:37:05,361 - INFO - ************************Finished experiment for 13_uis.arff with algorithm_log_rank************************
2026-04-08 10:37:05,361 - INFO - *************************************************************************************************************************
2026-04-08 10:37:05,361 - INFO - *************************************************************************************************************************
2026-04-08 10:37:05,361 - INFO - *************************************************************************************************************************
2026-04-08 10:37:05,362 - INFO - **********Starting experiment for 13_uis.arff with algorithm_log_rank_with_exceptions**********
2026-04-08 10:37:05,371 - INFO - *******GROWING CR RULE*******
2026-04-08 10:37:07,969 - INFO - Iteracja 0: condition_best: FRAC >= 0.09, quality_best: 1.0, coverage_best: (p=385, n=0, P=402, N=0)
2026-04-08 10:37:07,974 - INFO - Regula po iteracji 0: IF FRAC >= 0.09 THEN survival_status = {nan}, (p=385, n=0, P=402, N=0)
2026-04-08 10:37:07,974 - INFO - *****GROWING RR RULE*****
2026-04-08 10:37:15,117 - INFO - Iteracja 0: condition_best: None, quality_best: -inf, coverage_best: (p=0, n=0, P=0, N=0), p_value: 0
2026-04-08 10:37:15,121 - INFO - Regula po iteracji 0: IF  THEN survival_status = {nan}, (p=402, n=0, P=402, N=0)
2026-04-08 10:37:15,122 - INFO - *****STOP GROWING RR RULE*****
2026-04-08 10:37:15,122 - INFO - ***RR NOT FOUND***
2026-04-08 10:37:17,729 - INFO - Iteracja 1: condition_best: AGE <= 48.50, quality_best: 1.0, coverage_best: (p=384, n=0, P=402, N=0)
2026-04-08 10:37:17,734 - INFO - Regula po iteracji 1: IF FRAC >= 0.09 AND AGE <= 48.50 THEN survival_status = {184.0}, (p=384, n=0, P=402, N=0)
2026-04-08 10:37:17,734 - INFO - *****GROWING RR RULE*****
2026-04-08 10:37:25,046 - INFO - Iteracja 0: condition_best: None, quality_best: -inf, coverage_best: (p=0, n=0, P=0, N=0), p_value: 0
2026-04-08 10:37:25,051 - INFO - Regula po iteracji 0: IF  THEN survival_status = {nan}, (p=402, n=0, P=402, N=0)
2026-04-08 10:37:25,051 - INFO - *****STOP GROWING RR RULE*****
2026-04-08 10:37:25,051 - INFO - ***RR NOT FOUND***
2026-04-08 10:37:27,698 - INFO - Iteracja 2: condition_best: BECK <= 40.50, quality_best: 1.0, coverage_best: (p=383, n=0, P=402, N=0)
2026-04-08 10:37:27,703 - INFO - Regula po iteracji 2: IF FRAC >= 0.09 AND AGE <= 48.50 AND BECK <= 40.50 THEN survival_status = {184.0}, (p=383, n=0, P=402, N=0)
2026-04-08 10:37:27,703 - INFO - *****GROWING RR RULE*****
2026-04-08 10:37:34,832 - INFO - Iteracja 0: condition_best: None, quality_best: -inf, coverage_best: (p=0, n=0, P=0, N=0), p_value: 0
2026-04-08 10:37:34,836 - INFO - Regula po iteracji 0: IF  THEN survival_status = {nan}, (p=402, n=0, P=402, N=0)
2026-04-08 10:37:34,836 - INFO - *****STOP GROWING RR RULE*****
2026-04-08 10:37:34,836 - INFO - ***RR NOT FOUND***
2026-04-08 10:37:37,499 - INFO - Iteracja 3: condition_best: NDT <= 33.00, quality_best: 1.0, coverage_best: (p=382, n=0, P=402, N=0)
2026-04-08 10:37:37,504 - INFO - Regula po iteracji 3: IF FRAC >= 0.09 AND AGE <= 48.50 AND BECK <= 40.50 AND NDT <= 33.00 THEN survival_status = {184.0}, (p=382, n=0, P=402, N=0)
2026-04-08 10:37:37,505 - INFO - *****GROWING RR RULE*****
2026-04-08 10:37:44,653 - INFO - Iteracja 0: condition_best: None, quality_best: -inf, coverage_best: (p=0, n=0, P=0, N=0), p_value: 0
2026-04-08 10:37:44,657 - INFO - Regula po iteracji 0: IF  THEN survival_status = {nan}, (p=402, n=0, P=402, N=0)
2026-04-08 10:37:44,657 - INFO - *****STOP GROWING RR RULE*****
2026-04-08 10:37:44,657 - INFO - ***RR NOT FOUND***
2026-04-08 10:37:47,321 - INFO - Iteracja 4: condition_best: NDT <= 30.50, quality_best: 1.0, coverage_best: (p=381, n=0, P=402, N=0)
2026-04-08 10:37:47,327 - INFO - Regula po iteracji 4: IF FRAC >= 0.09 AND AGE <= 48.50 AND BECK <= 40.50 AND NDT <= 33.00 AND NDT <= 30.50 THEN survival_status = {184.0}, (p=381, n=0, P=402, N=0)
2026-04-08 10:37:47,327 - INFO - *****GROWING RR RULE*****
2026-04-08 10:37:54,471 - INFO - Iteracja 0: condition_best: None, quality_best: -inf, coverage_best: (p=0, n=0, P=0, N=0), p_value: 0
2026-04-08 10:37:54,475 - INFO - Regula po iteracji 0: IF  THEN survival_status = {nan}, (p=402, n=0, P=402, N=0)
2026-04-08 10:37:54,475 - INFO - *****STOP GROWING RR RULE*****
2026-04-08 10:37:54,475 - INFO - ***RR NOT FOUND***
2026-04-08 10:37:54,475 - INFO - *******STOP GROWING CR RULE*******
2026-04-08 10:37:54,481 - INFO - *******GROWING CR RULE*******
2026-04-08 10:37:56,103 - INFO - Iteracja 0: condition_best: FRAC <= 0.84, quality_best: 1.0, coverage_best: (p=196, n=0, P=402, N=0)
2026-04-08 10:37:56,109 - INFO - Regula po iteracji 0: IF FRAC <= 0.84 THEN survival_status = {nan}, (p=196, n=0, P=402, N=0)
2026-04-08 10:37:56,109 - INFO - *****GROWING RR RULE*****
2026-04-08 10:38:02,253 - INFO - Iteracja 0: condition_best: None, quality_best: -inf, coverage_best: (p=0, n=0, P=0, N=0), p_value: 0
2026-04-08 10:38:02,257 - INFO - Regula po iteracji 0: IF  THEN survival_status = {nan}, (p=402, n=0, P=402, N=0)
2026-04-08 10:38:02,257 - INFO - *****STOP GROWING RR RULE*****
2026-04-08 10:38:02,257 - INFO - ***RR NOT FOUND***
2026-04-08 10:38:03,532 - INFO - Iteracja 1: condition_best: AGE <= 45.50, quality_best: 1.0, coverage_best: (p=195, n=0, P=402, N=0)
2026-04-08 10:38:03,537 - INFO - Regula po iteracji 1: IF FRAC <= 0.84 AND AGE <= 45.50 THEN survival_status = {91.0}, (p=195, n=0, P=402, N=0)
2026-04-08 10:38:03,538 - INFO - *****GROWING RR RULE*****
2026-04-08 10:38:09,671 - INFO - Iteracja 0: condition_best: None, quality_best: -inf, coverage_best: (p=0, n=0, P=0, N=0), p_value: 0
2026-04-08 10:38:09,675 - INFO - Regula po iteracji 0: IF  THEN survival_status = {nan}, (p=402, n=0, P=402, N=0)
2026-04-08 10:38:09,675 - INFO - *****STOP GROWING RR RULE*****
2026-04-08 10:38:09,675 - INFO - ***RR NOT FOUND***
2026-04-08 10:38:10,975 - INFO - Iteracja 2: condition_best: NDT <= 33.00, quality_best: 1.0, coverage_best: (p=194, n=0, P=402, N=0)
2026-04-08 10:38:10,981 - INFO - Regula po iteracji 2: IF FRAC <= 0.84 AND AGE <= 45.50 AND NDT <= 33.00 THEN survival_status = {91.0}, (p=194, n=0, P=402, N=0)
2026-04-08 10:38:10,981 - INFO - *****GROWING RR RULE*****
2026-04-08 10:38:17,127 - INFO - Iteracja 0: condition_best: None, quality_best: -inf, coverage_best: (p=0, n=0, P=0, N=0), p_value: 0
2026-04-08 10:38:17,131 - INFO - Regula po iteracji 0: IF  THEN survival_status = {nan}, (p=402, n=0, P=402, N=0)
2026-04-08 10:38:17,131 - INFO - *****STOP GROWING RR RULE*****
2026-04-08 10:38:17,131 - INFO - ***RR NOT FOUND***
2026-04-08 10:38:18,429 - INFO - Iteracja 3: condition_best: NDT <= 30.50, quality_best: 1.0, coverage_best: (p=193, n=0, P=402, N=0)
2026-04-08 10:38:18,434 - INFO - Regula po iteracji 3: IF FRAC <= 0.84 AND AGE <= 45.50 AND NDT <= 33.00 AND NDT <= 30.50 THEN survival_status = {91.0}, (p=193, n=0, P=402, N=0)
2026-04-08 10:38:18,435 - INFO - *****GROWING RR RULE*****
2026-04-08 10:38:24,563 - INFO - Iteracja 0: condition_best: None, quality_best: -inf, coverage_best: (p=0, n=0, P=0, N=0), p_value: 0
2026-04-08 10:38:24,567 - INFO - Regula po iteracji 0: IF  THEN survival_status = {nan}, (p=402, n=0, P=402, N=0)
2026-04-08 10:38:24,567 - INFO - *****STOP GROWING RR RULE*****
2026-04-08 10:38:24,567 - INFO - ***RR NOT FOUND***
2026-04-08 10:38:25,858 - INFO - Iteracja 4: condition_best: NDT <= 28.00, quality_best: 1.0, coverage_best: (p=192, n=0, P=402, N=0)
2026-04-08 10:38:25,863 - INFO - Regula po iteracji 4: IF FRAC <= 0.84 AND AGE <= 45.50 AND NDT <= 33.00 AND NDT <= 30.50 AND NDT <= 28.00 THEN survival_status = {91.0}, (p=192, n=0, P=402, N=0)
2026-04-08 10:38:25,864 - INFO - *****GROWING RR RULE*****
2026-04-08 10:38:31,999 - INFO - Iteracja 0: condition_best: None, quality_best: -inf, coverage_best: (p=0, n=0, P=0, N=0), p_value: 0
2026-04-08 10:38:32,003 - INFO - Regula po iteracji 0: IF  THEN survival_status = {nan}, (p=402, n=0, P=402, N=0)
2026-04-08 10:38:32,003 - INFO - *****STOP GROWING RR RULE*****
2026-04-08 10:38:32,003 - INFO - ***RR NOT FOUND***
2026-04-08 10:38:32,003 - INFO - *******STOP GROWING CR RULE*******
2026-04-08 10:38:32,008 - INFO - *******GROWING CR RULE*******
2026-04-08 10:38:33,578 - INFO - Iteracja 0: condition_best: FRAC >= 0.09, quality_best: 1.0, coverage_best: (p=385, n=0, P=402, N=0)
2026-04-08 10:38:33,583 - INFO - Regula po iteracji 0: IF FRAC >= 0.09 THEN survival_status = {nan}, (p=385, n=0, P=402, N=0)
2026-04-08 10:38:33,583 - INFO - *****GROWING RR RULE*****
2026-04-08 10:38:40,743 - INFO - Iteracja 0: condition_best: None, quality_best: -inf, coverage_best: (p=0, n=0, P=0, N=0), p_value: 0
2026-04-08 10:38:40,747 - INFO - Regula po iteracji 0: IF  THEN survival_status = {nan}, (p=402, n=0, P=402, N=0)
2026-04-08 10:38:40,747 - INFO - *****STOP GROWING RR RULE*****
2026-04-08 10:38:40,747 - INFO - ***RR NOT FOUND***
2026-04-08 10:38:42,400 - INFO - Iteracja 1: condition_best: AGE <= 48.50, quality_best: 1.0, coverage_best: (p=384, n=0, P=402, N=0)
2026-04-08 10:38:42,405 - INFO - Regula po iteracji 1: IF FRAC >= 0.09 AND AGE <= 48.50 THEN survival_status = {184.0}, (p=384, n=0, P=402, N=0)
2026-04-08 10:38:42,405 - INFO - *****GROWING RR RULE*****
2026-04-08 10:38:49,650 - INFO - Iteracja 0: condition_best: None, quality_best: -inf, coverage_best: (p=0, n=0, P=0, N=0), p_value: 0
2026-04-08 10:38:49,654 - INFO - Regula po iteracji 0: IF  THEN survival_status = {nan}, (p=402, n=0, P=402, N=0)
2026-04-08 10:38:49,654 - INFO - *****STOP GROWING RR RULE*****
2026-04-08 10:38:49,654 - INFO - ***RR NOT FOUND***
2026-04-08 10:38:51,337 - INFO - Iteracja 2: condition_best: BECK <= 40.50, quality_best: 1.0, coverage_best: (p=383, n=0, P=402, N=0)
2026-04-08 10:38:51,343 - INFO - Regula po iteracji 2: IF FRAC >= 0.09 AND AGE <= 48.50 AND BECK <= 40.50 THEN survival_status = {184.0}, (p=383, n=0, P=402, N=0)
2026-04-08 10:38:51,343 - INFO - *****GROWING RR RULE*****
2026-04-08 10:38:58,552 - INFO - Iteracja 0: condition_best: None, quality_best: -inf, coverage_best: (p=0, n=0, P=0, N=0), p_value: 0
2026-04-08 10:38:58,556 - INFO - Regula po iteracji 0: IF  THEN survival_status = {nan}, (p=402, n=0, P=402, N=0)
2026-04-08 10:38:58,556 - INFO - *****STOP GROWING RR RULE*****
2026-04-08 10:38:58,556 - INFO - ***RR NOT FOUND***
2026-04-08 10:39:00,249 - INFO - Iteracja 3: condition_best: NDT <= 33.00, quality_best: 1.0, coverage_best: (p=382, n=0, P=402, N=0)
2026-04-08 10:39:00,255 - INFO - Regula po iteracji 3: IF FRAC >= 0.09 AND AGE <= 48.50 AND BECK <= 40.50 AND NDT <= 33.00 THEN survival_status = {184.0}, (p=382, n=0, P=402, N=0)
2026-04-08 10:39:00,255 - INFO - *****GROWING RR RULE*****
2026-04-08 10:39:07,449 - INFO - Iteracja 0: condition_best: None, quality_best: -inf, coverage_best: (p=0, n=0, P=0, N=0), p_value: 0
2026-04-08 10:39:07,453 - INFO - Regula po iteracji 0: IF  THEN survival_status = {nan}, (p=402, n=0, P=402, N=0)
2026-04-08 10:39:07,454 - INFO - *****STOP GROWING RR RULE*****
2026-04-08 10:39:07,454 - INFO - ***RR NOT FOUND***
2026-04-08 10:39:09,164 - INFO - Iteracja 4: condition_best: NDT <= 30.50, quality_best: 1.0, coverage_best: (p=381, n=0, P=402, N=0)
2026-04-08 10:39:09,170 - INFO - Regula po iteracji 4: IF FRAC >= 0.09 AND AGE <= 48.50 AND BECK <= 40.50 AND NDT <= 33.00 AND NDT <= 30.50 THEN survival_status = {184.0}, (p=381, n=0, P=402, N=0)
2026-04-08 10:39:09,170 - INFO - *****GROWING RR RULE*****
2026-04-08 10:39:16,296 - INFO - Iteracja 0: condition_best: None, quality_best: -inf, coverage_best: (p=0, n=0, P=0, N=0), p_value: 0
2026-04-08 10:39:16,300 - INFO - Regula po iteracji 0: IF  THEN survival_status = {nan}, (p=402, n=0, P=402, N=0)
2026-04-08 10:39:16,300 - INFO - *****STOP GROWING RR RULE*****
2026-04-08 10:39:16,300 - INFO - ***RR NOT FOUND***
2026-04-08 10:39:16,300 - INFO - *******STOP GROWING CR RULE*******
2026-04-08 10:39:19,582 - INFO - ************************Finished experiment for 13_uis.arff with algorithm_log_rank_with_exceptions************************
2026-04-08 10:39:19,582 - INFO - *************************************************************************************************************************
2026-04-08 10:39:19,582 - INFO - *************************************************************************************************************************
2026-04-08 10:39:19,582 - INFO - *************************************************************************************************************************
2026-04-08 10:39:19,583 - INFO - **********Starting experiment for 13_uis.arff with survival_tree**********
2026-04-08 10:39:19,640 - INFO - ************************Finished experiment for 13_uis.arff with survival_tree************************
2026-04-08 10:39:19,640 - INFO - *************************************************************************************************************************
2026-04-08 10:39:19,640 - INFO - *************************************************************************************************************************
2026-04-08 10:39:19,640 - INFO - *************************************************************************************************************************
