2026-04-12 13:12:10,451 - INFO - **********Starting experiment for 06_unemployed.arff with algorithm**********
2026-04-12 13:12:10,457 - INFO - *******GROWING CR RULE*******
2026-04-12 13:12:11,060 - INFO - Iteracja 0: condition_best: age = {old}, quality_best: 1.0, coverage_best: (p=54, n=0, P=300, N=0)
2026-04-12 13:12:11,064 - INFO - Regula po iteracji 0: IF age = {old} THEN survival_status = {nan}, (p=54, n=0, P=300, N=0)
2026-04-12 13:12:11,064 - INFO - *****GROWING RR RULE*****
2026-04-12 13:12:12,341 - INFO - Iteracja 0: condition_best: None, quality_best: -inf, coverage_best: (p=0, n=0, P=0, N=0), p_value: 0
2026-04-12 13:12:12,344 - INFO - Regula po iteracji 0: IF  THEN survival_status = {nan}, (p=300, n=0, P=300, N=0)
2026-04-12 13:12:12,344 - INFO - *****STOP GROWING RR RULE*****
2026-04-12 13:12:12,344 - INFO - ***RR NOT FOUND***
2026-04-12 13:12:12,560 - INFO - Iteracja 1: condition_best: university = {no}, quality_best: 1.0, coverage_best: (p=53, n=0, P=300, N=0)
2026-04-12 13:12:12,563 - INFO - Regula po iteracji 1: IF age = {old} AND university = {no} THEN survival_status = {inf}, (p=53, n=0, P=300, N=0)
2026-04-12 13:12:12,564 - INFO - *****GROWING RR RULE*****
2026-04-12 13:12:13,836 - INFO - Iteracja 0: condition_best: None, quality_best: -inf, coverage_best: (p=0, n=0, P=0, N=0), p_value: 0
2026-04-12 13:12:13,839 - INFO - Regula po iteracji 0: IF  THEN survival_status = {nan}, (p=300, n=0, P=300, N=0)
2026-04-12 13:12:13,839 - INFO - *****STOP GROWING RR RULE*****
2026-04-12 13:12:13,839 - INFO - ***RR NOT FOUND***
2026-04-12 13:12:14,061 - INFO - Iteracja 2: condition_best: birth <= 209.00, quality_best: 1.0, coverage_best: (p=52, n=0, P=300, N=0)
2026-04-12 13:12:14,065 - INFO - Regula po iteracji 2: IF age = {old} AND university = {no} AND birth <= 209.00 THEN survival_status = {inf}, (p=52, n=0, P=300, N=0)
2026-04-12 13:12:14,065 - INFO - *****GROWING RR RULE*****
2026-04-12 13:12:15,336 - INFO - Iteracja 0: condition_best: None, quality_best: -inf, coverage_best: (p=0, n=0, P=0, N=0), p_value: 0
2026-04-12 13:12:15,339 - INFO - Regula po iteracji 0: IF  THEN survival_status = {nan}, (p=300, n=0, P=300, N=0)
2026-04-12 13:12:15,340 - INFO - *****STOP GROWING RR RULE*****
2026-04-12 13:12:15,340 - INFO - ***RR NOT FOUND***
2026-04-12 13:12:15,564 - INFO - Iteracja 3: condition_best: birth >= 6.00, quality_best: 1.0, coverage_best: (p=51, n=0, P=300, N=0)
2026-04-12 13:12:15,567 - INFO - Regula po iteracji 3: IF age = {old} AND university = {no} AND birth <= 209.00 AND birth >= 6.00 THEN survival_status = {inf}, (p=51, n=0, P=300, N=0)
2026-04-12 13:12:15,568 - INFO - *****GROWING RR RULE*****
2026-04-12 13:12:16,837 - INFO - Iteracja 0: condition_best: None, quality_best: -inf, coverage_best: (p=0, n=0, P=0, N=0), p_value: 0
2026-04-12 13:12:16,840 - INFO - Regula po iteracji 0: IF  THEN survival_status = {nan}, (p=300, n=0, P=300, N=0)
2026-04-12 13:12:16,840 - INFO - *****STOP GROWING RR RULE*****
2026-04-12 13:12:16,840 - INFO - ***RR NOT FOUND***
2026-04-12 13:12:17,066 - INFO - Iteracja 4: condition_best: birth <= 207.00, quality_best: 1.0, coverage_best: (p=50, n=0, P=300, N=0)
2026-04-12 13:12:17,070 - INFO - Regula po iteracji 4: IF age = {old} AND university = {no} AND birth <= 209.00 AND birth >= 6.00 AND birth <= 207.00 THEN survival_status = {inf}, (p=50, n=0, P=300, N=0)
2026-04-12 13:12:17,070 - INFO - *****GROWING RR RULE*****
2026-04-12 13:12:18,337 - INFO - Iteracja 0: condition_best: None, quality_best: -inf, coverage_best: (p=0, n=0, P=0, N=0), p_value: 0
2026-04-12 13:12:18,340 - INFO - Regula po iteracji 0: IF  THEN survival_status = {nan}, (p=300, n=0, P=300, N=0)
2026-04-12 13:12:18,340 - INFO - *****STOP GROWING RR RULE*****
2026-04-12 13:12:18,340 - INFO - ***RR NOT FOUND***
2026-04-12 13:12:18,340 - INFO - *******STOP GROWING CR RULE*******
2026-04-12 13:12:18,345 - INFO - *******GROWING CR RULE*******
2026-04-12 13:12:18,883 - INFO - Iteracja 0: condition_best: age = {young}, quality_best: 0.999, coverage_best: (p=83, n=0, P=300, N=0)
2026-04-12 13:12:18,886 - INFO - Regula po iteracji 0: IF age = {young} THEN survival_status = {nan}, (p=83, n=0, P=300, N=0)
2026-04-12 13:12:18,886 - INFO - *****GROWING RR RULE*****
2026-04-12 13:12:20,161 - INFO - Iteracja 0: condition_best: None, quality_best: -inf, coverage_best: (p=0, n=0, P=0, N=0), p_value: 0
2026-04-12 13:12:20,164 - INFO - Regula po iteracji 0: IF  THEN survival_status = {nan}, (p=300, n=0, P=300, N=0)
2026-04-12 13:12:20,164 - INFO - *****STOP GROWING RR RULE*****
2026-04-12 13:12:20,164 - INFO - ***RR NOT FOUND***
2026-04-12 13:12:20,462 - INFO - Iteracja 1: condition_best: training = {yes}, quality_best: 1.0, coverage_best: (p=34, n=0, P=300, N=0)
2026-04-12 13:12:20,465 - INFO - Regula po iteracji 1: IF age = {young} AND training = {yes} THEN survival_status = {7.0}, (p=34, n=0, P=300, N=0)
2026-04-12 13:12:20,465 - INFO - *****GROWING RR RULE*****
2026-04-12 13:12:21,692 - INFO - Iteracja 0: condition_best: None, quality_best: -inf, coverage_best: (p=0, n=0, P=0, N=0), p_value: 0
2026-04-12 13:12:21,695 - INFO - Regula po iteracji 0: IF  THEN survival_status = {nan}, (p=300, n=0, P=300, N=0)
2026-04-12 13:12:21,695 - INFO - *****STOP GROWING RR RULE*****
2026-04-12 13:12:21,695 - INFO - ***RR NOT FOUND***
2026-04-12 13:12:21,843 - INFO - Iteracja 2: condition_best: birth >= 35.00, quality_best: 1.0, coverage_best: (p=29, n=0, P=300, N=0)
2026-04-12 13:12:21,847 - INFO - Regula po iteracji 2: IF age = {young} AND training = {yes} AND birth >= 35.00 THEN survival_status = {4.0}, (p=29, n=0, P=300, N=0)
2026-04-12 13:12:21,847 - INFO - *****GROWING RR RULE*****
2026-04-12 13:12:23,067 - INFO - Iteracja 0: condition_best: None, quality_best: -inf, coverage_best: (p=0, n=0, P=0, N=0), p_value: 0
2026-04-12 13:12:23,070 - INFO - Regula po iteracji 0: IF  THEN survival_status = {nan}, (p=300, n=0, P=300, N=0)
2026-04-12 13:12:23,070 - INFO - *****STOP GROWING RR RULE*****
2026-04-12 13:12:23,070 - INFO - ***RR NOT FOUND***
2026-04-12 13:12:23,201 - INFO - Iteracja 3: condition_best: birth <= 212.50, quality_best: 1.0, coverage_best: (p=28, n=0, P=300, N=0)
2026-04-12 13:12:23,205 - INFO - Regula po iteracji 3: IF age = {young} AND training = {yes} AND birth >= 35.00 AND birth <= 212.50 THEN survival_status = {2.0}, (p=28, n=0, P=300, N=0)
2026-04-12 13:12:23,205 - INFO - *****GROWING RR RULE*****
2026-04-12 13:12:24,421 - INFO - Iteracja 0: condition_best: None, quality_best: -inf, coverage_best: (p=0, n=0, P=0, N=0), p_value: 0
2026-04-12 13:12:24,424 - INFO - Regula po iteracji 0: IF  THEN survival_status = {nan}, (p=300, n=0, P=300, N=0)
2026-04-12 13:12:24,424 - INFO - *****STOP GROWING RR RULE*****
2026-04-12 13:12:24,424 - INFO - ***RR NOT FOUND***
2026-04-12 13:12:24,556 - INFO - Iteracja 4: condition_best: university = {no}, quality_best: 1.0, coverage_best: (p=27, n=0, P=300, N=0)
2026-04-12 13:12:24,560 - INFO - Regula po iteracji 4: IF age = {young} AND training = {yes} AND birth >= 35.00 AND birth <= 212.50 AND university = {no} THEN survival_status = {2.0}, (p=27, n=0, P=300, N=0)
2026-04-12 13:12:24,560 - INFO - *****GROWING RR RULE*****
2026-04-12 13:12:25,777 - INFO - Iteracja 0: condition_best: None, quality_best: -inf, coverage_best: (p=0, n=0, P=0, N=0), p_value: 0
2026-04-12 13:12:25,780 - INFO - Regula po iteracji 0: IF  THEN survival_status = {nan}, (p=300, n=0, P=300, N=0)
2026-04-12 13:12:25,780 - INFO - *****STOP GROWING RR RULE*****
2026-04-12 13:12:25,780 - INFO - ***RR NOT FOUND***
2026-04-12 13:12:25,780 - INFO - *******STOP GROWING CR RULE*******
2026-04-12 13:12:25,791 - INFO - *******GROWING CR RULE*******
2026-04-12 13:12:26,294 - INFO - Iteracja 0: condition_best: age = {young}, quality_best: 0.999, coverage_best: (p=83, n=0, P=300, N=0)
2026-04-12 13:12:26,297 - INFO - Regula po iteracji 0: IF age = {young} THEN survival_status = {nan}, (p=83, n=0, P=300, N=0)
2026-04-12 13:12:26,297 - INFO - *****GROWING RR RULE*****
2026-04-12 13:12:27,569 - INFO - Iteracja 0: condition_best: None, quality_best: -inf, coverage_best: (p=0, n=0, P=0, N=0), p_value: 0
2026-04-12 13:12:27,572 - INFO - Regula po iteracji 0: IF  THEN survival_status = {nan}, (p=300, n=0, P=300, N=0)
2026-04-12 13:12:27,572 - INFO - *****STOP GROWING RR RULE*****
2026-04-12 13:12:27,572 - INFO - ***RR NOT FOUND***
2026-04-12 13:12:27,855 - INFO - Iteracja 1: condition_best: training = {yes}, quality_best: 1.0, coverage_best: (p=34, n=0, P=300, N=0)
2026-04-12 13:12:27,859 - INFO - Regula po iteracji 1: IF age = {young} AND training = {yes} THEN survival_status = {7.0}, (p=34, n=0, P=300, N=0)
2026-04-12 13:12:27,859 - INFO - *****GROWING RR RULE*****
2026-04-12 13:12:29,087 - INFO - Iteracja 0: condition_best: None, quality_best: -inf, coverage_best: (p=0, n=0, P=0, N=0), p_value: 0
2026-04-12 13:12:29,090 - INFO - Regula po iteracji 0: IF  THEN survival_status = {nan}, (p=300, n=0, P=300, N=0)
2026-04-12 13:12:29,090 - INFO - *****STOP GROWING RR RULE*****
2026-04-12 13:12:29,090 - INFO - ***RR NOT FOUND***
2026-04-12 13:12:29,230 - INFO - Iteracja 2: condition_best: birth <= 212.50, quality_best: 1.0, coverage_best: (p=33, n=0, P=300, N=0)
2026-04-12 13:12:29,234 - INFO - Regula po iteracji 2: IF age = {young} AND training = {yes} AND birth <= 212.50 THEN survival_status = {4.0}, (p=33, n=0, P=300, N=0)
2026-04-12 13:12:29,234 - INFO - *****GROWING RR RULE*****
2026-04-12 13:12:30,462 - INFO - Iteracja 0: condition_best: None, quality_best: -inf, coverage_best: (p=0, n=0, P=0, N=0), p_value: 0
2026-04-12 13:12:30,466 - INFO - Regula po iteracji 0: IF  THEN survival_status = {nan}, (p=300, n=0, P=300, N=0)
2026-04-12 13:12:30,466 - INFO - *****STOP GROWING RR RULE*****
2026-04-12 13:12:30,466 - INFO - ***RR NOT FOUND***
2026-04-12 13:12:30,609 - INFO - Iteracja 3: condition_best: university = {no}, quality_best: 1.0, coverage_best: (p=32, n=0, P=300, N=0)
2026-04-12 13:12:30,612 - INFO - Regula po iteracji 3: IF age = {young} AND training = {yes} AND birth <= 212.50 AND university = {no} THEN survival_status = {4.0}, (p=32, n=0, P=300, N=0)
2026-04-12 13:12:30,612 - INFO - *****GROWING RR RULE*****
2026-04-12 13:12:31,840 - INFO - Iteracja 0: condition_best: None, quality_best: -inf, coverage_best: (p=0, n=0, P=0, N=0), p_value: 0
2026-04-12 13:12:31,843 - INFO - Regula po iteracji 0: IF  THEN survival_status = {nan}, (p=300, n=0, P=300, N=0)
2026-04-12 13:12:31,843 - INFO - *****STOP GROWING RR RULE*****
2026-04-12 13:12:31,843 - INFO - ***RR NOT FOUND***
2026-04-12 13:12:31,987 - INFO - Iteracja 4: condition_best: birth <= 211.50, quality_best: 1.0, coverage_best: (p=31, n=0, P=300, N=0)
2026-04-12 13:12:31,991 - INFO - Regula po iteracji 4: IF age = {young} AND training = {yes} AND birth <= 212.50 AND university = {no} AND birth <= 211.50 THEN survival_status = {4.0}, (p=31, n=0, P=300, N=0)
2026-04-12 13:12:31,991 - INFO - *****GROWING RR RULE*****
2026-04-12 13:12:33,237 - INFO - Iteracja 0: condition_best: None, quality_best: -inf, coverage_best: (p=0, n=0, P=0, N=0), p_value: 0
2026-04-12 13:12:33,241 - INFO - Regula po iteracji 0: IF  THEN survival_status = {nan}, (p=300, n=0, P=300, N=0)
2026-04-12 13:12:33,241 - INFO - *****STOP GROWING RR RULE*****
2026-04-12 13:12:33,241 - INFO - ***RR NOT FOUND***
2026-04-12 13:12:33,241 - INFO - *******STOP GROWING CR RULE*******
2026-04-12 13:12:33,250 - INFO - *******GROWING CR RULE*******
2026-04-12 13:12:33,749 - INFO - Iteracja 0: condition_best: age = {young}, quality_best: 0.999, coverage_best: (p=83, n=0, P=300, N=0)
2026-04-12 13:12:33,752 - INFO - Regula po iteracji 0: IF age = {young} THEN survival_status = {nan}, (p=83, n=0, P=300, N=0)
2026-04-12 13:12:33,752 - INFO - *****GROWING RR RULE*****
2026-04-12 13:12:35,023 - INFO - Iteracja 0: condition_best: None, quality_best: -inf, coverage_best: (p=0, n=0, P=0, N=0), p_value: 0
2026-04-12 13:12:35,026 - INFO - Regula po iteracji 0: IF  THEN survival_status = {nan}, (p=300, n=0, P=300, N=0)
2026-04-12 13:12:35,026 - INFO - *****STOP GROWING RR RULE*****
2026-04-12 13:12:35,026 - INFO - ***RR NOT FOUND***
2026-04-12 13:12:35,305 - INFO - Iteracja 1: condition_best: birth <= 131.50, quality_best: 1.0, coverage_best: (p=46, n=0, P=300, N=0)
2026-04-12 13:12:35,309 - INFO - Regula po iteracji 1: IF age = {young} AND birth <= 131.50 THEN survival_status = {7.0}, (p=46, n=0, P=300, N=0)
2026-04-12 13:12:35,309 - INFO - *****GROWING RR RULE*****
2026-04-12 13:12:36,525 - INFO - Iteracja 0: condition_best: None, quality_best: -inf, coverage_best: (p=0, n=0, P=0, N=0), p_value: 0
2026-04-12 13:12:36,528 - INFO - Regula po iteracji 0: IF  THEN survival_status = {nan}, (p=300, n=0, P=300, N=0)
2026-04-12 13:12:36,528 - INFO - *****STOP GROWING RR RULE*****
2026-04-12 13:12:36,528 - INFO - ***RR NOT FOUND***
2026-04-12 13:12:36,704 - INFO - Iteracja 2: condition_best: birth >= 30.50, quality_best: 1.0, coverage_best: (p=35, n=0, P=300, N=0)
2026-04-12 13:12:36,708 - INFO - Regula po iteracji 2: IF age = {young} AND birth <= 131.50 AND birth >= 30.50 THEN survival_status = {5.0}, (p=35, n=0, P=300, N=0)
2026-04-12 13:12:36,708 - INFO - *****GROWING RR RULE*****
2026-04-12 13:12:37,905 - INFO - Iteracja 0: condition_best: None, quality_best: -inf, coverage_best: (p=0, n=0, P=0, N=0), p_value: 0
2026-04-12 13:12:37,908 - INFO - Regula po iteracji 0: IF  THEN survival_status = {nan}, (p=300, n=0, P=300, N=0)
2026-04-12 13:12:37,908 - INFO - *****STOP GROWING RR RULE*****
2026-04-12 13:12:37,908 - INFO - ***RR NOT FOUND***
2026-04-12 13:12:38,045 - INFO - Iteracja 3: condition_best: university = {no}, quality_best: 1.0, coverage_best: (p=35, n=0, P=300, N=0)
2026-04-12 13:12:38,049 - INFO - Regula po iteracji 3: IF age = {young} AND birth <= 131.50 AND birth >= 30.50 AND university = {no} THEN survival_status = {3.0}, (p=35, n=0, P=300, N=0)
2026-04-12 13:12:38,049 - INFO - *****GROWING RR RULE*****
2026-04-12 13:12:39,247 - INFO - Iteracja 0: condition_best: None, quality_best: -inf, coverage_best: (p=0, n=0, P=0, N=0), p_value: 0
2026-04-12 13:12:39,250 - INFO - Regula po iteracji 0: IF  THEN survival_status = {nan}, (p=300, n=0, P=300, N=0)
2026-04-12 13:12:39,250 - INFO - *****STOP GROWING RR RULE*****
2026-04-12 13:12:39,250 - INFO - ***RR NOT FOUND***
2026-04-12 13:12:39,396 - INFO - Iteracja 4: condition_best: birth >= 35.50, quality_best: 1.0, coverage_best: (p=31, n=0, P=300, N=0)
2026-04-12 13:12:39,400 - INFO - Regula po iteracji 4: IF age = {young} AND birth <= 131.50 AND birth >= 30.50 AND university = {no} AND birth >= 35.50 THEN survival_status = {3.0}, (p=31, n=0, P=300, N=0)
2026-04-12 13:12:39,400 - INFO - *****GROWING RR RULE*****
2026-04-12 13:12:40,597 - INFO - Iteracja 0: condition_best: None, quality_best: -inf, coverage_best: (p=0, n=0, P=0, N=0), p_value: 0
2026-04-12 13:12:40,600 - INFO - Regula po iteracji 0: IF  THEN survival_status = {nan}, (p=300, n=0, P=300, N=0)
2026-04-12 13:12:40,601 - INFO - *****STOP GROWING RR RULE*****
2026-04-12 13:12:40,601 - INFO - ***RR NOT FOUND***
2026-04-12 13:12:40,601 - INFO - *******STOP GROWING CR RULE*******
2026-04-12 13:12:40,609 - INFO - *******GROWING CR RULE*******
2026-04-12 13:12:41,085 - INFO - Iteracja 0: condition_best: age = {young}, quality_best: 0.999, coverage_best: (p=83, n=0, P=300, N=0)
2026-04-12 13:12:41,088 - INFO - Regula po iteracji 0: IF age = {young} THEN survival_status = {nan}, (p=83, n=0, P=300, N=0)
2026-04-12 13:12:41,089 - INFO - *****GROWING RR RULE*****
2026-04-12 13:12:42,358 - INFO - Iteracja 0: condition_best: None, quality_best: -inf, coverage_best: (p=0, n=0, P=0, N=0), p_value: 0
2026-04-12 13:12:42,361 - INFO - Regula po iteracji 0: IF  THEN survival_status = {nan}, (p=300, n=0, P=300, N=0)
2026-04-12 13:12:42,361 - INFO - *****STOP GROWING RR RULE*****
2026-04-12 13:12:42,361 - INFO - ***RR NOT FOUND***
2026-04-12 13:12:42,630 - INFO - Iteracja 1: condition_best: birth <= 131.50, quality_best: 1.0, coverage_best: (p=46, n=0, P=300, N=0)
2026-04-12 13:12:42,633 - INFO - Regula po iteracji 1: IF age = {young} AND birth <= 131.50 THEN survival_status = {7.0}, (p=46, n=0, P=300, N=0)
2026-04-12 13:12:42,633 - INFO - *****GROWING RR RULE*****
2026-04-12 13:12:43,853 - INFO - Iteracja 0: condition_best: None, quality_best: -inf, coverage_best: (p=0, n=0, P=0, N=0), p_value: 0
2026-04-12 13:12:43,856 - INFO - Regula po iteracji 0: IF  THEN survival_status = {nan}, (p=300, n=0, P=300, N=0)
2026-04-12 13:12:43,856 - INFO - *****STOP GROWING RR RULE*****
2026-04-12 13:12:43,856 - INFO - ***RR NOT FOUND***
2026-04-12 13:12:44,021 - INFO - Iteracja 2: condition_best: birth >= 9.50, quality_best: 1.0, coverage_best: (p=42, n=0, P=300, N=0)
2026-04-12 13:12:44,024 - INFO - Regula po iteracji 2: IF age = {young} AND birth <= 131.50 AND birth >= 9.50 THEN survival_status = {5.0}, (p=42, n=0, P=300, N=0)
2026-04-12 13:12:44,025 - INFO - *****GROWING RR RULE*****
2026-04-12 13:12:45,238 - INFO - Iteracja 0: condition_best: None, quality_best: -inf, coverage_best: (p=0, n=0, P=0, N=0), p_value: 0
2026-04-12 13:12:45,241 - INFO - Regula po iteracji 0: IF  THEN survival_status = {nan}, (p=300, n=0, P=300, N=0)
2026-04-12 13:12:45,241 - INFO - *****STOP GROWING RR RULE*****
2026-04-12 13:12:45,241 - INFO - ***RR NOT FOUND***
2026-04-12 13:12:45,397 - INFO - Iteracja 3: condition_best: university = {no}, quality_best: 1.0, coverage_best: (p=42, n=0, P=300, N=0)
2026-04-12 13:12:45,400 - INFO - Regula po iteracji 3: IF age = {young} AND birth <= 131.50 AND birth >= 9.50 AND university = {no} THEN survival_status = {5.0}, (p=42, n=0, P=300, N=0)
2026-04-12 13:12:45,401 - INFO - *****GROWING RR RULE*****
2026-04-12 13:12:46,611 - INFO - Iteracja 0: condition_best: None, quality_best: -inf, coverage_best: (p=0, n=0, P=0, N=0), p_value: 0
2026-04-12 13:12:46,614 - INFO - Regula po iteracji 0: IF  THEN survival_status = {nan}, (p=300, n=0, P=300, N=0)
2026-04-12 13:12:46,614 - INFO - *****STOP GROWING RR RULE*****
2026-04-12 13:12:46,614 - INFO - ***RR NOT FOUND***
2026-04-12 13:12:46,781 - INFO - Iteracja 4: condition_best: birth <= 130.00, quality_best: 1.0, coverage_best: (p=41, n=0, P=300, N=0)
2026-04-12 13:12:46,784 - INFO - Regula po iteracji 4: IF age = {young} AND birth <= 131.50 AND birth >= 9.50 AND university = {no} AND birth <= 130.00 THEN survival_status = {5.0}, (p=41, n=0, P=300, N=0)
2026-04-12 13:12:46,784 - INFO - *****GROWING RR RULE*****
2026-04-12 13:12:47,994 - INFO - Iteracja 0: condition_best: None, quality_best: -inf, coverage_best: (p=0, n=0, P=0, N=0), p_value: 0
2026-04-12 13:12:47,998 - INFO - Regula po iteracji 0: IF  THEN survival_status = {nan}, (p=300, n=0, P=300, N=0)
2026-04-12 13:12:47,998 - INFO - *****STOP GROWING RR RULE*****
2026-04-12 13:12:47,998 - INFO - ***RR NOT FOUND***
2026-04-12 13:12:47,998 - INFO - *******STOP GROWING CR RULE*******
2026-04-12 13:12:48,007 - INFO - *******GROWING CR RULE*******
2026-04-12 13:12:48,476 - INFO - Iteracja 0: condition_best: age = {young}, quality_best: 0.999, coverage_best: (p=83, n=0, P=300, N=0)
2026-04-12 13:12:48,479 - INFO - Regula po iteracji 0: IF age = {young} THEN survival_status = {nan}, (p=83, n=0, P=300, N=0)
2026-04-12 13:12:48,479 - INFO - *****GROWING RR RULE*****
2026-04-12 13:12:49,748 - INFO - Iteracja 0: condition_best: None, quality_best: -inf, coverage_best: (p=0, n=0, P=0, N=0), p_value: 0
2026-04-12 13:12:49,751 - INFO - Regula po iteracji 0: IF  THEN survival_status = {nan}, (p=300, n=0, P=300, N=0)
2026-04-12 13:12:49,751 - INFO - *****STOP GROWING RR RULE*****
2026-04-12 13:12:49,751 - INFO - ***RR NOT FOUND***
2026-04-12 13:12:50,017 - INFO - Iteracja 1: condition_best: birth <= 212.50, quality_best: 1.0, coverage_best: (p=78, n=0, P=300, N=0)
2026-04-12 13:12:50,027 - INFO - Regula po iteracji 1: IF age = {young} AND birth <= 212.50 THEN survival_status = {7.0}, (p=78, n=0, P=300, N=0)
2026-04-12 13:12:50,027 - INFO - *****GROWING RR RULE*****
2026-04-12 13:12:51,291 - INFO - Iteracja 0: condition_best: None, quality_best: -inf, coverage_best: (p=0, n=0, P=0, N=0), p_value: 0
2026-04-12 13:12:51,294 - INFO - Regula po iteracji 0: IF  THEN survival_status = {nan}, (p=300, n=0, P=300, N=0)
2026-04-12 13:12:51,294 - INFO - *****STOP GROWING RR RULE*****
2026-04-12 13:12:51,294 - INFO - ***RR NOT FOUND***
2026-04-12 13:12:51,560 - INFO - Iteracja 2: condition_best: birth >= 30.50, quality_best: 1.0, coverage_best: (p=67, n=0, P=300, N=0)
2026-04-12 13:12:51,564 - INFO - Regula po iteracji 2: IF age = {young} AND birth <= 212.50 AND birth >= 30.50 THEN survival_status = {7.0}, (p=67, n=0, P=300, N=0)
2026-04-12 13:12:51,564 - INFO - *****GROWING RR RULE*****
2026-04-12 13:12:52,810 - INFO - Iteracja 0: condition_best: None, quality_best: -inf, coverage_best: (p=0, n=0, P=0, N=0), p_value: 0
2026-04-12 13:12:52,813 - INFO - Regula po iteracji 0: IF  THEN survival_status = {nan}, (p=300, n=0, P=300, N=0)
2026-04-12 13:12:52,813 - INFO - *****STOP GROWING RR RULE*****
2026-04-12 13:12:52,813 - INFO - ***RR NOT FOUND***
2026-04-12 13:12:53,053 - INFO - Iteracja 3: condition_best: birth <= 198.50, quality_best: 1.0, coverage_best: (p=58, n=0, P=300, N=0)
2026-04-12 13:12:53,056 - INFO - Regula po iteracji 3: IF age = {young} AND birth <= 212.50 AND birth >= 30.50 AND birth <= 198.50 THEN survival_status = {5.0}, (p=58, n=0, P=300, N=0)
2026-04-12 13:12:53,057 - INFO - *****GROWING RR RULE*****
2026-04-12 13:12:54,295 - INFO - Iteracja 0: condition_best: None, quality_best: -inf, coverage_best: (p=0, n=0, P=0, N=0), p_value: 0
2026-04-12 13:12:54,298 - INFO - Regula po iteracji 0: IF  THEN survival_status = {nan}, (p=300, n=0, P=300, N=0)
2026-04-12 13:12:54,298 - INFO - *****STOP GROWING RR RULE*****
2026-04-12 13:12:54,298 - INFO - ***RR NOT FOUND***
2026-04-12 13:12:54,520 - INFO - Iteracja 4: condition_best: birth <= 194.00, quality_best: 1.0, coverage_best: (p=56, n=0, P=300, N=0)
2026-04-12 13:12:54,523 - INFO - Regula po iteracji 4: IF age = {young} AND birth <= 212.50 AND birth >= 30.50 AND birth <= 198.50 AND birth <= 194.00 THEN survival_status = {5.0}, (p=56, n=0, P=300, N=0)
2026-04-12 13:12:54,523 - INFO - *****GROWING RR RULE*****
2026-04-12 13:12:55,760 - INFO - Iteracja 0: condition_best: None, quality_best: -inf, coverage_best: (p=0, n=0, P=0, N=0), p_value: 0
2026-04-12 13:12:55,764 - INFO - Regula po iteracji 0: IF  THEN survival_status = {nan}, (p=300, n=0, P=300, N=0)
2026-04-12 13:12:55,764 - INFO - *****STOP GROWING RR RULE*****
2026-04-12 13:12:55,764 - INFO - ***RR NOT FOUND***
2026-04-12 13:12:55,764 - INFO - *******STOP GROWING CR RULE*******
2026-04-12 13:12:55,778 - INFO - *******GROWING CR RULE*******
2026-04-12 13:12:56,236 - INFO - Iteracja 0: condition_best: age = {young}, quality_best: 0.999, coverage_best: (p=83, n=0, P=300, N=0)
2026-04-12 13:12:56,239 - INFO - Regula po iteracji 0: IF age = {young} THEN survival_status = {nan}, (p=83, n=0, P=300, N=0)
2026-04-12 13:12:56,240 - INFO - *****GROWING RR RULE*****
2026-04-12 13:12:57,509 - INFO - Iteracja 0: condition_best: None, quality_best: -inf, coverage_best: (p=0, n=0, P=0, N=0), p_value: 0
2026-04-12 13:12:57,513 - INFO - Regula po iteracji 0: IF  THEN survival_status = {nan}, (p=300, n=0, P=300, N=0)
2026-04-12 13:12:57,513 - INFO - *****STOP GROWING RR RULE*****
2026-04-12 13:12:57,513 - INFO - ***RR NOT FOUND***
2026-04-12 13:12:57,773 - INFO - Iteracja 1: condition_best: birth <= 212.50, quality_best: 1.0, coverage_best: (p=78, n=0, P=300, N=0)
2026-04-12 13:12:57,777 - INFO - Regula po iteracji 1: IF age = {young} AND birth <= 212.50 THEN survival_status = {7.0}, (p=78, n=0, P=300, N=0)
2026-04-12 13:12:57,777 - INFO - *****GROWING RR RULE*****
2026-04-12 13:12:59,044 - INFO - Iteracja 0: condition_best: None, quality_best: -inf, coverage_best: (p=0, n=0, P=0, N=0), p_value: 0
2026-04-12 13:12:59,048 - INFO - Regula po iteracji 0: IF  THEN survival_status = {nan}, (p=300, n=0, P=300, N=0)
2026-04-12 13:12:59,048 - INFO - *****STOP GROWING RR RULE*****
2026-04-12 13:12:59,048 - INFO - ***RR NOT FOUND***
2026-04-12 13:12:59,308 - INFO - Iteracja 2: condition_best: birth >= 30.50, quality_best: 1.0, coverage_best: (p=67, n=0, P=300, N=0)
2026-04-12 13:12:59,312 - INFO - Regula po iteracji 2: IF age = {young} AND birth <= 212.50 AND birth >= 30.50 THEN survival_status = {7.0}, (p=67, n=0, P=300, N=0)
2026-04-12 13:12:59,312 - INFO - *****GROWING RR RULE*****
2026-04-12 13:13:00,557 - INFO - Iteracja 0: condition_best: None, quality_best: -inf, coverage_best: (p=0, n=0, P=0, N=0), p_value: 0
2026-04-12 13:13:00,561 - INFO - Regula po iteracji 0: IF  THEN survival_status = {nan}, (p=300, n=0, P=300, N=0)
2026-04-12 13:13:00,561 - INFO - *****STOP GROWING RR RULE*****
2026-04-12 13:13:00,561 - INFO - ***RR NOT FOUND***
2026-04-12 13:13:00,795 - INFO - Iteracja 3: condition_best: university = {no}, quality_best: 1.0, coverage_best: (p=66, n=0, P=300, N=0)
2026-04-12 13:13:00,799 - INFO - Regula po iteracji 3: IF age = {young} AND birth <= 212.50 AND birth >= 30.50 AND university = {no} THEN survival_status = {5.0}, (p=66, n=0, P=300, N=0)
2026-04-12 13:13:00,799 - INFO - *****GROWING RR RULE*****
2026-04-12 13:13:02,042 - INFO - Iteracja 0: condition_best: None, quality_best: -inf, coverage_best: (p=0, n=0, P=0, N=0), p_value: 0
2026-04-12 13:13:02,045 - INFO - Regula po iteracji 0: IF  THEN survival_status = {nan}, (p=300, n=0, P=300, N=0)
2026-04-12 13:13:02,045 - INFO - *****STOP GROWING RR RULE*****
2026-04-12 13:13:02,046 - INFO - ***RR NOT FOUND***
2026-04-12 13:13:02,293 - INFO - Iteracja 4: condition_best: birth >= 35.50, quality_best: 0.999, coverage_best: (p=62, n=0, P=300, N=0)
2026-04-12 13:13:02,296 - INFO - Regula po iteracji 4: IF age = {young} AND birth <= 212.50 AND birth >= 30.50 AND university = {no} AND birth >= 35.50 THEN survival_status = {5.0}, (p=62, n=0, P=300, N=0)
2026-04-12 13:13:02,297 - INFO - *****GROWING RR RULE*****
2026-04-12 13:13:03,546 - INFO - Iteracja 0: condition_best: None, quality_best: -inf, coverage_best: (p=0, n=0, P=0, N=0), p_value: 0
2026-04-12 13:13:03,550 - INFO - Regula po iteracji 0: IF  THEN survival_status = {nan}, (p=300, n=0, P=300, N=0)
2026-04-12 13:13:03,550 - INFO - *****STOP GROWING RR RULE*****
2026-04-12 13:13:03,550 - INFO - ***RR NOT FOUND***
2026-04-12 13:13:03,550 - INFO - *******STOP GROWING CR RULE*******
2026-04-12 13:13:03,559 - INFO - *******GROWING CR RULE*******
2026-04-12 13:13:04,010 - INFO - Iteracja 0: condition_best: age = {young}, quality_best: 0.999, coverage_best: (p=83, n=0, P=300, N=0)
2026-04-12 13:13:04,013 - INFO - Regula po iteracji 0: IF age = {young} THEN survival_status = {nan}, (p=83, n=0, P=300, N=0)
2026-04-12 13:13:04,013 - INFO - *****GROWING RR RULE*****
2026-04-12 13:13:05,281 - INFO - Iteracja 0: condition_best: None, quality_best: -inf, coverage_best: (p=0, n=0, P=0, N=0), p_value: 0
2026-04-12 13:13:05,284 - INFO - Regula po iteracji 0: IF  THEN survival_status = {nan}, (p=300, n=0, P=300, N=0)
2026-04-12 13:13:05,284 - INFO - *****STOP GROWING RR RULE*****
2026-04-12 13:13:05,284 - INFO - ***RR NOT FOUND***
2026-04-12 13:13:05,540 - INFO - Iteracja 1: condition_best: birth <= 214.50, quality_best: 1.0, coverage_best: (p=82, n=0, P=300, N=0)
2026-04-12 13:13:05,543 - INFO - Regula po iteracji 1: IF age = {young} AND birth <= 214.50 THEN survival_status = {7.0}, (p=82, n=0, P=300, N=0)
2026-04-12 13:13:05,544 - INFO - *****GROWING RR RULE*****
2026-04-12 13:13:06,809 - INFO - Iteracja 0: condition_best: None, quality_best: -inf, coverage_best: (p=0, n=0, P=0, N=0), p_value: 0
2026-04-12 13:13:06,812 - INFO - Regula po iteracji 0: IF  THEN survival_status = {nan}, (p=300, n=0, P=300, N=0)
2026-04-12 13:13:06,812 - INFO - *****STOP GROWING RR RULE*****
2026-04-12 13:13:06,812 - INFO - ***RR NOT FOUND***
2026-04-12 13:13:07,076 - INFO - Iteracja 2: condition_best: university = {no}, quality_best: 0.999, coverage_best: (p=81, n=0, P=300, N=0)
2026-04-12 13:13:07,079 - INFO - Regula po iteracji 2: IF age = {young} AND birth <= 214.50 AND university = {no} THEN survival_status = {7.0}, (p=81, n=0, P=300, N=0)
2026-04-12 13:13:07,080 - INFO - *****GROWING RR RULE*****
2026-04-12 13:13:08,345 - INFO - Iteracja 0: condition_best: None, quality_best: -inf, coverage_best: (p=0, n=0, P=0, N=0), p_value: 0
2026-04-12 13:13:08,348 - INFO - Regula po iteracji 0: IF  THEN survival_status = {nan}, (p=300, n=0, P=300, N=0)
2026-04-12 13:13:08,348 - INFO - *****STOP GROWING RR RULE*****
2026-04-12 13:13:08,348 - INFO - ***RR NOT FOUND***
2026-04-12 13:13:08,635 - INFO - Iteracja 3: condition_best: birth >= 3.00, quality_best: 0.999, coverage_best: (p=80, n=0, P=300, N=0)
2026-04-12 13:13:08,639 - INFO - Regula po iteracji 3: IF age = {young} AND birth <= 214.50 AND university = {no} AND birth >= 3.00 THEN survival_status = {9.0}, (p=80, n=0, P=300, N=0)
2026-04-12 13:13:08,639 - INFO - *****GROWING RR RULE*****
2026-04-12 13:13:09,906 - INFO - Iteracja 0: condition_best: None, quality_best: -inf, coverage_best: (p=0, n=0, P=0, N=0), p_value: 0
2026-04-12 13:13:09,909 - INFO - Regula po iteracji 0: IF  THEN survival_status = {nan}, (p=300, n=0, P=300, N=0)
2026-04-12 13:13:09,909 - INFO - *****STOP GROWING RR RULE*****
2026-04-12 13:13:09,909 - INFO - ***RR NOT FOUND***
2026-04-12 13:13:10,197 - INFO - Iteracja 4: condition_best: birth >= 4.50, quality_best: 0.998, coverage_best: (p=79, n=0, P=300, N=0)
2026-04-12 13:13:10,200 - INFO - Regula po iteracji 4: IF age = {young} AND birth <= 214.50 AND university = {no} AND birth >= 3.00 AND birth >= 4.50 THEN survival_status = {9.0}, (p=79, n=0, P=300, N=0)
2026-04-12 13:13:10,201 - INFO - *****GROWING RR RULE*****
2026-04-12 13:13:11,466 - INFO - Iteracja 0: condition_best: None, quality_best: -inf, coverage_best: (p=0, n=0, P=0, N=0), p_value: 0
2026-04-12 13:13:11,469 - INFO - Regula po iteracji 0: IF  THEN survival_status = {nan}, (p=300, n=0, P=300, N=0)
2026-04-12 13:13:11,469 - INFO - *****STOP GROWING RR RULE*****
2026-04-12 13:13:11,469 - INFO - ***RR NOT FOUND***
2026-04-12 13:13:11,469 - INFO - *******STOP GROWING CR RULE*******
2026-04-12 13:13:11,476 - INFO - *******GROWING CR RULE*******
2026-04-12 13:13:11,920 - INFO - Iteracja 0: condition_best: age = {middle}, quality_best: 0.978, coverage_best: (p=163, n=0, P=300, N=0)
2026-04-12 13:13:11,923 - INFO - Regula po iteracji 0: IF age = {middle} THEN survival_status = {nan}, (p=163, n=0, P=300, N=0)
2026-04-12 13:13:11,923 - INFO - *****GROWING RR RULE*****
2026-04-12 13:13:13,246 - INFO - Iteracja 0: condition_best: gender = {male}, quality_best: 0.97, coverage_best: (p=162, n=0, P=300, N=0), p_value: 0.948
2026-04-12 13:13:13,249 - INFO - Regula po iteracji 0: IF gender = {male} THEN survival_status = {nan}, (p=162, n=0, P=300, N=0)
2026-04-12 13:13:14,218 - INFO - Iteracja 1: condition_best: birth <= 205.50, quality_best: 0.972, coverage_best: (p=147, n=0, P=300, N=0), p_value: 0.999
2026-04-12 13:13:14,222 - INFO - Regula po iteracji 1: IF gender = {male} AND birth <= 205.50 THEN survival_status = {11.0}, (p=147, n=0, P=300, N=0)
2026-04-12 13:13:15,132 - INFO - Iteracja 2: condition_best: None, quality_best: -inf, coverage_best: (p=0, n=0, P=0, N=0), p_value: 0.999
2026-04-12 13:13:15,137 - INFO - Regula po iteracji 2: IF gender = {male} AND birth <= 205.50 THEN survival_status = {11.0}, (p=147, n=0, P=300, N=0)
2026-04-12 13:13:15,137 - INFO - *****STOP GROWING RR RULE*****
2026-04-12 13:13:15,137 - INFO - ***RR FOUND***
2026-04-12 13:13:15,137 - INFO - Reference rule: IF gender = {male} AND birth <= 205.50 THEN survival_status = {11.0}
2026-04-12 13:13:15,137 - INFO - ***CHECKING EXCEPTION***
2026-04-12 13:13:15,138 - INFO - ER vs CR p_value: 0.007195942655256693
2026-04-12 13:13:15,138 - INFO - ER vs RR p_value: 0.008409337494684088
2026-04-12 13:13:15,151 - INFO - ***ER FOUND***
2026-04-12 13:13:15,151 - INFO - Exception rule: IF age = {middle} AND gender = {male} AND birth <= 205.50 THEN survival_status = {5.0} (p=70, n=0, P=300, N=0)
2026-04-12 13:13:15,151 - INFO - *******STOP GROWING CR RULE*******
2026-04-12 13:13:15,155 - INFO - *******GROWING CR RULE*******
2026-04-12 13:13:15,411 - INFO - Iteracja 0: condition_best: age = {old}, quality_best: 1.0, coverage_best: (p=54, n=0, P=300, N=0)
2026-04-12 13:13:15,414 - INFO - Regula po iteracji 0: IF age = {old} THEN survival_status = {nan}, (p=54, n=0, P=300, N=0)
2026-04-12 13:13:15,415 - INFO - *****GROWING RR RULE*****
2026-04-12 13:13:16,685 - INFO - Iteracja 0: condition_best: None, quality_best: -inf, coverage_best: (p=0, n=0, P=0, N=0), p_value: 0
2026-04-12 13:13:16,689 - INFO - Regula po iteracji 0: IF  THEN survival_status = {nan}, (p=300, n=0, P=300, N=0)
2026-04-12 13:13:16,689 - INFO - *****STOP GROWING RR RULE*****
2026-04-12 13:13:16,689 - INFO - ***RR NOT FOUND***
2026-04-12 13:13:16,799 - INFO - Iteracja 1: condition_best: university = {no}, quality_best: 1.0, coverage_best: (p=53, n=0, P=300, N=0)
2026-04-12 13:13:16,803 - INFO - Regula po iteracji 1: IF age = {old} AND university = {no} THEN survival_status = {inf}, (p=53, n=0, P=300, N=0)
2026-04-12 13:13:16,803 - INFO - *****GROWING RR RULE*****
2026-04-12 13:13:18,070 - INFO - Iteracja 0: condition_best: None, quality_best: -inf, coverage_best: (p=0, n=0, P=0, N=0), p_value: 0
2026-04-12 13:13:18,073 - INFO - Regula po iteracji 0: IF  THEN survival_status = {nan}, (p=300, n=0, P=300, N=0)
2026-04-12 13:13:18,073 - INFO - *****STOP GROWING RR RULE*****
2026-04-12 13:13:18,073 - INFO - ***RR NOT FOUND***
2026-04-12 13:13:18,195 - INFO - Iteracja 2: condition_best: birth <= 209.00, quality_best: 1.0, coverage_best: (p=52, n=0, P=300, N=0)
2026-04-12 13:13:18,198 - INFO - Regula po iteracji 2: IF age = {old} AND university = {no} AND birth <= 209.00 THEN survival_status = {inf}, (p=52, n=0, P=300, N=0)
2026-04-12 13:13:18,199 - INFO - *****GROWING RR RULE*****
2026-04-12 13:13:19,462 - INFO - Iteracja 0: condition_best: None, quality_best: -inf, coverage_best: (p=0, n=0, P=0, N=0), p_value: 0
2026-04-12 13:13:19,465 - INFO - Regula po iteracji 0: IF  THEN survival_status = {nan}, (p=300, n=0, P=300, N=0)
2026-04-12 13:13:19,465 - INFO - *****STOP GROWING RR RULE*****
2026-04-12 13:13:19,465 - INFO - ***RR NOT FOUND***
2026-04-12 13:13:19,591 - INFO - Iteracja 3: condition_best: birth >= 6.00, quality_best: 1.0, coverage_best: (p=51, n=0, P=300, N=0)
2026-04-12 13:13:19,595 - INFO - Regula po iteracji 3: IF age = {old} AND university = {no} AND birth <= 209.00 AND birth >= 6.00 THEN survival_status = {inf}, (p=51, n=0, P=300, N=0)
2026-04-12 13:13:19,595 - INFO - *****GROWING RR RULE*****
2026-04-12 13:13:20,860 - INFO - Iteracja 0: condition_best: None, quality_best: -inf, coverage_best: (p=0, n=0, P=0, N=0), p_value: 0
2026-04-12 13:13:20,864 - INFO - Regula po iteracji 0: IF  THEN survival_status = {nan}, (p=300, n=0, P=300, N=0)
2026-04-12 13:13:20,864 - INFO - *****STOP GROWING RR RULE*****
2026-04-12 13:13:20,864 - INFO - ***RR NOT FOUND***
2026-04-12 13:13:20,995 - INFO - Iteracja 4: condition_best: birth <= 207.00, quality_best: 1.0, coverage_best: (p=50, n=0, P=300, N=0)
2026-04-12 13:13:20,999 - INFO - Regula po iteracji 4: IF age = {old} AND university = {no} AND birth <= 209.00 AND birth >= 6.00 AND birth <= 207.00 THEN survival_status = {inf}, (p=50, n=0, P=300, N=0)
2026-04-12 13:13:20,999 - INFO - *****GROWING RR RULE*****
2026-04-12 13:13:22,264 - INFO - Iteracja 0: condition_best: None, quality_best: -inf, coverage_best: (p=0, n=0, P=0, N=0), p_value: 0
2026-04-12 13:13:22,267 - INFO - Regula po iteracji 0: IF  THEN survival_status = {nan}, (p=300, n=0, P=300, N=0)
2026-04-12 13:13:22,267 - INFO - *****STOP GROWING RR RULE*****
2026-04-12 13:13:22,267 - INFO - ***RR NOT FOUND***
2026-04-12 13:13:22,267 - INFO - *******STOP GROWING CR RULE*******
2026-04-12 13:13:22,439 - INFO - ************************Finished experiment for 06_unemployed.arff with algorithm************************
2026-04-12 13:13:22,439 - INFO - *************************************************************************************************************************
2026-04-12 13:13:22,439 - INFO - *************************************************************************************************************************
2026-04-12 13:13:22,439 - INFO - *************************************************************************************************************************
