2026-04-14 13:35:23,688 - INFO - **********Starting experiment for triazines.arff with algorithm**********
2026-04-14 13:35:23,696 - INFO - *******GROWING CR RULE*******
2026-04-14 13:35:23,719 - INFO - Iteracja 0: condition_best: p5_size >= 0.18, quality_best: 0.432, coverage_best: (p=34, n=3, P=137, N=49)
2026-04-14 13:35:23,719 - INFO - Regula po iteracji 0: IF p5_size >= 0.18 THEN class = {0.71} [0.58, 0.85], (p=34, n=3, P=137, N=49)
2026-04-14 13:35:23,719 - INFO - *****GROWING RR RULE*****
2026-04-14 13:35:23,752 - INFO - Iteracja 0: condition_best: None, quality_best: -inf, coverage_best: (p=0, n=0, P=0, N=0), p_value: 0
2026-04-14 13:35:23,752 - INFO - Regula po iteracji 0: IF  THEN class = {0.65} [0.49, 0.81], (p=140, n=46, P=140, N=46)
2026-04-14 13:35:23,752 - INFO - *****STOP GROWING RR RULE*****
2026-04-14 13:35:23,752 - INFO - ***RR NOT FOUND***
2026-04-14 13:35:23,759 - INFO - Iteracja 1: condition_best: p4_branch <= 0.60, quality_best: 0.496, coverage_best: (p=34, n=2, P=136, N=50)
2026-04-14 13:35:23,759 - INFO - Regula po iteracji 1: IF p5_size >= 0.18 AND p4_branch <= 0.60 THEN class = {0.72} [0.58, 0.85], (p=34, n=2, P=136, N=50)
2026-04-14 13:35:23,759 - INFO - *****GROWING RR RULE*****
2026-04-14 13:35:23,792 - INFO - Iteracja 0: condition_best: None, quality_best: -inf, coverage_best: (p=0, n=0, P=0, N=0), p_value: 0
2026-04-14 13:35:23,792 - INFO - Regula po iteracji 0: IF  THEN class = {0.65} [0.49, 0.81], (p=140, n=46, P=140, N=46)
2026-04-14 13:35:23,792 - INFO - *****STOP GROWING RR RULE*****
2026-04-14 13:35:23,792 - INFO - ***RR NOT FOUND***
2026-04-14 13:35:23,798 - INFO - Iteracja 2: condition_best: p4_polar <= 0.70, quality_best: 0.489, coverage_best: (p=33, n=2, P=136, N=50)
2026-04-14 13:35:23,798 - INFO - Regula po iteracji 2: IF p5_size >= 0.18 AND p4_branch <= 0.60 AND p4_polar <= 0.70 THEN class = {0.72} [0.58, 0.86], (p=33, n=2, P=136, N=50)
2026-04-14 13:35:23,799 - INFO - *****GROWING RR RULE*****
2026-04-14 13:35:23,831 - INFO - Iteracja 0: condition_best: None, quality_best: -inf, coverage_best: (p=0, n=0, P=0, N=0), p_value: 0
2026-04-14 13:35:23,831 - INFO - Regula po iteracji 0: IF  THEN class = {0.65} [0.49, 0.81], (p=140, n=46, P=140, N=46)
2026-04-14 13:35:23,831 - INFO - *****STOP GROWING RR RULE*****
2026-04-14 13:35:23,832 - INFO - ***RR NOT FOUND***
2026-04-14 13:35:23,838 - INFO - Iteracja 3: condition_best: p4_polarisable <= 0.70, quality_best: 0.482, coverage_best: (p=32, n=2, P=136, N=50)
2026-04-14 13:35:23,838 - INFO - Regula po iteracji 3: IF p5_size >= 0.18 AND p4_branch <= 0.60 AND p4_polar <= 0.70 AND p4_polarisable <= 0.70 THEN class = {0.72} [0.58, 0.86], (p=32, n=2, P=136, N=50)
2026-04-14 13:35:23,838 - INFO - *****GROWING RR RULE*****
2026-04-14 13:35:23,871 - INFO - Iteracja 0: condition_best: None, quality_best: -inf, coverage_best: (p=0, n=0, P=0, N=0), p_value: 0
2026-04-14 13:35:23,871 - INFO - Regula po iteracji 0: IF  THEN class = {0.65} [0.49, 0.81], (p=140, n=46, P=140, N=46)
2026-04-14 13:35:23,871 - INFO - *****STOP GROWING RR RULE*****
2026-04-14 13:35:23,871 - INFO - ***RR NOT FOUND***
2026-04-14 13:35:23,877 - INFO - Iteracja 4: condition_best: p4_flex <= 0.61, quality_best: 0.472, coverage_best: (p=31, n=2, P=137, N=49)
2026-04-14 13:35:23,877 - INFO - Regula po iteracji 4: IF p5_size >= 0.18 AND p4_branch <= 0.60 AND p4_polar <= 0.70 AND p4_polarisable <= 0.70 AND p4_flex <= 0.61 THEN class = {0.72} [0.58, 0.86], (p=31, n=2, P=137, N=49)
2026-04-14 13:35:23,877 - INFO - *****GROWING RR RULE*****
2026-04-14 13:35:23,911 - INFO - Iteracja 0: condition_best: None, quality_best: -inf, coverage_best: (p=0, n=0, P=0, N=0), p_value: 0
2026-04-14 13:35:23,911 - INFO - Regula po iteracji 0: IF  THEN class = {0.65} [0.49, 0.81], (p=140, n=46, P=140, N=46)
2026-04-14 13:35:23,912 - INFO - *****STOP GROWING RR RULE*****
2026-04-14 13:35:23,912 - INFO - ***RR NOT FOUND***
2026-04-14 13:35:23,912 - INFO - *******STOP GROWING CR RULE*******
2026-04-14 13:35:23,913 - INFO - *******GROWING CR RULE*******
2026-04-14 13:35:23,930 - INFO - Iteracja 0: condition_best: p3_pi_doner >= 0.50, quality_best: 0.42, coverage_best: (p=5, n=1, P=53, N=133)
2026-04-14 13:35:23,931 - INFO - Regula po iteracji 0: IF p3_pi_doner >= 0.50 THEN class = {0.81} [0.75, 0.87], (p=5, n=1, P=53, N=133)
2026-04-14 13:35:23,931 - INFO - *****GROWING RR RULE*****
2026-04-14 13:35:23,961 - INFO - Iteracja 0: condition_best: None, quality_best: -inf, coverage_best: (p=0, n=0, P=0, N=0), p_value: 0
2026-04-14 13:35:23,961 - INFO - Regula po iteracji 0: IF  THEN class = {0.65} [0.49, 0.81], (p=140, n=46, P=140, N=46)
2026-04-14 13:35:23,961 - INFO - *****STOP GROWING RR RULE*****
2026-04-14 13:35:23,962 - INFO - ***RR NOT FOUND***
2026-04-14 13:35:23,965 - INFO - Iteracja 1: condition_best: p1_size >= 0.30, quality_best: 0.389, coverage_best: (p=4, n=1, P=52, N=134)
2026-04-14 13:35:23,965 - INFO - Regula po iteracji 1: IF p3_pi_doner >= 0.50 AND p1_size >= 0.30 THEN class = {0.82} [0.75, 0.88], (p=4, n=1, P=52, N=134)
2026-04-14 13:35:23,965 - INFO - *****GROWING RR RULE*****
2026-04-14 13:35:23,995 - INFO - Iteracja 0: condition_best: None, quality_best: -inf, coverage_best: (p=0, n=0, P=0, N=0), p_value: 0
2026-04-14 13:35:23,995 - INFO - Regula po iteracji 0: IF  THEN class = {0.65} [0.49, 0.81], (p=140, n=46, P=140, N=46)
2026-04-14 13:35:23,995 - INFO - *****STOP GROWING RR RULE*****
2026-04-14 13:35:23,996 - INFO - ***RR NOT FOUND***
2026-04-14 13:35:23,998 - INFO - Iteracja 2: condition_best: None, quality_best: -inf, coverage_best: (p=0, n=0, P=0, N=0)
2026-04-14 13:35:23,998 - INFO - Regula po iteracji 2: IF p3_pi_doner >= 0.50 AND p1_size >= 0.30 THEN class = {0.82} [0.75, 0.88], (p=4, n=1, P=52, N=134)
2026-04-14 13:35:23,998 - INFO - *******STOP GROWING CR RULE*******
2026-04-14 13:35:24,000 - INFO - *******GROWING CR RULE*******
2026-04-14 13:35:24,017 - INFO - Iteracja 0: condition_best: p1_polar <= 0.18, quality_best: 0.417, coverage_best: (p=13, n=3, P=69, N=117)
2026-04-14 13:35:24,017 - INFO - Regula po iteracji 0: IF p1_polar <= 0.18 THEN class = {0.55} [0.43, 0.68], (p=13, n=3, P=69, N=117)
2026-04-14 13:35:24,017 - INFO - *****GROWING RR RULE*****
2026-04-14 13:35:24,055 - INFO - Iteracja 0: condition_best: None, quality_best: -inf, coverage_best: (p=0, n=0, P=0, N=0), p_value: 0
2026-04-14 13:35:24,055 - INFO - Regula po iteracji 0: IF  THEN class = {0.65} [0.49, 0.81], (p=140, n=46, P=140, N=46)
2026-04-14 13:35:24,055 - INFO - *****STOP GROWING RR RULE*****
2026-04-14 13:35:24,055 - INFO - ***RR NOT FOUND***
2026-04-14 13:35:24,058 - INFO - Iteracja 1: condition_best: p4_flex <= 0.39, quality_best: 0.532, coverage_best: (p=12, n=1, P=60, N=126)
2026-04-14 13:35:24,058 - INFO - Regula po iteracji 1: IF p1_polar <= 0.18 AND p4_flex <= 0.39 THEN class = {0.53} [0.41, 0.65], (p=12, n=1, P=60, N=126)
2026-04-14 13:35:24,058 - INFO - *****GROWING RR RULE*****
2026-04-14 13:35:24,095 - INFO - Iteracja 0: condition_best: None, quality_best: -inf, coverage_best: (p=0, n=0, P=0, N=0), p_value: 0
2026-04-14 13:35:24,096 - INFO - Regula po iteracji 0: IF  THEN class = {0.65} [0.49, 0.81], (p=140, n=46, P=140, N=46)
2026-04-14 13:35:24,096 - INFO - *****STOP GROWING RR RULE*****
2026-04-14 13:35:24,096 - INFO - ***RR NOT FOUND***
2026-04-14 13:35:24,099 - INFO - Iteracja 2: condition_best: p4_polar >= 0.20, quality_best: 0.515, coverage_best: (p=11, n=1, P=62, N=124)
2026-04-14 13:35:24,099 - INFO - Regula po iteracji 2: IF p1_polar <= 0.18 AND p4_flex <= 0.39 AND p4_polar >= 0.20 THEN class = {0.53} [0.41, 0.65], (p=11, n=1, P=62, N=124)
2026-04-14 13:35:24,099 - INFO - *****GROWING RR RULE*****
2026-04-14 13:35:24,136 - INFO - Iteracja 0: condition_best: None, quality_best: -inf, coverage_best: (p=0, n=0, P=0, N=0), p_value: 0
2026-04-14 13:35:24,136 - INFO - Regula po iteracji 0: IF  THEN class = {0.65} [0.49, 0.81], (p=140, n=46, P=140, N=46)
2026-04-14 13:35:24,136 - INFO - *****STOP GROWING RR RULE*****
2026-04-14 13:35:24,136 - INFO - ***RR NOT FOUND***
2026-04-14 13:35:24,139 - INFO - Iteracja 3: condition_best: p4_size >= 0.45, quality_best: 0.478, coverage_best: (p=7, n=1, P=47, N=139)
2026-04-14 13:35:24,139 - INFO - Regula po iteracji 3: IF p1_polar <= 0.18 AND p4_flex <= 0.39 AND p4_polar >= 0.20 AND p4_size >= 0.45 THEN class = {0.57} [0.50, 0.65], (p=7, n=1, P=47, N=139)
2026-04-14 13:35:24,139 - INFO - *****GROWING RR RULE*****
2026-04-14 13:35:24,170 - INFO - Iteracja 0: condition_best: None, quality_best: -inf, coverage_best: (p=0, n=0, P=0, N=0), p_value: 0
2026-04-14 13:35:24,170 - INFO - Regula po iteracji 0: IF  THEN class = {0.65} [0.49, 0.81], (p=140, n=46, P=140, N=46)
2026-04-14 13:35:24,170 - INFO - *****STOP GROWING RR RULE*****
2026-04-14 13:35:24,170 - INFO - ***RR NOT FOUND***
2026-04-14 13:35:24,172 - INFO - Iteracja 4: condition_best: p4_size >= 0.55, quality_best: 0.36, coverage_best: (p=5, n=2, P=39, N=147)
2026-04-14 13:35:24,172 - INFO - Regula po iteracji 4: IF p1_polar <= 0.18 AND p4_flex <= 0.39 AND p4_polar >= 0.20 AND p4_size >= 0.45 AND p4_size >= 0.55 THEN class = {0.60} [0.54, 0.65], (p=5, n=2, P=39, N=147)
2026-04-14 13:35:24,172 - INFO - *****GROWING RR RULE*****
2026-04-14 13:35:24,203 - INFO - Iteracja 0: condition_best: None, quality_best: -inf, coverage_best: (p=0, n=0, P=0, N=0), p_value: 0
2026-04-14 13:35:24,203 - INFO - Regula po iteracji 0: IF  THEN class = {0.65} [0.49, 0.81], (p=140, n=46, P=140, N=46)
2026-04-14 13:35:24,203 - INFO - *****STOP GROWING RR RULE*****
2026-04-14 13:35:24,203 - INFO - ***RR NOT FOUND***
2026-04-14 13:35:24,203 - INFO - *******STOP GROWING CR RULE*******
2026-04-14 13:35:24,204 - INFO - *******GROWING CR RULE*******
2026-04-14 13:35:24,222 - INFO - Iteracja 0: condition_best: p1_polar <= 0.18, quality_best: 0.417, coverage_best: (p=13, n=3, P=69, N=117)
2026-04-14 13:35:24,222 - INFO - Regula po iteracji 0: IF p1_polar <= 0.18 THEN class = {0.55} [0.43, 0.68], (p=13, n=3, P=69, N=117)
2026-04-14 13:35:24,222 - INFO - *****GROWING RR RULE*****
2026-04-14 13:35:24,259 - INFO - Iteracja 0: condition_best: None, quality_best: -inf, coverage_best: (p=0, n=0, P=0, N=0), p_value: 0
2026-04-14 13:35:24,259 - INFO - Regula po iteracji 0: IF  THEN class = {0.65} [0.49, 0.81], (p=140, n=46, P=140, N=46)
2026-04-14 13:35:24,259 - INFO - *****STOP GROWING RR RULE*****
2026-04-14 13:35:24,259 - INFO - ***RR NOT FOUND***
2026-04-14 13:35:24,262 - INFO - Iteracja 1: condition_best: p4_flex <= 0.39, quality_best: 0.532, coverage_best: (p=12, n=1, P=60, N=126)
2026-04-14 13:35:24,262 - INFO - Regula po iteracji 1: IF p1_polar <= 0.18 AND p4_flex <= 0.39 THEN class = {0.53} [0.41, 0.65], (p=12, n=1, P=60, N=126)
2026-04-14 13:35:24,263 - INFO - *****GROWING RR RULE*****
2026-04-14 13:35:24,300 - INFO - Iteracja 0: condition_best: None, quality_best: -inf, coverage_best: (p=0, n=0, P=0, N=0), p_value: 0
2026-04-14 13:35:24,300 - INFO - Regula po iteracji 0: IF  THEN class = {0.65} [0.49, 0.81], (p=140, n=46, P=140, N=46)
2026-04-14 13:35:24,300 - INFO - *****STOP GROWING RR RULE*****
2026-04-14 13:35:24,300 - INFO - ***RR NOT FOUND***
2026-04-14 13:35:24,303 - INFO - Iteracja 2: condition_best: p4_polar >= 0.20, quality_best: 0.515, coverage_best: (p=11, n=1, P=62, N=124)
2026-04-14 13:35:24,303 - INFO - Regula po iteracji 2: IF p1_polar <= 0.18 AND p4_flex <= 0.39 AND p4_polar >= 0.20 THEN class = {0.53} [0.41, 0.65], (p=11, n=1, P=62, N=124)
2026-04-14 13:35:24,303 - INFO - *****GROWING RR RULE*****
2026-04-14 13:35:24,340 - INFO - Iteracja 0: condition_best: None, quality_best: -inf, coverage_best: (p=0, n=0, P=0, N=0), p_value: 0
2026-04-14 13:35:24,340 - INFO - Regula po iteracji 0: IF  THEN class = {0.65} [0.49, 0.81], (p=140, n=46, P=140, N=46)
2026-04-14 13:35:24,340 - INFO - *****STOP GROWING RR RULE*****
2026-04-14 13:35:24,341 - INFO - ***RR NOT FOUND***
2026-04-14 13:35:24,343 - INFO - Iteracja 3: condition_best: p4_h_acceptor <= 0.77, quality_best: 0.427, coverage_best: (p=9, n=2, P=57, N=129)
2026-04-14 13:35:24,343 - INFO - Regula po iteracji 3: IF p1_polar <= 0.18 AND p4_flex <= 0.39 AND p4_polar >= 0.20 AND p4_h_acceptor <= 0.77 THEN class = {0.52} [0.39, 0.64], (p=9, n=2, P=57, N=129)
2026-04-14 13:35:24,344 - INFO - *****GROWING RR RULE*****
2026-04-14 13:35:24,381 - INFO - Iteracja 0: condition_best: None, quality_best: -inf, coverage_best: (p=0, n=0, P=0, N=0), p_value: 0
2026-04-14 13:35:24,381 - INFO - Regula po iteracji 0: IF  THEN class = {0.65} [0.49, 0.81], (p=140, n=46, P=140, N=46)
2026-04-14 13:35:24,381 - INFO - *****STOP GROWING RR RULE*****
2026-04-14 13:35:24,381 - INFO - ***RR NOT FOUND***
2026-04-14 13:35:24,384 - INFO - Iteracja 4: condition_best: p4_polar >= 0.40, quality_best: 0.512, coverage_best: (p=8, n=1, P=41, N=145)
2026-04-14 13:35:24,384 - INFO - Regula po iteracji 4: IF p1_polar <= 0.18 AND p4_flex <= 0.39 AND p4_polar >= 0.20 AND p4_h_acceptor <= 0.77 AND p4_polar >= 0.40 THEN class = {0.49} [0.37, 0.61], (p=8, n=1, P=41, N=145)
2026-04-14 13:35:24,384 - INFO - *****GROWING RR RULE*****
2026-04-14 13:35:24,416 - INFO - Iteracja 0: condition_best: None, quality_best: -inf, coverage_best: (p=0, n=0, P=0, N=0), p_value: 0
2026-04-14 13:35:24,416 - INFO - Regula po iteracji 0: IF  THEN class = {0.65} [0.49, 0.81], (p=140, n=46, P=140, N=46)
2026-04-14 13:35:24,416 - INFO - *****STOP GROWING RR RULE*****
2026-04-14 13:35:24,416 - INFO - ***RR NOT FOUND***
2026-04-14 13:35:24,416 - INFO - *******STOP GROWING CR RULE*******
2026-04-14 13:35:24,417 - INFO - *******GROWING CR RULE*******
2026-04-14 13:35:24,435 - INFO - Iteracja 0: condition_best: p1_size >= 0.70, quality_best: 0.4, coverage_best: (p=6, n=2, P=37, N=149)
2026-04-14 13:35:24,435 - INFO - Regula po iteracji 0: IF p1_size >= 0.70 THEN class = {0.45} [0.32, 0.58], (p=6, n=2, P=37, N=149)
2026-04-14 13:35:24,435 - INFO - *****GROWING RR RULE*****
2026-04-14 13:35:24,465 - INFO - Iteracja 0: condition_best: None, quality_best: -inf, coverage_best: (p=0, n=0, P=0, N=0), p_value: 0
2026-04-14 13:35:24,465 - INFO - Regula po iteracji 0: IF  THEN class = {0.65} [0.49, 0.81], (p=140, n=46, P=140, N=46)
2026-04-14 13:35:24,466 - INFO - *****STOP GROWING RR RULE*****
2026-04-14 13:35:24,466 - INFO - ***RR NOT FOUND***
2026-04-14 13:35:24,469 - INFO - Iteracja 1: condition_best: p1_polar >= 0.34, quality_best: 0.462, coverage_best: (p=5, n=1, P=32, N=154)
2026-04-14 13:35:24,469 - INFO - Regula po iteracji 1: IF p1_size >= 0.70 AND p1_polar >= 0.34 THEN class = {0.43} [0.29, 0.56], (p=5, n=1, P=32, N=154)
2026-04-14 13:35:24,470 - INFO - *****GROWING RR RULE*****
2026-04-14 13:35:24,500 - INFO - Iteracja 0: condition_best: None, quality_best: -inf, coverage_best: (p=0, n=0, P=0, N=0), p_value: 0
2026-04-14 13:35:24,500 - INFO - Regula po iteracji 0: IF  THEN class = {0.65} [0.49, 0.81], (p=140, n=46, P=140, N=46)
2026-04-14 13:35:24,500 - INFO - *****STOP GROWING RR RULE*****
2026-04-14 13:35:24,500 - INFO - ***RR NOT FOUND***
2026-04-14 13:35:24,503 - INFO - Iteracja 2: condition_best: p1_flex <= 0.70, quality_best: 0.434, coverage_best: (p=4, n=1, P=29, N=157)
2026-04-14 13:35:24,503 - INFO - Regula po iteracji 2: IF p1_size >= 0.70 AND p1_polar >= 0.34 AND p1_flex <= 0.70 THEN class = {0.41} [0.26, 0.55], (p=4, n=1, P=29, N=157)
2026-04-14 13:35:24,503 - INFO - *****GROWING RR RULE*****
2026-04-14 13:35:24,534 - INFO - Iteracja 0: condition_best: None, quality_best: -inf, coverage_best: (p=0, n=0, P=0, N=0), p_value: 0
2026-04-14 13:35:24,534 - INFO - Regula po iteracji 0: IF  THEN class = {0.65} [0.49, 0.81], (p=140, n=46, P=140, N=46)
2026-04-14 13:35:24,534 - INFO - *****STOP GROWING RR RULE*****
2026-04-14 13:35:24,534 - INFO - ***RR NOT FOUND***
2026-04-14 13:35:24,536 - INFO - Iteracja 3: condition_best: None, quality_best: -inf, coverage_best: (p=0, n=0, P=0, N=0)
2026-04-14 13:35:24,536 - INFO - Regula po iteracji 3: IF p1_size >= 0.70 AND p1_polar >= 0.34 AND p1_flex <= 0.70 THEN class = {0.41} [0.26, 0.55], (p=4, n=1, P=29, N=157)
2026-04-14 13:35:24,536 - INFO - *******STOP GROWING CR RULE*******
2026-04-14 13:35:24,537 - INFO - *******GROWING CR RULE*******
2026-04-14 13:35:24,555 - INFO - Iteracja 0: condition_best: p4_flex >= 0.27, quality_best: 0.376, coverage_best: (p=74, n=21, P=111, N=75)
2026-04-14 13:35:24,555 - INFO - Regula po iteracji 0: IF p4_flex >= 0.27 THEN class = {0.69} [0.59, 0.79], (p=74, n=21, P=111, N=75)
2026-04-14 13:35:24,555 - INFO - *****GROWING RR RULE*****
2026-04-14 13:35:24,594 - INFO - Iteracja 0: condition_best: None, quality_best: -inf, coverage_best: (p=0, n=0, P=0, N=0), p_value: 0
2026-04-14 13:35:24,594 - INFO - Regula po iteracji 0: IF  THEN class = {0.65} [0.49, 0.81], (p=140, n=46, P=140, N=46)
2026-04-14 13:35:24,595 - INFO - *****STOP GROWING RR RULE*****
2026-04-14 13:35:24,595 - INFO - ***RR NOT FOUND***
2026-04-14 13:35:24,604 - INFO - Iteracja 1: condition_best: p4_size <= 0.45, quality_best: 0.481, coverage_best: (p=33, n=8, P=76, N=110)
2026-04-14 13:35:24,604 - INFO - Regula po iteracji 1: IF p4_flex >= 0.27 AND p4_size <= 0.45 THEN class = {0.73} [0.66, 0.79], (p=33, n=8, P=76, N=110)
2026-04-14 13:35:24,604 - INFO - *****GROWING RR RULE*****
2026-04-14 13:35:24,635 - INFO - Iteracja 0: condition_best: None, quality_best: -inf, coverage_best: (p=0, n=0, P=0, N=0), p_value: 0
2026-04-14 13:35:24,635 - INFO - Regula po iteracji 0: IF  THEN class = {0.65} [0.49, 0.81], (p=140, n=46, P=140, N=46)
2026-04-14 13:35:24,635 - INFO - *****STOP GROWING RR RULE*****
2026-04-14 13:35:24,635 - INFO - ***RR NOT FOUND***
2026-04-14 13:35:24,642 - INFO - Iteracja 2: condition_best: p5_h_acceptor <= 0.70, quality_best: 0.466, coverage_best: (p=32, n=8, P=77, N=109)
2026-04-14 13:35:24,642 - INFO - Regula po iteracji 2: IF p4_flex >= 0.27 AND p4_size <= 0.45 AND p5_h_acceptor <= 0.70 THEN class = {0.73} [0.66, 0.79], (p=32, n=8, P=77, N=109)
2026-04-14 13:35:24,642 - INFO - *****GROWING RR RULE*****
2026-04-14 13:35:24,673 - INFO - Iteracja 0: condition_best: None, quality_best: -inf, coverage_best: (p=0, n=0, P=0, N=0), p_value: 0
2026-04-14 13:35:24,673 - INFO - Regula po iteracji 0: IF  THEN class = {0.65} [0.49, 0.81], (p=140, n=46, P=140, N=46)
2026-04-14 13:35:24,673 - INFO - *****STOP GROWING RR RULE*****
2026-04-14 13:35:24,673 - INFO - ***RR NOT FOUND***
2026-04-14 13:35:24,680 - INFO - Iteracja 3: condition_best: p4_flex <= 0.50, quality_best: 0.464, coverage_best: (p=31, n=8, P=75, N=111)
2026-04-14 13:35:24,680 - INFO - Regula po iteracji 3: IF p4_flex >= 0.27 AND p4_size <= 0.45 AND p5_h_acceptor <= 0.70 AND p4_flex <= 0.50 THEN class = {0.73} [0.67, 0.79], (p=31, n=8, P=75, N=111)
2026-04-14 13:35:24,680 - INFO - *****GROWING RR RULE*****
2026-04-14 13:35:24,710 - INFO - Iteracja 0: condition_best: None, quality_best: -inf, coverage_best: (p=0, n=0, P=0, N=0), p_value: 0
2026-04-14 13:35:24,723 - INFO - Regula po iteracji 0: IF  THEN class = {0.65} [0.49, 0.81], (p=140, n=46, P=140, N=46)
2026-04-14 13:35:24,723 - INFO - *****STOP GROWING RR RULE*****
2026-04-14 13:35:24,723 - INFO - ***RR NOT FOUND***
2026-04-14 13:35:24,730 - INFO - Iteracja 4: condition_best: p6_h_acceptor <= 0.50, quality_best: 0.501, coverage_best: (p=30, n=6, P=76, N=110)
2026-04-14 13:35:24,730 - INFO - Regula po iteracji 4: IF p4_flex >= 0.27 AND p4_size <= 0.45 AND p5_h_acceptor <= 0.70 AND p4_flex <= 0.50 AND p6_h_acceptor <= 0.50 THEN class = {0.73} [0.67, 0.79], (p=30, n=6, P=76, N=110)
2026-04-14 13:35:24,730 - INFO - *****GROWING RR RULE*****
2026-04-14 13:35:24,761 - INFO - Iteracja 0: condition_best: None, quality_best: -inf, coverage_best: (p=0, n=0, P=0, N=0), p_value: 0
2026-04-14 13:35:24,761 - INFO - Regula po iteracji 0: IF  THEN class = {0.65} [0.49, 0.81], (p=140, n=46, P=140, N=46)
2026-04-14 13:35:24,761 - INFO - *****STOP GROWING RR RULE*****
2026-04-14 13:35:24,761 - INFO - ***RR NOT FOUND***
2026-04-14 13:35:24,761 - INFO - *******STOP GROWING CR RULE*******
2026-04-14 13:35:24,762 - INFO - *******GROWING CR RULE*******
2026-04-14 13:35:24,779 - INFO - Iteracja 0: condition_best: p4_flex >= 0.27, quality_best: 0.376, coverage_best: (p=74, n=21, P=111, N=75)
2026-04-14 13:35:24,779 - INFO - Regula po iteracji 0: IF p4_flex >= 0.27 THEN class = {0.69} [0.59, 0.79], (p=74, n=21, P=111, N=75)
2026-04-14 13:35:24,779 - INFO - *****GROWING RR RULE*****
2026-04-14 13:35:24,818 - INFO - Iteracja 0: condition_best: None, quality_best: -inf, coverage_best: (p=0, n=0, P=0, N=0), p_value: 0
2026-04-14 13:35:24,818 - INFO - Regula po iteracji 0: IF  THEN class = {0.65} [0.49, 0.81], (p=140, n=46, P=140, N=46)
2026-04-14 13:35:24,819 - INFO - *****STOP GROWING RR RULE*****
2026-04-14 13:35:24,819 - INFO - ***RR NOT FOUND***
2026-04-14 13:35:24,828 - INFO - Iteracja 1: condition_best: p1_polar >= 0.18, quality_best: 0.427, coverage_best: (p=70, n=17, P=110, N=76)
2026-04-14 13:35:24,828 - INFO - Regula po iteracji 1: IF p4_flex >= 0.27 AND p1_polar >= 0.18 THEN class = {0.70} [0.60, 0.80], (p=70, n=17, P=110, N=76)
2026-04-14 13:35:24,828 - INFO - *****GROWING RR RULE*****
2026-04-14 13:35:24,865 - INFO - Iteracja 0: condition_best: None, quality_best: -inf, coverage_best: (p=0, n=0, P=0, N=0), p_value: 0
2026-04-14 13:35:24,866 - INFO - Regula po iteracji 0: IF  THEN class = {0.65} [0.49, 0.81], (p=140, n=46, P=140, N=46)
2026-04-14 13:35:24,866 - INFO - *****STOP GROWING RR RULE*****
2026-04-14 13:35:24,866 - INFO - ***RR NOT FOUND***
2026-04-14 13:35:24,875 - INFO - Iteracja 2: condition_best: p1_polarisable <= 0.70, quality_best: 0.446, coverage_best: (p=70, n=16, P=110, N=76)
2026-04-14 13:35:24,875 - INFO - Regula po iteracji 2: IF p4_flex >= 0.27 AND p1_polar >= 0.18 AND p1_polarisable <= 0.70 THEN class = {0.70} [0.60, 0.80], (p=70, n=16, P=110, N=76)
2026-04-14 13:35:24,875 - INFO - *****GROWING RR RULE*****
2026-04-14 13:35:24,912 - INFO - Iteracja 0: condition_best: None, quality_best: -inf, coverage_best: (p=0, n=0, P=0, N=0), p_value: 0
2026-04-14 13:35:24,912 - INFO - Regula po iteracji 0: IF  THEN class = {0.65} [0.49, 0.81], (p=140, n=46, P=140, N=46)
2026-04-14 13:35:24,913 - INFO - *****STOP GROWING RR RULE*****
2026-04-14 13:35:24,913 - INFO - ***RR NOT FOUND***
2026-04-14 13:35:24,922 - INFO - Iteracja 3: condition_best: p4_flex <= 0.50, quality_best: 0.44, coverage_best: (p=48, n=10, P=105, N=81)
2026-04-14 13:35:24,922 - INFO - Regula po iteracji 3: IF p4_flex >= 0.27 AND p1_polar >= 0.18 AND p1_polarisable <= 0.70 AND p4_flex <= 0.50 THEN class = {0.71} [0.61, 0.80], (p=48, n=10, P=105, N=81)
2026-04-14 13:35:24,922 - INFO - *****GROWING RR RULE*****
2026-04-14 13:35:24,952 - INFO - Iteracja 0: condition_best: None, quality_best: -inf, coverage_best: (p=0, n=0, P=0, N=0), p_value: 0
2026-04-14 13:35:24,953 - INFO - Regula po iteracji 0: IF  THEN class = {0.65} [0.49, 0.81], (p=140, n=46, P=140, N=46)
2026-04-14 13:35:24,953 - INFO - *****STOP GROWING RR RULE*****
2026-04-14 13:35:24,953 - INFO - ***RR NOT FOUND***
2026-04-14 13:35:24,960 - INFO - Iteracja 4: condition_best: p4_branch <= 0.60, quality_best: 0.555, coverage_best: (p=47, n=8, P=88, N=98)
2026-04-14 13:35:24,960 - INFO - Regula po iteracji 4: IF p4_flex >= 0.27 AND p1_polar >= 0.18 AND p1_polarisable <= 0.70 AND p4_flex <= 0.50 AND p4_branch <= 0.60 THEN class = {0.72} [0.64, 0.79], (p=47, n=8, P=88, N=98)
2026-04-14 13:35:24,961 - INFO - *****GROWING RR RULE*****
2026-04-14 13:35:24,991 - INFO - Iteracja 0: condition_best: None, quality_best: -inf, coverage_best: (p=0, n=0, P=0, N=0), p_value: 0
2026-04-14 13:35:24,991 - INFO - Regula po iteracji 0: IF  THEN class = {0.65} [0.49, 0.81], (p=140, n=46, P=140, N=46)
2026-04-14 13:35:24,991 - INFO - *****STOP GROWING RR RULE*****
2026-04-14 13:35:24,991 - INFO - ***RR NOT FOUND***
2026-04-14 13:35:24,991 - INFO - *******STOP GROWING CR RULE*******
2026-04-14 13:35:24,992 - INFO - *******GROWING CR RULE*******
2026-04-14 13:35:25,009 - INFO - Iteracja 0: condition_best: p4_flex >= 0.27, quality_best: 0.376, coverage_best: (p=74, n=21, P=111, N=75)
2026-04-14 13:35:25,009 - INFO - Regula po iteracji 0: IF p4_flex >= 0.27 THEN class = {0.69} [0.59, 0.79], (p=74, n=21, P=111, N=75)
2026-04-14 13:35:25,009 - INFO - *****GROWING RR RULE*****
2026-04-14 13:35:25,048 - INFO - Iteracja 0: condition_best: None, quality_best: -inf, coverage_best: (p=0, n=0, P=0, N=0), p_value: 0
2026-04-14 13:35:25,049 - INFO - Regula po iteracji 0: IF  THEN class = {0.65} [0.49, 0.81], (p=140, n=46, P=140, N=46)
2026-04-14 13:35:25,049 - INFO - *****STOP GROWING RR RULE*****
2026-04-14 13:35:25,049 - INFO - ***RR NOT FOUND***
2026-04-14 13:35:25,058 - INFO - Iteracja 1: condition_best: p1_polar >= 0.18, quality_best: 0.427, coverage_best: (p=70, n=17, P=110, N=76)
2026-04-14 13:35:25,058 - INFO - Regula po iteracji 1: IF p4_flex >= 0.27 AND p1_polar >= 0.18 THEN class = {0.70} [0.60, 0.80], (p=70, n=17, P=110, N=76)
2026-04-14 13:35:25,058 - INFO - *****GROWING RR RULE*****
2026-04-14 13:35:25,095 - INFO - Iteracja 0: condition_best: None, quality_best: -inf, coverage_best: (p=0, n=0, P=0, N=0), p_value: 0
2026-04-14 13:35:25,095 - INFO - Regula po iteracji 0: IF  THEN class = {0.65} [0.49, 0.81], (p=140, n=46, P=140, N=46)
2026-04-14 13:35:25,096 - INFO - *****STOP GROWING RR RULE*****
2026-04-14 13:35:25,096 - INFO - ***RR NOT FOUND***
2026-04-14 13:35:25,105 - INFO - Iteracja 2: condition_best: p1_polarisable <= 0.70, quality_best: 0.446, coverage_best: (p=70, n=16, P=110, N=76)
2026-04-14 13:35:25,105 - INFO - Regula po iteracji 2: IF p4_flex >= 0.27 AND p1_polar >= 0.18 AND p1_polarisable <= 0.70 THEN class = {0.70} [0.60, 0.80], (p=70, n=16, P=110, N=76)
2026-04-14 13:35:25,105 - INFO - *****GROWING RR RULE*****
2026-04-14 13:35:25,142 - INFO - Iteracja 0: condition_best: None, quality_best: -inf, coverage_best: (p=0, n=0, P=0, N=0), p_value: 0
2026-04-14 13:35:25,142 - INFO - Regula po iteracji 0: IF  THEN class = {0.65} [0.49, 0.81], (p=140, n=46, P=140, N=46)
2026-04-14 13:35:25,142 - INFO - *****STOP GROWING RR RULE*****
2026-04-14 13:35:25,142 - INFO - ***RR NOT FOUND***
2026-04-14 13:35:25,151 - INFO - Iteracja 3: condition_best: p4_flex <= 0.84, quality_best: 0.439, coverage_best: (p=69, n=16, P=110, N=76)
2026-04-14 13:35:25,151 - INFO - Regula po iteracji 3: IF p4_flex >= 0.27 AND p1_polar >= 0.18 AND p1_polarisable <= 0.70 AND p4_flex <= 0.84 THEN class = {0.70} [0.60, 0.80], (p=69, n=16, P=110, N=76)
2026-04-14 13:35:25,151 - INFO - *****GROWING RR RULE*****
2026-04-14 13:35:25,189 - INFO - Iteracja 0: condition_best: None, quality_best: -inf, coverage_best: (p=0, n=0, P=0, N=0), p_value: 0
2026-04-14 13:35:25,189 - INFO - Regula po iteracji 0: IF  THEN class = {0.65} [0.49, 0.81], (p=140, n=46, P=140, N=46)
2026-04-14 13:35:25,189 - INFO - *****STOP GROWING RR RULE*****
2026-04-14 13:35:25,189 - INFO - ***RR NOT FOUND***
2026-04-14 13:35:25,198 - INFO - Iteracja 4: condition_best: p5_pi_acceptor <= 0.70, quality_best: 0.432, coverage_best: (p=68, n=16, P=110, N=76)
2026-04-14 13:35:25,198 - INFO - Regula po iteracji 4: IF p4_flex >= 0.27 AND p1_polar >= 0.18 AND p1_polarisable <= 0.70 AND p4_flex <= 0.84 AND p5_pi_acceptor <= 0.70 THEN class = {0.70} [0.60, 0.80], (p=68, n=16, P=110, N=76)
2026-04-14 13:35:25,198 - INFO - *****GROWING RR RULE*****
2026-04-14 13:35:25,236 - INFO - Iteracja 0: condition_best: None, quality_best: -inf, coverage_best: (p=0, n=0, P=0, N=0), p_value: 0
2026-04-14 13:35:25,236 - INFO - Regula po iteracji 0: IF  THEN class = {0.65} [0.49, 0.81], (p=140, n=46, P=140, N=46)
2026-04-14 13:35:25,236 - INFO - *****STOP GROWING RR RULE*****
2026-04-14 13:35:25,236 - INFO - ***RR NOT FOUND***
2026-04-14 13:35:25,236 - INFO - *******STOP GROWING CR RULE*******
2026-04-14 13:35:25,237 - INFO - *******GROWING CR RULE*******
2026-04-14 13:35:25,253 - INFO - Iteracja 0: condition_best: p4_polar <= 0.20, quality_best: 0.345, coverage_best: (p=12, n=4, P=72, N=114)
2026-04-14 13:35:25,253 - INFO - Regula po iteracji 0: IF p4_polar <= 0.20 THEN class = {0.51} [0.35, 0.67], (p=12, n=4, P=72, N=114)
2026-04-14 13:35:25,254 - INFO - *****GROWING RR RULE*****
2026-04-14 13:35:25,284 - INFO - Iteracja 0: condition_best: None, quality_best: -inf, coverage_best: (p=0, n=0, P=0, N=0), p_value: 0
2026-04-14 13:35:25,284 - INFO - Regula po iteracji 0: IF  THEN class = {0.65} [0.49, 0.81], (p=140, n=46, P=140, N=46)
2026-04-14 13:35:25,284 - INFO - *****STOP GROWING RR RULE*****
2026-04-14 13:35:25,284 - INFO - ***RR NOT FOUND***
2026-04-14 13:35:25,288 - INFO - Iteracja 1: condition_best: p1_sigma <= 0.77, quality_best: 0.422, coverage_best: (p=10, n=3, P=46, N=140)
2026-04-14 13:35:25,288 - INFO - Regula po iteracji 1: IF p4_polar <= 0.20 AND p1_sigma <= 0.77 THEN class = {0.47} [0.33, 0.61], (p=10, n=3, P=46, N=140)
2026-04-14 13:35:25,288 - INFO - *****GROWING RR RULE*****
2026-04-14 13:35:25,318 - INFO - Iteracja 0: condition_best: None, quality_best: -inf, coverage_best: (p=0, n=0, P=0, N=0), p_value: 0
2026-04-14 13:35:25,318 - INFO - Regula po iteracji 0: IF  THEN class = {0.65} [0.49, 0.81], (p=140, n=46, P=140, N=46)
2026-04-14 13:35:25,318 - INFO - *****STOP GROWING RR RULE*****
2026-04-14 13:35:25,318 - INFO - ***RR NOT FOUND***
2026-04-14 13:35:25,322 - INFO - Iteracja 2: condition_best: p1_h_acceptor <= 0.77, quality_best: 0.459, coverage_best: (p=9, n=2, P=44, N=142)
2026-04-14 13:35:25,322 - INFO - Regula po iteracji 2: IF p4_polar <= 0.20 AND p1_sigma <= 0.77 AND p1_h_acceptor <= 0.77 THEN class = {0.50} [0.39, 0.61], (p=9, n=2, P=44, N=142)
2026-04-14 13:35:25,322 - INFO - *****GROWING RR RULE*****
2026-04-14 13:35:25,352 - INFO - Iteracja 0: condition_best: None, quality_best: -inf, coverage_best: (p=0, n=0, P=0, N=0), p_value: 0
2026-04-14 13:35:25,352 - INFO - Regula po iteracji 0: IF  THEN class = {0.65} [0.49, 0.81], (p=140, n=46, P=140, N=46)
2026-04-14 13:35:25,352 - INFO - *****STOP GROWING RR RULE*****
2026-04-14 13:35:25,352 - INFO - ***RR NOT FOUND***
2026-04-14 13:35:25,355 - INFO - Iteracja 3: condition_best: p1_polar <= 0.50, quality_best: 0.521, coverage_best: (p=8, n=1, P=38, N=148)
2026-04-14 13:35:25,355 - INFO - Regula po iteracji 3: IF p4_polar <= 0.20 AND p1_sigma <= 0.77 AND p1_h_acceptor <= 0.77 AND p1_polar <= 0.50 THEN class = {0.49} [0.38, 0.60], (p=8, n=1, P=38, N=148)
2026-04-14 13:35:25,356 - INFO - *****GROWING RR RULE*****
2026-04-14 13:35:25,386 - INFO - Iteracja 0: condition_best: None, quality_best: -inf, coverage_best: (p=0, n=0, P=0, N=0), p_value: 0
2026-04-14 13:35:25,386 - INFO - Regula po iteracji 0: IF  THEN class = {0.65} [0.49, 0.81], (p=140, n=46, P=140, N=46)
2026-04-14 13:35:25,386 - INFO - *****STOP GROWING RR RULE*****
2026-04-14 13:35:25,386 - INFO - ***RR NOT FOUND***
2026-04-14 13:35:25,389 - INFO - Iteracja 4: condition_best: p1_size <= 0.83, quality_best: 0.492, coverage_best: (p=7, n=1, P=41, N=145)
2026-04-14 13:35:25,389 - INFO - Regula po iteracji 4: IF p4_polar <= 0.20 AND p1_sigma <= 0.77 AND p1_h_acceptor <= 0.77 AND p1_polar <= 0.50 AND p1_size <= 0.83 THEN class = {0.49} [0.37, 0.61], (p=7, n=1, P=41, N=145)
2026-04-14 13:35:25,389 - INFO - *****GROWING RR RULE*****
2026-04-14 13:35:25,419 - INFO - Iteracja 0: condition_best: None, quality_best: -inf, coverage_best: (p=0, n=0, P=0, N=0), p_value: 0
2026-04-14 13:35:25,419 - INFO - Regula po iteracji 0: IF  THEN class = {0.65} [0.49, 0.81], (p=140, n=46, P=140, N=46)
2026-04-14 13:35:25,419 - INFO - *****STOP GROWING RR RULE*****
2026-04-14 13:35:25,419 - INFO - ***RR NOT FOUND***
2026-04-14 13:35:25,419 - INFO - *******STOP GROWING CR RULE*******
2026-04-14 13:35:25,420 - INFO - *******GROWING CR RULE*******
2026-04-14 13:35:25,437 - INFO - Iteracja 0: condition_best: p4_polar <= 0.20, quality_best: 0.345, coverage_best: (p=12, n=4, P=72, N=114)
2026-04-14 13:35:25,437 - INFO - Regula po iteracji 0: IF p4_polar <= 0.20 THEN class = {0.51} [0.35, 0.67], (p=12, n=4, P=72, N=114)
2026-04-14 13:35:25,437 - INFO - *****GROWING RR RULE*****
2026-04-14 13:35:25,467 - INFO - Iteracja 0: condition_best: None, quality_best: -inf, coverage_best: (p=0, n=0, P=0, N=0), p_value: 0
2026-04-14 13:35:25,467 - INFO - Regula po iteracji 0: IF  THEN class = {0.65} [0.49, 0.81], (p=140, n=46, P=140, N=46)
2026-04-14 13:35:25,468 - INFO - *****STOP GROWING RR RULE*****
2026-04-14 13:35:25,468 - INFO - ***RR NOT FOUND***
2026-04-14 13:35:25,471 - INFO - Iteracja 1: condition_best: p1_flex <= 0.63, quality_best: 0.328, coverage_best: (p=11, n=4, P=71, N=115)
2026-04-14 13:35:25,471 - INFO - Regula po iteracji 1: IF p4_polar <= 0.20 AND p1_flex <= 0.63 THEN class = {0.50} [0.34, 0.66], (p=11, n=4, P=71, N=115)
2026-04-14 13:35:25,471 - INFO - *****GROWING RR RULE*****
2026-04-14 13:35:25,502 - INFO - Iteracja 0: condition_best: None, quality_best: -inf, coverage_best: (p=0, n=0, P=0, N=0), p_value: 0
2026-04-14 13:35:25,502 - INFO - Regula po iteracji 0: IF  THEN class = {0.65} [0.49, 0.81], (p=140, n=46, P=140, N=46)
2026-04-14 13:35:25,502 - INFO - *****STOP GROWING RR RULE*****
2026-04-14 13:35:25,502 - INFO - ***RR NOT FOUND***
2026-04-14 13:35:25,505 - INFO - Iteracja 2: condition_best: p1_polar >= 0.18, quality_best: 0.304, coverage_best: (p=10, n=4, P=72, N=114)
2026-04-14 13:35:25,505 - INFO - Regula po iteracji 2: IF p4_polar <= 0.20 AND p1_flex <= 0.63 AND p1_polar >= 0.18 THEN class = {0.50} [0.33, 0.66], (p=10, n=4, P=72, N=114)
2026-04-14 13:35:25,506 - INFO - *****GROWING RR RULE*****
2026-04-14 13:35:25,536 - INFO - Iteracja 0: condition_best: None, quality_best: -inf, coverage_best: (p=0, n=0, P=0, N=0), p_value: 0
2026-04-14 13:35:25,536 - INFO - Regula po iteracji 0: IF  THEN class = {0.65} [0.49, 0.81], (p=140, n=46, P=140, N=46)
2026-04-14 13:35:25,536 - INFO - *****STOP GROWING RR RULE*****
2026-04-14 13:35:25,536 - INFO - ***RR NOT FOUND***
2026-04-14 13:35:25,539 - INFO - Iteracja 3: condition_best: p1_h_acceptor <= 0.77, quality_best: 0.328, coverage_best: (p=9, n=3, P=74, N=112)
2026-04-14 13:35:25,539 - INFO - Regula po iteracji 3: IF p4_polar <= 0.20 AND p1_flex <= 0.63 AND p1_polar >= 0.18 AND p1_h_acceptor <= 0.77 THEN class = {0.53} [0.39, 0.67], (p=9, n=3, P=74, N=112)
2026-04-14 13:35:25,540 - INFO - *****GROWING RR RULE*****
2026-04-14 13:35:25,572 - INFO - Iteracja 0: condition_best: None, quality_best: -inf, coverage_best: (p=0, n=0, P=0, N=0), p_value: 0
2026-04-14 13:35:25,572 - INFO - Regula po iteracji 0: IF  THEN class = {0.65} [0.49, 0.81], (p=140, n=46, P=140, N=46)
2026-04-14 13:35:25,572 - INFO - *****STOP GROWING RR RULE*****
2026-04-14 13:35:25,572 - INFO - ***RR NOT FOUND***
2026-04-14 13:35:25,575 - INFO - Iteracja 4: condition_best: p1_polar >= 0.50, quality_best: 0.295, coverage_best: (p=4, n=1, P=100, N=86)
2026-04-14 13:35:25,575 - INFO - Regula po iteracji 4: IF p4_polar <= 0.20 AND p1_flex <= 0.63 AND p1_polar >= 0.18 AND p1_h_acceptor <= 0.77 AND p1_polar >= 0.50 THEN class = {0.62} [0.51, 0.74], (p=4, n=1, P=100, N=86)
2026-04-14 13:35:25,576 - INFO - *****GROWING RR RULE*****
2026-04-14 13:35:25,613 - INFO - Iteracja 0: condition_best: None, quality_best: -inf, coverage_best: (p=0, n=0, P=0, N=0), p_value: 0
2026-04-14 13:35:25,613 - INFO - Regula po iteracji 0: IF  THEN class = {0.65} [0.49, 0.81], (p=140, n=46, P=140, N=46)
2026-04-14 13:35:25,613 - INFO - *****STOP GROWING RR RULE*****
2026-04-14 13:35:25,613 - INFO - ***RR NOT FOUND***
2026-04-14 13:35:25,613 - INFO - *******STOP GROWING CR RULE*******
2026-04-14 13:35:25,614 - INFO - *******GROWING CR RULE*******
2026-04-14 13:35:25,630 - INFO - Iteracja 0: condition_best: p2_pi_acceptor >= 0.30, quality_best: 0.317, coverage_best: (p=6, n=1, P=119, N=67)
2026-04-14 13:35:25,630 - INFO - Regula po iteracji 0: IF p2_pi_acceptor >= 0.30 THEN class = {0.75} [0.64, 0.87], (p=6, n=1, P=119, N=67)
2026-04-14 13:35:25,630 - INFO - *****GROWING RR RULE*****
2026-04-14 13:35:25,663 - INFO - Iteracja 0: condition_best: None, quality_best: -inf, coverage_best: (p=0, n=0, P=0, N=0), p_value: 0
2026-04-14 13:35:25,663 - INFO - Regula po iteracji 0: IF  THEN class = {0.65} [0.49, 0.81], (p=140, n=46, P=140, N=46)
2026-04-14 13:35:25,663 - INFO - *****STOP GROWING RR RULE*****
2026-04-14 13:35:25,663 - INFO - ***RR NOT FOUND***
2026-04-14 13:35:25,667 - INFO - Iteracja 1: condition_best: p3_polar <= 0.50, quality_best: 0.276, coverage_best: (p=5, n=1, P=120, N=66)
2026-04-14 13:35:25,667 - INFO - Regula po iteracji 1: IF p2_pi_acceptor >= 0.30 AND p3_polar <= 0.50 THEN class = {0.73} [0.62, 0.84], (p=5, n=1, P=120, N=66)
2026-04-14 13:35:25,667 - INFO - *****GROWING RR RULE*****
2026-04-14 13:35:25,699 - INFO - Iteracja 0: condition_best: None, quality_best: -inf, coverage_best: (p=0, n=0, P=0, N=0), p_value: 0
2026-04-14 13:35:25,699 - INFO - Regula po iteracji 0: IF  THEN class = {0.65} [0.49, 0.81], (p=140, n=46, P=140, N=46)
2026-04-14 13:35:25,699 - INFO - *****STOP GROWING RR RULE*****
2026-04-14 13:35:25,699 - INFO - ***RR NOT FOUND***
2026-04-14 13:35:25,703 - INFO - Iteracja 2: condition_best: p1_flex >= 0.17, quality_best: 0.242, coverage_best: (p=3, n=2, P=49, N=137)
2026-04-14 13:35:25,703 - INFO - Regula po iteracji 2: IF p2_pi_acceptor >= 0.30 AND p3_polar <= 0.50 AND p1_flex >= 0.17 THEN class = {0.78} [0.73, 0.82], (p=3, n=2, P=49, N=137)
2026-04-14 13:35:25,703 - INFO - *****GROWING RR RULE*****
2026-04-14 13:35:25,733 - INFO - Iteracja 0: condition_best: None, quality_best: -inf, coverage_best: (p=0, n=0, P=0, N=0), p_value: 0
2026-04-14 13:35:25,733 - INFO - Regula po iteracji 0: IF  THEN class = {0.65} [0.49, 0.81], (p=140, n=46, P=140, N=46)
2026-04-14 13:35:25,733 - INFO - *****STOP GROWING RR RULE*****
2026-04-14 13:35:25,733 - INFO - ***RR NOT FOUND***
2026-04-14 13:35:25,736 - INFO - Iteracja 3: condition_best: None, quality_best: -inf, coverage_best: (p=0, n=0, P=0, N=0)
2026-04-14 13:35:25,737 - INFO - Regula po iteracji 3: IF p2_pi_acceptor >= 0.30 AND p3_polar <= 0.50 AND p1_flex >= 0.17 THEN class = {0.78} [0.73, 0.82], (p=3, n=2, P=49, N=137)
2026-04-14 13:35:25,737 - INFO - *******STOP GROWING CR RULE*******
2026-04-14 13:35:25,737 - INFO - *******GROWING CR RULE*******
2026-04-14 13:35:25,754 - INFO - Iteracja 0: condition_best: p1_sigma >= 0.77, quality_best: 0.315, coverage_best: (p=40, n=18, P=85, N=101)
2026-04-14 13:35:25,754 - INFO - Regula po iteracji 0: IF p1_sigma >= 0.77 THEN class = {0.71} [0.64, 0.79], (p=40, n=18, P=85, N=101)
2026-04-14 13:35:25,754 - INFO - *****GROWING RR RULE*****
2026-04-14 13:35:25,784 - INFO - Iteracja 0: condition_best: None, quality_best: -inf, coverage_best: (p=0, n=0, P=0, N=0), p_value: 0
2026-04-14 13:35:25,785 - INFO - Regula po iteracji 0: IF  THEN class = {0.65} [0.49, 0.81], (p=140, n=46, P=140, N=46)
2026-04-14 13:35:25,785 - INFO - *****STOP GROWING RR RULE*****
2026-04-14 13:35:25,785 - INFO - ***RR NOT FOUND***
2026-04-14 13:35:25,792 - INFO - Iteracja 1: condition_best: p4_flex <= 0.50, quality_best: 0.425, coverage_best: (p=31, n=8, P=85, N=101)
2026-04-14 13:35:25,792 - INFO - Regula po iteracji 1: IF p1_sigma >= 0.77 AND p4_flex <= 0.50 THEN class = {0.72} [0.64, 0.79], (p=31, n=8, P=85, N=101)
2026-04-14 13:35:25,793 - INFO - *****GROWING RR RULE*****
2026-04-14 13:35:25,823 - INFO - Iteracja 0: condition_best: None, quality_best: -inf, coverage_best: (p=0, n=0, P=0, N=0), p_value: 0
2026-04-14 13:35:25,824 - INFO - Regula po iteracji 0: IF  THEN class = {0.65} [0.49, 0.81], (p=140, n=46, P=140, N=46)
2026-04-14 13:35:25,824 - INFO - *****STOP GROWING RR RULE*****
2026-04-14 13:35:25,824 - INFO - ***RR NOT FOUND***
2026-04-14 13:35:25,830 - INFO - Iteracja 2: condition_best: p1_polar <= 0.74, quality_best: 0.455, coverage_best: (p=31, n=7, P=84, N=102)
2026-04-14 13:35:25,831 - INFO - Regula po iteracji 2: IF p1_sigma >= 0.77 AND p4_flex <= 0.50 AND p1_polar <= 0.74 THEN class = {0.72} [0.64, 0.79], (p=31, n=7, P=84, N=102)
2026-04-14 13:35:25,831 - INFO - *****GROWING RR RULE*****
2026-04-14 13:35:25,861 - INFO - Iteracja 0: condition_best: None, quality_best: -inf, coverage_best: (p=0, n=0, P=0, N=0), p_value: 0
2026-04-14 13:35:25,861 - INFO - Regula po iteracji 0: IF  THEN class = {0.65} [0.49, 0.81], (p=140, n=46, P=140, N=46)
2026-04-14 13:35:25,862 - INFO - *****STOP GROWING RR RULE*****
2026-04-14 13:35:25,862 - INFO - ***RR NOT FOUND***
2026-04-14 13:35:25,868 - INFO - Iteracja 3: condition_best: p5_size <= 0.82, quality_best: 0.469, coverage_best: (p=30, n=6, P=85, N=101)
2026-04-14 13:35:25,868 - INFO - Regula po iteracji 3: IF p1_sigma >= 0.77 AND p4_flex <= 0.50 AND p1_polar <= 0.74 AND p5_size <= 0.82 THEN class = {0.72} [0.64, 0.79], (p=30, n=6, P=85, N=101)
2026-04-14 13:35:25,868 - INFO - *****GROWING RR RULE*****
2026-04-14 13:35:25,899 - INFO - Iteracja 0: condition_best: None, quality_best: -inf, coverage_best: (p=0, n=0, P=0, N=0), p_value: 0
2026-04-14 13:35:25,899 - INFO - Regula po iteracji 0: IF  THEN class = {0.65} [0.49, 0.81], (p=140, n=46, P=140, N=46)
2026-04-14 13:35:25,899 - INFO - *****STOP GROWING RR RULE*****
2026-04-14 13:35:25,899 - INFO - ***RR NOT FOUND***
2026-04-14 13:35:25,906 - INFO - Iteracja 4: condition_best: p6_pi_doner <= 0.50, quality_best: 0.496, coverage_best: (p=29, n=5, P=83, N=103)
2026-04-14 13:35:25,906 - INFO - Regula po iteracji 4: IF p1_sigma >= 0.77 AND p4_flex <= 0.50 AND p1_polar <= 0.74 AND p5_size <= 0.82 AND p6_pi_doner <= 0.50 THEN class = {0.71} [0.64, 0.78], (p=29, n=5, P=83, N=103)
2026-04-14 13:35:25,906 - INFO - *****GROWING RR RULE*****
2026-04-14 13:35:25,936 - INFO - Iteracja 0: condition_best: None, quality_best: -inf, coverage_best: (p=0, n=0, P=0, N=0), p_value: 0
2026-04-14 13:35:25,937 - INFO - Regula po iteracji 0: IF  THEN class = {0.65} [0.49, 0.81], (p=140, n=46, P=140, N=46)
2026-04-14 13:35:25,937 - INFO - *****STOP GROWING RR RULE*****
2026-04-14 13:35:25,937 - INFO - ***RR NOT FOUND***
2026-04-14 13:35:25,937 - INFO - *******STOP GROWING CR RULE*******
2026-04-14 13:35:25,937 - INFO - *******GROWING CR RULE*******
2026-04-14 13:35:25,954 - INFO - Iteracja 0: condition_best: p4_branch >= 0.60, quality_best: 0.315, coverage_best: (p=6, n=3, P=46, N=140)
2026-04-14 13:35:25,954 - INFO - Regula po iteracji 0: IF p4_branch >= 0.60 THEN class = {0.52} [0.41, 0.63], (p=6, n=3, P=46, N=140)
2026-04-14 13:35:25,954 - INFO - *****GROWING RR RULE*****
2026-04-14 13:35:25,984 - INFO - Iteracja 0: condition_best: None, quality_best: -inf, coverage_best: (p=0, n=0, P=0, N=0), p_value: 0
2026-04-14 13:35:25,984 - INFO - Regula po iteracji 0: IF  THEN class = {0.65} [0.49, 0.81], (p=140, n=46, P=140, N=46)
2026-04-14 13:35:25,985 - INFO - *****STOP GROWING RR RULE*****
2026-04-14 13:35:25,985 - INFO - ***RR NOT FOUND***
2026-04-14 13:35:25,987 - INFO - Iteracja 1: condition_best: p4_size <= 0.85, quality_best: 0.474, coverage_best: (p=7, n=1, P=49, N=137)
2026-04-14 13:35:25,987 - INFO - Regula po iteracji 1: IF p4_branch >= 0.60 AND p4_size <= 0.85 THEN class = {0.53} [0.43, 0.64], (p=7, n=1, P=49, N=137)
2026-04-14 13:35:25,987 - INFO - *****GROWING RR RULE*****
2026-04-14 13:35:26,018 - INFO - Iteracja 0: condition_best: None, quality_best: -inf, coverage_best: (p=0, n=0, P=0, N=0), p_value: 0
2026-04-14 13:35:26,018 - INFO - Regula po iteracji 0: IF  THEN class = {0.65} [0.49, 0.81], (p=140, n=46, P=140, N=46)
2026-04-14 13:35:26,018 - INFO - *****STOP GROWING RR RULE*****
2026-04-14 13:35:26,018 - INFO - ***RR NOT FOUND***
2026-04-14 13:35:26,020 - INFO - Iteracja 2: condition_best: p5_polar <= 0.60, quality_best: 0.442, coverage_best: (p=6, n=1, P=55, N=131)
2026-04-14 13:35:26,020 - INFO - Regula po iteracji 2: IF p4_branch >= 0.60 AND p4_size <= 0.85 AND p5_polar <= 0.60 THEN class = {0.53} [0.42, 0.64], (p=6, n=1, P=55, N=131)
2026-04-14 13:35:26,020 - INFO - *****GROWING RR RULE*****
2026-04-14 13:35:26,051 - INFO - Iteracja 0: condition_best: None, quality_best: -inf, coverage_best: (p=0, n=0, P=0, N=0), p_value: 0
2026-04-14 13:35:26,051 - INFO - Regula po iteracji 0: IF  THEN class = {0.65} [0.49, 0.81], (p=140, n=46, P=140, N=46)
2026-04-14 13:35:26,051 - INFO - *****STOP GROWING RR RULE*****
2026-04-14 13:35:26,051 - INFO - ***RR NOT FOUND***
2026-04-14 13:35:26,053 - INFO - Iteracja 3: condition_best: p4_flex <= 0.27, quality_best: 0.25, coverage_best: (p=3, n=2, P=46, N=140)
2026-04-14 13:35:26,053 - INFO - Regula po iteracji 3: IF p4_branch >= 0.60 AND p4_size <= 0.85 AND p5_polar <= 0.60 AND p4_flex <= 0.27 THEN class = {0.56} [0.47, 0.64], (p=3, n=2, P=46, N=140)
2026-04-14 13:35:26,053 - INFO - *****GROWING RR RULE*****
2026-04-14 13:35:26,083 - INFO - Iteracja 0: condition_best: None, quality_best: -inf, coverage_best: (p=0, n=0, P=0, N=0), p_value: 0
2026-04-14 13:35:26,083 - INFO - Regula po iteracji 0: IF  THEN class = {0.65} [0.49, 0.81], (p=140, n=46, P=140, N=46)
2026-04-14 13:35:26,083 - INFO - *****STOP GROWING RR RULE*****
2026-04-14 13:35:26,084 - INFO - ***RR NOT FOUND***
2026-04-14 13:35:26,085 - INFO - Iteracja 4: condition_best: None, quality_best: -inf, coverage_best: (p=0, n=0, P=0, N=0)
2026-04-14 13:35:26,085 - INFO - Regula po iteracji 4: IF p4_branch >= 0.60 AND p4_size <= 0.85 AND p5_polar <= 0.60 AND p4_flex <= 0.27 THEN class = {0.56} [0.47, 0.64], (p=3, n=2, P=46, N=140)
2026-04-14 13:35:26,085 - INFO - *******STOP GROWING CR RULE*******
2026-04-14 13:35:26,085 - INFO - *******GROWING CR RULE*******
2026-04-14 13:35:26,102 - INFO - Iteracja 0: condition_best: p4_branch >= 0.40, quality_best: 0.312, coverage_best: (p=29, n=8, P=107, N=79)
2026-04-14 13:35:26,102 - INFO - Regula po iteracji 0: IF p4_branch >= 0.40 THEN class = {0.58} [0.43, 0.73], (p=29, n=8, P=107, N=79)
2026-04-14 13:35:26,102 - INFO - *****GROWING RR RULE*****
2026-04-14 13:35:26,138 - INFO - Iteracja 0: condition_best: p4_flex <= 0.16, quality_best: -0.789, coverage_best: (p=47, n=20, P=161, N=25), p_value: 2
2026-04-14 13:35:26,138 - INFO - Regula po iteracji 0: IF p4_flex <= 0.16 THEN class = {0.65} [0.49, 0.81], (p=47, n=20, P=161, N=25)
2026-04-14 13:35:26,158 - INFO - Iteracja 1: condition_best: None, quality_best: -inf, coverage_best: (p=0, n=0, P=0, N=0), p_value: 2
2026-04-14 13:35:26,158 - INFO - Regula po iteracji 1: IF p4_flex <= 0.16 THEN class = {0.61} [0.40, 0.82], (p=47, n=20, P=161, N=25)
2026-04-14 13:35:26,158 - INFO - *****STOP GROWING RR RULE*****
2026-04-14 13:35:26,158 - INFO - ***RR FOUND***
2026-04-14 13:35:26,158 - INFO - Reference rule: IF p4_flex <= 0.16 THEN class = {0.61} [0.40, 0.82]
2026-04-14 13:35:26,158 - INFO - ***CHECKING EXCEPTION***
2026-04-14 13:35:26,159 - INFO - *******STOP GROWING CR RULE*******
2026-04-14 13:35:26,160 - INFO - *******GROWING CR RULE*******
2026-04-14 13:35:26,176 - INFO - Iteracja 0: condition_best: p1_sigma >= 0.23, quality_best: 0.261, coverage_best: (p=70, n=20, P=124, N=62)
2026-04-14 13:35:26,177 - INFO - Regula po iteracji 0: IF p1_sigma >= 0.23 THEN class = {0.68} [0.56, 0.81], (p=70, n=20, P=124, N=62)
2026-04-14 13:35:26,177 - INFO - *****GROWING RR RULE*****
2026-04-14 13:35:26,207 - INFO - Iteracja 0: condition_best: None, quality_best: -inf, coverage_best: (p=0, n=0, P=0, N=0), p_value: 0
2026-04-14 13:35:26,207 - INFO - Regula po iteracji 0: IF  THEN class = {0.65} [0.49, 0.81], (p=140, n=46, P=140, N=46)
2026-04-14 13:35:26,207 - INFO - *****STOP GROWING RR RULE*****
2026-04-14 13:35:26,207 - INFO - ***RR NOT FOUND***
2026-04-14 13:35:26,220 - INFO - Iteracja 1: condition_best: p1_h_acceptor <= 0.50, quality_best: 0.375, coverage_best: (p=55, n=13, P=114, N=72)
2026-04-14 13:35:26,221 - INFO - Regula po iteracji 1: IF p1_sigma >= 0.23 AND p1_h_acceptor <= 0.50 THEN class = {0.69} [0.59, 0.80], (p=55, n=13, P=114, N=72)
2026-04-14 13:35:26,221 - INFO - *****GROWING RR RULE*****
2026-04-14 13:35:26,277 - INFO - Iteracja 0: condition_best: None, quality_best: -inf, coverage_best: (p=0, n=0, P=0, N=0), p_value: 0
2026-04-14 13:35:26,278 - INFO - Regula po iteracji 0: IF  THEN class = {0.65} [0.49, 0.81], (p=140, n=46, P=140, N=46)
2026-04-14 13:35:26,278 - INFO - *****STOP GROWING RR RULE*****
2026-04-14 13:35:26,278 - INFO - ***RR NOT FOUND***
2026-04-14 13:35:26,289 - INFO - Iteracja 2: condition_best: p5_size <= 0.34, quality_best: 0.42, coverage_best: (p=43, n=9, P=106, N=80)
2026-04-14 13:35:26,289 - INFO - Regula po iteracji 2: IF p1_sigma >= 0.23 AND p1_h_acceptor <= 0.50 AND p5_size <= 0.34 THEN class = {0.68} [0.57, 0.78], (p=43, n=9, P=106, N=80)
2026-04-14 13:35:26,289 - INFO - *****GROWING RR RULE*****
2026-04-14 13:35:26,346 - INFO - Iteracja 0: condition_best: None, quality_best: -inf, coverage_best: (p=0, n=0, P=0, N=0), p_value: 0
2026-04-14 13:35:26,346 - INFO - Regula po iteracji 0: IF  THEN class = {0.65} [0.49, 0.81], (p=140, n=46, P=140, N=46)
2026-04-14 13:35:26,346 - INFO - *****STOP GROWING RR RULE*****
2026-04-14 13:35:26,346 - INFO - ***RR NOT FOUND***
2026-04-14 13:35:26,356 - INFO - Iteracja 3: condition_best: p1_pi_doner <= 0.70, quality_best: 0.482, coverage_best: (p=43, n=7, P=104, N=82)
2026-04-14 13:35:26,356 - INFO - Regula po iteracji 3: IF p1_sigma >= 0.23 AND p1_h_acceptor <= 0.50 AND p5_size <= 0.34 AND p1_pi_doner <= 0.70 THEN class = {0.69} [0.59, 0.78], (p=43, n=7, P=104, N=82)
2026-04-14 13:35:26,356 - INFO - *****GROWING RR RULE*****
2026-04-14 13:35:26,396 - INFO - Iteracja 0: condition_best: None, quality_best: -inf, coverage_best: (p=0, n=0, P=0, N=0), p_value: 0
2026-04-14 13:35:26,397 - INFO - Regula po iteracji 0: IF  THEN class = {0.65} [0.49, 0.81], (p=140, n=46, P=140, N=46)
2026-04-14 13:35:26,397 - INFO - *****STOP GROWING RR RULE*****
2026-04-14 13:35:26,397 - INFO - ***RR NOT FOUND***
2026-04-14 13:35:26,406 - INFO - Iteracja 4: condition_best: p4_sigma <= 0.63, quality_best: 0.514, coverage_best: (p=43, n=6, P=103, N=83)
2026-04-14 13:35:26,406 - INFO - Regula po iteracji 4: IF p1_sigma >= 0.23 AND p1_h_acceptor <= 0.50 AND p5_size <= 0.34 AND p1_pi_doner <= 0.70 AND p4_sigma <= 0.63 THEN class = {0.68} [0.59, 0.77], (p=43, n=6, P=103, N=83)
2026-04-14 13:35:26,406 - INFO - *****GROWING RR RULE*****
2026-04-14 13:35:26,442 - INFO - Iteracja 0: condition_best: None, quality_best: -inf, coverage_best: (p=0, n=0, P=0, N=0), p_value: 0
2026-04-14 13:35:26,442 - INFO - Regula po iteracji 0: IF  THEN class = {0.65} [0.49, 0.81], (p=140, n=46, P=140, N=46)
2026-04-14 13:35:26,442 - INFO - *****STOP GROWING RR RULE*****
2026-04-14 13:35:26,442 - INFO - ***RR NOT FOUND***
2026-04-14 13:35:26,442 - INFO - *******STOP GROWING CR RULE*******
2026-04-14 13:35:26,442 - INFO - *******GROWING CR RULE*******
2026-04-14 13:35:26,459 - INFO - Iteracja 0: condition_best: p1_sigma >= 0.23, quality_best: 0.261, coverage_best: (p=70, n=20, P=124, N=62)
2026-04-14 13:35:26,459 - INFO - Regula po iteracji 0: IF p1_sigma >= 0.23 THEN class = {0.68} [0.56, 0.81], (p=70, n=20, P=124, N=62)
2026-04-14 13:35:26,459 - INFO - *****GROWING RR RULE*****
2026-04-14 13:35:26,489 - INFO - Iteracja 0: condition_best: None, quality_best: -inf, coverage_best: (p=0, n=0, P=0, N=0), p_value: 0
2026-04-14 13:35:26,490 - INFO - Regula po iteracji 0: IF  THEN class = {0.65} [0.49, 0.81], (p=140, n=46, P=140, N=46)
2026-04-14 13:35:26,490 - INFO - *****STOP GROWING RR RULE*****
2026-04-14 13:35:26,490 - INFO - ***RR NOT FOUND***
2026-04-14 13:35:26,503 - INFO - Iteracja 1: condition_best: p1_size <= 0.57, quality_best: 0.368, coverage_best: (p=60, n=17, P=108, N=78)
2026-04-14 13:35:26,503 - INFO - Regula po iteracji 1: IF p1_sigma >= 0.23 AND p1_size <= 0.57 THEN class = {0.69} [0.59, 0.79], (p=60, n=17, P=108, N=78)
2026-04-14 13:35:26,503 - INFO - *****GROWING RR RULE*****
2026-04-14 13:35:26,540 - INFO - Iteracja 0: condition_best: None, quality_best: -inf, coverage_best: (p=0, n=0, P=0, N=0), p_value: 0
2026-04-14 13:35:26,540 - INFO - Regula po iteracji 0: IF  THEN class = {0.65} [0.49, 0.81], (p=140, n=46, P=140, N=46)
2026-04-14 13:35:26,541 - INFO - *****STOP GROWING RR RULE*****
2026-04-14 13:35:26,541 - INFO - ***RR NOT FOUND***
2026-04-14 13:35:26,553 - INFO - Iteracja 2: condition_best: p6_pi_doner <= 0.50, quality_best: 0.417, coverage_best: (p=59, n=15, P=105, N=81)
2026-04-14 13:35:26,553 - INFO - Regula po iteracji 2: IF p1_sigma >= 0.23 AND p1_size <= 0.57 AND p6_pi_doner <= 0.50 THEN class = {0.69} [0.59, 0.78], (p=59, n=15, P=105, N=81)
2026-04-14 13:35:26,553 - INFO - *****GROWING RR RULE*****
2026-04-14 13:35:26,590 - INFO - Iteracja 0: condition_best: None, quality_best: -inf, coverage_best: (p=0, n=0, P=0, N=0), p_value: 0
2026-04-14 13:35:26,590 - INFO - Regula po iteracji 0: IF  THEN class = {0.65} [0.49, 0.81], (p=140, n=46, P=140, N=46)
2026-04-14 13:35:26,590 - INFO - *****STOP GROWING RR RULE*****
2026-04-14 13:35:26,590 - INFO - ***RR NOT FOUND***
2026-04-14 13:35:26,602 - INFO - Iteracja 3: condition_best: p2_polar <= 0.58, quality_best: 0.443, coverage_best: (p=59, n=14, P=104, N=82)
2026-04-14 13:35:26,602 - INFO - Regula po iteracji 3: IF p1_sigma >= 0.23 AND p1_size <= 0.57 AND p6_pi_doner <= 0.50 AND p2_polar <= 0.58 THEN class = {0.69} [0.59, 0.79], (p=59, n=14, P=104, N=82)
2026-04-14 13:35:26,602 - INFO - *****GROWING RR RULE*****
2026-04-14 13:35:26,632 - INFO - Iteracja 0: condition_best: None, quality_best: -inf, coverage_best: (p=0, n=0, P=0, N=0), p_value: 0
2026-04-14 13:35:26,632 - INFO - Regula po iteracji 0: IF  THEN class = {0.65} [0.49, 0.81], (p=140, n=46, P=140, N=46)
2026-04-14 13:35:26,633 - INFO - *****STOP GROWING RR RULE*****
2026-04-14 13:35:26,633 - INFO - ***RR NOT FOUND***
2026-04-14 13:35:26,644 - INFO - Iteracja 4: condition_best: p5_size <= 0.66, quality_best: 0.463, coverage_best: (p=57, n=12, P=105, N=81)
2026-04-14 13:35:26,644 - INFO - Regula po iteracji 4: IF p1_sigma >= 0.23 AND p1_size <= 0.57 AND p6_pi_doner <= 0.50 AND p2_polar <= 0.58 AND p5_size <= 0.66 THEN class = {0.68} [0.59, 0.78], (p=57, n=12, P=105, N=81)
2026-04-14 13:35:26,644 - INFO - *****GROWING RR RULE*****
2026-04-14 13:35:26,674 - INFO - Iteracja 0: condition_best: None, quality_best: -inf, coverage_best: (p=0, n=0, P=0, N=0), p_value: 0
2026-04-14 13:35:26,675 - INFO - Regula po iteracji 0: IF  THEN class = {0.65} [0.49, 0.81], (p=140, n=46, P=140, N=46)
2026-04-14 13:35:26,675 - INFO - *****STOP GROWING RR RULE*****
2026-04-14 13:35:26,675 - INFO - ***RR NOT FOUND***
2026-04-14 13:35:26,675 - INFO - *******STOP GROWING CR RULE*******
2026-04-14 13:35:26,675 - INFO - *******GROWING CR RULE*******
2026-04-14 13:35:26,691 - INFO - Iteracja 0: condition_best: p1_sigma >= 0.23, quality_best: 0.261, coverage_best: (p=70, n=20, P=124, N=62)
2026-04-14 13:35:26,692 - INFO - Regula po iteracji 0: IF p1_sigma >= 0.23 THEN class = {0.68} [0.56, 0.81], (p=70, n=20, P=124, N=62)
2026-04-14 13:35:26,692 - INFO - *****GROWING RR RULE*****
2026-04-14 13:35:26,722 - INFO - Iteracja 0: condition_best: None, quality_best: -inf, coverage_best: (p=0, n=0, P=0, N=0), p_value: 0
2026-04-14 13:35:26,722 - INFO - Regula po iteracji 0: IF  THEN class = {0.65} [0.49, 0.81], (p=140, n=46, P=140, N=46)
2026-04-14 13:35:26,722 - INFO - *****STOP GROWING RR RULE*****
2026-04-14 13:35:26,722 - INFO - ***RR NOT FOUND***
2026-04-14 13:35:26,735 - INFO - Iteracja 1: condition_best: p1_size <= 0.70, quality_best: 0.336, coverage_best: (p=69, n=18, P=119, N=67)
2026-04-14 13:35:26,735 - INFO - Regula po iteracji 1: IF p1_sigma >= 0.23 AND p1_size <= 0.70 THEN class = {0.69} [0.58, 0.80], (p=69, n=18, P=119, N=67)
2026-04-14 13:35:26,735 - INFO - *****GROWING RR RULE*****
2026-04-14 13:35:26,766 - INFO - Iteracja 0: condition_best: None, quality_best: -inf, coverage_best: (p=0, n=0, P=0, N=0), p_value: 0
2026-04-14 13:35:26,766 - INFO - Regula po iteracji 0: IF  THEN class = {0.65} [0.49, 0.81], (p=140, n=46, P=140, N=46)
2026-04-14 13:35:26,766 - INFO - *****STOP GROWING RR RULE*****
2026-04-14 13:35:26,766 - INFO - ***RR NOT FOUND***
2026-04-14 13:35:26,779 - INFO - Iteracja 2: condition_best: p2_polar <= 0.66, quality_best: 0.378, coverage_best: (p=67, n=16, P=117, N=69)
2026-04-14 13:35:26,779 - INFO - Regula po iteracji 2: IF p1_sigma >= 0.23 AND p1_size <= 0.70 AND p2_polar <= 0.66 THEN class = {0.69} [0.59, 0.80], (p=67, n=16, P=117, N=69)
2026-04-14 13:35:26,779 - INFO - *****GROWING RR RULE*****
2026-04-14 13:35:26,809 - INFO - Iteracja 0: condition_best: None, quality_best: -inf, coverage_best: (p=0, n=0, P=0, N=0), p_value: 0
2026-04-14 13:35:26,809 - INFO - Regula po iteracji 0: IF  THEN class = {0.65} [0.49, 0.81], (p=140, n=46, P=140, N=46)
2026-04-14 13:35:26,809 - INFO - *****STOP GROWING RR RULE*****
2026-04-14 13:35:26,809 - INFO - ***RR NOT FOUND***
2026-04-14 13:35:26,822 - INFO - Iteracja 3: condition_best: p6_pi_doner <= 0.50, quality_best: 0.411, coverage_best: (p=65, n=15, P=113, N=73)
2026-04-14 13:35:26,822 - INFO - Regula po iteracji 3: IF p1_sigma >= 0.23 AND p1_size <= 0.70 AND p2_polar <= 0.66 AND p6_pi_doner <= 0.50 THEN class = {0.69} [0.58, 0.79], (p=65, n=15, P=113, N=73)
2026-04-14 13:35:26,822 - INFO - *****GROWING RR RULE*****
2026-04-14 13:35:26,852 - INFO - Iteracja 0: condition_best: None, quality_best: -inf, coverage_best: (p=0, n=0, P=0, N=0), p_value: 0
2026-04-14 13:35:26,852 - INFO - Regula po iteracji 0: IF  THEN class = {0.65} [0.49, 0.81], (p=140, n=46, P=140, N=46)
2026-04-14 13:35:26,852 - INFO - *****STOP GROWING RR RULE*****
2026-04-14 13:35:26,852 - INFO - ***RR NOT FOUND***
2026-04-14 13:35:26,864 - INFO - Iteracja 4: condition_best: p4_size <= 0.65, quality_best: 0.432, coverage_best: (p=62, n=13, P=113, N=73)
2026-04-14 13:35:26,864 - INFO - Regula po iteracji 4: IF p1_sigma >= 0.23 AND p1_size <= 0.70 AND p2_polar <= 0.66 AND p6_pi_doner <= 0.50 AND p4_size <= 0.65 THEN class = {0.69} [0.58, 0.80], (p=62, n=13, P=113, N=73)
2026-04-14 13:35:26,865 - INFO - *****GROWING RR RULE*****
2026-04-14 13:35:26,895 - INFO - Iteracja 0: condition_best: None, quality_best: -inf, coverage_best: (p=0, n=0, P=0, N=0), p_value: 0
2026-04-14 13:35:26,895 - INFO - Regula po iteracji 0: IF  THEN class = {0.65} [0.49, 0.81], (p=140, n=46, P=140, N=46)
2026-04-14 13:35:26,895 - INFO - *****STOP GROWING RR RULE*****
2026-04-14 13:35:26,895 - INFO - ***RR NOT FOUND***
2026-04-14 13:35:26,895 - INFO - *******STOP GROWING CR RULE*******
2026-04-14 13:35:26,895 - INFO - *******GROWING CR RULE*******
2026-04-14 13:35:26,911 - INFO - Iteracja 0: condition_best: p1_size <= 0.30, quality_best: 0.239, coverage_best: (p=105, n=27, P=134, N=52)
2026-04-14 13:35:26,912 - INFO - Regula po iteracji 0: IF p1_size <= 0.30 THEN class = {0.66} [0.51, 0.81], (p=105, n=27, P=134, N=52)
2026-04-14 13:35:26,912 - INFO - *****GROWING RR RULE*****
2026-04-14 13:35:26,944 - INFO - Iteracja 0: condition_best: None, quality_best: -inf, coverage_best: (p=0, n=0, P=0, N=0), p_value: 0
2026-04-14 13:35:26,944 - INFO - Regula po iteracji 0: IF  THEN class = {0.65} [0.49, 0.81], (p=140, n=46, P=140, N=46)
2026-04-14 13:35:26,944 - INFO - *****STOP GROWING RR RULE*****
2026-04-14 13:35:26,944 - INFO - ***RR NOT FOUND***
2026-04-14 13:35:26,955 - INFO - Iteracja 1: condition_best: p4_size <= 0.65, quality_best: 0.362, coverage_best: (p=97, n=16, P=140, N=46)
2026-04-14 13:35:26,955 - INFO - Regula po iteracji 1: IF p1_size <= 0.30 AND p4_size <= 0.65 THEN class = {0.67} [0.52, 0.82], (p=97, n=16, P=140, N=46)
2026-04-14 13:35:26,955 - INFO - *****GROWING RR RULE*****
2026-04-14 13:35:26,987 - INFO - Iteracja 0: condition_best: None, quality_best: -inf, coverage_best: (p=0, n=0, P=0, N=0), p_value: 0
2026-04-14 13:35:26,987 - INFO - Regula po iteracji 0: IF  THEN class = {0.65} [0.49, 0.81], (p=140, n=46, P=140, N=46)
2026-04-14 13:35:26,987 - INFO - *****STOP GROWING RR RULE*****
2026-04-14 13:35:26,987 - INFO - ***RR NOT FOUND***
2026-04-14 13:35:26,998 - INFO - Iteracja 2: condition_best: p1_polar >= 0.18, quality_best: 0.478, coverage_best: (p=88, n=10, P=140, N=46)
2026-04-14 13:35:26,998 - INFO - Regula po iteracji 2: IF p1_size <= 0.30 AND p4_size <= 0.65 AND p1_polar >= 0.18 THEN class = {0.69} [0.55, 0.84], (p=88, n=10, P=140, N=46)
2026-04-14 13:35:26,998 - INFO - *****GROWING RR RULE*****
2026-04-14 13:35:27,030 - INFO - Iteracja 0: condition_best: None, quality_best: -inf, coverage_best: (p=0, n=0, P=0, N=0), p_value: 0
2026-04-14 13:35:27,030 - INFO - Regula po iteracji 0: IF  THEN class = {0.65} [0.49, 0.81], (p=140, n=46, P=140, N=46)
2026-04-14 13:35:27,030 - INFO - *****STOP GROWING RR RULE*****
2026-04-14 13:35:27,030 - INFO - ***RR NOT FOUND***
2026-04-14 13:35:27,040 - INFO - Iteracja 3: condition_best: p4_pi_doner <= 0.70, quality_best: 0.581, coverage_best: (p=82, n=8, P=129, N=57)
2026-04-14 13:35:27,040 - INFO - Regula po iteracji 3: IF p1_size <= 0.30 AND p4_size <= 0.65 AND p1_polar >= 0.18 AND p4_pi_doner <= 0.70 THEN class = {0.71} [0.59, 0.82], (p=82, n=8, P=129, N=57)
2026-04-14 13:35:27,041 - INFO - *****GROWING RR RULE*****
2026-04-14 13:35:27,073 - INFO - Iteracja 0: condition_best: None, quality_best: -inf, coverage_best: (p=0, n=0, P=0, N=0), p_value: 0
2026-04-14 13:35:27,073 - INFO - Regula po iteracji 0: IF  THEN class = {0.65} [0.49, 0.81], (p=140, n=46, P=140, N=46)
2026-04-14 13:35:27,073 - INFO - *****STOP GROWING RR RULE*****
2026-04-14 13:35:27,073 - INFO - ***RR NOT FOUND***
2026-04-14 13:35:27,083 - INFO - Iteracja 4: condition_best: p6_pi_doner <= 0.50, quality_best: 0.615, coverage_best: (p=79, n=6, P=130, N=56)
2026-04-14 13:35:27,083 - INFO - Regula po iteracji 4: IF p1_size <= 0.30 AND p4_size <= 0.65 AND p1_polar >= 0.18 AND p4_pi_doner <= 0.70 AND p6_pi_doner <= 0.50 THEN class = {0.70} [0.59, 0.82], (p=79, n=6, P=130, N=56)
2026-04-14 13:35:27,083 - INFO - *****GROWING RR RULE*****
2026-04-14 13:35:27,118 - INFO - Iteracja 0: condition_best: None, quality_best: -inf, coverage_best: (p=0, n=0, P=0, N=0), p_value: 0
2026-04-14 13:35:27,118 - INFO - Regula po iteracji 0: IF  THEN class = {0.65} [0.49, 0.81], (p=140, n=46, P=140, N=46)
2026-04-14 13:35:27,118 - INFO - *****STOP GROWING RR RULE*****
2026-04-14 13:35:27,118 - INFO - ***RR NOT FOUND***
2026-04-14 13:35:27,118 - INFO - *******STOP GROWING CR RULE*******
2026-04-14 13:35:27,118 - INFO - *******GROWING CR RULE*******
2026-04-14 13:35:27,134 - INFO - Iteracja 0: condition_best: p1_size <= 0.57, quality_best: 0.161, coverage_best: (p=122, n=36, P=135, N=51)
2026-04-14 13:35:27,134 - INFO - Regula po iteracji 0: IF p1_size <= 0.57 THEN class = {0.65} [0.50, 0.80], (p=122, n=36, P=135, N=51)
2026-04-14 13:35:27,135 - INFO - *****GROWING RR RULE*****
2026-04-14 13:35:27,168 - INFO - Iteracja 0: condition_best: None, quality_best: -inf, coverage_best: (p=0, n=0, P=0, N=0), p_value: 0
2026-04-14 13:35:27,168 - INFO - Regula po iteracji 0: IF  THEN class = {0.65} [0.49, 0.81], (p=140, n=46, P=140, N=46)
2026-04-14 13:35:27,168 - INFO - *****STOP GROWING RR RULE*****
2026-04-14 13:35:27,168 - INFO - ***RR NOT FOUND***
2026-04-14 13:35:27,183 - INFO - Iteracja 1: condition_best: p1_size >= 0.17, quality_best: 0.258, coverage_best: (p=65, n=21, P=118, N=68)
2026-04-14 13:35:27,183 - INFO - Regula po iteracji 1: IF p1_size <= 0.57 AND p1_size >= 0.17 THEN class = {0.69} [0.58, 0.80], (p=65, n=21, P=118, N=68)
2026-04-14 13:35:27,183 - INFO - *****GROWING RR RULE*****
2026-04-14 13:35:27,217 - INFO - Iteracja 0: condition_best: None, quality_best: -inf, coverage_best: (p=0, n=0, P=0, N=0), p_value: 0
2026-04-14 13:35:27,217 - INFO - Regula po iteracji 0: IF  THEN class = {0.65} [0.49, 0.81], (p=140, n=46, P=140, N=46)
2026-04-14 13:35:27,217 - INFO - *****STOP GROWING RR RULE*****
2026-04-14 13:35:27,217 - INFO - ***RR NOT FOUND***
2026-04-14 13:35:27,230 - INFO - Iteracja 2: condition_best: p5_size <= 0.34, quality_best: 0.328, coverage_best: (p=54, n=16, P=110, N=76)
2026-04-14 13:35:27,230 - INFO - Regula po iteracji 2: IF p1_size <= 0.57 AND p1_size >= 0.17 AND p5_size <= 0.34 THEN class = {0.67} [0.56, 0.79], (p=54, n=16, P=110, N=76)
2026-04-14 13:35:27,230 - INFO - *****GROWING RR RULE*****
2026-04-14 13:35:27,264 - INFO - Iteracja 0: condition_best: None, quality_best: -inf, coverage_best: (p=0, n=0, P=0, N=0), p_value: 0
2026-04-14 13:35:27,264 - INFO - Regula po iteracji 0: IF  THEN class = {0.65} [0.49, 0.81], (p=140, n=46, P=140, N=46)
2026-04-14 13:35:27,264 - INFO - *****STOP GROWING RR RULE*****
2026-04-14 13:35:27,264 - INFO - ***RR NOT FOUND***
2026-04-14 13:35:27,275 - INFO - Iteracja 3: condition_best: p3_size <= 0.77, quality_best: 0.348, coverage_best: (p=52, n=14, P=111, N=75)
2026-04-14 13:35:27,275 - INFO - Regula po iteracji 3: IF p1_size <= 0.57 AND p1_size >= 0.17 AND p5_size <= 0.34 AND p3_size <= 0.77 THEN class = {0.67} [0.55, 0.78], (p=52, n=14, P=111, N=75)
2026-04-14 13:35:27,275 - INFO - *****GROWING RR RULE*****
2026-04-14 13:35:27,309 - INFO - Iteracja 0: condition_best: None, quality_best: -inf, coverage_best: (p=0, n=0, P=0, N=0), p_value: 0
2026-04-14 13:35:27,309 - INFO - Regula po iteracji 0: IF  THEN class = {0.65} [0.49, 0.81], (p=140, n=46, P=140, N=46)
2026-04-14 13:35:27,309 - INFO - *****STOP GROWING RR RULE*****
2026-04-14 13:35:27,309 - INFO - ***RR NOT FOUND***
2026-04-14 13:35:27,319 - INFO - Iteracja 4: condition_best: p4_size <= 0.65, quality_best: 0.368, coverage_best: (p=51, n=13, P=110, N=76)
2026-04-14 13:35:27,319 - INFO - Regula po iteracji 4: IF p1_size <= 0.57 AND p1_size >= 0.17 AND p5_size <= 0.34 AND p3_size <= 0.77 AND p4_size <= 0.65 THEN class = {0.67} [0.56, 0.78], (p=51, n=13, P=110, N=76)
2026-04-14 13:35:27,320 - INFO - *****GROWING RR RULE*****
2026-04-14 13:35:27,353 - INFO - Iteracja 0: condition_best: None, quality_best: -inf, coverage_best: (p=0, n=0, P=0, N=0), p_value: 0
2026-04-14 13:35:27,353 - INFO - Regula po iteracji 0: IF  THEN class = {0.65} [0.49, 0.81], (p=140, n=46, P=140, N=46)
2026-04-14 13:35:27,353 - INFO - *****STOP GROWING RR RULE*****
2026-04-14 13:35:27,353 - INFO - ***RR NOT FOUND***
2026-04-14 13:35:27,353 - INFO - *******STOP GROWING CR RULE*******
2026-04-14 13:35:27,354 - INFO - *******GROWING CR RULE*******
2026-04-14 13:35:27,370 - INFO - Iteracja 0: condition_best: p1_branch <= 0.30, quality_best: 0.117, coverage_best: (p=126, n=32, P=143, N=43)
2026-04-14 13:35:27,370 - INFO - Regula po iteracji 0: IF p1_branch <= 0.30 THEN class = {0.67} [0.52, 0.82], (p=126, n=32, P=143, N=43)
2026-04-14 13:35:27,370 - INFO - *****GROWING RR RULE*****
2026-04-14 13:35:27,400 - INFO - Iteracja 0: condition_best: None, quality_best: -inf, coverage_best: (p=0, n=0, P=0, N=0), p_value: 0
2026-04-14 13:35:27,400 - INFO - Regula po iteracji 0: IF  THEN class = {0.65} [0.49, 0.81], (p=140, n=46, P=140, N=46)
2026-04-14 13:35:27,400 - INFO - *****STOP GROWING RR RULE*****
2026-04-14 13:35:27,400 - INFO - ***RR NOT FOUND***
2026-04-14 13:35:27,415 - INFO - Iteracja 1: condition_best: p1_size >= 0.17, quality_best: 0.321, coverage_best: (p=68, n=18, P=120, N=66)
2026-04-14 13:35:27,415 - INFO - Regula po iteracji 1: IF p1_branch <= 0.30 AND p1_size >= 0.17 THEN class = {0.71} [0.61, 0.82], (p=68, n=18, P=120, N=66)
2026-04-14 13:35:27,415 - INFO - *****GROWING RR RULE*****
2026-04-14 13:35:27,445 - INFO - Iteracja 0: condition_best: None, quality_best: -inf, coverage_best: (p=0, n=0, P=0, N=0), p_value: 0
2026-04-14 13:35:27,445 - INFO - Regula po iteracji 0: IF  THEN class = {0.65} [0.49, 0.81], (p=140, n=46, P=140, N=46)
2026-04-14 13:35:27,446 - INFO - *****STOP GROWING RR RULE*****
2026-04-14 13:35:27,446 - INFO - ***RR NOT FOUND***
2026-04-14 13:35:27,458 - INFO - Iteracja 2: condition_best: p4_pi_doner <= 0.30, quality_best: 0.417, coverage_best: (p=37, n=8, P=101, N=85)
2026-04-14 13:35:27,458 - INFO - Regula po iteracji 2: IF p1_branch <= 0.30 AND p1_size >= 0.17 AND p4_pi_doner <= 0.30 THEN class = {0.75} [0.66, 0.85], (p=37, n=8, P=101, N=85)
2026-04-14 13:35:27,458 - INFO - *****GROWING RR RULE*****
2026-04-14 13:35:27,488 - INFO - Iteracja 0: condition_best: None, quality_best: -inf, coverage_best: (p=0, n=0, P=0, N=0), p_value: 0
2026-04-14 13:35:27,488 - INFO - Regula po iteracji 0: IF  THEN class = {0.65} [0.49, 0.81], (p=140, n=46, P=140, N=46)
2026-04-14 13:35:27,488 - INFO - *****STOP GROWING RR RULE*****
2026-04-14 13:35:27,488 - INFO - ***RR NOT FOUND***
2026-04-14 13:35:27,499 - INFO - Iteracja 3: condition_best: p1_polar <= 0.34, quality_best: 0.464, coverage_best: (p=11, n=1, P=94, N=92)
2026-04-14 13:35:27,499 - INFO - Regula po iteracji 3: IF p1_branch <= 0.30 AND p1_size >= 0.17 AND p4_pi_doner <= 0.30 AND p1_polar <= 0.34 THEN class = {0.79} [0.68, 0.90], (p=11, n=1, P=94, N=92)
2026-04-14 13:35:27,499 - INFO - *****GROWING RR RULE*****
2026-04-14 13:35:27,529 - INFO - Iteracja 0: condition_best: None, quality_best: -inf, coverage_best: (p=0, n=0, P=0, N=0), p_value: 0
2026-04-14 13:35:27,529 - INFO - Regula po iteracji 0: IF  THEN class = {0.65} [0.49, 0.81], (p=140, n=46, P=140, N=46)
2026-04-14 13:35:27,529 - INFO - *****STOP GROWING RR RULE*****
2026-04-14 13:35:27,529 - INFO - ***RR NOT FOUND***
2026-04-14 13:35:27,534 - INFO - Iteracja 4: condition_best: p1_size >= 0.30, quality_best: 0.448, coverage_best: (p=10, n=1, P=96, N=90)
2026-04-14 13:35:27,534 - INFO - Regula po iteracji 4: IF p1_branch <= 0.30 AND p1_size >= 0.17 AND p4_pi_doner <= 0.30 AND p1_polar <= 0.34 AND p1_size >= 0.30 THEN class = {0.79} [0.68, 0.91], (p=10, n=1, P=96, N=90)
2026-04-14 13:35:27,535 - INFO - *****GROWING RR RULE*****
2026-04-14 13:35:27,565 - INFO - Iteracja 0: condition_best: None, quality_best: -inf, coverage_best: (p=0, n=0, P=0, N=0), p_value: 0
2026-04-14 13:35:27,565 - INFO - Regula po iteracji 0: IF  THEN class = {0.65} [0.49, 0.81], (p=140, n=46, P=140, N=46)
2026-04-14 13:35:27,565 - INFO - *****STOP GROWING RR RULE*****
2026-04-14 13:35:27,565 - INFO - ***RR NOT FOUND***
2026-04-14 13:35:27,565 - INFO - *******STOP GROWING CR RULE*******
2026-04-14 13:35:27,565 - INFO - *******GROWING CR RULE*******
2026-04-14 13:35:27,581 - INFO - Iteracja 0: condition_best: p3_sigma >= 0.77, quality_best: 1.0, coverage_best: (p=1, n=0, P=1, N=185)
2026-04-14 13:35:27,581 - INFO - Regula po iteracji 0: IF p3_sigma >= 0.77 THEN class = {0.86} [0.86, 0.86], (p=1, n=0, P=1, N=185)
2026-04-14 13:35:27,581 - INFO - *****GROWING RR RULE*****
2026-04-14 13:35:27,611 - INFO - Iteracja 0: condition_best: None, quality_best: -inf, coverage_best: (p=0, n=0, P=0, N=0), p_value: 0
2026-04-14 13:35:27,612 - INFO - Regula po iteracji 0: IF  THEN class = {0.65} [0.49, 0.81], (p=140, n=46, P=140, N=46)
2026-04-14 13:35:27,612 - INFO - *****STOP GROWING RR RULE*****
2026-04-14 13:35:27,612 - INFO - ***RR NOT FOUND***
2026-04-14 13:35:27,613 - INFO - Iteracja 1: condition_best: None, quality_best: -inf, coverage_best: (p=0, n=0, P=0, N=0)
2026-04-14 13:35:27,613 - INFO - Regula po iteracji 1: IF p3_sigma >= 0.77 THEN class = {0.86} [0.86, 0.86], (p=1, n=0, P=1, N=185)
2026-04-14 13:35:27,613 - INFO - *******STOP GROWING CR RULE*******
2026-04-14 13:35:27,789 - INFO - ************************Finished experiment for triazines.arff with algorithm************************
2026-04-14 13:35:27,789 - INFO - *************************************************************************************************************************
2026-04-14 13:35:27,789 - INFO - *************************************************************************************************************************
2026-04-14 13:35:27,789 - INFO - *************************************************************************************************************************
