2026-04-14 12:05:34,061 - INFO - **********Starting experiment for forestFires.arff with algorithm**********
2026-04-14 12:05:34,067 - INFO - *******GROWING CR RULE*******
2026-04-14 12:05:34,261 - INFO - Iteracja 0: condition_best: ISI >= 11.05, quality_best: 0.449, coverage_best: (p=123, n=1, P=502, N=15)
2026-04-14 12:05:34,261 - INFO - Regula po iteracji 0: IF ISI >= 11.05 THEN class = {13.12} [-54.46, 80.69], (p=123, n=1, P=502, N=15)
2026-04-14 12:05:34,262 - INFO - *****GROWING RR RULE*****
2026-04-14 12:05:34,510 - INFO - Iteracja 0: condition_best: None, quality_best: -inf, coverage_best: (p=0, n=0, P=0, N=0), p_value: 0
2026-04-14 12:05:34,510 - INFO - Regula po iteracji 0: IF  THEN class = {12.85} [-50.75, 76.44], (p=502, n=15, P=502, N=15)
2026-04-14 12:05:34,510 - INFO - *****STOP GROWING RR RULE*****
2026-04-14 12:05:34,510 - INFO - ***RR NOT FOUND***
2026-04-14 12:05:34,553 - INFO - Iteracja 1: condition_best: Y <= 7.50, quality_best: 0.447, coverage_best: (p=122, n=1, P=502, N=15)
2026-04-14 12:05:34,553 - INFO - Regula po iteracji 1: IF ISI >= 11.05 AND Y <= 7.50 THEN class = {13.23} [-54.61, 81.06], (p=122, n=1, P=502, N=15)
2026-04-14 12:05:34,553 - INFO - *****GROWING RR RULE*****
2026-04-14 12:05:34,800 - INFO - Iteracja 0: condition_best: None, quality_best: -inf, coverage_best: (p=0, n=0, P=0, N=0), p_value: 0
2026-04-14 12:05:34,800 - INFO - Regula po iteracji 0: IF  THEN class = {12.85} [-50.75, 76.44], (p=502, n=15, P=502, N=15)
2026-04-14 12:05:34,800 - INFO - *****STOP GROWING RR RULE*****
2026-04-14 12:05:34,800 - INFO - ***RR NOT FOUND***
2026-04-14 12:05:34,839 - INFO - Iteracja 2: condition_best: FFMC >= 89.15, quality_best: 0.445, coverage_best: (p=121, n=1, P=502, N=15)
2026-04-14 12:05:34,840 - INFO - Regula po iteracji 2: IF ISI >= 11.05 AND Y <= 7.50 AND FFMC >= 89.15 THEN class = {13.33} [-54.78, 81.44], (p=121, n=1, P=502, N=15)
2026-04-14 12:05:34,840 - INFO - *****GROWING RR RULE*****
2026-04-14 12:05:35,087 - INFO - Iteracja 0: condition_best: None, quality_best: -inf, coverage_best: (p=0, n=0, P=0, N=0), p_value: 0
2026-04-14 12:05:35,087 - INFO - Regula po iteracji 0: IF  THEN class = {12.85} [-50.75, 76.44], (p=502, n=15, P=502, N=15)
2026-04-14 12:05:35,087 - INFO - *****STOP GROWING RR RULE*****
2026-04-14 12:05:35,087 - INFO - ***RR NOT FOUND***
2026-04-14 12:05:35,126 - INFO - Iteracja 3: condition_best: ISI <= 39.40, quality_best: 0.443, coverage_best: (p=120, n=1, P=502, N=15)
2026-04-14 12:05:35,126 - INFO - Regula po iteracji 3: IF ISI >= 11.05 AND Y <= 7.50 AND FFMC >= 89.15 AND ISI <= 39.40 THEN class = {13.44} [-54.94, 81.82], (p=120, n=1, P=502, N=15)
2026-04-14 12:05:35,127 - INFO - *****GROWING RR RULE*****
2026-04-14 12:05:35,374 - INFO - Iteracja 0: condition_best: None, quality_best: -inf, coverage_best: (p=0, n=0, P=0, N=0), p_value: 0
2026-04-14 12:05:35,374 - INFO - Regula po iteracji 0: IF  THEN class = {12.85} [-50.75, 76.44], (p=502, n=15, P=502, N=15)
2026-04-14 12:05:35,375 - INFO - *****STOP GROWING RR RULE*****
2026-04-14 12:05:35,375 - INFO - ***RR NOT FOUND***
2026-04-14 12:05:35,414 - INFO - Iteracja 4: condition_best: ISI <= 22.65, quality_best: 0.441, coverage_best: (p=119, n=1, P=502, N=15)
2026-04-14 12:05:35,414 - INFO - Regula po iteracji 4: IF ISI >= 11.05 AND Y <= 7.50 AND FFMC >= 89.15 AND ISI <= 39.40 AND ISI <= 22.65 THEN class = {13.55} [-55.10, 82.20], (p=119, n=1, P=502, N=15)
2026-04-14 12:05:35,414 - INFO - *****GROWING RR RULE*****
2026-04-14 12:05:35,661 - INFO - Iteracja 0: condition_best: None, quality_best: -inf, coverage_best: (p=0, n=0, P=0, N=0), p_value: 0
2026-04-14 12:05:35,661 - INFO - Regula po iteracji 0: IF  THEN class = {12.85} [-50.75, 76.44], (p=502, n=15, P=502, N=15)
2026-04-14 12:05:35,661 - INFO - *****STOP GROWING RR RULE*****
2026-04-14 12:05:35,661 - INFO - ***RR NOT FOUND***
2026-04-14 12:05:35,661 - INFO - *******STOP GROWING CR RULE*******
2026-04-14 12:05:35,664 - INFO - *******GROWING CR RULE*******
2026-04-14 12:05:35,823 - INFO - Iteracja 0: condition_best: DMC <= 128.30, quality_best: 0.392, coverage_best: (p=324, n=5, P=502, N=15)
2026-04-14 12:05:35,823 - INFO - Regula po iteracji 0: IF DMC <= 128.30 THEN class = {10.90} [-53.31, 75.11], (p=324, n=5, P=502, N=15)
2026-04-14 12:05:35,823 - INFO - *****GROWING RR RULE*****
2026-04-14 12:05:36,074 - INFO - Iteracja 0: condition_best: None, quality_best: -inf, coverage_best: (p=0, n=0, P=0, N=0), p_value: 0
2026-04-14 12:05:36,075 - INFO - Regula po iteracji 0: IF  THEN class = {12.85} [-50.75, 76.44], (p=502, n=15, P=502, N=15)
2026-04-14 12:05:36,075 - INFO - *****STOP GROWING RR RULE*****
2026-04-14 12:05:36,075 - INFO - ***RR NOT FOUND***
2026-04-14 12:05:36,181 - INFO - Iteracja 1: condition_best: RH >= 85.00, quality_best: 0.512, coverage_best: (p=6, n=0, P=247, N=270)
2026-04-14 12:05:36,181 - INFO - Regula po iteracji 1: IF DMC <= 128.30 AND RH >= 85.00 THEN class = {0.00} [0.00, 0.00], (p=6, n=0, P=247, N=270)
2026-04-14 12:05:36,181 - INFO - *****GROWING RR RULE*****
2026-04-14 12:05:36,421 - INFO - Iteracja 0: condition_best: None, quality_best: -inf, coverage_best: (p=0, n=0, P=0, N=0), p_value: 0
2026-04-14 12:05:36,421 - INFO - Regula po iteracji 0: IF  THEN class = {12.85} [-50.75, 76.44], (p=502, n=15, P=502, N=15)
2026-04-14 12:05:36,422 - INFO - *****STOP GROWING RR RULE*****
2026-04-14 12:05:36,422 - INFO - ***RR NOT FOUND***
2026-04-14 12:05:36,427 - INFO - Iteracja 2: condition_best: Y >= 4.00, quality_best: 0.51, coverage_best: (p=5, n=0, P=247, N=270)
2026-04-14 12:05:36,427 - INFO - Regula po iteracji 2: IF DMC <= 128.30 AND RH >= 85.00 AND Y >= 4.00 THEN class = {0.00} [0.00, 0.00], (p=5, n=0, P=247, N=270)
2026-04-14 12:05:36,427 - INFO - *****GROWING RR RULE*****
2026-04-14 12:05:36,668 - INFO - Iteracja 0: condition_best: None, quality_best: -inf, coverage_best: (p=0, n=0, P=0, N=0), p_value: 0
2026-04-14 12:05:36,669 - INFO - Regula po iteracji 0: IF  THEN class = {12.85} [-50.75, 76.44], (p=502, n=15, P=502, N=15)
2026-04-14 12:05:36,669 - INFO - *****STOP GROWING RR RULE*****
2026-04-14 12:05:36,669 - INFO - ***RR NOT FOUND***
2026-04-14 12:05:36,673 - INFO - Iteracja 3: condition_best: None, quality_best: -inf, coverage_best: (p=0, n=0, P=0, N=0)
2026-04-14 12:05:36,673 - INFO - Regula po iteracji 3: IF DMC <= 128.30 AND RH >= 85.00 AND Y >= 4.00 THEN class = {0.00} [0.00, 0.00], (p=5, n=0, P=247, N=270)
2026-04-14 12:05:36,673 - INFO - *******STOP GROWING CR RULE*******
2026-04-14 12:05:36,675 - INFO - *******GROWING CR RULE*******
2026-04-14 12:05:36,832 - INFO - Iteracja 0: condition_best: DMC <= 128.30, quality_best: 0.392, coverage_best: (p=324, n=5, P=502, N=15)
2026-04-14 12:05:36,833 - INFO - Regula po iteracji 0: IF DMC <= 128.30 THEN class = {10.90} [-53.31, 75.11], (p=324, n=5, P=502, N=15)
2026-04-14 12:05:36,833 - INFO - *****GROWING RR RULE*****
2026-04-14 12:05:37,085 - INFO - Iteracja 0: condition_best: None, quality_best: -inf, coverage_best: (p=0, n=0, P=0, N=0), p_value: 0
2026-04-14 12:05:37,085 - INFO - Regula po iteracji 0: IF  THEN class = {12.85} [-50.75, 76.44], (p=502, n=15, P=502, N=15)
2026-04-14 12:05:37,085 - INFO - *****STOP GROWING RR RULE*****
2026-04-14 12:05:37,086 - INFO - ***RR NOT FOUND***
2026-04-14 12:05:37,189 - INFO - Iteracja 1: condition_best: X <= 8.50, quality_best: 0.46, coverage_best: (p=314, n=4, P=502, N=15)
2026-04-14 12:05:37,189 - INFO - Regula po iteracji 1: IF DMC <= 128.30 AND X <= 8.50 THEN class = {10.65} [-54.34, 75.65], (p=314, n=4, P=502, N=15)
2026-04-14 12:05:37,190 - INFO - *****GROWING RR RULE*****
2026-04-14 12:05:37,439 - INFO - Iteracja 0: condition_best: None, quality_best: -inf, coverage_best: (p=0, n=0, P=0, N=0), p_value: 0
2026-04-14 12:05:37,440 - INFO - Regula po iteracji 0: IF  THEN class = {12.85} [-50.75, 76.44], (p=502, n=15, P=502, N=15)
2026-04-14 12:05:37,440 - INFO - *****STOP GROWING RR RULE*****
2026-04-14 12:05:37,440 - INFO - ***RR NOT FOUND***
2026-04-14 12:05:37,540 - INFO - Iteracja 2: condition_best: Y >= 2.50, quality_best: 0.509, coverage_best: (p=289, n=3, P=502, N=15)
2026-04-14 12:05:37,541 - INFO - Regula po iteracji 2: IF DMC <= 128.30 AND X <= 8.50 AND Y >= 2.50 THEN class = {10.81} [-56.03, 77.66], (p=289, n=3, P=502, N=15)
2026-04-14 12:05:37,541 - INFO - *****GROWING RR RULE*****
2026-04-14 12:05:37,791 - INFO - Iteracja 0: condition_best: None, quality_best: -inf, coverage_best: (p=0, n=0, P=0, N=0), p_value: 0
2026-04-14 12:05:37,791 - INFO - Regula po iteracji 0: IF  THEN class = {12.85} [-50.75, 76.44], (p=502, n=15, P=502, N=15)
2026-04-14 12:05:37,791 - INFO - *****STOP GROWING RR RULE*****
2026-04-14 12:05:37,791 - INFO - ***RR NOT FOUND***
2026-04-14 12:05:37,888 - INFO - Iteracja 3: condition_best: RH >= 25.50, quality_best: 0.567, coverage_best: (p=265, n=2, P=502, N=15)
2026-04-14 12:05:37,888 - INFO - Regula po iteracji 3: IF DMC <= 128.30 AND X <= 8.50 AND Y >= 2.50 AND RH >= 25.50 THEN class = {10.82} [-58.46, 80.09], (p=265, n=2, P=502, N=15)
2026-04-14 12:05:37,888 - INFO - *****GROWING RR RULE*****
2026-04-14 12:05:38,140 - INFO - Iteracja 0: condition_best: None, quality_best: -inf, coverage_best: (p=0, n=0, P=0, N=0), p_value: 0
2026-04-14 12:05:38,140 - INFO - Regula po iteracji 0: IF  THEN class = {12.85} [-50.75, 76.44], (p=502, n=15, P=502, N=15)
2026-04-14 12:05:38,140 - INFO - *****STOP GROWING RR RULE*****
2026-04-14 12:05:38,140 - INFO - ***RR NOT FOUND***
2026-04-14 12:05:38,230 - INFO - Iteracja 4: condition_best: Day >= 1.50, quality_best: 0.596, coverage_best: (p=218, n=1, P=503, N=14)
2026-04-14 12:05:38,230 - INFO - Regula po iteracji 4: IF DMC <= 128.30 AND X <= 8.50 AND Y >= 2.50 AND RH >= 25.50 AND Day >= 1.50 THEN class = {10.48} [-63.57, 84.53], (p=218, n=1, P=503, N=14)
2026-04-14 12:05:38,231 - INFO - *****GROWING RR RULE*****
2026-04-14 12:05:38,480 - INFO - Iteracja 0: condition_best: None, quality_best: -inf, coverage_best: (p=0, n=0, P=0, N=0), p_value: 0
2026-04-14 12:05:38,480 - INFO - Regula po iteracji 0: IF  THEN class = {12.85} [-50.75, 76.44], (p=502, n=15, P=502, N=15)
2026-04-14 12:05:38,480 - INFO - *****STOP GROWING RR RULE*****
2026-04-14 12:05:38,480 - INFO - ***RR NOT FOUND***
2026-04-14 12:05:38,480 - INFO - *******STOP GROWING CR RULE*******
2026-04-14 12:05:38,483 - INFO - *******GROWING CR RULE*******
2026-04-14 12:05:38,629 - INFO - Iteracja 0: condition_best: DMC <= 128.30, quality_best: 0.392, coverage_best: (p=324, n=5, P=502, N=15)
2026-04-14 12:05:38,630 - INFO - Regula po iteracji 0: IF DMC <= 128.30 THEN class = {10.90} [-53.31, 75.11], (p=324, n=5, P=502, N=15)
2026-04-14 12:05:38,630 - INFO - *****GROWING RR RULE*****
2026-04-14 12:05:38,881 - INFO - Iteracja 0: condition_best: None, quality_best: -inf, coverage_best: (p=0, n=0, P=0, N=0), p_value: 0
2026-04-14 12:05:38,881 - INFO - Regula po iteracji 0: IF  THEN class = {12.85} [-50.75, 76.44], (p=502, n=15, P=502, N=15)
2026-04-14 12:05:38,882 - INFO - *****STOP GROWING RR RULE*****
2026-04-14 12:05:38,882 - INFO - ***RR NOT FOUND***
2026-04-14 12:05:39,274 - INFO - Iteracja 1: condition_best: X <= 8.50, quality_best: 0.46, coverage_best: (p=314, n=4, P=502, N=15)
2026-04-14 12:05:39,274 - INFO - Regula po iteracji 1: IF DMC <= 128.30 AND X <= 8.50 THEN class = {10.65} [-54.34, 75.65], (p=314, n=4, P=502, N=15)
2026-04-14 12:05:39,275 - INFO - *****GROWING RR RULE*****
2026-04-14 12:05:39,527 - INFO - Iteracja 0: condition_best: None, quality_best: -inf, coverage_best: (p=0, n=0, P=0, N=0), p_value: 0
2026-04-14 12:05:39,527 - INFO - Regula po iteracji 0: IF  THEN class = {12.85} [-50.75, 76.44], (p=502, n=15, P=502, N=15)
2026-04-14 12:05:39,527 - INFO - *****STOP GROWING RR RULE*****
2026-04-14 12:05:39,527 - INFO - ***RR NOT FOUND***
2026-04-14 12:05:39,618 - INFO - Iteracja 2: condition_best: Y >= 2.50, quality_best: 0.509, coverage_best: (p=289, n=3, P=502, N=15)
2026-04-14 12:05:39,618 - INFO - Regula po iteracji 2: IF DMC <= 128.30 AND X <= 8.50 AND Y >= 2.50 THEN class = {10.81} [-56.03, 77.66], (p=289, n=3, P=502, N=15)
2026-04-14 12:05:39,618 - INFO - *****GROWING RR RULE*****
2026-04-14 12:05:39,869 - INFO - Iteracja 0: condition_best: None, quality_best: -inf, coverage_best: (p=0, n=0, P=0, N=0), p_value: 0
2026-04-14 12:05:39,869 - INFO - Regula po iteracji 0: IF  THEN class = {12.85} [-50.75, 76.44], (p=502, n=15, P=502, N=15)
2026-04-14 12:05:39,869 - INFO - *****STOP GROWING RR RULE*****
2026-04-14 12:05:39,869 - INFO - ***RR NOT FOUND***
2026-04-14 12:05:39,956 - INFO - Iteracja 3: condition_best: RH >= 25.50, quality_best: 0.567, coverage_best: (p=265, n=2, P=502, N=15)
2026-04-14 12:05:39,956 - INFO - Regula po iteracji 3: IF DMC <= 128.30 AND X <= 8.50 AND Y >= 2.50 AND RH >= 25.50 THEN class = {10.82} [-58.46, 80.09], (p=265, n=2, P=502, N=15)
2026-04-14 12:05:39,957 - INFO - *****GROWING RR RULE*****
2026-04-14 12:05:40,207 - INFO - Iteracja 0: condition_best: None, quality_best: -inf, coverage_best: (p=0, n=0, P=0, N=0), p_value: 0
2026-04-14 12:05:40,207 - INFO - Regula po iteracji 0: IF  THEN class = {12.85} [-50.75, 76.44], (p=502, n=15, P=502, N=15)
2026-04-14 12:05:40,207 - INFO - *****STOP GROWING RR RULE*****
2026-04-14 12:05:40,207 - INFO - ***RR NOT FOUND***
2026-04-14 12:05:40,289 - INFO - Iteracja 4: condition_best: RH <= 56.50, quality_best: 0.585, coverage_best: (p=210, n=1, P=503, N=14)
2026-04-14 12:05:40,289 - INFO - Regula po iteracji 4: IF DMC <= 128.30 AND X <= 8.50 AND Y >= 2.50 AND RH >= 25.50 AND RH <= 56.50 THEN class = {10.41} [-64.98, 85.81], (p=210, n=1, P=503, N=14)
2026-04-14 12:05:40,290 - INFO - *****GROWING RR RULE*****
2026-04-14 12:05:40,540 - INFO - Iteracja 0: condition_best: None, quality_best: -inf, coverage_best: (p=0, n=0, P=0, N=0), p_value: 0
2026-04-14 12:05:40,541 - INFO - Regula po iteracji 0: IF  THEN class = {12.85} [-50.75, 76.44], (p=502, n=15, P=502, N=15)
2026-04-14 12:05:40,541 - INFO - *****STOP GROWING RR RULE*****
2026-04-14 12:05:40,541 - INFO - ***RR NOT FOUND***
2026-04-14 12:05:40,541 - INFO - *******STOP GROWING CR RULE*******
2026-04-14 12:05:40,542 - INFO - *******GROWING CR RULE*******
2026-04-14 12:05:40,687 - INFO - Iteracja 0: condition_best: DMC <= 128.30, quality_best: 0.392, coverage_best: (p=324, n=5, P=502, N=15)
2026-04-14 12:05:40,687 - INFO - Regula po iteracji 0: IF DMC <= 128.30 THEN class = {10.90} [-53.31, 75.11], (p=324, n=5, P=502, N=15)
2026-04-14 12:05:40,688 - INFO - *****GROWING RR RULE*****
2026-04-14 12:05:40,938 - INFO - Iteracja 0: condition_best: None, quality_best: -inf, coverage_best: (p=0, n=0, P=0, N=0), p_value: 0
2026-04-14 12:05:40,938 - INFO - Regula po iteracji 0: IF  THEN class = {12.85} [-50.75, 76.44], (p=502, n=15, P=502, N=15)
2026-04-14 12:05:40,939 - INFO - *****STOP GROWING RR RULE*****
2026-04-14 12:05:40,939 - INFO - ***RR NOT FOUND***
2026-04-14 12:05:41,032 - INFO - Iteracja 1: condition_best: X <= 8.50, quality_best: 0.46, coverage_best: (p=314, n=4, P=502, N=15)
2026-04-14 12:05:41,032 - INFO - Regula po iteracji 1: IF DMC <= 128.30 AND X <= 8.50 THEN class = {10.65} [-54.34, 75.65], (p=314, n=4, P=502, N=15)
2026-04-14 12:05:41,032 - INFO - *****GROWING RR RULE*****
2026-04-14 12:05:41,283 - INFO - Iteracja 0: condition_best: None, quality_best: -inf, coverage_best: (p=0, n=0, P=0, N=0), p_value: 0
2026-04-14 12:05:41,283 - INFO - Regula po iteracji 0: IF  THEN class = {12.85} [-50.75, 76.44], (p=502, n=15, P=502, N=15)
2026-04-14 12:05:41,283 - INFO - *****STOP GROWING RR RULE*****
2026-04-14 12:05:41,283 - INFO - ***RR NOT FOUND***
2026-04-14 12:05:41,372 - INFO - Iteracja 2: condition_best: Y >= 2.50, quality_best: 0.509, coverage_best: (p=289, n=3, P=502, N=15)
2026-04-14 12:05:41,372 - INFO - Regula po iteracji 2: IF DMC <= 128.30 AND X <= 8.50 AND Y >= 2.50 THEN class = {10.81} [-56.03, 77.66], (p=289, n=3, P=502, N=15)
2026-04-14 12:05:41,372 - INFO - *****GROWING RR RULE*****
2026-04-14 12:05:41,623 - INFO - Iteracja 0: condition_best: None, quality_best: -inf, coverage_best: (p=0, n=0, P=0, N=0), p_value: 0
2026-04-14 12:05:41,623 - INFO - Regula po iteracji 0: IF  THEN class = {12.85} [-50.75, 76.44], (p=502, n=15, P=502, N=15)
2026-04-14 12:05:41,623 - INFO - *****STOP GROWING RR RULE*****
2026-04-14 12:05:41,623 - INFO - ***RR NOT FOUND***
2026-04-14 12:05:41,709 - INFO - Iteracja 3: condition_best: RH >= 25.50, quality_best: 0.567, coverage_best: (p=265, n=2, P=502, N=15)
2026-04-14 12:05:41,709 - INFO - Regula po iteracji 3: IF DMC <= 128.30 AND X <= 8.50 AND Y >= 2.50 AND RH >= 25.50 THEN class = {10.82} [-58.46, 80.09], (p=265, n=2, P=502, N=15)
2026-04-14 12:05:41,709 - INFO - *****GROWING RR RULE*****
2026-04-14 12:05:41,959 - INFO - Iteracja 0: condition_best: None, quality_best: -inf, coverage_best: (p=0, n=0, P=0, N=0), p_value: 0
2026-04-14 12:05:41,960 - INFO - Regula po iteracji 0: IF  THEN class = {12.85} [-50.75, 76.44], (p=502, n=15, P=502, N=15)
2026-04-14 12:05:41,960 - INFO - *****STOP GROWING RR RULE*****
2026-04-14 12:05:41,960 - INFO - ***RR NOT FOUND***
2026-04-14 12:05:42,040 - INFO - Iteracja 4: condition_best: FFMC <= 95.75, quality_best: 0.565, coverage_best: (p=264, n=2, P=502, N=15)
2026-04-14 12:05:42,040 - INFO - Regula po iteracji 4: IF DMC <= 128.30 AND X <= 8.50 AND Y >= 2.50 AND RH >= 25.50 AND FFMC <= 95.75 THEN class = {10.85} [-58.56, 80.25], (p=264, n=2, P=502, N=15)
2026-04-14 12:05:42,040 - INFO - *****GROWING RR RULE*****
2026-04-14 12:05:42,292 - INFO - Iteracja 0: condition_best: None, quality_best: -inf, coverage_best: (p=0, n=0, P=0, N=0), p_value: 0
2026-04-14 12:05:42,292 - INFO - Regula po iteracji 0: IF  THEN class = {12.85} [-50.75, 76.44], (p=502, n=15, P=502, N=15)
2026-04-14 12:05:42,293 - INFO - *****STOP GROWING RR RULE*****
2026-04-14 12:05:42,293 - INFO - ***RR NOT FOUND***
2026-04-14 12:05:42,293 - INFO - *******STOP GROWING CR RULE*******
2026-04-14 12:05:42,294 - INFO - *******GROWING CR RULE*******
2026-04-14 12:05:42,437 - INFO - Iteracja 0: condition_best: DMC <= 128.30, quality_best: 0.392, coverage_best: (p=324, n=5, P=502, N=15)
2026-04-14 12:05:42,437 - INFO - Regula po iteracji 0: IF DMC <= 128.30 THEN class = {10.90} [-53.31, 75.11], (p=324, n=5, P=502, N=15)
2026-04-14 12:05:42,437 - INFO - *****GROWING RR RULE*****
2026-04-14 12:05:42,688 - INFO - Iteracja 0: condition_best: None, quality_best: -inf, coverage_best: (p=0, n=0, P=0, N=0), p_value: 0
2026-04-14 12:05:42,689 - INFO - Regula po iteracji 0: IF  THEN class = {12.85} [-50.75, 76.44], (p=502, n=15, P=502, N=15)
2026-04-14 12:05:42,689 - INFO - *****STOP GROWING RR RULE*****
2026-04-14 12:05:42,689 - INFO - ***RR NOT FOUND***
2026-04-14 12:05:42,780 - INFO - Iteracja 1: condition_best: X <= 8.50, quality_best: 0.46, coverage_best: (p=314, n=4, P=502, N=15)
2026-04-14 12:05:42,780 - INFO - Regula po iteracji 1: IF DMC <= 128.30 AND X <= 8.50 THEN class = {10.65} [-54.34, 75.65], (p=314, n=4, P=502, N=15)
2026-04-14 12:05:42,780 - INFO - *****GROWING RR RULE*****
2026-04-14 12:05:43,031 - INFO - Iteracja 0: condition_best: None, quality_best: -inf, coverage_best: (p=0, n=0, P=0, N=0), p_value: 0
2026-04-14 12:05:43,031 - INFO - Regula po iteracji 0: IF  THEN class = {12.85} [-50.75, 76.44], (p=502, n=15, P=502, N=15)
2026-04-14 12:05:43,031 - INFO - *****STOP GROWING RR RULE*****
2026-04-14 12:05:43,031 - INFO - ***RR NOT FOUND***
2026-04-14 12:05:43,119 - INFO - Iteracja 2: condition_best: Y >= 2.50, quality_best: 0.509, coverage_best: (p=289, n=3, P=502, N=15)
2026-04-14 12:05:43,119 - INFO - Regula po iteracji 2: IF DMC <= 128.30 AND X <= 8.50 AND Y >= 2.50 THEN class = {10.81} [-56.03, 77.66], (p=289, n=3, P=502, N=15)
2026-04-14 12:05:43,120 - INFO - *****GROWING RR RULE*****
2026-04-14 12:05:43,370 - INFO - Iteracja 0: condition_best: None, quality_best: -inf, coverage_best: (p=0, n=0, P=0, N=0), p_value: 0
2026-04-14 12:05:43,370 - INFO - Regula po iteracji 0: IF  THEN class = {12.85} [-50.75, 76.44], (p=502, n=15, P=502, N=15)
2026-04-14 12:05:43,370 - INFO - *****STOP GROWING RR RULE*****
2026-04-14 12:05:43,370 - INFO - ***RR NOT FOUND***
2026-04-14 12:05:43,455 - INFO - Iteracja 3: condition_best: Day >= 1.50, quality_best: 0.522, coverage_best: (p=236, n=2, P=502, N=15)
2026-04-14 12:05:43,455 - INFO - Regula po iteracji 3: IF DMC <= 128.30 AND X <= 8.50 AND Y >= 2.50 AND Day >= 1.50 THEN class = {10.52} [-61.19, 82.22], (p=236, n=2, P=502, N=15)
2026-04-14 12:05:43,455 - INFO - *****GROWING RR RULE*****
2026-04-14 12:05:43,703 - INFO - Iteracja 0: condition_best: None, quality_best: -inf, coverage_best: (p=0, n=0, P=0, N=0), p_value: 0
2026-04-14 12:05:43,703 - INFO - Regula po iteracji 0: IF  THEN class = {12.85} [-50.75, 76.44], (p=502, n=15, P=502, N=15)
2026-04-14 12:05:43,704 - INFO - *****STOP GROWING RR RULE*****
2026-04-14 12:05:43,704 - INFO - ***RR NOT FOUND***
2026-04-14 12:05:43,778 - INFO - Iteracja 4: condition_best: FFMC <= 95.75, quality_best: 0.521, coverage_best: (p=235, n=2, P=502, N=15)
2026-04-14 12:05:43,778 - INFO - Regula po iteracji 4: IF DMC <= 128.30 AND X <= 8.50 AND Y >= 2.50 AND Day >= 1.50 AND FFMC <= 95.75 THEN class = {10.55} [-61.30, 82.41], (p=235, n=2, P=502, N=15)
2026-04-14 12:05:43,778 - INFO - *****GROWING RR RULE*****
2026-04-14 12:05:44,028 - INFO - Iteracja 0: condition_best: None, quality_best: -inf, coverage_best: (p=0, n=0, P=0, N=0), p_value: 0
2026-04-14 12:05:44,028 - INFO - Regula po iteracji 0: IF  THEN class = {12.85} [-50.75, 76.44], (p=502, n=15, P=502, N=15)
2026-04-14 12:05:44,028 - INFO - *****STOP GROWING RR RULE*****
2026-04-14 12:05:44,028 - INFO - ***RR NOT FOUND***
2026-04-14 12:05:44,028 - INFO - *******STOP GROWING CR RULE*******
2026-04-14 12:05:44,030 - INFO - *******GROWING CR RULE*******
2026-04-14 12:05:44,173 - INFO - Iteracja 0: condition_best: DMC <= 128.30, quality_best: 0.392, coverage_best: (p=324, n=5, P=502, N=15)
2026-04-14 12:05:44,173 - INFO - Regula po iteracji 0: IF DMC <= 128.30 THEN class = {10.90} [-53.31, 75.11], (p=324, n=5, P=502, N=15)
2026-04-14 12:05:44,173 - INFO - *****GROWING RR RULE*****
2026-04-14 12:05:44,424 - INFO - Iteracja 0: condition_best: None, quality_best: -inf, coverage_best: (p=0, n=0, P=0, N=0), p_value: 0
2026-04-14 12:05:44,425 - INFO - Regula po iteracji 0: IF  THEN class = {12.85} [-50.75, 76.44], (p=502, n=15, P=502, N=15)
2026-04-14 12:05:44,425 - INFO - *****STOP GROWING RR RULE*****
2026-04-14 12:05:44,425 - INFO - ***RR NOT FOUND***
2026-04-14 12:05:44,516 - INFO - Iteracja 1: condition_best: X <= 8.50, quality_best: 0.46, coverage_best: (p=314, n=4, P=502, N=15)
2026-04-14 12:05:44,516 - INFO - Regula po iteracji 1: IF DMC <= 128.30 AND X <= 8.50 THEN class = {10.65} [-54.34, 75.65], (p=314, n=4, P=502, N=15)
2026-04-14 12:05:44,516 - INFO - *****GROWING RR RULE*****
2026-04-14 12:05:44,766 - INFO - Iteracja 0: condition_best: None, quality_best: -inf, coverage_best: (p=0, n=0, P=0, N=0), p_value: 0
2026-04-14 12:05:44,766 - INFO - Regula po iteracji 0: IF  THEN class = {12.85} [-50.75, 76.44], (p=502, n=15, P=502, N=15)
2026-04-14 12:05:44,766 - INFO - *****STOP GROWING RR RULE*****
2026-04-14 12:05:44,766 - INFO - ***RR NOT FOUND***
2026-04-14 12:05:44,854 - INFO - Iteracja 2: condition_best: Y >= 2.50, quality_best: 0.509, coverage_best: (p=289, n=3, P=502, N=15)
2026-04-14 12:05:44,854 - INFO - Regula po iteracji 2: IF DMC <= 128.30 AND X <= 8.50 AND Y >= 2.50 THEN class = {10.81} [-56.03, 77.66], (p=289, n=3, P=502, N=15)
2026-04-14 12:05:44,854 - INFO - *****GROWING RR RULE*****
2026-04-14 12:05:45,105 - INFO - Iteracja 0: condition_best: None, quality_best: -inf, coverage_best: (p=0, n=0, P=0, N=0), p_value: 0
2026-04-14 12:05:45,106 - INFO - Regula po iteracji 0: IF  THEN class = {12.85} [-50.75, 76.44], (p=502, n=15, P=502, N=15)
2026-04-14 12:05:45,106 - INFO - *****STOP GROWING RR RULE*****
2026-04-14 12:05:45,106 - INFO - ***RR NOT FOUND***
2026-04-14 12:05:45,189 - INFO - Iteracja 3: condition_best: RH <= 56.50, quality_best: 0.519, coverage_best: (p=234, n=2, P=502, N=15)
2026-04-14 12:05:45,189 - INFO - Regula po iteracji 3: IF DMC <= 128.30 AND X <= 8.50 AND Y >= 2.50 AND RH <= 56.50 THEN class = {10.45} [-61.53, 82.43], (p=234, n=2, P=502, N=15)
2026-04-14 12:05:45,189 - INFO - *****GROWING RR RULE*****
2026-04-14 12:05:45,439 - INFO - Iteracja 0: condition_best: None, quality_best: -inf, coverage_best: (p=0, n=0, P=0, N=0), p_value: 0
2026-04-14 12:05:45,440 - INFO - Regula po iteracji 0: IF  THEN class = {12.85} [-50.75, 76.44], (p=502, n=15, P=502, N=15)
2026-04-14 12:05:45,440 - INFO - *****STOP GROWING RR RULE*****
2026-04-14 12:05:45,440 - INFO - ***RR NOT FOUND***
2026-04-14 12:05:45,508 - INFO - Iteracja 4: condition_best: FFMC <= 95.75, quality_best: 0.517, coverage_best: (p=233, n=2, P=502, N=15)
2026-04-14 12:05:45,508 - INFO - Regula po iteracji 4: IF DMC <= 128.30 AND X <= 8.50 AND Y >= 2.50 AND RH <= 56.50 AND FFMC <= 95.75 THEN class = {10.49} [-61.65, 82.62], (p=233, n=2, P=502, N=15)
2026-04-14 12:05:45,509 - INFO - *****GROWING RR RULE*****
2026-04-14 12:05:45,760 - INFO - Iteracja 0: condition_best: None, quality_best: -inf, coverage_best: (p=0, n=0, P=0, N=0), p_value: 0
2026-04-14 12:05:45,761 - INFO - Regula po iteracji 0: IF  THEN class = {12.85} [-50.75, 76.44], (p=502, n=15, P=502, N=15)
2026-04-14 12:05:45,761 - INFO - *****STOP GROWING RR RULE*****
2026-04-14 12:05:45,761 - INFO - ***RR NOT FOUND***
2026-04-14 12:05:45,761 - INFO - *******STOP GROWING CR RULE*******
2026-04-14 12:05:45,762 - INFO - *******GROWING CR RULE*******
2026-04-14 12:05:45,905 - INFO - Iteracja 0: condition_best: DMC <= 128.30, quality_best: 0.392, coverage_best: (p=324, n=5, P=502, N=15)
2026-04-14 12:05:45,905 - INFO - Regula po iteracji 0: IF DMC <= 128.30 THEN class = {10.90} [-53.31, 75.11], (p=324, n=5, P=502, N=15)
2026-04-14 12:05:45,905 - INFO - *****GROWING RR RULE*****
2026-04-14 12:05:46,158 - INFO - Iteracja 0: condition_best: None, quality_best: -inf, coverage_best: (p=0, n=0, P=0, N=0), p_value: 0
2026-04-14 12:05:46,158 - INFO - Regula po iteracji 0: IF  THEN class = {12.85} [-50.75, 76.44], (p=502, n=15, P=502, N=15)
2026-04-14 12:05:46,158 - INFO - *****STOP GROWING RR RULE*****
2026-04-14 12:05:46,158 - INFO - ***RR NOT FOUND***
2026-04-14 12:05:46,249 - INFO - Iteracja 1: condition_best: X <= 8.50, quality_best: 0.46, coverage_best: (p=314, n=4, P=502, N=15)
2026-04-14 12:05:46,249 - INFO - Regula po iteracji 1: IF DMC <= 128.30 AND X <= 8.50 THEN class = {10.65} [-54.34, 75.65], (p=314, n=4, P=502, N=15)
2026-04-14 12:05:46,249 - INFO - *****GROWING RR RULE*****
2026-04-14 12:05:46,501 - INFO - Iteracja 0: condition_best: None, quality_best: -inf, coverage_best: (p=0, n=0, P=0, N=0), p_value: 0
2026-04-14 12:05:46,501 - INFO - Regula po iteracji 0: IF  THEN class = {12.85} [-50.75, 76.44], (p=502, n=15, P=502, N=15)
2026-04-14 12:05:46,501 - INFO - *****STOP GROWING RR RULE*****
2026-04-14 12:05:46,501 - INFO - ***RR NOT FOUND***
2026-04-14 12:05:46,588 - INFO - Iteracja 2: condition_best: RH >= 25.50, quality_best: 0.506, coverage_best: (p=287, n=3, P=502, N=15)
2026-04-14 12:05:46,588 - INFO - Regula po iteracji 2: IF DMC <= 128.30 AND X <= 8.50 AND RH >= 25.50 THEN class = {10.69} [-56.78, 78.15], (p=287, n=3, P=502, N=15)
2026-04-14 12:05:46,589 - INFO - *****GROWING RR RULE*****
2026-04-14 12:05:46,839 - INFO - Iteracja 0: condition_best: None, quality_best: -inf, coverage_best: (p=0, n=0, P=0, N=0), p_value: 0
2026-04-14 12:05:46,839 - INFO - Regula po iteracji 0: IF  THEN class = {12.85} [-50.75, 76.44], (p=502, n=15, P=502, N=15)
2026-04-14 12:05:46,839 - INFO - *****STOP GROWING RR RULE*****
2026-04-14 12:05:46,839 - INFO - ***RR NOT FOUND***
2026-04-14 12:05:46,921 - INFO - Iteracja 3: condition_best: Wind >= 2.00, quality_best: 0.541, coverage_best: (p=248, n=2, P=502, N=15)
2026-04-14 12:05:46,921 - INFO - Regula po iteracji 3: IF DMC <= 128.30 AND X <= 8.50 AND RH >= 25.50 AND Wind >= 2.00 THEN class = {11.06} [-60.44, 82.56], (p=248, n=2, P=502, N=15)
2026-04-14 12:05:46,922 - INFO - *****GROWING RR RULE*****
2026-04-14 12:05:47,173 - INFO - Iteracja 0: condition_best: None, quality_best: -inf, coverage_best: (p=0, n=0, P=0, N=0), p_value: 0
2026-04-14 12:05:47,174 - INFO - Regula po iteracji 0: IF  THEN class = {12.85} [-50.75, 76.44], (p=502, n=15, P=502, N=15)
2026-04-14 12:05:47,174 - INFO - *****STOP GROWING RR RULE*****
2026-04-14 12:05:47,174 - INFO - ***RR NOT FOUND***
2026-04-14 12:05:47,249 - INFO - Iteracja 4: condition_best: Day >= 1.50, quality_best: 0.568, coverage_best: (p=205, n=1, P=504, N=13)
2026-04-14 12:05:47,249 - INFO - Regula po iteracji 4: IF DMC <= 128.30 AND X <= 8.50 AND RH >= 25.50 AND Wind >= 2.00 AND Day >= 1.50 THEN class = {10.55} [-65.71, 86.81], (p=205, n=1, P=504, N=13)
2026-04-14 12:05:47,249 - INFO - *****GROWING RR RULE*****
2026-04-14 12:05:47,499 - INFO - Iteracja 0: condition_best: None, quality_best: -inf, coverage_best: (p=0, n=0, P=0, N=0), p_value: 0
2026-04-14 12:05:47,499 - INFO - Regula po iteracji 0: IF  THEN class = {12.85} [-50.75, 76.44], (p=502, n=15, P=502, N=15)
2026-04-14 12:05:47,499 - INFO - *****STOP GROWING RR RULE*****
2026-04-14 12:05:47,499 - INFO - ***RR NOT FOUND***
2026-04-14 12:05:47,499 - INFO - *******STOP GROWING CR RULE*******
2026-04-14 12:05:47,500 - INFO - *******GROWING CR RULE*******
2026-04-14 12:05:47,641 - INFO - Iteracja 0: condition_best: DMC <= 128.30, quality_best: 0.392, coverage_best: (p=324, n=5, P=502, N=15)
2026-04-14 12:05:47,641 - INFO - Regula po iteracji 0: IF DMC <= 128.30 THEN class = {10.90} [-53.31, 75.11], (p=324, n=5, P=502, N=15)
2026-04-14 12:05:47,642 - INFO - *****GROWING RR RULE*****
2026-04-14 12:05:47,893 - INFO - Iteracja 0: condition_best: None, quality_best: -inf, coverage_best: (p=0, n=0, P=0, N=0), p_value: 0
2026-04-14 12:05:47,893 - INFO - Regula po iteracji 0: IF  THEN class = {12.85} [-50.75, 76.44], (p=502, n=15, P=502, N=15)
2026-04-14 12:05:47,893 - INFO - *****STOP GROWING RR RULE*****
2026-04-14 12:05:47,893 - INFO - ***RR NOT FOUND***
2026-04-14 12:05:47,983 - INFO - Iteracja 1: condition_best: X <= 8.50, quality_best: 0.46, coverage_best: (p=314, n=4, P=502, N=15)
2026-04-14 12:05:47,983 - INFO - Regula po iteracji 1: IF DMC <= 128.30 AND X <= 8.50 THEN class = {10.65} [-54.34, 75.65], (p=314, n=4, P=502, N=15)
2026-04-14 12:05:47,984 - INFO - *****GROWING RR RULE*****
2026-04-14 12:05:48,235 - INFO - Iteracja 0: condition_best: None, quality_best: -inf, coverage_best: (p=0, n=0, P=0, N=0), p_value: 0
2026-04-14 12:05:48,235 - INFO - Regula po iteracji 0: IF  THEN class = {12.85} [-50.75, 76.44], (p=502, n=15, P=502, N=15)
2026-04-14 12:05:48,235 - INFO - *****STOP GROWING RR RULE*****
2026-04-14 12:05:48,235 - INFO - ***RR NOT FOUND***
2026-04-14 12:05:48,320 - INFO - Iteracja 2: condition_best: RH >= 25.50, quality_best: 0.506, coverage_best: (p=287, n=3, P=502, N=15)
2026-04-14 12:05:48,321 - INFO - Regula po iteracji 2: IF DMC <= 128.30 AND X <= 8.50 AND RH >= 25.50 THEN class = {10.69} [-56.78, 78.15], (p=287, n=3, P=502, N=15)
2026-04-14 12:05:48,321 - INFO - *****GROWING RR RULE*****
2026-04-14 12:05:48,572 - INFO - Iteracja 0: condition_best: None, quality_best: -inf, coverage_best: (p=0, n=0, P=0, N=0), p_value: 0
2026-04-14 12:05:48,573 - INFO - Regula po iteracji 0: IF  THEN class = {12.85} [-50.75, 76.44], (p=502, n=15, P=502, N=15)
2026-04-14 12:05:48,573 - INFO - *****STOP GROWING RR RULE*****
2026-04-14 12:05:48,573 - INFO - ***RR NOT FOUND***
2026-04-14 12:05:48,655 - INFO - Iteracja 3: condition_best: FFMC <= 95.75, quality_best: 0.504, coverage_best: (p=286, n=3, P=502, N=15)
2026-04-14 12:05:48,655 - INFO - Regula po iteracji 3: IF DMC <= 128.30 AND X <= 8.50 AND RH >= 25.50 AND FFMC <= 95.75 THEN class = {10.72} [-56.86, 78.30], (p=286, n=3, P=502, N=15)
2026-04-14 12:05:48,656 - INFO - *****GROWING RR RULE*****
2026-04-14 12:05:48,907 - INFO - Iteracja 0: condition_best: None, quality_best: -inf, coverage_best: (p=0, n=0, P=0, N=0), p_value: 0
2026-04-14 12:05:48,907 - INFO - Regula po iteracji 0: IF  THEN class = {12.85} [-50.75, 76.44], (p=502, n=15, P=502, N=15)
2026-04-14 12:05:48,907 - INFO - *****STOP GROWING RR RULE*****
2026-04-14 12:05:48,907 - INFO - ***RR NOT FOUND***
2026-04-14 12:05:48,989 - INFO - Iteracja 4: condition_best: FFMC >= 34.55, quality_best: 0.502, coverage_best: (p=285, n=3, P=502, N=15)
2026-04-14 12:05:48,989 - INFO - Regula po iteracji 4: IF DMC <= 128.30 AND X <= 8.50 AND RH >= 25.50 AND FFMC <= 95.75 AND FFMC >= 34.55 THEN class = {10.75} [-56.94, 78.45], (p=285, n=3, P=502, N=15)
2026-04-14 12:05:48,989 - INFO - *****GROWING RR RULE*****
2026-04-14 12:05:49,239 - INFO - Iteracja 0: condition_best: None, quality_best: -inf, coverage_best: (p=0, n=0, P=0, N=0), p_value: 0
2026-04-14 12:05:49,239 - INFO - Regula po iteracji 0: IF  THEN class = {12.85} [-50.75, 76.44], (p=502, n=15, P=502, N=15)
2026-04-14 12:05:49,239 - INFO - *****STOP GROWING RR RULE*****
2026-04-14 12:05:49,239 - INFO - ***RR NOT FOUND***
2026-04-14 12:05:49,239 - INFO - *******STOP GROWING CR RULE*******
2026-04-14 12:05:49,241 - INFO - *******GROWING CR RULE*******
2026-04-14 12:05:49,381 - INFO - Iteracja 0: condition_best: DMC <= 128.30, quality_best: 0.392, coverage_best: (p=324, n=5, P=502, N=15)
2026-04-14 12:05:49,381 - INFO - Regula po iteracji 0: IF DMC <= 128.30 THEN class = {10.90} [-53.31, 75.11], (p=324, n=5, P=502, N=15)
2026-04-14 12:05:49,381 - INFO - *****GROWING RR RULE*****
2026-04-14 12:05:49,635 - INFO - Iteracja 0: condition_best: None, quality_best: -inf, coverage_best: (p=0, n=0, P=0, N=0), p_value: 0
2026-04-14 12:05:49,635 - INFO - Regula po iteracji 0: IF  THEN class = {12.85} [-50.75, 76.44], (p=502, n=15, P=502, N=15)
2026-04-14 12:05:49,635 - INFO - *****STOP GROWING RR RULE*****
2026-04-14 12:05:49,635 - INFO - ***RR NOT FOUND***
2026-04-14 12:05:49,725 - INFO - Iteracja 1: condition_best: Y >= 2.50, quality_best: 0.435, coverage_best: (p=299, n=4, P=502, N=15)
2026-04-14 12:05:49,725 - INFO - Regula po iteracji 1: IF DMC <= 128.30 AND Y >= 2.50 THEN class = {11.07} [-54.88, 77.02], (p=299, n=4, P=502, N=15)
2026-04-14 12:05:49,725 - INFO - *****GROWING RR RULE*****
2026-04-14 12:05:49,976 - INFO - Iteracja 0: condition_best: None, quality_best: -inf, coverage_best: (p=0, n=0, P=0, N=0), p_value: 0
2026-04-14 12:05:49,976 - INFO - Regula po iteracji 0: IF  THEN class = {12.85} [-50.75, 76.44], (p=502, n=15, P=502, N=15)
2026-04-14 12:05:49,977 - INFO - *****STOP GROWING RR RULE*****
2026-04-14 12:05:49,977 - INFO - ***RR NOT FOUND***
2026-04-14 12:05:50,063 - INFO - Iteracja 2: condition_best: RH >= 25.50, quality_best: 0.484, coverage_best: (p=274, n=3, P=502, N=15)
2026-04-14 12:05:50,063 - INFO - Regula po iteracji 2: IF DMC <= 128.30 AND Y >= 2.50 AND RH >= 25.50 THEN class = {11.13} [-57.23, 79.49], (p=274, n=3, P=502, N=15)
2026-04-14 12:05:50,063 - INFO - *****GROWING RR RULE*****
2026-04-14 12:05:50,313 - INFO - Iteracja 0: condition_best: None, quality_best: -inf, coverage_best: (p=0, n=0, P=0, N=0), p_value: 0
2026-04-14 12:05:50,314 - INFO - Regula po iteracji 0: IF  THEN class = {12.85} [-50.75, 76.44], (p=502, n=15, P=502, N=15)
2026-04-14 12:05:50,314 - INFO - *****STOP GROWING RR RULE*****
2026-04-14 12:05:50,314 - INFO - ***RR NOT FOUND***
2026-04-14 12:05:50,395 - INFO - Iteracja 3: condition_best: Day >= 2.50, quality_best: 0.566, coverage_best: (p=204, n=1, P=504, N=13)
2026-04-14 12:05:50,396 - INFO - Regula po iteracji 3: IF DMC <= 128.30 AND Y >= 2.50 AND RH >= 25.50 AND Day >= 2.50 THEN class = {11.41} [-65.19, 88.00], (p=204, n=1, P=504, N=13)
2026-04-14 12:05:50,396 - INFO - *****GROWING RR RULE*****
2026-04-14 12:05:50,646 - INFO - Iteracja 0: condition_best: None, quality_best: -inf, coverage_best: (p=0, n=0, P=0, N=0), p_value: 0
2026-04-14 12:05:50,646 - INFO - Regula po iteracji 0: IF  THEN class = {12.85} [-50.75, 76.44], (p=502, n=15, P=502, N=15)
2026-04-14 12:05:50,646 - INFO - *****STOP GROWING RR RULE*****
2026-04-14 12:05:50,646 - INFO - ***RR NOT FOUND***
2026-04-14 12:05:50,713 - INFO - Iteracja 4: condition_best: FFMC <= 95.75, quality_best: 0.565, coverage_best: (p=203, n=1, P=504, N=13)
2026-04-14 12:05:50,713 - INFO - Regula po iteracji 4: IF DMC <= 128.30 AND Y >= 2.50 AND RH >= 25.50 AND Day >= 2.50 AND FFMC <= 95.75 THEN class = {11.45} [-65.33, 88.23], (p=203, n=1, P=504, N=13)
2026-04-14 12:05:50,714 - INFO - *****GROWING RR RULE*****
2026-04-14 12:05:50,964 - INFO - Iteracja 0: condition_best: None, quality_best: -inf, coverage_best: (p=0, n=0, P=0, N=0), p_value: 0
2026-04-14 12:05:50,965 - INFO - Regula po iteracji 0: IF  THEN class = {12.85} [-50.75, 76.44], (p=502, n=15, P=502, N=15)
2026-04-14 12:05:50,965 - INFO - *****STOP GROWING RR RULE*****
2026-04-14 12:05:50,965 - INFO - ***RR NOT FOUND***
2026-04-14 12:05:50,965 - INFO - *******STOP GROWING CR RULE*******
2026-04-14 12:05:50,966 - INFO - *******GROWING CR RULE*******
2026-04-14 12:05:51,107 - INFO - Iteracja 0: condition_best: DMC <= 128.30, quality_best: 0.392, coverage_best: (p=324, n=5, P=502, N=15)
2026-04-14 12:05:51,107 - INFO - Regula po iteracji 0: IF DMC <= 128.30 THEN class = {10.90} [-53.31, 75.11], (p=324, n=5, P=502, N=15)
2026-04-14 12:05:51,108 - INFO - *****GROWING RR RULE*****
2026-04-14 12:05:51,359 - INFO - Iteracja 0: condition_best: None, quality_best: -inf, coverage_best: (p=0, n=0, P=0, N=0), p_value: 0
2026-04-14 12:05:51,359 - INFO - Regula po iteracji 0: IF  THEN class = {12.85} [-50.75, 76.44], (p=502, n=15, P=502, N=15)
2026-04-14 12:05:51,359 - INFO - *****STOP GROWING RR RULE*****
2026-04-14 12:05:51,359 - INFO - ***RR NOT FOUND***
2026-04-14 12:05:51,447 - INFO - Iteracja 1: condition_best: Wind >= 2.00, quality_best: 0.408, coverage_best: (p=284, n=4, P=502, N=15)
2026-04-14 12:05:51,447 - INFO - Regula po iteracji 1: IF DMC <= 128.30 AND Wind >= 2.00 THEN class = {11.26} [-56.31, 78.83], (p=284, n=4, P=502, N=15)
2026-04-14 12:05:51,448 - INFO - *****GROWING RR RULE*****
2026-04-14 12:05:51,698 - INFO - Iteracja 0: condition_best: None, quality_best: -inf, coverage_best: (p=0, n=0, P=0, N=0), p_value: 0
2026-04-14 12:05:51,699 - INFO - Regula po iteracji 0: IF  THEN class = {12.85} [-50.75, 76.44], (p=502, n=15, P=502, N=15)
2026-04-14 12:05:51,699 - INFO - *****STOP GROWING RR RULE*****
2026-04-14 12:05:51,699 - INFO - ***RR NOT FOUND***
2026-04-14 12:05:51,780 - INFO - Iteracja 2: condition_best: Month >= 1.50, quality_best: 0.406, coverage_best: (p=283, n=4, P=502, N=15)
2026-04-14 12:05:51,780 - INFO - Regula po iteracji 2: IF DMC <= 128.30 AND Wind >= 2.00 AND Month >= 1.50 THEN class = {11.30} [-56.38, 78.98], (p=283, n=4, P=502, N=15)
2026-04-14 12:05:51,780 - INFO - *****GROWING RR RULE*****
2026-04-14 12:05:52,031 - INFO - Iteracja 0: condition_best: None, quality_best: -inf, coverage_best: (p=0, n=0, P=0, N=0), p_value: 0
2026-04-14 12:05:52,031 - INFO - Regula po iteracji 0: IF  THEN class = {12.85} [-50.75, 76.44], (p=502, n=15, P=502, N=15)
2026-04-14 12:05:52,031 - INFO - *****STOP GROWING RR RULE*****
2026-04-14 12:05:52,031 - INFO - ***RR NOT FOUND***
2026-04-14 12:05:52,112 - INFO - Iteracja 3: condition_best: FFMC <= 95.75, quality_best: 0.404, coverage_best: (p=282, n=4, P=502, N=15)
2026-04-14 12:05:52,112 - INFO - Regula po iteracji 3: IF DMC <= 128.30 AND Wind >= 2.00 AND Month >= 1.50 AND FFMC <= 95.75 THEN class = {11.33} [-56.47, 79.13], (p=282, n=4, P=502, N=15)
2026-04-14 12:05:52,113 - INFO - *****GROWING RR RULE*****
2026-04-14 12:05:52,363 - INFO - Iteracja 0: condition_best: None, quality_best: -inf, coverage_best: (p=0, n=0, P=0, N=0), p_value: 0
2026-04-14 12:05:52,363 - INFO - Regula po iteracji 0: IF  THEN class = {12.85} [-50.75, 76.44], (p=502, n=15, P=502, N=15)
2026-04-14 12:05:52,363 - INFO - *****STOP GROWING RR RULE*****
2026-04-14 12:05:52,363 - INFO - ***RR NOT FOUND***
2026-04-14 12:05:52,738 - INFO - Iteracja 4: condition_best: FFMC >= 51.90, quality_best: 0.403, coverage_best: (p=281, n=4, P=502, N=15)
2026-04-14 12:05:52,739 - INFO - Regula po iteracji 4: IF DMC <= 128.30 AND Wind >= 2.00 AND Month >= 1.50 AND FFMC <= 95.75 AND FFMC >= 51.90 THEN class = {11.37} [-56.54, 79.28], (p=281, n=4, P=502, N=15)
2026-04-14 12:05:52,739 - INFO - *****GROWING RR RULE*****
2026-04-14 12:05:52,991 - INFO - Iteracja 0: condition_best: None, quality_best: -inf, coverage_best: (p=0, n=0, P=0, N=0), p_value: 0
2026-04-14 12:05:52,991 - INFO - Regula po iteracji 0: IF  THEN class = {12.85} [-50.75, 76.44], (p=502, n=15, P=502, N=15)
2026-04-14 12:05:52,992 - INFO - *****STOP GROWING RR RULE*****
2026-04-14 12:05:52,992 - INFO - ***RR NOT FOUND***
2026-04-14 12:05:52,992 - INFO - *******STOP GROWING CR RULE*******
2026-04-14 12:05:52,993 - INFO - *******GROWING CR RULE*******
2026-04-14 12:05:53,134 - INFO - Iteracja 0: condition_best: ISI >= 10.65, quality_best: 0.307, coverage_best: (p=132, n=2, P=502, N=15)
2026-04-14 12:05:53,134 - INFO - Regula po iteracji 0: IF ISI >= 10.65 THEN class = {12.92} [-52.46, 78.31], (p=132, n=2, P=502, N=15)
2026-04-14 12:05:53,135 - INFO - *****GROWING RR RULE*****
2026-04-14 12:05:53,383 - INFO - Iteracja 0: condition_best: None, quality_best: -inf, coverage_best: (p=0, n=0, P=0, N=0), p_value: 0
2026-04-14 12:05:53,383 - INFO - Regula po iteracji 0: IF  THEN class = {12.85} [-50.75, 76.44], (p=502, n=15, P=502, N=15)
2026-04-14 12:05:53,384 - INFO - *****STOP GROWING RR RULE*****
2026-04-14 12:05:53,384 - INFO - ***RR NOT FOUND***
2026-04-14 12:05:53,424 - INFO - Iteracja 1: condition_best: DC >= 434.25, quality_best: 0.416, coverage_best: (p=114, n=1, P=503, N=14)
2026-04-14 12:05:53,424 - INFO - Regula po iteracji 1: IF ISI >= 10.65 AND DC >= 434.25 THEN class = {13.41} [-56.56, 83.38], (p=114, n=1, P=503, N=14)
2026-04-14 12:05:53,424 - INFO - *****GROWING RR RULE*****
2026-04-14 12:05:53,671 - INFO - Iteracja 0: condition_best: None, quality_best: -inf, coverage_best: (p=0, n=0, P=0, N=0), p_value: 0
2026-04-14 12:05:53,671 - INFO - Regula po iteracji 0: IF  THEN class = {12.85} [-50.75, 76.44], (p=502, n=15, P=502, N=15)
2026-04-14 12:05:53,671 - INFO - *****STOP GROWING RR RULE*****
2026-04-14 12:05:53,671 - INFO - ***RR NOT FOUND***
2026-04-14 12:05:53,705 - INFO - Iteracja 2: condition_best: FFMC >= 89.15, quality_best: 0.414, coverage_best: (p=113, n=1, P=503, N=14)
2026-04-14 12:05:53,705 - INFO - Regula po iteracji 2: IF ISI >= 10.65 AND DC >= 434.25 AND FFMC >= 89.15 THEN class = {13.53} [-56.74, 83.79], (p=113, n=1, P=503, N=14)
2026-04-14 12:05:53,706 - INFO - *****GROWING RR RULE*****
2026-04-14 12:05:53,954 - INFO - Iteracja 0: condition_best: None, quality_best: -inf, coverage_best: (p=0, n=0, P=0, N=0), p_value: 0
2026-04-14 12:05:53,954 - INFO - Regula po iteracji 0: IF  THEN class = {12.85} [-50.75, 76.44], (p=502, n=15, P=502, N=15)
2026-04-14 12:05:53,954 - INFO - *****STOP GROWING RR RULE*****
2026-04-14 12:05:53,954 - INFO - ***RR NOT FOUND***
2026-04-14 12:05:53,987 - INFO - Iteracja 3: condition_best: DC >= 440.30, quality_best: 0.412, coverage_best: (p=112, n=1, P=503, N=14)
2026-04-14 12:05:53,987 - INFO - Regula po iteracji 3: IF ISI >= 10.65 AND DC >= 434.25 AND FFMC >= 89.15 AND DC >= 440.30 THEN class = {13.65} [-56.92, 84.21], (p=112, n=1, P=503, N=14)
2026-04-14 12:05:53,988 - INFO - *****GROWING RR RULE*****
2026-04-14 12:05:54,235 - INFO - Iteracja 0: condition_best: None, quality_best: -inf, coverage_best: (p=0, n=0, P=0, N=0), p_value: 0
2026-04-14 12:05:54,236 - INFO - Regula po iteracji 0: IF  THEN class = {12.85} [-50.75, 76.44], (p=502, n=15, P=502, N=15)
2026-04-14 12:05:54,236 - INFO - *****STOP GROWING RR RULE*****
2026-04-14 12:05:54,236 - INFO - ***RR NOT FOUND***
2026-04-14 12:05:54,269 - INFO - Iteracja 4: condition_best: DC >= 446.55, quality_best: 0.409, coverage_best: (p=111, n=1, P=503, N=14)
2026-04-14 12:05:54,269 - INFO - Regula po iteracji 4: IF ISI >= 10.65 AND DC >= 434.25 AND FFMC >= 89.15 AND DC >= 440.30 AND DC >= 446.55 THEN class = {13.77} [-57.10, 84.63], (p=111, n=1, P=503, N=14)
2026-04-14 12:05:54,269 - INFO - *****GROWING RR RULE*****
2026-04-14 12:05:54,517 - INFO - Iteracja 0: condition_best: None, quality_best: -inf, coverage_best: (p=0, n=0, P=0, N=0), p_value: 0
2026-04-14 12:05:54,517 - INFO - Regula po iteracji 0: IF  THEN class = {12.85} [-50.75, 76.44], (p=502, n=15, P=502, N=15)
2026-04-14 12:05:54,517 - INFO - *****STOP GROWING RR RULE*****
2026-04-14 12:05:54,517 - INFO - ***RR NOT FOUND***
2026-04-14 12:05:54,517 - INFO - *******STOP GROWING CR RULE*******
2026-04-14 12:05:54,518 - INFO - *******GROWING CR RULE*******
2026-04-14 12:05:54,659 - INFO - Iteracja 0: condition_best: Wind <= 2.00, quality_best: 0.301, coverage_best: (p=57, n=2, P=479, N=38)
2026-04-14 12:05:54,659 - INFO - Regula po iteracji 0: IF Wind <= 2.00 THEN class = {7.12} [-19.82, 34.05], (p=57, n=2, P=479, N=38)
2026-04-14 12:05:54,659 - INFO - *****GROWING RR RULE*****
2026-04-14 12:05:54,904 - INFO - Iteracja 0: condition_best: None, quality_best: -inf, coverage_best: (p=0, n=0, P=0, N=0), p_value: 0
2026-04-14 12:05:54,904 - INFO - Regula po iteracji 0: IF  THEN class = {12.85} [-50.75, 76.44], (p=502, n=15, P=502, N=15)
2026-04-14 12:05:54,904 - INFO - *****STOP GROWING RR RULE*****
2026-04-14 12:05:54,904 - INFO - ***RR NOT FOUND***
2026-04-14 12:05:54,933 - INFO - Iteracja 1: condition_best: FFMC <= 92.30, quality_best: 0.458, coverage_best: (p=37, n=1, P=430, N=87)
2026-04-14 12:05:54,933 - INFO - Regula po iteracji 1: IF Wind <= 2.00 AND FFMC <= 92.30 THEN class = {2.63} [-5.75, 11.02], (p=37, n=1, P=430, N=87)
2026-04-14 12:05:54,933 - INFO - *****GROWING RR RULE*****
2026-04-14 12:05:55,176 - INFO - Iteracja 0: condition_best: None, quality_best: -inf, coverage_best: (p=0, n=0, P=0, N=0), p_value: 0
2026-04-14 12:05:55,176 - INFO - Regula po iteracji 0: IF  THEN class = {12.85} [-50.75, 76.44], (p=502, n=15, P=502, N=15)
2026-04-14 12:05:55,176 - INFO - *****STOP GROWING RR RULE*****
2026-04-14 12:05:55,176 - INFO - ***RR NOT FOUND***
2026-04-14 12:05:55,195 - INFO - Iteracja 2: condition_best: X <= 8.50, quality_best: 0.455, coverage_best: (p=36, n=1, P=430, N=87)
2026-04-14 12:05:55,195 - INFO - Regula po iteracji 2: IF Wind <= 2.00 AND FFMC <= 92.30 AND X <= 8.50 THEN class = {2.49} [-5.96, 10.94], (p=36, n=1, P=430, N=87)
2026-04-14 12:05:55,195 - INFO - *****GROWING RR RULE*****
2026-04-14 12:05:55,438 - INFO - Iteracja 0: condition_best: None, quality_best: -inf, coverage_best: (p=0, n=0, P=0, N=0), p_value: 0
2026-04-14 12:05:55,438 - INFO - Regula po iteracji 0: IF  THEN class = {12.85} [-50.75, 76.44], (p=502, n=15, P=502, N=15)
2026-04-14 12:05:55,438 - INFO - *****STOP GROWING RR RULE*****
2026-04-14 12:05:55,438 - INFO - ***RR NOT FOUND***
2026-04-14 12:05:55,456 - INFO - Iteracja 3: condition_best: Temp >= 4.90, quality_best: 0.453, coverage_best: (p=35, n=1, P=429, N=88)
2026-04-14 12:05:55,456 - INFO - Regula po iteracji 3: IF Wind <= 2.00 AND FFMC <= 92.30 AND X <= 8.50 AND Temp >= 4.90 THEN class = {2.37} [-6.16, 10.90], (p=35, n=1, P=429, N=88)
2026-04-14 12:05:55,456 - INFO - *****GROWING RR RULE*****
2026-04-14 12:05:55,697 - INFO - Iteracja 0: condition_best: None, quality_best: -inf, coverage_best: (p=0, n=0, P=0, N=0), p_value: 0
2026-04-14 12:05:55,698 - INFO - Regula po iteracji 0: IF  THEN class = {12.85} [-50.75, 76.44], (p=502, n=15, P=502, N=15)
2026-04-14 12:05:55,698 - INFO - *****STOP GROWING RR RULE*****
2026-04-14 12:05:55,698 - INFO - ***RR NOT FOUND***
2026-04-14 12:05:55,715 - INFO - Iteracja 4: condition_best: Month >= 1.50, quality_best: 0.446, coverage_best: (p=34, n=1, P=432, N=85)
2026-04-14 12:05:55,715 - INFO - Regula po iteracji 4: IF Wind <= 2.00 AND FFMC <= 92.30 AND X <= 8.50 AND Temp >= 4.90 AND Month >= 1.50 THEN class = {2.44} [-6.21, 11.08], (p=34, n=1, P=432, N=85)
2026-04-14 12:05:55,716 - INFO - *****GROWING RR RULE*****
2026-04-14 12:05:55,957 - INFO - Iteracja 0: condition_best: None, quality_best: -inf, coverage_best: (p=0, n=0, P=0, N=0), p_value: 0
2026-04-14 12:05:55,957 - INFO - Regula po iteracji 0: IF  THEN class = {12.85} [-50.75, 76.44], (p=502, n=15, P=502, N=15)
2026-04-14 12:05:55,957 - INFO - *****STOP GROWING RR RULE*****
2026-04-14 12:05:55,957 - INFO - ***RR NOT FOUND***
2026-04-14 12:05:55,957 - INFO - *******STOP GROWING CR RULE*******
2026-04-14 12:05:55,958 - INFO - *******GROWING CR RULE*******
2026-04-14 12:05:56,098 - INFO - Iteracja 0: condition_best: Wind <= 2.00, quality_best: 0.301, coverage_best: (p=57, n=2, P=479, N=38)
2026-04-14 12:05:56,098 - INFO - Regula po iteracji 0: IF Wind <= 2.00 THEN class = {7.12} [-19.82, 34.05], (p=57, n=2, P=479, N=38)
2026-04-14 12:05:56,098 - INFO - *****GROWING RR RULE*****
2026-04-14 12:05:56,340 - INFO - Iteracja 0: condition_best: None, quality_best: -inf, coverage_best: (p=0, n=0, P=0, N=0), p_value: 0
2026-04-14 12:05:56,340 - INFO - Regula po iteracji 0: IF  THEN class = {12.85} [-50.75, 76.44], (p=502, n=15, P=502, N=15)
2026-04-14 12:05:56,341 - INFO - *****STOP GROWING RR RULE*****
2026-04-14 12:05:56,341 - INFO - ***RR NOT FOUND***
2026-04-14 12:05:56,366 - INFO - Iteracja 1: condition_best: Temp >= 10.25, quality_best: 0.415, coverage_best: (p=53, n=1, P=479, N=38)
2026-04-14 12:05:56,366 - INFO - Regula po iteracji 1: IF Wind <= 2.00 AND Temp >= 10.25 THEN class = {6.69} [-20.74, 34.12], (p=53, n=1, P=479, N=38)
2026-04-14 12:05:56,366 - INFO - *****GROWING RR RULE*****
2026-04-14 12:05:56,610 - INFO - Iteracja 0: condition_best: None, quality_best: -inf, coverage_best: (p=0, n=0, P=0, N=0), p_value: 0
2026-04-14 12:05:56,610 - INFO - Regula po iteracji 0: IF  THEN class = {12.85} [-50.75, 76.44], (p=502, n=15, P=502, N=15)
2026-04-14 12:05:56,610 - INFO - *****STOP GROWING RR RULE*****
2026-04-14 12:05:56,610 - INFO - ***RR NOT FOUND***
2026-04-14 12:05:56,633 - INFO - Iteracja 2: condition_best: X <= 8.50, quality_best: 0.412, coverage_best: (p=52, n=1, P=479, N=38)
2026-04-14 12:05:56,633 - INFO - Regula po iteracji 2: IF Wind <= 2.00 AND Temp >= 10.25 AND X <= 8.50 THEN class = {6.67} [-21.02, 34.36], (p=52, n=1, P=479, N=38)
2026-04-14 12:05:56,634 - INFO - *****GROWING RR RULE*****
2026-04-14 12:05:56,877 - INFO - Iteracja 0: condition_best: None, quality_best: -inf, coverage_best: (p=0, n=0, P=0, N=0), p_value: 0
2026-04-14 12:05:56,877 - INFO - Regula po iteracji 0: IF  THEN class = {12.85} [-50.75, 76.44], (p=502, n=15, P=502, N=15)
2026-04-14 12:05:56,877 - INFO - *****STOP GROWING RR RULE*****
2026-04-14 12:05:56,877 - INFO - ***RR NOT FOUND***
2026-04-14 12:05:56,900 - INFO - Iteracja 3: condition_best: FFMC <= 95.15, quality_best: 0.404, coverage_best: (p=51, n=1, P=480, N=37)
2026-04-14 12:05:56,900 - INFO - Regula po iteracji 3: IF Wind <= 2.00 AND Temp >= 10.25 AND X <= 8.50 AND FFMC <= 95.15 THEN class = {6.68} [-21.27, 34.64], (p=51, n=1, P=480, N=37)
2026-04-14 12:05:56,901 - INFO - *****GROWING RR RULE*****
2026-04-14 12:05:57,145 - INFO - Iteracja 0: condition_best: None, quality_best: -inf, coverage_best: (p=0, n=0, P=0, N=0), p_value: 0
2026-04-14 12:05:57,145 - INFO - Regula po iteracji 0: IF  THEN class = {12.85} [-50.75, 76.44], (p=502, n=15, P=502, N=15)
2026-04-14 12:05:57,145 - INFO - *****STOP GROWING RR RULE*****
2026-04-14 12:05:57,145 - INFO - ***RR NOT FOUND***
2026-04-14 12:05:57,168 - INFO - Iteracja 4: condition_best: FFMC <= 94.95, quality_best: 0.401, coverage_best: (p=50, n=1, P=480, N=37)
2026-04-14 12:05:57,168 - INFO - Regula po iteracji 4: IF Wind <= 2.00 AND Temp >= 10.25 AND X <= 8.50 AND FFMC <= 95.15 AND FFMC <= 94.95 THEN class = {6.81} [-21.40, 35.02], (p=50, n=1, P=480, N=37)
2026-04-14 12:05:57,169 - INFO - *****GROWING RR RULE*****
2026-04-14 12:05:57,412 - INFO - Iteracja 0: condition_best: None, quality_best: -inf, coverage_best: (p=0, n=0, P=0, N=0), p_value: 0
2026-04-14 12:05:57,413 - INFO - Regula po iteracji 0: IF  THEN class = {12.85} [-50.75, 76.44], (p=502, n=15, P=502, N=15)
2026-04-14 12:05:57,413 - INFO - *****STOP GROWING RR RULE*****
2026-04-14 12:05:57,413 - INFO - ***RR NOT FOUND***
2026-04-14 12:05:57,413 - INFO - *******STOP GROWING CR RULE*******
2026-04-14 12:05:57,414 - INFO - *******GROWING CR RULE*******
2026-04-14 12:05:57,554 - INFO - Iteracja 0: condition_best: Day <= 5.50, quality_best: 0.286, coverage_best: (p=329, n=9, P=496, N=21)
2026-04-14 12:05:57,554 - INFO - Regula po iteracji 0: IF Day <= 5.50 THEN class = {10.47} [-36.99, 57.92], (p=329, n=9, P=496, N=21)
2026-04-14 12:05:57,554 - INFO - *****GROWING RR RULE*****
2026-04-14 12:05:57,807 - INFO - Iteracja 0: condition_best: None, quality_best: -inf, coverage_best: (p=0, n=0, P=0, N=0), p_value: 0
2026-04-14 12:05:57,807 - INFO - Regula po iteracji 0: IF  THEN class = {12.85} [-50.75, 76.44], (p=502, n=15, P=502, N=15)
2026-04-14 12:05:57,807 - INFO - *****STOP GROWING RR RULE*****
2026-04-14 12:05:57,807 - INFO - ***RR NOT FOUND***
2026-04-14 12:05:57,906 - INFO - Iteracja 1: condition_best: Day >= 3.50, quality_best: 0.492, coverage_best: (p=145, n=1, P=502, N=15)
2026-04-14 12:05:57,906 - INFO - Regula po iteracji 1: IF Day <= 5.50 AND Day >= 3.50 THEN class = {9.89} [-51.95, 71.73], (p=145, n=1, P=502, N=15)
2026-04-14 12:05:57,906 - INFO - *****GROWING RR RULE*****
2026-04-14 12:05:58,155 - INFO - Iteracja 0: condition_best: None, quality_best: -inf, coverage_best: (p=0, n=0, P=0, N=0), p_value: 0
2026-04-14 12:05:58,156 - INFO - Regula po iteracji 0: IF  THEN class = {12.85} [-50.75, 76.44], (p=502, n=15, P=502, N=15)
2026-04-14 12:05:58,156 - INFO - *****STOP GROWING RR RULE*****
2026-04-14 12:05:58,156 - INFO - ***RR NOT FOUND***
2026-04-14 12:05:58,207 - INFO - Iteracja 2: condition_best: FFMC >= 72.50, quality_best: 0.49, coverage_best: (p=144, n=1, P=502, N=15)
2026-04-14 12:05:58,207 - INFO - Regula po iteracji 2: IF Day <= 5.50 AND Day >= 3.50 AND FFMC >= 72.50 THEN class = {9.96} [-52.08, 72.01], (p=144, n=1, P=502, N=15)
2026-04-14 12:05:58,207 - INFO - *****GROWING RR RULE*****
2026-04-14 12:05:58,456 - INFO - Iteracja 0: condition_best: None, quality_best: -inf, coverage_best: (p=0, n=0, P=0, N=0), p_value: 0
2026-04-14 12:05:58,456 - INFO - Regula po iteracji 0: IF  THEN class = {12.85} [-50.75, 76.44], (p=502, n=15, P=502, N=15)
2026-04-14 12:05:58,456 - INFO - *****STOP GROWING RR RULE*****
2026-04-14 12:05:58,456 - INFO - ***RR NOT FOUND***
2026-04-14 12:05:58,504 - INFO - Iteracja 3: condition_best: DMC >= 4.05, quality_best: 0.489, coverage_best: (p=143, n=1, P=502, N=15)
2026-04-14 12:05:58,504 - INFO - Regula po iteracji 3: IF Day <= 5.50 AND Day >= 3.50 AND FFMC >= 72.50 AND DMC >= 4.05 THEN class = {10.00} [-52.26, 72.26], (p=143, n=1, P=502, N=15)
2026-04-14 12:05:58,504 - INFO - *****GROWING RR RULE*****
2026-04-14 12:05:58,754 - INFO - Iteracja 0: condition_best: None, quality_best: -inf, coverage_best: (p=0, n=0, P=0, N=0), p_value: 0
2026-04-14 12:05:58,754 - INFO - Regula po iteracji 0: IF  THEN class = {12.85} [-50.75, 76.44], (p=502, n=15, P=502, N=15)
2026-04-14 12:05:58,754 - INFO - *****STOP GROWING RR RULE*****
2026-04-14 12:05:58,754 - INFO - ***RR NOT FOUND***
2026-04-14 12:05:58,802 - INFO - Iteracja 4: condition_best: DMC >= 5.85, quality_best: 0.487, coverage_best: (p=142, n=1, P=502, N=15)
2026-04-14 12:05:58,802 - INFO - Regula po iteracji 4: IF Day <= 5.50 AND Day >= 3.50 AND FFMC >= 72.50 AND DMC >= 4.05 AND DMC >= 5.85 THEN class = {9.90} [-52.57, 72.36], (p=142, n=1, P=502, N=15)
2026-04-14 12:05:58,802 - INFO - *****GROWING RR RULE*****
2026-04-14 12:05:59,052 - INFO - Iteracja 0: condition_best: None, quality_best: -inf, coverage_best: (p=0, n=0, P=0, N=0), p_value: 0
2026-04-14 12:05:59,052 - INFO - Regula po iteracji 0: IF  THEN class = {12.85} [-50.75, 76.44], (p=502, n=15, P=502, N=15)
2026-04-14 12:05:59,052 - INFO - *****STOP GROWING RR RULE*****
2026-04-14 12:05:59,052 - INFO - ***RR NOT FOUND***
2026-04-14 12:05:59,052 - INFO - *******STOP GROWING CR RULE*******
2026-04-14 12:05:59,053 - INFO - *******GROWING CR RULE*******
2026-04-14 12:05:59,190 - INFO - Iteracja 0: condition_best: Day <= 5.50, quality_best: 0.286, coverage_best: (p=329, n=9, P=496, N=21)
2026-04-14 12:05:59,191 - INFO - Regula po iteracji 0: IF Day <= 5.50 THEN class = {10.47} [-36.99, 57.92], (p=329, n=9, P=496, N=21)
2026-04-14 12:05:59,191 - INFO - *****GROWING RR RULE*****
2026-04-14 12:05:59,444 - INFO - Iteracja 0: condition_best: None, quality_best: -inf, coverage_best: (p=0, n=0, P=0, N=0), p_value: 0
2026-04-14 12:05:59,445 - INFO - Regula po iteracji 0: IF  THEN class = {12.85} [-50.75, 76.44], (p=502, n=15, P=502, N=15)
2026-04-14 12:05:59,445 - INFO - *****STOP GROWING RR RULE*****
2026-04-14 12:05:59,445 - INFO - ***RR NOT FOUND***
2026-04-14 12:05:59,539 - INFO - Iteracja 1: condition_best: FFMC <= 91.55, quality_best: 0.366, coverage_best: (p=148, n=4, P=486, N=31)
2026-04-14 12:05:59,539 - INFO - Regula po iteracji 1: IF Day <= 5.50 AND FFMC <= 91.55 THEN class = {9.36} [-21.69, 40.41], (p=148, n=4, P=486, N=31)
2026-04-14 12:05:59,540 - INFO - *****GROWING RR RULE*****
2026-04-14 12:05:59,789 - INFO - Iteracja 0: condition_best: None, quality_best: -inf, coverage_best: (p=0, n=0, P=0, N=0), p_value: 0
2026-04-14 12:05:59,789 - INFO - Regula po iteracji 0: IF  THEN class = {12.85} [-50.75, 76.44], (p=502, n=15, P=502, N=15)
2026-04-14 12:05:59,789 - INFO - *****STOP GROWING RR RULE*****
2026-04-14 12:05:59,789 - INFO - ***RR NOT FOUND***
2026-04-14 12:05:59,841 - INFO - Iteracja 2: condition_best: RH >= 43.50, quality_best: 0.454, coverage_best: (p=78, n=1, P=487, N=30)
2026-04-14 12:05:59,841 - INFO - Regula po iteracji 2: IF Day <= 5.50 AND FFMC <= 91.55 AND RH >= 43.50 THEN class = {8.75} [-23.19, 40.69], (p=78, n=1, P=487, N=30)
2026-04-14 12:05:59,841 - INFO - *****GROWING RR RULE*****
2026-04-14 12:06:00,094 - INFO - Iteracja 0: condition_best: None, quality_best: -inf, coverage_best: (p=0, n=0, P=0, N=0), p_value: 0
2026-04-14 12:06:00,094 - INFO - Regula po iteracji 0: IF  THEN class = {12.85} [-50.75, 76.44], (p=502, n=15, P=502, N=15)
2026-04-14 12:06:00,094 - INFO - *****STOP GROWING RR RULE*****
2026-04-14 12:06:00,094 - INFO - ***RR NOT FOUND***
2026-04-14 12:06:00,128 - INFO - Iteracja 3: condition_best: X <= 8.50, quality_best: 0.451, coverage_best: (p=77, n=1, P=487, N=30)
2026-04-14 12:06:00,128 - INFO - Regula po iteracji 3: IF Day <= 5.50 AND FFMC <= 91.55 AND RH >= 43.50 AND X <= 8.50 THEN class = {8.86} [-23.27, 40.99], (p=77, n=1, P=487, N=30)
2026-04-14 12:06:00,129 - INFO - *****GROWING RR RULE*****
2026-04-14 12:06:00,379 - INFO - Iteracja 0: condition_best: None, quality_best: -inf, coverage_best: (p=0, n=0, P=0, N=0), p_value: 0
2026-04-14 12:06:00,379 - INFO - Regula po iteracji 0: IF  THEN class = {12.85} [-50.75, 76.44], (p=502, n=15, P=502, N=15)
2026-04-14 12:06:00,379 - INFO - *****STOP GROWING RR RULE*****
2026-04-14 12:06:00,379 - INFO - ***RR NOT FOUND***
2026-04-14 12:06:00,411 - INFO - Iteracja 4: condition_best: FFMC >= 69.30, quality_best: 0.449, coverage_best: (p=76, n=1, P=487, N=30)
2026-04-14 12:06:00,411 - INFO - Regula po iteracji 4: IF Day <= 5.50 AND FFMC <= 91.55 AND RH >= 43.50 AND X <= 8.50 AND FFMC >= 69.30 THEN class = {8.98} [-23.34, 41.30], (p=76, n=1, P=487, N=30)
2026-04-14 12:06:00,411 - INFO - *****GROWING RR RULE*****
2026-04-14 12:06:00,662 - INFO - Iteracja 0: condition_best: None, quality_best: -inf, coverage_best: (p=0, n=0, P=0, N=0), p_value: 0
2026-04-14 12:06:00,662 - INFO - Regula po iteracji 0: IF  THEN class = {12.85} [-50.75, 76.44], (p=502, n=15, P=502, N=15)
2026-04-14 12:06:00,662 - INFO - *****STOP GROWING RR RULE*****
2026-04-14 12:06:00,662 - INFO - ***RR NOT FOUND***
2026-04-14 12:06:00,662 - INFO - *******STOP GROWING CR RULE*******
2026-04-14 12:06:00,663 - INFO - *******GROWING CR RULE*******
2026-04-14 12:06:00,798 - INFO - Iteracja 0: condition_best: Day <= 5.50, quality_best: 0.286, coverage_best: (p=329, n=9, P=496, N=21)
2026-04-14 12:06:00,798 - INFO - Regula po iteracji 0: IF Day <= 5.50 THEN class = {10.47} [-36.99, 57.92], (p=329, n=9, P=496, N=21)
2026-04-14 12:06:00,799 - INFO - *****GROWING RR RULE*****
2026-04-14 12:06:01,052 - INFO - Iteracja 0: condition_best: None, quality_best: -inf, coverage_best: (p=0, n=0, P=0, N=0), p_value: 0
2026-04-14 12:06:01,053 - INFO - Regula po iteracji 0: IF  THEN class = {12.85} [-50.75, 76.44], (p=502, n=15, P=502, N=15)
2026-04-14 12:06:01,053 - INFO - *****STOP GROWING RR RULE*****
2026-04-14 12:06:01,053 - INFO - ***RR NOT FOUND***
2026-04-14 12:06:01,146 - INFO - Iteracja 1: condition_best: FFMC <= 91.55, quality_best: 0.366, coverage_best: (p=148, n=4, P=486, N=31)
2026-04-14 12:06:01,146 - INFO - Regula po iteracji 1: IF Day <= 5.50 AND FFMC <= 91.55 THEN class = {9.36} [-21.69, 40.41], (p=148, n=4, P=486, N=31)
2026-04-14 12:06:01,147 - INFO - *****GROWING RR RULE*****
2026-04-14 12:06:01,396 - INFO - Iteracja 0: condition_best: None, quality_best: -inf, coverage_best: (p=0, n=0, P=0, N=0), p_value: 0
2026-04-14 12:06:01,397 - INFO - Regula po iteracji 0: IF  THEN class = {12.85} [-50.75, 76.44], (p=502, n=15, P=502, N=15)
2026-04-14 12:06:01,397 - INFO - *****STOP GROWING RR RULE*****
2026-04-14 12:06:01,397 - INFO - ***RR NOT FOUND***
2026-04-14 12:06:01,446 - INFO - Iteracja 2: condition_best: X <= 8.50, quality_best: 0.437, coverage_best: (p=145, n=3, P=485, N=32)
2026-04-14 12:06:01,446 - INFO - Regula po iteracji 2: IF Day <= 5.50 AND FFMC <= 91.55 AND X <= 8.50 THEN class = {8.89} [-21.53, 39.32], (p=145, n=3, P=485, N=32)
2026-04-14 12:06:01,446 - INFO - *****GROWING RR RULE*****
2026-04-14 12:06:01,696 - INFO - Iteracja 0: condition_best: None, quality_best: -inf, coverage_best: (p=0, n=0, P=0, N=0), p_value: 0
2026-04-14 12:06:01,697 - INFO - Regula po iteracji 0: IF  THEN class = {12.85} [-50.75, 76.44], (p=502, n=15, P=502, N=15)
2026-04-14 12:06:01,697 - INFO - *****STOP GROWING RR RULE*****
2026-04-14 12:06:01,697 - INFO - ***RR NOT FOUND***
2026-04-14 12:06:01,745 - INFO - Iteracja 3: condition_best: DC >= 16.00, quality_best: 0.435, coverage_best: (p=144, n=3, P=485, N=32)
2026-04-14 12:06:01,745 - INFO - Regula po iteracji 3: IF Day <= 5.50 AND FFMC <= 91.55 AND X <= 8.50 AND DC >= 16.00 THEN class = {8.79} [-21.71, 39.29], (p=144, n=3, P=485, N=32)
2026-04-14 12:06:01,745 - INFO - *****GROWING RR RULE*****
2026-04-14 12:06:01,994 - INFO - Iteracja 0: condition_best: None, quality_best: -inf, coverage_best: (p=0, n=0, P=0, N=0), p_value: 0
2026-04-14 12:06:01,994 - INFO - Regula po iteracji 0: IF  THEN class = {12.85} [-50.75, 76.44], (p=502, n=15, P=502, N=15)
2026-04-14 12:06:01,994 - INFO - *****STOP GROWING RR RULE*****
2026-04-14 12:06:01,994 - INFO - ***RR NOT FOUND***
2026-04-14 12:06:02,042 - INFO - Iteracja 4: condition_best: DMC >= 3.10, quality_best: 0.425, coverage_best: (p=143, n=3, P=486, N=31)
2026-04-14 12:06:02,042 - INFO - Regula po iteracji 4: IF Day <= 5.50 AND FFMC <= 91.55 AND X <= 8.50 AND DC >= 16.00 AND DMC >= 3.10 THEN class = {8.85} [-21.75, 39.44], (p=143, n=3, P=486, N=31)
2026-04-14 12:06:02,043 - INFO - *****GROWING RR RULE*****
2026-04-14 12:06:02,292 - INFO - Iteracja 0: condition_best: None, quality_best: -inf, coverage_best: (p=0, n=0, P=0, N=0), p_value: 0
2026-04-14 12:06:02,292 - INFO - Regula po iteracji 0: IF  THEN class = {12.85} [-50.75, 76.44], (p=502, n=15, P=502, N=15)
2026-04-14 12:06:02,292 - INFO - *****STOP GROWING RR RULE*****
2026-04-14 12:06:02,293 - INFO - ***RR NOT FOUND***
2026-04-14 12:06:02,293 - INFO - *******STOP GROWING CR RULE*******
2026-04-14 12:06:02,293 - INFO - *******GROWING CR RULE*******
2026-04-14 12:06:02,428 - INFO - Iteracja 0: condition_best: Day <= 5.50, quality_best: 0.286, coverage_best: (p=329, n=9, P=496, N=21)
2026-04-14 12:06:02,428 - INFO - Regula po iteracji 0: IF Day <= 5.50 THEN class = {10.47} [-36.99, 57.92], (p=329, n=9, P=496, N=21)
2026-04-14 12:06:02,429 - INFO - *****GROWING RR RULE*****
2026-04-14 12:06:02,681 - INFO - Iteracja 0: condition_best: None, quality_best: -inf, coverage_best: (p=0, n=0, P=0, N=0), p_value: 0
2026-04-14 12:06:02,681 - INFO - Regula po iteracji 0: IF  THEN class = {12.85} [-50.75, 76.44], (p=502, n=15, P=502, N=15)
2026-04-14 12:06:02,681 - INFO - *****STOP GROWING RR RULE*****
2026-04-14 12:06:02,682 - INFO - ***RR NOT FOUND***
2026-04-14 12:06:02,772 - INFO - Iteracja 1: condition_best: X >= 1.50, quality_best: 0.352, coverage_best: (p=300, n=7, P=496, N=21)
2026-04-14 12:06:02,772 - INFO - Regula po iteracji 1: IF Day <= 5.50 AND X >= 1.50 THEN class = {10.05} [-38.07, 58.18], (p=300, n=7, P=496, N=21)
2026-04-14 12:06:02,772 - INFO - *****GROWING RR RULE*****
2026-04-14 12:06:03,025 - INFO - Iteracja 0: condition_best: None, quality_best: -inf, coverage_best: (p=0, n=0, P=0, N=0), p_value: 0
2026-04-14 12:06:03,025 - INFO - Regula po iteracji 0: IF  THEN class = {12.85} [-50.75, 76.44], (p=502, n=15, P=502, N=15)
2026-04-14 12:06:03,025 - INFO - *****STOP GROWING RR RULE*****
2026-04-14 12:06:03,025 - INFO - ***RR NOT FOUND***
2026-04-14 12:06:03,112 - INFO - Iteracja 2: condition_best: Y <= 7.00, quality_best: 0.406, coverage_best: (p=295, n=6, P=496, N=21)
2026-04-14 12:06:03,112 - INFO - Regula po iteracji 2: IF Day <= 5.50 AND X >= 1.50 AND Y <= 7.00 THEN class = {9.63} [-37.89, 57.15], (p=295, n=6, P=496, N=21)
2026-04-14 12:06:03,113 - INFO - *****GROWING RR RULE*****
2026-04-14 12:06:03,365 - INFO - Iteracja 0: condition_best: None, quality_best: -inf, coverage_best: (p=0, n=0, P=0, N=0), p_value: 0
2026-04-14 12:06:03,365 - INFO - Regula po iteracji 0: IF  THEN class = {12.85} [-50.75, 76.44], (p=502, n=15, P=502, N=15)
2026-04-14 12:06:03,365 - INFO - *****STOP GROWING RR RULE*****
2026-04-14 12:06:03,365 - INFO - ***RR NOT FOUND***
2026-04-14 12:06:03,449 - INFO - Iteracja 3: condition_best: X <= 8.50, quality_best: 0.463, coverage_best: (p=291, n=5, P=496, N=21)
2026-04-14 12:06:03,449 - INFO - Regula po iteracji 3: IF Day <= 5.50 AND X >= 1.50 AND Y <= 7.00 AND X <= 8.50 THEN class = {9.26} [-38.29, 56.80], (p=291, n=5, P=496, N=21)
2026-04-14 12:06:03,450 - INFO - *****GROWING RR RULE*****
2026-04-14 12:06:03,702 - INFO - Iteracja 0: condition_best: None, quality_best: -inf, coverage_best: (p=0, n=0, P=0, N=0), p_value: 0
2026-04-14 12:06:03,703 - INFO - Regula po iteracji 0: IF  THEN class = {12.85} [-50.75, 76.44], (p=502, n=15, P=502, N=15)
2026-04-14 12:06:03,703 - INFO - *****STOP GROWING RR RULE*****
2026-04-14 12:06:03,703 - INFO - ***RR NOT FOUND***
2026-04-14 12:06:03,789 - INFO - Iteracja 4: condition_best: RH >= 21.50, quality_best: 0.508, coverage_best: (p=278, n=4, P=496, N=21)
2026-04-14 12:06:03,789 - INFO - Regula po iteracji 4: IF Day <= 5.50 AND X >= 1.50 AND Y <= 7.00 AND X <= 8.50 AND RH >= 21.50 THEN class = {9.03} [-39.40, 57.47], (p=278, n=4, P=496, N=21)
2026-04-14 12:06:03,789 - INFO - *****GROWING RR RULE*****
2026-04-14 12:06:04,042 - INFO - Iteracja 0: condition_best: None, quality_best: -inf, coverage_best: (p=0, n=0, P=0, N=0), p_value: 0
2026-04-14 12:06:04,042 - INFO - Regula po iteracji 0: IF  THEN class = {12.85} [-50.75, 76.44], (p=502, n=15, P=502, N=15)
2026-04-14 12:06:04,042 - INFO - *****STOP GROWING RR RULE*****
2026-04-14 12:06:04,042 - INFO - ***RR NOT FOUND***
2026-04-14 12:06:04,042 - INFO - *******STOP GROWING CR RULE*******
2026-04-14 12:06:04,043 - INFO - *******GROWING CR RULE*******
2026-04-14 12:06:04,178 - INFO - Iteracja 0: condition_best: ISI >= 9.45, quality_best: 0.274, coverage_best: (p=187, n=4, P=499, N=18)
2026-04-14 12:06:04,178 - INFO - Regula po iteracji 0: IF ISI >= 9.45 THEN class = {10.78} [-45.86, 67.42], (p=187, n=4, P=499, N=18)
2026-04-14 12:06:04,179 - INFO - *****GROWING RR RULE*****
2026-04-14 12:06:04,429 - INFO - Iteracja 0: condition_best: None, quality_best: -inf, coverage_best: (p=0, n=0, P=0, N=0), p_value: 0
2026-04-14 12:06:04,430 - INFO - Regula po iteracji 0: IF  THEN class = {12.85} [-50.75, 76.44], (p=502, n=15, P=502, N=15)
2026-04-14 12:06:04,430 - INFO - *****STOP GROWING RR RULE*****
2026-04-14 12:06:04,430 - INFO - ***RR NOT FOUND***
2026-04-14 12:06:04,482 - INFO - Iteracja 1: condition_best: Wind <= 5.15, quality_best: 0.47, coverage_best: (p=133, n=1, P=502, N=15)
2026-04-14 12:06:04,483 - INFO - Regula po iteracji 1: IF ISI >= 9.45 AND Wind <= 5.15 THEN class = {11.36} [-53.48, 76.20], (p=133, n=1, P=502, N=15)
2026-04-14 12:06:04,483 - INFO - *****GROWING RR RULE*****
2026-04-14 12:06:04,734 - INFO - Iteracja 0: condition_best: None, quality_best: -inf, coverage_best: (p=0, n=0, P=0, N=0), p_value: 0
2026-04-14 12:06:04,734 - INFO - Regula po iteracji 0: IF  THEN class = {12.85} [-50.75, 76.44], (p=502, n=15, P=502, N=15)
2026-04-14 12:06:04,734 - INFO - *****STOP GROWING RR RULE*****
2026-04-14 12:06:04,735 - INFO - ***RR NOT FOUND***
2026-04-14 12:06:04,777 - INFO - Iteracja 2: condition_best: FFMC >= 88.75, quality_best: 0.468, coverage_best: (p=132, n=1, P=502, N=15)
2026-04-14 12:06:04,777 - INFO - Regula po iteracji 2: IF ISI >= 9.45 AND Wind <= 5.15 AND FFMC >= 88.75 THEN class = {11.44} [-53.64, 76.51], (p=132, n=1, P=502, N=15)
2026-04-14 12:06:04,778 - INFO - *****GROWING RR RULE*****
2026-04-14 12:06:05,029 - INFO - Iteracja 0: condition_best: None, quality_best: -inf, coverage_best: (p=0, n=0, P=0, N=0), p_value: 0
2026-04-14 12:06:05,029 - INFO - Regula po iteracji 0: IF  THEN class = {12.85} [-50.75, 76.44], (p=502, n=15, P=502, N=15)
2026-04-14 12:06:05,029 - INFO - *****STOP GROWING RR RULE*****
2026-04-14 12:06:05,029 - INFO - ***RR NOT FOUND***
2026-04-14 12:06:05,071 - INFO - Iteracja 3: condition_best: DMC <= 269.25, quality_best: 0.466, coverage_best: (p=131, n=1, P=502, N=15)
2026-04-14 12:06:05,071 - INFO - Regula po iteracji 3: IF ISI >= 9.45 AND Wind <= 5.15 AND FFMC >= 88.75 AND DMC <= 269.25 THEN class = {11.52} [-53.79, 76.84], (p=131, n=1, P=502, N=15)
2026-04-14 12:06:05,071 - INFO - *****GROWING RR RULE*****
2026-04-14 12:06:05,612 - INFO - Iteracja 0: condition_best: None, quality_best: -inf, coverage_best: (p=0, n=0, P=0, N=0), p_value: 0
2026-04-14 12:06:05,612 - INFO - Regula po iteracji 0: IF  THEN class = {12.85} [-50.75, 76.44], (p=502, n=15, P=502, N=15)
2026-04-14 12:06:05,612 - INFO - *****STOP GROWING RR RULE*****
2026-04-14 12:06:05,612 - INFO - ***RR NOT FOUND***
2026-04-14 12:06:05,654 - INFO - Iteracja 4: condition_best: DMC <= 244.35, quality_best: 0.464, coverage_best: (p=130, n=1, P=502, N=15)
2026-04-14 12:06:05,654 - INFO - Regula po iteracji 4: IF ISI >= 9.45 AND Wind <= 5.15 AND FFMC >= 88.75 AND DMC <= 269.25 AND DMC <= 244.35 THEN class = {11.61} [-53.94, 77.17], (p=130, n=1, P=502, N=15)
2026-04-14 12:06:05,654 - INFO - *****GROWING RR RULE*****
2026-04-14 12:06:05,904 - INFO - Iteracja 0: condition_best: None, quality_best: -inf, coverage_best: (p=0, n=0, P=0, N=0), p_value: 0
2026-04-14 12:06:05,904 - INFO - Regula po iteracji 0: IF  THEN class = {12.85} [-50.75, 76.44], (p=502, n=15, P=502, N=15)
2026-04-14 12:06:05,904 - INFO - *****STOP GROWING RR RULE*****
2026-04-14 12:06:05,904 - INFO - ***RR NOT FOUND***
2026-04-14 12:06:05,904 - INFO - *******STOP GROWING CR RULE*******
2026-04-14 12:06:05,905 - INFO - *******GROWING CR RULE*******
2026-04-14 12:06:06,039 - INFO - Iteracja 0: condition_best: ISI >= 9.45, quality_best: 0.274, coverage_best: (p=187, n=4, P=499, N=18)
2026-04-14 12:06:06,039 - INFO - Regula po iteracji 0: IF ISI >= 9.45 THEN class = {10.78} [-45.86, 67.42], (p=187, n=4, P=499, N=18)
2026-04-14 12:06:06,039 - INFO - *****GROWING RR RULE*****
2026-04-14 12:06:06,290 - INFO - Iteracja 0: condition_best: None, quality_best: -inf, coverage_best: (p=0, n=0, P=0, N=0), p_value: 0
2026-04-14 12:06:06,290 - INFO - Regula po iteracji 0: IF  THEN class = {12.85} [-50.75, 76.44], (p=502, n=15, P=502, N=15)
2026-04-14 12:06:06,290 - INFO - *****STOP GROWING RR RULE*****
2026-04-14 12:06:06,290 - INFO - ***RR NOT FOUND***
2026-04-14 12:06:06,341 - INFO - Iteracja 1: condition_best: ISI <= 10.90, quality_best: 0.455, coverage_best: (p=61, n=1, P=474, N=43)
2026-04-14 12:06:06,341 - INFO - Regula po iteracji 1: IF ISI >= 9.45 AND ISI <= 10.90 THEN class = {5.43} [-19.30, 30.17], (p=61, n=1, P=474, N=43)
2026-04-14 12:06:06,341 - INFO - *****GROWING RR RULE*****
2026-04-14 12:06:06,592 - INFO - Iteracja 0: condition_best: None, quality_best: -inf, coverage_best: (p=0, n=0, P=0, N=0), p_value: 0
2026-04-14 12:06:06,593 - INFO - Regula po iteracji 0: IF  THEN class = {12.85} [-50.75, 76.44], (p=502, n=15, P=502, N=15)
2026-04-14 12:06:06,593 - INFO - *****STOP GROWING RR RULE*****
2026-04-14 12:06:06,593 - INFO - ***RR NOT FOUND***
2026-04-14 12:06:06,613 - INFO - Iteracja 2: condition_best: ISI <= 10.75, quality_best: 0.45, coverage_best: (p=60, n=1, P=475, N=42)
2026-04-14 12:06:06,613 - INFO - Regula po iteracji 2: IF ISI >= 9.45 AND ISI <= 10.90 AND ISI <= 10.75 THEN class = {5.36} [-19.57, 30.28], (p=60, n=1, P=475, N=42)
2026-04-14 12:06:06,613 - INFO - *****GROWING RR RULE*****
2026-04-14 12:06:06,861 - INFO - Iteracja 0: condition_best: None, quality_best: -inf, coverage_best: (p=0, n=0, P=0, N=0), p_value: 0
2026-04-14 12:06:06,861 - INFO - Regula po iteracji 0: IF  THEN class = {12.85} [-50.75, 76.44], (p=502, n=15, P=502, N=15)
2026-04-14 12:06:06,862 - INFO - *****STOP GROWING RR RULE*****
2026-04-14 12:06:06,862 - INFO - ***RR NOT FOUND***
2026-04-14 12:06:06,880 - INFO - Iteracja 3: condition_best: Y <= 7.50, quality_best: 0.444, coverage_best: (p=59, n=1, P=476, N=41)
2026-04-14 12:06:06,880 - INFO - Regula po iteracji 3: IF ISI >= 9.45 AND ISI <= 10.90 AND ISI <= 10.75 AND Y <= 7.50 THEN class = {5.40} [-19.74, 30.53], (p=59, n=1, P=476, N=41)
2026-04-14 12:06:06,880 - INFO - *****GROWING RR RULE*****
2026-04-14 12:06:07,126 - INFO - Iteracja 0: condition_best: None, quality_best: -inf, coverage_best: (p=0, n=0, P=0, N=0), p_value: 0
2026-04-14 12:06:07,126 - INFO - Regula po iteracji 0: IF  THEN class = {12.85} [-50.75, 76.44], (p=502, n=15, P=502, N=15)
2026-04-14 12:06:07,126 - INFO - *****STOP GROWING RR RULE*****
2026-04-14 12:06:07,126 - INFO - ***RR NOT FOUND***
2026-04-14 12:06:07,144 - INFO - Iteracja 4: condition_best: X <= 8.50, quality_best: 0.441, coverage_best: (p=58, n=1, P=476, N=41)
2026-04-14 12:06:07,144 - INFO - Regula po iteracji 4: IF ISI >= 9.45 AND ISI <= 10.90 AND ISI <= 10.75 AND Y <= 7.50 AND X <= 8.50 THEN class = {5.46} [-19.88, 30.80], (p=58, n=1, P=476, N=41)
2026-04-14 12:06:07,144 - INFO - *****GROWING RR RULE*****
2026-04-14 12:06:07,389 - INFO - Iteracja 0: condition_best: None, quality_best: -inf, coverage_best: (p=0, n=0, P=0, N=0), p_value: 0
2026-04-14 12:06:07,389 - INFO - Regula po iteracji 0: IF  THEN class = {12.85} [-50.75, 76.44], (p=502, n=15, P=502, N=15)
2026-04-14 12:06:07,389 - INFO - *****STOP GROWING RR RULE*****
2026-04-14 12:06:07,389 - INFO - ***RR NOT FOUND***
2026-04-14 12:06:07,389 - INFO - *******STOP GROWING CR RULE*******
2026-04-14 12:06:07,390 - INFO - *******GROWING CR RULE*******
2026-04-14 12:06:07,523 - INFO - Iteracja 0: condition_best: DC >= 809.15, quality_best: 0.253, coverage_best: (p=17, n=1, P=461, N=56)
2026-04-14 12:06:07,523 - INFO - Regula po iteracji 0: IF DC >= 809.15 THEN class = {7.98} [-8.13, 24.08], (p=17, n=1, P=461, N=56)
2026-04-14 12:06:07,523 - INFO - *****GROWING RR RULE*****
2026-04-14 12:06:07,768 - INFO - Iteracja 0: condition_best: None, quality_best: -inf, coverage_best: (p=0, n=0, P=0, N=0), p_value: 0
2026-04-14 12:06:07,768 - INFO - Regula po iteracji 0: IF  THEN class = {12.85} [-50.75, 76.44], (p=502, n=15, P=502, N=15)
2026-04-14 12:06:07,768 - INFO - *****STOP GROWING RR RULE*****
2026-04-14 12:06:07,768 - INFO - ***RR NOT FOUND***
2026-04-14 12:06:07,776 - INFO - Iteracja 1: condition_best: Wind >= 4.70, quality_best: 0.274, coverage_best: (p=4, n=2, P=148, N=369)
2026-04-14 12:06:07,776 - INFO - Regula po iteracji 1: IF DC >= 809.15 AND Wind >= 4.70 THEN class = {3.73} [0.20, 7.27], (p=4, n=2, P=148, N=369)
2026-04-14 12:06:07,777 - INFO - *****GROWING RR RULE*****
2026-04-14 12:06:08,019 - INFO - Iteracja 0: condition_best: None, quality_best: -inf, coverage_best: (p=0, n=0, P=0, N=0), p_value: 0
2026-04-14 12:06:08,019 - INFO - Regula po iteracji 0: IF  THEN class = {12.85} [-50.75, 76.44], (p=502, n=15, P=502, N=15)
2026-04-14 12:06:08,019 - INFO - *****STOP GROWING RR RULE*****
2026-04-14 12:06:08,019 - INFO - ***RR NOT FOUND***
2026-04-14 12:06:08,023 - INFO - Iteracja 2: condition_best: Day >= 4.00, quality_best: 0.222, coverage_best: (p=3, n=2, P=151, N=366)
2026-04-14 12:06:08,023 - INFO - Regula po iteracji 2: IF DC >= 809.15 AND Wind >= 4.70 AND Day >= 4.00 THEN class = {4.13} [0.39, 7.88], (p=3, n=2, P=151, N=366)
2026-04-14 12:06:08,023 - INFO - *****GROWING RR RULE*****
2026-04-14 12:06:08,265 - INFO - Iteracja 0: condition_best: None, quality_best: -inf, coverage_best: (p=0, n=0, P=0, N=0), p_value: 0
2026-04-14 12:06:08,265 - INFO - Regula po iteracji 0: IF  THEN class = {12.85} [-50.75, 76.44], (p=502, n=15, P=502, N=15)
2026-04-14 12:06:08,265 - INFO - *****STOP GROWING RR RULE*****
2026-04-14 12:06:08,265 - INFO - ***RR NOT FOUND***
2026-04-14 12:06:08,267 - INFO - Iteracja 3: condition_best: None, quality_best: -inf, coverage_best: (p=0, n=0, P=0, N=0)
2026-04-14 12:06:08,268 - INFO - Regula po iteracji 3: IF DC >= 809.15 AND Wind >= 4.70 AND Day >= 4.00 THEN class = {4.13} [0.39, 7.88], (p=3, n=2, P=151, N=366)
2026-04-14 12:06:08,268 - INFO - *******STOP GROWING CR RULE*******
2026-04-14 12:06:08,268 - INFO - *******GROWING CR RULE*******
2026-04-14 12:06:08,401 - INFO - Iteracja 0: condition_best: Wind >= 3.35, quality_best: 0.24, coverage_best: (p=303, n=5, P=505, N=12)
2026-04-14 12:06:08,401 - INFO - Regula po iteracji 0: IF Wind >= 3.35 THEN class = {14.93} [-63.75, 93.62], (p=303, n=5, P=505, N=12)
2026-04-14 12:06:08,401 - INFO - *****GROWING RR RULE*****
2026-04-14 12:06:08,660 - INFO - Iteracja 0: condition_best: None, quality_best: -inf, coverage_best: (p=0, n=0, P=0, N=0), p_value: 0
2026-04-14 12:06:08,661 - INFO - Regula po iteracji 0: IF  THEN class = {12.85} [-50.75, 76.44], (p=502, n=15, P=502, N=15)
2026-04-14 12:06:08,661 - INFO - *****STOP GROWING RR RULE*****
2026-04-14 12:06:08,661 - INFO - ***RR NOT FOUND***
2026-04-14 12:06:08,754 - INFO - Iteracja 1: condition_best: X <= 6.50, quality_best: 0.488, coverage_best: (p=225, n=2, P=503, N=14)
2026-04-14 12:06:08,754 - INFO - Regula po iteracji 1: IF Wind >= 3.35 AND X <= 6.50 THEN class = {11.44} [-61.70, 84.58], (p=225, n=2, P=503, N=14)
2026-04-14 12:06:08,754 - INFO - *****GROWING RR RULE*****
2026-04-14 12:06:09,005 - INFO - Iteracja 0: condition_best: None, quality_best: -inf, coverage_best: (p=0, n=0, P=0, N=0), p_value: 0
2026-04-14 12:06:09,005 - INFO - Regula po iteracji 0: IF  THEN class = {12.85} [-50.75, 76.44], (p=502, n=15, P=502, N=15)
2026-04-14 12:06:09,005 - INFO - *****STOP GROWING RR RULE*****
2026-04-14 12:06:09,005 - INFO - ***RR NOT FOUND***
2026-04-14 12:06:09,078 - INFO - Iteracja 2: condition_best: RH >= 21.50, quality_best: 0.592, coverage_best: (p=215, n=1, P=503, N=14)
2026-04-14 12:06:09,078 - INFO - Regula po iteracji 2: IF Wind >= 3.35 AND X <= 6.50 AND RH >= 21.50 THEN class = {11.33} [-63.43, 86.10], (p=215, n=1, P=503, N=14)
2026-04-14 12:06:09,079 - INFO - *****GROWING RR RULE*****
2026-04-14 12:06:09,328 - INFO - Iteracja 0: condition_best: None, quality_best: -inf, coverage_best: (p=0, n=0, P=0, N=0), p_value: 0
2026-04-14 12:06:09,328 - INFO - Regula po iteracji 0: IF  THEN class = {12.85} [-50.75, 76.44], (p=502, n=15, P=502, N=15)
2026-04-14 12:06:09,328 - INFO - *****STOP GROWING RR RULE*****
2026-04-14 12:06:09,328 - INFO - ***RR NOT FOUND***
2026-04-14 12:06:09,399 - INFO - Iteracja 3: condition_best: FFMC <= 96.05, quality_best: 0.59, coverage_best: (p=214, n=1, P=503, N=14)
2026-04-14 12:06:09,399 - INFO - Regula po iteracji 3: IF Wind >= 3.35 AND X <= 6.50 AND RH >= 21.50 AND FFMC <= 96.05 THEN class = {11.39} [-63.55, 86.32], (p=214, n=1, P=503, N=14)
2026-04-14 12:06:09,399 - INFO - *****GROWING RR RULE*****
2026-04-14 12:06:09,649 - INFO - Iteracja 0: condition_best: None, quality_best: -inf, coverage_best: (p=0, n=0, P=0, N=0), p_value: 0
2026-04-14 12:06:09,649 - INFO - Regula po iteracji 0: IF  THEN class = {12.85} [-50.75, 76.44], (p=502, n=15, P=502, N=15)
2026-04-14 12:06:09,649 - INFO - *****STOP GROWING RR RULE*****
2026-04-14 12:06:09,649 - INFO - ***RR NOT FOUND***
2026-04-14 12:06:09,720 - INFO - Iteracja 4: condition_best: Temp <= 31.95, quality_best: 0.589, coverage_best: (p=213, n=1, P=503, N=14)
2026-04-14 12:06:09,720 - INFO - Regula po iteracji 4: IF Wind >= 3.35 AND X <= 6.50 AND RH >= 21.50 AND FFMC <= 96.05 AND Temp <= 31.95 THEN class = {11.31} [-63.79, 86.42], (p=213, n=1, P=503, N=14)
2026-04-14 12:06:09,721 - INFO - *****GROWING RR RULE*****
2026-04-14 12:06:09,971 - INFO - Iteracja 0: condition_best: None, quality_best: -inf, coverage_best: (p=0, n=0, P=0, N=0), p_value: 0
2026-04-14 12:06:09,971 - INFO - Regula po iteracji 0: IF  THEN class = {12.85} [-50.75, 76.44], (p=502, n=15, P=502, N=15)
2026-04-14 12:06:09,971 - INFO - *****STOP GROWING RR RULE*****
2026-04-14 12:06:09,971 - INFO - ***RR NOT FOUND***
2026-04-14 12:06:09,971 - INFO - *******STOP GROWING CR RULE*******
2026-04-14 12:06:09,972 - INFO - *******GROWING CR RULE*******
2026-04-14 12:06:10,103 - INFO - Iteracja 0: condition_best: Wind >= 3.35, quality_best: 0.24, coverage_best: (p=303, n=5, P=505, N=12)
2026-04-14 12:06:10,104 - INFO - Regula po iteracji 0: IF Wind >= 3.35 THEN class = {14.93} [-63.75, 93.62], (p=303, n=5, P=505, N=12)
2026-04-14 12:06:10,104 - INFO - *****GROWING RR RULE*****
2026-04-14 12:06:10,355 - INFO - Iteracja 0: condition_best: None, quality_best: -inf, coverage_best: (p=0, n=0, P=0, N=0), p_value: 0
2026-04-14 12:06:10,356 - INFO - Regula po iteracji 0: IF  THEN class = {12.85} [-50.75, 76.44], (p=502, n=15, P=502, N=15)
2026-04-14 12:06:10,356 - INFO - *****STOP GROWING RR RULE*****
2026-04-14 12:06:10,356 - INFO - ***RR NOT FOUND***
2026-04-14 12:06:10,446 - INFO - Iteracja 1: condition_best: Y <= 5.50, quality_best: 0.359, coverage_best: (p=258, n=4, P=502, N=15)
2026-04-14 12:06:10,446 - INFO - Regula po iteracji 1: IF Wind >= 3.35 AND Y <= 5.50 THEN class = {11.94} [-58.26, 82.15], (p=258, n=4, P=502, N=15)
2026-04-14 12:06:10,446 - INFO - *****GROWING RR RULE*****
2026-04-14 12:06:10,696 - INFO - Iteracja 0: condition_best: None, quality_best: -inf, coverage_best: (p=0, n=0, P=0, N=0), p_value: 0
2026-04-14 12:06:10,697 - INFO - Regula po iteracji 0: IF  THEN class = {12.85} [-50.75, 76.44], (p=502, n=15, P=502, N=15)
2026-04-14 12:06:10,697 - INFO - *****STOP GROWING RR RULE*****
2026-04-14 12:06:10,697 - INFO - ***RR NOT FOUND***
2026-04-14 12:06:10,778 - INFO - Iteracja 2: condition_best: FFMC >= 90.05, quality_best: 0.554, coverage_best: (p=204, n=1, P=505, N=12)
2026-04-14 12:06:10,778 - INFO - Regula po iteracji 2: IF Wind >= 3.35 AND Y <= 5.50 AND FFMC >= 90.05 THEN class = {11.90} [-64.94, 88.74], (p=204, n=1, P=505, N=12)
2026-04-14 12:06:10,778 - INFO - *****GROWING RR RULE*****
2026-04-14 12:06:11,029 - INFO - Iteracja 0: condition_best: None, quality_best: -inf, coverage_best: (p=0, n=0, P=0, N=0), p_value: 0
2026-04-14 12:06:11,029 - INFO - Regula po iteracji 0: IF  THEN class = {12.85} [-50.75, 76.44], (p=502, n=15, P=502, N=15)
2026-04-14 12:06:11,029 - INFO - *****STOP GROWING RR RULE*****
2026-04-14 12:06:11,029 - INFO - ***RR NOT FOUND***
2026-04-14 12:06:11,092 - INFO - Iteracja 3: condition_best: ISI <= 39.40, quality_best: 0.553, coverage_best: (p=203, n=1, P=505, N=12)
2026-04-14 12:06:11,092 - INFO - Regula po iteracji 3: IF Wind >= 3.35 AND Y <= 5.50 AND FFMC >= 90.05 AND ISI <= 39.40 THEN class = {11.95} [-65.07, 88.98], (p=203, n=1, P=505, N=12)
2026-04-14 12:06:11,093 - INFO - *****GROWING RR RULE*****
2026-04-14 12:06:11,345 - INFO - Iteracja 0: condition_best: None, quality_best: -inf, coverage_best: (p=0, n=0, P=0, N=0), p_value: 0
2026-04-14 12:06:11,345 - INFO - Regula po iteracji 0: IF  THEN class = {12.85} [-50.75, 76.44], (p=502, n=15, P=502, N=15)
2026-04-14 12:06:11,345 - INFO - *****STOP GROWING RR RULE*****
2026-04-14 12:06:11,345 - INFO - ***RR NOT FOUND***
2026-04-14 12:06:11,405 - INFO - Iteracja 4: condition_best: ISI <= 22.65, quality_best: 0.551, coverage_best: (p=202, n=1, P=505, N=12)
2026-04-14 12:06:11,405 - INFO - Regula po iteracji 4: IF Wind >= 3.35 AND Y <= 5.50 AND FFMC >= 90.05 AND ISI <= 39.40 AND ISI <= 22.65 THEN class = {12.01} [-65.20, 89.22], (p=202, n=1, P=505, N=12)
2026-04-14 12:06:11,405 - INFO - *****GROWING RR RULE*****
2026-04-14 12:06:11,657 - INFO - Iteracja 0: condition_best: None, quality_best: -inf, coverage_best: (p=0, n=0, P=0, N=0), p_value: 0
2026-04-14 12:06:11,657 - INFO - Regula po iteracji 0: IF  THEN class = {12.85} [-50.75, 76.44], (p=502, n=15, P=502, N=15)
2026-04-14 12:06:11,657 - INFO - *****STOP GROWING RR RULE*****
2026-04-14 12:06:11,657 - INFO - ***RR NOT FOUND***
2026-04-14 12:06:11,657 - INFO - *******STOP GROWING CR RULE*******
2026-04-14 12:06:11,657 - INFO - *******GROWING CR RULE*******
2026-04-14 12:06:11,789 - INFO - Iteracja 0: condition_best: Wind >= 3.35, quality_best: 0.24, coverage_best: (p=303, n=5, P=505, N=12)
2026-04-14 12:06:11,789 - INFO - Regula po iteracji 0: IF Wind >= 3.35 THEN class = {14.93} [-63.75, 93.62], (p=303, n=5, P=505, N=12)
2026-04-14 12:06:11,789 - INFO - *****GROWING RR RULE*****
2026-04-14 12:06:12,040 - INFO - Iteracja 0: condition_best: None, quality_best: -inf, coverage_best: (p=0, n=0, P=0, N=0), p_value: 0
2026-04-14 12:06:12,040 - INFO - Regula po iteracji 0: IF  THEN class = {12.85} [-50.75, 76.44], (p=502, n=15, P=502, N=15)
2026-04-14 12:06:12,040 - INFO - *****STOP GROWING RR RULE*****
2026-04-14 12:06:12,040 - INFO - ***RR NOT FOUND***
2026-04-14 12:06:12,130 - INFO - Iteracja 1: condition_best: ISI <= 10.50, quality_best: 0.246, coverage_best: (p=197, n=3, P=505, N=12)
2026-04-14 12:06:12,130 - INFO - Regula po iteracji 1: IF Wind >= 3.35 AND ISI <= 10.50 THEN class = {13.99} [-66.81, 94.79], (p=197, n=3, P=505, N=12)
2026-04-14 12:06:12,130 - INFO - *****GROWING RR RULE*****
2026-04-14 12:06:12,382 - INFO - Iteracja 0: condition_best: None, quality_best: -inf, coverage_best: (p=0, n=0, P=0, N=0), p_value: 0
2026-04-14 12:06:12,382 - INFO - Regula po iteracji 0: IF  THEN class = {12.85} [-50.75, 76.44], (p=502, n=15, P=502, N=15)
2026-04-14 12:06:12,382 - INFO - *****STOP GROWING RR RULE*****
2026-04-14 12:06:12,382 - INFO - ***RR NOT FOUND***
2026-04-14 12:06:12,444 - INFO - Iteracja 2: condition_best: Day >= 1.50, quality_best: 0.303, coverage_best: (p=170, n=2, P=506, N=11)
2026-04-14 12:06:12,444 - INFO - Regula po iteracji 2: IF Wind >= 3.35 AND ISI <= 10.50 AND Day >= 1.50 THEN class = {13.48} [-71.14, 98.10], (p=170, n=2, P=506, N=11)
2026-04-14 12:06:12,444 - INFO - *****GROWING RR RULE*****
2026-04-14 12:06:12,693 - INFO - Iteracja 0: condition_best: None, quality_best: -inf, coverage_best: (p=0, n=0, P=0, N=0), p_value: 0
2026-04-14 12:06:12,693 - INFO - Regula po iteracji 0: IF  THEN class = {12.85} [-50.75, 76.44], (p=502, n=15, P=502, N=15)
2026-04-14 12:06:12,693 - INFO - *****STOP GROWING RR RULE*****
2026-04-14 12:06:12,693 - INFO - ***RR NOT FOUND***
2026-04-14 12:06:12,749 - INFO - Iteracja 3: condition_best: X <= 8.50, quality_best: 0.3, coverage_best: (p=169, n=2, P=506, N=11)
2026-04-14 12:06:12,749 - INFO - Regula po iteracji 3: IF Wind >= 3.35 AND ISI <= 10.50 AND Day >= 1.50 AND X <= 8.50 THEN class = {13.54} [-71.32, 98.40], (p=169, n=2, P=506, N=11)
2026-04-14 12:06:12,749 - INFO - *****GROWING RR RULE*****
2026-04-14 12:06:13,002 - INFO - Iteracja 0: condition_best: None, quality_best: -inf, coverage_best: (p=0, n=0, P=0, N=0), p_value: 0
2026-04-14 12:06:13,002 - INFO - Regula po iteracji 0: IF  THEN class = {12.85} [-50.75, 76.44], (p=502, n=15, P=502, N=15)
2026-04-14 12:06:13,002 - INFO - *****STOP GROWING RR RULE*****
2026-04-14 12:06:13,002 - INFO - ***RR NOT FOUND***
2026-04-14 12:06:13,056 - INFO - Iteracja 4: condition_best: FFMC >= 56.95, quality_best: 0.298, coverage_best: (p=168, n=2, P=506, N=11)
2026-04-14 12:06:13,056 - INFO - Regula po iteracji 4: IF Wind >= 3.35 AND ISI <= 10.50 AND Day >= 1.50 AND X <= 8.50 AND FFMC >= 56.95 THEN class = {13.62} [-71.48, 98.73], (p=168, n=2, P=506, N=11)
2026-04-14 12:06:13,056 - INFO - *****GROWING RR RULE*****
2026-04-14 12:06:13,308 - INFO - Iteracja 0: condition_best: None, quality_best: -inf, coverage_best: (p=0, n=0, P=0, N=0), p_value: 0
2026-04-14 12:06:13,308 - INFO - Regula po iteracji 0: IF  THEN class = {12.85} [-50.75, 76.44], (p=502, n=15, P=502, N=15)
2026-04-14 12:06:13,308 - INFO - *****STOP GROWING RR RULE*****
2026-04-14 12:06:13,308 - INFO - ***RR NOT FOUND***
2026-04-14 12:06:13,308 - INFO - *******STOP GROWING CR RULE*******
2026-04-14 12:06:13,309 - INFO - *******GROWING CR RULE*******
2026-04-14 12:06:13,438 - INFO - Iteracja 0: condition_best: DMC <= 179.20, quality_best: 0.214, coverage_best: (p=435, n=12, P=499, N=18)
2026-04-14 12:06:13,438 - INFO - Regula po iteracji 0: IF DMC <= 179.20 THEN class = {11.14} [-46.26, 68.55], (p=435, n=12, P=499, N=18)
2026-04-14 12:06:13,438 - INFO - *****GROWING RR RULE*****
2026-04-14 12:06:13,689 - INFO - Iteracja 0: condition_best: None, quality_best: -inf, coverage_best: (p=0, n=0, P=0, N=0), p_value: 0
2026-04-14 12:06:13,689 - INFO - Regula po iteracji 0: IF  THEN class = {12.85} [-50.75, 76.44], (p=502, n=15, P=502, N=15)
2026-04-14 12:06:13,689 - INFO - *****STOP GROWING RR RULE*****
2026-04-14 12:06:13,689 - INFO - ***RR NOT FOUND***
2026-04-14 12:06:13,805 - INFO - Iteracja 1: condition_best: X <= 8.50, quality_best: 0.316, coverage_best: (p=426, n=10, P=499, N=18)
2026-04-14 12:06:13,805 - INFO - Regula po iteracji 1: IF DMC <= 179.20 AND X <= 8.50 THEN class = {10.97} [-46.89, 68.83], (p=426, n=10, P=499, N=18)
2026-04-14 12:06:13,805 - INFO - *****GROWING RR RULE*****
2026-04-14 12:06:14,056 - INFO - Iteracja 0: condition_best: None, quality_best: -inf, coverage_best: (p=0, n=0, P=0, N=0), p_value: 0
2026-04-14 12:06:14,056 - INFO - Regula po iteracji 0: IF  THEN class = {12.85} [-50.75, 76.44], (p=502, n=15, P=502, N=15)
2026-04-14 12:06:14,056 - INFO - *****STOP GROWING RR RULE*****
2026-04-14 12:06:14,056 - INFO - ***RR NOT FOUND***
2026-04-14 12:06:14,169 - INFO - Iteracja 2: condition_best: Y >= 2.50, quality_best: 0.373, coverage_best: (p=388, n=8, P=499, N=18)
2026-04-14 12:06:14,169 - INFO - Regula po iteracji 2: IF DMC <= 179.20 AND X <= 8.50 AND Y >= 2.50 THEN class = {10.80} [-48.20, 69.79], (p=388, n=8, P=499, N=18)
2026-04-14 12:06:14,169 - INFO - *****GROWING RR RULE*****
2026-04-14 12:06:14,422 - INFO - Iteracja 0: condition_best: None, quality_best: -inf, coverage_best: (p=0, n=0, P=0, N=0), p_value: 0
2026-04-14 12:06:14,422 - INFO - Regula po iteracji 0: IF  THEN class = {12.85} [-50.75, 76.44], (p=502, n=15, P=502, N=15)
2026-04-14 12:06:14,422 - INFO - *****STOP GROWING RR RULE*****
2026-04-14 12:06:14,422 - INFO - ***RR NOT FOUND***
2026-04-14 12:06:14,530 - INFO - Iteracja 3: condition_best: RH >= 21.50, quality_best: 0.389, coverage_best: (p=376, n=7, P=500, N=17)
2026-04-14 12:06:14,530 - INFO - Regula po iteracji 3: IF DMC <= 179.20 AND X <= 8.50 AND Y >= 2.50 AND RH >= 21.50 THEN class = {10.66} [-49.17, 70.49], (p=376, n=7, P=500, N=17)
2026-04-14 12:06:14,531 - INFO - *****GROWING RR RULE*****
2026-04-14 12:06:14,783 - INFO - Iteracja 0: condition_best: None, quality_best: -inf, coverage_best: (p=0, n=0, P=0, N=0), p_value: 0
2026-04-14 12:06:14,783 - INFO - Regula po iteracji 0: IF  THEN class = {12.85} [-50.75, 76.44], (p=502, n=15, P=502, N=15)
2026-04-14 12:06:14,783 - INFO - *****STOP GROWING RR RULE*****
2026-04-14 12:06:14,783 - INFO - ***RR NOT FOUND***
2026-04-14 12:06:14,888 - INFO - Iteracja 4: condition_best: X <= 6.50, quality_best: 0.415, coverage_best: (p=288, n=4, P=502, N=15)
2026-04-14 12:06:14,888 - INFO - Regula po iteracji 4: IF DMC <= 179.20 AND X <= 8.50 AND Y >= 2.50 AND RH >= 21.50 AND X <= 6.50 THEN class = {10.34} [-55.05, 75.72], (p=288, n=4, P=502, N=15)
2026-04-14 12:06:14,889 - INFO - *****GROWING RR RULE*****
2026-04-14 12:06:15,141 - INFO - Iteracja 0: condition_best: None, quality_best: -inf, coverage_best: (p=0, n=0, P=0, N=0), p_value: 0
2026-04-14 12:06:15,141 - INFO - Regula po iteracji 0: IF  THEN class = {12.85} [-50.75, 76.44], (p=502, n=15, P=502, N=15)
2026-04-14 12:06:15,141 - INFO - *****STOP GROWING RR RULE*****
2026-04-14 12:06:15,141 - INFO - ***RR NOT FOUND***
2026-04-14 12:06:15,141 - INFO - *******STOP GROWING CR RULE*******
2026-04-14 12:06:15,141 - INFO - *******GROWING CR RULE*******
2026-04-14 12:06:15,271 - INFO - Iteracja 0: condition_best: DMC >= 290.65, quality_best: 1.0, coverage_best: (p=1, n=0, P=1, N=516)
2026-04-14 12:06:15,271 - INFO - Regula po iteracji 0: IF DMC >= 290.65 THEN class = {3.95} [3.95, 3.95], (p=1, n=0, P=1, N=516)
2026-04-14 12:06:15,271 - INFO - *****GROWING RR RULE*****
2026-04-14 12:06:15,512 - INFO - Iteracja 0: condition_best: None, quality_best: -inf, coverage_best: (p=0, n=0, P=0, N=0), p_value: 0
2026-04-14 12:06:15,512 - INFO - Regula po iteracji 0: IF  THEN class = {12.85} [-50.75, 76.44], (p=502, n=15, P=502, N=15)
2026-04-14 12:06:15,512 - INFO - *****STOP GROWING RR RULE*****
2026-04-14 12:06:15,512 - INFO - ***RR NOT FOUND***
2026-04-14 12:06:15,512 - INFO - Iteracja 1: condition_best: None, quality_best: -inf, coverage_best: (p=0, n=0, P=0, N=0)
2026-04-14 12:06:15,512 - INFO - Regula po iteracji 1: IF DMC >= 290.65 THEN class = {3.95} [3.95, 3.95], (p=1, n=0, P=1, N=516)
2026-04-14 12:06:15,512 - INFO - *******STOP GROWING CR RULE*******
2026-04-14 12:06:15,519 - INFO - ************************Finished experiment for forestFires.arff with algorithm************************
2026-04-14 12:06:15,519 - INFO - *************************************************************************************************************************
2026-04-14 12:06:15,519 - INFO - *************************************************************************************************************************
2026-04-14 12:06:15,519 - INFO - *************************************************************************************************************************
