2026-04-14 12:03:05,283 - INFO - **********Starting experiment for concrete.arff with algorithm_rulekit**********
2026-04-14 12:03:05,352 - INFO - ************************Finished experiment for concrete.arff with algorithm_rulekit************************
2026-04-14 12:03:05,352 - INFO - *************************************************************************************************************************
2026-04-14 12:03:05,352 - INFO - *************************************************************************************************************************
2026-04-14 12:03:05,352 - INFO - *************************************************************************************************************************
2026-04-14 12:03:05,353 - INFO - **********Starting experiment for concrete.arff with algorithm_rer**********
2026-04-14 12:03:05,357 - INFO - *******GROWING CR RULE*******
2026-04-14 12:03:05,414 - INFO - Iteracja 0: condition_best: Water <= 181.00, quality_best: 0.48, coverage_best: (p=16, n=4, P=32, N=40)
2026-04-14 12:03:05,414 - INFO - Regula po iteracji 0: IF Water <= 181.00 THEN class = {41.08} [34.82, 47.35], (p=16, n=4, P=32, N=40)
2026-04-14 12:03:05,428 - INFO - Iteracja 1: condition_best: Slag >= 134.50, quality_best: 0.697, coverage_best: (p=6, n=1, P=9, N=63)
2026-04-14 12:03:05,428 - INFO - Regula po iteracji 1: IF Water <= 181.00 AND Slag >= 134.50 THEN class = {41.18} [40.17, 42.19], (p=6, n=1, P=9, N=63)
2026-04-14 12:03:05,432 - INFO - Iteracja 2: condition_best: SP <= 18.50, quality_best: 0.66, coverage_best: (p=5, n=1, P=8, N=64)
2026-04-14 12:03:05,432 - INFO - Regula po iteracji 2: IF Water <= 181.00 AND Slag >= 134.50 AND SP <= 18.50 THEN class = {41.03} [40.01, 42.04], (p=5, n=1, P=8, N=64)
2026-04-14 12:03:05,435 - INFO - Iteracja 3: condition_best: Slag <= 160.20, quality_best: 0.557, coverage_best: (p=4, n=1, P=9, N=63)
2026-04-14 12:03:05,435 - INFO - Regula po iteracji 3: IF Water <= 181.00 AND Slag >= 134.50 AND SP <= 18.50 AND Slag <= 160.20 THEN class = {40.93} [39.84, 42.01], (p=4, n=1, P=9, N=63)
2026-04-14 12:03:05,438 - INFO - Iteracja 4: condition_best: None, quality_best: -inf, coverage_best: (p=0, n=0, P=0, N=0)
2026-04-14 12:03:05,438 - INFO - Regula po iteracji 4: IF Water <= 181.00 AND Slag >= 134.50 AND SP <= 18.50 AND Slag <= 160.20 THEN class = {40.93} [39.84, 42.01], (p=4, n=1, P=9, N=63)
2026-04-14 12:03:05,438 - INFO - *******STOP GROWING CR RULE*******
2026-04-14 12:03:05,439 - INFO - *******GROWING CR RULE*******
2026-04-14 12:03:05,480 - INFO - Iteracja 0: condition_best: Water <= 181.00, quality_best: 0.48, coverage_best: (p=16, n=4, P=32, N=40)
2026-04-14 12:03:05,480 - INFO - Regula po iteracji 0: IF Water <= 181.00 THEN class = {41.08} [34.82, 47.35], (p=16, n=4, P=32, N=40)
2026-04-14 12:03:05,492 - INFO - Iteracja 1: condition_best: Cement <= 262.00, quality_best: 0.607, coverage_best: (p=14, n=2, P=27, N=45)
2026-04-14 12:03:05,492 - INFO - Regula po iteracji 1: IF Water <= 181.00 AND Cement <= 262.00 THEN class = {39.16} [34.99, 43.32], (p=14, n=2, P=27, N=45)
2026-04-14 12:03:05,502 - INFO - Iteracja 2: condition_best: Fly ash <= 239.80, quality_best: 0.628, coverage_best: (p=11, n=1, P=25, N=47)
2026-04-14 12:03:05,502 - INFO - Regula po iteracji 2: IF Water <= 181.00 AND Cement <= 262.00 AND Fly ash <= 239.80 THEN class = {39.02} [35.84, 42.20], (p=11, n=1, P=25, N=47)
2026-04-14 12:03:05,509 - INFO - Iteracja 3: condition_best: SP <= 18.50, quality_best: 0.612, coverage_best: (p=10, n=1, P=24, N=48)
2026-04-14 12:03:05,509 - INFO - Regula po iteracji 3: IF Water <= 181.00 AND Cement <= 262.00 AND Fly ash <= 239.80 AND SP <= 18.50 THEN class = {38.74} [35.56, 41.92], (p=10, n=1, P=24, N=48)
2026-04-14 12:03:05,516 - INFO - Iteracja 4: condition_best: SP <= 17.00, quality_best: 0.584, coverage_best: (p=9, n=1, P=24, N=48)
2026-04-14 12:03:05,516 - INFO - Regula po iteracji 4: IF Water <= 181.00 AND Cement <= 262.00 AND Fly ash <= 239.80 AND SP <= 18.50 AND SP <= 17.00 THEN class = {38.73} [35.40, 42.06], (p=9, n=1, P=24, N=48)
2026-04-14 12:03:05,516 - INFO - *******STOP GROWING CR RULE*******
2026-04-14 12:03:05,517 - INFO - *******GROWING CR RULE*******
2026-04-14 12:03:05,557 - INFO - Iteracja 0: condition_best: Water <= 181.00, quality_best: 0.48, coverage_best: (p=16, n=4, P=32, N=40)
2026-04-14 12:03:05,557 - INFO - Regula po iteracji 0: IF Water <= 181.00 THEN class = {41.08} [34.82, 47.35], (p=16, n=4, P=32, N=40)
2026-04-14 12:03:05,569 - INFO - Iteracja 1: condition_best: Cement <= 262.00, quality_best: 0.607, coverage_best: (p=14, n=2, P=27, N=45)
2026-04-14 12:03:05,569 - INFO - Regula po iteracji 1: IF Water <= 181.00 AND Cement <= 262.00 THEN class = {39.16} [34.99, 43.32], (p=14, n=2, P=27, N=45)
2026-04-14 12:03:05,578 - INFO - Iteracja 2: condition_best: Slag <= 160.20, quality_best: 0.583, coverage_best: (p=13, n=2, P=27, N=45)
2026-04-14 12:03:05,578 - INFO - Regula po iteracji 2: IF Water <= 181.00 AND Cement <= 262.00 AND Slag <= 160.20 THEN class = {39.00} [34.74, 43.25], (p=13, n=2, P=27, N=45)
2026-04-14 12:03:05,587 - INFO - Iteracja 3: condition_best: Slag <= 155.85, quality_best: 0.557, coverage_best: (p=12, n=2, P=27, N=45)
2026-04-14 12:03:05,587 - INFO - Regula po iteracji 3: IF Water <= 181.00 AND Cement <= 262.00 AND Slag <= 160.20 AND Slag <= 155.85 THEN class = {38.80} [34.46, 43.13], (p=12, n=2, P=27, N=45)
2026-04-14 12:03:05,596 - INFO - Iteracja 4: condition_best: Fly ash >= 172.50, quality_best: 0.53, coverage_best: (p=11, n=2, P=27, N=45)
2026-04-14 12:03:05,596 - INFO - Regula po iteracji 4: IF Water <= 181.00 AND Cement <= 262.00 AND Slag <= 160.20 AND Slag <= 155.85 AND Fly ash >= 172.50 THEN class = {38.96} [34.49, 43.42], (p=11, n=2, P=27, N=45)
2026-04-14 12:03:05,596 - INFO - *******STOP GROWING CR RULE*******
2026-04-14 12:03:05,597 - INFO - *******GROWING CR RULE*******
2026-04-14 12:03:05,637 - INFO - Iteracja 0: condition_best: Fly ash <= 105.50, quality_best: 0.443, coverage_best: (p=14, n=4, P=31, N=41)
2026-04-14 12:03:05,637 - INFO - Regula po iteracji 0: IF Fly ash <= 105.50 THEN class = {29.15} [23.80, 34.51], (p=14, n=4, P=31, N=41)
2026-04-14 12:03:05,649 - INFO - Iteracja 1: condition_best: Cement >= 162.00, quality_best: 0.619, coverage_best: (p=14, n=2, P=26, N=46)
2026-04-14 12:03:05,649 - INFO - Regula po iteracji 1: IF Fly ash <= 105.50 AND Cement >= 162.00 THEN class = {30.53} [26.62, 34.43], (p=14, n=2, P=26, N=46)
2026-04-14 12:03:05,658 - INFO - Iteracja 2: condition_best: Coarse Aggr. >= 763.00, quality_best: 0.593, coverage_best: (p=13, n=2, P=26, N=46)
2026-04-14 12:03:05,658 - INFO - Regula po iteracji 2: IF Fly ash <= 105.50 AND Cement >= 162.00 AND Coarse Aggr. >= 763.00 THEN class = {30.43} [26.42, 34.45], (p=13, n=2, P=26, N=46)
2026-04-14 12:03:05,667 - INFO - Iteracja 3: condition_best: Coarse Aggr. >= 826.50, quality_best: 0.57, coverage_best: (p=10, n=1, P=29, N=43)
2026-04-14 12:03:05,667 - INFO - Regula po iteracji 3: IF Fly ash <= 105.50 AND Cement >= 162.00 AND Coarse Aggr. >= 763.00 AND Coarse Aggr. >= 826.50 THEN class = {30.01} [25.80, 34.22], (p=10, n=1, P=29, N=43)
2026-04-14 12:03:05,673 - INFO - Iteracja 4: condition_best: FLOW(cm) <= 66.25, quality_best: 0.545, coverage_best: (p=9, n=1, P=29, N=43)
2026-04-14 12:03:05,674 - INFO - Regula po iteracji 4: IF Fly ash <= 105.50 AND Cement >= 162.00 AND Coarse Aggr. >= 763.00 AND Coarse Aggr. >= 826.50 AND FLOW(cm) <= 66.25 THEN class = {29.96} [25.55, 34.38], (p=9, n=1, P=29, N=43)
2026-04-14 12:03:05,674 - INFO - *******STOP GROWING CR RULE*******
2026-04-14 12:03:05,674 - INFO - *******GROWING CR RULE*******
2026-04-14 12:03:05,714 - INFO - Iteracja 0: condition_best: Fly ash <= 105.50, quality_best: 0.443, coverage_best: (p=14, n=4, P=31, N=41)
2026-04-14 12:03:05,715 - INFO - Regula po iteracji 0: IF Fly ash <= 105.50 THEN class = {29.15} [23.80, 34.51], (p=14, n=4, P=31, N=41)
2026-04-14 12:03:05,724 - INFO - Iteracja 1: condition_best: Cement >= 162.00, quality_best: 0.619, coverage_best: (p=14, n=2, P=26, N=46)
2026-04-14 12:03:05,724 - INFO - Regula po iteracji 1: IF Fly ash <= 105.50 AND Cement >= 162.00 THEN class = {30.53} [26.62, 34.43], (p=14, n=2, P=26, N=46)
2026-04-14 12:03:05,733 - INFO - Iteracja 2: condition_best: Coarse Aggr. >= 763.00, quality_best: 0.593, coverage_best: (p=13, n=2, P=26, N=46)
2026-04-14 12:03:05,733 - INFO - Regula po iteracji 2: IF Fly ash <= 105.50 AND Cement >= 162.00 AND Coarse Aggr. >= 763.00 THEN class = {30.43} [26.42, 34.45], (p=13, n=2, P=26, N=46)
2026-04-14 12:03:05,741 - INFO - Iteracja 3: condition_best: Cement <= 365.00, quality_best: 0.538, coverage_best: (p=12, n=2, P=29, N=43)
2026-04-14 12:03:05,741 - INFO - Regula po iteracji 3: IF Fly ash <= 105.50 AND Cement >= 162.00 AND Coarse Aggr. >= 763.00 AND Cement <= 365.00 THEN class = {30.29} [26.17, 34.41], (p=12, n=2, P=29, N=43)
2026-04-14 12:03:05,749 - INFO - Iteracja 4: condition_best: Fly ash <= 98.50, quality_best: 0.521, coverage_best: (p=11, n=2, P=28, N=44)
2026-04-14 12:03:05,749 - INFO - Regula po iteracji 4: IF Fly ash <= 105.50 AND Cement >= 162.00 AND Coarse Aggr. >= 763.00 AND Cement <= 365.00 AND Fly ash <= 98.50 THEN class = {29.99} [25.87, 34.11], (p=11, n=2, P=28, N=44)
2026-04-14 12:03:05,749 - INFO - *******STOP GROWING CR RULE*******
2026-04-14 12:03:05,750 - INFO - *******GROWING CR RULE*******
2026-04-14 12:03:05,790 - INFO - Iteracja 0: condition_best: Water <= 188.50, quality_best: 0.44, coverage_best: (p=20, n=5, P=38, N=34)
2026-04-14 12:03:05,790 - INFO - Regula po iteracji 0: IF Water <= 188.50 THEN class = {40.32} [32.84, 47.80], (p=20, n=5, P=38, N=34)
2026-04-14 12:03:05,805 - INFO - Iteracja 1: condition_best: SP >= 6.75, quality_best: 0.572, coverage_best: (p=17, n=2, P=37, N=35)
2026-04-14 12:03:05,805 - INFO - Regula po iteracji 1: IF Water <= 188.50 AND SP >= 6.75 THEN class = {39.66} [33.21, 46.11], (p=17, n=2, P=37, N=35)
2026-04-14 12:03:05,816 - INFO - Iteracja 2: condition_best: Fly ash <= 239.70, quality_best: 0.595, coverage_best: (p=14, n=1, P=37, N=35)
2026-04-14 12:03:05,817 - INFO - Regula po iteracji 2: IF Water <= 188.50 AND SP >= 6.75 AND Fly ash <= 239.70 THEN class = {39.68} [33.19, 46.18], (p=14, n=1, P=37, N=35)
2026-04-14 12:03:05,826 - INFO - Iteracja 3: condition_best: Cement >= 141.00, quality_best: 0.59, coverage_best: (p=13, n=1, P=35, N=37)
2026-04-14 12:03:05,826 - INFO - Regula po iteracji 3: IF Water <= 188.50 AND SP >= 6.75 AND Fly ash <= 239.70 AND Cement >= 141.00 THEN class = {40.13} [33.64, 46.63], (p=13, n=1, P=35, N=37)
2026-04-14 12:03:05,834 - INFO - Iteracja 4: condition_best: Cement >= 229.65, quality_best: 0.581, coverage_best: (p=4, n=1, P=8, N=64)
2026-04-14 12:03:05,834 - INFO - Regula po iteracji 4: IF Water <= 188.50 AND SP >= 6.75 AND Fly ash <= 239.70 AND Cement >= 141.00 AND Cement >= 229.65 THEN class = {43.73} [41.67, 45.80], (p=4, n=1, P=8, N=64)
2026-04-14 12:03:05,834 - INFO - *******STOP GROWING CR RULE*******
2026-04-14 12:03:05,835 - INFO - *******GROWING CR RULE*******
2026-04-14 12:03:05,874 - INFO - Iteracja 0: condition_best: Fly ash <= 115.50, quality_best: 0.416, coverage_best: (p=15, n=5, P=31, N=41)
2026-04-14 12:03:05,874 - INFO - Regula po iteracji 0: IF Fly ash <= 115.50 THEN class = {29.37} [23.90, 34.84], (p=15, n=5, P=31, N=41)
2026-04-14 12:03:05,886 - INFO - Iteracja 1: condition_best: FLOW(cm) >= 35.00, quality_best: 0.536, coverage_best: (p=15, n=3, P=30, N=42)
2026-04-14 12:03:05,886 - INFO - Regula po iteracji 1: IF Fly ash <= 115.50 AND FLOW(cm) >= 35.00 THEN class = {29.59} [24.74, 34.45], (p=15, n=3, P=30, N=42)
2026-04-14 12:03:05,896 - INFO - Iteracja 2: condition_best: Cement <= 364.00, quality_best: 0.511, coverage_best: (p=14, n=3, P=30, N=42)
2026-04-14 12:03:05,896 - INFO - Regula po iteracji 2: IF Fly ash <= 115.50 AND FLOW(cm) >= 35.00 AND Cement <= 364.00 THEN class = {29.43} [24.48, 34.37], (p=14, n=3, P=30, N=42)
2026-04-14 12:03:05,905 - INFO - Iteracja 3: condition_best: Water >= 190.50, quality_best: 0.486, coverage_best: (p=13, n=3, P=30, N=42)
2026-04-14 12:03:05,905 - INFO - Regula po iteracji 3: IF Fly ash <= 115.50 AND FLOW(cm) >= 35.00 AND Cement <= 364.00 AND Water >= 190.50 THEN class = {29.30} [24.23, 34.36], (p=13, n=3, P=30, N=42)
2026-04-14 12:03:05,915 - INFO - Iteracja 4: condition_best: FLOW(cm) <= 68.00, quality_best: 0.46, coverage_best: (p=12, n=3, P=30, N=42)
2026-04-14 12:03:05,915 - INFO - Regula po iteracji 4: IF Fly ash <= 115.50 AND FLOW(cm) >= 35.00 AND Cement <= 364.00 AND Water >= 190.50 AND FLOW(cm) <= 68.00 THEN class = {29.22} [24.00, 34.44], (p=12, n=3, P=30, N=42)
2026-04-14 12:03:05,915 - INFO - *******STOP GROWING CR RULE*******
2026-04-14 12:03:05,915 - INFO - *******GROWING CR RULE*******
2026-04-14 12:03:05,955 - INFO - Iteracja 0: condition_best: SP <= 6.35, quality_best: 0.381, coverage_best: (p=20, n=2, P=57, N=15)
2026-04-14 12:03:05,955 - INFO - Regula po iteracji 0: IF SP <= 6.35 THEN class = {34.33} [26.07, 42.59], (p=20, n=2, P=57, N=15)
2026-04-14 12:03:05,971 - INFO - Iteracja 1: condition_best: SLUMP(cm) >= 22.50, quality_best: 0.447, coverage_best: (p=9, n=2, P=30, N=42)
2026-04-14 12:03:05,971 - INFO - Regula po iteracji 1: IF SP <= 6.35 AND SLUMP(cm) >= 22.50 THEN class = {30.62} [26.26, 34.97], (p=9, n=2, P=30, N=42)
2026-04-14 12:03:05,978 - INFO - Iteracja 2: condition_best: FLOW(cm) <= 69.50, quality_best: 0.582, coverage_best: (p=8, n=1, P=21, N=51)
2026-04-14 12:03:05,978 - INFO - Regula po iteracji 2: IF SP <= 6.35 AND SLUMP(cm) >= 22.50 AND FLOW(cm) <= 69.50 THEN class = {29.21} [25.90, 32.53], (p=8, n=1, P=21, N=51)
2026-04-14 12:03:05,984 - INFO - Iteracja 3: condition_best: Cement <= 147.50, quality_best: 0.581, coverage_best: (p=4, n=1, P=8, N=64)
2026-04-14 12:03:05,984 - INFO - Regula po iteracji 3: IF SP <= 6.35 AND SLUMP(cm) >= 22.50 AND FLOW(cm) <= 69.50 AND Cement <= 147.50 THEN class = {27.46} [26.31, 28.62], (p=4, n=1, P=8, N=64)
2026-04-14 12:03:05,988 - INFO - Iteracja 4: condition_best: None, quality_best: -inf, coverage_best: (p=0, n=0, P=0, N=0)
2026-04-14 12:03:05,988 - INFO - Regula po iteracji 4: IF SP <= 6.35 AND SLUMP(cm) >= 22.50 AND FLOW(cm) <= 69.50 AND Cement <= 147.50 THEN class = {27.46} [26.31, 28.62], (p=4, n=1, P=8, N=64)
2026-04-14 12:03:05,988 - INFO - *******STOP GROWING CR RULE*******
2026-04-14 12:03:05,988 - INFO - *******GROWING CR RULE*******
2026-04-14 12:03:06,028 - INFO - Iteracja 0: condition_best: SP <= 6.35, quality_best: 0.381, coverage_best: (p=20, n=2, P=57, N=15)
2026-04-14 12:03:06,028 - INFO - Regula po iteracji 0: IF SP <= 6.35 THEN class = {34.33} [26.07, 42.59], (p=20, n=2, P=57, N=15)
2026-04-14 12:03:06,041 - INFO - Iteracja 1: condition_best: SLUMP(cm) >= 16.12, quality_best: 0.436, coverage_best: (p=15, n=2, P=47, N=25)
2026-04-14 12:03:06,041 - INFO - Regula po iteracji 1: IF SP <= 6.35 AND SLUMP(cm) >= 16.12 THEN class = {32.82} [26.03, 39.61], (p=15, n=2, P=47, N=25)
2026-04-14 12:03:06,052 - INFO - Iteracja 2: condition_best: Water <= 213.00, quality_best: 0.424, coverage_best: (p=11, n=1, P=52, N=20)
2026-04-14 12:03:06,052 - INFO - Regula po iteracji 2: IF SP <= 6.35 AND SLUMP(cm) >= 16.12 AND Water <= 213.00 THEN class = {33.48} [25.72, 41.24], (p=11, n=1, P=52, N=20)
2026-04-14 12:03:06,060 - INFO - Iteracja 3: condition_best: Cement >= 140.05, quality_best: 0.377, coverage_best: (p=10, n=1, P=54, N=18)
2026-04-14 12:03:06,060 - INFO - Regula po iteracji 3: IF SP <= 6.35 AND SLUMP(cm) >= 16.12 AND Water <= 213.00 AND Cement >= 140.05 THEN class = {33.72} [25.66, 41.78], (p=10, n=1, P=54, N=18)
2026-04-14 12:03:06,067 - INFO - Iteracja 4: condition_best: Coarse Aggr. >= 842.00, quality_best: 0.335, coverage_best: (p=9, n=1, P=55, N=17)
2026-04-14 12:03:06,067 - INFO - Regula po iteracji 4: IF SP <= 6.35 AND SLUMP(cm) >= 16.12 AND Water <= 213.00 AND Cement >= 140.05 AND Coarse Aggr. >= 842.00 THEN class = {33.35} [24.98, 41.72], (p=9, n=1, P=55, N=17)
2026-04-14 12:03:06,067 - INFO - *******STOP GROWING CR RULE*******
2026-04-14 12:03:06,068 - INFO - *******GROWING CR RULE*******
2026-04-14 12:03:06,107 - INFO - Iteracja 0: condition_best: SP <= 6.35, quality_best: 0.381, coverage_best: (p=20, n=2, P=57, N=15)
2026-04-14 12:03:06,107 - INFO - Regula po iteracji 0: IF SP <= 6.35 THEN class = {34.33} [26.07, 42.59], (p=20, n=2, P=57, N=15)
2026-04-14 12:03:06,120 - INFO - Iteracja 1: condition_best: Cement <= 345.00, quality_best: 0.362, coverage_best: (p=19, n=2, P=57, N=15)
2026-04-14 12:03:06,120 - INFO - Regula po iteracji 1: IF SP <= 6.35 AND Cement <= 345.00 THEN class = {34.35} [25.90, 42.81], (p=19, n=2, P=57, N=15)
2026-04-14 12:03:06,133 - INFO - Iteracja 2: condition_best: Water >= 171.70, quality_best: 0.365, coverage_best: (p=16, n=3, P=47, N=25)
2026-04-14 12:03:06,133 - INFO - Regula po iteracji 2: IF SP <= 6.35 AND Cement <= 345.00 AND Water >= 171.70 THEN class = {32.98} [26.18, 39.77], (p=16, n=3, P=47, N=25)
2026-04-14 12:03:06,145 - INFO - Iteracja 3: condition_best: Cement <= 331.00, quality_best: 0.328, coverage_best: (p=15, n=3, P=48, N=24)
2026-04-14 12:03:06,145 - INFO - Regula po iteracji 3: IF SP <= 6.35 AND Cement <= 345.00 AND Water >= 171.70 AND Cement <= 331.00 THEN class = {33.04} [26.06, 40.01], (p=15, n=3, P=48, N=24)
2026-04-14 12:03:06,156 - INFO - Iteracja 4: condition_best: SP >= 4.55, quality_best: 0.304, coverage_best: (p=14, n=3, P=48, N=24)
2026-04-14 12:03:06,156 - INFO - Regula po iteracji 4: IF SP <= 6.35 AND Cement <= 345.00 AND Water >= 171.70 AND Cement <= 331.00 AND SP >= 4.55 THEN class = {33.17} [26.01, 40.32], (p=14, n=3, P=48, N=24)
2026-04-14 12:03:06,156 - INFO - *******STOP GROWING CR RULE*******
2026-04-14 12:03:06,157 - INFO - *******GROWING CR RULE*******
2026-04-14 12:03:06,196 - INFO - Iteracja 0: condition_best: Fly ash >= 238.40, quality_best: 0.36, coverage_best: (p=13, n=4, P=36, N=36)
2026-04-14 12:03:06,196 - INFO - Regula po iteracji 0: IF Fly ash >= 238.40 THEN class = {38.70} [32.85, 44.54], (p=13, n=4, P=36, N=36)
2026-04-14 12:03:06,208 - INFO - Iteracja 1: condition_best: Cement >= 146.80, quality_best: 0.45, coverage_best: (p=12, n=3, P=31, N=41)
2026-04-14 12:03:06,208 - INFO - Regula po iteracji 1: IF Fly ash >= 238.40 AND Cement >= 146.80 THEN class = {39.63} [34.29, 44.97], (p=12, n=3, P=31, N=41)
2026-04-14 12:03:06,217 - INFO - Iteracja 2: condition_best: SLUMP(cm) >= 18.50, quality_best: 0.453, coverage_best: (p=6, n=1, P=30, N=42)
2026-04-14 12:03:06,217 - INFO - Regula po iteracji 2: IF Fly ash >= 238.40 AND Cement >= 146.80 AND SLUMP(cm) >= 18.50 THEN class = {39.69} [34.80, 44.58], (p=6, n=1, P=30, N=42)
2026-04-14 12:03:06,222 - INFO - Iteracja 3: condition_best: Cement >= 158.50, quality_best: 0.26, coverage_best: (p=4, n=2, P=28, N=44)
2026-04-14 12:03:06,222 - INFO - Regula po iteracji 3: IF Fly ash >= 238.40 AND Cement >= 146.80 AND SLUMP(cm) >= 18.50 AND Cement >= 158.50 THEN class = {40.47} [35.61, 45.33], (p=4, n=2, P=28, N=44)
2026-04-14 12:03:06,226 - INFO - Iteracja 4: condition_best: Cement >= 159.60, quality_best: 0.225, coverage_best: (p=3, n=2, P=24, N=48)
2026-04-14 12:03:06,226 - INFO - Regula po iteracji 4: IF Fly ash >= 238.40 AND Cement >= 146.80 AND SLUMP(cm) >= 18.50 AND Cement >= 158.50 AND Cement >= 159.60 THEN class = {41.49} [36.78, 46.19], (p=3, n=2, P=24, N=48)
2026-04-14 12:03:06,226 - INFO - *******STOP GROWING CR RULE*******
2026-04-14 12:03:06,226 - INFO - *******GROWING CR RULE*******
2026-04-14 12:03:06,266 - INFO - Iteracja 0: condition_best: Water >= 191.50, quality_best: 0.322, coverage_best: (p=34, n=10, P=46, N=26)
2026-04-14 12:03:06,266 - INFO - Regula po iteracji 0: IF Water >= 191.50 THEN class = {32.94} [26.34, 39.54], (p=34, n=10, P=46, N=26)
2026-04-14 12:03:06,291 - INFO - Iteracja 1: condition_best: SLUMP(cm) <= 25.25, quality_best: 0.482, coverage_best: (p=27, n=7, P=38, N=34)
2026-04-14 12:03:06,291 - INFO - Regula po iteracji 1: IF Water >= 191.50 AND SLUMP(cm) <= 25.25 THEN class = {31.28} [25.47, 37.08], (p=27, n=7, P=38, N=34)
2026-04-14 12:03:06,312 - INFO - Iteracja 2: condition_best: FLOW(cm) >= 26.50, quality_best: 0.541, coverage_best: (p=27, n=6, P=37, N=35)
2026-04-14 12:03:06,312 - INFO - Regula po iteracji 2: IF Water >= 191.50 AND SLUMP(cm) <= 25.25 AND FLOW(cm) >= 26.50 THEN class = {30.97} [25.35, 36.59], (p=27, n=6, P=37, N=35)
2026-04-14 12:03:06,331 - INFO - Iteracja 3: condition_best: Slag <= 185.50, quality_best: 0.587, coverage_best: (p=27, n=5, P=37, N=35)
2026-04-14 12:03:06,331 - INFO - Regula po iteracji 3: IF Water >= 191.50 AND SLUMP(cm) <= 25.25 AND FLOW(cm) >= 26.50 AND Slag <= 185.50 THEN class = {31.34} [26.04, 36.64], (p=27, n=5, P=37, N=35)
2026-04-14 12:03:06,350 - INFO - Iteracja 4: condition_best: Water <= 238.50, quality_best: 0.583, coverage_best: (p=26, n=5, P=36, N=36)
2026-04-14 12:03:06,350 - INFO - Regula po iteracji 4: IF Water >= 191.50 AND SLUMP(cm) <= 25.25 AND FLOW(cm) >= 26.50 AND Slag <= 185.50 AND Water <= 238.50 THEN class = {31.17} [25.87, 36.47], (p=26, n=5, P=36, N=36)
2026-04-14 12:03:06,350 - INFO - *******STOP GROWING CR RULE*******
2026-04-14 12:03:06,351 - INFO - *******GROWING CR RULE*******
2026-04-14 12:03:06,389 - INFO - Iteracja 0: condition_best: Cement <= 138.50, quality_best: 1.0, coverage_best: (p=1, n=0, P=1, N=71)
2026-04-14 12:03:06,389 - INFO - Regula po iteracji 0: IF Cement <= 138.50 THEN class = {34.45} [34.45, 34.45], (p=1, n=0, P=1, N=71)
2026-04-14 12:03:06,390 - INFO - Iteracja 1: condition_best: None, quality_best: -inf, coverage_best: (p=0, n=0, P=0, N=0)
2026-04-14 12:03:06,390 - INFO - Regula po iteracji 1: IF Cement <= 138.50 THEN class = {34.45} [34.45, 34.45], (p=1, n=0, P=1, N=71)
2026-04-14 12:03:06,390 - INFO - *******STOP GROWING CR RULE*******
2026-04-14 12:03:06,397 - INFO - ************************Finished experiment for concrete.arff with algorithm_rer************************
2026-04-14 12:03:06,397 - INFO - *************************************************************************************************************************
2026-04-14 12:03:06,397 - INFO - *************************************************************************************************************************
2026-04-14 12:03:06,397 - INFO - *************************************************************************************************************************
2026-04-14 12:03:06,397 - INFO - **********Starting experiment for concrete.arff with algorithm_rer_with_exceptions**********
2026-04-14 12:03:06,400 - INFO - *******GROWING CR RULE*******
2026-04-14 12:03:06,455 - INFO - Iteracja 0: condition_best: Water <= 181.00, quality_best: 0.48, coverage_best: (p=16, n=4, P=32, N=40)
2026-04-14 12:03:06,455 - INFO - Regula po iteracji 0: IF Water <= 181.00 THEN class = {41.08} [34.82, 47.35], (p=16, n=4, P=32, N=40)
2026-04-14 12:03:06,455 - INFO - *****GROWING RR RULE*****
2026-04-14 12:03:06,534 - INFO - Iteracja 0: condition_best: Cement >= 178.55, quality_best: 0.068, coverage_best: (p=25, n=13, P=45, N=27), p_value: 6
2026-04-14 12:03:06,535 - INFO - Regula po iteracji 0: IF Cement >= 178.55 THEN class = {35.75} [27.84, 43.65], (p=25, n=13, P=45, N=27)
2026-04-14 12:03:06,579 - INFO - Iteracja 1: condition_best: None, quality_best: -inf, coverage_best: (p=0, n=0, P=0, N=0), p_value: 6
2026-04-14 12:03:06,580 - INFO - Regula po iteracji 1: IF Cement >= 178.55 THEN class = {38.69} [30.96, 46.43], (p=25, n=13, P=45, N=27)
2026-04-14 12:03:06,580 - INFO - *****STOP GROWING RR RULE*****
2026-04-14 12:03:06,580 - INFO - ***RR FOUND***
2026-04-14 12:03:06,580 - INFO - Reference rule: IF Cement >= 178.55 THEN class = {38.69} [30.96, 46.43]
2026-04-14 12:03:06,580 - INFO - ***CHECKING EXCEPTION***
2026-04-14 12:03:06,581 - INFO - *******STOP GROWING CR RULE*******
2026-04-14 12:03:06,581 - INFO - *******GROWING CR RULE*******
2026-04-14 12:03:06,622 - INFO - Iteracja 0: condition_best: Fly ash <= 105.50, quality_best: 0.443, coverage_best: (p=14, n=4, P=31, N=41)
2026-04-14 12:03:06,622 - INFO - Regula po iteracji 0: IF Fly ash <= 105.50 THEN class = {29.15} [23.80, 34.51], (p=14, n=4, P=31, N=41)
2026-04-14 12:03:06,622 - INFO - *****GROWING RR RULE*****
2026-04-14 12:03:06,725 - INFO - Iteracja 0: condition_best: Cement <= 165.15, quality_best: 0.276, coverage_best: (p=23, n=8, P=43, N=29), p_value: 3
2026-04-14 12:03:06,725 - INFO - Regula po iteracji 0: IF Cement <= 165.15 THEN class = {35.75} [27.84, 43.65], (p=23, n=8, P=43, N=29)
2026-04-14 12:03:06,764 - INFO - Iteracja 1: condition_best: None, quality_best: -inf, coverage_best: (p=0, n=0, P=0, N=0), p_value: 3
2026-04-14 12:03:06,764 - INFO - Regula po iteracji 1: IF Cement <= 165.15 THEN class = {31.85} [25.26, 38.44], (p=23, n=8, P=43, N=29)
2026-04-14 12:03:06,764 - INFO - *****STOP GROWING RR RULE*****
2026-04-14 12:03:06,764 - INFO - ***RR FOUND***
2026-04-14 12:03:06,764 - INFO - Reference rule: IF Cement <= 165.15 THEN class = {31.85} [25.26, 38.44]
2026-04-14 12:03:06,764 - INFO - ***CHECKING EXCEPTION***
2026-04-14 12:03:06,765 - INFO - *******STOP GROWING CR RULE*******
2026-04-14 12:03:06,766 - INFO - *******GROWING CR RULE*******
2026-04-14 12:03:06,805 - INFO - Iteracja 0: condition_best: SP <= 6.35, quality_best: 0.381, coverage_best: (p=20, n=2, P=57, N=15)
2026-04-14 12:03:06,805 - INFO - Regula po iteracji 0: IF SP <= 6.35 THEN class = {34.33} [26.07, 42.59], (p=20, n=2, P=57, N=15)
2026-04-14 12:03:06,805 - INFO - *****GROWING RR RULE*****
2026-04-14 12:03:06,894 - INFO - Iteracja 0: condition_best: None, quality_best: -inf, coverage_best: (p=0, n=0, P=0, N=0), p_value: 0
2026-04-14 12:03:06,894 - INFO - Regula po iteracji 0: IF  THEN class = {35.75} [27.84, 43.65], (p=53, n=19, P=53, N=19)
2026-04-14 12:03:06,895 - INFO - *****STOP GROWING RR RULE*****
2026-04-14 12:03:06,895 - INFO - ***RR NOT FOUND***
2026-04-14 12:03:06,910 - INFO - Iteracja 1: condition_best: SLUMP(cm) >= 22.50, quality_best: 0.447, coverage_best: (p=9, n=2, P=30, N=42)
2026-04-14 12:03:06,910 - INFO - Regula po iteracji 1: IF SP <= 6.35 AND SLUMP(cm) >= 22.50 THEN class = {30.62} [26.26, 34.97], (p=9, n=2, P=30, N=42)
2026-04-14 12:03:06,910 - INFO - *****GROWING RR RULE*****
2026-04-14 12:03:06,986 - INFO - Iteracja 0: condition_best: None, quality_best: -inf, coverage_best: (p=0, n=0, P=0, N=0), p_value: 0
2026-04-14 12:03:06,987 - INFO - Regula po iteracji 0: IF  THEN class = {35.75} [27.84, 43.65], (p=53, n=19, P=53, N=19)
2026-04-14 12:03:06,987 - INFO - *****STOP GROWING RR RULE*****
2026-04-14 12:03:06,987 - INFO - ***RR NOT FOUND***
2026-04-14 12:03:06,994 - INFO - Iteracja 2: condition_best: FLOW(cm) <= 69.50, quality_best: 0.582, coverage_best: (p=8, n=1, P=21, N=51)
2026-04-14 12:03:06,994 - INFO - Regula po iteracji 2: IF SP <= 6.35 AND SLUMP(cm) >= 22.50 AND FLOW(cm) <= 69.50 THEN class = {29.21} [25.90, 32.53], (p=8, n=1, P=21, N=51)
2026-04-14 12:03:06,994 - INFO - *****GROWING RR RULE*****
2026-04-14 12:03:07,071 - INFO - Iteracja 0: condition_best: None, quality_best: -inf, coverage_best: (p=0, n=0, P=0, N=0), p_value: 0
2026-04-14 12:03:07,071 - INFO - Regula po iteracji 0: IF  THEN class = {35.75} [27.84, 43.65], (p=53, n=19, P=53, N=19)
2026-04-14 12:03:07,071 - INFO - *****STOP GROWING RR RULE*****
2026-04-14 12:03:07,071 - INFO - ***RR NOT FOUND***
2026-04-14 12:03:07,077 - INFO - Iteracja 3: condition_best: Cement <= 147.50, quality_best: 0.581, coverage_best: (p=4, n=1, P=8, N=64)
2026-04-14 12:03:07,077 - INFO - Regula po iteracji 3: IF SP <= 6.35 AND SLUMP(cm) >= 22.50 AND FLOW(cm) <= 69.50 AND Cement <= 147.50 THEN class = {27.46} [26.31, 28.62], (p=4, n=1, P=8, N=64)
2026-04-14 12:03:07,077 - INFO - *****GROWING RR RULE*****
2026-04-14 12:03:07,154 - INFO - Iteracja 0: condition_best: None, quality_best: -inf, coverage_best: (p=0, n=0, P=0, N=0), p_value: 0
2026-04-14 12:03:07,154 - INFO - Regula po iteracji 0: IF  THEN class = {35.75} [27.84, 43.65], (p=53, n=19, P=53, N=19)
2026-04-14 12:03:07,154 - INFO - *****STOP GROWING RR RULE*****
2026-04-14 12:03:07,154 - INFO - ***RR NOT FOUND***
2026-04-14 12:03:07,157 - INFO - Iteracja 4: condition_best: None, quality_best: -inf, coverage_best: (p=0, n=0, P=0, N=0)
2026-04-14 12:03:07,157 - INFO - Regula po iteracji 4: IF SP <= 6.35 AND SLUMP(cm) >= 22.50 AND FLOW(cm) <= 69.50 AND Cement <= 147.50 THEN class = {27.46} [26.31, 28.62], (p=4, n=1, P=8, N=64)
2026-04-14 12:03:07,157 - INFO - *******STOP GROWING CR RULE*******
2026-04-14 12:03:07,158 - INFO - *******GROWING CR RULE*******
2026-04-14 12:03:07,198 - INFO - Iteracja 0: condition_best: SP <= 6.35, quality_best: 0.381, coverage_best: (p=20, n=2, P=57, N=15)
2026-04-14 12:03:07,198 - INFO - Regula po iteracji 0: IF SP <= 6.35 THEN class = {34.33} [26.07, 42.59], (p=20, n=2, P=57, N=15)
2026-04-14 12:03:07,198 - INFO - *****GROWING RR RULE*****
2026-04-14 12:03:07,287 - INFO - Iteracja 0: condition_best: None, quality_best: -inf, coverage_best: (p=0, n=0, P=0, N=0), p_value: 0
2026-04-14 12:03:07,287 - INFO - Regula po iteracji 0: IF  THEN class = {35.75} [27.84, 43.65], (p=53, n=19, P=53, N=19)
2026-04-14 12:03:07,287 - INFO - *****STOP GROWING RR RULE*****
2026-04-14 12:03:07,287 - INFO - ***RR NOT FOUND***
2026-04-14 12:03:07,301 - INFO - Iteracja 1: condition_best: SLUMP(cm) >= 16.12, quality_best: 0.436, coverage_best: (p=15, n=2, P=47, N=25)
2026-04-14 12:03:07,301 - INFO - Regula po iteracji 1: IF SP <= 6.35 AND SLUMP(cm) >= 16.12 THEN class = {32.82} [26.03, 39.61], (p=15, n=2, P=47, N=25)
2026-04-14 12:03:07,301 - INFO - *****GROWING RR RULE*****
2026-04-14 12:03:07,377 - INFO - Iteracja 0: condition_best: None, quality_best: -inf, coverage_best: (p=0, n=0, P=0, N=0), p_value: 0
2026-04-14 12:03:07,377 - INFO - Regula po iteracji 0: IF  THEN class = {35.75} [27.84, 43.65], (p=53, n=19, P=53, N=19)
2026-04-14 12:03:07,377 - INFO - *****STOP GROWING RR RULE*****
2026-04-14 12:03:07,378 - INFO - ***RR NOT FOUND***
2026-04-14 12:03:07,388 - INFO - Iteracja 2: condition_best: Water <= 213.00, quality_best: 0.424, coverage_best: (p=11, n=1, P=52, N=20)
2026-04-14 12:03:07,388 - INFO - Regula po iteracji 2: IF SP <= 6.35 AND SLUMP(cm) >= 16.12 AND Water <= 213.00 THEN class = {33.48} [25.72, 41.24], (p=11, n=1, P=52, N=20)
2026-04-14 12:03:07,388 - INFO - *****GROWING RR RULE*****
2026-04-14 12:03:07,465 - INFO - Iteracja 0: condition_best: None, quality_best: -inf, coverage_best: (p=0, n=0, P=0, N=0), p_value: 0
2026-04-14 12:03:07,465 - INFO - Regula po iteracji 0: IF  THEN class = {35.75} [27.84, 43.65], (p=53, n=19, P=53, N=19)
2026-04-14 12:03:07,465 - INFO - *****STOP GROWING RR RULE*****
2026-04-14 12:03:07,465 - INFO - ***RR NOT FOUND***
2026-04-14 12:03:07,473 - INFO - Iteracja 3: condition_best: Cement >= 140.05, quality_best: 0.377, coverage_best: (p=10, n=1, P=54, N=18)
2026-04-14 12:03:07,473 - INFO - Regula po iteracji 3: IF SP <= 6.35 AND SLUMP(cm) >= 16.12 AND Water <= 213.00 AND Cement >= 140.05 THEN class = {33.72} [25.66, 41.78], (p=10, n=1, P=54, N=18)
2026-04-14 12:03:07,473 - INFO - *****GROWING RR RULE*****
2026-04-14 12:03:07,560 - INFO - Iteracja 0: condition_best: None, quality_best: -inf, coverage_best: (p=0, n=0, P=0, N=0), p_value: 0
2026-04-14 12:03:07,560 - INFO - Regula po iteracji 0: IF  THEN class = {35.75} [27.84, 43.65], (p=53, n=19, P=53, N=19)
2026-04-14 12:03:07,560 - INFO - *****STOP GROWING RR RULE*****
2026-04-14 12:03:07,560 - INFO - ***RR NOT FOUND***
2026-04-14 12:03:07,567 - INFO - Iteracja 4: condition_best: Cement <= 320.00, quality_best: 0.33, coverage_best: (p=8, n=2, P=40, N=32)
2026-04-14 12:03:07,567 - INFO - Regula po iteracji 4: IF SP <= 6.35 AND SLUMP(cm) >= 16.12 AND Water <= 213.00 AND Cement >= 140.05 AND Cement <= 320.00 THEN class = {31.82} [26.16, 37.49], (p=8, n=2, P=40, N=32)
2026-04-14 12:03:07,568 - INFO - *****GROWING RR RULE*****
2026-04-14 12:03:07,644 - INFO - Iteracja 0: condition_best: None, quality_best: -inf, coverage_best: (p=0, n=0, P=0, N=0), p_value: 0
2026-04-14 12:03:07,644 - INFO - Regula po iteracji 0: IF  THEN class = {35.75} [27.84, 43.65], (p=53, n=19, P=53, N=19)
2026-04-14 12:03:07,644 - INFO - *****STOP GROWING RR RULE*****
2026-04-14 12:03:07,644 - INFO - ***RR NOT FOUND***
2026-04-14 12:03:07,644 - INFO - *******STOP GROWING CR RULE*******
2026-04-14 12:03:07,645 - INFO - *******GROWING CR RULE*******
2026-04-14 12:03:07,684 - INFO - Iteracja 0: condition_best: SP <= 6.35, quality_best: 0.381, coverage_best: (p=20, n=2, P=57, N=15)
2026-04-14 12:03:07,684 - INFO - Regula po iteracji 0: IF SP <= 6.35 THEN class = {34.33} [26.07, 42.59], (p=20, n=2, P=57, N=15)
2026-04-14 12:03:07,685 - INFO - *****GROWING RR RULE*****
2026-04-14 12:03:07,774 - INFO - Iteracja 0: condition_best: None, quality_best: -inf, coverage_best: (p=0, n=0, P=0, N=0), p_value: 0
2026-04-14 12:03:07,774 - INFO - Regula po iteracji 0: IF  THEN class = {35.75} [27.84, 43.65], (p=53, n=19, P=53, N=19)
2026-04-14 12:03:07,774 - INFO - *****STOP GROWING RR RULE*****
2026-04-14 12:03:07,774 - INFO - ***RR NOT FOUND***
2026-04-14 12:03:07,787 - INFO - Iteracja 1: condition_best: Cement <= 345.00, quality_best: 0.362, coverage_best: (p=19, n=2, P=57, N=15)
2026-04-14 12:03:07,787 - INFO - Regula po iteracji 1: IF SP <= 6.35 AND Cement <= 345.00 THEN class = {34.35} [25.90, 42.81], (p=19, n=2, P=57, N=15)
2026-04-14 12:03:07,788 - INFO - *****GROWING RR RULE*****
2026-04-14 12:03:07,878 - INFO - Iteracja 0: condition_best: None, quality_best: -inf, coverage_best: (p=0, n=0, P=0, N=0), p_value: 0
2026-04-14 12:03:07,878 - INFO - Regula po iteracji 0: IF  THEN class = {35.75} [27.84, 43.65], (p=53, n=19, P=53, N=19)
2026-04-14 12:03:07,878 - INFO - *****STOP GROWING RR RULE*****
2026-04-14 12:03:07,878 - INFO - ***RR NOT FOUND***
2026-04-14 12:03:07,891 - INFO - Iteracja 2: condition_best: Water >= 171.70, quality_best: 0.365, coverage_best: (p=16, n=3, P=47, N=25)
2026-04-14 12:03:07,891 - INFO - Regula po iteracji 2: IF SP <= 6.35 AND Cement <= 345.00 AND Water >= 171.70 THEN class = {32.98} [26.18, 39.77], (p=16, n=3, P=47, N=25)
2026-04-14 12:03:07,891 - INFO - *****GROWING RR RULE*****
2026-04-14 12:03:07,967 - INFO - Iteracja 0: condition_best: None, quality_best: -inf, coverage_best: (p=0, n=0, P=0, N=0), p_value: 0
2026-04-14 12:03:07,967 - INFO - Regula po iteracji 0: IF  THEN class = {35.75} [27.84, 43.65], (p=53, n=19, P=53, N=19)
2026-04-14 12:03:07,967 - INFO - *****STOP GROWING RR RULE*****
2026-04-14 12:03:07,968 - INFO - ***RR NOT FOUND***
2026-04-14 12:03:07,979 - INFO - Iteracja 3: condition_best: Cement <= 331.00, quality_best: 0.328, coverage_best: (p=15, n=3, P=48, N=24)
2026-04-14 12:03:07,979 - INFO - Regula po iteracji 3: IF SP <= 6.35 AND Cement <= 345.00 AND Water >= 171.70 AND Cement <= 331.00 THEN class = {33.04} [26.06, 40.01], (p=15, n=3, P=48, N=24)
2026-04-14 12:03:07,979 - INFO - *****GROWING RR RULE*****
2026-04-14 12:03:08,055 - INFO - Iteracja 0: condition_best: None, quality_best: -inf, coverage_best: (p=0, n=0, P=0, N=0), p_value: 0
2026-04-14 12:03:08,056 - INFO - Regula po iteracji 0: IF  THEN class = {35.75} [27.84, 43.65], (p=53, n=19, P=53, N=19)
2026-04-14 12:03:08,056 - INFO - *****STOP GROWING RR RULE*****
2026-04-14 12:03:08,056 - INFO - ***RR NOT FOUND***
2026-04-14 12:03:08,067 - INFO - Iteracja 4: condition_best: SP >= 4.55, quality_best: 0.304, coverage_best: (p=14, n=3, P=48, N=24)
2026-04-14 12:03:08,067 - INFO - Regula po iteracji 4: IF SP <= 6.35 AND Cement <= 345.00 AND Water >= 171.70 AND Cement <= 331.00 AND SP >= 4.55 THEN class = {33.17} [26.01, 40.32], (p=14, n=3, P=48, N=24)
2026-04-14 12:03:08,067 - INFO - *****GROWING RR RULE*****
2026-04-14 12:03:08,158 - INFO - Iteracja 0: condition_best: None, quality_best: -inf, coverage_best: (p=0, n=0, P=0, N=0), p_value: 0
2026-04-14 12:03:08,158 - INFO - Regula po iteracji 0: IF  THEN class = {35.75} [27.84, 43.65], (p=53, n=19, P=53, N=19)
2026-04-14 12:03:08,158 - INFO - *****STOP GROWING RR RULE*****
2026-04-14 12:03:08,158 - INFO - ***RR NOT FOUND***
2026-04-14 12:03:08,158 - INFO - *******STOP GROWING CR RULE*******
2026-04-14 12:03:08,159 - INFO - *******GROWING CR RULE*******
2026-04-14 12:03:08,198 - INFO - Iteracja 0: condition_best: Fly ash >= 238.40, quality_best: 0.36, coverage_best: (p=13, n=4, P=36, N=36)
2026-04-14 12:03:08,198 - INFO - Regula po iteracji 0: IF Fly ash >= 238.40 THEN class = {38.70} [32.85, 44.54], (p=13, n=4, P=36, N=36)
2026-04-14 12:03:08,198 - INFO - *****GROWING RR RULE*****
2026-04-14 12:03:08,276 - INFO - Iteracja 0: condition_best: Cement >= 231.80, quality_best: -0.021, coverage_best: (p=22, n=13, P=46, N=26), p_value: 3
2026-04-14 12:03:08,277 - INFO - Regula po iteracji 0: IF Cement >= 231.80 THEN class = {35.75} [27.84, 43.65], (p=22, n=13, P=46, N=26)
2026-04-14 12:03:08,316 - INFO - Iteracja 1: condition_best: None, quality_best: -inf, coverage_best: (p=0, n=0, P=0, N=0), p_value: 3
2026-04-14 12:03:08,316 - INFO - Regula po iteracji 1: IF Cement >= 231.80 THEN class = {38.62} [30.58, 46.67], (p=22, n=13, P=46, N=26)
2026-04-14 12:03:08,316 - INFO - *****STOP GROWING RR RULE*****
2026-04-14 12:03:08,316 - INFO - ***RR FOUND***
2026-04-14 12:03:08,316 - INFO - Reference rule: IF Cement >= 231.80 THEN class = {38.62} [30.58, 46.67]
2026-04-14 12:03:08,316 - INFO - ***CHECKING EXCEPTION***
2026-04-14 12:03:08,317 - INFO - *******STOP GROWING CR RULE*******
2026-04-14 12:03:08,318 - INFO - *******GROWING CR RULE*******
2026-04-14 12:03:08,357 - INFO - Iteracja 0: condition_best: Water >= 191.50, quality_best: 0.322, coverage_best: (p=34, n=10, P=46, N=26)
2026-04-14 12:03:08,357 - INFO - Regula po iteracji 0: IF Water >= 191.50 THEN class = {32.94} [26.34, 39.54], (p=34, n=10, P=46, N=26)
2026-04-14 12:03:08,357 - INFO - *****GROWING RR RULE*****
2026-04-14 12:03:08,437 - INFO - Iteracja 0: condition_best: None, quality_best: -inf, coverage_best: (p=0, n=0, P=0, N=0), p_value: 0
2026-04-14 12:03:08,437 - INFO - Regula po iteracji 0: IF  THEN class = {35.75} [27.84, 43.65], (p=53, n=19, P=53, N=19)
2026-04-14 12:03:08,437 - INFO - *****STOP GROWING RR RULE*****
2026-04-14 12:03:08,437 - INFO - ***RR NOT FOUND***
2026-04-14 12:03:08,464 - INFO - Iteracja 1: condition_best: SLUMP(cm) <= 25.25, quality_best: 0.482, coverage_best: (p=27, n=7, P=38, N=34)
2026-04-14 12:03:08,464 - INFO - Regula po iteracji 1: IF Water >= 191.50 AND SLUMP(cm) <= 25.25 THEN class = {31.28} [25.47, 37.08], (p=27, n=7, P=38, N=34)
2026-04-14 12:03:08,464 - INFO - *****GROWING RR RULE*****
2026-04-14 12:03:08,549 - INFO - Iteracja 0: condition_best: None, quality_best: -inf, coverage_best: (p=0, n=0, P=0, N=0), p_value: 0
2026-04-14 12:03:08,549 - INFO - Regula po iteracji 0: IF  THEN class = {35.75} [27.84, 43.65], (p=53, n=19, P=53, N=19)
2026-04-14 12:03:08,549 - INFO - *****STOP GROWING RR RULE*****
2026-04-14 12:03:08,549 - INFO - ***RR NOT FOUND***
2026-04-14 12:03:08,570 - INFO - Iteracja 2: condition_best: Coarse Aggr. >= 769.00, quality_best: 0.554, coverage_best: (p=26, n=5, P=38, N=34)
2026-04-14 12:03:08,570 - INFO - Regula po iteracji 2: IF Water >= 191.50 AND SLUMP(cm) <= 25.25 AND Coarse Aggr. >= 769.00 THEN class = {30.90} [25.20, 36.60], (p=26, n=5, P=38, N=34)
2026-04-14 12:03:08,571 - INFO - *****GROWING RR RULE*****
2026-04-14 12:03:08,655 - INFO - Iteracja 0: condition_best: None, quality_best: -inf, coverage_best: (p=0, n=0, P=0, N=0), p_value: 0
2026-04-14 12:03:08,655 - INFO - Regula po iteracji 0: IF  THEN class = {35.75} [27.84, 43.65], (p=53, n=19, P=53, N=19)
2026-04-14 12:03:08,656 - INFO - *****STOP GROWING RR RULE*****
2026-04-14 12:03:08,656 - INFO - ***RR NOT FOUND***
2026-04-14 12:03:08,674 - INFO - Iteracja 3: condition_best: Cement <= 355.00, quality_best: 0.565, coverage_best: (p=25, n=5, P=36, N=36)
2026-04-14 12:03:08,674 - INFO - Regula po iteracji 3: IF Water >= 191.50 AND SLUMP(cm) <= 25.25 AND Coarse Aggr. >= 769.00 AND Cement <= 355.00 THEN class = {30.71} [25.01, 36.41], (p=25, n=5, P=36, N=36)
2026-04-14 12:03:08,674 - INFO - *****GROWING RR RULE*****
2026-04-14 12:03:08,761 - INFO - Iteracja 0: condition_best: None, quality_best: -inf, coverage_best: (p=0, n=0, P=0, N=0), p_value: 0
2026-04-14 12:03:08,761 - INFO - Regula po iteracji 0: IF  THEN class = {35.75} [27.84, 43.65], (p=53, n=19, P=53, N=19)
2026-04-14 12:03:08,761 - INFO - *****STOP GROWING RR RULE*****
2026-04-14 12:03:08,761 - INFO - ***RR NOT FOUND***
2026-04-14 12:03:08,779 - INFO - Iteracja 4: condition_best: FLOW(cm) <= 72.00, quality_best: 0.583, coverage_best: (p=23, n=5, P=32, N=40)
2026-04-14 12:03:08,779 - INFO - Regula po iteracji 4: IF Water >= 191.50 AND SLUMP(cm) <= 25.25 AND Coarse Aggr. >= 769.00 AND Cement <= 355.00 AND FLOW(cm) <= 72.00 THEN class = {30.02} [24.87, 35.17], (p=23, n=5, P=32, N=40)
2026-04-14 12:03:08,780 - INFO - *****GROWING RR RULE*****
2026-04-14 12:03:08,865 - INFO - Iteracja 0: condition_best: None, quality_best: -inf, coverage_best: (p=0, n=0, P=0, N=0), p_value: 0
2026-04-14 12:03:08,865 - INFO - Regula po iteracji 0: IF  THEN class = {35.75} [27.84, 43.65], (p=53, n=19, P=53, N=19)
2026-04-14 12:03:08,866 - INFO - *****STOP GROWING RR RULE*****
2026-04-14 12:03:08,866 - INFO - ***RR NOT FOUND***
2026-04-14 12:03:08,866 - INFO - *******STOP GROWING CR RULE*******
2026-04-14 12:03:08,866 - INFO - *******GROWING CR RULE*******
2026-04-14 12:03:08,905 - INFO - Iteracja 0: condition_best: Water <= 192.50, quality_best: 0.32, coverage_best: (p=23, n=6, P=46, N=26)
2026-04-14 12:03:08,905 - INFO - Regula po iteracji 0: IF Water <= 192.50 THEN class = {39.37} [30.66, 48.08], (p=23, n=6, P=46, N=26)
2026-04-14 12:03:08,905 - INFO - *****GROWING RR RULE*****
2026-04-14 12:03:09,007 - INFO - Iteracja 0: condition_best: None, quality_best: -inf, coverage_best: (p=0, n=0, P=0, N=0), p_value: 0
2026-04-14 12:03:09,008 - INFO - Regula po iteracji 0: IF  THEN class = {35.75} [27.84, 43.65], (p=53, n=19, P=53, N=19)
2026-04-14 12:03:09,008 - INFO - *****STOP GROWING RR RULE*****
2026-04-14 12:03:09,008 - INFO - ***RR NOT FOUND***
2026-04-14 12:03:09,027 - INFO - Iteracja 1: condition_best: Fine Aggr. <= 791.00, quality_best: 0.409, coverage_best: (p=22, n=4, P=47, N=25)
2026-04-14 12:03:09,027 - INFO - Regula po iteracji 1: IF Water <= 192.50 AND Fine Aggr. <= 791.00 THEN class = {38.10} [30.23, 45.98], (p=22, n=4, P=47, N=25)
2026-04-14 12:03:09,027 - INFO - *****GROWING RR RULE*****
2026-04-14 12:03:09,117 - INFO - Iteracja 0: condition_best: FLOW(cm) >= 56.00, quality_best: -0.215, coverage_best: (p=18, n=14, P=48, N=24), p_value: 4
2026-04-14 12:03:09,117 - INFO - Regula po iteracji 0: IF FLOW(cm) >= 56.00 THEN class = {35.75} [27.84, 43.65], (p=18, n=14, P=48, N=24)
2026-04-14 12:03:09,154 - INFO - Iteracja 1: condition_best: None, quality_best: -inf, coverage_best: (p=0, n=0, P=0, N=0), p_value: 4
2026-04-14 12:03:09,154 - INFO - Regula po iteracji 1: IF FLOW(cm) >= 56.00 THEN class = {35.99} [28.58, 43.40], (p=18, n=14, P=48, N=24)
2026-04-14 12:03:09,154 - INFO - *****STOP GROWING RR RULE*****
2026-04-14 12:03:09,154 - INFO - ***RR FOUND***
2026-04-14 12:03:09,154 - INFO - Reference rule: IF FLOW(cm) >= 56.00 THEN class = {35.99} [28.58, 43.40]
2026-04-14 12:03:09,154 - INFO - ***CHECKING EXCEPTION***
2026-04-14 12:03:09,155 - INFO - *******STOP GROWING CR RULE*******
2026-04-14 12:03:09,156 - INFO - *******GROWING CR RULE*******
2026-04-14 12:03:09,195 - INFO - Iteracja 0: condition_best: Cement <= 138.50, quality_best: 1.0, coverage_best: (p=1, n=0, P=1, N=71)
2026-04-14 12:03:09,195 - INFO - Regula po iteracji 0: IF Cement <= 138.50 THEN class = {34.45} [34.45, 34.45], (p=1, n=0, P=1, N=71)
2026-04-14 12:03:09,195 - INFO - *****GROWING RR RULE*****
2026-04-14 12:03:09,272 - INFO - Iteracja 0: condition_best: None, quality_best: -inf, coverage_best: (p=0, n=0, P=0, N=0), p_value: 0
2026-04-14 12:03:09,273 - INFO - Regula po iteracji 0: IF  THEN class = {35.75} [27.84, 43.65], (p=53, n=19, P=53, N=19)
2026-04-14 12:03:09,273 - INFO - *****STOP GROWING RR RULE*****
2026-04-14 12:03:09,273 - INFO - ***RR NOT FOUND***
2026-04-14 12:03:09,273 - INFO - Iteracja 1: condition_best: None, quality_best: -inf, coverage_best: (p=0, n=0, P=0, N=0)
2026-04-14 12:03:09,273 - INFO - Regula po iteracji 1: IF Cement <= 138.50 THEN class = {34.45} [34.45, 34.45], (p=1, n=0, P=1, N=71)
2026-04-14 12:03:09,273 - INFO - *******STOP GROWING CR RULE*******
2026-04-14 12:03:10,051 - INFO - ************************Finished experiment for concrete.arff with algorithm_rer_with_exceptions************************
2026-04-14 12:03:10,051 - INFO - *************************************************************************************************************************
2026-04-14 12:03:10,051 - INFO - *************************************************************************************************************************
2026-04-14 12:03:10,051 - INFO - *************************************************************************************************************************
2026-04-14 12:03:10,052 - INFO - **********Starting experiment for concrete.arff with decision_tree**********
2026-04-14 12:03:10,070 - INFO - ************************Finished experiment for concrete.arff with decision_tree************************
2026-04-14 12:03:10,070 - INFO - *************************************************************************************************************************
2026-04-14 12:03:10,070 - INFO - *************************************************************************************************************************
2026-04-14 12:03:10,070 - INFO - *************************************************************************************************************************
