2026-04-14 12:22:08,311 - INFO - **********Starting experiment for mbagrade.arff with algorithm_rulekit**********
2026-04-14 12:22:08,335 - INFO - ************************Finished experiment for mbagrade.arff with algorithm_rulekit************************
2026-04-14 12:22:08,336 - INFO - *************************************************************************************************************************
2026-04-14 12:22:08,336 - INFO - *************************************************************************************************************************
2026-04-14 12:22:08,336 - INFO - *************************************************************************************************************************
2026-04-14 12:22:08,336 - INFO - **********Starting experiment for mbagrade.arff with algorithm_rer**********
2026-04-14 12:22:08,340 - INFO - *******GROWING CR RULE*******
2026-04-14 12:22:08,343 - INFO - Iteracja 0: condition_best: GMAT >= 605.00, quality_best: 0.494, coverage_best: (p=10, n=1, P=28, N=14)
2026-04-14 12:22:08,343 - INFO - Regula po iteracji 0: IF GMAT >= 605.00 THEN class = {3.54} [3.20, 3.89], (p=10, n=1, P=28, N=14)
2026-04-14 12:22:08,344 - INFO - Iteracja 1: condition_best: sex = {0}, quality_best: 0.463, coverage_best: (p=8, n=1, P=26, N=16)
2026-04-14 12:22:08,344 - INFO - Regula po iteracji 1: IF GMAT >= 605.00 AND sex = {0} THEN class = {3.60} [3.24, 3.96], (p=8, n=1, P=26, N=16)
2026-04-14 12:22:08,345 - INFO - Iteracja 2: condition_best: GMAT >= 665.00, quality_best: 0.348, coverage_best: (p=3, n=2, P=8, N=34)
2026-04-14 12:22:08,345 - INFO - Regula po iteracji 2: IF GMAT >= 605.00 AND sex = {0} AND GMAT >= 665.00 THEN class = {3.69} [3.55, 3.83], (p=3, n=2, P=8, N=34)
2026-04-14 12:22:08,346 - INFO - Iteracja 3: condition_best: None, quality_best: -inf, coverage_best: (p=0, n=0, P=0, N=0)
2026-04-14 12:22:08,346 - INFO - Regula po iteracji 3: IF GMAT >= 605.00 AND sex = {0} AND GMAT >= 665.00 THEN class = {3.69} [3.55, 3.83], (p=3, n=2, P=8, N=34)
2026-04-14 12:22:08,346 - INFO - *******STOP GROWING CR RULE*******
2026-04-14 12:22:08,346 - INFO - *******GROWING CR RULE*******
2026-04-14 12:22:08,348 - INFO - Iteracja 0: condition_best: GMAT >= 605.00, quality_best: 0.494, coverage_best: (p=10, n=1, P=28, N=14)
2026-04-14 12:22:08,348 - INFO - Regula po iteracji 0: IF GMAT >= 605.00 THEN class = {3.54} [3.20, 3.89], (p=10, n=1, P=28, N=14)
2026-04-14 12:22:08,349 - INFO - Iteracja 1: condition_best: GMAT >= 620.00, quality_best: 0.462, coverage_best: (p=9, n=1, P=28, N=14)
2026-04-14 12:22:08,349 - INFO - Regula po iteracji 1: IF GMAT >= 605.00 AND GMAT >= 620.00 THEN class = {3.53} [3.17, 3.90], (p=9, n=1, P=28, N=14)
2026-04-14 12:22:08,350 - INFO - Iteracja 2: condition_best: GMAT <= 715.00, quality_best: 0.32, coverage_best: (p=7, n=1, P=31, N=11)
2026-04-14 12:22:08,350 - INFO - Regula po iteracji 2: IF GMAT >= 605.00 AND GMAT >= 620.00 AND GMAT <= 715.00 THEN class = {3.52} [3.12, 3.92], (p=7, n=1, P=31, N=11)
2026-04-14 12:22:08,351 - INFO - Iteracja 3: condition_best: GMAT <= 695.00, quality_best: 0.197, coverage_best: (p=6, n=1, P=33, N=9)
2026-04-14 12:22:08,351 - INFO - Regula po iteracji 3: IF GMAT >= 605.00 AND GMAT >= 620.00 AND GMAT <= 715.00 AND GMAT <= 695.00 THEN class = {3.50} [3.08, 3.93], (p=6, n=1, P=33, N=9)
2026-04-14 12:22:08,352 - INFO - Iteracja 4: condition_best: None, quality_best: -inf, coverage_best: (p=0, n=0, P=0, N=0)
2026-04-14 12:22:08,352 - INFO - Regula po iteracji 4: IF GMAT >= 605.00 AND GMAT >= 620.00 AND GMAT <= 715.00 AND GMAT <= 695.00 THEN class = {3.50} [3.08, 3.93], (p=6, n=1, P=33, N=9)
2026-04-14 12:22:08,352 - INFO - *******STOP GROWING CR RULE*******
2026-04-14 12:22:08,353 - INFO - *******GROWING CR RULE*******
2026-04-14 12:22:08,355 - INFO - Iteracja 0: condition_best: GMAT <= 565.00, quality_best: 0.318, coverage_best: (p=13, n=4, P=25, N=17)
2026-04-14 12:22:08,355 - INFO - Regula po iteracji 0: IF GMAT <= 565.00 THEN class = {3.25} [2.96, 3.54], (p=13, n=4, P=25, N=17)
2026-04-14 12:22:08,356 - INFO - Iteracja 1: condition_best: GMAT >= 485.00, quality_best: 0.306, coverage_best: (p=9, n=5, P=17, N=25)
2026-04-14 12:22:08,356 - INFO - Regula po iteracji 1: IF GMAT <= 565.00 AND GMAT >= 485.00 THEN class = {3.28} [3.09, 3.47], (p=9, n=5, P=17, N=25)
2026-04-14 12:22:08,357 - INFO - Iteracja 2: condition_best: GMAT <= 545.00, quality_best: 0.424, coverage_best: (p=7, n=2, P=18, N=24)
2026-04-14 12:22:08,357 - INFO - Regula po iteracji 2: IF GMAT <= 565.00 AND GMAT >= 485.00 AND GMAT <= 545.00 THEN class = {3.32} [3.14, 3.50], (p=7, n=2, P=18, N=24)
2026-04-14 12:22:08,358 - INFO - Iteracja 3: condition_best: sex = {0}, quality_best: 0.424, coverage_best: (p=7, n=2, P=18, N=24)
2026-04-14 12:22:08,358 - INFO - Regula po iteracji 3: IF GMAT <= 565.00 AND GMAT >= 485.00 AND GMAT <= 545.00 AND sex = {0} THEN class = {3.32} [3.14, 3.50], (p=7, n=2, P=18, N=24)
2026-04-14 12:22:08,359 - INFO - Iteracja 4: condition_best: GMAT <= 535.00, quality_best: 0.388, coverage_best: (p=5, n=2, P=14, N=28)
2026-04-14 12:22:08,359 - INFO - Regula po iteracji 4: IF GMAT <= 565.00 AND GMAT >= 485.00 AND GMAT <= 545.00 AND sex = {0} AND GMAT <= 535.00 THEN class = {3.26} [3.10, 3.41], (p=5, n=2, P=14, N=28)
2026-04-14 12:22:08,359 - INFO - *******STOP GROWING CR RULE*******
2026-04-14 12:22:08,359 - INFO - *******GROWING CR RULE*******
2026-04-14 12:22:08,361 - INFO - Iteracja 0: condition_best: GMAT <= 565.00, quality_best: 0.318, coverage_best: (p=13, n=4, P=25, N=17)
2026-04-14 12:22:08,361 - INFO - Regula po iteracji 0: IF GMAT <= 565.00 THEN class = {3.25} [2.96, 3.54], (p=13, n=4, P=25, N=17)
2026-04-14 12:22:08,362 - INFO - Iteracja 1: condition_best: GMAT >= 485.00, quality_best: 0.306, coverage_best: (p=9, n=5, P=17, N=25)
2026-04-14 12:22:08,362 - INFO - Regula po iteracji 1: IF GMAT <= 565.00 AND GMAT >= 485.00 THEN class = {3.28} [3.09, 3.47], (p=9, n=5, P=17, N=25)
2026-04-14 12:22:08,363 - INFO - Iteracja 2: condition_best: sex = {0}, quality_best: 0.369, coverage_best: (p=9, n=4, P=17, N=25)
2026-04-14 12:22:08,363 - INFO - Regula po iteracji 2: IF GMAT <= 565.00 AND GMAT >= 485.00 AND sex = {0} THEN class = {3.30} [3.13, 3.48], (p=9, n=4, P=17, N=25)
2026-04-14 12:22:08,364 - INFO - Iteracja 3: condition_best: GMAT <= 555.00, quality_best: 0.444, coverage_best: (p=9, n=3, P=17, N=25)
2026-04-14 12:22:08,364 - INFO - Regula po iteracji 3: IF GMAT <= 565.00 AND GMAT >= 485.00 AND sex = {0} AND GMAT <= 555.00 THEN class = {3.33} [3.17, 3.48], (p=9, n=3, P=17, N=25)
2026-04-14 12:22:08,365 - INFO - Iteracja 4: condition_best: GMAT >= 505.00, quality_best: 0.398, coverage_best: (p=8, n=3, P=17, N=25)
2026-04-14 12:22:08,365 - INFO - Regula po iteracji 4: IF GMAT <= 565.00 AND GMAT >= 485.00 AND sex = {0} AND GMAT <= 555.00 AND GMAT >= 505.00 THEN class = {3.34} [3.18, 3.50], (p=8, n=3, P=17, N=25)
2026-04-14 12:22:08,365 - INFO - *******STOP GROWING CR RULE*******
2026-04-14 12:22:08,365 - INFO - *******GROWING CR RULE*******
2026-04-14 12:22:08,367 - INFO - Iteracja 0: condition_best: GMAT <= 565.00, quality_best: 0.318, coverage_best: (p=13, n=4, P=25, N=17)
2026-04-14 12:22:08,367 - INFO - Regula po iteracji 0: IF GMAT <= 565.00 THEN class = {3.25} [2.96, 3.54], (p=13, n=4, P=25, N=17)
2026-04-14 12:22:08,368 - INFO - Iteracja 1: condition_best: None, quality_best: -inf, coverage_best: (p=0, n=0, P=0, N=0)
2026-04-14 12:22:08,369 - INFO - Regula po iteracji 1: IF GMAT <= 565.00 THEN class = {3.25} [2.96, 3.54], (p=13, n=4, P=25, N=17)
2026-04-14 12:22:08,369 - INFO - *******STOP GROWING CR RULE*******
2026-04-14 12:22:08,369 - INFO - *******GROWING CR RULE*******
2026-04-14 12:22:08,371 - INFO - Iteracja 0: condition_best: GMAT <= 590.00, quality_best: 0.276, coverage_best: (p=19, n=8, P=24, N=18)
2026-04-14 12:22:08,371 - INFO - Regula po iteracji 0: IF GMAT <= 590.00 THEN class = {3.28} [2.97, 3.58], (p=19, n=8, P=24, N=18)
2026-04-14 12:22:08,372 - INFO - Iteracja 1: condition_best: GMAT >= 485.00, quality_best: 0.294, coverage_best: (p=16, n=8, P=21, N=21)
2026-04-14 12:22:08,372 - INFO - Regula po iteracji 1: IF GMAT <= 590.00 AND GMAT >= 485.00 THEN class = {3.30} [3.04, 3.55], (p=16, n=8, P=21, N=21)
2026-04-14 12:22:08,373 - INFO - Iteracja 2: condition_best: sex = {0}, quality_best: 0.345, coverage_best: (p=16, n=7, P=21, N=21)
2026-04-14 12:22:08,373 - INFO - Regula po iteracji 2: IF GMAT <= 590.00 AND GMAT >= 485.00 AND sex = {0} THEN class = {3.31} [3.05, 3.56], (p=16, n=7, P=21, N=21)
2026-04-14 12:22:08,374 - INFO - Iteracja 3: condition_best: GMAT >= 505.00, quality_best: 0.312, coverage_best: (p=15, n=7, P=21, N=21)
2026-04-14 12:22:08,374 - INFO - Regula po iteracji 3: IF GMAT <= 590.00 AND GMAT >= 485.00 AND sex = {0} AND GMAT >= 505.00 THEN class = {3.31} [3.05, 3.57], (p=15, n=7, P=21, N=21)
2026-04-14 12:22:08,375 - INFO - Iteracja 4: condition_best: GMAT >= 525.00, quality_best: 0.243, coverage_best: (p=13, n=7, P=21, N=21)
2026-04-14 12:22:08,375 - INFO - Regula po iteracji 4: IF GMAT <= 590.00 AND GMAT >= 485.00 AND sex = {0} AND GMAT >= 505.00 AND GMAT >= 525.00 THEN class = {3.31} [3.03, 3.58], (p=13, n=7, P=21, N=21)
2026-04-14 12:22:08,375 - INFO - *******STOP GROWING CR RULE*******
2026-04-14 12:22:08,376 - INFO - *******GROWING CR RULE*******
2026-04-14 12:22:08,378 - INFO - Iteracja 0: condition_best: GMAT <= 460.00, quality_best: 1.0, coverage_best: (p=1, n=0, P=1, N=41)
2026-04-14 12:22:08,378 - INFO - Regula po iteracji 0: IF GMAT <= 460.00 THEN class = {2.73} [2.73, 2.73], (p=1, n=0, P=1, N=41)
2026-04-14 12:22:08,378 - INFO - Iteracja 1: condition_best: sex = {0}, quality_best: 1.0, coverage_best: (p=1, n=0, P=1, N=41)
2026-04-14 12:22:08,378 - INFO - Regula po iteracji 1: IF GMAT <= 460.00 AND sex = {0} THEN class = {2.73} [2.73, 2.73], (p=1, n=0, P=1, N=41)
2026-04-14 12:22:08,378 - INFO - Iteracja 2: condition_best: None, quality_best: -inf, coverage_best: (p=0, n=0, P=0, N=0)
2026-04-14 12:22:08,378 - INFO - Regula po iteracji 2: IF GMAT <= 460.00 AND sex = {0} THEN class = {2.73} [2.73, 2.73], (p=1, n=0, P=1, N=41)
2026-04-14 12:22:08,378 - INFO - *******STOP GROWING CR RULE*******
2026-04-14 12:22:08,384 - INFO - ************************Finished experiment for mbagrade.arff with algorithm_rer************************
2026-04-14 12:22:08,384 - INFO - *************************************************************************************************************************
2026-04-14 12:22:08,384 - INFO - *************************************************************************************************************************
2026-04-14 12:22:08,384 - INFO - *************************************************************************************************************************
2026-04-14 12:22:08,384 - INFO - **********Starting experiment for mbagrade.arff with algorithm_rer_with_exceptions**********
2026-04-14 12:22:08,387 - INFO - *******GROWING CR RULE*******
2026-04-14 12:22:08,390 - INFO - Iteracja 0: condition_best: GMAT >= 605.00, quality_best: 0.494, coverage_best: (p=10, n=1, P=28, N=14)
2026-04-14 12:22:08,390 - INFO - Regula po iteracji 0: IF GMAT >= 605.00 THEN class = {3.54} [3.20, 3.89], (p=10, n=1, P=28, N=14)
2026-04-14 12:22:08,391 - INFO - *****GROWING RR RULE*****
2026-04-14 12:22:08,394 - INFO - Iteracja 0: condition_best: None, quality_best: -inf, coverage_best: (p=0, n=0, P=0, N=0), p_value: 0
2026-04-14 12:22:08,394 - INFO - Regula po iteracji 0: IF  THEN class = {3.34} [3.01, 3.68], (p=26, n=16, P=26, N=16)
2026-04-14 12:22:08,395 - INFO - *****STOP GROWING RR RULE*****
2026-04-14 12:22:08,395 - INFO - ***RR NOT FOUND***
2026-04-14 12:22:08,396 - INFO - Iteracja 1: condition_best: sex = {0}, quality_best: 0.463, coverage_best: (p=8, n=1, P=26, N=16)
2026-04-14 12:22:08,396 - INFO - Regula po iteracji 1: IF GMAT >= 605.00 AND sex = {0} THEN class = {3.60} [3.24, 3.96], (p=8, n=1, P=26, N=16)
2026-04-14 12:22:08,396 - INFO - *****GROWING RR RULE*****
2026-04-14 12:22:08,400 - INFO - Iteracja 0: condition_best: None, quality_best: -inf, coverage_best: (p=0, n=0, P=0, N=0), p_value: 0
2026-04-14 12:22:08,400 - INFO - Regula po iteracji 0: IF  THEN class = {3.34} [3.01, 3.68], (p=26, n=16, P=26, N=16)
2026-04-14 12:22:08,400 - INFO - *****STOP GROWING RR RULE*****
2026-04-14 12:22:08,400 - INFO - ***RR NOT FOUND***
2026-04-14 12:22:08,401 - INFO - Iteracja 2: condition_best: GMAT >= 665.00, quality_best: 0.348, coverage_best: (p=3, n=2, P=8, N=34)
2026-04-14 12:22:08,401 - INFO - Regula po iteracji 2: IF GMAT >= 605.00 AND sex = {0} AND GMAT >= 665.00 THEN class = {3.69} [3.55, 3.83], (p=3, n=2, P=8, N=34)
2026-04-14 12:22:08,401 - INFO - *****GROWING RR RULE*****
2026-04-14 12:22:08,405 - INFO - Iteracja 0: condition_best: None, quality_best: -inf, coverage_best: (p=0, n=0, P=0, N=0), p_value: 0
2026-04-14 12:22:08,405 - INFO - Regula po iteracji 0: IF  THEN class = {3.34} [3.01, 3.68], (p=26, n=16, P=26, N=16)
2026-04-14 12:22:08,405 - INFO - *****STOP GROWING RR RULE*****
2026-04-14 12:22:08,405 - INFO - ***RR NOT FOUND***
2026-04-14 12:22:08,406 - INFO - Iteracja 3: condition_best: None, quality_best: -inf, coverage_best: (p=0, n=0, P=0, N=0)
2026-04-14 12:22:08,406 - INFO - Regula po iteracji 3: IF GMAT >= 605.00 AND sex = {0} AND GMAT >= 665.00 THEN class = {3.69} [3.55, 3.83], (p=3, n=2, P=8, N=34)
2026-04-14 12:22:08,406 - INFO - *******STOP GROWING CR RULE*******
2026-04-14 12:22:08,406 - INFO - *******GROWING CR RULE*******
2026-04-14 12:22:08,408 - INFO - Iteracja 0: condition_best: GMAT >= 605.00, quality_best: 0.494, coverage_best: (p=10, n=1, P=28, N=14)
2026-04-14 12:22:08,408 - INFO - Regula po iteracji 0: IF GMAT >= 605.00 THEN class = {3.54} [3.20, 3.89], (p=10, n=1, P=28, N=14)
2026-04-14 12:22:08,409 - INFO - *****GROWING RR RULE*****
2026-04-14 12:22:08,412 - INFO - Iteracja 0: condition_best: None, quality_best: -inf, coverage_best: (p=0, n=0, P=0, N=0), p_value: 0
2026-04-14 12:22:08,412 - INFO - Regula po iteracji 0: IF  THEN class = {3.34} [3.01, 3.68], (p=26, n=16, P=26, N=16)
2026-04-14 12:22:08,412 - INFO - *****STOP GROWING RR RULE*****
2026-04-14 12:22:08,412 - INFO - ***RR NOT FOUND***
2026-04-14 12:22:08,413 - INFO - Iteracja 1: condition_best: GMAT >= 620.00, quality_best: 0.462, coverage_best: (p=9, n=1, P=28, N=14)
2026-04-14 12:22:08,414 - INFO - Regula po iteracji 1: IF GMAT >= 605.00 AND GMAT >= 620.00 THEN class = {3.53} [3.17, 3.90], (p=9, n=1, P=28, N=14)
2026-04-14 12:22:08,414 - INFO - *****GROWING RR RULE*****
2026-04-14 12:22:08,417 - INFO - Iteracja 0: condition_best: None, quality_best: -inf, coverage_best: (p=0, n=0, P=0, N=0), p_value: 0
2026-04-14 12:22:08,418 - INFO - Regula po iteracji 0: IF  THEN class = {3.34} [3.01, 3.68], (p=26, n=16, P=26, N=16)
2026-04-14 12:22:08,418 - INFO - *****STOP GROWING RR RULE*****
2026-04-14 12:22:08,418 - INFO - ***RR NOT FOUND***
2026-04-14 12:22:08,419 - INFO - Iteracja 2: condition_best: GMAT <= 715.00, quality_best: 0.32, coverage_best: (p=7, n=1, P=31, N=11)
2026-04-14 12:22:08,419 - INFO - Regula po iteracji 2: IF GMAT >= 605.00 AND GMAT >= 620.00 AND GMAT <= 715.00 THEN class = {3.52} [3.12, 3.92], (p=7, n=1, P=31, N=11)
2026-04-14 12:22:08,419 - INFO - *****GROWING RR RULE*****
2026-04-14 12:22:08,423 - INFO - Iteracja 0: condition_best: None, quality_best: -inf, coverage_best: (p=0, n=0, P=0, N=0), p_value: 0
2026-04-14 12:22:08,423 - INFO - Regula po iteracji 0: IF  THEN class = {3.34} [3.01, 3.68], (p=26, n=16, P=26, N=16)
2026-04-14 12:22:08,423 - INFO - *****STOP GROWING RR RULE*****
2026-04-14 12:22:08,423 - INFO - ***RR NOT FOUND***
2026-04-14 12:22:08,424 - INFO - Iteracja 3: condition_best: GMAT <= 695.00, quality_best: 0.197, coverage_best: (p=6, n=1, P=33, N=9)
2026-04-14 12:22:08,424 - INFO - Regula po iteracji 3: IF GMAT >= 605.00 AND GMAT >= 620.00 AND GMAT <= 715.00 AND GMAT <= 695.00 THEN class = {3.50} [3.08, 3.93], (p=6, n=1, P=33, N=9)
2026-04-14 12:22:08,424 - INFO - *****GROWING RR RULE*****
2026-04-14 12:22:08,428 - INFO - Iteracja 0: condition_best: None, quality_best: -inf, coverage_best: (p=0, n=0, P=0, N=0), p_value: 0
2026-04-14 12:22:08,428 - INFO - Regula po iteracji 0: IF  THEN class = {3.34} [3.01, 3.68], (p=26, n=16, P=26, N=16)
2026-04-14 12:22:08,428 - INFO - *****STOP GROWING RR RULE*****
2026-04-14 12:22:08,428 - INFO - ***RR NOT FOUND***
2026-04-14 12:22:08,429 - INFO - Iteracja 4: condition_best: None, quality_best: -inf, coverage_best: (p=0, n=0, P=0, N=0)
2026-04-14 12:22:08,429 - INFO - Regula po iteracji 4: IF GMAT >= 605.00 AND GMAT >= 620.00 AND GMAT <= 715.00 AND GMAT <= 695.00 THEN class = {3.50} [3.08, 3.93], (p=6, n=1, P=33, N=9)
2026-04-14 12:22:08,429 - INFO - *******STOP GROWING CR RULE*******
2026-04-14 12:22:08,430 - INFO - *******GROWING CR RULE*******
2026-04-14 12:22:08,432 - INFO - Iteracja 0: condition_best: GMAT <= 565.00, quality_best: 0.318, coverage_best: (p=13, n=4, P=25, N=17)
2026-04-14 12:22:08,432 - INFO - Regula po iteracji 0: IF GMAT <= 565.00 THEN class = {3.25} [2.96, 3.54], (p=13, n=4, P=25, N=17)
2026-04-14 12:22:08,432 - INFO - *****GROWING RR RULE*****
2026-04-14 12:22:08,436 - INFO - Iteracja 0: condition_best: None, quality_best: -inf, coverage_best: (p=0, n=0, P=0, N=0), p_value: 0
2026-04-14 12:22:08,436 - INFO - Regula po iteracji 0: IF  THEN class = {3.34} [3.01, 3.68], (p=26, n=16, P=26, N=16)
2026-04-14 12:22:08,436 - INFO - *****STOP GROWING RR RULE*****
2026-04-14 12:22:08,436 - INFO - ***RR NOT FOUND***
2026-04-14 12:22:08,437 - INFO - Iteracja 1: condition_best: GMAT >= 485.00, quality_best: 0.306, coverage_best: (p=9, n=5, P=17, N=25)
2026-04-14 12:22:08,437 - INFO - Regula po iteracji 1: IF GMAT <= 565.00 AND GMAT >= 485.00 THEN class = {3.28} [3.09, 3.47], (p=9, n=5, P=17, N=25)
2026-04-14 12:22:08,437 - INFO - *****GROWING RR RULE*****
2026-04-14 12:22:08,443 - INFO - Iteracja 0: condition_best: None, quality_best: -inf, coverage_best: (p=0, n=0, P=0, N=0), p_value: 0
2026-04-14 12:22:08,443 - INFO - Regula po iteracji 0: IF  THEN class = {3.34} [3.01, 3.68], (p=26, n=16, P=26, N=16)
2026-04-14 12:22:08,443 - INFO - *****STOP GROWING RR RULE*****
2026-04-14 12:22:08,443 - INFO - ***RR NOT FOUND***
2026-04-14 12:22:08,444 - INFO - Iteracja 2: condition_best: GMAT <= 545.00, quality_best: 0.424, coverage_best: (p=7, n=2, P=18, N=24)
2026-04-14 12:22:08,444 - INFO - Regula po iteracji 2: IF GMAT <= 565.00 AND GMAT >= 485.00 AND GMAT <= 545.00 THEN class = {3.32} [3.14, 3.50], (p=7, n=2, P=18, N=24)
2026-04-14 12:22:08,444 - INFO - *****GROWING RR RULE*****
2026-04-14 12:22:08,448 - INFO - Iteracja 0: condition_best: None, quality_best: -inf, coverage_best: (p=0, n=0, P=0, N=0), p_value: 0
2026-04-14 12:22:08,448 - INFO - Regula po iteracji 0: IF  THEN class = {3.34} [3.01, 3.68], (p=26, n=16, P=26, N=16)
2026-04-14 12:22:08,448 - INFO - *****STOP GROWING RR RULE*****
2026-04-14 12:22:08,448 - INFO - ***RR NOT FOUND***
2026-04-14 12:22:08,449 - INFO - Iteracja 3: condition_best: sex = {0}, quality_best: 0.424, coverage_best: (p=7, n=2, P=18, N=24)
2026-04-14 12:22:08,449 - INFO - Regula po iteracji 3: IF GMAT <= 565.00 AND GMAT >= 485.00 AND GMAT <= 545.00 AND sex = {0} THEN class = {3.32} [3.14, 3.50], (p=7, n=2, P=18, N=24)
2026-04-14 12:22:08,449 - INFO - *****GROWING RR RULE*****
2026-04-14 12:22:08,453 - INFO - Iteracja 0: condition_best: None, quality_best: -inf, coverage_best: (p=0, n=0, P=0, N=0), p_value: 0
2026-04-14 12:22:08,453 - INFO - Regula po iteracji 0: IF  THEN class = {3.34} [3.01, 3.68], (p=26, n=16, P=26, N=16)
2026-04-14 12:22:08,453 - INFO - *****STOP GROWING RR RULE*****
2026-04-14 12:22:08,453 - INFO - ***RR NOT FOUND***
2026-04-14 12:22:08,454 - INFO - Iteracja 4: condition_best: GMAT <= 535.00, quality_best: 0.388, coverage_best: (p=5, n=2, P=14, N=28)
2026-04-14 12:22:08,454 - INFO - Regula po iteracji 4: IF GMAT <= 565.00 AND GMAT >= 485.00 AND GMAT <= 545.00 AND sex = {0} AND GMAT <= 535.00 THEN class = {3.26} [3.10, 3.41], (p=5, n=2, P=14, N=28)
2026-04-14 12:22:08,455 - INFO - *****GROWING RR RULE*****
2026-04-14 12:22:08,458 - INFO - Iteracja 0: condition_best: None, quality_best: -inf, coverage_best: (p=0, n=0, P=0, N=0), p_value: 0
2026-04-14 12:22:08,458 - INFO - Regula po iteracji 0: IF  THEN class = {3.34} [3.01, 3.68], (p=26, n=16, P=26, N=16)
2026-04-14 12:22:08,458 - INFO - *****STOP GROWING RR RULE*****
2026-04-14 12:22:08,459 - INFO - ***RR NOT FOUND***
2026-04-14 12:22:08,459 - INFO - *******STOP GROWING CR RULE*******
2026-04-14 12:22:08,459 - INFO - *******GROWING CR RULE*******
2026-04-14 12:22:08,461 - INFO - Iteracja 0: condition_best: GMAT <= 565.00, quality_best: 0.318, coverage_best: (p=13, n=4, P=25, N=17)
2026-04-14 12:22:08,461 - INFO - Regula po iteracji 0: IF GMAT <= 565.00 THEN class = {3.25} [2.96, 3.54], (p=13, n=4, P=25, N=17)
2026-04-14 12:22:08,461 - INFO - *****GROWING RR RULE*****
2026-04-14 12:22:08,465 - INFO - Iteracja 0: condition_best: None, quality_best: -inf, coverage_best: (p=0, n=0, P=0, N=0), p_value: 0
2026-04-14 12:22:08,465 - INFO - Regula po iteracji 0: IF  THEN class = {3.34} [3.01, 3.68], (p=26, n=16, P=26, N=16)
2026-04-14 12:22:08,465 - INFO - *****STOP GROWING RR RULE*****
2026-04-14 12:22:08,465 - INFO - ***RR NOT FOUND***
2026-04-14 12:22:08,466 - INFO - Iteracja 1: condition_best: GMAT >= 485.00, quality_best: 0.306, coverage_best: (p=9, n=5, P=17, N=25)
2026-04-14 12:22:08,466 - INFO - Regula po iteracji 1: IF GMAT <= 565.00 AND GMAT >= 485.00 THEN class = {3.28} [3.09, 3.47], (p=9, n=5, P=17, N=25)
2026-04-14 12:22:08,467 - INFO - *****GROWING RR RULE*****
2026-04-14 12:22:08,472 - INFO - Iteracja 0: condition_best: None, quality_best: -inf, coverage_best: (p=0, n=0, P=0, N=0), p_value: 0
2026-04-14 12:22:08,472 - INFO - Regula po iteracji 0: IF  THEN class = {3.34} [3.01, 3.68], (p=26, n=16, P=26, N=16)
2026-04-14 12:22:08,472 - INFO - *****STOP GROWING RR RULE*****
2026-04-14 12:22:08,472 - INFO - ***RR NOT FOUND***
2026-04-14 12:22:08,473 - INFO - Iteracja 2: condition_best: sex = {0}, quality_best: 0.369, coverage_best: (p=9, n=4, P=17, N=25)
2026-04-14 12:22:08,473 - INFO - Regula po iteracji 2: IF GMAT <= 565.00 AND GMAT >= 485.00 AND sex = {0} THEN class = {3.30} [3.13, 3.48], (p=9, n=4, P=17, N=25)
2026-04-14 12:22:08,473 - INFO - *****GROWING RR RULE*****
2026-04-14 12:22:08,479 - INFO - Iteracja 0: condition_best: None, quality_best: -inf, coverage_best: (p=0, n=0, P=0, N=0), p_value: 0
2026-04-14 12:22:08,479 - INFO - Regula po iteracji 0: IF  THEN class = {3.34} [3.01, 3.68], (p=26, n=16, P=26, N=16)
2026-04-14 12:22:08,479 - INFO - *****STOP GROWING RR RULE*****
2026-04-14 12:22:08,479 - INFO - ***RR NOT FOUND***
2026-04-14 12:22:08,480 - INFO - Iteracja 3: condition_best: GMAT <= 555.00, quality_best: 0.444, coverage_best: (p=9, n=3, P=17, N=25)
2026-04-14 12:22:08,480 - INFO - Regula po iteracji 3: IF GMAT <= 565.00 AND GMAT >= 485.00 AND sex = {0} AND GMAT <= 555.00 THEN class = {3.33} [3.17, 3.48], (p=9, n=3, P=17, N=25)
2026-04-14 12:22:08,480 - INFO - *****GROWING RR RULE*****
2026-04-14 12:22:08,484 - INFO - Iteracja 0: condition_best: None, quality_best: -inf, coverage_best: (p=0, n=0, P=0, N=0), p_value: 0
2026-04-14 12:22:08,484 - INFO - Regula po iteracji 0: IF  THEN class = {3.34} [3.01, 3.68], (p=26, n=16, P=26, N=16)
2026-04-14 12:22:08,484 - INFO - *****STOP GROWING RR RULE*****
2026-04-14 12:22:08,484 - INFO - ***RR NOT FOUND***
2026-04-14 12:22:08,485 - INFO - Iteracja 4: condition_best: GMAT >= 505.00, quality_best: 0.398, coverage_best: (p=8, n=3, P=17, N=25)
2026-04-14 12:22:08,485 - INFO - Regula po iteracji 4: IF GMAT <= 565.00 AND GMAT >= 485.00 AND sex = {0} AND GMAT <= 555.00 AND GMAT >= 505.00 THEN class = {3.34} [3.18, 3.50], (p=8, n=3, P=17, N=25)
2026-04-14 12:22:08,485 - INFO - *****GROWING RR RULE*****
2026-04-14 12:22:08,489 - INFO - Iteracja 0: condition_best: None, quality_best: -inf, coverage_best: (p=0, n=0, P=0, N=0), p_value: 0
2026-04-14 12:22:08,489 - INFO - Regula po iteracji 0: IF  THEN class = {3.34} [3.01, 3.68], (p=26, n=16, P=26, N=16)
2026-04-14 12:22:08,489 - INFO - *****STOP GROWING RR RULE*****
2026-04-14 12:22:08,489 - INFO - ***RR NOT FOUND***
2026-04-14 12:22:08,489 - INFO - *******STOP GROWING CR RULE*******
2026-04-14 12:22:08,490 - INFO - *******GROWING CR RULE*******
2026-04-14 12:22:08,492 - INFO - Iteracja 0: condition_best: GMAT <= 565.00, quality_best: 0.318, coverage_best: (p=13, n=4, P=25, N=17)
2026-04-14 12:22:08,492 - INFO - Regula po iteracji 0: IF GMAT <= 565.00 THEN class = {3.25} [2.96, 3.54], (p=13, n=4, P=25, N=17)
2026-04-14 12:22:08,492 - INFO - *****GROWING RR RULE*****
2026-04-14 12:22:08,496 - INFO - Iteracja 0: condition_best: None, quality_best: -inf, coverage_best: (p=0, n=0, P=0, N=0), p_value: 0
2026-04-14 12:22:08,496 - INFO - Regula po iteracji 0: IF  THEN class = {3.34} [3.01, 3.68], (p=26, n=16, P=26, N=16)
2026-04-14 12:22:08,496 - INFO - *****STOP GROWING RR RULE*****
2026-04-14 12:22:08,496 - INFO - ***RR NOT FOUND***
2026-04-14 12:22:08,497 - INFO - Iteracja 1: condition_best: None, quality_best: -inf, coverage_best: (p=0, n=0, P=0, N=0)
2026-04-14 12:22:08,497 - INFO - Regula po iteracji 1: IF GMAT <= 565.00 THEN class = {3.25} [2.96, 3.54], (p=13, n=4, P=25, N=17)
2026-04-14 12:22:08,497 - INFO - *******STOP GROWING CR RULE*******
2026-04-14 12:22:08,498 - INFO - *******GROWING CR RULE*******
2026-04-14 12:22:08,500 - INFO - Iteracja 0: condition_best: GMAT <= 590.00, quality_best: 0.276, coverage_best: (p=19, n=8, P=24, N=18)
2026-04-14 12:22:08,500 - INFO - Regula po iteracji 0: IF GMAT <= 590.00 THEN class = {3.28} [2.97, 3.58], (p=19, n=8, P=24, N=18)
2026-04-14 12:22:08,500 - INFO - *****GROWING RR RULE*****
2026-04-14 12:22:08,503 - INFO - Iteracja 0: condition_best: None, quality_best: -inf, coverage_best: (p=0, n=0, P=0, N=0), p_value: 0
2026-04-14 12:22:08,504 - INFO - Regula po iteracji 0: IF  THEN class = {3.34} [3.01, 3.68], (p=26, n=16, P=26, N=16)
2026-04-14 12:22:08,504 - INFO - *****STOP GROWING RR RULE*****
2026-04-14 12:22:08,504 - INFO - ***RR NOT FOUND***
2026-04-14 12:22:08,505 - INFO - Iteracja 1: condition_best: GMAT >= 485.00, quality_best: 0.294, coverage_best: (p=16, n=8, P=21, N=21)
2026-04-14 12:22:08,505 - INFO - Regula po iteracji 1: IF GMAT <= 590.00 AND GMAT >= 485.00 THEN class = {3.30} [3.04, 3.55], (p=16, n=8, P=21, N=21)
2026-04-14 12:22:08,505 - INFO - *****GROWING RR RULE*****
2026-04-14 12:22:08,509 - INFO - Iteracja 0: condition_best: None, quality_best: -inf, coverage_best: (p=0, n=0, P=0, N=0), p_value: 0
2026-04-14 12:22:08,509 - INFO - Regula po iteracji 0: IF  THEN class = {3.34} [3.01, 3.68], (p=26, n=16, P=26, N=16)
2026-04-14 12:22:08,509 - INFO - *****STOP GROWING RR RULE*****
2026-04-14 12:22:08,509 - INFO - ***RR NOT FOUND***
2026-04-14 12:22:08,510 - INFO - Iteracja 2: condition_best: sex = {0}, quality_best: 0.345, coverage_best: (p=16, n=7, P=21, N=21)
2026-04-14 12:22:08,510 - INFO - Regula po iteracji 2: IF GMAT <= 590.00 AND GMAT >= 485.00 AND sex = {0} THEN class = {3.31} [3.05, 3.56], (p=16, n=7, P=21, N=21)
2026-04-14 12:22:08,511 - INFO - *****GROWING RR RULE*****
2026-04-14 12:22:08,514 - INFO - Iteracja 0: condition_best: None, quality_best: -inf, coverage_best: (p=0, n=0, P=0, N=0), p_value: 0
2026-04-14 12:22:08,514 - INFO - Regula po iteracji 0: IF  THEN class = {3.34} [3.01, 3.68], (p=26, n=16, P=26, N=16)
2026-04-14 12:22:08,515 - INFO - *****STOP GROWING RR RULE*****
2026-04-14 12:22:08,515 - INFO - ***RR NOT FOUND***
2026-04-14 12:22:08,516 - INFO - Iteracja 3: condition_best: GMAT >= 505.00, quality_best: 0.312, coverage_best: (p=15, n=7, P=21, N=21)
2026-04-14 12:22:08,516 - INFO - Regula po iteracji 3: IF GMAT <= 590.00 AND GMAT >= 485.00 AND sex = {0} AND GMAT >= 505.00 THEN class = {3.31} [3.05, 3.57], (p=15, n=7, P=21, N=21)
2026-04-14 12:22:08,516 - INFO - *****GROWING RR RULE*****
2026-04-14 12:22:08,520 - INFO - Iteracja 0: condition_best: None, quality_best: -inf, coverage_best: (p=0, n=0, P=0, N=0), p_value: 0
2026-04-14 12:22:08,520 - INFO - Regula po iteracji 0: IF  THEN class = {3.34} [3.01, 3.68], (p=26, n=16, P=26, N=16)
2026-04-14 12:22:08,520 - INFO - *****STOP GROWING RR RULE*****
2026-04-14 12:22:08,520 - INFO - ***RR NOT FOUND***
2026-04-14 12:22:08,521 - INFO - Iteracja 4: condition_best: GMAT >= 525.00, quality_best: 0.243, coverage_best: (p=13, n=7, P=21, N=21)
2026-04-14 12:22:08,521 - INFO - Regula po iteracji 4: IF GMAT <= 590.00 AND GMAT >= 485.00 AND sex = {0} AND GMAT >= 505.00 AND GMAT >= 525.00 THEN class = {3.31} [3.03, 3.58], (p=13, n=7, P=21, N=21)
2026-04-14 12:22:08,521 - INFO - *****GROWING RR RULE*****
2026-04-14 12:22:08,525 - INFO - Iteracja 0: condition_best: None, quality_best: -inf, coverage_best: (p=0, n=0, P=0, N=0), p_value: 0
2026-04-14 12:22:08,525 - INFO - Regula po iteracji 0: IF  THEN class = {3.34} [3.01, 3.68], (p=26, n=16, P=26, N=16)
2026-04-14 12:22:08,525 - INFO - *****STOP GROWING RR RULE*****
2026-04-14 12:22:08,525 - INFO - ***RR NOT FOUND***
2026-04-14 12:22:08,525 - INFO - *******STOP GROWING CR RULE*******
2026-04-14 12:22:08,526 - INFO - *******GROWING CR RULE*******
2026-04-14 12:22:08,528 - INFO - Iteracja 0: condition_best: GMAT <= 460.00, quality_best: 1.0, coverage_best: (p=1, n=0, P=1, N=41)
2026-04-14 12:22:08,528 - INFO - Regula po iteracji 0: IF GMAT <= 460.00 THEN class = {2.73} [2.73, 2.73], (p=1, n=0, P=1, N=41)
2026-04-14 12:22:08,528 - INFO - *****GROWING RR RULE*****
2026-04-14 12:22:08,532 - INFO - Iteracja 0: condition_best: None, quality_best: -inf, coverage_best: (p=0, n=0, P=0, N=0), p_value: 0
2026-04-14 12:22:08,532 - INFO - Regula po iteracji 0: IF  THEN class = {3.34} [3.01, 3.68], (p=26, n=16, P=26, N=16)
2026-04-14 12:22:08,532 - INFO - *****STOP GROWING RR RULE*****
2026-04-14 12:22:08,532 - INFO - ***RR NOT FOUND***
2026-04-14 12:22:08,532 - INFO - Iteracja 1: condition_best: sex = {0}, quality_best: 1.0, coverage_best: (p=1, n=0, P=1, N=41)
2026-04-14 12:22:08,532 - INFO - Regula po iteracji 1: IF GMAT <= 460.00 AND sex = {0} THEN class = {2.73} [2.73, 2.73], (p=1, n=0, P=1, N=41)
2026-04-14 12:22:08,532 - INFO - *****GROWING RR RULE*****
2026-04-14 12:22:08,536 - INFO - Iteracja 0: condition_best: None, quality_best: -inf, coverage_best: (p=0, n=0, P=0, N=0), p_value: 0
2026-04-14 12:22:08,536 - INFO - Regula po iteracji 0: IF  THEN class = {3.34} [3.01, 3.68], (p=26, n=16, P=26, N=16)
2026-04-14 12:22:08,536 - INFO - *****STOP GROWING RR RULE*****
2026-04-14 12:22:08,536 - INFO - ***RR NOT FOUND***
2026-04-14 12:22:08,537 - INFO - Iteracja 2: condition_best: None, quality_best: -inf, coverage_best: (p=0, n=0, P=0, N=0)
2026-04-14 12:22:08,537 - INFO - Regula po iteracji 2: IF GMAT <= 460.00 AND sex = {0} THEN class = {2.73} [2.73, 2.73], (p=1, n=0, P=1, N=41)
2026-04-14 12:22:08,537 - INFO - *******STOP GROWING CR RULE*******
2026-04-14 12:22:08,543 - INFO - ************************Finished experiment for mbagrade.arff with algorithm_rer_with_exceptions************************
2026-04-14 12:22:08,544 - INFO - *************************************************************************************************************************
2026-04-14 12:22:08,544 - INFO - *************************************************************************************************************************
2026-04-14 12:22:08,544 - INFO - *************************************************************************************************************************
2026-04-14 12:22:08,544 - INFO - **********Starting experiment for mbagrade.arff with decision_tree**********
2026-04-14 12:22:08,558 - INFO - ************************Finished experiment for mbagrade.arff with decision_tree************************
2026-04-14 12:22:08,558 - INFO - *************************************************************************************************************************
2026-04-14 12:22:08,558 - INFO - *************************************************************************************************************************
2026-04-14 12:22:08,558 - INFO - *************************************************************************************************************************
