2026-04-08 11:35:37,631 - INFO - **********Starting experiment for 22_wcgs.arff with algorithm_rulekit**********
2026-04-08 11:36:10,961 - INFO - ************************Finished experiment for 22_wcgs.arff with algorithm_rulekit************************
2026-04-08 11:36:10,961 - INFO - *************************************************************************************************************************
2026-04-08 11:36:10,961 - INFO - *************************************************************************************************************************
2026-04-08 11:36:10,961 - INFO - *************************************************************************************************************************
2026-04-08 11:36:10,962 - INFO - **********Starting experiment for 22_wcgs.arff with algorithm_log_rank**********
2026-04-08 11:36:10,995 - INFO - *******GROWING CR RULE*******
2026-04-08 11:36:27,168 - INFO - Iteracja 0: condition_best: chol0 <= 271.50, quality_best: 1.0, coverage_best: (p=1905, n=0, P=2207, N=0)
2026-04-08 11:36:27,180 - INFO - Regula po iteracji 0: IF chol0 <= 271.50 THEN survival_status = {nan}, (p=1905, n=0, P=2207, N=0)
2026-04-08 11:36:40,629 - INFO - Iteracja 1: condition_best: age0 <= 58.50, quality_best: 1.0, coverage_best: (p=1874, n=0, P=2207, N=0)
2026-04-08 11:36:40,641 - INFO - Regula po iteracji 1: IF chol0 <= 271.50 AND age0 <= 58.50 THEN survival_status = {inf}, (p=1874, n=0, P=2207, N=0)
2026-04-08 11:36:54,169 - INFO - Iteracja 2: condition_best: height0 <= 77.50, quality_best: 1.0, coverage_best: (p=1873, n=0, P=2207, N=0)
2026-04-08 11:36:54,181 - INFO - Regula po iteracji 2: IF chol0 <= 271.50 AND age0 <= 58.50 AND height0 <= 77.50 THEN survival_status = {inf}, (p=1873, n=0, P=2207, N=0)
2026-04-08 11:37:07,632 - INFO - Iteracja 3: condition_best: weight0 <= 262.50, quality_best: 1.0, coverage_best: (p=1872, n=0, P=2207, N=0)
2026-04-08 11:37:07,644 - INFO - Regula po iteracji 3: IF chol0 <= 271.50 AND age0 <= 58.50 AND height0 <= 77.50 AND weight0 <= 262.50 THEN survival_status = {inf}, (p=1872, n=0, P=2207, N=0)
2026-04-08 11:37:21,156 - INFO - Iteracja 4: condition_best: weight0 <= 252.50, quality_best: 1.0, coverage_best: (p=1871, n=0, P=2207, N=0)
2026-04-08 11:37:21,168 - INFO - Regula po iteracji 4: IF chol0 <= 271.50 AND age0 <= 58.50 AND height0 <= 77.50 AND weight0 <= 262.50 AND weight0 <= 252.50 THEN survival_status = {inf}, (p=1871, n=0, P=2207, N=0)
2026-04-08 11:37:21,168 - INFO - *******STOP GROWING CR RULE*******
2026-04-08 11:37:21,210 - INFO - *******GROWING CR RULE*******
2026-04-08 11:37:29,791 - INFO - Iteracja 0: condition_best: chol0 <= 271.50, quality_best: 1.0, coverage_best: (p=1905, n=0, P=2207, N=0)
2026-04-08 11:37:29,803 - INFO - Regula po iteracji 0: IF chol0 <= 271.50 THEN survival_status = {nan}, (p=1905, n=0, P=2207, N=0)
2026-04-08 11:37:37,110 - INFO - Iteracja 1: condition_best: ncigs0 <= 43.50, quality_best: 1.0, coverage_best: (p=1871, n=0, P=2207, N=0)
2026-04-08 11:37:37,122 - INFO - Regula po iteracji 1: IF chol0 <= 271.50 AND ncigs0 <= 43.50 THEN survival_status = {inf}, (p=1871, n=0, P=2207, N=0)
2026-04-08 11:37:44,321 - INFO - Iteracja 2: condition_best: height0 <= 77.50, quality_best: 1.0, coverage_best: (p=1870, n=0, P=2207, N=0)
2026-04-08 11:37:44,333 - INFO - Regula po iteracji 2: IF chol0 <= 271.50 AND ncigs0 <= 43.50 AND height0 <= 77.50 THEN survival_status = {inf}, (p=1870, n=0, P=2207, N=0)
2026-04-08 11:37:51,567 - INFO - Iteracja 3: condition_best: weight0 <= 262.50, quality_best: 1.0, coverage_best: (p=1869, n=0, P=2207, N=0)
2026-04-08 11:37:51,578 - INFO - Regula po iteracji 3: IF chol0 <= 271.50 AND ncigs0 <= 43.50 AND height0 <= 77.50 AND weight0 <= 262.50 THEN survival_status = {inf}, (p=1869, n=0, P=2207, N=0)
2026-04-08 11:37:58,806 - INFO - Iteracja 4: condition_best: dbp0 <= 129.50, quality_best: 1.0, coverage_best: (p=1868, n=0, P=2207, N=0)
2026-04-08 11:37:58,818 - INFO - Regula po iteracji 4: IF chol0 <= 271.50 AND ncigs0 <= 43.50 AND height0 <= 77.50 AND weight0 <= 262.50 AND dbp0 <= 129.50 THEN survival_status = {inf}, (p=1868, n=0, P=2207, N=0)
2026-04-08 11:37:58,818 - INFO - *******STOP GROWING CR RULE*******
2026-04-08 11:37:58,852 - INFO - *******GROWING CR RULE*******
2026-04-08 11:38:07,262 - INFO - Iteracja 0: condition_best: chol0 >= 271.50, quality_best: 1.0, coverage_best: (p=294, n=0, P=2207, N=0)
2026-04-08 11:38:07,272 - INFO - Regula po iteracji 0: IF chol0 >= 271.50 THEN survival_status = {nan}, (p=294, n=0, P=2207, N=0)
2026-04-08 11:38:11,656 - INFO - Iteracja 1: condition_best: sbp0 >= 119.00, quality_best: 1.0, coverage_best: (p=239, n=0, P=2207, N=0)
2026-04-08 11:38:11,666 - INFO - Regula po iteracji 1: IF chol0 >= 271.50 AND sbp0 >= 119.00 THEN survival_status = {inf}, (p=239, n=0, P=2207, N=0)
2026-04-08 11:38:15,568 - INFO - Iteracja 2: condition_best: height0 <= 77.50, quality_best: 1.0, coverage_best: (p=238, n=0, P=2207, N=0)
2026-04-08 11:38:15,578 - INFO - Regula po iteracji 2: IF chol0 >= 271.50 AND sbp0 >= 119.00 AND height0 <= 77.50 THEN survival_status = {inf}, (p=238, n=0, P=2207, N=0)
2026-04-08 11:38:19,484 - INFO - Iteracja 3: condition_best: height0 <= 76.50, quality_best: 1.0, coverage_best: (p=237, n=0, P=2207, N=0)
2026-04-08 11:38:19,494 - INFO - Regula po iteracji 3: IF chol0 >= 271.50 AND sbp0 >= 119.00 AND height0 <= 77.50 AND height0 <= 76.50 THEN survival_status = {inf}, (p=237, n=0, P=2207, N=0)
2026-04-08 11:38:23,391 - INFO - Iteracja 4: condition_best: height0 >= 62.00, quality_best: 1.0, coverage_best: (p=236, n=0, P=2207, N=0)
2026-04-08 11:38:23,401 - INFO - Regula po iteracji 4: IF chol0 >= 271.50 AND sbp0 >= 119.00 AND height0 <= 77.50 AND height0 <= 76.50 AND height0 >= 62.00 THEN survival_status = {inf}, (p=236, n=0, P=2207, N=0)
2026-04-08 11:38:23,401 - INFO - *******STOP GROWING CR RULE*******
2026-04-08 11:38:23,434 - INFO - *******GROWING CR RULE*******
2026-04-08 11:38:30,884 - INFO - Iteracja 0: condition_best: chol0 >= 271.50, quality_best: 1.0, coverage_best: (p=294, n=0, P=2207, N=0)
2026-04-08 11:38:30,895 - INFO - Regula po iteracji 0: IF chol0 >= 271.50 THEN survival_status = {nan}, (p=294, n=0, P=2207, N=0)
2026-04-08 11:38:34,877 - INFO - Iteracja 1: condition_best: ncigs0 >= 11.00, quality_best: 1.0, coverage_best: (p=148, n=0, P=2207, N=0)
2026-04-08 11:38:34,887 - INFO - Regula po iteracji 1: IF chol0 >= 271.50 AND ncigs0 >= 11.00 THEN survival_status = {inf}, (p=148, n=0, P=2207, N=0)
2026-04-08 11:38:38,102 - INFO - Iteracja 2: condition_best: height0 <= 75.00, quality_best: 1.0, coverage_best: (p=147, n=0, P=2207, N=0)
2026-04-08 11:38:38,112 - INFO - Regula po iteracji 2: IF chol0 >= 271.50 AND ncigs0 >= 11.00 AND height0 <= 75.00 THEN survival_status = {inf}, (p=147, n=0, P=2207, N=0)
2026-04-08 11:38:41,294 - INFO - Iteracja 3: condition_best: weight0 <= 228.50, quality_best: 1.0, coverage_best: (p=146, n=0, P=2207, N=0)
2026-04-08 11:38:41,304 - INFO - Regula po iteracji 3: IF chol0 >= 271.50 AND ncigs0 >= 11.00 AND height0 <= 75.00 AND weight0 <= 228.50 THEN survival_status = {inf}, (p=146, n=0, P=2207, N=0)
2026-04-08 11:38:44,465 - INFO - Iteracja 4: condition_best: weight0 <= 220.00, quality_best: 1.0, coverage_best: (p=145, n=0, P=2207, N=0)
2026-04-08 11:38:44,475 - INFO - Regula po iteracji 4: IF chol0 >= 271.50 AND ncigs0 >= 11.00 AND height0 <= 75.00 AND weight0 <= 228.50 AND weight0 <= 220.00 THEN survival_status = {inf}, (p=145, n=0, P=2207, N=0)
2026-04-08 11:38:44,475 - INFO - *******STOP GROWING CR RULE*******
2026-04-08 11:38:44,507 - INFO - *******GROWING CR RULE*******
2026-04-08 11:38:51,849 - INFO - Iteracja 0: condition_best: chol0 >= 271.50, quality_best: 1.0, coverage_best: (p=294, n=0, P=2207, N=0)
2026-04-08 11:38:51,859 - INFO - Regula po iteracji 0: IF chol0 >= 271.50 THEN survival_status = {nan}, (p=294, n=0, P=2207, N=0)
2026-04-08 11:38:55,729 - INFO - Iteracja 1: condition_best: sbp0 >= 109.00, quality_best: 1.0, coverage_best: (p=279, n=0, P=2207, N=0)
2026-04-08 11:38:55,739 - INFO - Regula po iteracji 1: IF chol0 >= 271.50 AND sbp0 >= 109.00 THEN survival_status = {inf}, (p=279, n=0, P=2207, N=0)
2026-04-08 11:38:59,481 - INFO - Iteracja 2: condition_best: height0 <= 76.50, quality_best: 1.0, coverage_best: (p=277, n=0, P=2207, N=0)
2026-04-08 11:38:59,491 - INFO - Regula po iteracji 2: IF chol0 >= 271.50 AND sbp0 >= 109.00 AND height0 <= 76.50 THEN survival_status = {inf}, (p=277, n=0, P=2207, N=0)
2026-04-08 11:39:03,227 - INFO - Iteracja 3: condition_best: height0 >= 62.00, quality_best: 1.0, coverage_best: (p=276, n=0, P=2207, N=0)
2026-04-08 11:39:03,237 - INFO - Regula po iteracji 3: IF chol0 >= 271.50 AND sbp0 >= 109.00 AND height0 <= 76.50 AND height0 >= 62.00 THEN survival_status = {inf}, (p=276, n=0, P=2207, N=0)
2026-04-08 11:39:06,990 - INFO - Iteracja 4: condition_best: weight0 <= 255.00, quality_best: 1.0, coverage_best: (p=275, n=0, P=2207, N=0)
2026-04-08 11:39:07,000 - INFO - Regula po iteracji 4: IF chol0 >= 271.50 AND sbp0 >= 109.00 AND height0 <= 76.50 AND height0 >= 62.00 AND weight0 <= 255.00 THEN survival_status = {inf}, (p=275, n=0, P=2207, N=0)
2026-04-08 11:39:07,000 - INFO - *******STOP GROWING CR RULE*******
2026-04-08 11:39:07,039 - INFO - *******GROWING CR RULE*******
2026-04-08 11:39:14,306 - INFO - Iteracja 0: condition_best: chol0 >= 271.50, quality_best: 1.0, coverage_best: (p=294, n=0, P=2207, N=0)
2026-04-08 11:39:14,316 - INFO - Regula po iteracji 0: IF chol0 >= 271.50 THEN survival_status = {nan}, (p=294, n=0, P=2207, N=0)
2026-04-08 11:39:18,237 - INFO - Iteracja 1: condition_best: height0 <= 73.50, quality_best: 1.0, coverage_best: (p=282, n=0, P=2207, N=0)
2026-04-08 11:39:18,247 - INFO - Regula po iteracji 1: IF chol0 >= 271.50 AND height0 <= 73.50 THEN survival_status = {inf}, (p=282, n=0, P=2207, N=0)
2026-04-08 11:39:22,047 - INFO - Iteracja 2: condition_best: ncigs0 <= 45.00, quality_best: 1.0, coverage_best: (p=277, n=0, P=2207, N=0)
2026-04-08 11:39:22,058 - INFO - Regula po iteracji 2: IF chol0 >= 271.50 AND height0 <= 73.50 AND ncigs0 <= 45.00 THEN survival_status = {inf}, (p=277, n=0, P=2207, N=0)
2026-04-08 11:39:25,792 - INFO - Iteracja 3: condition_best: height0 >= 62.00, quality_best: 1.0, coverage_best: (p=276, n=0, P=2207, N=0)
2026-04-08 11:39:25,802 - INFO - Regula po iteracji 3: IF chol0 >= 271.50 AND height0 <= 73.50 AND ncigs0 <= 45.00 AND height0 >= 62.00 THEN survival_status = {inf}, (p=276, n=0, P=2207, N=0)
2026-04-08 11:39:29,559 - INFO - Iteracja 4: condition_best: weight0 <= 228.50, quality_best: 1.0, coverage_best: (p=275, n=0, P=2207, N=0)
2026-04-08 11:39:29,569 - INFO - Regula po iteracji 4: IF chol0 >= 271.50 AND height0 <= 73.50 AND ncigs0 <= 45.00 AND height0 >= 62.00 AND weight0 <= 228.50 THEN survival_status = {inf}, (p=275, n=0, P=2207, N=0)
2026-04-08 11:39:29,569 - INFO - *******STOP GROWING CR RULE*******
2026-04-08 11:39:29,607 - INFO - *******GROWING CR RULE*******
2026-04-08 11:39:36,818 - INFO - Iteracja 0: condition_best: age0 >= 47.50, quality_best: 1.0, coverage_best: (p=837, n=0, P=2207, N=0)
2026-04-08 11:39:36,829 - INFO - Regula po iteracji 0: IF age0 >= 47.50 THEN survival_status = {nan}, (p=837, n=0, P=2207, N=0)
2026-04-08 11:39:42,916 - INFO - Iteracja 1: condition_best: dbp0 >= 79.00, quality_best: 1.0, coverage_best: (p=570, n=0, P=2207, N=0)
2026-04-08 11:39:42,927 - INFO - Regula po iteracji 1: IF age0 >= 47.50 AND dbp0 >= 79.00 THEN survival_status = {inf}, (p=570, n=0, P=2207, N=0)
2026-04-08 11:39:48,269 - INFO - Iteracja 2: condition_best: sbp0 >= 115.00, quality_best: 1.0, coverage_best: (p=555, n=0, P=2207, N=0)
2026-04-08 11:39:48,279 - INFO - Regula po iteracji 2: IF age0 >= 47.50 AND dbp0 >= 79.00 AND sbp0 >= 115.00 THEN survival_status = {inf}, (p=555, n=0, P=2207, N=0)
2026-04-08 11:39:53,569 - INFO - Iteracja 3: condition_best: weight0 >= 133.00, quality_best: 1.0, coverage_best: (p=543, n=0, P=2207, N=0)
2026-04-08 11:39:53,580 - INFO - Regula po iteracji 3: IF age0 >= 47.50 AND dbp0 >= 79.00 AND sbp0 >= 115.00 AND weight0 >= 133.00 THEN survival_status = {inf}, (p=543, n=0, P=2207, N=0)
2026-04-08 11:39:58,814 - INFO - Iteracja 4: condition_best: weight0 <= 260.00, quality_best: 1.0, coverage_best: (p=542, n=0, P=2207, N=0)
2026-04-08 11:39:58,824 - INFO - Regula po iteracji 4: IF age0 >= 47.50 AND dbp0 >= 79.00 AND sbp0 >= 115.00 AND weight0 >= 133.00 AND weight0 <= 260.00 THEN survival_status = {inf}, (p=542, n=0, P=2207, N=0)
2026-04-08 11:39:58,824 - INFO - *******STOP GROWING CR RULE*******
2026-04-08 11:39:58,870 - INFO - *******GROWING CR RULE*******
2026-04-08 11:40:06,200 - INFO - Iteracja 0: condition_best: chol0 <= 271.50, quality_best: 1.0, coverage_best: (p=1905, n=0, P=2207, N=0)
2026-04-08 11:40:06,212 - INFO - Regula po iteracji 0: IF chol0 <= 271.50 THEN survival_status = {nan}, (p=1905, n=0, P=2207, N=0)
2026-04-08 11:40:12,381 - INFO - Iteracja 1: condition_best: age0 <= 58.50, quality_best: 1.0, coverage_best: (p=1874, n=0, P=2207, N=0)
2026-04-08 11:40:12,393 - INFO - Regula po iteracji 1: IF chol0 <= 271.50 AND age0 <= 58.50 THEN survival_status = {inf}, (p=1874, n=0, P=2207, N=0)
2026-04-08 11:40:18,585 - INFO - Iteracja 2: condition_best: height0 <= 77.50, quality_best: 1.0, coverage_best: (p=1873, n=0, P=2207, N=0)
2026-04-08 11:40:18,596 - INFO - Regula po iteracji 2: IF chol0 <= 271.50 AND age0 <= 58.50 AND height0 <= 77.50 THEN survival_status = {inf}, (p=1873, n=0, P=2207, N=0)
2026-04-08 11:40:24,783 - INFO - Iteracja 3: condition_best: weight0 <= 262.50, quality_best: 1.0, coverage_best: (p=1872, n=0, P=2207, N=0)
2026-04-08 11:40:24,795 - INFO - Regula po iteracji 3: IF chol0 <= 271.50 AND age0 <= 58.50 AND height0 <= 77.50 AND weight0 <= 262.50 THEN survival_status = {inf}, (p=1872, n=0, P=2207, N=0)
2026-04-08 11:40:31,005 - INFO - Iteracja 4: condition_best: weight0 <= 252.50, quality_best: 1.0, coverage_best: (p=1871, n=0, P=2207, N=0)
2026-04-08 11:40:31,017 - INFO - Regula po iteracji 4: IF chol0 <= 271.50 AND age0 <= 58.50 AND height0 <= 77.50 AND weight0 <= 262.50 AND weight0 <= 252.50 THEN survival_status = {inf}, (p=1871, n=0, P=2207, N=0)
2026-04-08 11:40:31,017 - INFO - *******STOP GROWING CR RULE*******
2026-04-08 11:40:58,468 - INFO - ************************Finished experiment for 22_wcgs.arff with algorithm_log_rank************************
2026-04-08 11:40:58,469 - INFO - *************************************************************************************************************************
2026-04-08 11:40:58,469 - INFO - *************************************************************************************************************************
2026-04-08 11:40:58,469 - INFO - *************************************************************************************************************************
2026-04-08 11:40:58,469 - INFO - **********Starting experiment for 22_wcgs.arff with algorithm_log_rank_with_exceptions**********
2026-04-08 11:40:58,503 - INFO - *******GROWING CR RULE*******
2026-04-08 11:41:14,641 - INFO - Iteracja 0: condition_best: chol0 <= 271.50, quality_best: 1.0, coverage_best: (p=1905, n=0, P=2207, N=0)
2026-04-08 11:41:14,653 - INFO - Regula po iteracji 0: IF chol0 <= 271.50 THEN survival_status = {nan}, (p=1905, n=0, P=2207, N=0)
2026-04-08 11:41:14,653 - INFO - *****GROWING RR RULE*****
2026-04-08 11:41:56,510 - INFO - Iteracja 0: condition_best: None, quality_best: -inf, coverage_best: (p=0, n=0, P=0, N=0), p_value: 0
2026-04-08 11:41:56,517 - INFO - Regula po iteracji 0: IF  THEN survival_status = {nan}, (p=2207, n=0, P=2207, N=0)
2026-04-08 11:41:56,518 - INFO - *****STOP GROWING RR RULE*****
2026-04-08 11:41:56,518 - INFO - ***RR NOT FOUND***
2026-04-08 11:42:09,999 - INFO - Iteracja 1: condition_best: age0 <= 58.50, quality_best: 1.0, coverage_best: (p=1874, n=0, P=2207, N=0)
2026-04-08 11:42:10,011 - INFO - Regula po iteracji 1: IF chol0 <= 271.50 AND age0 <= 58.50 THEN survival_status = {inf}, (p=1874, n=0, P=2207, N=0)
2026-04-08 11:42:10,011 - INFO - *****GROWING RR RULE*****
2026-04-08 11:42:51,737 - INFO - Iteracja 0: condition_best: behpat0 >= 2.50, quality_best: 1.0, coverage_best: (p=1101, n=0, P=2207, N=0), p_value: 0.297
2026-04-08 11:42:51,749 - INFO - Regula po iteracji 0: IF behpat0 >= 2.50 THEN survival_status = {nan}, (p=1101, n=0, P=2207, N=0)
2026-04-08 11:43:25,834 - INFO - Iteracja 1: condition_best: chol0 >= 186.50, quality_best: 0.997, coverage_best: (p=887, n=0, P=2207, N=0), p_value: 0.997
2026-04-08 11:43:25,845 - INFO - Regula po iteracji 1: IF behpat0 >= 2.50 AND chol0 >= 186.50 THEN survival_status = {inf}, (p=887, n=0, P=2207, N=0)
2026-04-08 11:43:54,444 - INFO - Iteracja 2: condition_best: dbp0 <= 99.00, quality_best: 0.995, coverage_best: (p=841, n=0, P=2207, N=0), p_value: 1.0
2026-04-08 11:43:54,455 - INFO - Regula po iteracji 2: IF behpat0 >= 2.50 AND chol0 >= 186.50 AND dbp0 <= 99.00 THEN survival_status = {inf}, (p=841, n=0, P=2207, N=0)
2026-04-08 11:44:21,788 - INFO - Iteracja 3: condition_best: None, quality_best: -inf, coverage_best: (p=0, n=0, P=0, N=0), p_value: 1.0
2026-04-08 11:44:21,799 - INFO - Regula po iteracji 3: IF behpat0 >= 2.50 AND chol0 >= 186.50 AND dbp0 <= 99.00 THEN survival_status = {inf}, (p=841, n=0, P=2207, N=0)
2026-04-08 11:44:21,799 - INFO - *****STOP GROWING RR RULE*****
2026-04-08 11:44:21,799 - INFO - ***RR FOUND***
2026-04-08 11:44:21,799 - INFO - Reference rule: IF behpat0 >= 2.50 THEN survival_status = {inf}
2026-04-08 11:44:21,800 - INFO - ***CHECKING EXCEPTION***
2026-04-08 11:44:21,811 - INFO - ER vs CR p_value: 0.0022516738304324546
2026-04-08 11:44:21,811 - INFO - ER vs RR p_value: 0.04877155304818559
2026-04-08 11:44:21,848 - INFO - ***ER FOUND***
2026-04-08 11:44:21,848 - INFO - Exception rule: IF chol0 <= 271.50 AND age0 <= 58.50 AND behpat0 >= 2.50 THEN survival_status = {inf} (p=955, n=0, P=2207, N=0)
2026-04-08 11:44:21,848 - INFO - *******STOP GROWING CR RULE*******
2026-04-08 11:44:21,870 - INFO - *******GROWING CR RULE*******
2026-04-08 11:44:30,390 - INFO - Iteracja 0: condition_best: chol0 <= 271.50, quality_best: 1.0, coverage_best: (p=1905, n=0, P=2207, N=0)
2026-04-08 11:44:30,402 - INFO - Regula po iteracji 0: IF chol0 <= 271.50 THEN survival_status = {nan}, (p=1905, n=0, P=2207, N=0)
2026-04-08 11:44:30,402 - INFO - *****GROWING RR RULE*****
2026-04-08 11:45:12,105 - INFO - Iteracja 0: condition_best: None, quality_best: -inf, coverage_best: (p=0, n=0, P=0, N=0), p_value: 0
2026-04-08 11:45:12,112 - INFO - Regula po iteracji 0: IF  THEN survival_status = {nan}, (p=2207, n=0, P=2207, N=0)
2026-04-08 11:45:12,112 - INFO - *****STOP GROWING RR RULE*****
2026-04-08 11:45:12,112 - INFO - ***RR NOT FOUND***
2026-04-08 11:45:19,371 - INFO - Iteracja 1: condition_best: ncigs0 <= 43.50, quality_best: 1.0, coverage_best: (p=1871, n=0, P=2207, N=0)
2026-04-08 11:45:19,382 - INFO - Regula po iteracji 1: IF chol0 <= 271.50 AND ncigs0 <= 43.50 THEN survival_status = {inf}, (p=1871, n=0, P=2207, N=0)
2026-04-08 11:45:19,383 - INFO - *****GROWING RR RULE*****
2026-04-08 11:46:01,067 - INFO - Iteracja 0: condition_best: None, quality_best: -inf, coverage_best: (p=0, n=0, P=0, N=0), p_value: 0
2026-04-08 11:46:01,074 - INFO - Regula po iteracji 0: IF  THEN survival_status = {nan}, (p=2207, n=0, P=2207, N=0)
2026-04-08 11:46:01,074 - INFO - *****STOP GROWING RR RULE*****
2026-04-08 11:46:01,074 - INFO - ***RR NOT FOUND***
2026-04-08 11:46:08,233 - INFO - Iteracja 2: condition_best: height0 <= 77.50, quality_best: 1.0, coverage_best: (p=1870, n=0, P=2207, N=0)
2026-04-08 11:46:08,245 - INFO - Regula po iteracji 2: IF chol0 <= 271.50 AND ncigs0 <= 43.50 AND height0 <= 77.50 THEN survival_status = {inf}, (p=1870, n=0, P=2207, N=0)
2026-04-08 11:46:08,245 - INFO - *****GROWING RR RULE*****
2026-04-08 11:46:49,879 - INFO - Iteracja 0: condition_best: None, quality_best: -inf, coverage_best: (p=0, n=0, P=0, N=0), p_value: 0
2026-04-08 11:46:49,886 - INFO - Regula po iteracji 0: IF  THEN survival_status = {nan}, (p=2207, n=0, P=2207, N=0)
2026-04-08 11:46:49,886 - INFO - *****STOP GROWING RR RULE*****
2026-04-08 11:46:49,886 - INFO - ***RR NOT FOUND***
2026-04-08 11:46:57,083 - INFO - Iteracja 3: condition_best: weight0 <= 262.50, quality_best: 1.0, coverage_best: (p=1869, n=0, P=2207, N=0)
2026-04-08 11:46:57,094 - INFO - Regula po iteracji 3: IF chol0 <= 271.50 AND ncigs0 <= 43.50 AND height0 <= 77.50 AND weight0 <= 262.50 THEN survival_status = {inf}, (p=1869, n=0, P=2207, N=0)
2026-04-08 11:46:57,095 - INFO - *****GROWING RR RULE*****
2026-04-08 11:47:38,649 - INFO - Iteracja 0: condition_best: None, quality_best: -inf, coverage_best: (p=0, n=0, P=0, N=0), p_value: 0
2026-04-08 11:47:38,656 - INFO - Regula po iteracji 0: IF  THEN survival_status = {nan}, (p=2207, n=0, P=2207, N=0)
2026-04-08 11:47:38,656 - INFO - *****STOP GROWING RR RULE*****
2026-04-08 11:47:38,656 - INFO - ***RR NOT FOUND***
2026-04-08 11:47:45,871 - INFO - Iteracja 4: condition_best: dbp0 <= 129.50, quality_best: 1.0, coverage_best: (p=1868, n=0, P=2207, N=0)
2026-04-08 11:47:45,883 - INFO - Regula po iteracji 4: IF chol0 <= 271.50 AND ncigs0 <= 43.50 AND height0 <= 77.50 AND weight0 <= 262.50 AND dbp0 <= 129.50 THEN survival_status = {inf}, (p=1868, n=0, P=2207, N=0)
2026-04-08 11:47:45,883 - INFO - *****GROWING RR RULE*****
2026-04-08 11:48:27,260 - INFO - Iteracja 0: condition_best: None, quality_best: -inf, coverage_best: (p=0, n=0, P=0, N=0), p_value: 0
2026-04-08 11:48:27,267 - INFO - Regula po iteracji 0: IF  THEN survival_status = {nan}, (p=2207, n=0, P=2207, N=0)
2026-04-08 11:48:27,267 - INFO - *****STOP GROWING RR RULE*****
2026-04-08 11:48:27,267 - INFO - ***RR NOT FOUND***
2026-04-08 11:48:27,267 - INFO - *******STOP GROWING CR RULE*******
2026-04-08 11:48:27,302 - INFO - *******GROWING CR RULE*******
2026-04-08 11:48:35,753 - INFO - Iteracja 0: condition_best: chol0 >= 271.50, quality_best: 1.0, coverage_best: (p=294, n=0, P=2207, N=0)
2026-04-08 11:48:35,763 - INFO - Regula po iteracji 0: IF chol0 >= 271.50 THEN survival_status = {nan}, (p=294, n=0, P=2207, N=0)
2026-04-08 11:48:35,764 - INFO - *****GROWING RR RULE*****
2026-04-08 11:49:09,030 - INFO - Iteracja 0: condition_best: dbp0 >= 103.00, quality_best: 1.0, coverage_best: (p=79, n=0, P=2207, N=0), p_value: 0.961
2026-04-08 11:49:09,040 - INFO - Regula po iteracji 0: IF dbp0 >= 103.00 THEN survival_status = {nan}, (p=79, n=0, P=2207, N=0)
2026-04-08 11:49:18,405 - INFO - Iteracja 1: condition_best: sbp0 <= 215.00, quality_best: 1.0, coverage_best: (p=78, n=0, P=2207, N=0), p_value: 0.998
2026-04-08 11:49:18,415 - INFO - Regula po iteracji 1: IF dbp0 >= 103.00 AND sbp0 <= 215.00 THEN survival_status = {inf}, (p=78, n=0, P=2207, N=0)
2026-04-08 11:49:27,726 - INFO - Iteracja 2: condition_best: None, quality_best: -inf, coverage_best: (p=0, n=0, P=0, N=0), p_value: 0.998
2026-04-08 11:49:27,736 - INFO - Regula po iteracji 2: IF dbp0 >= 103.00 AND sbp0 <= 215.00 THEN survival_status = {inf}, (p=78, n=0, P=2207, N=0)
2026-04-08 11:49:27,736 - INFO - *****STOP GROWING RR RULE*****
2026-04-08 11:49:27,736 - INFO - ***RR FOUND***
2026-04-08 11:49:27,737 - INFO - Reference rule: IF dbp0 >= 103.00 AND sbp0 <= 215.00 THEN survival_status = {inf}
2026-04-08 11:49:27,737 - INFO - ***CHECKING EXCEPTION***
2026-04-08 11:49:27,739 - INFO - ER vs CR p_value: 0.018224489993507897
2026-04-08 11:49:27,739 - INFO - ER vs RR p_value: 0.04312425726472657
2026-04-08 11:49:27,773 - INFO - ***ER FOUND***
2026-04-08 11:49:27,773 - INFO - Exception rule: IF chol0 >= 271.50 AND dbp0 >= 103.00 AND sbp0 <= 215.00 THEN survival_status = {inf} (p=12, n=0, P=2207, N=0)
2026-04-08 11:49:27,773 - INFO - *******STOP GROWING CR RULE*******
2026-04-08 11:49:27,783 - INFO - *******GROWING CR RULE*******
2026-04-08 11:49:34,983 - INFO - Iteracja 0: condition_best: age0 >= 47.50, quality_best: 1.0, coverage_best: (p=837, n=0, P=2207, N=0)
2026-04-08 11:49:34,995 - INFO - Regula po iteracji 0: IF age0 >= 47.50 THEN survival_status = {nan}, (p=837, n=0, P=2207, N=0)
2026-04-08 11:49:34,995 - INFO - *****GROWING RR RULE*****
2026-04-08 11:50:12,581 - INFO - Iteracja 0: condition_best: chol0 >= 234.50, quality_best: 1.0, coverage_best: (p=877, n=0, P=2207, N=0), p_value: 0.947
2026-04-08 11:50:12,592 - INFO - Regula po iteracji 0: IF chol0 >= 234.50 THEN survival_status = {nan}, (p=877, n=0, P=2207, N=0)
2026-04-08 11:50:37,017 - INFO - Iteracja 1: condition_best: dbp0 >= 67.00, quality_best: 1.0, coverage_best: (p=853, n=0, P=2207, N=0), p_value: 1.0
2026-04-08 11:50:37,029 - INFO - Regula po iteracji 1: IF chol0 >= 234.50 AND dbp0 >= 67.00 THEN survival_status = {inf}, (p=853, n=0, P=2207, N=0)
2026-04-08 11:51:01,049 - INFO - Iteracja 2: condition_best: None, quality_best: -inf, coverage_best: (p=0, n=0, P=0, N=0), p_value: 1.0
2026-04-08 11:51:01,060 - INFO - Regula po iteracji 2: IF chol0 >= 234.50 AND dbp0 >= 67.00 THEN survival_status = {inf}, (p=853, n=0, P=2207, N=0)
2026-04-08 11:51:01,060 - INFO - *****STOP GROWING RR RULE*****
2026-04-08 11:51:01,060 - INFO - ***RR FOUND***
2026-04-08 11:51:01,060 - INFO - Reference rule: IF chol0 >= 234.50 AND dbp0 >= 67.00 THEN survival_status = {inf}
2026-04-08 11:51:01,060 - INFO - ***CHECKING EXCEPTION***
2026-04-08 11:51:01,068 - INFO - ER vs CR p_value: 0.042368301450140367
2026-04-08 11:51:01,068 - INFO - ER vs RR p_value: 0.043483866884676314
2026-04-08 11:51:01,104 - INFO - ***ER FOUND***
2026-04-08 11:51:01,104 - INFO - Exception rule: IF age0 >= 47.50 AND chol0 >= 234.50 AND dbp0 >= 67.00 THEN survival_status = {inf} (p=376, n=0, P=2207, N=0)
2026-04-08 11:51:01,104 - INFO - *******STOP GROWING CR RULE*******
2026-04-08 11:51:01,114 - INFO - *******GROWING CR RULE*******
2026-04-08 11:51:08,258 - INFO - Iteracja 0: condition_best: chol0 <= 271.50, quality_best: 1.0, coverage_best: (p=1905, n=0, P=2207, N=0)
2026-04-08 11:51:08,269 - INFO - Regula po iteracji 0: IF chol0 <= 271.50 THEN survival_status = {nan}, (p=1905, n=0, P=2207, N=0)
2026-04-08 11:51:08,270 - INFO - *****GROWING RR RULE*****
2026-04-08 11:51:49,875 - INFO - Iteracja 0: condition_best: None, quality_best: -inf, coverage_best: (p=0, n=0, P=0, N=0), p_value: 0
2026-04-08 11:51:49,882 - INFO - Regula po iteracji 0: IF  THEN survival_status = {nan}, (p=2207, n=0, P=2207, N=0)
2026-04-08 11:51:49,882 - INFO - *****STOP GROWING RR RULE*****
2026-04-08 11:51:49,882 - INFO - ***RR NOT FOUND***
2026-04-08 11:51:56,057 - INFO - Iteracja 1: condition_best: age0 <= 58.50, quality_best: 1.0, coverage_best: (p=1874, n=0, P=2207, N=0)
2026-04-08 11:51:56,069 - INFO - Regula po iteracji 1: IF chol0 <= 271.50 AND age0 <= 58.50 THEN survival_status = {inf}, (p=1874, n=0, P=2207, N=0)
2026-04-08 11:51:56,069 - INFO - *****GROWING RR RULE*****
2026-04-08 11:52:37,681 - INFO - Iteracja 0: condition_best: behpat0 >= 2.50, quality_best: 1.0, coverage_best: (p=1101, n=0, P=2207, N=0), p_value: 0.297
2026-04-08 11:52:37,692 - INFO - Regula po iteracji 0: IF behpat0 >= 2.50 THEN survival_status = {nan}, (p=1101, n=0, P=2207, N=0)
2026-04-08 11:53:11,684 - INFO - Iteracja 1: condition_best: chol0 >= 186.50, quality_best: 0.997, coverage_best: (p=887, n=0, P=2207, N=0), p_value: 0.997
2026-04-08 11:53:11,696 - INFO - Regula po iteracji 1: IF behpat0 >= 2.50 AND chol0 >= 186.50 THEN survival_status = {inf}, (p=887, n=0, P=2207, N=0)
2026-04-08 11:53:40,197 - INFO - Iteracja 2: condition_best: dbp0 <= 99.00, quality_best: 0.995, coverage_best: (p=841, n=0, P=2207, N=0), p_value: 1.0
2026-04-08 11:53:40,208 - INFO - Regula po iteracji 2: IF behpat0 >= 2.50 AND chol0 >= 186.50 AND dbp0 <= 99.00 THEN survival_status = {inf}, (p=841, n=0, P=2207, N=0)
2026-04-08 11:54:07,338 - INFO - Iteracja 3: condition_best: None, quality_best: -inf, coverage_best: (p=0, n=0, P=0, N=0), p_value: 1.0
2026-04-08 11:54:07,349 - INFO - Regula po iteracji 3: IF behpat0 >= 2.50 AND chol0 >= 186.50 AND dbp0 <= 99.00 THEN survival_status = {inf}, (p=841, n=0, P=2207, N=0)
2026-04-08 11:54:07,349 - INFO - *****STOP GROWING RR RULE*****
2026-04-08 11:54:07,349 - INFO - ***RR FOUND***
2026-04-08 11:54:07,349 - INFO - Reference rule: IF behpat0 >= 2.50 THEN survival_status = {inf}
2026-04-08 11:54:07,349 - INFO - ***CHECKING EXCEPTION***
2026-04-08 11:54:07,360 - INFO - ER vs CR p_value: 0.0022516738304324546
2026-04-08 11:54:07,360 - INFO - ER vs RR p_value: 0.04877155304818559
2026-04-08 11:54:07,398 - INFO - ***ER FOUND***
2026-04-08 11:54:07,398 - INFO - Exception rule: IF chol0 <= 271.50 AND age0 <= 58.50 AND behpat0 >= 2.50 THEN survival_status = {inf} (p=955, n=0, P=2207, N=0)
2026-04-08 11:54:07,398 - INFO - *******STOP GROWING CR RULE*******
2026-04-08 11:54:34,691 - INFO - ************************Finished experiment for 22_wcgs.arff with algorithm_log_rank_with_exceptions************************
2026-04-08 11:54:34,691 - INFO - *************************************************************************************************************************
2026-04-08 11:54:34,691 - INFO - *************************************************************************************************************************
2026-04-08 11:54:34,692 - INFO - *************************************************************************************************************************
2026-04-08 11:54:34,692 - INFO - **********Starting experiment for 22_wcgs.arff with survival_tree**********
2026-04-08 11:54:34,922 - INFO - ************************Finished experiment for 22_wcgs.arff with survival_tree************************
2026-04-08 11:54:34,922 - INFO - *************************************************************************************************************************
2026-04-08 11:54:34,922 - INFO - *************************************************************************************************************************
2026-04-08 11:54:34,922 - INFO - *************************************************************************************************************************
