2026-04-14 12:14:48,892 - INFO - **********Starting experiment for fruitfly.arff with algorithm**********
2026-04-14 12:14:48,896 - INFO - *******GROWING CR RULE*******
2026-04-14 12:14:48,905 - INFO - Iteracja 0: condition_best: SLEEP >= 0.91, quality_best: 0.434, coverage_best: (p=14, n=2, P=69, N=56)
2026-04-14 12:14:48,906 - INFO - Regula po iteracji 0: IF SLEEP >= 0.91 THEN class = {27.19} [15.97, 38.40], (p=14, n=2, P=69, N=56)
2026-04-14 12:14:48,906 - INFO - *****GROWING RR RULE*****
2026-04-14 12:14:48,917 - INFO - Iteracja 0: condition_best: None, quality_best: -inf, coverage_best: (p=0, n=0, P=0, N=0), p_value: 0
2026-04-14 12:14:48,917 - INFO - Regula po iteracji 0: IF  THEN class = {23.46} [7.65, 39.28], (p=98, n=27, P=98, N=27)
2026-04-14 12:14:48,917 - INFO - *****STOP GROWING RR RULE*****
2026-04-14 12:14:48,917 - INFO - ***RR NOT FOUND***
2026-04-14 12:14:48,919 - INFO - Iteracja 1: condition_best: SLEEP <= 0.93, quality_best: 0.485, coverage_best: (p=13, n=1, P=74, N=51)
2026-04-14 12:14:48,919 - INFO - Regula po iteracji 1: IF SLEEP >= 0.91 AND SLEEP <= 0.93 THEN class = {26.50} [14.82, 38.18], (p=13, n=1, P=74, N=51)
2026-04-14 12:14:48,920 - INFO - *****GROWING RR RULE*****
2026-04-14 12:14:48,931 - INFO - Iteracja 0: condition_best: None, quality_best: -inf, coverage_best: (p=0, n=0, P=0, N=0), p_value: 0
2026-04-14 12:14:48,931 - INFO - Regula po iteracji 0: IF  THEN class = {23.46} [7.65, 39.28], (p=98, n=27, P=98, N=27)
2026-04-14 12:14:48,931 - INFO - *****STOP GROWING RR RULE*****
2026-04-14 12:14:48,931 - INFO - ***RR NOT FOUND***
2026-04-14 12:14:48,933 - INFO - Iteracja 2: condition_best: THORAX >= 46.00, quality_best: 0.486, coverage_best: (p=12, n=1, P=69, N=56)
2026-04-14 12:14:48,933 - INFO - Regula po iteracji 2: IF SLEEP >= 0.91 AND SLEEP <= 0.93 AND THORAX >= 46.00 THEN class = {27.38} [15.73, 39.04], (p=12, n=1, P=69, N=56)
2026-04-14 12:14:48,933 - INFO - *****GROWING RR RULE*****
2026-04-14 12:14:48,944 - INFO - Iteracja 0: condition_best: None, quality_best: -inf, coverage_best: (p=0, n=0, P=0, N=0), p_value: 0
2026-04-14 12:14:48,945 - INFO - Regula po iteracji 0: IF  THEN class = {23.46} [7.65, 39.28], (p=98, n=27, P=98, N=27)
2026-04-14 12:14:48,945 - INFO - *****STOP GROWING RR RULE*****
2026-04-14 12:14:48,945 - INFO - ***RR NOT FOUND***
2026-04-14 12:14:48,946 - INFO - Iteracja 3: condition_best: THORAX >= 53.00, quality_best: 0.472, coverage_best: (p=11, n=1, P=69, N=56)
2026-04-14 12:14:48,946 - INFO - Regula po iteracji 3: IF SLEEP >= 0.91 AND SLEEP <= 0.93 AND THORAX >= 46.00 AND THORAX >= 53.00 THEN class = {27.67} [15.57, 39.76], (p=11, n=1, P=69, N=56)
2026-04-14 12:14:48,947 - INFO - *****GROWING RR RULE*****
2026-04-14 12:14:48,958 - INFO - Iteracja 0: condition_best: None, quality_best: -inf, coverage_best: (p=0, n=0, P=0, N=0), p_value: 0
2026-04-14 12:14:48,958 - INFO - Regula po iteracji 0: IF  THEN class = {23.46} [7.65, 39.28], (p=98, n=27, P=98, N=27)
2026-04-14 12:14:48,958 - INFO - *****STOP GROWING RR RULE*****
2026-04-14 12:14:48,958 - INFO - ***RR NOT FOUND***
2026-04-14 12:14:48,960 - INFO - Iteracja 4: condition_best: THORAX <= 94.00, quality_best: 0.45, coverage_best: (p=10, n=1, P=71, N=54)
2026-04-14 12:14:48,960 - INFO - Regula po iteracji 4: IF SLEEP >= 0.91 AND SLEEP <= 0.93 AND THORAX >= 46.00 AND THORAX >= 53.00 AND THORAX <= 94.00 THEN class = {28.36} [15.97, 40.76], (p=10, n=1, P=71, N=54)
2026-04-14 12:14:48,960 - INFO - *****GROWING RR RULE*****
2026-04-14 12:14:48,971 - INFO - Iteracja 0: condition_best: None, quality_best: -inf, coverage_best: (p=0, n=0, P=0, N=0), p_value: 0
2026-04-14 12:14:48,972 - INFO - Regula po iteracji 0: IF  THEN class = {23.46} [7.65, 39.28], (p=98, n=27, P=98, N=27)
2026-04-14 12:14:48,972 - INFO - *****STOP GROWING RR RULE*****
2026-04-14 12:14:48,972 - INFO - ***RR NOT FOUND***
2026-04-14 12:14:48,972 - INFO - *******STOP GROWING CR RULE*******
2026-04-14 12:14:48,973 - INFO - *******GROWING CR RULE*******
2026-04-14 12:14:48,979 - INFO - Iteracja 0: condition_best: SLEEP >= 0.91, quality_best: 0.434, coverage_best: (p=14, n=2, P=69, N=56)
2026-04-14 12:14:48,979 - INFO - Regula po iteracji 0: IF SLEEP >= 0.91 THEN class = {27.19} [15.97, 38.40], (p=14, n=2, P=69, N=56)
2026-04-14 12:14:48,979 - INFO - *****GROWING RR RULE*****
2026-04-14 12:14:48,991 - INFO - Iteracja 0: condition_best: None, quality_best: -inf, coverage_best: (p=0, n=0, P=0, N=0), p_value: 0
2026-04-14 12:14:48,991 - INFO - Regula po iteracji 0: IF  THEN class = {23.46} [7.65, 39.28], (p=98, n=27, P=98, N=27)
2026-04-14 12:14:48,991 - INFO - *****STOP GROWING RR RULE*****
2026-04-14 12:14:48,991 - INFO - ***RR NOT FOUND***
2026-04-14 12:14:48,992 - INFO - Iteracja 1: condition_best: None, quality_best: -inf, coverage_best: (p=0, n=0, P=0, N=0)
2026-04-14 12:14:48,992 - INFO - Regula po iteracji 1: IF SLEEP >= 0.91 THEN class = {27.19} [15.97, 38.40], (p=14, n=2, P=69, N=56)
2026-04-14 12:14:48,992 - INFO - *******STOP GROWING CR RULE*******
2026-04-14 12:14:48,993 - INFO - *******GROWING CR RULE*******
2026-04-14 12:14:49,000 - INFO - Iteracja 0: condition_best: SLEEP >= 0.89, quality_best: 0.287, coverage_best: (p=18, n=4, P=82, N=43)
2026-04-14 12:14:49,000 - INFO - Regula po iteracji 0: IF SLEEP >= 0.89 THEN class = {28.23} [13.28, 43.17], (p=18, n=4, P=82, N=43)
2026-04-14 12:14:49,000 - INFO - *****GROWING RR RULE*****
2026-04-14 12:14:49,011 - INFO - Iteracja 0: condition_best: None, quality_best: -inf, coverage_best: (p=0, n=0, P=0, N=0), p_value: 0
2026-04-14 12:14:49,011 - INFO - Regula po iteracji 0: IF  THEN class = {23.46} [7.65, 39.28], (p=98, n=27, P=98, N=27)
2026-04-14 12:14:49,011 - INFO - *****STOP GROWING RR RULE*****
2026-04-14 12:14:49,011 - INFO - ***RR NOT FOUND***
2026-04-14 12:14:49,013 - INFO - Iteracja 1: condition_best: THORAX <= 75.50, quality_best: 0.329, coverage_best: (p=12, n=2, P=83, N=42)
2026-04-14 12:14:49,013 - INFO - Regula po iteracji 1: IF SLEEP >= 0.89 AND THORAX <= 75.50 THEN class = {27.64} [12.33, 42.96], (p=12, n=2, P=83, N=42)
2026-04-14 12:14:49,014 - INFO - *****GROWING RR RULE*****
2026-04-14 12:14:49,025 - INFO - Iteracja 0: condition_best: None, quality_best: -inf, coverage_best: (p=0, n=0, P=0, N=0), p_value: 0
2026-04-14 12:14:49,025 - INFO - Regula po iteracji 0: IF  THEN class = {23.46} [7.65, 39.28], (p=98, n=27, P=98, N=27)
2026-04-14 12:14:49,025 - INFO - *****STOP GROWING RR RULE*****
2026-04-14 12:14:49,025 - INFO - ***RR NOT FOUND***
2026-04-14 12:14:49,026 - INFO - Iteracja 2: condition_best: THORAX >= 46.00, quality_best: 0.313, coverage_best: (p=11, n=2, P=82, N=43)
2026-04-14 12:14:49,027 - INFO - Regula po iteracji 2: IF SLEEP >= 0.89 AND THORAX <= 75.50 AND THORAX >= 46.00 THEN class = {28.62} [13.15, 44.09], (p=11, n=2, P=82, N=43)
2026-04-14 12:14:49,027 - INFO - *****GROWING RR RULE*****
2026-04-14 12:14:49,038 - INFO - Iteracja 0: condition_best: None, quality_best: -inf, coverage_best: (p=0, n=0, P=0, N=0), p_value: 0
2026-04-14 12:14:49,038 - INFO - Regula po iteracji 0: IF  THEN class = {23.46} [7.65, 39.28], (p=98, n=27, P=98, N=27)
2026-04-14 12:14:49,038 - INFO - *****STOP GROWING RR RULE*****
2026-04-14 12:14:49,038 - INFO - ***RR NOT FOUND***
2026-04-14 12:14:49,040 - INFO - Iteracja 3: condition_best: SLEEP <= 0.93, quality_best: 0.275, coverage_best: (p=10, n=2, P=84, N=41)
2026-04-14 12:14:49,040 - INFO - Regula po iteracji 3: IF SLEEP >= 0.89 AND THORAX <= 75.50 AND THORAX >= 46.00 AND SLEEP <= 0.93 THEN class = {27.92} [12.01, 43.82], (p=10, n=2, P=84, N=41)
2026-04-14 12:14:49,040 - INFO - *****GROWING RR RULE*****
2026-04-14 12:14:49,051 - INFO - Iteracja 0: condition_best: None, quality_best: -inf, coverage_best: (p=0, n=0, P=0, N=0), p_value: 0
2026-04-14 12:14:49,051 - INFO - Regula po iteracji 0: IF  THEN class = {23.46} [7.65, 39.28], (p=98, n=27, P=98, N=27)
2026-04-14 12:14:49,052 - INFO - *****STOP GROWING RR RULE*****
2026-04-14 12:14:49,052 - INFO - ***RR NOT FOUND***
2026-04-14 12:14:49,053 - INFO - Iteracja 4: condition_best: PARTNERS = {1}, quality_best: 0.244, coverage_best: (p=6, n=1, P=92, N=33)
2026-04-14 12:14:49,053 - INFO - Regula po iteracji 4: IF SLEEP >= 0.89 AND THORAX <= 75.50 AND THORAX >= 46.00 AND SLEEP <= 0.93 AND PARTNERS = {1} THEN class = {31.14} [11.82, 50.47], (p=6, n=1, P=92, N=33)
2026-04-14 12:14:49,053 - INFO - *****GROWING RR RULE*****
2026-04-14 12:14:49,065 - INFO - Iteracja 0: condition_best: None, quality_best: -inf, coverage_best: (p=0, n=0, P=0, N=0), p_value: 0
2026-04-14 12:14:49,065 - INFO - Regula po iteracji 0: IF  THEN class = {23.46} [7.65, 39.28], (p=98, n=27, P=98, N=27)
2026-04-14 12:14:49,065 - INFO - *****STOP GROWING RR RULE*****
2026-04-14 12:14:49,065 - INFO - ***RR NOT FOUND***
2026-04-14 12:14:49,065 - INFO - *******STOP GROWING CR RULE*******
2026-04-14 12:14:49,066 - INFO - *******GROWING CR RULE*******
2026-04-14 12:14:49,072 - INFO - Iteracja 0: condition_best: THORAX >= 61.50, quality_best: 0.273, coverage_best: (p=45, n=8, P=95, N=30)
2026-04-14 12:14:49,072 - INFO - Regula po iteracji 0: IF THORAX >= 61.50 THEN class = {23.60} [8.73, 38.48], (p=45, n=8, P=95, N=30)
2026-04-14 12:14:49,072 - INFO - *****GROWING RR RULE*****
2026-04-14 12:14:49,084 - INFO - Iteracja 0: condition_best: None, quality_best: -inf, coverage_best: (p=0, n=0, P=0, N=0), p_value: 0
2026-04-14 12:14:49,084 - INFO - Regula po iteracji 0: IF  THEN class = {23.46} [7.65, 39.28], (p=98, n=27, P=98, N=27)
2026-04-14 12:14:49,084 - INFO - *****STOP GROWING RR RULE*****
2026-04-14 12:14:49,084 - INFO - ***RR NOT FOUND***
2026-04-14 12:14:49,087 - INFO - Iteracja 1: condition_best: THORAX <= 75.50, quality_best: 0.389, coverage_best: (p=30, n=3, P=97, N=28)
2026-04-14 12:14:49,087 - INFO - Regula po iteracji 1: IF THORAX >= 61.50 AND THORAX <= 75.50 THEN class = {24.36} [8.72, 40.00], (p=30, n=3, P=97, N=28)
2026-04-14 12:14:49,087 - INFO - *****GROWING RR RULE*****
2026-04-14 12:14:49,099 - INFO - Iteracja 0: condition_best: None, quality_best: -inf, coverage_best: (p=0, n=0, P=0, N=0), p_value: 0
2026-04-14 12:14:49,099 - INFO - Regula po iteracji 0: IF  THEN class = {23.46} [7.65, 39.28], (p=98, n=27, P=98, N=27)
2026-04-14 12:14:49,099 - INFO - *****STOP GROWING RR RULE*****
2026-04-14 12:14:49,099 - INFO - ***RR NOT FOUND***
2026-04-14 12:14:49,101 - INFO - Iteracja 2: condition_best: SLEEP <= 0.86, quality_best: 0.454, coverage_best: (p=18, n=1, P=97, N=28)
2026-04-14 12:14:49,101 - INFO - Regula po iteracji 2: IF THORAX >= 61.50 AND THORAX <= 75.50 AND SLEEP <= 0.86 THEN class = {24.21} [8.28, 40.14], (p=18, n=1, P=97, N=28)
2026-04-14 12:14:49,101 - INFO - *****GROWING RR RULE*****
2026-04-14 12:14:49,112 - INFO - Iteracja 0: condition_best: None, quality_best: -inf, coverage_best: (p=0, n=0, P=0, N=0), p_value: 0
2026-04-14 12:14:49,113 - INFO - Regula po iteracji 0: IF  THEN class = {23.46} [7.65, 39.28], (p=98, n=27, P=98, N=27)
2026-04-14 12:14:49,113 - INFO - *****STOP GROWING RR RULE*****
2026-04-14 12:14:49,113 - INFO - ***RR NOT FOUND***
2026-04-14 12:14:49,114 - INFO - Iteracja 3: condition_best: THORAX <= 73.50, quality_best: 0.442, coverage_best: (p=17, n=1, P=97, N=28)
2026-04-14 12:14:49,114 - INFO - Regula po iteracji 3: IF THORAX >= 61.50 AND THORAX <= 75.50 AND SLEEP <= 0.86 AND THORAX <= 73.50 THEN class = {24.78} [8.60, 40.95], (p=17, n=1, P=97, N=28)
2026-04-14 12:14:49,115 - INFO - *****GROWING RR RULE*****
2026-04-14 12:14:49,126 - INFO - Iteracja 0: condition_best: None, quality_best: -inf, coverage_best: (p=0, n=0, P=0, N=0), p_value: 0
2026-04-14 12:14:49,126 - INFO - Regula po iteracji 0: IF  THEN class = {23.46} [7.65, 39.28], (p=98, n=27, P=98, N=27)
2026-04-14 12:14:49,126 - INFO - *****STOP GROWING RR RULE*****
2026-04-14 12:14:49,126 - INFO - ***RR NOT FOUND***
2026-04-14 12:14:49,128 - INFO - Iteracja 4: condition_best: SLEEP >= 0.74, quality_best: 0.41, coverage_best: (p=15, n=1, P=98, N=27)
2026-04-14 12:14:49,128 - INFO - Regula po iteracji 4: IF THORAX >= 61.50 AND THORAX <= 75.50 AND SLEEP <= 0.86 AND THORAX <= 73.50 AND SLEEP >= 0.74 THEN class = {25.19} [8.08, 42.29], (p=15, n=1, P=98, N=27)
2026-04-14 12:14:49,128 - INFO - *****GROWING RR RULE*****
2026-04-14 12:14:49,141 - INFO - Iteracja 0: condition_best: None, quality_best: -inf, coverage_best: (p=0, n=0, P=0, N=0), p_value: 0
2026-04-14 12:14:49,141 - INFO - Regula po iteracji 0: IF  THEN class = {23.46} [7.65, 39.28], (p=98, n=27, P=98, N=27)
2026-04-14 12:14:49,141 - INFO - *****STOP GROWING RR RULE*****
2026-04-14 12:14:49,141 - INFO - ***RR NOT FOUND***
2026-04-14 12:14:49,142 - INFO - *******STOP GROWING CR RULE*******
2026-04-14 12:14:49,142 - INFO - *******GROWING CR RULE*******
2026-04-14 12:14:49,149 - INFO - Iteracja 0: condition_best: THORAX >= 61.50, quality_best: 0.273, coverage_best: (p=45, n=8, P=95, N=30)
2026-04-14 12:14:49,149 - INFO - Regula po iteracji 0: IF THORAX >= 61.50 THEN class = {23.60} [8.73, 38.48], (p=45, n=8, P=95, N=30)
2026-04-14 12:14:49,149 - INFO - *****GROWING RR RULE*****
2026-04-14 12:14:49,160 - INFO - Iteracja 0: condition_best: None, quality_best: -inf, coverage_best: (p=0, n=0, P=0, N=0), p_value: 0
2026-04-14 12:14:49,160 - INFO - Regula po iteracji 0: IF  THEN class = {23.46} [7.65, 39.28], (p=98, n=27, P=98, N=27)
2026-04-14 12:14:49,160 - INFO - *****STOP GROWING RR RULE*****
2026-04-14 12:14:49,160 - INFO - ***RR NOT FOUND***
2026-04-14 12:14:49,163 - INFO - Iteracja 1: condition_best: THORAX <= 75.50, quality_best: 0.389, coverage_best: (p=30, n=3, P=97, N=28)
2026-04-14 12:14:49,164 - INFO - Regula po iteracji 1: IF THORAX >= 61.50 AND THORAX <= 75.50 THEN class = {24.36} [8.72, 40.00], (p=30, n=3, P=97, N=28)
2026-04-14 12:14:49,164 - INFO - *****GROWING RR RULE*****
2026-04-14 12:14:49,175 - INFO - Iteracja 0: condition_best: None, quality_best: -inf, coverage_best: (p=0, n=0, P=0, N=0), p_value: 0
2026-04-14 12:14:49,175 - INFO - Regula po iteracji 0: IF  THEN class = {23.46} [7.65, 39.28], (p=98, n=27, P=98, N=27)
2026-04-14 12:14:49,175 - INFO - *****STOP GROWING RR RULE*****
2026-04-14 12:14:49,175 - INFO - ***RR NOT FOUND***
2026-04-14 12:14:49,177 - INFO - Iteracja 2: condition_best: SLEEP >= 0.74, quality_best: 0.366, coverage_best: (p=28, n=3, P=97, N=28)
2026-04-14 12:14:49,177 - INFO - Regula po iteracji 2: IF THORAX >= 61.50 AND THORAX <= 75.50 AND SLEEP >= 0.74 THEN class = {24.55} [8.43, 40.66], (p=28, n=3, P=97, N=28)
2026-04-14 12:14:49,178 - INFO - *****GROWING RR RULE*****
2026-04-14 12:14:49,191 - INFO - Iteracja 0: condition_best: None, quality_best: -inf, coverage_best: (p=0, n=0, P=0, N=0), p_value: 0
2026-04-14 12:14:49,191 - INFO - Regula po iteracji 0: IF  THEN class = {23.46} [7.65, 39.28], (p=98, n=27, P=98, N=27)
2026-04-14 12:14:49,191 - INFO - *****STOP GROWING RR RULE*****
2026-04-14 12:14:49,191 - INFO - ***RR NOT FOUND***
2026-04-14 12:14:49,193 - INFO - Iteracja 3: condition_best: THORAX >= 62.50, quality_best: 0.341, coverage_best: (p=26, n=3, P=97, N=28)
2026-04-14 12:14:49,193 - INFO - Regula po iteracji 3: IF THORAX >= 61.50 AND THORAX <= 75.50 AND SLEEP >= 0.74 AND THORAX >= 62.50 THEN class = {25.31} [8.95, 41.67], (p=26, n=3, P=97, N=28)
2026-04-14 12:14:49,193 - INFO - *****GROWING RR RULE*****
2026-04-14 12:14:49,206 - INFO - Iteracja 0: condition_best: None, quality_best: -inf, coverage_best: (p=0, n=0, P=0, N=0), p_value: 0
2026-04-14 12:14:49,206 - INFO - Regula po iteracji 0: IF  THEN class = {23.46} [7.65, 39.28], (p=98, n=27, P=98, N=27)
2026-04-14 12:14:49,206 - INFO - *****STOP GROWING RR RULE*****
2026-04-14 12:14:49,206 - INFO - ***RR NOT FOUND***
2026-04-14 12:14:49,208 - INFO - Iteracja 4: condition_best: THORAX >= 66.50, quality_best: 0.335, coverage_best: (p=18, n=3, P=85, N=40)
2026-04-14 12:14:49,208 - INFO - Regula po iteracji 4: IF THORAX >= 61.50 AND THORAX <= 75.50 AND SLEEP >= 0.74 AND THORAX >= 62.50 AND THORAX >= 66.50 THEN class = {25.57} [11.96, 39.18], (p=18, n=3, P=85, N=40)
2026-04-14 12:14:49,209 - INFO - *****GROWING RR RULE*****
2026-04-14 12:14:49,220 - INFO - Iteracja 0: condition_best: None, quality_best: -inf, coverage_best: (p=0, n=0, P=0, N=0), p_value: 0
2026-04-14 12:14:49,220 - INFO - Regula po iteracji 0: IF  THEN class = {23.46} [7.65, 39.28], (p=98, n=27, P=98, N=27)
2026-04-14 12:14:49,220 - INFO - *****STOP GROWING RR RULE*****
2026-04-14 12:14:49,220 - INFO - ***RR NOT FOUND***
2026-04-14 12:14:49,220 - INFO - *******STOP GROWING CR RULE*******
2026-04-14 12:14:49,221 - INFO - *******GROWING CR RULE*******
2026-04-14 12:14:49,227 - INFO - Iteracja 0: condition_best: THORAX >= 61.50, quality_best: 0.273, coverage_best: (p=45, n=8, P=95, N=30)
2026-04-14 12:14:49,227 - INFO - Regula po iteracji 0: IF THORAX >= 61.50 THEN class = {23.60} [8.73, 38.48], (p=45, n=8, P=95, N=30)
2026-04-14 12:14:49,228 - INFO - *****GROWING RR RULE*****
2026-04-14 12:14:49,239 - INFO - Iteracja 0: condition_best: None, quality_best: -inf, coverage_best: (p=0, n=0, P=0, N=0), p_value: 0
2026-04-14 12:14:49,239 - INFO - Regula po iteracji 0: IF  THEN class = {23.46} [7.65, 39.28], (p=98, n=27, P=98, N=27)
2026-04-14 12:14:49,239 - INFO - *****STOP GROWING RR RULE*****
2026-04-14 12:14:49,239 - INFO - ***RR NOT FOUND***
2026-04-14 12:14:49,242 - INFO - Iteracja 1: condition_best: THORAX <= 78.00, quality_best: 0.369, coverage_best: (p=35, n=4, P=97, N=28)
2026-04-14 12:14:49,242 - INFO - Regula po iteracji 1: IF THORAX >= 61.50 AND THORAX <= 78.00 THEN class = {24.77} [8.89, 40.65], (p=35, n=4, P=97, N=28)
2026-04-14 12:14:49,242 - INFO - *****GROWING RR RULE*****
2026-04-14 12:14:49,254 - INFO - Iteracja 0: condition_best: None, quality_best: -inf, coverage_best: (p=0, n=0, P=0, N=0), p_value: 0
2026-04-14 12:14:49,254 - INFO - Regula po iteracji 0: IF  THEN class = {23.46} [7.65, 39.28], (p=98, n=27, P=98, N=27)
2026-04-14 12:14:49,254 - INFO - *****STOP GROWING RR RULE*****
2026-04-14 12:14:49,254 - INFO - ***RR NOT FOUND***
2026-04-14 12:14:49,256 - INFO - Iteracja 2: condition_best: SLEEP <= 0.93, quality_best: 0.347, coverage_best: (p=33, n=4, P=97, N=28)
2026-04-14 12:14:49,256 - INFO - Regula po iteracji 2: IF THORAX >= 61.50 AND THORAX <= 78.00 AND SLEEP <= 0.93 THEN class = {24.38} [8.21, 40.55], (p=33, n=4, P=97, N=28)
2026-04-14 12:14:49,256 - INFO - *****GROWING RR RULE*****
2026-04-14 12:14:49,268 - INFO - Iteracja 0: condition_best: None, quality_best: -inf, coverage_best: (p=0, n=0, P=0, N=0), p_value: 0
2026-04-14 12:14:49,268 - INFO - Regula po iteracji 0: IF  THEN class = {23.46} [7.65, 39.28], (p=98, n=27, P=98, N=27)
2026-04-14 12:14:49,268 - INFO - *****STOP GROWING RR RULE*****
2026-04-14 12:14:49,268 - INFO - ***RR NOT FOUND***
2026-04-14 12:14:49,270 - INFO - Iteracja 3: condition_best: SLEEP <= 0.91, quality_best: 0.304, coverage_best: (p=26, n=3, P=100, N=25)
2026-04-14 12:14:49,270 - INFO - Regula po iteracji 3: IF THORAX >= 61.50 AND THORAX <= 78.00 AND SLEEP <= 0.93 AND SLEEP <= 0.91 THEN class = {23.79} [7.11, 40.47], (p=26, n=3, P=100, N=25)
2026-04-14 12:14:49,270 - INFO - *****GROWING RR RULE*****
2026-04-14 12:14:49,283 - INFO - Iteracja 0: condition_best: None, quality_best: -inf, coverage_best: (p=0, n=0, P=0, N=0), p_value: 0
2026-04-14 12:14:49,284 - INFO - Regula po iteracji 0: IF  THEN class = {23.46} [7.65, 39.28], (p=98, n=27, P=98, N=27)
2026-04-14 12:14:49,284 - INFO - *****STOP GROWING RR RULE*****
2026-04-14 12:14:49,284 - INFO - ***RR NOT FOUND***
2026-04-14 12:14:49,286 - INFO - Iteracja 4: condition_best: SLEEP <= 0.89, quality_best: 0.238, coverage_best: (p=23, n=4, P=95, N=30)
2026-04-14 12:14:49,286 - INFO - Regula po iteracji 4: IF THORAX >= 61.50 AND THORAX <= 78.00 AND SLEEP <= 0.93 AND SLEEP <= 0.91 AND SLEEP <= 0.89 THEN class = {22.30} [7.72, 36.87], (p=23, n=4, P=95, N=30)
2026-04-14 12:14:49,286 - INFO - *****GROWING RR RULE*****
2026-04-14 12:14:49,297 - INFO - Iteracja 0: condition_best: None, quality_best: -inf, coverage_best: (p=0, n=0, P=0, N=0), p_value: 0
2026-04-14 12:14:49,298 - INFO - Regula po iteracji 0: IF  THEN class = {23.46} [7.65, 39.28], (p=98, n=27, P=98, N=27)
2026-04-14 12:14:49,298 - INFO - *****STOP GROWING RR RULE*****
2026-04-14 12:14:49,298 - INFO - ***RR NOT FOUND***
2026-04-14 12:14:49,298 - INFO - *******STOP GROWING CR RULE*******
2026-04-14 12:14:49,299 - INFO - *******GROWING CR RULE*******
2026-04-14 12:14:49,305 - INFO - Iteracja 0: condition_best: THORAX >= 61.50, quality_best: 0.273, coverage_best: (p=45, n=8, P=95, N=30)
2026-04-14 12:14:49,305 - INFO - Regula po iteracji 0: IF THORAX >= 61.50 THEN class = {23.60} [8.73, 38.48], (p=45, n=8, P=95, N=30)
2026-04-14 12:14:49,305 - INFO - *****GROWING RR RULE*****
2026-04-14 12:14:49,316 - INFO - Iteracja 0: condition_best: None, quality_best: -inf, coverage_best: (p=0, n=0, P=0, N=0), p_value: 0
2026-04-14 12:14:49,316 - INFO - Regula po iteracji 0: IF  THEN class = {23.46} [7.65, 39.28], (p=98, n=27, P=98, N=27)
2026-04-14 12:14:49,316 - INFO - *****STOP GROWING RR RULE*****
2026-04-14 12:14:49,317 - INFO - ***RR NOT FOUND***
2026-04-14 12:14:49,319 - INFO - Iteracja 1: condition_best: THORAX <= 83.50, quality_best: 0.324, coverage_best: (p=40, n=6, P=95, N=30)
2026-04-14 12:14:49,320 - INFO - Regula po iteracji 1: IF THORAX >= 61.50 AND THORAX <= 83.50 THEN class = {23.67} [8.35, 39.00], (p=40, n=6, P=95, N=30)
2026-04-14 12:14:49,320 - INFO - *****GROWING RR RULE*****
2026-04-14 12:14:49,331 - INFO - Iteracja 0: condition_best: None, quality_best: -inf, coverage_best: (p=0, n=0, P=0, N=0), p_value: 0
2026-04-14 12:14:49,331 - INFO - Regula po iteracji 0: IF  THEN class = {23.46} [7.65, 39.28], (p=98, n=27, P=98, N=27)
2026-04-14 12:14:49,331 - INFO - *****STOP GROWING RR RULE*****
2026-04-14 12:14:49,331 - INFO - ***RR NOT FOUND***
2026-04-14 12:14:49,334 - INFO - Iteracja 2: condition_best: THORAX >= 62.50, quality_best: 0.302, coverage_best: (p=38, n=6, P=95, N=30)
2026-04-14 12:14:49,334 - INFO - Regula po iteracji 2: IF THORAX >= 61.50 AND THORAX <= 83.50 AND THORAX >= 62.50 THEN class = {24.14} [8.64, 39.63], (p=38, n=6, P=95, N=30)
2026-04-14 12:14:49,334 - INFO - *****GROWING RR RULE*****
2026-04-14 12:14:49,346 - INFO - Iteracja 0: condition_best: None, quality_best: -inf, coverage_best: (p=0, n=0, P=0, N=0), p_value: 0
2026-04-14 12:14:49,346 - INFO - Regula po iteracji 0: IF  THEN class = {23.46} [7.65, 39.28], (p=98, n=27, P=98, N=27)
2026-04-14 12:14:49,346 - INFO - *****STOP GROWING RR RULE*****
2026-04-14 12:14:49,346 - INFO - ***RR NOT FOUND***
2026-04-14 12:14:49,348 - INFO - Iteracja 3: condition_best: SLEEP >= 0.74, quality_best: 0.324, coverage_best: (p=37, n=5, P=97, N=28)
2026-04-14 12:14:49,348 - INFO - Regula po iteracji 3: IF THORAX >= 61.50 AND THORAX <= 83.50 AND THORAX >= 62.50 AND SLEEP >= 0.74 THEN class = {24.26} [8.41, 40.11], (p=37, n=5, P=97, N=28)
2026-04-14 12:14:49,349 - INFO - *****GROWING RR RULE*****
2026-04-14 12:14:49,362 - INFO - Iteracja 0: condition_best: None, quality_best: -inf, coverage_best: (p=0, n=0, P=0, N=0), p_value: 0
2026-04-14 12:14:49,362 - INFO - Regula po iteracji 0: IF  THEN class = {23.46} [7.65, 39.28], (p=98, n=27, P=98, N=27)
2026-04-14 12:14:49,362 - INFO - *****STOP GROWING RR RULE*****
2026-04-14 12:14:49,362 - INFO - ***RR NOT FOUND***
2026-04-14 12:14:49,364 - INFO - Iteracja 4: condition_best: SLEEP >= 0.83, quality_best: 0.294, coverage_best: (p=29, n=7, P=82, N=43)
2026-04-14 12:14:49,364 - INFO - Regula po iteracji 4: IF THORAX >= 61.50 AND THORAX <= 83.50 AND THORAX >= 62.50 AND SLEEP >= 0.74 AND SLEEP >= 0.83 THEN class = {23.28} [10.06, 36.49], (p=29, n=7, P=82, N=43)
2026-04-14 12:14:49,365 - INFO - *****GROWING RR RULE*****
2026-04-14 12:14:49,376 - INFO - Iteracja 0: condition_best: None, quality_best: -inf, coverage_best: (p=0, n=0, P=0, N=0), p_value: 0
2026-04-14 12:14:49,376 - INFO - Regula po iteracji 0: IF  THEN class = {23.46} [7.65, 39.28], (p=98, n=27, P=98, N=27)
2026-04-14 12:14:49,376 - INFO - *****STOP GROWING RR RULE*****
2026-04-14 12:14:49,376 - INFO - ***RR NOT FOUND***
2026-04-14 12:14:49,376 - INFO - *******STOP GROWING CR RULE*******
2026-04-14 12:14:49,377 - INFO - *******GROWING CR RULE*******
2026-04-14 12:14:49,383 - INFO - Iteracja 0: condition_best: THORAX >= 61.50, quality_best: 0.273, coverage_best: (p=45, n=8, P=95, N=30)
2026-04-14 12:14:49,383 - INFO - Regula po iteracji 0: IF THORAX >= 61.50 THEN class = {23.60} [8.73, 38.48], (p=45, n=8, P=95, N=30)
2026-04-14 12:14:49,384 - INFO - *****GROWING RR RULE*****
2026-04-14 12:14:49,395 - INFO - Iteracja 0: condition_best: None, quality_best: -inf, coverage_best: (p=0, n=0, P=0, N=0), p_value: 0
2026-04-14 12:14:49,395 - INFO - Regula po iteracji 0: IF  THEN class = {23.46} [7.65, 39.28], (p=98, n=27, P=98, N=27)
2026-04-14 12:14:49,395 - INFO - *****STOP GROWING RR RULE*****
2026-04-14 12:14:49,395 - INFO - ***RR NOT FOUND***
2026-04-14 12:14:49,398 - INFO - Iteracja 1: condition_best: THORAX <= 96.50, quality_best: 0.263, coverage_best: (p=44, n=8, P=95, N=30)
2026-04-14 12:14:49,398 - INFO - Regula po iteracji 1: IF THORAX >= 61.50 AND THORAX <= 96.50 THEN class = {23.71} [8.71, 38.71], (p=44, n=8, P=95, N=30)
2026-04-14 12:14:49,398 - INFO - *****GROWING RR RULE*****
2026-04-14 12:14:49,410 - INFO - Iteracja 0: condition_best: None, quality_best: -inf, coverage_best: (p=0, n=0, P=0, N=0), p_value: 0
2026-04-14 12:14:49,410 - INFO - Regula po iteracji 0: IF  THEN class = {23.46} [7.65, 39.28], (p=98, n=27, P=98, N=27)
2026-04-14 12:14:49,410 - INFO - *****STOP GROWING RR RULE*****
2026-04-14 12:14:49,410 - INFO - ***RR NOT FOUND***
2026-04-14 12:14:49,413 - INFO - Iteracja 2: condition_best: THORAX >= 62.50, quality_best: 0.24, coverage_best: (p=42, n=8, P=95, N=30)
2026-04-14 12:14:49,413 - INFO - Regula po iteracji 2: IF THORAX >= 61.50 AND THORAX <= 96.50 AND THORAX >= 62.50 THEN class = {24.12} [8.98, 39.26], (p=42, n=8, P=95, N=30)
2026-04-14 12:14:49,413 - INFO - *****GROWING RR RULE*****
2026-04-14 12:14:49,424 - INFO - Iteracja 0: condition_best: None, quality_best: -inf, coverage_best: (p=0, n=0, P=0, N=0), p_value: 0
2026-04-14 12:14:49,425 - INFO - Regula po iteracji 0: IF  THEN class = {23.46} [7.65, 39.28], (p=98, n=27, P=98, N=27)
2026-04-14 12:14:49,425 - INFO - *****STOP GROWING RR RULE*****
2026-04-14 12:14:49,425 - INFO - ***RR NOT FOUND***
2026-04-14 12:14:49,428 - INFO - Iteracja 3: condition_best: THORAX >= 64.00, quality_best: 0.226, coverage_best: (p=38, n=8, P=93, N=32)
2026-04-14 12:14:49,428 - INFO - Regula po iteracji 3: IF THORAX >= 61.50 AND THORAX <= 96.50 AND THORAX >= 62.50 AND THORAX >= 64.00 THEN class = {24.74} [9.23, 40.25], (p=38, n=8, P=93, N=32)
2026-04-14 12:14:49,428 - INFO - *****GROWING RR RULE*****
2026-04-14 12:14:49,443 - INFO - Iteracja 0: condition_best: None, quality_best: -inf, coverage_best: (p=0, n=0, P=0, N=0), p_value: 0
2026-04-14 12:14:49,443 - INFO - Regula po iteracji 0: IF  THEN class = {23.46} [7.65, 39.28], (p=98, n=27, P=98, N=27)
2026-04-14 12:14:49,443 - INFO - *****STOP GROWING RR RULE*****
2026-04-14 12:14:49,443 - INFO - ***RR NOT FOUND***
2026-04-14 12:14:49,446 - INFO - Iteracja 4: condition_best: THORAX >= 66.50, quality_best: 0.215, coverage_best: (p=31, n=9, P=84, N=41)
2026-04-14 12:14:49,446 - INFO - Regula po iteracji 4: IF THORAX >= 61.50 AND THORAX <= 96.50 AND THORAX >= 62.50 AND THORAX >= 64.00 AND THORAX >= 66.50 THEN class = {24.15} [10.40, 37.90], (p=31, n=9, P=84, N=41)
2026-04-14 12:14:49,446 - INFO - *****GROWING RR RULE*****
2026-04-14 12:14:49,458 - INFO - Iteracja 0: condition_best: None, quality_best: -inf, coverage_best: (p=0, n=0, P=0, N=0), p_value: 0
2026-04-14 12:14:49,458 - INFO - Regula po iteracji 0: IF  THEN class = {23.46} [7.65, 39.28], (p=98, n=27, P=98, N=27)
2026-04-14 12:14:49,458 - INFO - *****STOP GROWING RR RULE*****
2026-04-14 12:14:49,458 - INFO - ***RR NOT FOUND***
2026-04-14 12:14:49,458 - INFO - *******STOP GROWING CR RULE*******
2026-04-14 12:14:49,459 - INFO - *******GROWING CR RULE*******
2026-04-14 12:14:49,465 - INFO - Iteracja 0: condition_best: THORAX <= 35.50, quality_best: 0.221, coverage_best: (p=10, n=4, P=67, N=58)
2026-04-14 12:14:49,465 - INFO - Regula po iteracji 0: IF THORAX <= 35.50 THEN class = {22.79} [13.46, 32.11], (p=10, n=4, P=67, N=58)
2026-04-14 12:14:49,465 - INFO - *****GROWING RR RULE*****
2026-04-14 12:14:49,476 - INFO - Iteracja 0: condition_best: None, quality_best: -inf, coverage_best: (p=0, n=0, P=0, N=0), p_value: 0
2026-04-14 12:14:49,476 - INFO - Regula po iteracji 0: IF  THEN class = {23.46} [7.65, 39.28], (p=98, n=27, P=98, N=27)
2026-04-14 12:14:49,477 - INFO - *****STOP GROWING RR RULE*****
2026-04-14 12:14:49,477 - INFO - ***RR NOT FOUND***
2026-04-14 12:14:49,478 - INFO - Iteracja 1: condition_best: THORAX >= 31.00, quality_best: 0.345, coverage_best: (p=5, n=2, P=35, N=90)
2026-04-14 12:14:49,478 - INFO - Regula po iteracji 1: IF THORAX <= 35.50 AND THORAX >= 31.00 THEN class = {25.86} [20.69, 31.02], (p=5, n=2, P=35, N=90)
2026-04-14 12:14:49,479 - INFO - *****GROWING RR RULE*****
2026-04-14 12:14:49,490 - INFO - Iteracja 0: condition_best: None, quality_best: -inf, coverage_best: (p=0, n=0, P=0, N=0), p_value: 0
2026-04-14 12:14:49,490 - INFO - Regula po iteracji 0: IF  THEN class = {23.46} [7.65, 39.28], (p=98, n=27, P=98, N=27)
2026-04-14 12:14:49,490 - INFO - *****STOP GROWING RR RULE*****
2026-04-14 12:14:49,490 - INFO - ***RR NOT FOUND***
2026-04-14 12:14:49,491 - INFO - Iteracja 2: condition_best: PARTNERS = {8}, quality_best: 0.345, coverage_best: (p=5, n=2, P=35, N=90)
2026-04-14 12:14:49,491 - INFO - Regula po iteracji 2: IF THORAX <= 35.50 AND THORAX >= 31.00 AND PARTNERS = {8} THEN class = {25.86} [20.69, 31.02], (p=5, n=2, P=35, N=90)
2026-04-14 12:14:49,492 - INFO - *****GROWING RR RULE*****
2026-04-14 12:14:49,503 - INFO - Iteracja 0: condition_best: None, quality_best: -inf, coverage_best: (p=0, n=0, P=0, N=0), p_value: 0
2026-04-14 12:14:49,503 - INFO - Regula po iteracji 0: IF  THEN class = {23.46} [7.65, 39.28], (p=98, n=27, P=98, N=27)
2026-04-14 12:14:49,503 - INFO - *****STOP GROWING RR RULE*****
2026-04-14 12:14:49,503 - INFO - ***RR NOT FOUND***
2026-04-14 12:14:49,504 - INFO - Iteracja 3: condition_best: TYPE = {1}, quality_best: 0.307, coverage_best: (p=4, n=2, P=33, N=92)
2026-04-14 12:14:49,504 - INFO - Regula po iteracji 3: IF THORAX <= 35.50 AND THORAX >= 31.00 AND PARTNERS = {8} AND TYPE = {1} THEN class = {26.50} [21.18, 31.82], (p=4, n=2, P=33, N=92)
2026-04-14 12:14:49,505 - INFO - *****GROWING RR RULE*****
2026-04-14 12:14:49,516 - INFO - Iteracja 0: condition_best: None, quality_best: -inf, coverage_best: (p=0, n=0, P=0, N=0), p_value: 0
2026-04-14 12:14:49,516 - INFO - Regula po iteracji 0: IF  THEN class = {23.46} [7.65, 39.28], (p=98, n=27, P=98, N=27)
2026-04-14 12:14:49,516 - INFO - *****STOP GROWING RR RULE*****
2026-04-14 12:14:49,516 - INFO - ***RR NOT FOUND***
2026-04-14 12:14:49,517 - INFO - Iteracja 4: condition_best: THORAX >= 32.50, quality_best: 0.418, coverage_best: (p=4, n=1, P=30, N=95)
2026-04-14 12:14:49,517 - INFO - Regula po iteracji 4: IF THORAX <= 35.50 AND THORAX >= 31.00 AND PARTNERS = {8} AND TYPE = {1} AND THORAX >= 32.50 THEN class = {27.40} [22.01, 32.79], (p=4, n=1, P=30, N=95)
2026-04-14 12:14:49,518 - INFO - *****GROWING RR RULE*****
2026-04-14 12:14:49,529 - INFO - Iteracja 0: condition_best: None, quality_best: -inf, coverage_best: (p=0, n=0, P=0, N=0), p_value: 0
2026-04-14 12:14:49,529 - INFO - Regula po iteracji 0: IF  THEN class = {23.46} [7.65, 39.28], (p=98, n=27, P=98, N=27)
2026-04-14 12:14:49,529 - INFO - *****STOP GROWING RR RULE*****
2026-04-14 12:14:49,529 - INFO - ***RR NOT FOUND***
2026-04-14 12:14:49,529 - INFO - *******STOP GROWING CR RULE*******
2026-04-14 12:14:49,530 - INFO - *******GROWING CR RULE*******
2026-04-14 12:14:49,536 - INFO - Iteracja 0: condition_best: THORAX <= 35.50, quality_best: 0.221, coverage_best: (p=10, n=4, P=67, N=58)
2026-04-14 12:14:49,536 - INFO - Regula po iteracji 0: IF THORAX <= 35.50 THEN class = {22.79} [13.46, 32.11], (p=10, n=4, P=67, N=58)
2026-04-14 12:14:49,536 - INFO - *****GROWING RR RULE*****
2026-04-14 12:14:49,548 - INFO - Iteracja 0: condition_best: None, quality_best: -inf, coverage_best: (p=0, n=0, P=0, N=0), p_value: 0
2026-04-14 12:14:49,548 - INFO - Regula po iteracji 0: IF  THEN class = {23.46} [7.65, 39.28], (p=98, n=27, P=98, N=27)
2026-04-14 12:14:49,548 - INFO - *****STOP GROWING RR RULE*****
2026-04-14 12:14:49,548 - INFO - ***RR NOT FOUND***
2026-04-14 12:14:49,550 - INFO - Iteracja 1: condition_best: THORAX >= 20.00, quality_best: 0.269, coverage_best: (p=7, n=4, P=41, N=84)
2026-04-14 12:14:49,550 - INFO - Regula po iteracji 1: IF THORAX <= 35.50 AND THORAX >= 20.00 THEN class = {25.00} [18.95, 31.05], (p=7, n=4, P=41, N=84)
2026-04-14 12:14:49,550 - INFO - *****GROWING RR RULE*****
2026-04-14 12:14:49,561 - INFO - Iteracja 0: condition_best: None, quality_best: -inf, coverage_best: (p=0, n=0, P=0, N=0), p_value: 0
2026-04-14 12:14:49,561 - INFO - Regula po iteracji 0: IF  THEN class = {23.46} [7.65, 39.28], (p=98, n=27, P=98, N=27)
2026-04-14 12:14:49,561 - INFO - *****STOP GROWING RR RULE*****
2026-04-14 12:14:49,561 - INFO - ***RR NOT FOUND***
2026-04-14 12:14:49,563 - INFO - Iteracja 2: condition_best: THORAX <= 33.50, quality_best: 0.36, coverage_best: (p=6, n=2, P=41, N=84)
2026-04-14 12:14:49,563 - INFO - Regula po iteracji 2: IF THORAX <= 35.50 AND THORAX >= 20.00 AND THORAX <= 33.50 THEN class = {25.88} [19.68, 32.07], (p=6, n=2, P=41, N=84)
2026-04-14 12:14:49,563 - INFO - *****GROWING RR RULE*****
2026-04-14 12:14:49,575 - INFO - Iteracja 0: condition_best: None, quality_best: -inf, coverage_best: (p=0, n=0, P=0, N=0), p_value: 0
2026-04-14 12:14:49,575 - INFO - Regula po iteracji 0: IF  THEN class = {23.46} [7.65, 39.28], (p=98, n=27, P=98, N=27)
2026-04-14 12:14:49,575 - INFO - *****STOP GROWING RR RULE*****
2026-04-14 12:14:49,575 - INFO - ***RR NOT FOUND***
2026-04-14 12:14:49,576 - INFO - Iteracja 3: condition_best: TYPE = {1}, quality_best: 0.36, coverage_best: (p=6, n=2, P=41, N=84)
2026-04-14 12:14:49,576 - INFO - Regula po iteracji 3: IF THORAX <= 35.50 AND THORAX >= 20.00 AND THORAX <= 33.50 AND TYPE = {1} THEN class = {25.88} [19.68, 32.07], (p=6, n=2, P=41, N=84)
2026-04-14 12:14:49,577 - INFO - *****GROWING RR RULE*****
2026-04-14 12:14:49,588 - INFO - Iteracja 0: condition_best: None, quality_best: -inf, coverage_best: (p=0, n=0, P=0, N=0), p_value: 0
2026-04-14 12:14:49,588 - INFO - Regula po iteracji 0: IF  THEN class = {23.46} [7.65, 39.28], (p=98, n=27, P=98, N=27)
2026-04-14 12:14:49,588 - INFO - *****STOP GROWING RR RULE*****
2026-04-14 12:14:49,588 - INFO - ***RR NOT FOUND***
2026-04-14 12:14:49,589 - INFO - Iteracja 4: condition_best: THORAX <= 32.50, quality_best: 0.177, coverage_best: (p=3, n=2, P=50, N=75)
2026-04-14 12:14:49,590 - INFO - Regula po iteracji 4: IF THORAX <= 35.50 AND THORAX >= 20.00 AND THORAX <= 33.50 AND TYPE = {1} AND THORAX <= 32.50 THEN class = {23.20} [16.83, 29.57], (p=3, n=2, P=50, N=75)
2026-04-14 12:14:49,590 - INFO - *****GROWING RR RULE*****
2026-04-14 12:14:49,601 - INFO - Iteracja 0: condition_best: None, quality_best: -inf, coverage_best: (p=0, n=0, P=0, N=0), p_value: 0
2026-04-14 12:14:49,601 - INFO - Regula po iteracji 0: IF  THEN class = {23.46} [7.65, 39.28], (p=98, n=27, P=98, N=27)
2026-04-14 12:14:49,601 - INFO - *****STOP GROWING RR RULE*****
2026-04-14 12:14:49,601 - INFO - ***RR NOT FOUND***
2026-04-14 12:14:49,601 - INFO - *******STOP GROWING CR RULE*******
2026-04-14 12:14:49,602 - INFO - *******GROWING CR RULE*******
2026-04-14 12:14:49,608 - INFO - Iteracja 0: condition_best: THORAX >= 58.50, quality_best: 0.194, coverage_best: (p=50, n=10, P=97, N=28)
2026-04-14 12:14:49,608 - INFO - Regula po iteracji 0: IF THORAX >= 58.50 THEN class = {22.57} [7.96, 37.17], (p=50, n=10, P=97, N=28)
2026-04-14 12:14:49,608 - INFO - *****GROWING RR RULE*****
2026-04-14 12:14:49,620 - INFO - Iteracja 0: condition_best: None, quality_best: -inf, coverage_best: (p=0, n=0, P=0, N=0), p_value: 0
2026-04-14 12:14:49,620 - INFO - Regula po iteracji 0: IF  THEN class = {23.46} [7.65, 39.28], (p=98, n=27, P=98, N=27)
2026-04-14 12:14:49,620 - INFO - *****STOP GROWING RR RULE*****
2026-04-14 12:14:49,620 - INFO - ***RR NOT FOUND***
2026-04-14 12:14:49,623 - INFO - Iteracja 1: condition_best: THORAX <= 66.50, quality_best: 0.403, coverage_best: (p=18, n=1, P=104, N=21)
2026-04-14 12:14:49,623 - INFO - Regula po iteracji 1: IF THORAX >= 58.50 AND THORAX <= 66.50 THEN class = {19.47} [3.37, 35.57], (p=18, n=1, P=104, N=21)
2026-04-14 12:14:49,623 - INFO - *****GROWING RR RULE*****
2026-04-14 12:14:49,635 - INFO - Iteracja 0: condition_best: None, quality_best: -inf, coverage_best: (p=0, n=0, P=0, N=0), p_value: 0
2026-04-14 12:14:49,635 - INFO - Regula po iteracji 0: IF  THEN class = {23.46} [7.65, 39.28], (p=98, n=27, P=98, N=27)
2026-04-14 12:14:49,635 - INFO - *****STOP GROWING RR RULE*****
2026-04-14 12:14:49,635 - INFO - ***RR NOT FOUND***
2026-04-14 12:14:49,637 - INFO - Iteracja 2: condition_best: THORAX >= 59.50, quality_best: 0.389, coverage_best: (p=17, n=1, P=104, N=21)
2026-04-14 12:14:49,637 - INFO - Regula po iteracji 2: IF THORAX >= 58.50 AND THORAX <= 66.50 AND THORAX >= 59.50 THEN class = {19.17} [2.68, 35.65], (p=17, n=1, P=104, N=21)
2026-04-14 12:14:49,637 - INFO - *****GROWING RR RULE*****
2026-04-14 12:14:49,648 - INFO - Iteracja 0: condition_best: None, quality_best: -inf, coverage_best: (p=0, n=0, P=0, N=0), p_value: 0
2026-04-14 12:14:49,648 - INFO - Regula po iteracji 0: IF  THEN class = {23.46} [7.65, 39.28], (p=98, n=27, P=98, N=27)
2026-04-14 12:14:49,648 - INFO - *****STOP GROWING RR RULE*****
2026-04-14 12:14:49,648 - INFO - ***RR NOT FOUND***
2026-04-14 12:14:49,650 - INFO - Iteracja 3: condition_best: THORAX <= 61.50, quality_best: 0.368, coverage_best: (p=5, n=1, P=60, N=65)
2026-04-14 12:14:49,650 - INFO - Regula po iteracji 3: IF THORAX >= 58.50 AND THORAX <= 66.50 AND THORAX >= 59.50 AND THORAX <= 61.50 THEN class = {13.00} [4.32, 21.68], (p=5, n=1, P=60, N=65)
2026-04-14 12:14:49,650 - INFO - *****GROWING RR RULE*****
2026-04-14 12:14:49,662 - INFO - Iteracja 0: condition_best: None, quality_best: -inf, coverage_best: (p=0, n=0, P=0, N=0), p_value: 0
2026-04-14 12:14:49,662 - INFO - Regula po iteracji 0: IF  THEN class = {23.46} [7.65, 39.28], (p=98, n=27, P=98, N=27)
2026-04-14 12:14:49,662 - INFO - *****STOP GROWING RR RULE*****
2026-04-14 12:14:49,662 - INFO - ***RR NOT FOUND***
2026-04-14 12:14:49,663 - INFO - Iteracja 4: condition_best: SLEEP >= 0.82, quality_best: 0.397, coverage_best: (p=4, n=1, P=37, N=88)
2026-04-14 12:14:49,663 - INFO - Regula po iteracji 4: IF THORAX >= 58.50 AND THORAX <= 66.50 AND THORAX >= 59.50 AND THORAX <= 61.50 AND SLEEP >= 0.82 THEN class = {9.80} [4.42, 15.18], (p=4, n=1, P=37, N=88)
2026-04-14 12:14:49,663 - INFO - *****GROWING RR RULE*****
2026-04-14 12:14:49,675 - INFO - Iteracja 0: condition_best: None, quality_best: -inf, coverage_best: (p=0, n=0, P=0, N=0), p_value: 0
2026-04-14 12:14:49,675 - INFO - Regula po iteracji 0: IF  THEN class = {23.46} [7.65, 39.28], (p=98, n=27, P=98, N=27)
2026-04-14 12:14:49,675 - INFO - *****STOP GROWING RR RULE*****
2026-04-14 12:14:49,675 - INFO - ***RR NOT FOUND***
2026-04-14 12:14:49,675 - INFO - *******STOP GROWING CR RULE*******
2026-04-14 12:14:49,676 - INFO - *******GROWING CR RULE*******
2026-04-14 12:14:49,682 - INFO - Iteracja 0: condition_best: SLEEP >= 0.77, quality_best: 0.192, coverage_best: (p=71, n=20, P=90, N=35)
2026-04-14 12:14:49,682 - INFO - Regula po iteracji 0: IF SLEEP >= 0.77 THEN class = {23.45} [9.27, 37.63], (p=71, n=20, P=90, N=35)
2026-04-14 12:14:49,682 - INFO - *****GROWING RR RULE*****
2026-04-14 12:14:49,693 - INFO - Iteracja 0: condition_best: None, quality_best: -inf, coverage_best: (p=0, n=0, P=0, N=0), p_value: 0
2026-04-14 12:14:49,693 - INFO - Regula po iteracji 0: IF  THEN class = {23.46} [7.65, 39.28], (p=98, n=27, P=98, N=27)
2026-04-14 12:14:49,693 - INFO - *****STOP GROWING RR RULE*****
2026-04-14 12:14:49,693 - INFO - ***RR NOT FOUND***
2026-04-14 12:14:49,698 - INFO - Iteracja 1: condition_best: THORAX <= 43.00, quality_best: 0.242, coverage_best: (p=7, n=3, P=59, N=66)
2026-04-14 12:14:49,698 - INFO - Regula po iteracji 1: IF SLEEP >= 0.77 AND THORAX <= 43.00 THEN class = {24.50} [15.96, 33.04], (p=7, n=3, P=59, N=66)
2026-04-14 12:14:49,698 - INFO - *****GROWING RR RULE*****
2026-04-14 12:14:49,710 - INFO - Iteracja 0: condition_best: None, quality_best: -inf, coverage_best: (p=0, n=0, P=0, N=0), p_value: 0
2026-04-14 12:14:49,710 - INFO - Regula po iteracji 0: IF  THEN class = {23.46} [7.65, 39.28], (p=98, n=27, P=98, N=27)
2026-04-14 12:14:49,710 - INFO - *****STOP GROWING RR RULE*****
2026-04-14 12:14:49,710 - INFO - ***RR NOT FOUND***
2026-04-14 12:14:49,711 - INFO - Iteracja 2: condition_best: THORAX >= 31.50, quality_best: 0.294, coverage_best: (p=6, n=2, P=58, N=67)
2026-04-14 12:14:49,711 - INFO - Regula po iteracji 2: IF SLEEP >= 0.77 AND THORAX <= 43.00 AND THORAX >= 31.50 THEN class = {23.75} [15.14, 32.36], (p=6, n=2, P=58, N=67)
2026-04-14 12:14:49,712 - INFO - *****GROWING RR RULE*****
2026-04-14 12:14:49,723 - INFO - Iteracja 0: condition_best: None, quality_best: -inf, coverage_best: (p=0, n=0, P=0, N=0), p_value: 0
2026-04-14 12:14:49,723 - INFO - Regula po iteracji 0: IF  THEN class = {23.46} [7.65, 39.28], (p=98, n=27, P=98, N=27)
2026-04-14 12:14:49,723 - INFO - *****STOP GROWING RR RULE*****
2026-04-14 12:14:49,723 - INFO - ***RR NOT FOUND***
2026-04-14 12:14:49,724 - INFO - Iteracja 3: condition_best: THORAX >= 33.50, quality_best: 0.057, coverage_best: (p=4, n=3, P=65, N=60)
2026-04-14 12:14:49,724 - INFO - Regula po iteracji 3: IF SLEEP >= 0.77 AND THORAX <= 43.00 AND THORAX >= 31.50 AND THORAX >= 33.50 THEN class = {22.57} [13.99, 31.15], (p=4, n=3, P=65, N=60)
2026-04-14 12:14:49,725 - INFO - *****GROWING RR RULE*****
2026-04-14 12:14:49,736 - INFO - Iteracja 0: condition_best: None, quality_best: -inf, coverage_best: (p=0, n=0, P=0, N=0), p_value: 0
2026-04-14 12:14:49,736 - INFO - Regula po iteracji 0: IF  THEN class = {23.46} [7.65, 39.28], (p=98, n=27, P=98, N=27)
2026-04-14 12:14:49,736 - INFO - *****STOP GROWING RR RULE*****
2026-04-14 12:14:49,736 - INFO - ***RR NOT FOUND***
2026-04-14 12:14:49,738 - INFO - Iteracja 4: condition_best: THORAX >= 35.00, quality_best: -0.151, coverage_best: (p=2, n=3, P=67, N=58)
2026-04-14 12:14:49,738 - INFO - Regula po iteracji 4: IF SLEEP >= 0.77 AND THORAX <= 43.00 AND THORAX >= 31.50 AND THORAX >= 33.50 AND THORAX >= 35.00 THEN class = {22.40} [12.99, 31.81], (p=2, n=3, P=67, N=58)
2026-04-14 12:14:49,738 - INFO - *****GROWING RR RULE*****
2026-04-14 12:14:49,752 - INFO - Iteracja 0: condition_best: None, quality_best: -inf, coverage_best: (p=0, n=0, P=0, N=0), p_value: 0
2026-04-14 12:14:49,753 - INFO - Regula po iteracji 0: IF  THEN class = {23.46} [7.65, 39.28], (p=98, n=27, P=98, N=27)
2026-04-14 12:14:49,753 - INFO - *****STOP GROWING RR RULE*****
2026-04-14 12:14:49,753 - INFO - ***RR NOT FOUND***
2026-04-14 12:14:49,753 - INFO - *******STOP GROWING CR RULE*******
2026-04-14 12:14:49,753 - INFO - *******GROWING CR RULE*******
2026-04-14 12:14:49,759 - INFO - Iteracja 0: condition_best: SLEEP >= 0.77, quality_best: 0.192, coverage_best: (p=71, n=20, P=90, N=35)
2026-04-14 12:14:49,759 - INFO - Regula po iteracji 0: IF SLEEP >= 0.77 THEN class = {23.45} [9.27, 37.63], (p=71, n=20, P=90, N=35)
2026-04-14 12:14:49,760 - INFO - *****GROWING RR RULE*****
2026-04-14 12:14:49,771 - INFO - Iteracja 0: condition_best: None, quality_best: -inf, coverage_best: (p=0, n=0, P=0, N=0), p_value: 0
2026-04-14 12:14:49,771 - INFO - Regula po iteracji 0: IF  THEN class = {23.46} [7.65, 39.28], (p=98, n=27, P=98, N=27)
2026-04-14 12:14:49,771 - INFO - *****STOP GROWING RR RULE*****
2026-04-14 12:14:49,771 - INFO - ***RR NOT FOUND***
2026-04-14 12:14:49,776 - INFO - Iteracja 1: condition_best: THORAX <= 75.50, quality_best: 0.224, coverage_best: (p=57, n=14, P=91, N=34)
2026-04-14 12:14:49,776 - INFO - Regula po iteracji 1: IF SLEEP >= 0.77 AND THORAX <= 75.50 THEN class = {23.76} [9.39, 38.13], (p=57, n=14, P=91, N=34)
2026-04-14 12:14:49,776 - INFO - *****GROWING RR RULE*****
2026-04-14 12:14:49,787 - INFO - Iteracja 0: condition_best: None, quality_best: -inf, coverage_best: (p=0, n=0, P=0, N=0), p_value: 0
2026-04-14 12:14:49,787 - INFO - Regula po iteracji 0: IF  THEN class = {23.46} [7.65, 39.28], (p=98, n=27, P=98, N=27)
2026-04-14 12:14:49,787 - INFO - *****STOP GROWING RR RULE*****
2026-04-14 12:14:49,787 - INFO - ***RR NOT FOUND***
2026-04-14 12:14:49,791 - INFO - Iteracja 2: condition_best: THORAX >= 28.00, quality_best: 0.214, coverage_best: (p=56, n=14, P=91, N=34)
2026-04-14 12:14:49,791 - INFO - Regula po iteracji 2: IF SLEEP >= 0.77 AND THORAX <= 75.50 AND THORAX >= 28.00 THEN class = {23.81} [9.35, 38.28], (p=56, n=14, P=91, N=34)
2026-04-14 12:14:49,792 - INFO - *****GROWING RR RULE*****
2026-04-14 12:14:49,803 - INFO - Iteracja 0: condition_best: None, quality_best: -inf, coverage_best: (p=0, n=0, P=0, N=0), p_value: 0
2026-04-14 12:14:49,803 - INFO - Regula po iteracji 0: IF  THEN class = {23.46} [7.65, 39.28], (p=98, n=27, P=98, N=27)
2026-04-14 12:14:49,803 - INFO - *****STOP GROWING RR RULE*****
2026-04-14 12:14:49,803 - INFO - ***RR NOT FOUND***
2026-04-14 12:14:49,807 - INFO - Iteracja 3: condition_best: SLEEP <= 0.83, quality_best: 0.331, coverage_best: (p=15, n=2, P=91, N=34)
2026-04-14 12:14:49,807 - INFO - Regula po iteracji 3: IF SLEEP >= 0.77 AND THORAX <= 75.50 AND THORAX >= 28.00 AND SLEEP <= 0.83 THEN class = {24.65} [9.89, 39.40], (p=15, n=2, P=91, N=34)
2026-04-14 12:14:49,807 - INFO - *****GROWING RR RULE*****
2026-04-14 12:14:49,818 - INFO - Iteracja 0: condition_best: None, quality_best: -inf, coverage_best: (p=0, n=0, P=0, N=0), p_value: 0
2026-04-14 12:14:49,818 - INFO - Regula po iteracji 0: IF  THEN class = {23.46} [7.65, 39.28], (p=98, n=27, P=98, N=27)
2026-04-14 12:14:49,819 - INFO - *****STOP GROWING RR RULE*****
2026-04-14 12:14:49,819 - INFO - ***RR NOT FOUND***
2026-04-14 12:14:49,821 - INFO - Iteracja 4: condition_best: THORAX <= 69.00, quality_best: 0.312, coverage_best: (p=14, n=2, P=91, N=34)
2026-04-14 12:14:49,821 - INFO - Regula po iteracji 4: IF SLEEP >= 0.77 AND THORAX <= 75.50 AND THORAX >= 28.00 AND SLEEP <= 0.83 AND THORAX <= 69.00 THEN class = {23.88} [9.00, 38.75], (p=14, n=2, P=91, N=34)
2026-04-14 12:14:49,821 - INFO - *****GROWING RR RULE*****
2026-04-14 12:14:49,832 - INFO - Iteracja 0: condition_best: None, quality_best: -inf, coverage_best: (p=0, n=0, P=0, N=0), p_value: 0
2026-04-14 12:14:49,833 - INFO - Regula po iteracji 0: IF  THEN class = {23.46} [7.65, 39.28], (p=98, n=27, P=98, N=27)
2026-04-14 12:14:49,833 - INFO - *****STOP GROWING RR RULE*****
2026-04-14 12:14:49,833 - INFO - ***RR NOT FOUND***
2026-04-14 12:14:49,833 - INFO - *******STOP GROWING CR RULE*******
2026-04-14 12:14:49,833 - INFO - *******GROWING CR RULE*******
2026-04-14 12:14:49,839 - INFO - Iteracja 0: condition_best: SLEEP >= 0.77, quality_best: 0.192, coverage_best: (p=71, n=20, P=90, N=35)
2026-04-14 12:14:49,839 - INFO - Regula po iteracji 0: IF SLEEP >= 0.77 THEN class = {23.45} [9.27, 37.63], (p=71, n=20, P=90, N=35)
2026-04-14 12:14:49,840 - INFO - *****GROWING RR RULE*****
2026-04-14 12:14:49,851 - INFO - Iteracja 0: condition_best: None, quality_best: -inf, coverage_best: (p=0, n=0, P=0, N=0), p_value: 0
2026-04-14 12:14:49,851 - INFO - Regula po iteracji 0: IF  THEN class = {23.46} [7.65, 39.28], (p=98, n=27, P=98, N=27)
2026-04-14 12:14:49,851 - INFO - *****STOP GROWING RR RULE*****
2026-04-14 12:14:49,851 - INFO - ***RR NOT FOUND***
2026-04-14 12:14:49,856 - INFO - Iteracja 1: condition_best: THORAX <= 75.50, quality_best: 0.224, coverage_best: (p=57, n=14, P=91, N=34)
2026-04-14 12:14:49,856 - INFO - Regula po iteracji 1: IF SLEEP >= 0.77 AND THORAX <= 75.50 THEN class = {23.76} [9.39, 38.13], (p=57, n=14, P=91, N=34)
2026-04-14 12:14:49,856 - INFO - *****GROWING RR RULE*****
2026-04-14 12:14:49,867 - INFO - Iteracja 0: condition_best: None, quality_best: -inf, coverage_best: (p=0, n=0, P=0, N=0), p_value: 0
2026-04-14 12:14:49,867 - INFO - Regula po iteracji 0: IF  THEN class = {23.46} [7.65, 39.28], (p=98, n=27, P=98, N=27)
2026-04-14 12:14:49,867 - INFO - *****STOP GROWING RR RULE*****
2026-04-14 12:14:49,867 - INFO - ***RR NOT FOUND***
2026-04-14 12:14:49,871 - INFO - Iteracja 2: condition_best: THORAX >= 28.00, quality_best: 0.214, coverage_best: (p=56, n=14, P=91, N=34)
2026-04-14 12:14:49,871 - INFO - Regula po iteracji 2: IF SLEEP >= 0.77 AND THORAX <= 75.50 AND THORAX >= 28.00 THEN class = {23.81} [9.35, 38.28], (p=56, n=14, P=91, N=34)
2026-04-14 12:14:49,871 - INFO - *****GROWING RR RULE*****
2026-04-14 12:14:49,882 - INFO - Iteracja 0: condition_best: None, quality_best: -inf, coverage_best: (p=0, n=0, P=0, N=0), p_value: 0
2026-04-14 12:14:49,883 - INFO - Regula po iteracji 0: IF  THEN class = {23.46} [7.65, 39.28], (p=98, n=27, P=98, N=27)
2026-04-14 12:14:49,883 - INFO - *****STOP GROWING RR RULE*****
2026-04-14 12:14:49,883 - INFO - ***RR NOT FOUND***
2026-04-14 12:14:49,886 - INFO - Iteracja 3: condition_best: THORAX >= 31.50, quality_best: 0.204, coverage_best: (p=55, n=14, P=91, N=34)
2026-04-14 12:14:49,886 - INFO - Regula po iteracji 3: IF SLEEP >= 0.77 AND THORAX <= 75.50 AND THORAX >= 28.00 AND THORAX >= 31.50 THEN class = {23.65} [9.14, 38.16], (p=55, n=14, P=91, N=34)
2026-04-14 12:14:49,887 - INFO - *****GROWING RR RULE*****
2026-04-14 12:14:49,898 - INFO - Iteracja 0: condition_best: None, quality_best: -inf, coverage_best: (p=0, n=0, P=0, N=0), p_value: 0
2026-04-14 12:14:49,898 - INFO - Regula po iteracji 0: IF  THEN class = {23.46} [7.65, 39.28], (p=98, n=27, P=98, N=27)
2026-04-14 12:14:49,898 - INFO - *****STOP GROWING RR RULE*****
2026-04-14 12:14:49,898 - INFO - ***RR NOT FOUND***
2026-04-14 12:14:49,902 - INFO - Iteracja 4: condition_best: THORAX >= 51.50, quality_best: 0.178, coverage_best: (p=39, n=10, P=91, N=34)
2026-04-14 12:14:49,902 - INFO - Regula po iteracji 4: IF SLEEP >= 0.77 AND THORAX <= 75.50 AND THORAX >= 28.00 AND THORAX >= 31.50 AND THORAX >= 51.50 THEN class = {23.88} [9.53, 38.22], (p=39, n=10, P=91, N=34)
2026-04-14 12:14:49,902 - INFO - *****GROWING RR RULE*****
2026-04-14 12:14:49,915 - INFO - Iteracja 0: condition_best: None, quality_best: -inf, coverage_best: (p=0, n=0, P=0, N=0), p_value: 0
2026-04-14 12:14:49,915 - INFO - Regula po iteracji 0: IF  THEN class = {23.46} [7.65, 39.28], (p=98, n=27, P=98, N=27)
2026-04-14 12:14:49,915 - INFO - *****STOP GROWING RR RULE*****
2026-04-14 12:14:49,915 - INFO - ***RR NOT FOUND***
2026-04-14 12:14:49,915 - INFO - *******STOP GROWING CR RULE*******
2026-04-14 12:14:49,916 - INFO - *******GROWING CR RULE*******
2026-04-14 12:14:49,922 - INFO - Iteracja 0: condition_best: SLEEP >= 0.77, quality_best: 0.192, coverage_best: (p=71, n=20, P=90, N=35)
2026-04-14 12:14:49,922 - INFO - Regula po iteracji 0: IF SLEEP >= 0.77 THEN class = {23.45} [9.27, 37.63], (p=71, n=20, P=90, N=35)
2026-04-14 12:14:49,922 - INFO - *****GROWING RR RULE*****
2026-04-14 12:14:49,933 - INFO - Iteracja 0: condition_best: None, quality_best: -inf, coverage_best: (p=0, n=0, P=0, N=0), p_value: 0
2026-04-14 12:14:49,934 - INFO - Regula po iteracji 0: IF  THEN class = {23.46} [7.65, 39.28], (p=98, n=27, P=98, N=27)
2026-04-14 12:14:49,934 - INFO - *****STOP GROWING RR RULE*****
2026-04-14 12:14:49,934 - INFO - ***RR NOT FOUND***
2026-04-14 12:14:49,938 - INFO - Iteracja 1: condition_best: THORAX <= 75.50, quality_best: 0.224, coverage_best: (p=57, n=14, P=91, N=34)
2026-04-14 12:14:49,938 - INFO - Regula po iteracji 1: IF SLEEP >= 0.77 AND THORAX <= 75.50 THEN class = {23.76} [9.39, 38.13], (p=57, n=14, P=91, N=34)
2026-04-14 12:14:49,939 - INFO - *****GROWING RR RULE*****
2026-04-14 12:14:49,950 - INFO - Iteracja 0: condition_best: None, quality_best: -inf, coverage_best: (p=0, n=0, P=0, N=0), p_value: 0
2026-04-14 12:14:49,950 - INFO - Regula po iteracji 0: IF  THEN class = {23.46} [7.65, 39.28], (p=98, n=27, P=98, N=27)
2026-04-14 12:14:49,950 - INFO - *****STOP GROWING RR RULE*****
2026-04-14 12:14:49,950 - INFO - ***RR NOT FOUND***
2026-04-14 12:14:49,954 - INFO - Iteracja 2: condition_best: THORAX >= 28.00, quality_best: 0.214, coverage_best: (p=56, n=14, P=91, N=34)
2026-04-14 12:14:49,954 - INFO - Regula po iteracji 2: IF SLEEP >= 0.77 AND THORAX <= 75.50 AND THORAX >= 28.00 THEN class = {23.81} [9.35, 38.28], (p=56, n=14, P=91, N=34)
2026-04-14 12:14:49,954 - INFO - *****GROWING RR RULE*****
2026-04-14 12:14:49,965 - INFO - Iteracja 0: condition_best: None, quality_best: -inf, coverage_best: (p=0, n=0, P=0, N=0), p_value: 0
2026-04-14 12:14:49,965 - INFO - Regula po iteracji 0: IF  THEN class = {23.46} [7.65, 39.28], (p=98, n=27, P=98, N=27)
2026-04-14 12:14:49,965 - INFO - *****STOP GROWING RR RULE*****
2026-04-14 12:14:49,965 - INFO - ***RR NOT FOUND***
2026-04-14 12:14:49,969 - INFO - Iteracja 3: condition_best: THORAX >= 31.50, quality_best: 0.204, coverage_best: (p=55, n=14, P=91, N=34)
2026-04-14 12:14:49,969 - INFO - Regula po iteracji 3: IF SLEEP >= 0.77 AND THORAX <= 75.50 AND THORAX >= 28.00 AND THORAX >= 31.50 THEN class = {23.65} [9.14, 38.16], (p=55, n=14, P=91, N=34)
2026-04-14 12:14:49,970 - INFO - *****GROWING RR RULE*****
2026-04-14 12:14:49,981 - INFO - Iteracja 0: condition_best: None, quality_best: -inf, coverage_best: (p=0, n=0, P=0, N=0), p_value: 0
2026-04-14 12:14:49,981 - INFO - Regula po iteracji 0: IF  THEN class = {23.46} [7.65, 39.28], (p=98, n=27, P=98, N=27)
2026-04-14 12:14:49,981 - INFO - *****STOP GROWING RR RULE*****
2026-04-14 12:14:49,981 - INFO - ***RR NOT FOUND***
2026-04-14 12:14:49,985 - INFO - Iteracja 4: condition_best: THORAX <= 73.50, quality_best: 0.162, coverage_best: (p=51, n=14, P=91, N=34)
2026-04-14 12:14:49,985 - INFO - Regula po iteracji 4: IF SLEEP >= 0.77 AND THORAX <= 75.50 AND THORAX >= 28.00 AND THORAX >= 31.50 AND THORAX <= 73.50 THEN class = {23.82} [9.06, 38.57], (p=51, n=14, P=91, N=34)
2026-04-14 12:14:49,985 - INFO - *****GROWING RR RULE*****
2026-04-14 12:14:49,996 - INFO - Iteracja 0: condition_best: None, quality_best: -inf, coverage_best: (p=0, n=0, P=0, N=0), p_value: 0
2026-04-14 12:14:49,997 - INFO - Regula po iteracji 0: IF  THEN class = {23.46} [7.65, 39.28], (p=98, n=27, P=98, N=27)
2026-04-14 12:14:49,997 - INFO - *****STOP GROWING RR RULE*****
2026-04-14 12:14:49,997 - INFO - ***RR NOT FOUND***
2026-04-14 12:14:49,997 - INFO - *******STOP GROWING CR RULE*******
2026-04-14 12:14:49,997 - INFO - *******GROWING CR RULE*******
2026-04-14 12:14:50,003 - INFO - Iteracja 0: condition_best: SLEEP >= 0.73, quality_best: 0.132, coverage_best: (p=84, n=20, P=97, N=28)
2026-04-14 12:14:50,003 - INFO - Regula po iteracji 0: IF SLEEP >= 0.73 THEN class = {24.12} [8.18, 40.07], (p=84, n=20, P=97, N=28)
2026-04-14 12:14:50,003 - INFO - *****GROWING RR RULE*****
2026-04-14 12:14:50,014 - INFO - Iteracja 0: condition_best: None, quality_best: -inf, coverage_best: (p=0, n=0, P=0, N=0), p_value: 0
2026-04-14 12:14:50,015 - INFO - Regula po iteracji 0: IF  THEN class = {23.46} [7.65, 39.28], (p=98, n=27, P=98, N=27)
2026-04-14 12:14:50,015 - INFO - *****STOP GROWING RR RULE*****
2026-04-14 12:14:50,015 - INFO - ***RR NOT FOUND***
2026-04-14 12:14:50,020 - INFO - Iteracja 1: condition_best: THORAX <= 46.50, quality_best: 0.34, coverage_best: (p=17, n=2, P=94, N=31)
2026-04-14 12:14:50,020 - INFO - Regula po iteracji 1: IF SLEEP >= 0.73 AND THORAX <= 46.50 THEN class = {26.32} [9.95, 42.68], (p=17, n=2, P=94, N=31)
2026-04-14 12:14:50,020 - INFO - *****GROWING RR RULE*****
2026-04-14 12:14:50,031 - INFO - Iteracja 0: condition_best: None, quality_best: -inf, coverage_best: (p=0, n=0, P=0, N=0), p_value: 0
2026-04-14 12:14:50,031 - INFO - Regula po iteracji 0: IF  THEN class = {23.46} [7.65, 39.28], (p=98, n=27, P=98, N=27)
2026-04-14 12:14:50,031 - INFO - *****STOP GROWING RR RULE*****
2026-04-14 12:14:50,031 - INFO - ***RR NOT FOUND***
2026-04-14 12:14:50,033 - INFO - Iteracja 2: condition_best: THORAX >= 33.50, quality_best: 0.345, coverage_best: (p=13, n=1, P=102, N=23)
2026-04-14 12:14:50,033 - INFO - Regula po iteracji 2: IF SLEEP >= 0.73 AND THORAX <= 46.50 AND THORAX >= 33.50 THEN class = {26.14} [7.60, 44.69], (p=13, n=1, P=102, N=23)
2026-04-14 12:14:50,034 - INFO - *****GROWING RR RULE*****
2026-04-14 12:14:50,045 - INFO - Iteracja 0: condition_best: None, quality_best: -inf, coverage_best: (p=0, n=0, P=0, N=0), p_value: 0
2026-04-14 12:14:50,045 - INFO - Regula po iteracji 0: IF  THEN class = {23.46} [7.65, 39.28], (p=98, n=27, P=98, N=27)
2026-04-14 12:14:50,045 - INFO - *****STOP GROWING RR RULE*****
2026-04-14 12:14:50,045 - INFO - ***RR NOT FOUND***
2026-04-14 12:14:50,047 - INFO - Iteracja 3: condition_best: THORAX >= 35.00, quality_best: 0.279, coverage_best: (p=11, n=1, P=104, N=21)
2026-04-14 12:14:50,047 - INFO - Regula po iteracji 3: IF SLEEP >= 0.73 AND THORAX <= 46.50 AND THORAX >= 33.50 AND THORAX >= 35.00 THEN class = {26.67} [6.84, 46.50], (p=11, n=1, P=104, N=21)
2026-04-14 12:14:50,047 - INFO - *****GROWING RR RULE*****
2026-04-14 12:14:50,060 - INFO - Iteracja 0: condition_best: None, quality_best: -inf, coverage_best: (p=0, n=0, P=0, N=0), p_value: 0
2026-04-14 12:14:50,060 - INFO - Regula po iteracji 0: IF  THEN class = {23.46} [7.65, 39.28], (p=98, n=27, P=98, N=27)
2026-04-14 12:14:50,060 - INFO - *****STOP GROWING RR RULE*****
2026-04-14 12:14:50,060 - INFO - ***RR NOT FOUND***
2026-04-14 12:14:50,062 - INFO - Iteracja 4: condition_best: SLEEP <= 0.90, quality_best: 0.278, coverage_best: (p=10, n=1, P=102, N=23)
2026-04-14 12:14:50,062 - INFO - Regula po iteracji 4: IF SLEEP >= 0.73 AND THORAX <= 46.50 AND THORAX >= 33.50 AND THORAX >= 35.00 AND SLEEP <= 0.90 THEN class = {27.73} [7.34, 48.11], (p=10, n=1, P=102, N=23)
2026-04-14 12:14:50,062 - INFO - *****GROWING RR RULE*****
2026-04-14 12:14:50,074 - INFO - Iteracja 0: condition_best: None, quality_best: -inf, coverage_best: (p=0, n=0, P=0, N=0), p_value: 0
2026-04-14 12:14:50,074 - INFO - Regula po iteracji 0: IF  THEN class = {23.46} [7.65, 39.28], (p=98, n=27, P=98, N=27)
2026-04-14 12:14:50,074 - INFO - *****STOP GROWING RR RULE*****
2026-04-14 12:14:50,074 - INFO - ***RR NOT FOUND***
2026-04-14 12:14:50,074 - INFO - *******STOP GROWING CR RULE*******
2026-04-14 12:14:50,075 - INFO - *******GROWING CR RULE*******
2026-04-14 12:14:50,080 - INFO - Iteracja 0: condition_best: SLEEP >= 0.73, quality_best: 0.132, coverage_best: (p=84, n=20, P=97, N=28)
2026-04-14 12:14:50,081 - INFO - Regula po iteracji 0: IF SLEEP >= 0.73 THEN class = {24.12} [8.18, 40.07], (p=84, n=20, P=97, N=28)
2026-04-14 12:14:50,081 - INFO - *****GROWING RR RULE*****
2026-04-14 12:14:50,092 - INFO - Iteracja 0: condition_best: None, quality_best: -inf, coverage_best: (p=0, n=0, P=0, N=0), p_value: 0
2026-04-14 12:14:50,092 - INFO - Regula po iteracji 0: IF  THEN class = {23.46} [7.65, 39.28], (p=98, n=27, P=98, N=27)
2026-04-14 12:14:50,092 - INFO - *****STOP GROWING RR RULE*****
2026-04-14 12:14:50,092 - INFO - ***RR NOT FOUND***
2026-04-14 12:14:50,097 - INFO - Iteracja 1: condition_best: SLEEP <= 0.93, quality_best: 0.154, coverage_best: (p=85, n=17, P=100, N=25)
2026-04-14 12:14:50,097 - INFO - Regula po iteracji 1: IF SLEEP >= 0.73 AND SLEEP <= 0.93 THEN class = {23.97} [7.92, 40.02], (p=85, n=17, P=100, N=25)
2026-04-14 12:14:50,097 - INFO - *****GROWING RR RULE*****
2026-04-14 12:14:50,108 - INFO - Iteracja 0: condition_best: None, quality_best: -inf, coverage_best: (p=0, n=0, P=0, N=0), p_value: 0
2026-04-14 12:14:50,108 - INFO - Regula po iteracji 0: IF  THEN class = {23.46} [7.65, 39.28], (p=98, n=27, P=98, N=27)
2026-04-14 12:14:50,109 - INFO - *****STOP GROWING RR RULE*****
2026-04-14 12:14:50,109 - INFO - ***RR NOT FOUND***
2026-04-14 12:14:50,113 - INFO - Iteracja 2: condition_best: THORAX >= 28.00, quality_best: 0.146, coverage_best: (p=84, n=17, P=100, N=25)
2026-04-14 12:14:50,114 - INFO - Regula po iteracji 2: IF SLEEP >= 0.73 AND SLEEP <= 0.93 AND THORAX >= 28.00 THEN class = {24.01} [7.88, 40.14], (p=84, n=17, P=100, N=25)
2026-04-14 12:14:50,114 - INFO - *****GROWING RR RULE*****
2026-04-14 12:14:50,125 - INFO - Iteracja 0: condition_best: None, quality_best: -inf, coverage_best: (p=0, n=0, P=0, N=0), p_value: 0
2026-04-14 12:14:50,125 - INFO - Regula po iteracji 0: IF  THEN class = {23.46} [7.65, 39.28], (p=98, n=27, P=98, N=27)
2026-04-14 12:14:50,125 - INFO - *****STOP GROWING RR RULE*****
2026-04-14 12:14:50,125 - INFO - ***RR NOT FOUND***
2026-04-14 12:14:50,130 - INFO - Iteracja 3: condition_best: SLEEP >= 0.75, quality_best: 0.137, coverage_best: (p=83, n=17, P=100, N=25)
2026-04-14 12:14:50,130 - INFO - Regula po iteracji 3: IF SLEEP >= 0.73 AND SLEEP <= 0.93 AND THORAX >= 28.00 AND SLEEP >= 0.75 THEN class = {23.94} [7.75, 40.13], (p=83, n=17, P=100, N=25)
2026-04-14 12:14:50,130 - INFO - *****GROWING RR RULE*****
2026-04-14 12:14:50,142 - INFO - Iteracja 0: condition_best: None, quality_best: -inf, coverage_best: (p=0, n=0, P=0, N=0), p_value: 0
2026-04-14 12:14:50,142 - INFO - Regula po iteracji 0: IF  THEN class = {23.46} [7.65, 39.28], (p=98, n=27, P=98, N=27)
2026-04-14 12:14:50,142 - INFO - *****STOP GROWING RR RULE*****
2026-04-14 12:14:50,142 - INFO - ***RR NOT FOUND***
2026-04-14 12:14:50,147 - INFO - Iteracja 4: condition_best: THORAX >= 31.50, quality_best: 0.12, coverage_best: (p=81, n=17, P=100, N=25)
2026-04-14 12:14:50,147 - INFO - Regula po iteracji 4: IF SLEEP >= 0.73 AND SLEEP <= 0.93 AND THORAX >= 28.00 AND SLEEP >= 0.75 AND THORAX >= 31.50 THEN class = {23.91} [7.61, 40.21], (p=81, n=17, P=100, N=25)
2026-04-14 12:14:50,147 - INFO - *****GROWING RR RULE*****
2026-04-14 12:14:50,158 - INFO - Iteracja 0: condition_best: None, quality_best: -inf, coverage_best: (p=0, n=0, P=0, N=0), p_value: 0
2026-04-14 12:14:50,158 - INFO - Regula po iteracji 0: IF  THEN class = {23.46} [7.65, 39.28], (p=98, n=27, P=98, N=27)
2026-04-14 12:14:50,158 - INFO - *****STOP GROWING RR RULE*****
2026-04-14 12:14:50,158 - INFO - ***RR NOT FOUND***
2026-04-14 12:14:50,159 - INFO - *******STOP GROWING CR RULE*******
2026-04-14 12:14:50,159 - INFO - *******GROWING CR RULE*******
2026-04-14 12:14:50,165 - INFO - Iteracja 0: condition_best: PARTNERS = {8}, quality_best: 0.118, coverage_best: (p=41, n=9, P=98, N=27)
2026-04-14 12:14:50,165 - INFO - Regula po iteracji 0: IF PARTNERS = {8} THEN class = {22.96} [7.18, 38.74], (p=41, n=9, P=98, N=27)
2026-04-14 12:14:50,165 - INFO - *****GROWING RR RULE*****
2026-04-14 12:14:50,178 - INFO - Iteracja 0: condition_best: None, quality_best: -inf, coverage_best: (p=0, n=0, P=0, N=0), p_value: 0
2026-04-14 12:14:50,178 - INFO - Regula po iteracji 0: IF  THEN class = {23.46} [7.65, 39.28], (p=98, n=27, P=98, N=27)
2026-04-14 12:14:50,178 - INFO - *****STOP GROWING RR RULE*****
2026-04-14 12:14:50,178 - INFO - ***RR NOT FOUND***
2026-04-14 12:14:50,182 - INFO - Iteracja 1: condition_best: THORAX <= 83.50, quality_best: 0.173, coverage_best: (p=41, n=8, P=98, N=27)
2026-04-14 12:14:50,182 - INFO - Regula po iteracji 1: IF PARTNERS = {8} AND THORAX <= 83.50 THEN class = {23.31} [7.56, 39.05], (p=41, n=8, P=98, N=27)
2026-04-14 12:14:50,182 - INFO - *****GROWING RR RULE*****
2026-04-14 12:14:50,193 - INFO - Iteracja 0: condition_best: None, quality_best: -inf, coverage_best: (p=0, n=0, P=0, N=0), p_value: 0
2026-04-14 12:14:50,193 - INFO - Regula po iteracji 0: IF  THEN class = {23.46} [7.65, 39.28], (p=98, n=27, P=98, N=27)
2026-04-14 12:14:50,193 - INFO - *****STOP GROWING RR RULE*****
2026-04-14 12:14:50,193 - INFO - ***RR NOT FOUND***
2026-04-14 12:14:50,197 - INFO - Iteracja 2: condition_best: THORAX >= 17.50, quality_best: 0.161, coverage_best: (p=40, n=8, P=98, N=27)
2026-04-14 12:14:50,197 - INFO - Regula po iteracji 2: IF PARTNERS = {8} AND THORAX <= 83.50 AND THORAX >= 17.50 THEN class = {23.08} [7.25, 38.92], (p=40, n=8, P=98, N=27)
2026-04-14 12:14:50,197 - INFO - *****GROWING RR RULE*****
2026-04-14 12:14:50,208 - INFO - Iteracja 0: condition_best: None, quality_best: -inf, coverage_best: (p=0, n=0, P=0, N=0), p_value: 0
2026-04-14 12:14:50,208 - INFO - Regula po iteracji 0: IF  THEN class = {23.46} [7.65, 39.28], (p=98, n=27, P=98, N=27)
2026-04-14 12:14:50,208 - INFO - *****STOP GROWING RR RULE*****
2026-04-14 12:14:50,208 - INFO - ***RR NOT FOUND***
2026-04-14 12:14:50,212 - INFO - Iteracja 3: condition_best: SLEEP <= 0.93, quality_best: 0.148, coverage_best: (p=39, n=8, P=98, N=27)
2026-04-14 12:14:50,212 - INFO - Regula po iteracji 3: IF PARTNERS = {8} AND THORAX <= 83.50 AND THORAX >= 17.50 AND SLEEP <= 0.93 THEN class = {23.00} [7.01, 38.99], (p=39, n=8, P=98, N=27)
2026-04-14 12:14:50,212 - INFO - *****GROWING RR RULE*****
2026-04-14 12:14:50,223 - INFO - Iteracja 0: condition_best: None, quality_best: -inf, coverage_best: (p=0, n=0, P=0, N=0), p_value: 0
2026-04-14 12:14:50,224 - INFO - Regula po iteracji 0: IF  THEN class = {23.46} [7.65, 39.28], (p=98, n=27, P=98, N=27)
2026-04-14 12:14:50,224 - INFO - *****STOP GROWING RR RULE*****
2026-04-14 12:14:50,224 - INFO - ***RR NOT FOUND***
2026-04-14 12:14:50,227 - INFO - Iteracja 4: condition_best: THORAX <= 79.00, quality_best: 0.076, coverage_best: (p=37, n=8, P=100, N=25)
2026-04-14 12:14:50,227 - INFO - Regula po iteracji 4: IF PARTNERS = {8} AND THORAX <= 83.50 AND THORAX >= 17.50 AND SLEEP <= 0.93 AND THORAX <= 79.00 THEN class = {23.07} [6.80, 39.33], (p=37, n=8, P=100, N=25)
2026-04-14 12:14:50,228 - INFO - *****GROWING RR RULE*****
2026-04-14 12:14:50,239 - INFO - Iteracja 0: condition_best: None, quality_best: -inf, coverage_best: (p=0, n=0, P=0, N=0), p_value: 0
2026-04-14 12:14:50,239 - INFO - Regula po iteracji 0: IF  THEN class = {23.46} [7.65, 39.28], (p=98, n=27, P=98, N=27)
2026-04-14 12:14:50,239 - INFO - *****STOP GROWING RR RULE*****
2026-04-14 12:14:50,239 - INFO - ***RR NOT FOUND***
2026-04-14 12:14:50,239 - INFO - *******STOP GROWING CR RULE*******
2026-04-14 12:14:50,239 - INFO - *******GROWING CR RULE*******
2026-04-14 12:14:50,245 - INFO - Iteracja 0: condition_best: SLEEP >= 0.69, quality_best: 0.103, coverage_best: (p=92, n=22, P=98, N=27)
2026-04-14 12:14:50,245 - INFO - Regula po iteracji 0: IF SLEEP >= 0.69 THEN class = {23.50} [7.91, 39.09], (p=92, n=22, P=98, N=27)
2026-04-14 12:14:50,245 - INFO - *****GROWING RR RULE*****
2026-04-14 12:14:50,257 - INFO - Iteracja 0: condition_best: None, quality_best: -inf, coverage_best: (p=0, n=0, P=0, N=0), p_value: 0
2026-04-14 12:14:50,257 - INFO - Regula po iteracji 0: IF  THEN class = {23.46} [7.65, 39.28], (p=98, n=27, P=98, N=27)
2026-04-14 12:14:50,257 - INFO - *****STOP GROWING RR RULE*****
2026-04-14 12:14:50,257 - INFO - ***RR NOT FOUND***
2026-04-14 12:14:50,262 - INFO - Iteracja 1: condition_best: THORAX <= 78.00, quality_best: 0.137, coverage_best: (p=83, n=17, P=100, N=25)
2026-04-14 12:14:50,262 - INFO - Regula po iteracji 1: IF SLEEP >= 0.69 AND THORAX <= 78.00 THEN class = {23.94} [7.86, 40.02], (p=83, n=17, P=100, N=25)
2026-04-14 12:14:50,262 - INFO - *****GROWING RR RULE*****
2026-04-14 12:14:50,273 - INFO - Iteracja 0: condition_best: None, quality_best: -inf, coverage_best: (p=0, n=0, P=0, N=0), p_value: 0
2026-04-14 12:14:50,274 - INFO - Regula po iteracji 0: IF  THEN class = {23.46} [7.65, 39.28], (p=98, n=27, P=98, N=27)
2026-04-14 12:14:50,274 - INFO - *****STOP GROWING RR RULE*****
2026-04-14 12:14:50,274 - INFO - ***RR NOT FOUND***
2026-04-14 12:14:50,278 - INFO - Iteracja 2: condition_best: THORAX >= 28.00, quality_best: 0.129, coverage_best: (p=82, n=17, P=100, N=25)
2026-04-14 12:14:50,278 - INFO - Regula po iteracji 2: IF SLEEP >= 0.69 AND THORAX <= 78.00 AND THORAX >= 28.00 THEN class = {23.98} [7.82, 40.14], (p=82, n=17, P=100, N=25)
2026-04-14 12:14:50,279 - INFO - *****GROWING RR RULE*****
2026-04-14 12:14:50,291 - INFO - Iteracja 0: condition_best: None, quality_best: -inf, coverage_best: (p=0, n=0, P=0, N=0), p_value: 0
2026-04-14 12:14:50,291 - INFO - Regula po iteracji 0: IF  THEN class = {23.46} [7.65, 39.28], (p=98, n=27, P=98, N=27)
2026-04-14 12:14:50,291 - INFO - *****STOP GROWING RR RULE*****
2026-04-14 12:14:50,291 - INFO - ***RR NOT FOUND***
2026-04-14 12:14:50,295 - INFO - Iteracja 3: condition_best: SLEEP <= 0.89, quality_best: 0.113, coverage_best: (p=67, n=14, P=100, N=25)
2026-04-14 12:14:50,296 - INFO - Regula po iteracji 3: IF SLEEP >= 0.69 AND THORAX <= 78.00 AND THORAX >= 28.00 AND SLEEP <= 0.89 THEN class = {22.81} [6.79, 38.84], (p=67, n=14, P=100, N=25)
2026-04-14 12:14:50,296 - INFO - *****GROWING RR RULE*****
2026-04-14 12:14:50,307 - INFO - Iteracja 0: condition_best: None, quality_best: -inf, coverage_best: (p=0, n=0, P=0, N=0), p_value: 0
2026-04-14 12:14:50,307 - INFO - Regula po iteracji 0: IF  THEN class = {23.46} [7.65, 39.28], (p=98, n=27, P=98, N=27)
2026-04-14 12:14:50,307 - INFO - *****STOP GROWING RR RULE*****
2026-04-14 12:14:50,307 - INFO - ***RR NOT FOUND***
2026-04-14 12:14:50,311 - INFO - Iteracja 4: condition_best: THORAX <= 71.50, quality_best: 0.118, coverage_best: (p=63, n=13, P=100, N=25)
2026-04-14 12:14:50,311 - INFO - Regula po iteracji 4: IF SLEEP >= 0.69 AND THORAX <= 78.00 AND THORAX >= 28.00 AND SLEEP <= 0.89 AND THORAX <= 71.50 THEN class = {22.83} [6.61, 39.05], (p=63, n=13, P=100, N=25)
2026-04-14 12:14:50,312 - INFO - *****GROWING RR RULE*****
2026-04-14 12:14:50,323 - INFO - Iteracja 0: condition_best: None, quality_best: -inf, coverage_best: (p=0, n=0, P=0, N=0), p_value: 0
2026-04-14 12:14:50,323 - INFO - Regula po iteracji 0: IF  THEN class = {23.46} [7.65, 39.28], (p=98, n=27, P=98, N=27)
2026-04-14 12:14:50,323 - INFO - *****STOP GROWING RR RULE*****
2026-04-14 12:14:50,323 - INFO - ***RR NOT FOUND***
2026-04-14 12:14:50,323 - INFO - *******STOP GROWING CR RULE*******
2026-04-14 12:14:50,324 - INFO - *******GROWING CR RULE*******
2026-04-14 12:14:50,329 - INFO - Iteracja 0: condition_best: THORAX <= 17.50, quality_best: 1.0, coverage_best: (p=1, n=0, P=1, N=124)
2026-04-14 12:14:50,329 - INFO - Regula po iteracji 0: IF THORAX <= 17.50 THEN class = {34.00} [34.00, 34.00], (p=1, n=0, P=1, N=124)
2026-04-14 12:14:50,330 - INFO - *****GROWING RR RULE*****
2026-04-14 12:14:50,341 - INFO - Iteracja 0: condition_best: None, quality_best: -inf, coverage_best: (p=0, n=0, P=0, N=0), p_value: 0
2026-04-14 12:14:50,341 - INFO - Regula po iteracji 0: IF  THEN class = {23.46} [7.65, 39.28], (p=98, n=27, P=98, N=27)
2026-04-14 12:14:50,341 - INFO - *****STOP GROWING RR RULE*****
2026-04-14 12:14:50,341 - INFO - ***RR NOT FOUND***
2026-04-14 12:14:50,341 - INFO - Iteracja 1: condition_best: PARTNERS = {8}, quality_best: 1.0, coverage_best: (p=1, n=0, P=1, N=124)
2026-04-14 12:14:50,342 - INFO - Regula po iteracji 1: IF THORAX <= 17.50 AND PARTNERS = {8} THEN class = {34.00} [34.00, 34.00], (p=1, n=0, P=1, N=124)
2026-04-14 12:14:50,342 - INFO - *****GROWING RR RULE*****
2026-04-14 12:14:50,353 - INFO - Iteracja 0: condition_best: None, quality_best: -inf, coverage_best: (p=0, n=0, P=0, N=0), p_value: 0
2026-04-14 12:14:50,353 - INFO - Regula po iteracji 0: IF  THEN class = {23.46} [7.65, 39.28], (p=98, n=27, P=98, N=27)
2026-04-14 12:14:50,353 - INFO - *****STOP GROWING RR RULE*****
2026-04-14 12:14:50,353 - INFO - ***RR NOT FOUND***
2026-04-14 12:14:50,354 - INFO - Iteracja 2: condition_best: TYPE = {1}, quality_best: 1.0, coverage_best: (p=1, n=0, P=1, N=124)
2026-04-14 12:14:50,354 - INFO - Regula po iteracji 2: IF THORAX <= 17.50 AND PARTNERS = {8} AND TYPE = {1} THEN class = {34.00} [34.00, 34.00], (p=1, n=0, P=1, N=124)
2026-04-14 12:14:50,354 - INFO - *****GROWING RR RULE*****
2026-04-14 12:14:50,365 - INFO - Iteracja 0: condition_best: None, quality_best: -inf, coverage_best: (p=0, n=0, P=0, N=0), p_value: 0
2026-04-14 12:14:50,365 - INFO - Regula po iteracji 0: IF  THEN class = {23.46} [7.65, 39.28], (p=98, n=27, P=98, N=27)
2026-04-14 12:14:50,365 - INFO - *****STOP GROWING RR RULE*****
2026-04-14 12:14:50,365 - INFO - ***RR NOT FOUND***
2026-04-14 12:14:50,366 - INFO - Iteracja 3: condition_best: None, quality_best: -inf, coverage_best: (p=0, n=0, P=0, N=0)
2026-04-14 12:14:50,366 - INFO - Regula po iteracji 3: IF THORAX <= 17.50 AND PARTNERS = {8} AND TYPE = {1} THEN class = {34.00} [34.00, 34.00], (p=1, n=0, P=1, N=124)
2026-04-14 12:14:50,366 - INFO - *******STOP GROWING CR RULE*******
2026-04-14 12:14:50,366 - INFO - *******GROWING CR RULE*******
2026-04-14 12:14:50,372 - INFO - Iteracja 0: condition_best: THORAX <= 17.50, quality_best: 1.0, coverage_best: (p=1, n=0, P=1, N=124)
2026-04-14 12:14:50,372 - INFO - Regula po iteracji 0: IF THORAX <= 17.50 THEN class = {34.00} [34.00, 34.00], (p=1, n=0, P=1, N=124)
2026-04-14 12:14:50,372 - INFO - *****GROWING RR RULE*****
2026-04-14 12:14:50,383 - INFO - Iteracja 0: condition_best: None, quality_best: -inf, coverage_best: (p=0, n=0, P=0, N=0), p_value: 0
2026-04-14 12:14:50,383 - INFO - Regula po iteracji 0: IF  THEN class = {23.46} [7.65, 39.28], (p=98, n=27, P=98, N=27)
2026-04-14 12:14:50,384 - INFO - *****STOP GROWING RR RULE*****
2026-04-14 12:14:50,384 - INFO - ***RR NOT FOUND***
2026-04-14 12:14:50,384 - INFO - Iteracja 1: condition_best: PARTNERS = {8}, quality_best: 1.0, coverage_best: (p=1, n=0, P=1, N=124)
2026-04-14 12:14:50,384 - INFO - Regula po iteracji 1: IF THORAX <= 17.50 AND PARTNERS = {8} THEN class = {34.00} [34.00, 34.00], (p=1, n=0, P=1, N=124)
2026-04-14 12:14:50,384 - INFO - *****GROWING RR RULE*****
2026-04-14 12:14:50,396 - INFO - Iteracja 0: condition_best: None, quality_best: -inf, coverage_best: (p=0, n=0, P=0, N=0), p_value: 0
2026-04-14 12:14:50,396 - INFO - Regula po iteracji 0: IF  THEN class = {23.46} [7.65, 39.28], (p=98, n=27, P=98, N=27)
2026-04-14 12:14:50,396 - INFO - *****STOP GROWING RR RULE*****
2026-04-14 12:14:50,396 - INFO - ***RR NOT FOUND***
2026-04-14 12:14:50,396 - INFO - Iteracja 2: condition_best: TYPE = {1}, quality_best: 1.0, coverage_best: (p=1, n=0, P=1, N=124)
2026-04-14 12:14:50,396 - INFO - Regula po iteracji 2: IF THORAX <= 17.50 AND PARTNERS = {8} AND TYPE = {1} THEN class = {34.00} [34.00, 34.00], (p=1, n=0, P=1, N=124)
2026-04-14 12:14:50,397 - INFO - *****GROWING RR RULE*****
2026-04-14 12:14:50,408 - INFO - Iteracja 0: condition_best: None, quality_best: -inf, coverage_best: (p=0, n=0, P=0, N=0), p_value: 0
2026-04-14 12:14:50,408 - INFO - Regula po iteracji 0: IF  THEN class = {23.46} [7.65, 39.28], (p=98, n=27, P=98, N=27)
2026-04-14 12:14:50,408 - INFO - *****STOP GROWING RR RULE*****
2026-04-14 12:14:50,408 - INFO - ***RR NOT FOUND***
2026-04-14 12:14:50,408 - INFO - Iteracja 3: condition_best: None, quality_best: -inf, coverage_best: (p=0, n=0, P=0, N=0)
2026-04-14 12:14:50,409 - INFO - Regula po iteracji 3: IF THORAX <= 17.50 AND PARTNERS = {8} AND TYPE = {1} THEN class = {34.00} [34.00, 34.00], (p=1, n=0, P=1, N=124)
2026-04-14 12:14:50,409 - INFO - *******STOP GROWING CR RULE*******
2026-04-14 12:14:50,414 - INFO - ************************Finished experiment for fruitfly.arff with algorithm************************
2026-04-14 12:14:50,414 - INFO - *************************************************************************************************************************
2026-04-14 12:14:50,414 - INFO - *************************************************************************************************************************
2026-04-14 12:14:50,414 - INFO - *************************************************************************************************************************
