2026-04-14 12:20:27,537 - INFO - **********Starting experiment for machine.arff with algorithm**********
2026-04-14 12:20:27,540 - INFO - *******GROWING CR RULE*******
2026-04-14 12:20:27,565 - INFO - Iteracja 0: condition_best: MMAX <= 14,000.00, quality_best: 0.714, coverage_best: (p=131, n=10, P=148, N=61)
2026-04-14 12:20:27,565 - INFO - Regula po iteracji 0: IF MMAX <= 14,000.00 THEN class = {44.56} [0.59, 88.53], (p=131, n=10, P=148, N=61)
2026-04-14 12:20:27,565 - INFO - *****GROWING RR RULE*****
2026-04-14 12:20:27,599 - INFO - Iteracja 0: condition_best: None, quality_best: -inf, coverage_best: (p=0, n=0, P=0, N=0), p_value: 0
2026-04-14 12:20:27,599 - INFO - Regula po iteracji 0: IF  THEN class = {105.62} [-54.82, 266.07], (p=188, n=21, P=188, N=21)
2026-04-14 12:20:27,599 - INFO - *****STOP GROWING RR RULE*****
2026-04-14 12:20:27,599 - INFO - ***RR NOT FOUND***
2026-04-14 12:20:27,614 - INFO - Iteracja 1: condition_best: CHMAX <= 29.50, quality_best: 0.771, coverage_best: (p=121, n=6, P=146, N=63)
2026-04-14 12:20:27,614 - INFO - Regula po iteracji 1: IF MMAX <= 14,000.00 AND CHMAX <= 29.50 THEN class = {40.76} [-1.05, 82.58], (p=121, n=6, P=146, N=63)
2026-04-14 12:20:27,614 - INFO - *****GROWING RR RULE*****
2026-04-14 12:20:27,648 - INFO - Iteracja 0: condition_best: None, quality_best: -inf, coverage_best: (p=0, n=0, P=0, N=0), p_value: 0
2026-04-14 12:20:27,648 - INFO - Regula po iteracji 0: IF  THEN class = {105.62} [-54.82, 266.07], (p=188, n=21, P=188, N=21)
2026-04-14 12:20:27,648 - INFO - *****STOP GROWING RR RULE*****
2026-04-14 12:20:27,648 - INFO - ***RR NOT FOUND***
2026-04-14 12:20:27,661 - INFO - Iteracja 2: condition_best: MMIN <= 3,550.00, quality_best: 0.778, coverage_best: (p=117, n=5, P=146, N=63)
2026-04-14 12:20:27,661 - INFO - Regula po iteracji 2: IF MMAX <= 14,000.00 AND CHMAX <= 29.50 AND MMIN <= 3,550.00 THEN class = {40.01} [-2.02, 82.04], (p=117, n=5, P=146, N=63)
2026-04-14 12:20:27,661 - INFO - *****GROWING RR RULE*****
2026-04-14 12:20:27,695 - INFO - Iteracja 0: condition_best: None, quality_best: -inf, coverage_best: (p=0, n=0, P=0, N=0), p_value: 0
2026-04-14 12:20:27,695 - INFO - Regula po iteracji 0: IF  THEN class = {105.62} [-54.82, 266.07], (p=188, n=21, P=188, N=21)
2026-04-14 12:20:27,695 - INFO - *****STOP GROWING RR RULE*****
2026-04-14 12:20:27,695 - INFO - ***RR NOT FOUND***
2026-04-14 12:20:27,708 - INFO - Iteracja 3: condition_best: MMIN <= 2,860.00, quality_best: 0.774, coverage_best: (p=116, n=5, P=146, N=63)
2026-04-14 12:20:27,708 - INFO - Regula po iteracji 3: IF MMAX <= 14,000.00 AND CHMAX <= 29.50 AND MMIN <= 3,550.00 AND MMIN <= 2,860.00 THEN class = {40.07} [-2.13, 82.26], (p=116, n=5, P=146, N=63)
2026-04-14 12:20:27,708 - INFO - *****GROWING RR RULE*****
2026-04-14 12:20:27,742 - INFO - Iteracja 0: condition_best: None, quality_best: -inf, coverage_best: (p=0, n=0, P=0, N=0), p_value: 0
2026-04-14 12:20:27,742 - INFO - Regula po iteracji 0: IF  THEN class = {105.62} [-54.82, 266.07], (p=188, n=21, P=188, N=21)
2026-04-14 12:20:27,742 - INFO - *****STOP GROWING RR RULE*****
2026-04-14 12:20:27,742 - INFO - ***RR NOT FOUND***
2026-04-14 12:20:27,754 - INFO - Iteracja 4: condition_best: MMIN >= 80.00, quality_best: 0.77, coverage_best: (p=115, n=5, P=146, N=63)
2026-04-14 12:20:27,754 - INFO - Regula po iteracji 4: IF MMAX <= 14,000.00 AND CHMAX <= 29.50 AND MMIN <= 3,550.00 AND MMIN <= 2,860.00 AND MMIN >= 80.00 THEN class = {40.32} [-1.97, 82.60], (p=115, n=5, P=146, N=63)
2026-04-14 12:20:27,754 - INFO - *****GROWING RR RULE*****
2026-04-14 12:20:27,788 - INFO - Iteracja 0: condition_best: None, quality_best: -inf, coverage_best: (p=0, n=0, P=0, N=0), p_value: 0
2026-04-14 12:20:27,788 - INFO - Regula po iteracji 0: IF  THEN class = {105.62} [-54.82, 266.07], (p=188, n=21, P=188, N=21)
2026-04-14 12:20:27,788 - INFO - *****STOP GROWING RR RULE*****
2026-04-14 12:20:27,788 - INFO - ***RR NOT FOUND***
2026-04-14 12:20:27,788 - INFO - *******STOP GROWING CR RULE*******
2026-04-14 12:20:27,789 - INFO - *******GROWING CR RULE*******
2026-04-14 12:20:27,808 - INFO - Iteracja 0: condition_best: MMAX <= 14,000.00, quality_best: 0.714, coverage_best: (p=131, n=10, P=148, N=61)
2026-04-14 12:20:27,808 - INFO - Regula po iteracji 0: IF MMAX <= 14,000.00 THEN class = {44.56} [0.59, 88.53], (p=131, n=10, P=148, N=61)
2026-04-14 12:20:27,808 - INFO - *****GROWING RR RULE*****
2026-04-14 12:20:27,842 - INFO - Iteracja 0: condition_best: None, quality_best: -inf, coverage_best: (p=0, n=0, P=0, N=0), p_value: 0
2026-04-14 12:20:27,842 - INFO - Regula po iteracji 0: IF  THEN class = {105.62} [-54.82, 266.07], (p=188, n=21, P=188, N=21)
2026-04-14 12:20:27,842 - INFO - *****STOP GROWING RR RULE*****
2026-04-14 12:20:27,842 - INFO - ***RR NOT FOUND***
2026-04-14 12:20:27,856 - INFO - Iteracja 1: condition_best: CHMAX <= 29.50, quality_best: 0.771, coverage_best: (p=121, n=6, P=146, N=63)
2026-04-14 12:20:27,856 - INFO - Regula po iteracji 1: IF MMAX <= 14,000.00 AND CHMAX <= 29.50 THEN class = {40.76} [-1.05, 82.58], (p=121, n=6, P=146, N=63)
2026-04-14 12:20:27,856 - INFO - *****GROWING RR RULE*****
2026-04-14 12:20:27,890 - INFO - Iteracja 0: condition_best: None, quality_best: -inf, coverage_best: (p=0, n=0, P=0, N=0), p_value: 0
2026-04-14 12:20:27,890 - INFO - Regula po iteracji 0: IF  THEN class = {105.62} [-54.82, 266.07], (p=188, n=21, P=188, N=21)
2026-04-14 12:20:27,890 - INFO - *****STOP GROWING RR RULE*****
2026-04-14 12:20:27,890 - INFO - ***RR NOT FOUND***
2026-04-14 12:20:27,901 - INFO - Iteracja 2: condition_best: MMIN >= 80.00, quality_best: 0.767, coverage_best: (p=120, n=6, P=146, N=63)
2026-04-14 12:20:27,901 - INFO - Regula po iteracji 2: IF MMAX <= 14,000.00 AND CHMAX <= 29.50 AND MMIN >= 80.00 THEN class = {41.01} [-0.88, 82.90], (p=120, n=6, P=146, N=63)
2026-04-14 12:20:27,902 - INFO - *****GROWING RR RULE*****
2026-04-14 12:20:27,935 - INFO - Iteracja 0: condition_best: None, quality_best: -inf, coverage_best: (p=0, n=0, P=0, N=0), p_value: 0
2026-04-14 12:20:27,935 - INFO - Regula po iteracji 0: IF  THEN class = {105.62} [-54.82, 266.07], (p=188, n=21, P=188, N=21)
2026-04-14 12:20:27,936 - INFO - *****STOP GROWING RR RULE*****
2026-04-14 12:20:27,936 - INFO - ***RR NOT FOUND***
2026-04-14 12:20:27,947 - INFO - Iteracja 3: condition_best: MMIN >= 112.00, quality_best: 0.763, coverage_best: (p=119, n=6, P=146, N=63)
2026-04-14 12:20:27,947 - INFO - Regula po iteracji 3: IF MMAX <= 14,000.00 AND CHMAX <= 29.50 AND MMIN >= 80.00 AND MMIN >= 112.00 THEN class = {41.29} [-0.65, 83.23], (p=119, n=6, P=146, N=63)
2026-04-14 12:20:27,947 - INFO - *****GROWING RR RULE*****
2026-04-14 12:20:27,981 - INFO - Iteracja 0: condition_best: None, quality_best: -inf, coverage_best: (p=0, n=0, P=0, N=0), p_value: 0
2026-04-14 12:20:27,981 - INFO - Regula po iteracji 0: IF  THEN class = {105.62} [-54.82, 266.07], (p=188, n=21, P=188, N=21)
2026-04-14 12:20:27,981 - INFO - *****STOP GROWING RR RULE*****
2026-04-14 12:20:27,981 - INFO - ***RR NOT FOUND***
2026-04-14 12:20:27,993 - INFO - Iteracja 4: condition_best: MMIN >= 160.00, quality_best: 0.759, coverage_best: (p=118, n=6, P=146, N=63)
2026-04-14 12:20:27,993 - INFO - Regula po iteracji 4: IF MMAX <= 14,000.00 AND CHMAX <= 29.50 AND MMIN >= 80.00 AND MMIN >= 112.00 AND MMIN >= 160.00 THEN class = {41.44} [-0.64, 83.51], (p=118, n=6, P=146, N=63)
2026-04-14 12:20:27,993 - INFO - *****GROWING RR RULE*****
2026-04-14 12:20:28,027 - INFO - Iteracja 0: condition_best: None, quality_best: -inf, coverage_best: (p=0, n=0, P=0, N=0), p_value: 0
2026-04-14 12:20:28,027 - INFO - Regula po iteracji 0: IF  THEN class = {105.62} [-54.82, 266.07], (p=188, n=21, P=188, N=21)
2026-04-14 12:20:28,027 - INFO - *****STOP GROWING RR RULE*****
2026-04-14 12:20:28,027 - INFO - ***RR NOT FOUND***
2026-04-14 12:20:28,027 - INFO - *******STOP GROWING CR RULE*******
2026-04-14 12:20:28,028 - INFO - *******GROWING CR RULE*******
2026-04-14 12:20:28,046 - INFO - Iteracja 0: condition_best: MMAX <= 14,000.00, quality_best: 0.714, coverage_best: (p=131, n=10, P=148, N=61)
2026-04-14 12:20:28,046 - INFO - Regula po iteracji 0: IF MMAX <= 14,000.00 THEN class = {44.56} [0.59, 88.53], (p=131, n=10, P=148, N=61)
2026-04-14 12:20:28,046 - INFO - *****GROWING RR RULE*****
2026-04-14 12:20:28,080 - INFO - Iteracja 0: condition_best: None, quality_best: -inf, coverage_best: (p=0, n=0, P=0, N=0), p_value: 0
2026-04-14 12:20:28,080 - INFO - Regula po iteracji 0: IF  THEN class = {105.62} [-54.82, 266.07], (p=188, n=21, P=188, N=21)
2026-04-14 12:20:28,080 - INFO - *****STOP GROWING RR RULE*****
2026-04-14 12:20:28,080 - INFO - ***RR NOT FOUND***
2026-04-14 12:20:28,093 - INFO - Iteracja 1: condition_best: CACH <= 136.50, quality_best: 0.762, coverage_best: (p=131, n=8, P=147, N=62)
2026-04-14 12:20:28,093 - INFO - Regula po iteracji 1: IF MMAX <= 14,000.00 AND CACH <= 136.50 THEN class = {42.91} [1.11, 84.72], (p=131, n=8, P=147, N=62)
2026-04-14 12:20:28,094 - INFO - *****GROWING RR RULE*****
2026-04-14 12:20:28,127 - INFO - Iteracja 0: condition_best: None, quality_best: -inf, coverage_best: (p=0, n=0, P=0, N=0), p_value: 0
2026-04-14 12:20:28,127 - INFO - Regula po iteracji 0: IF  THEN class = {105.62} [-54.82, 266.07], (p=188, n=21, P=188, N=21)
2026-04-14 12:20:28,127 - INFO - *****STOP GROWING RR RULE*****
2026-04-14 12:20:28,127 - INFO - ***RR NOT FOUND***
2026-04-14 12:20:28,140 - INFO - Iteracja 2: condition_best: MMIN <= 3,550.00, quality_best: 0.765, coverage_best: (p=125, n=7, P=146, N=63)
2026-04-14 12:20:28,140 - INFO - Regula po iteracji 2: IF MMAX <= 14,000.00 AND CACH <= 136.50 AND MMIN <= 3,550.00 THEN class = {41.68} [-0.17, 83.53], (p=125, n=7, P=146, N=63)
2026-04-14 12:20:28,141 - INFO - *****GROWING RR RULE*****
2026-04-14 12:20:28,174 - INFO - Iteracja 0: condition_best: None, quality_best: -inf, coverage_best: (p=0, n=0, P=0, N=0), p_value: 0
2026-04-14 12:20:28,174 - INFO - Regula po iteracji 0: IF  THEN class = {105.62} [-54.82, 266.07], (p=188, n=21, P=188, N=21)
2026-04-14 12:20:28,174 - INFO - *****STOP GROWING RR RULE*****
2026-04-14 12:20:28,174 - INFO - ***RR NOT FOUND***
2026-04-14 12:20:28,187 - INFO - Iteracja 3: condition_best: MYCT <= 1,300.00, quality_best: 0.778, coverage_best: (p=124, n=6, P=147, N=62)
2026-04-14 12:20:28,187 - INFO - Regula po iteracji 3: IF MMAX <= 14,000.00 AND CACH <= 136.50 AND MMIN <= 3,550.00 AND MYCT <= 1,300.00 THEN class = {42.09} [0.05, 84.13], (p=124, n=6, P=147, N=62)
2026-04-14 12:20:28,187 - INFO - *****GROWING RR RULE*****
2026-04-14 12:20:28,221 - INFO - Iteracja 0: condition_best: None, quality_best: -inf, coverage_best: (p=0, n=0, P=0, N=0), p_value: 0
2026-04-14 12:20:28,221 - INFO - Regula po iteracji 0: IF  THEN class = {105.62} [-54.82, 266.07], (p=188, n=21, P=188, N=21)
2026-04-14 12:20:28,221 - INFO - *****STOP GROWING RR RULE*****
2026-04-14 12:20:28,221 - INFO - ***RR NOT FOUND***
2026-04-14 12:20:28,234 - INFO - Iteracja 4: condition_best: MMIN >= 80.00, quality_best: 0.774, coverage_best: (p=123, n=6, P=147, N=62)
2026-04-14 12:20:28,234 - INFO - Regula po iteracji 4: IF MMAX <= 14,000.00 AND CACH <= 136.50 AND MMIN <= 3,550.00 AND MYCT <= 1,300.00 AND MMIN >= 80.00 THEN class = {42.34} [0.23, 84.45], (p=123, n=6, P=147, N=62)
2026-04-14 12:20:28,234 - INFO - *****GROWING RR RULE*****
2026-04-14 12:20:28,268 - INFO - Iteracja 0: condition_best: None, quality_best: -inf, coverage_best: (p=0, n=0, P=0, N=0), p_value: 0
2026-04-14 12:20:28,268 - INFO - Regula po iteracji 0: IF  THEN class = {105.62} [-54.82, 266.07], (p=188, n=21, P=188, N=21)
2026-04-14 12:20:28,268 - INFO - *****STOP GROWING RR RULE*****
2026-04-14 12:20:28,268 - INFO - ***RR NOT FOUND***
2026-04-14 12:20:28,268 - INFO - *******STOP GROWING CR RULE*******
2026-04-14 12:20:28,269 - INFO - *******GROWING CR RULE*******
2026-04-14 12:20:28,287 - INFO - Iteracja 0: condition_best: MMAX <= 14,000.00, quality_best: 0.714, coverage_best: (p=131, n=10, P=148, N=61)
2026-04-14 12:20:28,287 - INFO - Regula po iteracji 0: IF MMAX <= 14,000.00 THEN class = {44.56} [0.59, 88.53], (p=131, n=10, P=148, N=61)
2026-04-14 12:20:28,287 - INFO - *****GROWING RR RULE*****
2026-04-14 12:20:28,321 - INFO - Iteracja 0: condition_best: None, quality_best: -inf, coverage_best: (p=0, n=0, P=0, N=0), p_value: 0
2026-04-14 12:20:28,321 - INFO - Regula po iteracji 0: IF  THEN class = {105.62} [-54.82, 266.07], (p=188, n=21, P=188, N=21)
2026-04-14 12:20:28,321 - INFO - *****STOP GROWING RR RULE*****
2026-04-14 12:20:28,321 - INFO - ***RR NOT FOUND***
2026-04-14 12:20:28,334 - INFO - Iteracja 1: condition_best: MYCT <= 1,300.00, quality_best: 0.705, coverage_best: (p=129, n=10, P=148, N=61)
2026-04-14 12:20:28,334 - INFO - Regula po iteracji 1: IF MMAX <= 14,000.00 AND MYCT <= 1,300.00 THEN class = {44.99} [0.85, 89.12], (p=129, n=10, P=148, N=61)
2026-04-14 12:20:28,334 - INFO - *****GROWING RR RULE*****
2026-04-14 12:20:28,368 - INFO - Iteracja 0: condition_best: None, quality_best: -inf, coverage_best: (p=0, n=0, P=0, N=0), p_value: 0
2026-04-14 12:20:28,368 - INFO - Regula po iteracji 0: IF  THEN class = {105.62} [-54.82, 266.07], (p=188, n=21, P=188, N=21)
2026-04-14 12:20:28,368 - INFO - *****STOP GROWING RR RULE*****
2026-04-14 12:20:28,368 - INFO - ***RR NOT FOUND***
2026-04-14 12:20:28,381 - INFO - Iteracja 2: condition_best: MYCT <= 1,000.00, quality_best: 0.697, coverage_best: (p=127, n=10, P=148, N=61)
2026-04-14 12:20:28,382 - INFO - Regula po iteracji 2: IF MMAX <= 14,000.00 AND MYCT <= 1,300.00 AND MYCT <= 1,000.00 THEN class = {45.50} [1.24, 89.75], (p=127, n=10, P=148, N=61)
2026-04-14 12:20:28,382 - INFO - *****GROWING RR RULE*****
2026-04-14 12:20:28,415 - INFO - Iteracja 0: condition_best: None, quality_best: -inf, coverage_best: (p=0, n=0, P=0, N=0), p_value: 0
2026-04-14 12:20:28,416 - INFO - Regula po iteracji 0: IF  THEN class = {105.62} [-54.82, 266.07], (p=188, n=21, P=188, N=21)
2026-04-14 12:20:28,416 - INFO - *****STOP GROWING RR RULE*****
2026-04-14 12:20:28,416 - INFO - ***RR NOT FOUND***
2026-04-14 12:20:28,429 - INFO - Iteracja 3: condition_best: CHMIN >= 0.50, quality_best: 0.684, coverage_best: (p=124, n=10, P=148, N=61)
2026-04-14 12:20:28,429 - INFO - Regula po iteracji 3: IF MMAX <= 14,000.00 AND MYCT <= 1,300.00 AND MYCT <= 1,000.00 AND CHMIN >= 0.50 THEN class = {45.53} [0.88, 90.18], (p=124, n=10, P=148, N=61)
2026-04-14 12:20:28,429 - INFO - *****GROWING RR RULE*****
2026-04-14 12:20:28,463 - INFO - Iteracja 0: condition_best: None, quality_best: -inf, coverage_best: (p=0, n=0, P=0, N=0), p_value: 0
2026-04-14 12:20:28,463 - INFO - Regula po iteracji 0: IF  THEN class = {105.62} [-54.82, 266.07], (p=188, n=21, P=188, N=21)
2026-04-14 12:20:28,463 - INFO - *****STOP GROWING RR RULE*****
2026-04-14 12:20:28,463 - INFO - ***RR NOT FOUND***
2026-04-14 12:20:28,476 - INFO - Iteracja 4: condition_best: MYCT <= 805.00, quality_best: 0.675, coverage_best: (p=118, n=9, P=149, N=60)
2026-04-14 12:20:28,476 - INFO - Regula po iteracji 4: IF MMAX <= 14,000.00 AND MYCT <= 1,300.00 AND MYCT <= 1,000.00 AND CHMIN >= 0.50 AND MYCT <= 805.00 THEN class = {46.96} [1.56, 92.36], (p=118, n=9, P=149, N=60)
2026-04-14 12:20:28,476 - INFO - *****GROWING RR RULE*****
2026-04-14 12:20:28,510 - INFO - Iteracja 0: condition_best: None, quality_best: -inf, coverage_best: (p=0, n=0, P=0, N=0), p_value: 0
2026-04-14 12:20:28,510 - INFO - Regula po iteracji 0: IF  THEN class = {105.62} [-54.82, 266.07], (p=188, n=21, P=188, N=21)
2026-04-14 12:20:28,510 - INFO - *****STOP GROWING RR RULE*****
2026-04-14 12:20:28,510 - INFO - ***RR NOT FOUND***
2026-04-14 12:20:28,510 - INFO - *******STOP GROWING CR RULE*******
2026-04-14 12:20:28,511 - INFO - *******GROWING CR RULE*******
2026-04-14 12:20:28,529 - INFO - Iteracja 0: condition_best: MMIN >= 12,000.00, quality_best: 0.71, coverage_best: (p=7, n=1, P=11, N=198)
2026-04-14 12:20:28,529 - INFO - Regula po iteracji 0: IF MMIN >= 12,000.00 THEN class = {573.25} [346.65, 799.85], (p=7, n=1, P=11, N=198)
2026-04-14 12:20:28,529 - INFO - *****GROWING RR RULE*****
2026-04-14 12:20:28,565 - INFO - Iteracja 0: condition_best: None, quality_best: -inf, coverage_best: (p=0, n=0, P=0, N=0), p_value: 0
2026-04-14 12:20:28,565 - INFO - Regula po iteracji 0: IF  THEN class = {105.62} [-54.82, 266.07], (p=188, n=21, P=188, N=21)
2026-04-14 12:20:28,565 - INFO - *****STOP GROWING RR RULE*****
2026-04-14 12:20:28,565 - INFO - ***RR NOT FOUND***
2026-04-14 12:20:28,566 - INFO - Iteracja 1: condition_best: MMAX <= 48,000.00, quality_best: 0.829, coverage_best: (p=5, n=1, P=5, N=204)
2026-04-14 12:20:28,566 - INFO - Regula po iteracji 1: IF MMIN >= 12,000.00 AND MMAX <= 48,000.00 THEN class = {467.67} [419.04, 516.29], (p=5, n=1, P=5, N=204)
2026-04-14 12:20:28,567 - INFO - *****GROWING RR RULE*****
2026-04-14 12:20:28,600 - INFO - Iteracja 0: condition_best: None, quality_best: -inf, coverage_best: (p=0, n=0, P=0, N=0), p_value: 0
2026-04-14 12:20:28,600 - INFO - Regula po iteracji 0: IF  THEN class = {105.62} [-54.82, 266.07], (p=188, n=21, P=188, N=21)
2026-04-14 12:20:28,600 - INFO - *****STOP GROWING RR RULE*****
2026-04-14 12:20:28,600 - INFO - ***RR NOT FOUND***
2026-04-14 12:20:28,601 - INFO - Iteracja 2: condition_best: CHMIN >= 12.00, quality_best: 0.716, coverage_best: (p=4, n=1, P=5, N=204)
2026-04-14 12:20:28,601 - INFO - Regula po iteracji 2: IF MMIN >= 12,000.00 AND MMAX <= 48,000.00 AND CHMIN >= 12.00 THEN class = {468.20} [414.95, 521.45], (p=4, n=1, P=5, N=204)
2026-04-14 12:20:28,602 - INFO - *****GROWING RR RULE*****
2026-04-14 12:20:28,635 - INFO - Iteracja 0: condition_best: None, quality_best: -inf, coverage_best: (p=0, n=0, P=0, N=0), p_value: 0
2026-04-14 12:20:28,635 - INFO - Regula po iteracji 0: IF  THEN class = {105.62} [-54.82, 266.07], (p=188, n=21, P=188, N=21)
2026-04-14 12:20:28,636 - INFO - *****STOP GROWING RR RULE*****
2026-04-14 12:20:28,636 - INFO - ***RR NOT FOUND***
2026-04-14 12:20:28,636 - INFO - Iteracja 3: condition_best: None, quality_best: -inf, coverage_best: (p=0, n=0, P=0, N=0)
2026-04-14 12:20:28,637 - INFO - Regula po iteracji 3: IF MMIN >= 12,000.00 AND MMAX <= 48,000.00 AND CHMIN >= 12.00 THEN class = {468.20} [414.95, 521.45], (p=4, n=1, P=5, N=204)
2026-04-14 12:20:28,637 - INFO - *******STOP GROWING CR RULE*******
2026-04-14 12:20:28,637 - INFO - *******GROWING CR RULE*******
2026-04-14 12:20:28,655 - INFO - Iteracja 0: condition_best: CACH <= 8.50, quality_best: 0.709, coverage_best: (p=110, n=9, P=136, N=73)
2026-04-14 12:20:28,655 - INFO - Regula po iteracji 0: IF CACH <= 8.50 THEN class = {37.23} [4.45, 70.01], (p=110, n=9, P=136, N=73)
2026-04-14 12:20:28,656 - INFO - *****GROWING RR RULE*****
2026-04-14 12:20:28,689 - INFO - Iteracja 0: condition_best: None, quality_best: -inf, coverage_best: (p=0, n=0, P=0, N=0), p_value: 0
2026-04-14 12:20:28,689 - INFO - Regula po iteracji 0: IF  THEN class = {105.62} [-54.82, 266.07], (p=188, n=21, P=188, N=21)
2026-04-14 12:20:28,689 - INFO - *****STOP GROWING RR RULE*****
2026-04-14 12:20:28,690 - INFO - ***RR NOT FOUND***
2026-04-14 12:20:28,701 - INFO - Iteracja 1: condition_best: MYCT >= 21.00, quality_best: 0.738, coverage_best: (p=110, n=8, P=134, N=75)
2026-04-14 12:20:28,701 - INFO - Regula po iteracji 1: IF CACH <= 8.50 AND MYCT >= 21.00 THEN class = {36.69} [4.29, 69.10], (p=110, n=8, P=134, N=75)
2026-04-14 12:20:28,701 - INFO - *****GROWING RR RULE*****
2026-04-14 12:20:28,735 - INFO - Iteracja 0: condition_best: None, quality_best: -inf, coverage_best: (p=0, n=0, P=0, N=0), p_value: 0
2026-04-14 12:20:28,735 - INFO - Regula po iteracji 0: IF  THEN class = {105.62} [-54.82, 266.07], (p=188, n=21, P=188, N=21)
2026-04-14 12:20:28,735 - INFO - *****STOP GROWING RR RULE*****
2026-04-14 12:20:28,735 - INFO - ***RR NOT FOUND***
2026-04-14 12:20:28,746 - INFO - Iteracja 2: condition_best: MYCT >= 25.50, quality_best: 0.734, coverage_best: (p=109, n=8, P=134, N=75)
2026-04-14 12:20:28,746 - INFO - Regula po iteracji 2: IF CACH <= 8.50 AND MYCT >= 21.00 AND MYCT >= 25.50 THEN class = {36.59} [4.07, 69.11], (p=109, n=8, P=134, N=75)
2026-04-14 12:20:28,747 - INFO - *****GROWING RR RULE*****
2026-04-14 12:20:28,780 - INFO - Iteracja 0: condition_best: None, quality_best: -inf, coverage_best: (p=0, n=0, P=0, N=0), p_value: 0
2026-04-14 12:20:28,781 - INFO - Regula po iteracji 0: IF  THEN class = {105.62} [-54.82, 266.07], (p=188, n=21, P=188, N=21)
2026-04-14 12:20:28,781 - INFO - *****STOP GROWING RR RULE*****
2026-04-14 12:20:28,781 - INFO - ***RR NOT FOUND***
2026-04-14 12:20:28,792 - INFO - Iteracja 3: condition_best: MMIN >= 80.00, quality_best: 0.729, coverage_best: (p=108, n=8, P=134, N=75)
2026-04-14 12:20:28,792 - INFO - Regula po iteracji 3: IF CACH <= 8.50 AND MYCT >= 21.00 AND MYCT >= 25.50 AND MMIN >= 80.00 THEN class = {36.82} [4.25, 69.38], (p=108, n=8, P=134, N=75)
2026-04-14 12:20:28,792 - INFO - *****GROWING RR RULE*****
2026-04-14 12:20:28,826 - INFO - Iteracja 0: condition_best: None, quality_best: -inf, coverage_best: (p=0, n=0, P=0, N=0), p_value: 0
2026-04-14 12:20:28,826 - INFO - Regula po iteracji 0: IF  THEN class = {105.62} [-54.82, 266.07], (p=188, n=21, P=188, N=21)
2026-04-14 12:20:28,826 - INFO - *****STOP GROWING RR RULE*****
2026-04-14 12:20:28,826 - INFO - ***RR NOT FOUND***
2026-04-14 12:20:28,837 - INFO - Iteracja 4: condition_best: CHMAX <= 27.50, quality_best: 0.735, coverage_best: (p=100, n=6, P=134, N=75)
2026-04-14 12:20:28,837 - INFO - Regula po iteracji 4: IF CACH <= 8.50 AND MYCT >= 21.00 AND MYCT >= 25.50 AND MMIN >= 80.00 AND CHMAX <= 27.50 THEN class = {35.73} [2.41, 69.04], (p=100, n=6, P=134, N=75)
2026-04-14 12:20:28,837 - INFO - *****GROWING RR RULE*****
2026-04-14 12:20:28,871 - INFO - Iteracja 0: condition_best: None, quality_best: -inf, coverage_best: (p=0, n=0, P=0, N=0), p_value: 0
2026-04-14 12:20:28,871 - INFO - Regula po iteracji 0: IF  THEN class = {105.62} [-54.82, 266.07], (p=188, n=21, P=188, N=21)
2026-04-14 12:20:28,871 - INFO - *****STOP GROWING RR RULE*****
2026-04-14 12:20:28,871 - INFO - ***RR NOT FOUND***
2026-04-14 12:20:28,871 - INFO - *******STOP GROWING CR RULE*******
2026-04-14 12:20:28,872 - INFO - *******GROWING CR RULE*******
2026-04-14 12:20:28,890 - INFO - Iteracja 0: condition_best: CACH <= 31.00, quality_best: 0.681, coverage_best: (p=133, n=14, P=142, N=67)
2026-04-14 12:20:28,890 - INFO - Regula po iteracji 0: IF CACH <= 31.00 THEN class = {43.46} [7.42, 79.50], (p=133, n=14, P=142, N=67)
2026-04-14 12:20:28,890 - INFO - *****GROWING RR RULE*****
2026-04-14 12:20:28,924 - INFO - Iteracja 0: condition_best: None, quality_best: -inf, coverage_best: (p=0, n=0, P=0, N=0), p_value: 0
2026-04-14 12:20:28,924 - INFO - Regula po iteracji 0: IF  THEN class = {105.62} [-54.82, 266.07], (p=188, n=21, P=188, N=21)
2026-04-14 12:20:28,924 - INFO - *****STOP GROWING RR RULE*****
2026-04-14 12:20:28,924 - INFO - ***RR NOT FOUND***
2026-04-14 12:20:28,937 - INFO - Iteracja 1: condition_best: MMAX >= 1,750.00, quality_best: 0.723, coverage_best: (p=125, n=10, P=142, N=67)
2026-04-14 12:20:28,937 - INFO - Regula po iteracji 1: IF CACH <= 31.00 AND MMAX >= 1,750.00 THEN class = {46.01} [9.60, 82.42], (p=125, n=10, P=142, N=67)
2026-04-14 12:20:28,937 - INFO - *****GROWING RR RULE*****
2026-04-14 12:20:28,970 - INFO - Iteracja 0: condition_best: None, quality_best: -inf, coverage_best: (p=0, n=0, P=0, N=0), p_value: 0
2026-04-14 12:20:28,971 - INFO - Regula po iteracji 0: IF  THEN class = {105.62} [-54.82, 266.07], (p=188, n=21, P=188, N=21)
2026-04-14 12:20:28,971 - INFO - *****STOP GROWING RR RULE*****
2026-04-14 12:20:28,971 - INFO - ***RR NOT FOUND***
2026-04-14 12:20:28,983 - INFO - Iteracja 2: condition_best: MYCT >= 21.00, quality_best: 0.743, coverage_best: (p=125, n=9, P=142, N=67)
2026-04-14 12:20:28,983 - INFO - Regula po iteracji 2: IF CACH <= 31.00 AND MMAX >= 1,750.00 AND MYCT >= 21.00 THEN class = {45.60} [9.36, 81.85], (p=125, n=9, P=142, N=67)
2026-04-14 12:20:28,983 - INFO - *****GROWING RR RULE*****
2026-04-14 12:20:29,017 - INFO - Iteracja 0: condition_best: None, quality_best: -inf, coverage_best: (p=0, n=0, P=0, N=0), p_value: 0
2026-04-14 12:20:29,017 - INFO - Regula po iteracji 0: IF  THEN class = {105.62} [-54.82, 266.07], (p=188, n=21, P=188, N=21)
2026-04-14 12:20:29,017 - INFO - *****STOP GROWING RR RULE*****
2026-04-14 12:20:29,017 - INFO - ***RR NOT FOUND***
2026-04-14 12:20:29,029 - INFO - Iteracja 3: condition_best: CACH <= 27.00, quality_best: 0.761, coverage_best: (p=122, n=8, P=140, N=69)
2026-04-14 12:20:29,029 - INFO - Regula po iteracji 3: IF CACH <= 31.00 AND MMAX >= 1,750.00 AND MYCT >= 21.00 AND CACH <= 27.00 THEN class = {43.86} [10.45, 77.27], (p=122, n=8, P=140, N=69)
2026-04-14 12:20:29,029 - INFO - *****GROWING RR RULE*****
2026-04-14 12:20:29,062 - INFO - Iteracja 0: condition_best: None, quality_best: -inf, coverage_best: (p=0, n=0, P=0, N=0), p_value: 0
2026-04-14 12:20:29,063 - INFO - Regula po iteracji 0: IF  THEN class = {105.62} [-54.82, 266.07], (p=188, n=21, P=188, N=21)
2026-04-14 12:20:29,063 - INFO - *****STOP GROWING RR RULE*****
2026-04-14 12:20:29,063 - INFO - ***RR NOT FOUND***
2026-04-14 12:20:29,074 - INFO - Iteracja 4: condition_best: MYCT <= 1,300.00, quality_best: 0.757, coverage_best: (p=121, n=8, P=140, N=69)
2026-04-14 12:20:29,074 - INFO - Regula po iteracji 4: IF CACH <= 31.00 AND MMAX >= 1,750.00 AND MYCT >= 21.00 AND CACH <= 27.00 AND MYCT <= 1,300.00 THEN class = {44.06} [10.60, 77.53], (p=121, n=8, P=140, N=69)
2026-04-14 12:20:29,074 - INFO - *****GROWING RR RULE*****
2026-04-14 12:20:29,108 - INFO - Iteracja 0: condition_best: None, quality_best: -inf, coverage_best: (p=0, n=0, P=0, N=0), p_value: 0
2026-04-14 12:20:29,108 - INFO - Regula po iteracji 0: IF  THEN class = {105.62} [-54.82, 266.07], (p=188, n=21, P=188, N=21)
2026-04-14 12:20:29,108 - INFO - *****STOP GROWING RR RULE*****
2026-04-14 12:20:29,108 - INFO - ***RR NOT FOUND***
2026-04-14 12:20:29,108 - INFO - *******STOP GROWING CR RULE*******
2026-04-14 12:20:29,109 - INFO - *******GROWING CR RULE*******
2026-04-14 12:20:29,126 - INFO - Iteracja 0: condition_best: MYCT >= 73.50, quality_best: 0.664, coverage_best: (p=118, n=10, P=147, N=62)
2026-04-14 12:20:29,126 - INFO - Regula po iteracji 0: IF MYCT >= 73.50 THEN class = {45.05} [5.70, 84.41], (p=118, n=10, P=147, N=62)
2026-04-14 12:20:29,127 - INFO - *****GROWING RR RULE*****
2026-04-14 12:20:29,160 - INFO - Iteracja 0: condition_best: None, quality_best: -inf, coverage_best: (p=0, n=0, P=0, N=0), p_value: 0
2026-04-14 12:20:29,160 - INFO - Regula po iteracji 0: IF  THEN class = {105.62} [-54.82, 266.07], (p=188, n=21, P=188, N=21)
2026-04-14 12:20:29,160 - INFO - *****STOP GROWING RR RULE*****
2026-04-14 12:20:29,160 - INFO - ***RR NOT FOUND***
2026-04-14 12:20:29,172 - INFO - Iteracja 1: condition_best: CHMAX <= 59.00, quality_best: 0.666, coverage_best: (p=112, n=9, P=146, N=63)
2026-04-14 12:20:29,172 - INFO - Regula po iteracji 1: IF MYCT >= 73.50 AND CHMAX <= 59.00 THEN class = {43.02} [5.85, 80.20], (p=112, n=9, P=146, N=63)
2026-04-14 12:20:29,172 - INFO - *****GROWING RR RULE*****
2026-04-14 12:20:29,206 - INFO - Iteracja 0: condition_best: None, quality_best: -inf, coverage_best: (p=0, n=0, P=0, N=0), p_value: 0
2026-04-14 12:20:29,206 - INFO - Regula po iteracji 0: IF  THEN class = {105.62} [-54.82, 266.07], (p=188, n=21, P=188, N=21)
2026-04-14 12:20:29,206 - INFO - *****STOP GROWING RR RULE*****
2026-04-14 12:20:29,206 - INFO - ***RR NOT FOUND***
2026-04-14 12:20:29,217 - INFO - Iteracja 2: condition_best: CHMIN <= 7.50, quality_best: 0.661, coverage_best: (p=111, n=9, P=146, N=63)
2026-04-14 12:20:29,217 - INFO - Regula po iteracji 2: IF MYCT >= 73.50 AND CHMAX <= 59.00 AND CHMIN <= 7.50 THEN class = {43.08} [5.76, 80.40], (p=111, n=9, P=146, N=63)
2026-04-14 12:20:29,218 - INFO - *****GROWING RR RULE*****
2026-04-14 12:20:29,251 - INFO - Iteracja 0: condition_best: None, quality_best: -inf, coverage_best: (p=0, n=0, P=0, N=0), p_value: 0
2026-04-14 12:20:29,251 - INFO - Regula po iteracji 0: IF  THEN class = {105.62} [-54.82, 266.07], (p=188, n=21, P=188, N=21)
2026-04-14 12:20:29,251 - INFO - *****STOP GROWING RR RULE*****
2026-04-14 12:20:29,251 - INFO - ***RR NOT FOUND***
2026-04-14 12:20:29,262 - INFO - Iteracja 3: condition_best: CHMIN <= 6.50, quality_best: 0.657, coverage_best: (p=110, n=9, P=146, N=63)
2026-04-14 12:20:29,262 - INFO - Regula po iteracji 3: IF MYCT >= 73.50 AND CHMAX <= 59.00 AND CHMIN <= 7.50 AND CHMIN <= 6.50 THEN class = {43.21} [5.76, 80.66], (p=110, n=9, P=146, N=63)
2026-04-14 12:20:29,263 - INFO - *****GROWING RR RULE*****
2026-04-14 12:20:29,296 - INFO - Iteracja 0: condition_best: None, quality_best: -inf, coverage_best: (p=0, n=0, P=0, N=0), p_value: 0
2026-04-14 12:20:29,296 - INFO - Regula po iteracji 0: IF  THEN class = {105.62} [-54.82, 266.07], (p=188, n=21, P=188, N=21)
2026-04-14 12:20:29,296 - INFO - *****STOP GROWING RR RULE*****
2026-04-14 12:20:29,297 - INFO - ***RR NOT FOUND***
2026-04-14 12:20:29,308 - INFO - Iteracja 4: condition_best: MMAX >= 1,750.00, quality_best: 0.65, coverage_best: (p=100, n=8, P=143, N=66)
2026-04-14 12:20:29,308 - INFO - Regula po iteracji 4: IF MYCT >= 73.50 AND CHMAX <= 59.00 AND CHMIN <= 7.50 AND CHMIN <= 6.50 AND MMAX >= 1,750.00 THEN class = {46.30} [8.41, 84.18], (p=100, n=8, P=143, N=66)
2026-04-14 12:20:29,308 - INFO - *****GROWING RR RULE*****
2026-04-14 12:20:29,342 - INFO - Iteracja 0: condition_best: None, quality_best: -inf, coverage_best: (p=0, n=0, P=0, N=0), p_value: 0
2026-04-14 12:20:29,342 - INFO - Regula po iteracji 0: IF  THEN class = {105.62} [-54.82, 266.07], (p=188, n=21, P=188, N=21)
2026-04-14 12:20:29,342 - INFO - *****STOP GROWING RR RULE*****
2026-04-14 12:20:29,342 - INFO - ***RR NOT FOUND***
2026-04-14 12:20:29,342 - INFO - *******STOP GROWING CR RULE*******
2026-04-14 12:20:29,342 - INFO - *******GROWING CR RULE*******
2026-04-14 12:20:29,360 - INFO - Iteracja 0: condition_best: MMAX >= 22,485.00, quality_best: 0.656, coverage_best: (p=27, n=4, P=47, N=162)
2026-04-14 12:20:29,360 - INFO - Regula po iteracji 0: IF MMAX >= 22,485.00 THEN class = {380.23} [118.44, 642.01], (p=27, n=4, P=47, N=162)
2026-04-14 12:20:29,360 - INFO - *****GROWING RR RULE*****
2026-04-14 12:20:29,394 - INFO - Iteracja 0: condition_best: None, quality_best: -inf, coverage_best: (p=0, n=0, P=0, N=0), p_value: 0
2026-04-14 12:20:29,394 - INFO - Regula po iteracji 0: IF  THEN class = {105.62} [-54.82, 266.07], (p=188, n=21, P=188, N=21)
2026-04-14 12:20:29,394 - INFO - *****STOP GROWING RR RULE*****
2026-04-14 12:20:29,394 - INFO - ***RR NOT FOUND***
2026-04-14 12:20:29,399 - INFO - Iteracja 1: condition_best: CHMIN >= 7.00, quality_best: 0.732, coverage_best: (p=23, n=3, P=33, N=176)
2026-04-14 12:20:29,399 - INFO - Regula po iteracji 1: IF MMAX >= 22,485.00 AND CHMIN >= 7.00 THEN class = {425.73} [163.52, 687.94], (p=23, n=3, P=33, N=176)
2026-04-14 12:20:29,399 - INFO - *****GROWING RR RULE*****
2026-04-14 12:20:29,434 - INFO - Iteracja 0: condition_best: None, quality_best: -inf, coverage_best: (p=0, n=0, P=0, N=0), p_value: 0
2026-04-14 12:20:29,434 - INFO - Regula po iteracji 0: IF  THEN class = {105.62} [-54.82, 266.07], (p=188, n=21, P=188, N=21)
2026-04-14 12:20:29,434 - INFO - *****STOP GROWING RR RULE*****
2026-04-14 12:20:29,434 - INFO - ***RR NOT FOUND***
2026-04-14 12:20:29,438 - INFO - Iteracja 2: condition_best: CACH >= 56.00, quality_best: 0.726, coverage_best: (p=16, n=3, P=21, N=188)
2026-04-14 12:20:29,438 - INFO - Regula po iteracji 2: IF MMAX >= 22,485.00 AND CHMIN >= 7.00 AND CACH >= 56.00 THEN class = {501.89} [233.57, 770.22], (p=16, n=3, P=21, N=188)
2026-04-14 12:20:29,438 - INFO - *****GROWING RR RULE*****
2026-04-14 12:20:29,478 - INFO - Iteracja 0: condition_best: None, quality_best: -inf, coverage_best: (p=0, n=0, P=0, N=0), p_value: 0
2026-04-14 12:20:29,478 - INFO - Regula po iteracji 0: IF  THEN class = {105.62} [-54.82, 266.07], (p=188, n=21, P=188, N=21)
2026-04-14 12:20:29,478 - INFO - *****STOP GROWING RR RULE*****
2026-04-14 12:20:29,478 - INFO - ***RR NOT FOUND***
2026-04-14 12:20:29,481 - INFO - Iteracja 3: condition_best: CHMAX <= 140.00, quality_best: 0.823, coverage_best: (p=16, n=1, P=21, N=188)
2026-04-14 12:20:29,481 - INFO - Regula po iteracji 3: IF MMAX >= 22,485.00 AND CHMIN >= 7.00 AND CACH >= 56.00 AND CHMAX <= 140.00 THEN class = {439.47} [234.96, 643.98], (p=16, n=1, P=21, N=188)
2026-04-14 12:20:29,482 - INFO - *****GROWING RR RULE*****
2026-04-14 12:20:29,515 - INFO - Iteracja 0: condition_best: None, quality_best: -inf, coverage_best: (p=0, n=0, P=0, N=0), p_value: 0
2026-04-14 12:20:29,515 - INFO - Regula po iteracji 0: IF  THEN class = {105.62} [-54.82, 266.07], (p=188, n=21, P=188, N=21)
2026-04-14 12:20:29,515 - INFO - *****STOP GROWING RR RULE*****
2026-04-14 12:20:29,515 - INFO - ***RR NOT FOUND***
2026-04-14 12:20:29,518 - INFO - Iteracja 4: condition_best: CHMAX >= 20.00, quality_best: 0.824, coverage_best: (p=14, n=1, P=18, N=191)
2026-04-14 12:20:29,518 - INFO - Regula po iteracji 4: IF MMAX >= 22,485.00 AND CHMIN >= 7.00 AND CACH >= 56.00 AND CHMAX <= 140.00 AND CHMAX >= 20.00 THEN class = {465.73} [261.94, 669.53], (p=14, n=1, P=18, N=191)
2026-04-14 12:20:29,518 - INFO - *****GROWING RR RULE*****
2026-04-14 12:20:29,552 - INFO - Iteracja 0: condition_best: None, quality_best: -inf, coverage_best: (p=0, n=0, P=0, N=0), p_value: 0
2026-04-14 12:20:29,552 - INFO - Regula po iteracji 0: IF  THEN class = {105.62} [-54.82, 266.07], (p=188, n=21, P=188, N=21)
2026-04-14 12:20:29,552 - INFO - *****STOP GROWING RR RULE*****
2026-04-14 12:20:29,552 - INFO - ***RR NOT FOUND***
2026-04-14 12:20:29,552 - INFO - *******STOP GROWING CR RULE*******
2026-04-14 12:20:29,552 - INFO - *******GROWING CR RULE*******
2026-04-14 12:20:29,570 - INFO - Iteracja 0: condition_best: MMAX >= 22,485.00, quality_best: 0.656, coverage_best: (p=27, n=4, P=47, N=162)
2026-04-14 12:20:29,570 - INFO - Regula po iteracji 0: IF MMAX >= 22,485.00 THEN class = {380.23} [118.44, 642.01], (p=27, n=4, P=47, N=162)
2026-04-14 12:20:29,570 - INFO - *****GROWING RR RULE*****
2026-04-14 12:20:29,603 - INFO - Iteracja 0: condition_best: None, quality_best: -inf, coverage_best: (p=0, n=0, P=0, N=0), p_value: 0
2026-04-14 12:20:29,603 - INFO - Regula po iteracji 0: IF  THEN class = {105.62} [-54.82, 266.07], (p=188, n=21, P=188, N=21)
2026-04-14 12:20:29,604 - INFO - *****STOP GROWING RR RULE*****
2026-04-14 12:20:29,604 - INFO - ***RR NOT FOUND***
2026-04-14 12:20:29,608 - INFO - Iteracja 1: condition_best: CHMIN >= 7.00, quality_best: 0.732, coverage_best: (p=23, n=3, P=33, N=176)
2026-04-14 12:20:29,608 - INFO - Regula po iteracji 1: IF MMAX >= 22,485.00 AND CHMIN >= 7.00 THEN class = {425.73} [163.52, 687.94], (p=23, n=3, P=33, N=176)
2026-04-14 12:20:29,608 - INFO - *****GROWING RR RULE*****
2026-04-14 12:20:29,643 - INFO - Iteracja 0: condition_best: None, quality_best: -inf, coverage_best: (p=0, n=0, P=0, N=0), p_value: 0
2026-04-14 12:20:29,643 - INFO - Regula po iteracji 0: IF  THEN class = {105.62} [-54.82, 266.07], (p=188, n=21, P=188, N=21)
2026-04-14 12:20:29,643 - INFO - *****STOP GROWING RR RULE*****
2026-04-14 12:20:29,643 - INFO - ***RR NOT FOUND***
2026-04-14 12:20:29,647 - INFO - Iteracja 2: condition_best: MYCT >= 24.50, quality_best: 0.725, coverage_best: (p=20, n=2, P=32, N=177)
2026-04-14 12:20:29,647 - INFO - Regula po iteracji 2: IF MMAX >= 22,485.00 AND CHMIN >= 7.00 AND MYCT >= 24.50 THEN class = {383.32} [151.67, 614.96], (p=20, n=2, P=32, N=177)
2026-04-14 12:20:29,647 - INFO - *****GROWING RR RULE*****
2026-04-14 12:20:29,680 - INFO - Iteracja 0: condition_best: None, quality_best: -inf, coverage_best: (p=0, n=0, P=0, N=0), p_value: 0
2026-04-14 12:20:29,681 - INFO - Regula po iteracji 0: IF  THEN class = {105.62} [-54.82, 266.07], (p=188, n=21, P=188, N=21)
2026-04-14 12:20:29,681 - INFO - *****STOP GROWING RR RULE*****
2026-04-14 12:20:29,681 - INFO - ***RR NOT FOUND***
2026-04-14 12:20:29,684 - INFO - Iteracja 3: condition_best: CACH <= 120.00, quality_best: 0.733, coverage_best: (p=17, n=1, P=30, N=179)
2026-04-14 12:20:29,684 - INFO - Regula po iteracji 3: IF MMAX >= 22,485.00 AND CHMIN >= 7.00 AND MYCT >= 24.50 AND CACH <= 120.00 THEN class = {325.44} [158.80, 492.09], (p=17, n=1, P=30, N=179)
2026-04-14 12:20:29,684 - INFO - *****GROWING RR RULE*****
2026-04-14 12:20:29,718 - INFO - Iteracja 0: condition_best: None, quality_best: -inf, coverage_best: (p=0, n=0, P=0, N=0), p_value: 0
2026-04-14 12:20:29,718 - INFO - Regula po iteracji 0: IF  THEN class = {105.62} [-54.82, 266.07], (p=188, n=21, P=188, N=21)
2026-04-14 12:20:29,718 - INFO - *****STOP GROWING RR RULE*****
2026-04-14 12:20:29,718 - INFO - ***RR NOT FOUND***
2026-04-14 12:20:29,721 - INFO - Iteracja 4: condition_best: MYCT <= 53.50, quality_best: 0.714, coverage_best: (p=16, n=1, P=30, N=179)
2026-04-14 12:20:29,721 - INFO - Regula po iteracji 4: IF MMAX >= 22,485.00 AND CHMIN >= 7.00 AND MYCT >= 24.50 AND CACH <= 120.00 AND MYCT <= 53.50 THEN class = {330.65} [160.60, 500.69], (p=16, n=1, P=30, N=179)
2026-04-14 12:20:29,721 - INFO - *****GROWING RR RULE*****
2026-04-14 12:20:29,754 - INFO - Iteracja 0: condition_best: None, quality_best: -inf, coverage_best: (p=0, n=0, P=0, N=0), p_value: 0
2026-04-14 12:20:29,754 - INFO - Regula po iteracji 0: IF  THEN class = {105.62} [-54.82, 266.07], (p=188, n=21, P=188, N=21)
2026-04-14 12:20:29,755 - INFO - *****STOP GROWING RR RULE*****
2026-04-14 12:20:29,755 - INFO - ***RR NOT FOUND***
2026-04-14 12:20:29,755 - INFO - *******STOP GROWING CR RULE*******
2026-04-14 12:20:29,755 - INFO - *******GROWING CR RULE*******
2026-04-14 12:20:29,773 - INFO - Iteracja 0: condition_best: MMIN >= 5,120.00, quality_best: 0.64, coverage_best: (p=27, n=3, P=56, N=153)
2026-04-14 12:20:29,773 - INFO - Regula po iteracji 0: IF MMIN >= 5,120.00 THEN class = {370.50} [98.45, 642.55], (p=27, n=3, P=56, N=153)
2026-04-14 12:20:29,773 - INFO - *****GROWING RR RULE*****
2026-04-14 12:20:29,816 - INFO - Iteracja 0: condition_best: None, quality_best: -inf, coverage_best: (p=0, n=0, P=0, N=0), p_value: 0
2026-04-14 12:20:29,816 - INFO - Regula po iteracji 0: IF  THEN class = {105.62} [-54.82, 266.07], (p=188, n=21, P=188, N=21)
2026-04-14 12:20:29,816 - INFO - *****STOP GROWING RR RULE*****
2026-04-14 12:20:29,816 - INFO - ***RR NOT FOUND***
2026-04-14 12:20:29,820 - INFO - Iteracja 1: condition_best: MYCT >= 24.50, quality_best: 0.635, coverage_best: (p=24, n=2, P=57, N=152)
2026-04-14 12:20:29,820 - INFO - Regula po iteracji 1: IF MMIN >= 5,120.00 AND MYCT >= 24.50 THEN class = {326.12} [87.03, 565.20], (p=24, n=2, P=57, N=152)
2026-04-14 12:20:29,820 - INFO - *****GROWING RR RULE*****
2026-04-14 12:20:29,863 - INFO - Iteracja 0: condition_best: None, quality_best: -inf, coverage_best: (p=0, n=0, P=0, N=0), p_value: 0
2026-04-14 12:20:29,863 - INFO - Regula po iteracji 0: IF  THEN class = {105.62} [-54.82, 266.07], (p=188, n=21, P=188, N=21)
2026-04-14 12:20:29,864 - INFO - *****STOP GROWING RR RULE*****
2026-04-14 12:20:29,864 - INFO - ***RR NOT FOUND***
2026-04-14 12:20:29,867 - INFO - Iteracja 2: condition_best: CHMIN >= 2.50, quality_best: 0.632, coverage_best: (p=23, n=2, P=55, N=154)
2026-04-14 12:20:29,867 - INFO - Regula po iteracji 2: IF MMIN >= 5,120.00 AND MYCT >= 24.50 AND CHMIN >= 2.50 THEN class = {333.72} [93.00, 574.44], (p=23, n=2, P=55, N=154)
2026-04-14 12:20:29,867 - INFO - *****GROWING RR RULE*****
2026-04-14 12:20:29,910 - INFO - Iteracja 0: condition_best: None, quality_best: -inf, coverage_best: (p=0, n=0, P=0, N=0), p_value: 0
2026-04-14 12:20:29,911 - INFO - Regula po iteracji 0: IF  THEN class = {105.62} [-54.82, 266.07], (p=188, n=21, P=188, N=21)
2026-04-14 12:20:29,911 - INFO - *****STOP GROWING RR RULE*****
2026-04-14 12:20:29,911 - INFO - ***RR NOT FOUND***
2026-04-14 12:20:29,914 - INFO - Iteracja 3: condition_best: MYCT <= 61.50, quality_best: 0.621, coverage_best: (p=22, n=2, P=55, N=154)
2026-04-14 12:20:29,914 - INFO - Regula po iteracji 3: IF MMIN >= 5,120.00 AND MYCT >= 24.50 AND CHMIN >= 2.50 AND MYCT <= 61.50 THEN class = {338.96} [94.68, 583.24], (p=22, n=2, P=55, N=154)
2026-04-14 12:20:29,914 - INFO - *****GROWING RR RULE*****
2026-04-14 12:20:29,957 - INFO - Iteracja 0: condition_best: None, quality_best: -inf, coverage_best: (p=0, n=0, P=0, N=0), p_value: 0
2026-04-14 12:20:29,957 - INFO - Regula po iteracji 0: IF  THEN class = {105.62} [-54.82, 266.07], (p=188, n=21, P=188, N=21)
2026-04-14 12:20:29,957 - INFO - *****STOP GROWING RR RULE*****
2026-04-14 12:20:29,957 - INFO - ***RR NOT FOUND***
2026-04-14 12:20:29,960 - INFO - Iteracja 4: condition_best: MYCT <= 57.50, quality_best: 0.609, coverage_best: (p=21, n=2, P=55, N=154)
2026-04-14 12:20:29,960 - INFO - Regula po iteracji 4: IF MMIN >= 5,120.00 AND MYCT >= 24.50 AND CHMIN >= 2.50 AND MYCT <= 61.50 AND MYCT <= 57.50 THEN class = {345.52} [98.07, 592.97], (p=21, n=2, P=55, N=154)
2026-04-14 12:20:29,961 - INFO - *****GROWING RR RULE*****
2026-04-14 12:20:30,004 - INFO - Iteracja 0: condition_best: None, quality_best: -inf, coverage_best: (p=0, n=0, P=0, N=0), p_value: 0
2026-04-14 12:20:30,004 - INFO - Regula po iteracji 0: IF  THEN class = {105.62} [-54.82, 266.07], (p=188, n=21, P=188, N=21)
2026-04-14 12:20:30,004 - INFO - *****STOP GROWING RR RULE*****
2026-04-14 12:20:30,004 - INFO - ***RR NOT FOUND***
2026-04-14 12:20:30,004 - INFO - *******STOP GROWING CR RULE*******
2026-04-14 12:20:30,005 - INFO - *******GROWING CR RULE*******
2026-04-14 12:20:30,022 - INFO - Iteracja 0: condition_best: CACH >= 40.00, quality_best: 0.588, coverage_best: (p=34, n=5, P=73, N=136)
2026-04-14 12:20:30,022 - INFO - Regula po iteracji 0: IF CACH >= 40.00 THEN class = {326.13} [66.62, 585.63], (p=34, n=5, P=73, N=136)
2026-04-14 12:20:30,022 - INFO - *****GROWING RR RULE*****
2026-04-14 12:20:30,056 - INFO - Iteracja 0: condition_best: None, quality_best: -inf, coverage_best: (p=0, n=0, P=0, N=0), p_value: 0
2026-04-14 12:20:30,056 - INFO - Regula po iteracji 0: IF  THEN class = {105.62} [-54.82, 266.07], (p=188, n=21, P=188, N=21)
2026-04-14 12:20:30,056 - INFO - *****STOP GROWING RR RULE*****
2026-04-14 12:20:30,056 - INFO - ***RR NOT FOUND***
2026-04-14 12:20:30,062 - INFO - Iteracja 1: condition_best: CHMAX >= 9.00, quality_best: 0.663, coverage_best: (p=28, n=4, P=48, N=161)
2026-04-14 12:20:30,062 - INFO - Regula po iteracji 1: IF CACH >= 40.00 AND CHMAX >= 9.00 THEN class = {376.28} [115.83, 636.73], (p=28, n=4, P=48, N=161)
2026-04-14 12:20:30,062 - INFO - *****GROWING RR RULE*****
2026-04-14 12:20:30,096 - INFO - Iteracja 0: condition_best: None, quality_best: -inf, coverage_best: (p=0, n=0, P=0, N=0), p_value: 0
2026-04-14 12:20:30,096 - INFO - Regula po iteracji 0: IF  THEN class = {105.62} [-54.82, 266.07], (p=188, n=21, P=188, N=21)
2026-04-14 12:20:30,096 - INFO - *****STOP GROWING RR RULE*****
2026-04-14 12:20:30,096 - INFO - ***RR NOT FOUND***
2026-04-14 12:20:30,101 - INFO - Iteracja 2: condition_best: MYCT >= 24.00, quality_best: 0.684, coverage_best: (p=26, n=2, P=51, N=158)
2026-04-14 12:20:30,101 - INFO - Regula po iteracji 2: IF CACH >= 40.00 AND CHMAX >= 9.00 AND MYCT >= 24.00 THEN class = {335.89} [107.91, 563.88], (p=26, n=2, P=51, N=158)
2026-04-14 12:20:30,101 - INFO - *****GROWING RR RULE*****
2026-04-14 12:20:30,135 - INFO - Iteracja 0: condition_best: None, quality_best: -inf, coverage_best: (p=0, n=0, P=0, N=0), p_value: 0
2026-04-14 12:20:30,135 - INFO - Regula po iteracji 0: IF  THEN class = {105.62} [-54.82, 266.07], (p=188, n=21, P=188, N=21)
2026-04-14 12:20:30,135 - INFO - *****STOP GROWING RR RULE*****
2026-04-14 12:20:30,135 - INFO - ***RR NOT FOUND***
2026-04-14 12:20:30,139 - INFO - Iteracja 3: condition_best: MYCT <= 117.50, quality_best: 0.677, coverage_best: (p=25, n=2, P=50, N=159)
2026-04-14 12:20:30,139 - INFO - Regula po iteracji 3: IF CACH >= 40.00 AND CHMAX >= 9.00 AND MYCT >= 24.00 AND MYCT <= 117.50 THEN class = {341.00} [110.41, 571.59], (p=25, n=2, P=50, N=159)
2026-04-14 12:20:30,140 - INFO - *****GROWING RR RULE*****
2026-04-14 12:20:30,173 - INFO - Iteracja 0: condition_best: None, quality_best: -inf, coverage_best: (p=0, n=0, P=0, N=0), p_value: 0
2026-04-14 12:20:30,173 - INFO - Regula po iteracji 0: IF  THEN class = {105.62} [-54.82, 266.07], (p=188, n=21, P=188, N=21)
2026-04-14 12:20:30,174 - INFO - *****STOP GROWING RR RULE*****
2026-04-14 12:20:30,174 - INFO - ***RR NOT FOUND***
2026-04-14 12:20:30,178 - INFO - Iteracja 4: condition_best: CACH <= 136.50, quality_best: 0.653, coverage_best: (p=23, n=2, P=50, N=159)
2026-04-14 12:20:30,178 - INFO - Regula po iteracji 4: IF CACH >= 40.00 AND CHMAX >= 9.00 AND MYCT >= 24.00 AND MYCT <= 117.50 AND CACH <= 136.50 THEN class = {343.08} [110.00, 576.16], (p=23, n=2, P=50, N=159)
2026-04-14 12:20:30,178 - INFO - *****GROWING RR RULE*****
2026-04-14 12:20:30,212 - INFO - Iteracja 0: condition_best: None, quality_best: -inf, coverage_best: (p=0, n=0, P=0, N=0), p_value: 0
2026-04-14 12:20:30,212 - INFO - Regula po iteracji 0: IF  THEN class = {105.62} [-54.82, 266.07], (p=188, n=21, P=188, N=21)
2026-04-14 12:20:30,212 - INFO - *****STOP GROWING RR RULE*****
2026-04-14 12:20:30,212 - INFO - ***RR NOT FOUND***
2026-04-14 12:20:30,212 - INFO - *******STOP GROWING CR RULE*******
2026-04-14 12:20:30,212 - INFO - *******GROWING CR RULE*******
2026-04-14 12:20:30,230 - INFO - Iteracja 0: condition_best: CHMIN <= 5.50, quality_best: 0.534, coverage_best: (p=128, n=20, P=144, N=65)
2026-04-14 12:20:30,230 - INFO - Regula po iteracji 0: IF CHMIN <= 5.50 THEN class = {47.80} [9.21, 86.40], (p=128, n=20, P=144, N=65)
2026-04-14 12:20:30,230 - INFO - *****GROWING RR RULE*****
2026-04-14 12:20:30,264 - INFO - Iteracja 0: condition_best: None, quality_best: -inf, coverage_best: (p=0, n=0, P=0, N=0), p_value: 0
2026-04-14 12:20:30,264 - INFO - Regula po iteracji 0: IF  THEN class = {105.62} [-54.82, 266.07], (p=188, n=21, P=188, N=21)
2026-04-14 12:20:30,264 - INFO - *****STOP GROWING RR RULE*****
2026-04-14 12:20:30,264 - INFO - ***RR NOT FOUND***
2026-04-14 12:20:30,276 - INFO - Iteracja 1: condition_best: MMAX >= 1,750.00, quality_best: 0.584, coverage_best: (p=121, n=17, P=140, N=69)
2026-04-14 12:20:30,276 - INFO - Regula po iteracji 1: IF CHMIN <= 5.50 AND MMAX >= 1,750.00 THEN class = {50.50} [11.91, 89.09], (p=121, n=17, P=140, N=69)
2026-04-14 12:20:30,277 - INFO - *****GROWING RR RULE*****
2026-04-14 12:20:30,310 - INFO - Iteracja 0: condition_best: None, quality_best: -inf, coverage_best: (p=0, n=0, P=0, N=0), p_value: 0
2026-04-14 12:20:30,310 - INFO - Regula po iteracji 0: IF  THEN class = {105.62} [-54.82, 266.07], (p=188, n=21, P=188, N=21)
2026-04-14 12:20:30,311 - INFO - *****STOP GROWING RR RULE*****
2026-04-14 12:20:30,311 - INFO - ***RR NOT FOUND***
2026-04-14 12:20:30,322 - INFO - Iteracja 2: condition_best: MMIN <= 6,000.00, quality_best: 0.639, coverage_best: (p=121, n=14, P=140, N=69)
2026-04-14 12:20:30,322 - INFO - Regula po iteracji 2: IF CHMIN <= 5.50 AND MMAX >= 1,750.00 AND MMIN <= 6,000.00 THEN class = {48.84} [11.59, 86.09], (p=121, n=14, P=140, N=69)
2026-04-14 12:20:30,322 - INFO - *****GROWING RR RULE*****
2026-04-14 12:20:30,356 - INFO - Iteracja 0: condition_best: None, quality_best: -inf, coverage_best: (p=0, n=0, P=0, N=0), p_value: 0
2026-04-14 12:20:30,356 - INFO - Regula po iteracji 0: IF  THEN class = {105.62} [-54.82, 266.07], (p=188, n=21, P=188, N=21)
2026-04-14 12:20:30,357 - INFO - *****STOP GROWING RR RULE*****
2026-04-14 12:20:30,357 - INFO - ***RR NOT FOUND***
2026-04-14 12:20:30,367 - INFO - Iteracja 3: condition_best: MYCT <= 1,300.00, quality_best: 0.635, coverage_best: (p=120, n=14, P=140, N=69)
2026-04-14 12:20:30,368 - INFO - Regula po iteracji 3: IF CHMIN <= 5.50 AND MMAX >= 1,750.00 AND MMIN <= 6,000.00 AND MYCT <= 1,300.00 THEN class = {49.07} [11.77, 86.36], (p=120, n=14, P=140, N=69)
2026-04-14 12:20:30,368 - INFO - *****GROWING RR RULE*****
2026-04-14 12:20:30,402 - INFO - Iteracja 0: condition_best: None, quality_best: -inf, coverage_best: (p=0, n=0, P=0, N=0), p_value: 0
2026-04-14 12:20:30,402 - INFO - Regula po iteracji 0: IF  THEN class = {105.62} [-54.82, 266.07], (p=188, n=21, P=188, N=21)
2026-04-14 12:20:30,402 - INFO - *****STOP GROWING RR RULE*****
2026-04-14 12:20:30,402 - INFO - ***RR NOT FOUND***
2026-04-14 12:20:30,413 - INFO - Iteracja 4: condition_best: MMIN >= 192.00, quality_best: 0.63, coverage_best: (p=119, n=14, P=140, N=69)
2026-04-14 12:20:30,413 - INFO - Regula po iteracji 4: IF CHMIN <= 5.50 AND MMAX >= 1,750.00 AND MMIN <= 6,000.00 AND MYCT <= 1,300.00 AND MMIN >= 192.00 THEN class = {49.26} [11.90, 86.63], (p=119, n=14, P=140, N=69)
2026-04-14 12:20:30,413 - INFO - *****GROWING RR RULE*****
2026-04-14 12:20:30,447 - INFO - Iteracja 0: condition_best: None, quality_best: -inf, coverage_best: (p=0, n=0, P=0, N=0), p_value: 0
2026-04-14 12:20:30,447 - INFO - Regula po iteracji 0: IF  THEN class = {105.62} [-54.82, 266.07], (p=188, n=21, P=188, N=21)
2026-04-14 12:20:30,447 - INFO - *****STOP GROWING RR RULE*****
2026-04-14 12:20:30,447 - INFO - ***RR NOT FOUND***
2026-04-14 12:20:30,447 - INFO - *******STOP GROWING CR RULE*******
2026-04-14 12:20:30,448 - INFO - *******GROWING CR RULE*******
2026-04-14 12:20:30,465 - INFO - Iteracja 0: condition_best: MMIN <= 80.00, quality_best: 1.0, coverage_best: (p=1, n=0, P=1, N=208)
2026-04-14 12:20:30,465 - INFO - Regula po iteracji 0: IF MMIN <= 80.00 THEN class = {10.00} [10.00, 10.00], (p=1, n=0, P=1, N=208)
2026-04-14 12:20:30,465 - INFO - *****GROWING RR RULE*****
2026-04-14 12:20:30,498 - INFO - Iteracja 0: condition_best: None, quality_best: -inf, coverage_best: (p=0, n=0, P=0, N=0), p_value: 0
2026-04-14 12:20:30,499 - INFO - Regula po iteracji 0: IF  THEN class = {105.62} [-54.82, 266.07], (p=188, n=21, P=188, N=21)
2026-04-14 12:20:30,499 - INFO - *****STOP GROWING RR RULE*****
2026-04-14 12:20:30,499 - INFO - ***RR NOT FOUND***
2026-04-14 12:20:30,499 - INFO - Iteracja 1: condition_best: None, quality_best: -inf, coverage_best: (p=0, n=0, P=0, N=0)
2026-04-14 12:20:30,499 - INFO - Regula po iteracji 1: IF MMIN <= 80.00 THEN class = {10.00} [10.00, 10.00], (p=1, n=0, P=1, N=208)
2026-04-14 12:20:30,499 - INFO - *******STOP GROWING CR RULE*******
2026-04-14 12:20:30,503 - INFO - ************************Finished experiment for machine.arff with algorithm************************
2026-04-14 12:20:30,503 - INFO - *************************************************************************************************************************
2026-04-14 12:20:30,503 - INFO - *************************************************************************************************************************
2026-04-14 12:20:30,503 - INFO - *************************************************************************************************************************
