2026-04-14 12:03:25,974 - INFO - **********Starting experiment for cpu.arff with algorithm**********
2026-04-14 12:03:25,980 - INFO - *******GROWING CR RULE*******
2026-04-14 12:03:26,011 - INFO - Iteracja 0: condition_best: vendor = {formation}, quality_best: 0.917, coverage_best: (p=5, n=0, P=6, N=203)
2026-04-14 12:03:26,011 - INFO - Regula po iteracji 0: IF vendor = {formation} THEN class = {34.00} [34.00, 34.00], (p=5, n=0, P=6, N=203)
2026-04-14 12:03:26,011 - INFO - *****GROWING RR RULE*****
2026-04-14 12:03:26,049 - INFO - Iteracja 0: condition_best: None, quality_best: -inf, coverage_best: (p=0, n=0, P=0, N=0), p_value: 0
2026-04-14 12:03:26,049 - INFO - Regula po iteracji 0: IF  THEN class = {99.33} [-55.06, 253.72], (p=190, n=19, P=190, N=19)
2026-04-14 12:03:26,049 - INFO - *****STOP GROWING RR RULE*****
2026-04-14 12:03:26,049 - INFO - ***RR NOT FOUND***
2026-04-14 12:03:26,049 - INFO - Iteracja 1: condition_best: None, quality_best: -inf, coverage_best: (p=0, n=0, P=0, N=0)
2026-04-14 12:03:26,049 - INFO - Regula po iteracji 1: IF vendor = {formation} THEN class = {34.00} [34.00, 34.00], (p=5, n=0, P=6, N=203)
2026-04-14 12:03:26,049 - INFO - *******STOP GROWING CR RULE*******
2026-04-14 12:03:26,051 - INFO - *******GROWING CR RULE*******
2026-04-14 12:03:26,072 - INFO - Iteracja 0: condition_best: MMAX <= 4,750.00, quality_best: 0.84, coverage_best: (p=69, n=2, P=90, N=119)
2026-04-14 12:03:26,072 - INFO - Regula po iteracji 0: IF MMAX <= 4,750.00 THEN class = {26.15} [12.45, 39.86], (p=69, n=2, P=90, N=119)
2026-04-14 12:03:26,072 - INFO - *****GROWING RR RULE*****
2026-04-14 12:03:26,108 - INFO - Iteracja 0: condition_best: None, quality_best: -inf, coverage_best: (p=0, n=0, P=0, N=0), p_value: 0
2026-04-14 12:03:26,109 - INFO - Regula po iteracji 0: IF  THEN class = {99.33} [-55.06, 253.72], (p=190, n=19, P=190, N=19)
2026-04-14 12:03:26,109 - INFO - *****STOP GROWING RR RULE*****
2026-04-14 12:03:26,109 - INFO - ***RR NOT FOUND***
2026-04-14 12:03:26,119 - INFO - Iteracja 1: condition_best: MMAX <= 4,250.00, quality_best: 0.834, coverage_best: (p=68, n=2, P=90, N=119)
2026-04-14 12:03:26,119 - INFO - Regula po iteracji 1: IF MMAX <= 4,750.00 AND MMAX <= 4,250.00 THEN class = {26.14} [12.34, 39.94], (p=68, n=2, P=90, N=119)
2026-04-14 12:03:26,120 - INFO - *****GROWING RR RULE*****
2026-04-14 12:03:26,156 - INFO - Iteracja 0: condition_best: None, quality_best: -inf, coverage_best: (p=0, n=0, P=0, N=0), p_value: 0
2026-04-14 12:03:26,156 - INFO - Regula po iteracji 0: IF  THEN class = {99.33} [-55.06, 253.72], (p=190, n=19, P=190, N=19)
2026-04-14 12:03:26,156 - INFO - *****STOP GROWING RR RULE*****
2026-04-14 12:03:26,156 - INFO - ***RR NOT FOUND***
2026-04-14 12:03:26,166 - INFO - Iteracja 2: condition_best: CHMAX <= 96.00, quality_best: 0.828, coverage_best: (p=67, n=2, P=90, N=119)
2026-04-14 12:03:26,166 - INFO - Regula po iteracji 2: IF MMAX <= 4,750.00 AND MMAX <= 4,250.00 AND CHMAX <= 96.00 THEN class = {26.04} [12.17, 39.92], (p=67, n=2, P=90, N=119)
2026-04-14 12:03:26,166 - INFO - *****GROWING RR RULE*****
2026-04-14 12:03:26,202 - INFO - Iteracja 0: condition_best: None, quality_best: -inf, coverage_best: (p=0, n=0, P=0, N=0), p_value: 0
2026-04-14 12:03:26,203 - INFO - Regula po iteracji 0: IF  THEN class = {99.33} [-55.06, 253.72], (p=190, n=19, P=190, N=19)
2026-04-14 12:03:26,203 - INFO - *****STOP GROWING RR RULE*****
2026-04-14 12:03:26,203 - INFO - ***RR NOT FOUND***
2026-04-14 12:03:26,212 - INFO - Iteracja 3: condition_best: CHMAX <= 44.00, quality_best: 0.822, coverage_best: (p=66, n=2, P=90, N=119)
2026-04-14 12:03:26,212 - INFO - Regula po iteracji 3: IF MMAX <= 4,750.00 AND MMAX <= 4,250.00 AND CHMAX <= 96.00 AND CHMAX <= 44.00 THEN class = {25.99} [12.02, 39.95], (p=66, n=2, P=90, N=119)
2026-04-14 12:03:26,213 - INFO - *****GROWING RR RULE*****
2026-04-14 12:03:26,249 - INFO - Iteracja 0: condition_best: None, quality_best: -inf, coverage_best: (p=0, n=0, P=0, N=0), p_value: 0
2026-04-14 12:03:26,249 - INFO - Regula po iteracji 0: IF  THEN class = {99.33} [-55.06, 253.72], (p=190, n=19, P=190, N=19)
2026-04-14 12:03:26,249 - INFO - *****STOP GROWING RR RULE*****
2026-04-14 12:03:26,249 - INFO - ***RR NOT FOUND***
2026-04-14 12:03:26,259 - INFO - Iteracja 4: condition_best: MMIN >= 80.00, quality_best: 0.812, coverage_best: (p=65, n=2, P=91, N=118)
2026-04-14 12:03:26,259 - INFO - Regula po iteracji 4: IF MMAX <= 4,750.00 AND MMAX <= 4,250.00 AND CHMAX <= 96.00 AND CHMAX <= 44.00 AND MMIN >= 80.00 THEN class = {26.15} [12.14, 40.16], (p=65, n=2, P=91, N=118)
2026-04-14 12:03:26,259 - INFO - *****GROWING RR RULE*****
2026-04-14 12:03:26,296 - INFO - Iteracja 0: condition_best: None, quality_best: -inf, coverage_best: (p=0, n=0, P=0, N=0), p_value: 0
2026-04-14 12:03:26,296 - INFO - Regula po iteracji 0: IF  THEN class = {99.33} [-55.06, 253.72], (p=190, n=19, P=190, N=19)
2026-04-14 12:03:26,296 - INFO - *****STOP GROWING RR RULE*****
2026-04-14 12:03:26,296 - INFO - ***RR NOT FOUND***
2026-04-14 12:03:26,296 - INFO - *******STOP GROWING CR RULE*******
2026-04-14 12:03:26,297 - INFO - *******GROWING CR RULE*******
2026-04-14 12:03:26,318 - INFO - Iteracja 0: condition_best: MMAX <= 9,240.00, quality_best: 0.81, coverage_best: (p=120, n=9, P=125, N=84)
2026-04-14 12:03:26,318 - INFO - Regula po iteracji 0: IF MMAX <= 9,240.00 THEN class = {35.95} [13.28, 58.61], (p=120, n=9, P=125, N=84)
2026-04-14 12:03:26,318 - INFO - *****GROWING RR RULE*****
2026-04-14 12:03:26,355 - INFO - Iteracja 0: condition_best: None, quality_best: -inf, coverage_best: (p=0, n=0, P=0, N=0), p_value: 0
2026-04-14 12:03:26,355 - INFO - Regula po iteracji 0: IF  THEN class = {99.33} [-55.06, 253.72], (p=190, n=19, P=190, N=19)
2026-04-14 12:03:26,355 - INFO - *****STOP GROWING RR RULE*****
2026-04-14 12:03:26,355 - INFO - ***RR NOT FOUND***
2026-04-14 12:03:26,370 - INFO - Iteracja 1: condition_best: MYCT >= 44.00, quality_best: 0.851, coverage_best: (p=118, n=7, P=122, N=87)
2026-04-14 12:03:26,370 - INFO - Regula po iteracji 1: IF MMAX <= 9,240.00 AND MYCT >= 44.00 THEN class = {34.18} [13.54, 54.83], (p=118, n=7, P=122, N=87)
2026-04-14 12:03:26,370 - INFO - *****GROWING RR RULE*****
2026-04-14 12:03:26,407 - INFO - Iteracja 0: condition_best: None, quality_best: -inf, coverage_best: (p=0, n=0, P=0, N=0), p_value: 0
2026-04-14 12:03:26,407 - INFO - Regula po iteracji 0: IF  THEN class = {99.33} [-55.06, 253.72], (p=190, n=19, P=190, N=19)
2026-04-14 12:03:26,407 - INFO - *****STOP GROWING RR RULE*****
2026-04-14 12:03:26,407 - INFO - ***RR NOT FOUND***
2026-04-14 12:03:26,421 - INFO - Iteracja 2: condition_best: MMAX <= 5,500.00, quality_best: 0.893, coverage_best: (p=73, n=1, P=88, N=121)
2026-04-14 12:03:26,421 - INFO - Regula po iteracji 2: IF MMAX <= 9,240.00 AND MYCT >= 44.00 AND MMAX <= 5,500.00 THEN class = {25.53} [13.12, 37.93], (p=73, n=1, P=88, N=121)
2026-04-14 12:03:26,421 - INFO - *****GROWING RR RULE*****
2026-04-14 12:03:26,458 - INFO - Iteracja 0: condition_best: None, quality_best: -inf, coverage_best: (p=0, n=0, P=0, N=0), p_value: 0
2026-04-14 12:03:26,458 - INFO - Regula po iteracji 0: IF  THEN class = {99.33} [-55.06, 253.72], (p=190, n=19, P=190, N=19)
2026-04-14 12:03:26,458 - INFO - *****STOP GROWING RR RULE*****
2026-04-14 12:03:26,458 - INFO - ***RR NOT FOUND***
2026-04-14 12:03:26,468 - INFO - Iteracja 3: condition_best: CHMAX <= 96.00, quality_best: 0.888, coverage_best: (p=72, n=1, P=88, N=121)
2026-04-14 12:03:26,468 - INFO - Regula po iteracji 3: IF MMAX <= 9,240.00 AND MYCT >= 44.00 AND MMAX <= 5,500.00 AND CHMAX <= 96.00 THEN class = {25.42} [12.97, 37.88], (p=72, n=1, P=88, N=121)
2026-04-14 12:03:26,468 - INFO - *****GROWING RR RULE*****
2026-04-14 12:03:26,505 - INFO - Iteracja 0: condition_best: None, quality_best: -inf, coverage_best: (p=0, n=0, P=0, N=0), p_value: 0
2026-04-14 12:03:26,505 - INFO - Regula po iteracji 0: IF  THEN class = {99.33} [-55.06, 253.72], (p=190, n=19, P=190, N=19)
2026-04-14 12:03:26,505 - INFO - *****STOP GROWING RR RULE*****
2026-04-14 12:03:26,505 - INFO - ***RR NOT FOUND***
2026-04-14 12:03:26,514 - INFO - Iteracja 4: condition_best: MMIN >= 80.00, quality_best: 0.877, coverage_best: (p=71, n=1, P=89, N=120)
2026-04-14 12:03:26,514 - INFO - Regula po iteracji 4: IF MMAX <= 9,240.00 AND MYCT >= 44.00 AND MMAX <= 5,500.00 AND CHMAX <= 96.00 AND MMIN >= 80.00 THEN class = {25.57} [13.09, 38.05], (p=71, n=1, P=89, N=120)
2026-04-14 12:03:26,515 - INFO - *****GROWING RR RULE*****
2026-04-14 12:03:26,551 - INFO - Iteracja 0: condition_best: None, quality_best: -inf, coverage_best: (p=0, n=0, P=0, N=0), p_value: 0
2026-04-14 12:03:26,551 - INFO - Regula po iteracji 0: IF  THEN class = {99.33} [-55.06, 253.72], (p=190, n=19, P=190, N=19)
2026-04-14 12:03:26,551 - INFO - *****STOP GROWING RR RULE*****
2026-04-14 12:03:26,551 - INFO - ***RR NOT FOUND***
2026-04-14 12:03:26,551 - INFO - *******STOP GROWING CR RULE*******
2026-04-14 12:03:26,553 - INFO - *******GROWING CR RULE*******
2026-04-14 12:03:26,573 - INFO - Iteracja 0: condition_best: MMAX <= 9,240.00, quality_best: 0.81, coverage_best: (p=120, n=9, P=125, N=84)
2026-04-14 12:03:26,573 - INFO - Regula po iteracji 0: IF MMAX <= 9,240.00 THEN class = {35.95} [13.28, 58.61], (p=120, n=9, P=125, N=84)
2026-04-14 12:03:26,573 - INFO - *****GROWING RR RULE*****
2026-04-14 12:03:26,610 - INFO - Iteracja 0: condition_best: None, quality_best: -inf, coverage_best: (p=0, n=0, P=0, N=0), p_value: 0
2026-04-14 12:03:26,610 - INFO - Regula po iteracji 0: IF  THEN class = {99.33} [-55.06, 253.72], (p=190, n=19, P=190, N=19)
2026-04-14 12:03:26,610 - INFO - *****STOP GROWING RR RULE*****
2026-04-14 12:03:26,610 - INFO - ***RR NOT FOUND***
2026-04-14 12:03:26,624 - INFO - Iteracja 1: condition_best: MYCT >= 44.00, quality_best: 0.851, coverage_best: (p=118, n=7, P=122, N=87)
2026-04-14 12:03:26,624 - INFO - Regula po iteracji 1: IF MMAX <= 9,240.00 AND MYCT >= 44.00 THEN class = {34.18} [13.54, 54.83], (p=118, n=7, P=122, N=87)
2026-04-14 12:03:26,625 - INFO - *****GROWING RR RULE*****
2026-04-14 12:03:26,661 - INFO - Iteracja 0: condition_best: None, quality_best: -inf, coverage_best: (p=0, n=0, P=0, N=0), p_value: 0
2026-04-14 12:03:26,661 - INFO - Regula po iteracji 0: IF  THEN class = {99.33} [-55.06, 253.72], (p=190, n=19, P=190, N=19)
2026-04-14 12:03:26,661 - INFO - *****STOP GROWING RR RULE*****
2026-04-14 12:03:26,661 - INFO - ***RR NOT FOUND***
2026-04-14 12:03:26,675 - INFO - Iteracja 2: condition_best: MMIN >= 80.00, quality_best: 0.847, coverage_best: (p=117, n=7, P=122, N=87)
2026-04-14 12:03:26,675 - INFO - Regula po iteracji 2: IF MMAX <= 9,240.00 AND MYCT >= 44.00 AND MMIN >= 80.00 THEN class = {34.34} [13.68, 54.99], (p=117, n=7, P=122, N=87)
2026-04-14 12:03:26,675 - INFO - *****GROWING RR RULE*****
2026-04-14 12:03:26,712 - INFO - Iteracja 0: condition_best: None, quality_best: -inf, coverage_best: (p=0, n=0, P=0, N=0), p_value: 0
2026-04-14 12:03:26,712 - INFO - Regula po iteracji 0: IF  THEN class = {99.33} [-55.06, 253.72], (p=190, n=19, P=190, N=19)
2026-04-14 12:03:26,712 - INFO - *****STOP GROWING RR RULE*****
2026-04-14 12:03:26,712 - INFO - ***RR NOT FOUND***
2026-04-14 12:03:26,726 - INFO - Iteracja 3: condition_best: MMIN >= 112.00, quality_best: 0.842, coverage_best: (p=116, n=7, P=122, N=87)
2026-04-14 12:03:26,726 - INFO - Regula po iteracji 3: IF MMAX <= 9,240.00 AND MYCT >= 44.00 AND MMIN >= 80.00 AND MMIN >= 112.00 THEN class = {34.50} [13.83, 55.16], (p=116, n=7, P=122, N=87)
2026-04-14 12:03:26,726 - INFO - *****GROWING RR RULE*****
2026-04-14 12:03:26,762 - INFO - Iteracja 0: condition_best: None, quality_best: -inf, coverage_best: (p=0, n=0, P=0, N=0), p_value: 0
2026-04-14 12:03:26,763 - INFO - Regula po iteracji 0: IF  THEN class = {99.33} [-55.06, 253.72], (p=190, n=19, P=190, N=19)
2026-04-14 12:03:26,763 - INFO - *****STOP GROWING RR RULE*****
2026-04-14 12:03:26,763 - INFO - ***RR NOT FOUND***
2026-04-14 12:03:26,776 - INFO - Iteracja 4: condition_best: MMIN >= 160.00, quality_best: 0.837, coverage_best: (p=115, n=7, P=122, N=87)
2026-04-14 12:03:26,776 - INFO - Regula po iteracji 4: IF MMAX <= 9,240.00 AND MYCT >= 44.00 AND MMIN >= 80.00 AND MMIN >= 112.00 AND MMIN >= 160.00 THEN class = {34.55} [13.81, 55.29], (p=115, n=7, P=122, N=87)
2026-04-14 12:03:26,777 - INFO - *****GROWING RR RULE*****
2026-04-14 12:03:26,813 - INFO - Iteracja 0: condition_best: None, quality_best: -inf, coverage_best: (p=0, n=0, P=0, N=0), p_value: 0
2026-04-14 12:03:26,813 - INFO - Regula po iteracji 0: IF  THEN class = {99.33} [-55.06, 253.72], (p=190, n=19, P=190, N=19)
2026-04-14 12:03:26,813 - INFO - *****STOP GROWING RR RULE*****
2026-04-14 12:03:26,813 - INFO - ***RR NOT FOUND***
2026-04-14 12:03:26,813 - INFO - *******STOP GROWING CR RULE*******
2026-04-14 12:03:26,815 - INFO - *******GROWING CR RULE*******
2026-04-14 12:03:26,834 - INFO - Iteracja 0: condition_best: MMAX <= 11,240.00, quality_best: 0.77, coverage_best: (p=120, n=11, P=126, N=83)
2026-04-14 12:03:26,834 - INFO - Regula po iteracji 0: IF MMAX <= 11,240.00 THEN class = {36.53} [13.56, 59.50], (p=120, n=11, P=126, N=83)
2026-04-14 12:03:26,835 - INFO - *****GROWING RR RULE*****
2026-04-14 12:03:26,871 - INFO - Iteracja 0: condition_best: None, quality_best: -inf, coverage_best: (p=0, n=0, P=0, N=0), p_value: 0
2026-04-14 12:03:26,871 - INFO - Regula po iteracji 0: IF  THEN class = {99.33} [-55.06, 253.72], (p=190, n=19, P=190, N=19)
2026-04-14 12:03:26,871 - INFO - *****STOP GROWING RR RULE*****
2026-04-14 12:03:26,872 - INFO - ***RR NOT FOUND***
2026-04-14 12:03:26,885 - INFO - Iteracja 1: condition_best: MYCT >= 31.50, quality_best: 0.81, coverage_best: (p=120, n=9, P=125, N=84)
2026-04-14 12:03:26,886 - INFO - Regula po iteracji 1: IF MMAX <= 11,240.00 AND MYCT >= 31.50 THEN class = {35.51} [13.87, 57.15], (p=120, n=9, P=125, N=84)
2026-04-14 12:03:26,886 - INFO - *****GROWING RR RULE*****
2026-04-14 12:03:26,922 - INFO - Iteracja 0: condition_best: None, quality_best: -inf, coverage_best: (p=0, n=0, P=0, N=0), p_value: 0
2026-04-14 12:03:26,923 - INFO - Regula po iteracji 0: IF  THEN class = {99.33} [-55.06, 253.72], (p=190, n=19, P=190, N=19)
2026-04-14 12:03:26,923 - INFO - *****STOP GROWING RR RULE*****
2026-04-14 12:03:26,923 - INFO - ***RR NOT FOUND***
2026-04-14 12:03:26,936 - INFO - Iteracja 2: condition_best: MMIN >= 80.00, quality_best: 0.805, coverage_best: (p=119, n=9, P=125, N=84)
2026-04-14 12:03:26,936 - INFO - Regula po iteracji 2: IF MMAX <= 11,240.00 AND MYCT >= 31.50 AND MMIN >= 80.00 THEN class = {35.67} [14.02, 57.32], (p=119, n=9, P=125, N=84)
2026-04-14 12:03:26,937 - INFO - *****GROWING RR RULE*****
2026-04-14 12:03:26,973 - INFO - Iteracja 0: condition_best: None, quality_best: -inf, coverage_best: (p=0, n=0, P=0, N=0), p_value: 0
2026-04-14 12:03:26,973 - INFO - Regula po iteracji 0: IF  THEN class = {99.33} [-55.06, 253.72], (p=190, n=19, P=190, N=19)
2026-04-14 12:03:26,974 - INFO - *****STOP GROWING RR RULE*****
2026-04-14 12:03:26,974 - INFO - ***RR NOT FOUND***
2026-04-14 12:03:26,987 - INFO - Iteracja 3: condition_best: MMIN >= 112.00, quality_best: 0.801, coverage_best: (p=118, n=9, P=125, N=84)
2026-04-14 12:03:26,987 - INFO - Regula po iteracji 3: IF MMAX <= 11,240.00 AND MYCT >= 31.50 AND MMIN >= 80.00 AND MMIN >= 112.00 THEN class = {35.83} [14.18, 57.49], (p=118, n=9, P=125, N=84)
2026-04-14 12:03:26,988 - INFO - *****GROWING RR RULE*****
2026-04-14 12:03:27,024 - INFO - Iteracja 0: condition_best: None, quality_best: -inf, coverage_best: (p=0, n=0, P=0, N=0), p_value: 0
2026-04-14 12:03:27,024 - INFO - Regula po iteracji 0: IF  THEN class = {99.33} [-55.06, 253.72], (p=190, n=19, P=190, N=19)
2026-04-14 12:03:27,024 - INFO - *****STOP GROWING RR RULE*****
2026-04-14 12:03:27,024 - INFO - ***RR NOT FOUND***
2026-04-14 12:03:27,038 - INFO - Iteracja 4: condition_best: MMAX >= 640.00, quality_best: 0.796, coverage_best: (p=117, n=9, P=125, N=84)
2026-04-14 12:03:27,038 - INFO - Regula po iteracji 4: IF MMAX <= 11,240.00 AND MYCT >= 31.50 AND MMIN >= 80.00 AND MMIN >= 112.00 AND MMAX >= 640.00 THEN class = {35.98} [14.29, 57.66], (p=117, n=9, P=125, N=84)
2026-04-14 12:03:27,038 - INFO - *****GROWING RR RULE*****
2026-04-14 12:03:27,075 - INFO - Iteracja 0: condition_best: None, quality_best: -inf, coverage_best: (p=0, n=0, P=0, N=0), p_value: 0
2026-04-14 12:03:27,075 - INFO - Regula po iteracji 0: IF  THEN class = {99.33} [-55.06, 253.72], (p=190, n=19, P=190, N=19)
2026-04-14 12:03:27,075 - INFO - *****STOP GROWING RR RULE*****
2026-04-14 12:03:27,075 - INFO - ***RR NOT FOUND***
2026-04-14 12:03:27,075 - INFO - *******STOP GROWING CR RULE*******
2026-04-14 12:03:27,076 - INFO - *******GROWING CR RULE*******
2026-04-14 12:03:27,096 - INFO - Iteracja 0: condition_best: MYCT >= 79.50, quality_best: 0.737, coverage_best: (p=113, n=9, P=133, N=76)
2026-04-14 12:03:27,096 - INFO - Regula po iteracji 0: IF MYCT >= 79.50 THEN class = {39.11} [7.92, 70.31], (p=113, n=9, P=133, N=76)
2026-04-14 12:03:27,096 - INFO - *****GROWING RR RULE*****
2026-04-14 12:03:27,133 - INFO - Iteracja 0: condition_best: None, quality_best: -inf, coverage_best: (p=0, n=0, P=0, N=0), p_value: 0
2026-04-14 12:03:27,133 - INFO - Regula po iteracji 0: IF  THEN class = {99.33} [-55.06, 253.72], (p=190, n=19, P=190, N=19)
2026-04-14 12:03:27,133 - INFO - *****STOP GROWING RR RULE*****
2026-04-14 12:03:27,133 - INFO - ***RR NOT FOUND***
2026-04-14 12:03:27,146 - INFO - Iteracja 1: condition_best: MMAX <= 14,000.00, quality_best: 0.819, coverage_best: (p=107, n=6, P=122, N=87)
2026-04-14 12:03:27,146 - INFO - Regula po iteracji 1: IF MYCT >= 79.50 AND MMAX <= 14,000.00 THEN class = {33.72} [12.57, 54.86], (p=107, n=6, P=122, N=87)
2026-04-14 12:03:27,146 - INFO - *****GROWING RR RULE*****
2026-04-14 12:03:27,183 - INFO - Iteracja 0: condition_best: None, quality_best: -inf, coverage_best: (p=0, n=0, P=0, N=0), p_value: 0
2026-04-14 12:03:27,183 - INFO - Regula po iteracji 0: IF  THEN class = {99.33} [-55.06, 253.72], (p=190, n=19, P=190, N=19)
2026-04-14 12:03:27,183 - INFO - *****STOP GROWING RR RULE*****
2026-04-14 12:03:27,183 - INFO - ***RR NOT FOUND***
2026-04-14 12:03:27,195 - INFO - Iteracja 2: condition_best: MMAX >= 1,750.00, quality_best: 0.826, coverage_best: (p=98, n=3, P=125, N=84)
2026-04-14 12:03:27,195 - INFO - Regula po iteracji 2: IF MYCT >= 79.50 AND MMAX <= 14,000.00 AND MMAX >= 1,750.00 THEN class = {35.62} [14.04, 57.21], (p=98, n=3, P=125, N=84)
2026-04-14 12:03:27,196 - INFO - *****GROWING RR RULE*****
2026-04-14 12:03:27,232 - INFO - Iteracja 0: condition_best: None, quality_best: -inf, coverage_best: (p=0, n=0, P=0, N=0), p_value: 0
2026-04-14 12:03:27,232 - INFO - Regula po iteracji 0: IF  THEN class = {99.33} [-55.06, 253.72], (p=190, n=19, P=190, N=19)
2026-04-14 12:03:27,233 - INFO - *****STOP GROWING RR RULE*****
2026-04-14 12:03:27,233 - INFO - ***RR NOT FOUND***
2026-04-14 12:03:27,244 - INFO - Iteracja 3: condition_best: MYCT <= 1,300.00, quality_best: 0.822, coverage_best: (p=97, n=3, P=125, N=84)
2026-04-14 12:03:27,244 - INFO - Regula po iteracji 3: IF MYCT >= 79.50 AND MMAX <= 14,000.00 AND MMAX >= 1,750.00 AND MYCT <= 1,300.00 THEN class = {35.78} [14.14, 57.42], (p=97, n=3, P=125, N=84)
2026-04-14 12:03:27,244 - INFO - *****GROWING RR RULE*****
2026-04-14 12:03:27,281 - INFO - Iteracja 0: condition_best: None, quality_best: -inf, coverage_best: (p=0, n=0, P=0, N=0), p_value: 0
2026-04-14 12:03:27,281 - INFO - Regula po iteracji 0: IF  THEN class = {99.33} [-55.06, 253.72], (p=190, n=19, P=190, N=19)
2026-04-14 12:03:27,281 - INFO - *****STOP GROWING RR RULE*****
2026-04-14 12:03:27,281 - INFO - ***RR NOT FOUND***
2026-04-14 12:03:27,293 - INFO - Iteracja 4: condition_best: MYCT <= 1,000.00, quality_best: 0.817, coverage_best: (p=96, n=3, P=125, N=84)
2026-04-14 12:03:27,293 - INFO - Regula po iteracji 4: IF MYCT >= 79.50 AND MMAX <= 14,000.00 AND MMAX >= 1,750.00 AND MYCT <= 1,300.00 AND MYCT <= 1,000.00 THEN class = {35.94} [14.25, 57.63], (p=96, n=3, P=125, N=84)
2026-04-14 12:03:27,293 - INFO - *****GROWING RR RULE*****
2026-04-14 12:03:27,330 - INFO - Iteracja 0: condition_best: None, quality_best: -inf, coverage_best: (p=0, n=0, P=0, N=0), p_value: 0
2026-04-14 12:03:27,330 - INFO - Regula po iteracji 0: IF  THEN class = {99.33} [-55.06, 253.72], (p=190, n=19, P=190, N=19)
2026-04-14 12:03:27,330 - INFO - *****STOP GROWING RR RULE*****
2026-04-14 12:03:27,330 - INFO - ***RR NOT FOUND***
2026-04-14 12:03:27,330 - INFO - *******STOP GROWING CR RULE*******
2026-04-14 12:03:27,331 - INFO - *******GROWING CR RULE*******
2026-04-14 12:03:27,350 - INFO - Iteracja 0: condition_best: MYCT >= 79.50, quality_best: 0.737, coverage_best: (p=113, n=9, P=133, N=76)
2026-04-14 12:03:27,350 - INFO - Regula po iteracji 0: IF MYCT >= 79.50 THEN class = {39.11} [7.92, 70.31], (p=113, n=9, P=133, N=76)
2026-04-14 12:03:27,351 - INFO - *****GROWING RR RULE*****
2026-04-14 12:03:27,387 - INFO - Iteracja 0: condition_best: None, quality_best: -inf, coverage_best: (p=0, n=0, P=0, N=0), p_value: 0
2026-04-14 12:03:27,388 - INFO - Regula po iteracji 0: IF  THEN class = {99.33} [-55.06, 253.72], (p=190, n=19, P=190, N=19)
2026-04-14 12:03:27,388 - INFO - *****STOP GROWING RR RULE*****
2026-04-14 12:03:27,388 - INFO - ***RR NOT FOUND***
2026-04-14 12:03:27,400 - INFO - Iteracja 1: condition_best: MMAX <= 24,000.00, quality_best: 0.763, coverage_best: (p=110, n=9, P=125, N=84)
2026-04-14 12:03:27,400 - INFO - Regula po iteracji 1: IF MYCT >= 79.50 AND MMAX <= 24,000.00 THEN class = {35.59} [13.41, 57.77], (p=110, n=9, P=125, N=84)
2026-04-14 12:03:27,401 - INFO - *****GROWING RR RULE*****
2026-04-14 12:03:27,437 - INFO - Iteracja 0: condition_best: None, quality_best: -inf, coverage_best: (p=0, n=0, P=0, N=0), p_value: 0
2026-04-14 12:03:27,437 - INFO - Regula po iteracji 0: IF  THEN class = {99.33} [-55.06, 253.72], (p=190, n=19, P=190, N=19)
2026-04-14 12:03:27,438 - INFO - *****STOP GROWING RR RULE*****
2026-04-14 12:03:27,438 - INFO - ***RR NOT FOUND***
2026-04-14 12:03:27,450 - INFO - Iteracja 2: condition_best: MYCT >= 87.00, quality_best: 0.758, coverage_best: (p=109, n=9, P=125, N=84)
2026-04-14 12:03:27,450 - INFO - Regula po iteracji 2: IF MYCT >= 79.50 AND MMAX <= 24,000.00 AND MYCT >= 87.00 THEN class = {35.71} [13.48, 57.94], (p=109, n=9, P=125, N=84)
2026-04-14 12:03:27,451 - INFO - *****GROWING RR RULE*****
2026-04-14 12:03:27,487 - INFO - Iteracja 0: condition_best: None, quality_best: -inf, coverage_best: (p=0, n=0, P=0, N=0), p_value: 0
2026-04-14 12:03:27,487 - INFO - Regula po iteracji 0: IF  THEN class = {99.33} [-55.06, 253.72], (p=190, n=19, P=190, N=19)
2026-04-14 12:03:27,487 - INFO - *****STOP GROWING RR RULE*****
2026-04-14 12:03:27,487 - INFO - ***RR NOT FOUND***
2026-04-14 12:03:27,500 - INFO - Iteracja 3: condition_best: MYCT >= 91.00, quality_best: 0.754, coverage_best: (p=108, n=9, P=125, N=84)
2026-04-14 12:03:27,500 - INFO - Regula po iteracji 3: IF MYCT >= 79.50 AND MMAX <= 24,000.00 AND MYCT >= 87.00 AND MYCT >= 91.00 THEN class = {35.86} [13.60, 58.13], (p=108, n=9, P=125, N=84)
2026-04-14 12:03:27,501 - INFO - *****GROWING RR RULE*****
2026-04-14 12:03:27,538 - INFO - Iteracja 0: condition_best: None, quality_best: -inf, coverage_best: (p=0, n=0, P=0, N=0), p_value: 0
2026-04-14 12:03:27,538 - INFO - Regula po iteracji 0: IF  THEN class = {99.33} [-55.06, 253.72], (p=190, n=19, P=190, N=19)
2026-04-14 12:03:27,538 - INFO - *****STOP GROWING RR RULE*****
2026-04-14 12:03:27,538 - INFO - ***RR NOT FOUND***
2026-04-14 12:03:27,551 - INFO - Iteracja 4: condition_best: MMIN >= 80.00, quality_best: 0.749, coverage_best: (p=107, n=9, P=125, N=84)
2026-04-14 12:03:27,551 - INFO - Regula po iteracji 4: IF MYCT >= 79.50 AND MMAX <= 24,000.00 AND MYCT >= 87.00 AND MYCT >= 91.00 AND MMIN >= 80.00 THEN class = {36.04} [13.77, 58.32], (p=107, n=9, P=125, N=84)
2026-04-14 12:03:27,551 - INFO - *****GROWING RR RULE*****
2026-04-14 12:03:27,588 - INFO - Iteracja 0: condition_best: None, quality_best: -inf, coverage_best: (p=0, n=0, P=0, N=0), p_value: 0
2026-04-14 12:03:27,588 - INFO - Regula po iteracji 0: IF  THEN class = {99.33} [-55.06, 253.72], (p=190, n=19, P=190, N=19)
2026-04-14 12:03:27,588 - INFO - *****STOP GROWING RR RULE*****
2026-04-14 12:03:27,588 - INFO - ***RR NOT FOUND***
2026-04-14 12:03:27,588 - INFO - *******STOP GROWING CR RULE*******
2026-04-14 12:03:27,589 - INFO - *******GROWING CR RULE*******
2026-04-14 12:03:27,608 - INFO - Iteracja 0: condition_best: MYCT >= 62.00, quality_best: 0.704, coverage_best: (p=122, n=10, P=143, N=66)
2026-04-14 12:03:27,608 - INFO - Regula po iteracji 0: IF MYCT >= 62.00 THEN class = {42.99} [8.54, 77.44], (p=122, n=10, P=143, N=66)
2026-04-14 12:03:27,609 - INFO - *****GROWING RR RULE*****
2026-04-14 12:03:27,645 - INFO - Iteracja 0: condition_best: None, quality_best: -inf, coverage_best: (p=0, n=0, P=0, N=0), p_value: 0
2026-04-14 12:03:27,645 - INFO - Regula po iteracji 0: IF  THEN class = {99.33} [-55.06, 253.72], (p=190, n=19, P=190, N=19)
2026-04-14 12:03:27,646 - INFO - *****STOP GROWING RR RULE*****
2026-04-14 12:03:27,646 - INFO - ***RR NOT FOUND***
2026-04-14 12:03:27,660 - INFO - Iteracja 1: condition_best: CACH <= 48.00, quality_best: 0.743, coverage_best: (p=115, n=10, P=130, N=79)
2026-04-14 12:03:27,660 - INFO - Regula po iteracji 1: IF MYCT >= 62.00 AND CACH <= 48.00 THEN class = {38.56} [10.58, 66.54], (p=115, n=10, P=130, N=79)
2026-04-14 12:03:27,660 - INFO - *****GROWING RR RULE*****
2026-04-14 12:03:27,697 - INFO - Iteracja 0: condition_best: None, quality_best: -inf, coverage_best: (p=0, n=0, P=0, N=0), p_value: 0
2026-04-14 12:03:27,697 - INFO - Regula po iteracji 0: IF  THEN class = {99.33} [-55.06, 253.72], (p=190, n=19, P=190, N=19)
2026-04-14 12:03:27,697 - INFO - *****STOP GROWING RR RULE*****
2026-04-14 12:03:27,697 - INFO - ***RR NOT FOUND***
2026-04-14 12:03:27,710 - INFO - Iteracja 2: condition_best: MYCT >= 71.00, quality_best: 0.785, coverage_best: (p=115, n=8, P=129, N=80)
2026-04-14 12:03:27,710 - INFO - Regula po iteracji 2: IF MYCT >= 62.00 AND CACH <= 48.00 AND MYCT >= 71.00 THEN class = {37.54} [10.87, 64.20], (p=115, n=8, P=129, N=80)
2026-04-14 12:03:27,711 - INFO - *****GROWING RR RULE*****
2026-04-14 12:03:27,747 - INFO - Iteracja 0: condition_best: None, quality_best: -inf, coverage_best: (p=0, n=0, P=0, N=0), p_value: 0
2026-04-14 12:03:27,747 - INFO - Regula po iteracji 0: IF  THEN class = {99.33} [-55.06, 253.72], (p=190, n=19, P=190, N=19)
2026-04-14 12:03:27,748 - INFO - *****STOP GROWING RR RULE*****
2026-04-14 12:03:27,748 - INFO - ***RR NOT FOUND***
2026-04-14 12:03:27,760 - INFO - Iteracja 3: condition_best: CHMAX <= 59.00, quality_best: 0.786, coverage_best: (p=111, n=7, P=129, N=80)
2026-04-14 12:03:27,760 - INFO - Regula po iteracji 3: IF MYCT >= 62.00 AND CACH <= 48.00 AND MYCT >= 71.00 AND CHMAX <= 59.00 THEN class = {37.25} [10.25, 64.26], (p=111, n=7, P=129, N=80)
2026-04-14 12:03:27,761 - INFO - *****GROWING RR RULE*****
2026-04-14 12:03:27,798 - INFO - Iteracja 0: condition_best: None, quality_best: -inf, coverage_best: (p=0, n=0, P=0, N=0), p_value: 0
2026-04-14 12:03:27,798 - INFO - Regula po iteracji 0: IF  THEN class = {99.33} [-55.06, 253.72], (p=190, n=19, P=190, N=19)
2026-04-14 12:03:27,798 - INFO - *****STOP GROWING RR RULE*****
2026-04-14 12:03:27,798 - INFO - ***RR NOT FOUND***
2026-04-14 12:03:27,810 - INFO - Iteracja 4: condition_best: MYCT >= 73.50, quality_best: 0.782, coverage_best: (p=110, n=7, P=129, N=80)
2026-04-14 12:03:27,810 - INFO - Regula po iteracji 4: IF MYCT >= 62.00 AND CACH <= 48.00 AND MYCT >= 71.00 AND CHMAX <= 59.00 AND MYCT >= 73.50 THEN class = {37.16} [10.06, 64.26], (p=110, n=7, P=129, N=80)
2026-04-14 12:03:27,811 - INFO - *****GROWING RR RULE*****
2026-04-14 12:03:27,847 - INFO - Iteracja 0: condition_best: None, quality_best: -inf, coverage_best: (p=0, n=0, P=0, N=0), p_value: 0
2026-04-14 12:03:27,847 - INFO - Regula po iteracji 0: IF  THEN class = {99.33} [-55.06, 253.72], (p=190, n=19, P=190, N=19)
2026-04-14 12:03:27,847 - INFO - *****STOP GROWING RR RULE*****
2026-04-14 12:03:27,848 - INFO - ***RR NOT FOUND***
2026-04-14 12:03:27,848 - INFO - *******STOP GROWING CR RULE*******
2026-04-14 12:03:27,848 - INFO - *******GROWING CR RULE*******
2026-04-14 12:03:27,867 - INFO - Iteracja 0: condition_best: MYCT >= 62.00, quality_best: 0.704, coverage_best: (p=122, n=10, P=143, N=66)
2026-04-14 12:03:27,868 - INFO - Regula po iteracji 0: IF MYCT >= 62.00 THEN class = {42.99} [8.54, 77.44], (p=122, n=10, P=143, N=66)
2026-04-14 12:03:27,868 - INFO - *****GROWING RR RULE*****
2026-04-14 12:03:27,904 - INFO - Iteracja 0: condition_best: None, quality_best: -inf, coverage_best: (p=0, n=0, P=0, N=0), p_value: 0
2026-04-14 12:03:27,905 - INFO - Regula po iteracji 0: IF  THEN class = {99.33} [-55.06, 253.72], (p=190, n=19, P=190, N=19)
2026-04-14 12:03:27,905 - INFO - *****STOP GROWING RR RULE*****
2026-04-14 12:03:27,905 - INFO - ***RR NOT FOUND***
2026-04-14 12:03:27,919 - INFO - Iteracja 1: condition_best: MMAX <= 26,485.00, quality_best: 0.705, coverage_best: (p=117, n=12, P=132, N=77)
2026-04-14 12:03:27,919 - INFO - Regula po iteracji 1: IF MYCT >= 62.00 AND MMAX <= 26,485.00 THEN class = {39.83} [12.01, 67.65], (p=117, n=12, P=132, N=77)
2026-04-14 12:03:27,919 - INFO - *****GROWING RR RULE*****
2026-04-14 12:03:27,956 - INFO - Iteracja 0: condition_best: None, quality_best: -inf, coverage_best: (p=0, n=0, P=0, N=0), p_value: 0
2026-04-14 12:03:27,956 - INFO - Regula po iteracji 0: IF  THEN class = {99.33} [-55.06, 253.72], (p=190, n=19, P=190, N=19)
2026-04-14 12:03:27,956 - INFO - *****STOP GROWING RR RULE*****
2026-04-14 12:03:27,956 - INFO - ***RR NOT FOUND***
2026-04-14 12:03:27,970 - INFO - Iteracja 2: condition_best: MMIN >= 80.00, quality_best: 0.7, coverage_best: (p=116, n=12, P=132, N=77)
2026-04-14 12:03:27,970 - INFO - Regula po iteracji 2: IF MYCT >= 62.00 AND MMAX <= 26,485.00 AND MMIN >= 80.00 THEN class = {40.02} [12.18, 67.87], (p=116, n=12, P=132, N=77)
2026-04-14 12:03:27,970 - INFO - *****GROWING RR RULE*****
2026-04-14 12:03:28,007 - INFO - Iteracja 0: condition_best: None, quality_best: -inf, coverage_best: (p=0, n=0, P=0, N=0), p_value: 0
2026-04-14 12:03:28,007 - INFO - Regula po iteracji 0: IF  THEN class = {99.33} [-55.06, 253.72], (p=190, n=19, P=190, N=19)
2026-04-14 12:03:28,007 - INFO - *****STOP GROWING RR RULE*****
2026-04-14 12:03:28,007 - INFO - ***RR NOT FOUND***
2026-04-14 12:03:28,021 - INFO - Iteracja 3: condition_best: MMAX >= 6,100.00, quality_best: 0.697, coverage_best: (p=50, n=5, P=79, N=130)
2026-04-14 12:03:28,021 - INFO - Regula po iteracji 3: IF MYCT >= 62.00 AND MMAX <= 26,485.00 AND MMIN >= 80.00 AND MMAX >= 6,100.00 THEN class = {55.56} [30.39, 80.74], (p=50, n=5, P=79, N=130)
2026-04-14 12:03:28,021 - INFO - *****GROWING RR RULE*****
2026-04-14 12:03:28,060 - INFO - Iteracja 0: condition_best: None, quality_best: -inf, coverage_best: (p=0, n=0, P=0, N=0), p_value: 0
2026-04-14 12:03:28,060 - INFO - Regula po iteracji 0: IF  THEN class = {99.33} [-55.06, 253.72], (p=190, n=19, P=190, N=19)
2026-04-14 12:03:28,060 - INFO - *****STOP GROWING RR RULE*****
2026-04-14 12:03:28,060 - INFO - ***RR NOT FOUND***
2026-04-14 12:03:28,070 - INFO - Iteracja 4: condition_best: CHMIN >= 0.50, quality_best: 0.685, coverage_best: (p=49, n=5, P=80, N=129)
2026-04-14 12:03:28,070 - INFO - Regula po iteracji 4: IF MYCT >= 62.00 AND MMAX <= 26,485.00 AND MMIN >= 80.00 AND MMAX >= 6,100.00 AND CHMIN >= 0.50 THEN class = {55.72} [30.34, 81.10], (p=49, n=5, P=80, N=129)
2026-04-14 12:03:28,071 - INFO - *****GROWING RR RULE*****
2026-04-14 12:03:28,109 - INFO - Iteracja 0: condition_best: None, quality_best: -inf, coverage_best: (p=0, n=0, P=0, N=0), p_value: 0
2026-04-14 12:03:28,109 - INFO - Regula po iteracji 0: IF  THEN class = {99.33} [-55.06, 253.72], (p=190, n=19, P=190, N=19)
2026-04-14 12:03:28,109 - INFO - *****STOP GROWING RR RULE*****
2026-04-14 12:03:28,109 - INFO - ***RR NOT FOUND***
2026-04-14 12:03:28,109 - INFO - *******STOP GROWING CR RULE*******
2026-04-14 12:03:28,110 - INFO - *******GROWING CR RULE*******
2026-04-14 12:03:28,129 - INFO - Iteracja 0: condition_best: MMAX >= 28,000.00, quality_best: 0.69, coverage_best: (p=23, n=4, P=34, N=175)
2026-04-14 12:03:28,129 - INFO - Regula po iteracji 0: IF MMAX >= 28,000.00 THEN class = {398.59} [134.65, 662.53], (p=23, n=4, P=34, N=175)
2026-04-14 12:03:28,129 - INFO - *****GROWING RR RULE*****
2026-04-14 12:03:28,166 - INFO - Iteracja 0: condition_best: None, quality_best: -inf, coverage_best: (p=0, n=0, P=0, N=0), p_value: 0
2026-04-14 12:03:28,166 - INFO - Regula po iteracji 0: IF  THEN class = {99.33} [-55.06, 253.72], (p=190, n=19, P=190, N=19)
2026-04-14 12:03:28,166 - INFO - *****STOP GROWING RR RULE*****
2026-04-14 12:03:28,166 - INFO - ***RR NOT FOUND***
2026-04-14 12:03:28,171 - INFO - Iteracja 1: condition_best: CACH <= 80.00, quality_best: 0.795, coverage_best: (p=18, n=1, P=26, N=183)
2026-04-14 12:03:28,171 - INFO - Regula po iteracji 1: IF MMAX >= 28,000.00 AND CACH <= 80.00 THEN class = {290.26} [164.77, 415.76], (p=18, n=1, P=26, N=183)
2026-04-14 12:03:28,171 - INFO - *****GROWING RR RULE*****
2026-04-14 12:03:28,207 - INFO - Iteracja 0: condition_best: None, quality_best: -inf, coverage_best: (p=0, n=0, P=0, N=0), p_value: 0
2026-04-14 12:03:28,208 - INFO - Regula po iteracji 0: IF  THEN class = {99.33} [-55.06, 253.72], (p=190, n=19, P=190, N=19)
2026-04-14 12:03:28,208 - INFO - *****STOP GROWING RR RULE*****
2026-04-14 12:03:28,208 - INFO - ***RR NOT FOUND***
2026-04-14 12:03:28,211 - INFO - Iteracja 2: condition_best: CHMIN >= 7.00, quality_best: 0.787, coverage_best: (p=14, n=1, P=20, N=189)
2026-04-14 12:03:28,211 - INFO - Regula po iteracji 2: IF MMAX >= 28,000.00 AND CACH <= 80.00 AND CHMIN >= 7.00 THEN class = {319.73} [193.95, 445.52], (p=14, n=1, P=20, N=189)
2026-04-14 12:03:28,211 - INFO - *****GROWING RR RULE*****
2026-04-14 12:03:28,248 - INFO - Iteracja 0: condition_best: None, quality_best: -inf, coverage_best: (p=0, n=0, P=0, N=0), p_value: 0
2026-04-14 12:03:28,248 - INFO - Regula po iteracji 0: IF  THEN class = {99.33} [-55.06, 253.72], (p=190, n=19, P=190, N=19)
2026-04-14 12:03:28,248 - INFO - *****STOP GROWING RR RULE*****
2026-04-14 12:03:28,248 - INFO - ***RR NOT FOUND***
2026-04-14 12:03:28,250 - INFO - Iteracja 3: condition_best: CACH <= 56.00, quality_best: 0.796, coverage_best: (p=4, n=1, P=4, N=205)
2026-04-14 12:03:28,250 - INFO - Regula po iteracji 3: IF MMAX >= 28,000.00 AND CACH <= 80.00 AND CHMIN >= 7.00 AND CACH <= 56.00 THEN class = {241.20} [226.58, 255.82], (p=4, n=1, P=4, N=205)
2026-04-14 12:03:28,251 - INFO - *****GROWING RR RULE*****
2026-04-14 12:03:28,287 - INFO - Iteracja 0: condition_best: None, quality_best: -inf, coverage_best: (p=0, n=0, P=0, N=0), p_value: 0
2026-04-14 12:03:28,287 - INFO - Regula po iteracji 0: IF  THEN class = {99.33} [-55.06, 253.72], (p=190, n=19, P=190, N=19)
2026-04-14 12:03:28,287 - INFO - *****STOP GROWING RR RULE*****
2026-04-14 12:03:28,287 - INFO - ***RR NOT FOUND***
2026-04-14 12:03:28,289 - INFO - Iteracja 4: condition_best: None, quality_best: -inf, coverage_best: (p=0, n=0, P=0, N=0)
2026-04-14 12:03:28,289 - INFO - Regula po iteracji 4: IF MMAX >= 28,000.00 AND CACH <= 80.00 AND CHMIN >= 7.00 AND CACH <= 56.00 THEN class = {241.20} [226.58, 255.82], (p=4, n=1, P=4, N=205)
2026-04-14 12:03:28,289 - INFO - *******STOP GROWING CR RULE*******
2026-04-14 12:03:28,289 - INFO - *******GROWING CR RULE*******
2026-04-14 12:03:28,309 - INFO - Iteracja 0: condition_best: MMAX >= 28,000.00, quality_best: 0.69, coverage_best: (p=23, n=4, P=34, N=175)
2026-04-14 12:03:28,309 - INFO - Regula po iteracji 0: IF MMAX >= 28,000.00 THEN class = {398.59} [134.65, 662.53], (p=23, n=4, P=34, N=175)
2026-04-14 12:03:28,309 - INFO - *****GROWING RR RULE*****
2026-04-14 12:03:28,345 - INFO - Iteracja 0: condition_best: None, quality_best: -inf, coverage_best: (p=0, n=0, P=0, N=0), p_value: 0
2026-04-14 12:03:28,346 - INFO - Regula po iteracji 0: IF  THEN class = {99.33} [-55.06, 253.72], (p=190, n=19, P=190, N=19)
2026-04-14 12:03:28,346 - INFO - *****STOP GROWING RR RULE*****
2026-04-14 12:03:28,346 - INFO - ***RR NOT FOUND***
2026-04-14 12:03:28,350 - INFO - Iteracja 1: condition_best: CACH <= 80.00, quality_best: 0.795, coverage_best: (p=18, n=1, P=26, N=183)
2026-04-14 12:03:28,350 - INFO - Regula po iteracji 1: IF MMAX >= 28,000.00 AND CACH <= 80.00 THEN class = {290.26} [164.77, 415.76], (p=18, n=1, P=26, N=183)
2026-04-14 12:03:28,350 - INFO - *****GROWING RR RULE*****
2026-04-14 12:03:28,386 - INFO - Iteracja 0: condition_best: None, quality_best: -inf, coverage_best: (p=0, n=0, P=0, N=0), p_value: 0
2026-04-14 12:03:28,386 - INFO - Regula po iteracji 0: IF  THEN class = {99.33} [-55.06, 253.72], (p=190, n=19, P=190, N=19)
2026-04-14 12:03:28,386 - INFO - *****STOP GROWING RR RULE*****
2026-04-14 12:03:28,386 - INFO - ***RR NOT FOUND***
2026-04-14 12:03:28,389 - INFO - Iteracja 2: condition_best: CHMIN >= 7.00, quality_best: 0.787, coverage_best: (p=14, n=1, P=20, N=189)
2026-04-14 12:03:28,389 - INFO - Regula po iteracji 2: IF MMAX >= 28,000.00 AND CACH <= 80.00 AND CHMIN >= 7.00 THEN class = {319.73} [193.95, 445.52], (p=14, n=1, P=20, N=189)
2026-04-14 12:03:28,390 - INFO - *****GROWING RR RULE*****
2026-04-14 12:03:28,426 - INFO - Iteracja 0: condition_best: None, quality_best: -inf, coverage_best: (p=0, n=0, P=0, N=0), p_value: 0
2026-04-14 12:03:28,426 - INFO - Regula po iteracji 0: IF  THEN class = {99.33} [-55.06, 253.72], (p=190, n=19, P=190, N=19)
2026-04-14 12:03:28,426 - INFO - *****STOP GROWING RR RULE*****
2026-04-14 12:03:28,426 - INFO - ***RR NOT FOUND***
2026-04-14 12:03:28,428 - INFO - Iteracja 3: condition_best: CACH >= 16.00, quality_best: 0.776, coverage_best: (p=13, n=1, P=19, N=190)
2026-04-14 12:03:28,428 - INFO - Regula po iteracji 3: IF MMAX >= 28,000.00 AND CACH <= 80.00 AND CHMIN >= 7.00 AND CACH >= 16.00 THEN class = {326.86} [199.61, 454.10], (p=13, n=1, P=19, N=190)
2026-04-14 12:03:28,429 - INFO - *****GROWING RR RULE*****
2026-04-14 12:03:28,465 - INFO - Iteracja 0: condition_best: None, quality_best: -inf, coverage_best: (p=0, n=0, P=0, N=0), p_value: 0
2026-04-14 12:03:28,465 - INFO - Regula po iteracji 0: IF  THEN class = {99.33} [-55.06, 253.72], (p=190, n=19, P=190, N=19)
2026-04-14 12:03:28,465 - INFO - *****STOP GROWING RR RULE*****
2026-04-14 12:03:28,465 - INFO - ***RR NOT FOUND***
2026-04-14 12:03:28,467 - INFO - Iteracja 4: condition_best: CHMIN <= 14.00, quality_best: 0.835, coverage_best: (p=8, n=1, P=9, N=200)
2026-04-14 12:03:28,467 - INFO - Regula po iteracji 4: IF MMAX >= 28,000.00 AND CACH <= 80.00 AND CHMIN >= 7.00 AND CACH >= 16.00 AND CHMIN <= 14.00 THEN class = {275.22} [246.41, 304.03], (p=8, n=1, P=9, N=200)
2026-04-14 12:03:28,468 - INFO - *****GROWING RR RULE*****
2026-04-14 12:03:28,504 - INFO - Iteracja 0: condition_best: None, quality_best: -inf, coverage_best: (p=0, n=0, P=0, N=0), p_value: 0
2026-04-14 12:03:28,504 - INFO - Regula po iteracji 0: IF  THEN class = {99.33} [-55.06, 253.72], (p=190, n=19, P=190, N=19)
2026-04-14 12:03:28,504 - INFO - *****STOP GROWING RR RULE*****
2026-04-14 12:03:28,504 - INFO - ***RR NOT FOUND***
2026-04-14 12:03:28,504 - INFO - *******STOP GROWING CR RULE*******
2026-04-14 12:03:28,505 - INFO - *******GROWING CR RULE*******
2026-04-14 12:03:28,524 - INFO - Iteracja 0: condition_best: MMAX >= 28,000.00, quality_best: 0.69, coverage_best: (p=23, n=4, P=34, N=175)
2026-04-14 12:03:28,524 - INFO - Regula po iteracji 0: IF MMAX >= 28,000.00 THEN class = {398.59} [134.65, 662.53], (p=23, n=4, P=34, N=175)
2026-04-14 12:03:28,524 - INFO - *****GROWING RR RULE*****
2026-04-14 12:03:28,561 - INFO - Iteracja 0: condition_best: None, quality_best: -inf, coverage_best: (p=0, n=0, P=0, N=0), p_value: 0
2026-04-14 12:03:28,561 - INFO - Regula po iteracji 0: IF  THEN class = {99.33} [-55.06, 253.72], (p=190, n=19, P=190, N=19)
2026-04-14 12:03:28,561 - INFO - *****STOP GROWING RR RULE*****
2026-04-14 12:03:28,561 - INFO - ***RR NOT FOUND***
2026-04-14 12:03:28,565 - INFO - Iteracja 1: condition_best: CACH <= 80.00, quality_best: 0.795, coverage_best: (p=18, n=1, P=26, N=183)
2026-04-14 12:03:28,565 - INFO - Regula po iteracji 1: IF MMAX >= 28,000.00 AND CACH <= 80.00 THEN class = {290.26} [164.77, 415.76], (p=18, n=1, P=26, N=183)
2026-04-14 12:03:28,565 - INFO - *****GROWING RR RULE*****
2026-04-14 12:03:28,601 - INFO - Iteracja 0: condition_best: None, quality_best: -inf, coverage_best: (p=0, n=0, P=0, N=0), p_value: 0
2026-04-14 12:03:28,602 - INFO - Regula po iteracji 0: IF  THEN class = {99.33} [-55.06, 253.72], (p=190, n=19, P=190, N=19)
2026-04-14 12:03:28,602 - INFO - *****STOP GROWING RR RULE*****
2026-04-14 12:03:28,602 - INFO - ***RR NOT FOUND***
2026-04-14 12:03:28,605 - INFO - Iteracja 2: condition_best: CACH >= 12.00, quality_best: 0.774, coverage_best: (p=17, n=1, P=26, N=183)
2026-04-14 12:03:28,605 - INFO - Regula po iteracji 2: IF MMAX >= 28,000.00 AND CACH <= 80.00 AND CACH >= 12.00 THEN class = {294.17} [166.36, 421.97], (p=17, n=1, P=26, N=183)
2026-04-14 12:03:28,605 - INFO - *****GROWING RR RULE*****
2026-04-14 12:03:28,641 - INFO - Iteracja 0: condition_best: None, quality_best: -inf, coverage_best: (p=0, n=0, P=0, N=0), p_value: 0
2026-04-14 12:03:28,641 - INFO - Regula po iteracji 0: IF  THEN class = {99.33} [-55.06, 253.72], (p=190, n=19, P=190, N=19)
2026-04-14 12:03:28,641 - INFO - *****STOP GROWING RR RULE*****
2026-04-14 12:03:28,641 - INFO - ***RR NOT FOUND***
2026-04-14 12:03:28,644 - INFO - Iteracja 3: condition_best: CHMIN <= 21.00, quality_best: 0.743, coverage_best: (p=16, n=1, P=27, N=182)
2026-04-14 12:03:28,644 - INFO - Regula po iteracji 3: IF MMAX >= 28,000.00 AND CACH <= 80.00 AND CACH >= 12.00 AND CHMIN <= 21.00 THEN class = {298.12} [167.68, 428.56], (p=16, n=1, P=27, N=182)
2026-04-14 12:03:28,645 - INFO - *****GROWING RR RULE*****
2026-04-14 12:03:28,681 - INFO - Iteracja 0: condition_best: None, quality_best: -inf, coverage_best: (p=0, n=0, P=0, N=0), p_value: 0
2026-04-14 12:03:28,681 - INFO - Regula po iteracji 0: IF  THEN class = {99.33} [-55.06, 253.72], (p=190, n=19, P=190, N=19)
2026-04-14 12:03:28,681 - INFO - *****STOP GROWING RR RULE*****
2026-04-14 12:03:28,681 - INFO - ***RR NOT FOUND***
2026-04-14 12:03:28,684 - INFO - Iteracja 4: condition_best: CHMAX >= 18.00, quality_best: 0.722, coverage_best: (p=15, n=1, P=27, N=182)
2026-04-14 12:03:28,684 - INFO - Regula po iteracji 4: IF MMAX >= 28,000.00 AND CACH <= 80.00 AND CACH >= 12.00 AND CHMIN <= 21.00 AND CHMAX >= 18.00 THEN class = {299.56} [165.24, 433.89], (p=15, n=1, P=27, N=182)
2026-04-14 12:03:28,684 - INFO - *****GROWING RR RULE*****
2026-04-14 12:03:28,720 - INFO - Iteracja 0: condition_best: None, quality_best: -inf, coverage_best: (p=0, n=0, P=0, N=0), p_value: 0
2026-04-14 12:03:28,721 - INFO - Regula po iteracji 0: IF  THEN class = {99.33} [-55.06, 253.72], (p=190, n=19, P=190, N=19)
2026-04-14 12:03:28,721 - INFO - *****STOP GROWING RR RULE*****
2026-04-14 12:03:28,721 - INFO - ***RR NOT FOUND***
2026-04-14 12:03:28,721 - INFO - *******STOP GROWING CR RULE*******
2026-04-14 12:03:28,721 - INFO - *******GROWING CR RULE*******
2026-04-14 12:03:28,740 - INFO - Iteracja 0: condition_best: MMAX >= 28,000.00, quality_best: 0.69, coverage_best: (p=23, n=4, P=34, N=175)
2026-04-14 12:03:28,740 - INFO - Regula po iteracji 0: IF MMAX >= 28,000.00 THEN class = {398.59} [134.65, 662.53], (p=23, n=4, P=34, N=175)
2026-04-14 12:03:28,741 - INFO - *****GROWING RR RULE*****
2026-04-14 12:03:28,777 - INFO - Iteracja 0: condition_best: None, quality_best: -inf, coverage_best: (p=0, n=0, P=0, N=0), p_value: 0
2026-04-14 12:03:28,777 - INFO - Regula po iteracji 0: IF  THEN class = {99.33} [-55.06, 253.72], (p=190, n=19, P=190, N=19)
2026-04-14 12:03:28,777 - INFO - *****STOP GROWING RR RULE*****
2026-04-14 12:03:28,777 - INFO - ***RR NOT FOUND***
2026-04-14 12:03:28,781 - INFO - Iteracja 1: condition_best: MMIN <= 24,000.00, quality_best: 0.734, coverage_best: (p=22, n=4, P=28, N=181)
2026-04-14 12:03:28,781 - INFO - Regula po iteracji 1: IF MMAX >= 28,000.00 AND MMIN <= 24,000.00 THEN class = {366.31} [156.06, 576.55], (p=22, n=4, P=28, N=181)
2026-04-14 12:03:28,781 - INFO - *****GROWING RR RULE*****
2026-04-14 12:03:28,819 - INFO - Iteracja 0: condition_best: None, quality_best: -inf, coverage_best: (p=0, n=0, P=0, N=0), p_value: 0
2026-04-14 12:03:28,820 - INFO - Regula po iteracji 0: IF  THEN class = {99.33} [-55.06, 253.72], (p=190, n=19, P=190, N=19)
2026-04-14 12:03:28,820 - INFO - *****STOP GROWING RR RULE*****
2026-04-14 12:03:28,820 - INFO - ***RR NOT FOUND***
2026-04-14 12:03:28,823 - INFO - Iteracja 2: condition_best: CHMIN >= 7.00, quality_best: 0.79, coverage_best: (p=19, n=3, P=22, N=187)
2026-04-14 12:03:28,824 - INFO - Regula po iteracji 2: IF MMAX >= 28,000.00 AND MMIN <= 24,000.00 AND CHMIN >= 7.00 THEN class = {400.23} [188.66, 611.79], (p=19, n=3, P=22, N=187)
2026-04-14 12:03:28,824 - INFO - *****GROWING RR RULE*****
2026-04-14 12:03:28,860 - INFO - Iteracja 0: condition_best: None, quality_best: -inf, coverage_best: (p=0, n=0, P=0, N=0), p_value: 0
2026-04-14 12:03:28,860 - INFO - Regula po iteracji 0: IF  THEN class = {99.33} [-55.06, 253.72], (p=190, n=19, P=190, N=19)
2026-04-14 12:03:28,860 - INFO - *****STOP GROWING RR RULE*****
2026-04-14 12:03:28,861 - INFO - ***RR NOT FOUND***
2026-04-14 12:03:28,864 - INFO - Iteracja 3: condition_best: CHMAX <= 140.00, quality_best: 0.867, coverage_best: (p=18, n=2, P=19, N=190)
2026-04-14 12:03:28,864 - INFO - Regula po iteracji 3: IF MMAX >= 28,000.00 AND MMIN <= 24,000.00 AND CHMIN >= 7.00 AND CHMAX <= 140.00 THEN class = {345.40} [218.59, 472.21], (p=18, n=2, P=19, N=190)
2026-04-14 12:03:28,864 - INFO - *****GROWING RR RULE*****
2026-04-14 12:03:28,902 - INFO - Iteracja 0: condition_best: None, quality_best: -inf, coverage_best: (p=0, n=0, P=0, N=0), p_value: 0
2026-04-14 12:03:28,902 - INFO - Regula po iteracji 0: IF  THEN class = {99.33} [-55.06, 253.72], (p=190, n=19, P=190, N=19)
2026-04-14 12:03:28,902 - INFO - *****STOP GROWING RR RULE*****
2026-04-14 12:03:28,902 - INFO - ***RR NOT FOUND***
2026-04-14 12:03:28,906 - INFO - Iteracja 4: condition_best: CACH >= 16.00, quality_best: 0.86, coverage_best: (p=17, n=2, P=18, N=191)
2026-04-14 12:03:28,906 - INFO - Regula po iteracji 4: IF MMAX >= 28,000.00 AND MMIN <= 24,000.00 AND CHMIN >= 7.00 AND CHMAX <= 140.00 AND CACH >= 16.00 THEN class = {352.00} [225.28, 478.72], (p=17, n=2, P=18, N=191)
2026-04-14 12:03:28,906 - INFO - *****GROWING RR RULE*****
2026-04-14 12:03:28,944 - INFO - Iteracja 0: condition_best: None, quality_best: -inf, coverage_best: (p=0, n=0, P=0, N=0), p_value: 0
2026-04-14 12:03:28,944 - INFO - Regula po iteracji 0: IF  THEN class = {99.33} [-55.06, 253.72], (p=190, n=19, P=190, N=19)
2026-04-14 12:03:28,944 - INFO - *****STOP GROWING RR RULE*****
2026-04-14 12:03:28,944 - INFO - ***RR NOT FOUND***
2026-04-14 12:03:28,944 - INFO - *******STOP GROWING CR RULE*******
2026-04-14 12:03:28,945 - INFO - *******GROWING CR RULE*******
2026-04-14 12:03:28,964 - INFO - Iteracja 0: condition_best: MMAX >= 22,485.00, quality_best: 0.689, coverage_best: (p=27, n=4, P=42, N=167)
2026-04-14 12:03:28,964 - INFO - Regula po iteracji 0: IF MMAX >= 22,485.00 THEN class = {372.52} [116.41, 628.62], (p=27, n=4, P=42, N=167)
2026-04-14 12:03:28,964 - INFO - *****GROWING RR RULE*****
2026-04-14 12:03:29,000 - INFO - Iteracja 0: condition_best: None, quality_best: -inf, coverage_best: (p=0, n=0, P=0, N=0), p_value: 0
2026-04-14 12:03:29,001 - INFO - Regula po iteracji 0: IF  THEN class = {99.33} [-55.06, 253.72], (p=190, n=19, P=190, N=19)
2026-04-14 12:03:29,001 - INFO - *****STOP GROWING RR RULE*****
2026-04-14 12:03:29,001 - INFO - ***RR NOT FOUND***
2026-04-14 12:03:29,005 - INFO - Iteracja 1: condition_best: MMIN <= 24,000.00, quality_best: 0.775, coverage_best: (p=26, n=4, P=31, N=178)
2026-04-14 12:03:29,005 - INFO - Regula po iteracji 1: IF MMAX >= 22,485.00 AND MMIN <= 24,000.00 THEN class = {343.67} [138.79, 548.55], (p=26, n=4, P=31, N=178)
2026-04-14 12:03:29,006 - INFO - *****GROWING RR RULE*****
2026-04-14 12:03:29,042 - INFO - Iteracja 0: condition_best: None, quality_best: -inf, coverage_best: (p=0, n=0, P=0, N=0), p_value: 0
2026-04-14 12:03:29,042 - INFO - Regula po iteracji 0: IF  THEN class = {99.33} [-55.06, 253.72], (p=190, n=19, P=190, N=19)
2026-04-14 12:03:29,042 - INFO - *****STOP GROWING RR RULE*****
2026-04-14 12:03:29,042 - INFO - ***RR NOT FOUND***
2026-04-14 12:03:29,047 - INFO - Iteracja 2: condition_best: CACH <= 208.00, quality_best: 0.784, coverage_best: (p=26, n=3, P=33, N=176)
2026-04-14 12:03:29,047 - INFO - Regula po iteracji 2: IF MMAX >= 22,485.00 AND MMIN <= 24,000.00 AND CACH <= 208.00 THEN class = {334.72} [132.18, 537.27], (p=26, n=3, P=33, N=176)
2026-04-14 12:03:29,047 - INFO - *****GROWING RR RULE*****
2026-04-14 12:03:29,083 - INFO - Iteracja 0: condition_best: None, quality_best: -inf, coverage_best: (p=0, n=0, P=0, N=0), p_value: 0
2026-04-14 12:03:29,083 - INFO - Regula po iteracji 0: IF  THEN class = {99.33} [-55.06, 253.72], (p=190, n=19, P=190, N=19)
2026-04-14 12:03:29,083 - INFO - *****STOP GROWING RR RULE*****
2026-04-14 12:03:29,083 - INFO - ***RR NOT FOUND***
2026-04-14 12:03:29,088 - INFO - Iteracja 3: condition_best: CACH >= 28.00, quality_best: 0.771, coverage_best: (p=24, n=3, P=31, N=178)
2026-04-14 12:03:29,088 - INFO - Regula po iteracji 3: IF MMAX >= 22,485.00 AND MMIN <= 24,000.00 AND CACH <= 208.00 AND CACH >= 28.00 THEN class = {344.63} [138.20, 551.06], (p=24, n=3, P=31, N=178)
2026-04-14 12:03:29,088 - INFO - *****GROWING RR RULE*****
2026-04-14 12:03:29,124 - INFO - Iteracja 0: condition_best: None, quality_best: -inf, coverage_best: (p=0, n=0, P=0, N=0), p_value: 0
2026-04-14 12:03:29,124 - INFO - Regula po iteracji 0: IF  THEN class = {99.33} [-55.06, 253.72], (p=190, n=19, P=190, N=19)
2026-04-14 12:03:29,125 - INFO - *****STOP GROWING RR RULE*****
2026-04-14 12:03:29,125 - INFO - ***RR NOT FOUND***
2026-04-14 12:03:29,129 - INFO - Iteracja 4: condition_best: CACH <= 144.00, quality_best: 0.742, coverage_best: (p=23, n=3, P=32, N=177)
2026-04-14 12:03:29,129 - INFO - Regula po iteracji 4: IF MMAX >= 22,485.00 AND MMIN <= 24,000.00 AND CACH <= 208.00 AND CACH >= 28.00 AND CACH <= 144.00 THEN class = {347.08} [137.10, 557.05], (p=23, n=3, P=32, N=177)
2026-04-14 12:03:29,129 - INFO - *****GROWING RR RULE*****
2026-04-14 12:03:29,166 - INFO - Iteracja 0: condition_best: None, quality_best: -inf, coverage_best: (p=0, n=0, P=0, N=0), p_value: 0
2026-04-14 12:03:29,166 - INFO - Regula po iteracji 0: IF  THEN class = {99.33} [-55.06, 253.72], (p=190, n=19, P=190, N=19)
2026-04-14 12:03:29,166 - INFO - *****STOP GROWING RR RULE*****
2026-04-14 12:03:29,166 - INFO - ***RR NOT FOUND***
2026-04-14 12:03:29,166 - INFO - *******STOP GROWING CR RULE*******
2026-04-14 12:03:29,166 - INFO - *******GROWING CR RULE*******
2026-04-14 12:03:29,185 - INFO - Iteracja 0: condition_best: MMIN <= 3,550.00, quality_best: 0.685, coverage_best: (p=144, n=12, P=154, N=55)
2026-04-14 12:03:29,185 - INFO - Regula po iteracji 0: IF MMIN <= 3,550.00 THEN class = {48.26} [4.57, 91.96], (p=144, n=12, P=154, N=55)
2026-04-14 12:03:29,186 - INFO - *****GROWING RR RULE*****
2026-04-14 12:03:29,222 - INFO - Iteracja 0: condition_best: None, quality_best: -inf, coverage_best: (p=0, n=0, P=0, N=0), p_value: 0
2026-04-14 12:03:29,222 - INFO - Regula po iteracji 0: IF  THEN class = {99.33} [-55.06, 253.72], (p=190, n=19, P=190, N=19)
2026-04-14 12:03:29,222 - INFO - *****STOP GROWING RR RULE*****
2026-04-14 12:03:29,222 - INFO - ***RR NOT FOUND***
2026-04-14 12:03:29,238 - INFO - Iteracja 1: condition_best: CACH <= 129.50, quality_best: 0.751, coverage_best: (p=144, n=9, P=154, N=55)
2026-04-14 12:03:29,238 - INFO - Regula po iteracji 1: IF MMIN <= 3,550.00 AND CACH <= 129.50 THEN class = {46.58} [4.65, 88.50], (p=144, n=9, P=154, N=55)
2026-04-14 12:03:29,238 - INFO - *****GROWING RR RULE*****
2026-04-14 12:03:29,275 - INFO - Iteracja 0: condition_best: None, quality_best: -inf, coverage_best: (p=0, n=0, P=0, N=0), p_value: 0
2026-04-14 12:03:29,275 - INFO - Regula po iteracji 0: IF  THEN class = {99.33} [-55.06, 253.72], (p=190, n=19, P=190, N=19)
2026-04-14 12:03:29,275 - INFO - *****STOP GROWING RR RULE*****
2026-04-14 12:03:29,275 - INFO - ***RR NOT FOUND***
2026-04-14 12:03:29,290 - INFO - Iteracja 2: condition_best: MMIN >= 80.00, quality_best: 0.747, coverage_best: (p=143, n=9, P=154, N=55)
2026-04-14 12:03:29,290 - INFO - Regula po iteracji 2: IF MMIN <= 3,550.00 AND CACH <= 129.50 AND MMIN >= 80.00 THEN class = {46.78} [4.80, 88.77], (p=143, n=9, P=154, N=55)
2026-04-14 12:03:29,291 - INFO - *****GROWING RR RULE*****
2026-04-14 12:03:29,327 - INFO - Iteracja 0: condition_best: None, quality_best: -inf, coverage_best: (p=0, n=0, P=0, N=0), p_value: 0
2026-04-14 12:03:29,327 - INFO - Regula po iteracji 0: IF  THEN class = {99.33} [-55.06, 253.72], (p=190, n=19, P=190, N=19)
2026-04-14 12:03:29,327 - INFO - *****STOP GROWING RR RULE*****
2026-04-14 12:03:29,328 - INFO - ***RR NOT FOUND***
2026-04-14 12:03:29,342 - INFO - Iteracja 3: condition_best: MMIN >= 112.00, quality_best: 0.743, coverage_best: (p=142, n=9, P=154, N=55)
2026-04-14 12:03:29,342 - INFO - Regula po iteracji 3: IF MMIN <= 3,550.00 AND CACH <= 129.50 AND MMIN >= 80.00 AND MMIN >= 112.00 THEN class = {46.99} [4.95, 89.04], (p=142, n=9, P=154, N=55)
2026-04-14 12:03:29,343 - INFO - *****GROWING RR RULE*****
2026-04-14 12:03:29,379 - INFO - Iteracja 0: condition_best: None, quality_best: -inf, coverage_best: (p=0, n=0, P=0, N=0), p_value: 0
2026-04-14 12:03:29,379 - INFO - Regula po iteracji 0: IF  THEN class = {99.33} [-55.06, 253.72], (p=190, n=19, P=190, N=19)
2026-04-14 12:03:29,379 - INFO - *****STOP GROWING RR RULE*****
2026-04-14 12:03:29,379 - INFO - ***RR NOT FOUND***
2026-04-14 12:03:29,394 - INFO - Iteracja 4: condition_best: MMIN >= 160.00, quality_best: 0.739, coverage_best: (p=141, n=9, P=154, N=55)
2026-04-14 12:03:29,394 - INFO - Regula po iteracji 4: IF MMIN <= 3,550.00 AND CACH <= 129.50 AND MMIN >= 80.00 AND MMIN >= 112.00 AND MMIN >= 160.00 THEN class = {47.12} [4.97, 89.27], (p=141, n=9, P=154, N=55)
2026-04-14 12:03:29,395 - INFO - *****GROWING RR RULE*****
2026-04-14 12:03:29,431 - INFO - Iteracja 0: condition_best: None, quality_best: -inf, coverage_best: (p=0, n=0, P=0, N=0), p_value: 0
2026-04-14 12:03:29,431 - INFO - Regula po iteracji 0: IF  THEN class = {99.33} [-55.06, 253.72], (p=190, n=19, P=190, N=19)
2026-04-14 12:03:29,432 - INFO - *****STOP GROWING RR RULE*****
2026-04-14 12:03:29,432 - INFO - ***RR NOT FOUND***
2026-04-14 12:03:29,432 - INFO - *******STOP GROWING CR RULE*******
2026-04-14 12:03:29,432 - INFO - *******GROWING CR RULE*******
2026-04-14 12:03:29,451 - INFO - Iteracja 0: condition_best: CACH <= 10.50, quality_best: 0.677, coverage_best: (p=108, n=13, P=126, N=83)
2026-04-14 12:03:29,451 - INFO - Regula po iteracji 0: IF CACH <= 10.50 THEN class = {36.02} [11.74, 60.31], (p=108, n=13, P=126, N=83)
2026-04-14 12:03:29,451 - INFO - *****GROWING RR RULE*****
2026-04-14 12:03:29,488 - INFO - Iteracja 0: condition_best: None, quality_best: -inf, coverage_best: (p=0, n=0, P=0, N=0), p_value: 0
2026-04-14 12:03:29,488 - INFO - Regula po iteracji 0: IF  THEN class = {99.33} [-55.06, 253.72], (p=190, n=19, P=190, N=19)
2026-04-14 12:03:29,488 - INFO - *****STOP GROWING RR RULE*****
2026-04-14 12:03:29,488 - INFO - ***RR NOT FOUND***
2026-04-14 12:03:29,501 - INFO - Iteracja 1: condition_best: CHMAX <= 88.00, quality_best: 0.69, coverage_best: (p=107, n=12, P=126, N=83)
2026-04-14 12:03:29,501 - INFO - Regula po iteracji 1: IF CACH <= 10.50 AND CHMAX <= 88.00 THEN class = {35.74} [11.49, 59.99], (p=107, n=12, P=126, N=83)
2026-04-14 12:03:29,501 - INFO - *****GROWING RR RULE*****
2026-04-14 12:03:29,538 - INFO - Iteracja 0: condition_best: None, quality_best: -inf, coverage_best: (p=0, n=0, P=0, N=0), p_value: 0
2026-04-14 12:03:29,538 - INFO - Regula po iteracji 0: IF  THEN class = {99.33} [-55.06, 253.72], (p=190, n=19, P=190, N=19)
2026-04-14 12:03:29,538 - INFO - *****STOP GROWING RR RULE*****
2026-04-14 12:03:29,538 - INFO - ***RR NOT FOUND***
2026-04-14 12:03:29,550 - INFO - Iteracja 2: condition_best: MMIN >= 80.00, quality_best: 0.685, coverage_best: (p=106, n=12, P=126, N=83)
2026-04-14 12:03:29,550 - INFO - Regula po iteracji 2: IF CACH <= 10.50 AND CHMAX <= 88.00 AND MMIN >= 80.00 THEN class = {35.92} [11.64, 60.19], (p=106, n=12, P=126, N=83)
2026-04-14 12:03:29,551 - INFO - *****GROWING RR RULE*****
2026-04-14 12:03:29,587 - INFO - Iteracja 0: condition_best: None, quality_best: -inf, coverage_best: (p=0, n=0, P=0, N=0), p_value: 0
2026-04-14 12:03:29,587 - INFO - Regula po iteracji 0: IF  THEN class = {99.33} [-55.06, 253.72], (p=190, n=19, P=190, N=19)
2026-04-14 12:03:29,588 - INFO - *****STOP GROWING RR RULE*****
2026-04-14 12:03:29,588 - INFO - ***RR NOT FOUND***
2026-04-14 12:03:29,600 - INFO - Iteracja 3: condition_best: MMIN >= 112.00, quality_best: 0.68, coverage_best: (p=105, n=12, P=126, N=83)
2026-04-14 12:03:29,600 - INFO - Regula po iteracji 3: IF CACH <= 10.50 AND CHMAX <= 88.00 AND MMIN >= 80.00 AND MMIN >= 112.00 THEN class = {36.09} [11.79, 60.40], (p=105, n=12, P=126, N=83)
2026-04-14 12:03:29,600 - INFO - *****GROWING RR RULE*****
2026-04-14 12:03:29,637 - INFO - Iteracja 0: condition_best: None, quality_best: -inf, coverage_best: (p=0, n=0, P=0, N=0), p_value: 0
2026-04-14 12:03:29,637 - INFO - Regula po iteracji 0: IF  THEN class = {99.33} [-55.06, 253.72], (p=190, n=19, P=190, N=19)
2026-04-14 12:03:29,637 - INFO - *****STOP GROWING RR RULE*****
2026-04-14 12:03:29,637 - INFO - ***RR NOT FOUND***
2026-04-14 12:03:29,649 - INFO - Iteracja 4: condition_best: MMIN >= 160.00, quality_best: 0.675, coverage_best: (p=104, n=12, P=126, N=83)
2026-04-14 12:03:29,649 - INFO - Regula po iteracji 4: IF CACH <= 10.50 AND CHMAX <= 88.00 AND MMIN >= 80.00 AND MMIN >= 112.00 AND MMIN >= 160.00 THEN class = {36.16} [11.77, 60.56], (p=104, n=12, P=126, N=83)
2026-04-14 12:03:29,649 - INFO - *****GROWING RR RULE*****
2026-04-14 12:03:29,686 - INFO - Iteracja 0: condition_best: None, quality_best: -inf, coverage_best: (p=0, n=0, P=0, N=0), p_value: 0
2026-04-14 12:03:29,686 - INFO - Regula po iteracji 0: IF  THEN class = {99.33} [-55.06, 253.72], (p=190, n=19, P=190, N=19)
2026-04-14 12:03:29,686 - INFO - *****STOP GROWING RR RULE*****
2026-04-14 12:03:29,686 - INFO - ***RR NOT FOUND***
2026-04-14 12:03:29,686 - INFO - *******STOP GROWING CR RULE*******
2026-04-14 12:03:29,687 - INFO - *******GROWING CR RULE*******
2026-04-14 12:03:29,706 - INFO - Iteracja 0: condition_best: CHMIN <= 4.50, quality_best: 0.643, coverage_best: (p=129, n=12, P=151, N=58)
2026-04-14 12:03:29,706 - INFO - Regula po iteracji 0: IF CHMIN <= 4.50 THEN class = {46.81} [8.94, 84.68], (p=129, n=12, P=151, N=58)
2026-04-14 12:03:29,706 - INFO - *****GROWING RR RULE*****
2026-04-14 12:03:29,743 - INFO - Iteracja 0: condition_best: None, quality_best: -inf, coverage_best: (p=0, n=0, P=0, N=0), p_value: 0
2026-04-14 12:03:29,743 - INFO - Regula po iteracji 0: IF  THEN class = {99.33} [-55.06, 253.72], (p=190, n=19, P=190, N=19)
2026-04-14 12:03:29,743 - INFO - *****STOP GROWING RR RULE*****
2026-04-14 12:03:29,743 - INFO - ***RR NOT FOUND***
2026-04-14 12:03:29,756 - INFO - Iteracja 1: condition_best: MMAX <= 28,000.00, quality_best: 0.658, coverage_best: (p=125, n=13, P=143, N=66)
2026-04-14 12:03:29,756 - INFO - Regula po iteracji 1: IF CHMIN <= 4.50 AND MMAX <= 28,000.00 THEN class = {43.93} [11.12, 76.75], (p=125, n=13, P=143, N=66)
2026-04-14 12:03:29,756 - INFO - *****GROWING RR RULE*****
2026-04-14 12:03:29,793 - INFO - Iteracja 0: condition_best: None, quality_best: -inf, coverage_best: (p=0, n=0, P=0, N=0), p_value: 0
2026-04-14 12:03:29,793 - INFO - Regula po iteracji 0: IF  THEN class = {99.33} [-55.06, 253.72], (p=190, n=19, P=190, N=19)
2026-04-14 12:03:29,793 - INFO - *****STOP GROWING RR RULE*****
2026-04-14 12:03:29,793 - INFO - ***RR NOT FOUND***
2026-04-14 12:03:29,806 - INFO - Iteracja 2: condition_best: MMIN >= 80.00, quality_best: 0.653, coverage_best: (p=124, n=13, P=143, N=66)
2026-04-14 12:03:29,806 - INFO - Regula po iteracji 2: IF CHMIN <= 4.50 AND MMAX <= 28,000.00 AND MMIN >= 80.00 THEN class = {44.15} [11.30, 76.99], (p=124, n=13, P=143, N=66)
2026-04-14 12:03:29,806 - INFO - *****GROWING RR RULE*****
2026-04-14 12:03:29,843 - INFO - Iteracja 0: condition_best: None, quality_best: -inf, coverage_best: (p=0, n=0, P=0, N=0), p_value: 0
2026-04-14 12:03:29,843 - INFO - Regula po iteracji 0: IF  THEN class = {99.33} [-55.06, 253.72], (p=190, n=19, P=190, N=19)
2026-04-14 12:03:29,843 - INFO - *****STOP GROWING RR RULE*****
2026-04-14 12:03:29,843 - INFO - ***RR NOT FOUND***
2026-04-14 12:03:29,855 - INFO - Iteracja 3: condition_best: CHMIN >= 0.50, quality_best: 0.649, coverage_best: (p=120, n=12, P=144, N=65)
2026-04-14 12:03:29,855 - INFO - Regula po iteracji 3: IF CHMIN <= 4.50 AND MMAX <= 28,000.00 AND MMIN >= 80.00 AND CHMIN >= 0.50 THEN class = {44.83} [11.64, 78.03], (p=120, n=12, P=144, N=65)
2026-04-14 12:03:29,856 - INFO - *****GROWING RR RULE*****
2026-04-14 12:03:29,893 - INFO - Iteracja 0: condition_best: None, quality_best: -inf, coverage_best: (p=0, n=0, P=0, N=0), p_value: 0
2026-04-14 12:03:29,893 - INFO - Regula po iteracji 0: IF  THEN class = {99.33} [-55.06, 253.72], (p=190, n=19, P=190, N=19)
2026-04-14 12:03:29,893 - INFO - *****STOP GROWING RR RULE*****
2026-04-14 12:03:29,893 - INFO - ***RR NOT FOUND***
2026-04-14 12:03:29,905 - INFO - Iteracja 4: condition_best: MMAX >= 5,500.00, quality_best: 0.65, coverage_best: (p=65, n=6, P=111, N=98)
2026-04-14 12:03:29,905 - INFO - Regula po iteracji 4: IF CHMIN <= 4.50 AND MMAX <= 28,000.00 AND MMIN >= 80.00 AND CHMIN >= 0.50 AND MMAX >= 5,500.00 THEN class = {62.25} [25.17, 99.34], (p=65, n=6, P=111, N=98)
2026-04-14 12:03:29,906 - INFO - *****GROWING RR RULE*****
2026-04-14 12:03:29,942 - INFO - Iteracja 0: condition_best: None, quality_best: -inf, coverage_best: (p=0, n=0, P=0, N=0), p_value: 0
2026-04-14 12:03:29,942 - INFO - Regula po iteracji 0: IF  THEN class = {99.33} [-55.06, 253.72], (p=190, n=19, P=190, N=19)
2026-04-14 12:03:29,942 - INFO - *****STOP GROWING RR RULE*****
2026-04-14 12:03:29,942 - INFO - ***RR NOT FOUND***
2026-04-14 12:03:29,942 - INFO - *******STOP GROWING CR RULE*******
2026-04-14 12:03:29,943 - INFO - *******GROWING CR RULE*******
2026-04-14 12:03:29,961 - INFO - Iteracja 0: condition_best: MMIN >= 5,120.00, quality_best: 0.608, coverage_best: (p=26, n=4, P=54, N=155)
2026-04-14 12:03:29,962 - INFO - Regula po iteracji 0: IF MMIN >= 5,120.00 THEN class = {354.77} [82.56, 626.98], (p=26, n=4, P=54, N=155)
2026-04-14 12:03:29,962 - INFO - *****GROWING RR RULE*****
2026-04-14 12:03:30,010 - INFO - Iteracja 0: condition_best: None, quality_best: -inf, coverage_best: (p=0, n=0, P=0, N=0), p_value: 0
2026-04-14 12:03:30,010 - INFO - Regula po iteracji 0: IF  THEN class = {99.33} [-55.06, 253.72], (p=190, n=19, P=190, N=19)
2026-04-14 12:03:30,010 - INFO - *****STOP GROWING RR RULE*****
2026-04-14 12:03:30,010 - INFO - ***RR NOT FOUND***
2026-04-14 12:03:30,014 - INFO - Iteracja 1: condition_best: CHMAX <= 120.00, quality_best: 0.63, coverage_best: (p=25, n=3, P=53, N=156)
2026-04-14 12:03:30,014 - INFO - Regula po iteracji 1: IF MMIN >= 5,120.00 AND CHMAX <= 120.00 THEN class = {312.36} [83.55, 541.16], (p=25, n=3, P=53, N=156)
2026-04-14 12:03:30,015 - INFO - *****GROWING RR RULE*****
2026-04-14 12:03:30,059 - INFO - Iteracja 0: condition_best: None, quality_best: -inf, coverage_best: (p=0, n=0, P=0, N=0), p_value: 0
2026-04-14 12:03:30,059 - INFO - Regula po iteracji 0: IF  THEN class = {99.33} [-55.06, 253.72], (p=190, n=19, P=190, N=19)
2026-04-14 12:03:30,059 - INFO - *****STOP GROWING RR RULE*****
2026-04-14 12:03:30,059 - INFO - ***RR NOT FOUND***
2026-04-14 12:03:30,063 - INFO - Iteracja 2: condition_best: MYCT <= 61.50, quality_best: 0.632, coverage_best: (p=24, n=3, P=50, N=159)
2026-04-14 12:03:30,063 - INFO - Regula po iteracji 2: IF MMIN >= 5,120.00 AND CHMAX <= 120.00 AND MYCT <= 61.50 THEN class = {318.89} [88.46, 549.31], (p=24, n=3, P=50, N=159)
2026-04-14 12:03:30,064 - INFO - *****GROWING RR RULE*****
2026-04-14 12:03:30,108 - INFO - Iteracja 0: condition_best: None, quality_best: -inf, coverage_best: (p=0, n=0, P=0, N=0), p_value: 0
2026-04-14 12:03:30,108 - INFO - Regula po iteracji 0: IF  THEN class = {99.33} [-55.06, 253.72], (p=190, n=19, P=190, N=19)
2026-04-14 12:03:30,108 - INFO - *****STOP GROWING RR RULE*****
2026-04-14 12:03:30,108 - INFO - ***RR NOT FOUND***
2026-04-14 12:03:30,112 - INFO - Iteracja 3: condition_best: CACH <= 208.00, quality_best: 0.635, coverage_best: (p=24, n=2, P=57, N=152)
2026-04-14 12:03:30,112 - INFO - Regula po iteracji 3: IF MMIN >= 5,120.00 AND CHMAX <= 120.00 AND MYCT <= 61.50 AND CACH <= 208.00 THEN class = {307.96} [80.12, 535.81], (p=24, n=2, P=57, N=152)
2026-04-14 12:03:30,113 - INFO - *****GROWING RR RULE*****
2026-04-14 12:03:30,157 - INFO - Iteracja 0: condition_best: None, quality_best: -inf, coverage_best: (p=0, n=0, P=0, N=0), p_value: 0
2026-04-14 12:03:30,157 - INFO - Regula po iteracji 0: IF  THEN class = {99.33} [-55.06, 253.72], (p=190, n=19, P=190, N=19)
2026-04-14 12:03:30,157 - INFO - *****STOP GROWING RR RULE*****
2026-04-14 12:03:30,157 - INFO - ***RR NOT FOUND***
2026-04-14 12:03:30,161 - INFO - Iteracja 4: condition_best: CHMIN >= 2.50, quality_best: 0.64, coverage_best: (p=23, n=2, P=53, N=156)
2026-04-14 12:03:30,161 - INFO - Regula po iteracji 4: IF MMIN >= 5,120.00 AND CHMAX <= 120.00 AND MYCT <= 61.50 AND CACH <= 208.00 AND CHMIN >= 2.50 THEN class = {315.16} [85.72, 544.60], (p=23, n=2, P=53, N=156)
2026-04-14 12:03:30,162 - INFO - *****GROWING RR RULE*****
2026-04-14 12:03:30,206 - INFO - Iteracja 0: condition_best: None, quality_best: -inf, coverage_best: (p=0, n=0, P=0, N=0), p_value: 0
2026-04-14 12:03:30,206 - INFO - Regula po iteracji 0: IF  THEN class = {99.33} [-55.06, 253.72], (p=190, n=19, P=190, N=19)
2026-04-14 12:03:30,206 - INFO - *****STOP GROWING RR RULE*****
2026-04-14 12:03:30,206 - INFO - ***RR NOT FOUND***
2026-04-14 12:03:30,207 - INFO - *******STOP GROWING CR RULE*******
2026-04-14 12:03:30,207 - INFO - *******GROWING CR RULE*******
2026-04-14 12:03:30,225 - INFO - Iteracja 0: condition_best: MMIN <= 112.00, quality_best: 1.0, coverage_best: (p=2, n=0, P=2, N=207)
2026-04-14 12:03:30,226 - INFO - Regula po iteracji 0: IF MMIN <= 112.00 THEN class = {15.00} [15.00, 15.00], (p=2, n=0, P=2, N=207)
2026-04-14 12:03:30,226 - INFO - *****GROWING RR RULE*****
2026-04-14 12:03:30,262 - INFO - Iteracja 0: condition_best: None, quality_best: -inf, coverage_best: (p=0, n=0, P=0, N=0), p_value: 0
2026-04-14 12:03:30,262 - INFO - Regula po iteracji 0: IF  THEN class = {99.33} [-55.06, 253.72], (p=190, n=19, P=190, N=19)
2026-04-14 12:03:30,262 - INFO - *****STOP GROWING RR RULE*****
2026-04-14 12:03:30,262 - INFO - ***RR NOT FOUND***
2026-04-14 12:03:30,263 - INFO - Iteracja 1: condition_best: vendor = {bti}, quality_best: 0.75, coverage_best: (p=1, n=0, P=2, N=207)
2026-04-14 12:03:30,263 - INFO - Regula po iteracji 1: IF MMIN <= 112.00 AND vendor = {bti} THEN class = {15.00} [15.00, 15.00], (p=1, n=0, P=2, N=207)
2026-04-14 12:03:30,264 - INFO - *****GROWING RR RULE*****
2026-04-14 12:03:30,300 - INFO - Iteracja 0: condition_best: None, quality_best: -inf, coverage_best: (p=0, n=0, P=0, N=0), p_value: 0
2026-04-14 12:03:30,300 - INFO - Regula po iteracji 0: IF  THEN class = {99.33} [-55.06, 253.72], (p=190, n=19, P=190, N=19)
2026-04-14 12:03:30,300 - INFO - *****STOP GROWING RR RULE*****
2026-04-14 12:03:30,300 - INFO - ***RR NOT FOUND***
2026-04-14 12:03:30,301 - INFO - Iteracja 2: condition_best: None, quality_best: -inf, coverage_best: (p=0, n=0, P=0, N=0)
2026-04-14 12:03:30,301 - INFO - Regula po iteracji 2: IF MMIN <= 112.00 AND vendor = {bti} THEN class = {15.00} [15.00, 15.00], (p=1, n=0, P=2, N=207)
2026-04-14 12:03:30,301 - INFO - *******STOP GROWING CR RULE*******
2026-04-14 12:03:30,307 - INFO - ************************Finished experiment for cpu.arff with algorithm************************
2026-04-14 12:03:30,307 - INFO - *************************************************************************************************************************
2026-04-14 12:03:30,307 - INFO - *************************************************************************************************************************
2026-04-14 12:03:30,307 - INFO - *************************************************************************************************************************
